========================================================================================================================= FAILURES =========================================================================================================================
_______________________________________________________ test_semantics[/home/greg/dev/nethermind/warp/tests/semantic/solidity/test/libsolidity/semanticTests/interface_inheritance_conversions.sol] ________________________________________________________
tests/semantic/test_semantics.py:126: in test_semantics
    contract_file, get_last_contract(contract_file)
../../../warp_dev/lib/python3.7/site-packages/sol_warp-0.2.12-py3.7.egg/yul/main.py:53: in transpile_from_solidity
    codes = json.loads(result.stdout)
/usr/lib/python3.7/json/__init__.py:348: in loads
    return _default_decoder.decode(s)
/usr/lib/python3.7/json/decoder.py:337: in decode
    obj, end = self.raw_decode(s, idx=_w(s, 0).end())
/usr/lib/python3.7/json/decoder.py:355: in raw_decode
    raise JSONDecodeError("Expecting value", s, err.value) from None
E   json.decoder.JSONDecodeError: Expecting value: line 1 column 1 (char 0)
------------------------------------------------------------------------------------------------------------------- Captured stderr call -------------------------------------------------------------------------------------------------------------------
Warning: SPDX license identifier not provided in source file. Before publishing, consider adding a comment containing "SPDX-License-Identifier: <SPDX-License>" to each source file. Use "SPDX-License-Identifier: UNLICENSED" for non-open-source code. Please see https://spdx.org for more information.
--> tests/semantic/solidity/test/libsolidity/semanticTests/empty_contract_marked.sol

Warning: SPDX license identifier not provided in source file. Before publishing, consider adding a comment containing "SPDX-License-Identifier: <SPDX-License>" to each source file. Use "SPDX-License-Identifier: UNLICENSED" for non-open-source code. Please see https://spdx.org for more information.
--> tests/semantic/solidity/test/libsolidity/semanticTests/interface_inheritance_conversions_marked.sol

Warning: Function state mutability can be restricted to pure
  --> tests/semantic/solidity/test/libsolidity/semanticTests/interface_inheritance_conversions_marked.sol:12:5:
   |
12 |     function parentFun() override external returns (uint256) { return 1; }
   |     ^^^^^^^^^^^^^^^^^^^^^^^^^^^^^^^^^^^^^^^^^^^^^^^^^^^^^^^^^^^^^^^^^^^^^^

Warning: Function state mutability can be restricted to pure
  --> tests/semantic/solidity/test/libsolidity/semanticTests/interface_inheritance_conversions_marked.sol:13:5:
   |
13 |     function subAFun() override external returns (uint256) { return 2; }
   |     ^^^^^^^^^^^^^^^^^^^^^^^^^^^^^^^^^^^^^^^^^^^^^^^^^^^^^^^^^^^^^^^^^^^^

Warning: Function state mutability can be restricted to pure
  --> tests/semantic/solidity/test/libsolidity/semanticTests/interface_inheritance_conversions_marked.sol:14:5:
   |
14 |     function subBFun() override external returns (uint256) { return 3; }
   |     ^^^^^^^^^^^^^^^^^^^^^^^^^^^^^^^^^^^^^^^^^^^^^^^^^^^^^^^^^^^^^^^^^^^^

Warning: SPDX license identifier not provided in source file. Before publishing, consider adding a comment containing "SPDX-License-Identifier: <SPDX-License>" to each source file. Use "SPDX-License-Identifier: UNLICENSED" for non-open-source code. Please see https://spdx.org for more information.
--> tests/semantic/solidity/test/libsolidity/semanticTests/empty_for_loop_marked.sol

Warning: Function state mutability can be restricted to pure
 --> tests/semantic/solidity/test/libsolidity/semanticTests/empty_for_loop_marked.sol:3:5:
  |
3 |     function f() public returns(uint ret) {
  |     ^ (Relevant source part starts here and spans across multiple lines).

Warning: SPDX license identifier not provided in source file. Before publishing, consider adding a comment containing "SPDX-License-Identifier: <SPDX-License>" to each source file. Use "SPDX-License-Identifier: UNLICENSED" for non-open-source code. Please see https://spdx.org for more information.
--> tests/semantic/solidity/test/libsolidity/semanticTests/constructor_with_params_diamond_inheritance_marked.sol

----------------------------------------------------------------------------------------------------------------- Captured stderr teardown -----------------------------------------------------------------------------------------------------------------
Warning: SPDX license identifier not provided in source file. Before publishing, consider adding a comment containing "SPDX-License-Identifier: <SPDX-License>" to each source file. Use "SPDX-License-Identifier: UNLICENSED" for non-open-source code. Please see https://spdx.org for more information.
--> tests/semantic/solidity/test/libsolidity/semanticTests/dirty_calldata_dynamic_array_marked.sol

Warning: Function state mutability can be restricted to pure
 --> tests/semantic/solidity/test/libsolidity/semanticTests/dirty_calldata_dynamic_array_marked.sol:3:5:
  |
3 |     function f(int16[] calldata a) external returns (bool correct) {
  |     ^ (Relevant source part starts here and spans across multiple lines).

Warning: SPDX license identifier not provided in source file. Before publishing, consider adding a comment containing "SPDX-License-Identifier: <SPDX-License>" to each source file. Use "SPDX-License-Identifier: UNLICENSED" for non-open-source code. Please see https://spdx.org for more information.
--> tests/semantic/solidity/test/libsolidity/semanticTests/state_variables_init_order_marked.sol

Warning: SPDX license identifier not provided in source file. Before publishing, consider adding a comment containing "SPDX-License-Identifier: <SPDX-License>" to each source file. Use "SPDX-License-Identifier: UNLICENSED" for non-open-source code. Please see https://spdx.org for more information.
--> tests/semantic/solidity/test/libsolidity/semanticTests/constructor_inheritance_init_order_marked.sol

Warning: Function state mutability can be restricted to view
 --> tests/semantic/solidity/test/libsolidity/semanticTests/constructor_inheritance_init_order_marked.sol:7:5:
  |
7 |     function f() public returns(uint256) {
  |     ^ (Relevant source part starts here and spans across multiple lines).

Warning: SPDX license identifier not provided in source file. Before publishing, consider adding a comment containing "SPDX-License-Identifier: <SPDX-License>" to each source file. Use "SPDX-License-Identifier: UNLICENSED" for non-open-source code. Please see https://spdx.org for more information.
--> Warningtests/semantic/solidity/test/libsolidity/semanticTests/integer/small_signed_types_marked.sol
: 
SPDX license identifier not provided in source file. Before publishing, consider adding a comment containing "SPDX-License-Identifier: <SPDX-License>" to each source file. Use "SPDX-License-Identifier: UNLICENSED" for non-open-source code. Please see https://spdx.org for more information.
Warning-->: Warning Function state mutability can be restricted to puretests/semantic/solidity/test/libsolidity/semanticTests/constructor_with_params_inheritance_marked.sol: 

SPDX license identifier not provided in source file. Before publishing, consider adding a comment containing "SPDX-License-Identifier: <SPDX-License>" to each source file. Use "SPDX-License-Identifier: UNLICENSED" for non-open-source code. Please see https://spdx.org for more information. 

-->-->  tests/semantic/solidity/test/libsolidity/semanticTests/integer/small_signed_types_marked.soltests/semantic/solidity/test/libsolidity/semanticTests/constructor_inheritance_init_order_2_marked.solWarning:
3: 
:SPDX license identifier not provided in source file. Before publishing, consider adding a comment containing "SPDX-License-Identifier: <SPDX-License>" to each source file. Use "SPDX-License-Identifier: UNLICENSED" for non-open-source code. Please see https://spdx.org for more information.Warning
5: -->:
Function state mutability can be restricted to view  
tests/semantic/solidity/test/libsolidity/semanticTests/state_var_initialization_marked.sol  
|-->

 3tests/semantic/solidity/test/libsolidity/semanticTests/constructor_inheritance_init_order_2_marked.sol |: 4    :function run() public returns(int256 y) {
5 :
  |  |    
^ (Relevant source part starts here and spans across multiple lines).4
 |
     function f() public returns(uint256) {
  |     ^ (Relevant source part starts here and spans across multiple lines).

Warning: SPDX license identifier not provided in source file. Before publishing, consider adding a comment containing "SPDX-License-Identifier: <SPDX-License>" to each source file. Use "SPDX-License-Identifier: UNLICENSED" for non-open-source code. Please see https://spdx.org for more information.
--> tests/semantic/solidity/test/libsolidity/semanticTests/dirty_calldata_bytes_marked.sol

Warning: Function state mutability can be restricted to pure
 --> tests/semantic/solidity/test/libsolidity/semanticTests/dirty_calldata_bytes_marked.sol:3:5:
  |
Warning3 |:  SPDX license identifier not provided in source file. Before publishing, consider adding a comment containing "SPDX-License-Identifier: <SPDX-License>" to each source file. Use "SPDX-License-Identifier: UNLICENSED" for non-open-source code. Please see https://spdx.org for more information.    
function f(bytes calldata b) public returns (bool correct) {-->
  tests/semantic/solidity/test/libsolidity/semanticTests/c99_scoping_activation_marked.sol 
|
     ^ (Relevant source part starts here and spans across multiple lines).Warning
: 
This declaration shadows an existing declaration.
 --> tests/semantic/solidity/test/libsolidity/semanticTests/c99_scoping_activation_marked.sol:7:13:
  |
7 |             uint x;
  |             ^^^^^^
Note: The shadowed declaration is here:
 --> tests/semantic/solidity/test/libsolidity/semanticTests/c99_scoping_activation_marked.sol:4:9:
  |
4 |         uint x = 7;
  |         ^^^^^^

Warning: This declaration shadows an existing declaration.
  --> tests/semantic/solidity/test/libsolidity/semanticTests/c99_scoping_activation_marked.sol:16:13:
   |
16 |             uint x;
   |             ^^^^^^
Note: The shadowed declaration is here:
  --> tests/semantic/solidity/test/libsolidity/semanticTests/c99_scoping_activation_marked.sol:12:39:
   |
12 |     function g() pure public returns (uint x) {
   |                                       ^^^^^^

Warning: This declaration shadows an existing declaration.
  --> tests/semantic/solidity/test/libsolidity/semanticTests/c99_scoping_activation_marked.sol:25:13:
   |
25 |             uint x = 4;
   |             ^^^^^^
Note: The shadowed declaration is here:
  --> tests/semantic/solidity/test/libsolidity/semanticTests/c99_scoping_activation_marked.sol:20:39:
   |
20 |     function h() pure public returns (uint x, uint a, uint b) {
   |                                       ^^^^^^

Warning: This declaration shadows an existing declaration.
  --> tests/semantic/solidity/test/libsolidity/semanticTests/c99_scoping_activation_marked.sol:33:13:
   |
33 |             uint x = x; // This should read from the outer and assign to the inner
   |             ^^^^^^
Note: The shadowed declaration is here:
  --> tests/semantic/solidity/test/libsolidity/semanticTests/c99_scoping_activation_marked.sol:29:39:
   |
29 |     function i() pure public returns (uint x, uint a) {
   |                                       ^^^^^^

Warning: SPDX license identifier not provided in source file. Before publishing, consider adding a comment containing "SPDX-License-Identifier: <SPDX-License>" to each source file. Use "SPDX-License-Identifier: UNLICENSED" for non-open-source code. Please see https://spdx.org for more information.Warning
-->:  SPDX license identifier not provided in source file. Before publishing, consider adding a comment containing "SPDX-License-Identifier: <SPDX-License>" to each source file. Use "SPDX-License-Identifier: UNLICENSED" for non-open-source code. Please see https://spdx.org for more information.tests/semantic/solidity/test/libsolidity/semanticTests/constructor_with_params_marked.sol

-->
 tests/semantic/solidity/test/libsolidity/semanticTests/state_variables_init_order_3_marked.sol

Warning: SPDX license identifier not provided in source file. Before publishing, consider adding a comment containing "SPDX-License-Identifier: <SPDX-License>" to each source file. Use "SPDX-License-Identifier: UNLICENSED" for non-open-source code. Please see https://spdx.org for more information.
--> tests/semantic/solidity/test/libsolidity/semanticTests/isoltestFormatting_marked.sol

Warning: Function state mutability can be restricted to pure
 --> tests/semantic/solidity/test/libsolidity/semanticTests/isoltestFormatting_marked.sol:3:5:
  |
3 |     function f() public returns (uint[5] memory) {
  |     ^ (Relevant source part starts here and spans across multiple lines).

Warning: Function state mutability can be restricted to pure
 --> tests/semantic/solidity/test/libsolidity/semanticTests/isoltestFormatting_marked.sol:7:5:
  |
7 |     function g() public returns (uint[5] memory) {
  |     ^ (Relevant source part starts here and spans across multiple lines).

Warning: SPDX license identifier not provided in source file. Before publishing, consider adding a comment containing "SPDX-License-Identifier: <SPDX-License>" to each source file. Use "SPDX-License-Identifier: UNLICENSED" for non-open-source code. Please see https://spdx.org for more information.
--> tests/semantic/solidity/test/libsolidity/semanticTests/constructor_with_params_inheritance_2_marked.sol

Warning: SPDX license identifier not provided in source file. Before publishing, consider adding a comment containing "SPDX-License-Identifier: <SPDX-License>" to each source file. Use "SPDX-License-Identifier: UNLICENSED" for non-open-source code. Please see https://spdx.org for more information.
--> tests/semantic/solidity/test/libsolidity/semanticTests/state_variables_init_order_2_marked.sol

Warning: SPDX license identifier not provided in source file. Before publishing, consider adding a comment containing "SPDX-License-Identifier: <SPDX-License>" to each source file. Use "SPDX-License-Identifier: UNLICENSED" for non-open-source code. Please see https://spdx.org for more information.
--> tests/semantic/solidity/test/libsolidity/semanticTests/integer/many_local_variables_marked.sol

Warning: Function state mutability can be restricted to pure
 --> tests/semantic/solidity/test/libsolidity/semanticTests/integer/many_local_variables_marked.sol:3:5:
  |
3 |     function run(uint x1, uint x2, uint x3) public returns(uint y) {
  |     ^ (Relevant source part starts here and spans across multiple lines).

Warning: SPDX license identifier not provided in source file. Before publishing, consider adding a comment containing "SPDX-License-Identifier: <SPDX-License>" to each source file. Use "SPDX-License-Identifier: UNLICENSED" for non-open-source code. Please see https://spdx.org for more information.
--> tests/semantic/solidity/test/libsolidity/semanticTests/integer/basic_marked.sol

_______________________________________________________ test_semantics[/home/greg/dev/nethermind/warp/tests/semantic/solidity/test/libsolidity/semanticTests/constructor_inheritance_init_order.sol] _______________________________________________________
tests/semantic/test_semantics.py:161: in test_semantics
    res = await invoke_method_evm_calldata(starknet, contract_address, argument)
../../../warp_dev/lib/python3.7/site-packages/sol_warp-0.2.12-py3.7.egg/yul/starknet_utils.py:30: in invoke_method_evm_calldata
    caller_address=0,
../../../warp_dev/lib/python3.7/site-packages/cairo_lang-0.6.2-py3.7.egg/starkware/starknet/testing/state.py:129: in invoke_raw
    assert isinstance(contract_address, int)
E   AssertionError
------------------------------------------------------------------------------------------------------------------- Captured stdout call -------------------------------------------------------------------------------------------------------------------
{'callData': '0xa56dfe4a', 'expectations': '0x000000000000000000000000000000000000000000000000000000000000002a', 'failure': False, 'signature': 'y()'}
______________________________________________________ test_semantics[/home/greg/dev/nethermind/warp/tests/semantic/solidity/test/libsolidity/semanticTests/constructor_inheritance_init_order_2.sol] ______________________________________________________
tests/semantic/test_semantics.py:161: in test_semantics
    res = await invoke_method_evm_calldata(starknet, contract_address, argument)
../../../warp_dev/lib/python3.7/site-packages/sol_warp-0.2.12-py3.7.egg/yul/starknet_utils.py:30: in invoke_method_evm_calldata
    caller_address=0,
../../../warp_dev/lib/python3.7/site-packages/cairo_lang-0.6.2-py3.7.egg/starkware/starknet/testing/state.py:129: in invoke_raw
    assert isinstance(contract_address, int)
E   AssertionError
------------------------------------------------------------------------------------------------------------------- Captured stdout call -------------------------------------------------------------------------------------------------------------------
{'callData': '0xe5aa3d58', 'expectations': '0x0000000000000000000000000000000000000000000000000000000000000002', 'failure': False, 'signature': 'i()'}
{'callData': '0xa56dfe4a', 'expectations': '0x000000000000000000000000000000000000000000000000000000000000002a', 'failure': False, 'signature': 'y()'}
____________________________________________________________ test_semantics[/home/greg/dev/nethermind/warp/tests/semantic/solidity/test/libsolidity/semanticTests/constructor_with_params.sol] _____________________________________________________________
tests/semantic/test_semantics.py:161: in test_semantics
    res = await invoke_method_evm_calldata(starknet, contract_address, argument)
../../../warp_dev/lib/python3.7/site-packages/sol_warp-0.2.12-py3.7.egg/yul/starknet_utils.py:30: in invoke_method_evm_calldata
    caller_address=0,
../../../warp_dev/lib/python3.7/site-packages/cairo_lang-0.6.2-py3.7.egg/starkware/starknet/testing/state.py:129: in invoke_raw
    assert isinstance(contract_address, int)
E   AssertionError
------------------------------------------------------------------------------------------------------------------- Captured stdout call -------------------------------------------------------------------------------------------------------------------
{'callData': '0xe5aa3d58', 'expectations': '0x0000000000000000000000000000000000000000000000000000000000000002', 'failure': False, 'signature': 'i()'}
{'callData': '0xb4f40c61', 'expectations': '0x0000000000000000000000000000000000000000000000000000000000000000', 'failure': False, 'signature': 'k()'}
{'callData': '0xe5aa3d58', 'expectations': '0x0000000000000000000000000000000000000000000000000000000000000002', 'failure': False, 'signature': 'i()'}
----------------------------------------------------------------------------------------------------------------- Captured stdout teardown -----------------------------------------------------------------------------------------------------------------
{'callData': '0xb4f40c61', 'expectations': '0x0000000000000000000000000000000000000000000000000000000000000001', 'failure': False, 'signature': 'k()'}
----------------------------------------------------------------------------------------------------------------- Captured stderr teardown -----------------------------------------------------------------------------------------------------------------
Warning: SPDX license identifier not provided in source file. Before publishing, consider adding a comment containing "SPDX-License-Identifier: <SPDX-License>" to each source file. Use "SPDX-License-Identifier: UNLICENSED" for non-open-source code. Please see https://spdx.org for more information.
--> tests/semantic/solidity/test/libsolidity/semanticTests/constructor/constructor_arguments_external_marked.sol

Warning: Function state mutability can be restricted to view
 --> tests/semantic/solidity/test/libsolidity/semanticTests/constructor/constructor_arguments_external_marked.sol:9:5:
  |
9 |     function getName() public returns (bytes3 ret) {
  |     ^ (Relevant source part starts here and spans across multiple lines).

Warning: Function state mutability can be restricted to view
  --> tests/semantic/solidity/test/libsolidity/semanticTests/constructor/constructor_arguments_external_marked.sol:12:5:
   |
12 |     function getFlag() public returns (bool ret) {
   |     ^ (Relevant source part starts here and spans across multiple lines).

______________________________________________ test_semantics[/home/greg/dev/nethermind/warp/tests/semantic/solidity/test/libsolidity/semanticTests/constructor/evm_exceptions_in_constructor_call_fail.sol] _______________________________________________
tests/semantic/test_semantics.py:126: in test_semantics
    contract_file, get_last_contract(contract_file)
../../../warp_dev/lib/python3.7/site-packages/sol_warp-0.2.12-py3.7.egg/yul/main.py:53: in transpile_from_solidity
    codes = json.loads(result.stdout)
/usr/lib/python3.7/json/__init__.py:348: in loads
    return _default_decoder.decode(s)
/usr/lib/python3.7/json/decoder.py:337: in decode
    obj, end = self.raw_decode(s, idx=_w(s, 0).end())
/usr/lib/python3.7/json/decoder.py:355: in raw_decode
    raise JSONDecodeError("Expecting value", s, err.value) from None
E   json.decoder.JSONDecodeError: Expecting value: line 1 column 1 (char 0)
------------------------------------------------------------------------------------------------------------------- Captured stdout call -------------------------------------------------------------------------------------------------------------------
{'callData': '0x26121ff0', 'expectations': '0x0000000000000000000000000000000000000000000000000000000000000003', 'failure': False, 'signature': 'f()'}
{'callData': '0xe2179b8e', 'expectations': '0x0000000000000000000000000000000000000000000000000000000000000000', 'failure': False, 'signature': 'g()'}
{'callData': '0xb8c9d365', 'expectations': '0x000000000000000000000000000000000000000000000000000000000000000300000000000000000000000000000000000000000000000000000000000000030000000000000000000000000000000000000000000000000000000000000004', 'failure': False, 'signature': 'h()'}
------------------------------------------------------------------------------------------------------------------- Captured stderr call -------------------------------------------------------------------------------------------------------------------
Warning: SPDX license identifier not provided in source file. Before publishing, consider adding a comment containing "SPDX-License-Identifier: <SPDX-License>" to each source file. Use "SPDX-License-Identifier: UNLICENSED" for non-open-source code. Please see https://spdx.org for more information.
--> tests/semantic/solidity/test/libsolidity/semanticTests/constructor/store_internal_unused_library_function_in_constructor_marked.sol

Warning: Function state mutability can be restricted to pure
 --> tests/semantic/solidity/test/libsolidity/semanticTests/constructor/store_internal_unused_library_function_in_constructor_marked.sol:3:5:
  |
3 |     function x() internal returns (uint256) {
  |     ^ (Relevant source part starts here and spans across multiple lines).

Warning: SPDX license identifier not provided in source file. Before publishing, consider adding a comment containing "SPDX-License-Identifier: <SPDX-License>" to each source file. Use "SPDX-License-Identifier: UNLICENSED" for non-open-source code. Please see https://spdx.org for more information.
--> tests/semantic/solidity/test/libsolidity/semanticTests/constructor/store_function_in_constructor_marked.sol

Warning: Function state mutability can be restricted to pure
 --> tests/semantic/solidity/test/libsolidity/semanticTests/constructor/store_function_in_constructor_marked.sol:9:5:
  |
9 |     function double(uint256 _arg) public returns (uint256 _ret) {
  |     ^ (Relevant source part starts here and spans across multiple lines).

Warning: SPDX license identifier not provided in source file. Before publishing, consider adding a comment containing "SPDX-License-Identifier: <SPDX-License>" to each source file. Use "SPDX-License-Identifier: UNLICENSED" for non-open-source code. Please see https://spdx.org for more information.
--> tests/semantic/solidity/test/libsolidity/semanticTests/constructor/evm_exceptions_in_constructor_call_fail_marked.sol

Warning: Return value of low-level calls not used.
 --> tests/semantic/solidity/test/libsolidity/semanticTests/constructor/evm_exceptions_in_constructor_call_fail_marked.sol:4:9:
  |
4 |         address(this).call("123");
  |         ^^^^^^^^^^^^^^^^^^^^^^^^^

Warning: Unused local variable.
  --> tests/semantic/solidity/test/libsolidity/semanticTests/constructor/evm_exceptions_in_constructor_call_fail_marked.sol:10:9:
   |
10 |         A a = new A();
   |         ^^^

____________________________________________________ test_semantics[/home/greg/dev/nethermind/warp/tests/semantic/solidity/test/libsolidity/semanticTests/constructor/bytes_in_constructors_packer.sol] ____________________________________________________
tests/semantic/test_semantics.py:126: in test_semantics
    contract_file, get_last_contract(contract_file)
../../../warp_dev/lib/python3.7/site-packages/sol_warp-0.2.12-py3.7.egg/yul/main.py:53: in transpile_from_solidity
    codes = json.loads(result.stdout)
/usr/lib/python3.7/json/__init__.py:348: in loads
    return _default_decoder.decode(s)
/usr/lib/python3.7/json/decoder.py:337: in decode
    obj, end = self.raw_decode(s, idx=_w(s, 0).end())
/usr/lib/python3.7/json/decoder.py:355: in raw_decode
    raise JSONDecodeError("Expecting value", s, err.value) from None
E   json.decoder.JSONDecodeError: Expecting value: line 1 column 1 (char 0)
------------------------------------------------------------------------------------------------------------------- Captured stderr call -------------------------------------------------------------------------------------------------------------------
Warning: SPDX license identifier not provided in source file. Before publishing, consider adding a comment containing "SPDX-License-Identifier: <SPDX-License>" to each source file. Use "SPDX-License-Identifier: UNLICENSED" for non-open-source code. Please see https://spdx.org for more information.
--> tests/semantic/solidity/test/libsolidity/semanticTests/constructor/bytes_in_constructors_packer_marked.sol

Warning: Function state mutability can be restricted to view
 --> tests/semantic/solidity/test/libsolidity/semanticTests/constructor/bytes_in_constructors_packer_marked.sol:9:5:
  |
9 |     function part(uint i) public returns (bytes1) {
  |     ^ (Relevant source part starts here and spans across multiple lines).

Warning: Function state mutability can be restricted to pure
  --> tests/semantic/solidity/test/libsolidity/semanticTests/constructor/bytes_in_constructors_packer_marked.sol:15:5:
   |
15 |     function f(bytes memory s) public returns (bytes memory) {
   |     ^ (Relevant source part starts here and spans across multiple lines).

----------------------------------------------------------------------------------------------------------------- Captured stdout teardown -----------------------------------------------------------------------------------------------------------------
{'callData': '0xe5aa3d58', 'expectations': '0x00000000000000000000000000000000000000000000000000000000000000030000000000000000000000000000000000000000000000000000000000000003', 'failure': False, 'signature': 'i()'}
{'callData': '0x0c55699c', 'expectations': '0x0000000000000000000000000000000000000000000000000000000000000001', 'failure': False, 'signature': 'x()'}
----------------------------------------------------------------------------------------------------------------- Captured stderr teardown -----------------------------------------------------------------------------------------------------------------
Warning: SPDX license identifier not provided in source file. Before publishing, consider adding a comment containing "SPDX-License-Identifier: <SPDX-License>" to each source file. Use "SPDX-License-Identifier: UNLICENSED" for non-open-source code. Please see https://spdx.org for more information.
--> tests/semantic/solidity/test/libsolidity/semanticTests/constructor/functions_called_by_constructor_through_dispatch_marked.sol

Warning: Naming function type parameters is deprecated.
 --> tests/semantic/solidity/test/libsolidity/semanticTests/constructor/functions_called_by_constructor_through_dispatch_marked.sol:5:19:
  |
5 |         function (bytes6 _name) internal setter = setName;
  |                   ^^^^^^^^^^^^

Warning: Naming function type parameters is deprecated.
  --> tests/semantic/solidity/test/libsolidity/semanticTests/constructor/functions_called_by_constructor_through_dispatch_marked.sol:18:35:
   |
18 |     function applyShift(function (bytes6 _value, uint _shift) internal returns (bytes6) _shiftOperator, uint _bytes) internal {
   |                                   ^^^^^^^^^^^^^

Warning: Naming function type parameters is deprecated.
  --> tests/semantic/solidity/test/libsolidity/semanticTests/constructor/functions_called_by_constructor_through_dispatch_marked.sol:18:50:
   |
18 |     function applyShift(function (bytes6 _value, uint _shift) internal returns (bytes6) _shiftOperator, uint _bytes) internal {
   |                                                  ^^^^^^^^^^^

Warning: Unused function parameter. Remove or comment out the variable name to silence this warning.
 --> tests/semantic/solidity/test/libsolidity/semanticTests/constructor/functions_called_by_constructor_through_dispatch_marked.sol:5:19:
  |
5 |         function (bytes6 _name) internal setter = setName;
  |                   ^^^^^^^^^^^^

Warning: Unused function parameter. Remove or comment out the variable name to silence this warning.
  --> tests/semantic/solidity/test/libsolidity/semanticTests/constructor/functions_called_by_constructor_through_dispatch_marked.sol:18:35:
   |
18 |     function applyShift(function (bytes6 _value, uint _shift) internal returns (bytes6) _shiftOperator, uint _bytes) internal {
   |                                   ^^^^^^^^^^^^^

Warning: Unused function parameter. Remove or comment out the variable name to silence this warning.
  --> tests/semantic/solidity/test/libsolidity/semanticTests/constructor/functions_called_by_constructor_through_dispatch_marked.sol:18:50:
   |
18 |     function applyShift(function (bytes6 _value, uint _shift) internal returns (bytes6) _shiftOperator, uint _bytes) internal {
   |                                                  ^^^^^^^^^^^

Warning: Function state mutability can be restricted to view
 --> tests/semantic/solidity/test/libsolidity/semanticTests/constructor/functions_called_by_constructor_through_dispatch_marked.sol:9:5:
  |
9 |     function getName() public returns (bytes6 ret) {
  |     ^ (Relevant source part starts here and spans across multiple lines).

Warning: Function state mutability can be restricted to pure
  --> tests/semantic/solidity/test/libsolidity/semanticTests/constructor/functions_called_by_constructor_through_dispatch_marked.sol:15:5:
   |
15 |     function leftByteShift(bytes6 _value, uint _shift) public returns (bytes6) {
   |     ^ (Relevant source part starts here and spans across multiple lines).

______________________________________________________ test_semantics[/home/greg/dev/nethermind/warp/tests/semantic/solidity/test/libsolidity/semanticTests/constructor_with_params_inheritance.sol] _______________________________________________________
tests/semantic/test_semantics.py:161: in test_semantics
    res = await invoke_method_evm_calldata(starknet, contract_address, argument)
../../../warp_dev/lib/python3.7/site-packages/sol_warp-0.2.12-py3.7.egg/yul/starknet_utils.py:30: in invoke_method_evm_calldata
    caller_address=0,
../../../warp_dev/lib/python3.7/site-packages/cairo_lang-0.6.2-py3.7.egg/starkware/starknet/testing/state.py:129: in invoke_raw
    assert isinstance(contract_address, int)
E   AssertionError
------------------------------------------------------------------------------------------------------------------- Captured stdout call -------------------------------------------------------------------------------------------------------------------
{'callData': '0xe5aa3d58', 'expectations': '0x0000000000000000000000000000000000000000000000000000000000000002', 'failure': False, 'signature': 'i()'}
_______________________________________________________ test_semantics[/home/greg/dev/nethermind/warp/tests/semantic/solidity/test/libsolidity/semanticTests/constructor/arrays_in_constructors.sol] _______________________________________________________
tests/semantic/test_semantics.py:126: in test_semantics
    contract_file, get_last_contract(contract_file)
../../../warp_dev/lib/python3.7/site-packages/sol_warp-0.2.12-py3.7.egg/yul/main.py:53: in transpile_from_solidity
    codes = json.loads(result.stdout)
/usr/lib/python3.7/json/__init__.py:348: in loads
    return _default_decoder.decode(s)
/usr/lib/python3.7/json/decoder.py:337: in decode
    obj, end = self.raw_decode(s, idx=_w(s, 0).end())
/usr/lib/python3.7/json/decoder.py:355: in raw_decode
    raise JSONDecodeError("Expecting value", s, err.value) from None
E   json.decoder.JSONDecodeError: Expecting value: line 1 column 1 (char 0)
------------------------------------------------------------------------------------------------------------------- Captured stderr call -------------------------------------------------------------------------------------------------------------------
Warning: SPDX license identifier not provided in source file. Before publishing, consider adding a comment containing "SPDX-License-Identifier: <SPDX-License>" to each source file. Use "SPDX-License-Identifier: UNLICENSED" for non-open-source code. Please see https://spdx.org for more information.
--> tests/semantic/solidity/test/libsolidity/semanticTests/constructor/arrays_in_constructors_marked.sol

Warning: Function state mutability can be restricted to view
 --> tests/semantic/solidity/test/libsolidity/semanticTests/constructor/arrays_in_constructors_marked.sol:9:5:
  |
9 |     function part(uint i) public returns (address) {
  |     ^ (Relevant source part starts here and spans across multiple lines).

Warning: Function state mutability can be restricted to pure
  --> tests/semantic/solidity/test/libsolidity/semanticTests/constructor/arrays_in_constructors_marked.sol:15:5:
   |
15 |     function f(address[] memory s) public returns (address[] memory) {
   |     ^ (Relevant source part starts here and spans across multiple lines).

__________________________________________________ test_semantics[/home/greg/dev/nethermind/warp/tests/semantic/solidity/test/libsolidity/semanticTests/constructor_with_params_diamond_inheritance.sol] ___________________________________________________
tests/semantic/test_semantics.py:161: in test_semantics
    res = await invoke_method_evm_calldata(starknet, contract_address, argument)
../../../warp_dev/lib/python3.7/site-packages/sol_warp-0.2.12-py3.7.egg/yul/starknet_utils.py:30: in invoke_method_evm_calldata
    caller_address=0,
../../../warp_dev/lib/python3.7/site-packages/cairo_lang-0.6.2-py3.7.egg/starkware/starknet/testing/state.py:129: in invoke_raw
    assert isinstance(contract_address, int)
E   AssertionError
------------------------------------------------------------------------------------------------------------------- Captured stdout call -------------------------------------------------------------------------------------------------------------------
{'callData': '0xe5aa3d58', 'expectations': '0x0000000000000000000000000000000000000000000000000000000000000002', 'failure': False, 'signature': 'i()'}
----------------------------------------------------------------------------------------------------------------- Captured stderr teardown -----------------------------------------------------------------------------------------------------------------
Warning: SPDX license identifier not provided in source file. Before publishing, consider adding a comment containing "SPDX-License-Identifier: <SPDX-License>" to each source file. Use "SPDX-License-Identifier: UNLICENSED" for non-open-source code. Please see https://spdx.org for more information.
--> tests/semantic/solidity/test/libsolidity/semanticTests/constructor/function_usage_in_constructor_arguments_marked.sol

Warning: Function state mutability can be restricted to pure
 --> tests/semantic/solidity/test/libsolidity/semanticTests/constructor/function_usage_in_constructor_arguments_marked.sol:7:5:
  |
7 |     function g() public returns (uint256 r) {
  |     ^ (Relevant source part starts here and spans across multiple lines).

Warning: Function state mutability can be restricted to view
  --> tests/semantic/solidity/test/libsolidity/semanticTests/constructor/function_usage_in_constructor_arguments_marked.sol:13:5:
   |
13 |     function getA() public returns (uint256 r) {
   |     ^ (Relevant source part starts here and spans across multiple lines).

____________________________________________________ test_semantics[/home/greg/dev/nethermind/warp/tests/semantic/solidity/test/libsolidity/semanticTests/constructor/constructor_function_complex.sol] ____________________________________________________
tests/semantic/test_semantics.py:126: in test_semantics
    contract_file, get_last_contract(contract_file)
../../../warp_dev/lib/python3.7/site-packages/sol_warp-0.2.12-py3.7.egg/yul/main.py:53: in transpile_from_solidity
    codes = json.loads(result.stdout)
/usr/lib/python3.7/json/__init__.py:348: in loads
    return _default_decoder.decode(s)
/usr/lib/python3.7/json/decoder.py:337: in decode
    obj, end = self.raw_decode(s, idx=_w(s, 0).end())
/usr/lib/python3.7/json/decoder.py:355: in raw_decode
    raise JSONDecodeError("Expecting value", s, err.value) from None
E   json.decoder.JSONDecodeError: Expecting value: line 1 column 1 (char 0)
------------------------------------------------------------------------------------------------------------------- Captured stderr call -------------------------------------------------------------------------------------------------------------------
Warning: SPDX license identifier not provided in source file. Before publishing, consider adding a comment containing "SPDX-License-Identifier: <SPDX-License>" to each source file. Use "SPDX-License-Identifier: UNLICENSED" for non-open-source code. Please see https://spdx.org for more information.
--> tests/semantic/solidity/test/libsolidity/semanticTests/constructor/constructor_function_complex_marked.sol

----------------------------------------------------------------------------------------------------------------- Captured stderr teardown -----------------------------------------------------------------------------------------------------------------
Warning: SPDX license identifier not provided in source file. Before publishing, consider adding a comment containing "SPDX-License-Identifier: <SPDX-License>" to each source file. Use "SPDX-License-Identifier: UNLICENSED" for non-open-source code. Please see https://spdx.org for more information.
--> tests/semantic/solidity/test/libsolidity/semanticTests/constructor/inline_member_init_inheritence_without_constructor_marked.sol

Warning: Function state mutability can be restricted to view
 --> tests/semantic/solidity/test/libsolidity/semanticTests/constructor/inline_member_init_inheritence_without_constructor_marked.sol:4:5:
  |
4 |     function getBMember() public returns (uint256 i) {
  |     ^ (Relevant source part starts here and spans across multiple lines).

Warning: Function state mutability can be restricted to view
  --> tests/semantic/solidity/test/libsolidity/semanticTests/constructor/inline_member_init_inheritence_without_constructor_marked.sol:10:5:
   |
10 |     function getDMember() public returns (uint256 i) {
   |     ^ (Relevant source part starts here and spans across multiple lines).

___________________________________________________ test_semantics[/home/greg/dev/nethermind/warp/tests/semantic/solidity/test/libsolidity/semanticTests/constructor/constructor_arguments_internal.sol] ___________________________________________________
tests/semantic/test_semantics.py:126: in test_semantics
    contract_file, get_last_contract(contract_file)
../../../warp_dev/lib/python3.7/site-packages/sol_warp-0.2.12-py3.7.egg/yul/main.py:53: in transpile_from_solidity
    codes = json.loads(result.stdout)
/usr/lib/python3.7/json/__init__.py:348: in loads
    return _default_decoder.decode(s)
/usr/lib/python3.7/json/decoder.py:337: in decode
    obj, end = self.raw_decode(s, idx=_w(s, 0).end())
/usr/lib/python3.7/json/decoder.py:355: in raw_decode
    raise JSONDecodeError("Expecting value", s, err.value) from None
E   json.decoder.JSONDecodeError: Expecting value: line 1 column 1 (char 0)
------------------------------------------------------------------------------------------------------------------- Captured stdout call -------------------------------------------------------------------------------------------------------------------
{'callData': '0x0ae1f4e8000000000000000000000000000000000000000000000000000000000000002000000000000000000000000000000000000000000000000000000000000000020000000000000000000000000000000000000000000000000000000000007fff0000000000000000000000000000000000000000000000000000000000007fff', 'expectations': '0x0000000000000000000000000000000000000000000000000000000000000001', 'failure': False, 'signature': 'f(int16[])'}
{'callData': '0xe2179b8e', 'expectations': '0x00000000000000000000000000000000000000000000000000000000000000100000000000000000000000000000000000000000000000000000000000000100000000000000000000000000000000000000000000000000000000000000010100000000000000000000000000000000000000000000000000000000003333330000000000000000000000000000000000000000000000001ed6eb565788e38e', 'failure': False, 'signature': 'g()'}
------------------------------------------------------------------------------------------------------------------- Captured stderr call -------------------------------------------------------------------------------------------------------------------
Warning: SPDX license identifier not provided in source file. Before publishing, consider adding a comment containing "SPDX-License-Identifier: <SPDX-License>" to each source file. Use "SPDX-License-Identifier: UNLICENSED" for non-open-source code. Please see https://spdx.org for more information.
--> tests/semantic/solidity/test/libsolidity/semanticTests/constructor/base_constructor_arguments_marked.sol

Warning: Function state mutability can be restricted to view
  --> tests/semantic/solidity/test/libsolidity/semanticTests/constructor/base_constructor_arguments_marked.sol:14:5:
   |
14 |     function getA() public returns (uint256 r) {
   |     ^ (Relevant source part starts here and spans across multiple lines).

Warning: SPDX license identifier not provided in source file. Before publishing, consider adding a comment containing "SPDX-License-Identifier: <SPDX-License>" to each source file. Use "SPDX-License-Identifier: UNLICENSED" for non-open-source code. Please see https://spdx.org for more information.
--> tests/semantic/solidity/test/libsolidity/semanticTests/constructor/constructor_arguments_internal_marked.sol

Warning: Function state mutability can be restricted to view
 --> tests/semantic/solidity/test/libsolidity/semanticTests/constructor/constructor_arguments_internal_marked.sol:9:5:
  |
9 |     function getName() public returns (bytes3 ret) {
  |     ^ (Relevant source part starts here and spans across multiple lines).

Warning: Function state mutability can be restricted to view
  --> tests/semantic/solidity/test/libsolidity/semanticTests/constructor/constructor_arguments_internal_marked.sol:12:5:
   |
12 |     function getFlag() public returns (bool ret) {
   |     ^ (Relevant source part starts here and spans across multiple lines).

__________________________________________________________ test_semantics[/home/greg/dev/nethermind/warp/tests/semantic/solidity/test/libsolidity/semanticTests/dirty_calldata_dynamic_array.sol] __________________________________________________________
../../../warp_dev/lib/python3.7/site-packages/cairo_lang-0.6.2-py3.7.egg/starkware/starknet/business_logic/internal_transaction.py:539: in _run
    verify_secure=True,
../../../warp_dev/lib/python3.7/site-packages/cairo_lang-0.6.2-py3.7.egg/starkware/cairo/common/cairo_function_runner.py:199: in run_from_entrypoint
    self.run_until_pc(addr=end, run_resources=run_resources)
../../../warp_dev/lib/python3.7/site-packages/cairo_lang-0.6.2-py3.7.egg/starkware/cairo/lang/vm/cairo_runner.py:284: in run_until_pc
    self.vm_step()
../../../warp_dev/lib/python3.7/site-packages/cairo_lang-0.6.2-py3.7.egg/starkware/cairo/lang/vm/cairo_runner.py:298: in vm_step
    self.vm.step()
../../../warp_dev/lib/python3.7/site-packages/cairo_lang-0.6.2-py3.7.egg/starkware/cairo/lang/vm/virtual_machine_base.py:255: in step
    self.run_instruction(instruction)
../../../warp_dev/lib/python3.7/site-packages/cairo_lang-0.6.2-py3.7.egg/starkware/cairo/lang/vm/vm_core.py:422: in run_instruction
    raise self.as_vm_exception(exc) from None
E   starkware.cairo.lang.vm.vm_exceptions.VmException: /home/greg/dev/nethermind/warp/tests/semantic/solidity/test/libsolidity/semanticTests/dirty_calldata_dynamic_array.cairo.temp:82:9: Error at pc=0:2253:
E   An ASSERT_EQ instruction failed: 1 != 0.
E           assert 0 = 1
E           ^**********^
E   Cairo traceback (most recent call last):
E   /home/greg/dev/nethermind/warp/tests/semantic/solidity/test/libsolidity/semanticTests/dirty_calldata_dynamic_array.cairo.temp:36:6: (pc=0:2141)
E   func __main{bitwise_ptr : BitwiseBuiltin*, range_check_ptr}(
E        ^****^
E   /home/greg/dev/nethermind/warp/tests/semantic/solidity/test/libsolidity/semanticTests/dirty_calldata_dynamic_array.cairo.temp:49:9: (pc=0:2086)
E           __main_meat()
E           ^***********^
E   /home/greg/dev/nethermind/warp/tests/semantic/solidity/test/libsolidity/semanticTests/dirty_calldata_dynamic_array.cairo.temp:196:5: (pc=0:2691)
E       __warp_if_0(__warp_subexpr_0)
E       ^***************************^
E   /home/greg/dev/nethermind/warp/tests/semantic/solidity/test/libsolidity/semanticTests/dirty_calldata_dynamic_array.cairo.temp:181:9: (pc=0:2647)
E           __warp_block_0()
E           ^**************^
E   /home/greg/dev/nethermind/warp/tests/semantic/solidity/test/libsolidity/semanticTests/dirty_calldata_dynamic_array.cairo.temp:172:5: (pc=0:2626)
E       __warp_if_1(__warp_subexpr_0)
E       ^***************************^
E   /home/greg/dev/nethermind/warp/tests/semantic/solidity/test/libsolidity/semanticTests/dirty_calldata_dynamic_array.cairo.temp:158:9: (pc=0:2583)
E           __warp_block_1()
E           ^**************^
E   /home/greg/dev/nethermind/warp/tests/semantic/solidity/test/libsolidity/semanticTests/dirty_calldata_dynamic_array.cairo.temp:145:41: (pc=0:2516)
E       let (ret__warp_mangled : Uint256) = fun_f(__warp_subexpr_15, length)
E                                           ^******************************^

During handling of the above exception, another exception occurred:
tests/semantic/test_semantics.py:161: in test_semantics
    res = await invoke_method_evm_calldata(starknet, contract_address, argument)
../../../warp_dev/lib/python3.7/site-packages/sol_warp-0.2.12-py3.7.egg/yul/starknet_utils.py:30: in invoke_method_evm_calldata
    caller_address=0,
../../../warp_dev/lib/python3.7/site-packages/cairo_lang-0.6.2-py3.7.egg/starkware/starknet/testing/state.py:153: in invoke_raw
    state=state_copy, general_config=self.general_config
../../../warp_dev/lib/python3.7/site-packages/cairo_lang-0.6.2-py3.7.egg/starkware/starknet/business_logic/internal_transaction_interface.py:213: in apply_state_updates
    state=state_to_update, general_config=general_config
../../../warp_dev/lib/python3.7/site-packages/cairo_lang-0.6.2-py3.7.egg/starkware/starknet/business_logic/internal_transaction.py:405: in _apply_specific_state_updates
    func=_synchronous_apply_specific_state_updates,
/usr/lib/python3.7/concurrent/futures/thread.py:57: in run
    result = self.fn(*self.args, **self.kwargs)
../../../warp_dev/lib/python3.7/site-packages/cairo_lang-0.6.2-py3.7.egg/starkware/starknet/business_logic/internal_transaction.py:433: in _synchronous_apply_specific_state_updates
    run_resources=run_resources,
../../../warp_dev/lib/python3.7/site-packages/cairo_lang-0.6.2-py3.7.egg/starkware/starknet/business_logic/internal_transaction.py:559: in _run
    raise StarkException(code=code, message=str(exception))
E   starkware.starkware_utils.error_handling.StarkException: (500, {'code': <StarknetErrorCode.TRANSACTION_FAILED: 28>, 'message': '/home/greg/dev/nethermind/warp/tests/semantic/solidity/test/libsolidity/semanticTests/dirty_calldata_dynamic_array.cairo.temp:82:9: Error at pc=0:2253:\nAn ASSERT_EQ instruction failed: 1 != 0.\n        assert 0 = 1\n        ^**********^\nCairo traceback (most recent call last):\n/home/greg/dev/nethermind/warp/tests/semantic/solidity/test/libsolidity/semanticTests/dirty_calldata_dynamic_array.cairo.temp:36:6: (pc=0:2141)\nfunc __main{bitwise_ptr : BitwiseBuiltin*, range_check_ptr}(\n     ^****^\n/home/greg/dev/nethermind/warp/tests/semantic/solidity/test/libsolidity/semanticTests/dirty_calldata_dynamic_array.cairo.temp:49:9: (pc=0:2086)\n        __main_meat()\n        ^***********^\n/home/greg/dev/nethermind/warp/tests/semantic/solidity/test/libsolidity/semanticTests/dirty_calldata_dynamic_array.cairo.temp:196:5: (pc=0:2691)\n    __warp_if_0(__warp_subexpr_0)\n    ^***************************^\n/home/greg/dev/nethermind/warp/tests/semantic/solidity/test/libsolidity/semanticTests/dirty_calldata_dynamic_array.cairo.temp:181:9: (pc=0:2647)\n        __warp_block_0()\n        ^**************^\n/home/greg/dev/nethermind/warp/tests/semantic/solidity/test/libsolidity/semanticTests/dirty_calldata_dynamic_array.cairo.temp:172:5: (pc=0:2626)\n    __warp_if_1(__warp_subexpr_0)\n    ^***************************^\n/home/greg/dev/nethermind/warp/tests/semantic/solidity/test/libsolidity/semanticTests/dirty_calldata_dynamic_array.cairo.temp:158:9: (pc=0:2583)\n        __warp_block_1()\n        ^**************^\n/home/greg/dev/nethermind/warp/tests/semantic/solidity/test/libsolidity/semanticTests/dirty_calldata_dynamic_array.cairo.temp:145:41: (pc=0:2516)\n    let (ret__warp_mangled : Uint256) = fun_f(__warp_subexpr_15, length)\n                                        ^******************************^'})
___________________________________________________ test_semantics[/home/greg/dev/nethermind/warp/tests/semantic/solidity/test/libsolidity/semanticTests/constructor/constructor_function_argument.sol] ____________________________________________________
../../../warp_dev/lib/python3.7/site-packages/cairo_lang-0.6.2-py3.7.egg/starkware/starknet/business_logic/internal_transaction.py:539: in _run
    verify_secure=True,
../../../warp_dev/lib/python3.7/site-packages/cairo_lang-0.6.2-py3.7.egg/starkware/cairo/common/cairo_function_runner.py:199: in run_from_entrypoint
    self.run_until_pc(addr=end, run_resources=run_resources)
../../../warp_dev/lib/python3.7/site-packages/cairo_lang-0.6.2-py3.7.egg/starkware/cairo/lang/vm/cairo_runner.py:284: in run_until_pc
    self.vm_step()
../../../warp_dev/lib/python3.7/site-packages/cairo_lang-0.6.2-py3.7.egg/starkware/cairo/lang/vm/cairo_runner.py:298: in vm_step
    self.vm.step()
../../../warp_dev/lib/python3.7/site-packages/cairo_lang-0.6.2-py3.7.egg/starkware/cairo/lang/vm/virtual_machine_base.py:255: in step
    self.run_instruction(instruction)
../../../warp_dev/lib/python3.7/site-packages/cairo_lang-0.6.2-py3.7.egg/starkware/cairo/lang/vm/vm_core.py:422: in run_instruction
    raise self.as_vm_exception(exc) from None
E   starkware.cairo.lang.vm.vm_exceptions.VmException: /home/greg/dev/nethermind/warp/tests/semantic/solidity/test/libsolidity/semanticTests/constructor/constructor_function_argument.cairo.temp:59:9: Error at pc=0:1238:
E   An ASSERT_EQ instruction failed: 1 != 0.
E           assert 0 = 1
E           ^**********^
E   Cairo traceback (most recent call last):
E   /home/greg/dev/nethermind/warp/tests/semantic/solidity/test/libsolidity/semanticTests/constructor/constructor_function_argument.cairo.temp:20:6: (pc=0:1107)
E   func constructor{bitwise_ptr : BitwiseBuiltin*, range_check_ptr}(
E        ^*********^
E   /home/greg/dev/nethermind/warp/tests/semantic/solidity/test/libsolidity/semanticTests/constructor/constructor_function_argument.cairo.temp:31:9: (pc=0:1079)
E           __constructor_meat()
E           ^******************^

During handling of the above exception, another exception occurred:
tests/semantic/test_semantics.py:142: in test_semantics
    starknet, contract_definition, constructor_args
../../../warp_dev/lib/python3.7/site-packages/sol_warp-0.2.12-py3.7.egg/yul/starknet_utils.py:54: in deploy_contract_evm_calldata
    contract_definition=contract_definition, constructor_calldata=cairo_calldata
../../../warp_dev/lib/python3.7/site-packages/cairo_lang-0.6.2-py3.7.egg/starkware/starknet/testing/state.py:104: in deploy
    await tx.apply_state_updates(state=state_copy, general_config=self.general_config)
../../../warp_dev/lib/python3.7/site-packages/cairo_lang-0.6.2-py3.7.egg/starkware/starknet/business_logic/internal_transaction_interface.py:213: in apply_state_updates
    state=state_to_update, general_config=general_config
../../../warp_dev/lib/python3.7/site-packages/cairo_lang-0.6.2-py3.7.egg/starkware/starknet/business_logic/internal_transaction.py:238: in _apply_specific_state_updates
    return await self.invoke_constructor(state=state, general_config=general_config)
../../../warp_dev/lib/python3.7/site-packages/cairo_lang-0.6.2-py3.7.egg/starkware/starknet/business_logic/internal_transaction.py:264: in invoke_constructor
    return await tx._apply_specific_state_updates(state=state, general_config=general_config)
../../../warp_dev/lib/python3.7/site-packages/cairo_lang-0.6.2-py3.7.egg/starkware/starknet/business_logic/internal_transaction.py:405: in _apply_specific_state_updates
    func=_synchronous_apply_specific_state_updates,
/usr/lib/python3.7/concurrent/futures/thread.py:57: in run
    result = self.fn(*self.args, **self.kwargs)
../../../warp_dev/lib/python3.7/site-packages/cairo_lang-0.6.2-py3.7.egg/starkware/starknet/business_logic/internal_transaction.py:433: in _synchronous_apply_specific_state_updates
    run_resources=run_resources,
../../../warp_dev/lib/python3.7/site-packages/cairo_lang-0.6.2-py3.7.egg/starkware/starknet/business_logic/internal_transaction.py:559: in _run
    raise StarkException(code=code, message=str(exception))
E   starkware.starkware_utils.error_handling.StarkException: (500, {'code': <StarknetErrorCode.TRANSACTION_FAILED: 28>, 'message': '/home/greg/dev/nethermind/warp/tests/semantic/solidity/test/libsolidity/semanticTests/constructor/constructor_function_argument.cairo.temp:59:9: Error at pc=0:1238:\nAn ASSERT_EQ instruction failed: 1 != 0.\n        assert 0 = 1\n        ^**********^\nCairo traceback (most recent call last):\n/home/greg/dev/nethermind/warp/tests/semantic/solidity/test/libsolidity/semanticTests/constructor/constructor_function_argument.cairo.temp:20:6: (pc=0:1107)\nfunc constructor{bitwise_ptr : BitwiseBuiltin*, range_check_ptr}(\n     ^*********^\n/home/greg/dev/nethermind/warp/tests/semantic/solidity/test/libsolidity/semanticTests/constructor/constructor_function_argument.cairo.temp:31:9: (pc=0:1079)\n        __constructor_meat()\n        ^******************^'})
------------------------------------------------------------------------------------------------------------------- Captured stderr call -------------------------------------------------------------------------------------------------------------------
Warning: SPDX license identifier not provided in source file. Before publishing, consider adding a comment containing "SPDX-License-Identifier: <SPDX-License>" to each source file. Use "SPDX-License-Identifier: UNLICENSED" for non-open-source code. Please see https://spdx.org for more information.
--> tests/semantic/solidity/test/libsolidity/semanticTests/various/positive_integers_to_signed_marked.sol

__________________________________________________ test_semantics[/home/greg/dev/nethermind/warp/tests/semantic/solidity/test/libsolidity/semanticTests/constructor/functions_called_by_constructor.sol] ___________________________________________________
FAILURE: /home/greg/dev/nethermind/warp/tests/semantic/solidity/test/libsolidity/semanticTests/constructor/functions_called_by_constructor.cairo.temp
assert '0x9e9d9d0000...0000000000000' == '0x6162630000...0000000000000'
  - 0x6162630000000000000000000000000000000000000000000000000000000000
  ?   ^^^^^^
  + 0x9e9d9d0000000000000000000000000000000000000000000000000000000000
  ?   ^^^^^^
tests/semantic/test_semantics.py:173 in test_semantics() -> check.equal(final_res, expected_result, cairo_file_path)
------------------------------------------------------------
Failed Checks: 1
------------------------------------------------------------------------------------------------------------------- Captured stdout call -------------------------------------------------------------------------------------------------------------------
{'callData': '0x17d7de7c', 'expectations': '0x6162630000000000000000000000000000000000000000000000000000000000', 'failure': False, 'signature': 'getName()'}
------------------------------------------------------------------------------------------------------------------- Captured stderr call -------------------------------------------------------------------------------------------------------------------
Warning: SPDX license identifier not provided in source file. Before publishing, consider adding a comment containing "SPDX-License-Identifier: <SPDX-License>" to each source file. Use "SPDX-License-Identifier: UNLICENSED" for non-open-source code. Please see https://spdx.org for more information.
--> tests/semantic/solidity/test/libsolidity/semanticTests/various/assignment_to_const_var_involving_expression_marked.sol

Warning: Function state mutability can be restricted to pure
 --> tests/semantic/solidity/test/libsolidity/semanticTests/various/assignment_to_const_var_involving_expression_marked.sol:4:5:
  |
4 |     function f() public returns (uint256) {
  |     ^ (Relevant source part starts here and spans across multiple lines).

_______________________________________ test_semantics[/home/greg/dev/nethermind/warp/tests/semantic/solidity/test/libsolidity/semanticTests/constructor/store_internal_unused_library_function_in_constructor.sol] ________________________________________
../../../warp_dev/lib/python3.7/site-packages/cairo_lang-0.6.2-py3.7.egg/starkware/starknet/business_logic/internal_transaction.py:539: in _run
    verify_secure=True,
../../../warp_dev/lib/python3.7/site-packages/cairo_lang-0.6.2-py3.7.egg/starkware/cairo/common/cairo_function_runner.py:199: in run_from_entrypoint
    self.run_until_pc(addr=end, run_resources=run_resources)
../../../warp_dev/lib/python3.7/site-packages/cairo_lang-0.6.2-py3.7.egg/starkware/cairo/lang/vm/cairo_runner.py:284: in run_until_pc
    self.vm_step()
../../../warp_dev/lib/python3.7/site-packages/cairo_lang-0.6.2-py3.7.egg/starkware/cairo/lang/vm/cairo_runner.py:298: in vm_step
    self.vm.step()
../../../warp_dev/lib/python3.7/site-packages/cairo_lang-0.6.2-py3.7.egg/starkware/cairo/lang/vm/virtual_machine_base.py:255: in step
    self.run_instruction(instruction)
../../../warp_dev/lib/python3.7/site-packages/cairo_lang-0.6.2-py3.7.egg/starkware/cairo/lang/vm/vm_core.py:422: in run_instruction
    raise self.as_vm_exception(exc) from None
E   starkware.cairo.lang.vm.vm_exceptions.VmException: /home/greg/dev/nethermind/warp/tests/semantic/solidity/test/libsolidity/semanticTests/constructor/store_internal_unused_library_function_in_constructor.cairo.temp:99:9: Error at pc=0:1991:
E   An ASSERT_EQ instruction failed: 1 != 0.
E           assert 0 = 1
E           ^**********^
E   Cairo traceback (most recent call last):
E   /home/greg/dev/nethermind/warp/tests/semantic/solidity/test/libsolidity/semanticTests/constructor/store_internal_unused_library_function_in_constructor.cairo.temp:53:6: (pc=0:1883)
E   func __main{
E        ^****^
E   /home/greg/dev/nethermind/warp/tests/semantic/solidity/test/libsolidity/semanticTests/constructor/store_internal_unused_library_function_in_constructor.cairo.temp:67:9: (pc=0:1822)
E           __main_meat()
E           ^***********^
E   /home/greg/dev/nethermind/warp/tests/semantic/solidity/test/libsolidity/semanticTests/constructor/store_internal_unused_library_function_in_constructor.cairo.temp:182:5: (pc=0:2259)
E       __warp_if_0(__warp_subexpr_0)
E       ^***************************^
E   /home/greg/dev/nethermind/warp/tests/semantic/solidity/test/libsolidity/semanticTests/constructor/store_internal_unused_library_function_in_constructor.cairo.temp:166:9: (pc=0:2213)
E           __warp_block_0()
E           ^**************^
E   /home/greg/dev/nethermind/warp/tests/semantic/solidity/test/libsolidity/semanticTests/constructor/store_internal_unused_library_function_in_constructor.cairo.temp:156:5: (pc=0:2188)
E       __warp_if_1(__warp_subexpr_0)
E       ^***************************^
E   /home/greg/dev/nethermind/warp/tests/semantic/solidity/test/libsolidity/semanticTests/constructor/store_internal_unused_library_function_in_constructor.cairo.temp:141:9: (pc=0:2143)
E           __warp_block_1()
E           ^**************^
E   /home/greg/dev/nethermind/warp/tests/semantic/solidity/test/libsolidity/semanticTests/constructor/store_internal_unused_library_function_in_constructor.cairo.temp:128:27: (pc=0:2073)
E       let (out : Uint256) = __warp_block_2(out, value)
E                             ^************************^
E   /home/greg/dev/nethermind/warp/tests/semantic/solidity/test/libsolidity/semanticTests/constructor/store_internal_unused_library_function_in_constructor.cairo.temp:107:27: (pc=0:2008)
E       let (out : Uint256) = __warp_block_3(match_var, out)
E                             ^****************************^

During handling of the above exception, another exception occurred:
tests/semantic/test_semantics.py:161: in test_semantics
    res = await invoke_method_evm_calldata(starknet, contract_address, argument)
../../../warp_dev/lib/python3.7/site-packages/sol_warp-0.2.12-py3.7.egg/yul/starknet_utils.py:30: in invoke_method_evm_calldata
    caller_address=0,
../../../warp_dev/lib/python3.7/site-packages/cairo_lang-0.6.2-py3.7.egg/starkware/starknet/testing/state.py:153: in invoke_raw
    state=state_copy, general_config=self.general_config
../../../warp_dev/lib/python3.7/site-packages/cairo_lang-0.6.2-py3.7.egg/starkware/starknet/business_logic/internal_transaction_interface.py:213: in apply_state_updates
    state=state_to_update, general_config=general_config
../../../warp_dev/lib/python3.7/site-packages/cairo_lang-0.6.2-py3.7.egg/starkware/starknet/business_logic/internal_transaction.py:405: in _apply_specific_state_updates
    func=_synchronous_apply_specific_state_updates,
/usr/lib/python3.7/concurrent/futures/thread.py:57: in run
    result = self.fn(*self.args, **self.kwargs)
../../../warp_dev/lib/python3.7/site-packages/cairo_lang-0.6.2-py3.7.egg/starkware/starknet/business_logic/internal_transaction.py:433: in _synchronous_apply_specific_state_updates
    run_resources=run_resources,
../../../warp_dev/lib/python3.7/site-packages/cairo_lang-0.6.2-py3.7.egg/starkware/starknet/business_logic/internal_transaction.py:559: in _run
    raise StarkException(code=code, message=str(exception))
E   starkware.starkware_utils.error_handling.StarkException: (500, {'code': <StarknetErrorCode.TRANSACTION_FAILED: 28>, 'message': '/home/greg/dev/nethermind/warp/tests/semantic/solidity/test/libsolidity/semanticTests/constructor/store_internal_unused_library_function_in_constructor.cairo.temp:99:9: Error at pc=0:1991:\nAn ASSERT_EQ instruction failed: 1 != 0.\n        assert 0 = 1\n        ^**********^\nCairo traceback (most recent call last):\n/home/greg/dev/nethermind/warp/tests/semantic/solidity/test/libsolidity/semanticTests/constructor/store_internal_unused_library_function_in_constructor.cairo.temp:53:6: (pc=0:1883)\nfunc __main{\n     ^****^\n/home/greg/dev/nethermind/warp/tests/semantic/solidity/test/libsolidity/semanticTests/constructor/store_internal_unused_library_function_in_constructor.cairo.temp:67:9: (pc=0:1822)\n        __main_meat()\n        ^***********^\n/home/greg/dev/nethermind/warp/tests/semantic/solidity/test/libsolidity/semanticTests/constructor/store_internal_unused_library_function_in_constructor.cairo.temp:182:5: (pc=0:2259)\n    __warp_if_0(__warp_subexpr_0)\n    ^***************************^\n/home/greg/dev/nethermind/warp/tests/semantic/solidity/test/libsolidity/semanticTests/constructor/store_internal_unused_library_function_in_constructor.cairo.temp:166:9: (pc=0:2213)\n        __warp_block_0()\n        ^**************^\n/home/greg/dev/nethermind/warp/tests/semantic/solidity/test/libsolidity/semanticTests/constructor/store_internal_unused_library_function_in_constructor.cairo.temp:156:5: (pc=0:2188)\n    __warp_if_1(__warp_subexpr_0)\n    ^***************************^\n/home/greg/dev/nethermind/warp/tests/semantic/solidity/test/libsolidity/semanticTests/constructor/store_internal_unused_library_function_in_constructor.cairo.temp:141:9: (pc=0:2143)\n        __warp_block_1()\n        ^**************^\n/home/greg/dev/nethermind/warp/tests/semantic/solidity/test/libsolidity/semanticTests/constructor/store_internal_unused_library_function_in_constructor.cairo.temp:128:27: (pc=0:2073)\n    let (out : Uint256) = __warp_block_2(out, value)\n                          ^************************^\n/home/greg/dev/nethermind/warp/tests/semantic/solidity/test/libsolidity/semanticTests/constructor/store_internal_unused_library_function_in_constructor.cairo.temp:107:27: (pc=0:2008)\n    let (out : Uint256) = __warp_block_3(match_var, out)\n                          ^****************************^'})
------------------------------------------------------------------------------------------------------------------- Captured stdout call -------------------------------------------------------------------------------------------------------------------
{'callData': '0x92d0d153', 'expectations': '0x0000000000000000000000000000000000000000000000000000000000000007', 'failure': False, 'signature': 't()'}
___________________________________________ test_semantics[/home/greg/dev/nethermind/warp/tests/semantic/solidity/test/libsolidity/semanticTests/constructor/store_internal_unused_function_in_constructor.sol] ____________________________________________
../../../warp_dev/lib/python3.7/site-packages/cairo_lang-0.6.2-py3.7.egg/starkware/starknet/business_logic/internal_transaction.py:539: in _run
    verify_secure=True,
../../../warp_dev/lib/python3.7/site-packages/cairo_lang-0.6.2-py3.7.egg/starkware/cairo/common/cairo_function_runner.py:199: in run_from_entrypoint
    self.run_until_pc(addr=end, run_resources=run_resources)
../../../warp_dev/lib/python3.7/site-packages/cairo_lang-0.6.2-py3.7.egg/starkware/cairo/lang/vm/cairo_runner.py:284: in run_until_pc
    self.vm_step()
../../../warp_dev/lib/python3.7/site-packages/cairo_lang-0.6.2-py3.7.egg/starkware/cairo/lang/vm/cairo_runner.py:298: in vm_step
    self.vm.step()
../../../warp_dev/lib/python3.7/site-packages/cairo_lang-0.6.2-py3.7.egg/starkware/cairo/lang/vm/virtual_machine_base.py:255: in step
    self.run_instruction(instruction)
../../../warp_dev/lib/python3.7/site-packages/cairo_lang-0.6.2-py3.7.egg/starkware/cairo/lang/vm/vm_core.py:422: in run_instruction
    raise self.as_vm_exception(exc) from None
E   starkware.cairo.lang.vm.vm_exceptions.VmException: /home/greg/dev/nethermind/warp/tests/semantic/solidity/test/libsolidity/semanticTests/constructor/store_internal_unused_function_in_constructor.cairo.temp:99:9: Error at pc=0:1991:
E   An ASSERT_EQ instruction failed: 1 != 0.
E           assert 0 = 1
E           ^**********^
E   Cairo traceback (most recent call last):
E   /home/greg/dev/nethermind/warp/tests/semantic/solidity/test/libsolidity/semanticTests/constructor/store_internal_unused_function_in_constructor.cairo.temp:53:6: (pc=0:1883)
E   func __main{
E        ^****^
E   /home/greg/dev/nethermind/warp/tests/semantic/solidity/test/libsolidity/semanticTests/constructor/store_internal_unused_function_in_constructor.cairo.temp:67:9: (pc=0:1822)
E           __main_meat()
E           ^***********^
E   /home/greg/dev/nethermind/warp/tests/semantic/solidity/test/libsolidity/semanticTests/constructor/store_internal_unused_function_in_constructor.cairo.temp:182:5: (pc=0:2259)
E       __warp_if_0(__warp_subexpr_0)
E       ^***************************^
E   /home/greg/dev/nethermind/warp/tests/semantic/solidity/test/libsolidity/semanticTests/constructor/store_internal_unused_function_in_constructor.cairo.temp:166:9: (pc=0:2213)
E           __warp_block_0()
E           ^**************^
E   /home/greg/dev/nethermind/warp/tests/semantic/solidity/test/libsolidity/semanticTests/constructor/store_internal_unused_function_in_constructor.cairo.temp:156:5: (pc=0:2188)
E       __warp_if_1(__warp_subexpr_0)
E       ^***************************^
E   /home/greg/dev/nethermind/warp/tests/semantic/solidity/test/libsolidity/semanticTests/constructor/store_internal_unused_function_in_constructor.cairo.temp:141:9: (pc=0:2143)
E           __warp_block_1()
E           ^**************^
E   /home/greg/dev/nethermind/warp/tests/semantic/solidity/test/libsolidity/semanticTests/constructor/store_internal_unused_function_in_constructor.cairo.temp:128:27: (pc=0:2073)
E       let (out : Uint256) = __warp_block_2(out, value)
E                             ^************************^
E   /home/greg/dev/nethermind/warp/tests/semantic/solidity/test/libsolidity/semanticTests/constructor/store_internal_unused_function_in_constructor.cairo.temp:107:27: (pc=0:2008)
E       let (out : Uint256) = __warp_block_3(match_var, out)
E                             ^****************************^

During handling of the above exception, another exception occurred:
tests/semantic/test_semantics.py:161: in test_semantics
    res = await invoke_method_evm_calldata(starknet, contract_address, argument)
../../../warp_dev/lib/python3.7/site-packages/sol_warp-0.2.12-py3.7.egg/yul/starknet_utils.py:30: in invoke_method_evm_calldata
    caller_address=0,
../../../warp_dev/lib/python3.7/site-packages/cairo_lang-0.6.2-py3.7.egg/starkware/starknet/testing/state.py:153: in invoke_raw
    state=state_copy, general_config=self.general_config
../../../warp_dev/lib/python3.7/site-packages/cairo_lang-0.6.2-py3.7.egg/starkware/starknet/business_logic/internal_transaction_interface.py:213: in apply_state_updates
    state=state_to_update, general_config=general_config
../../../warp_dev/lib/python3.7/site-packages/cairo_lang-0.6.2-py3.7.egg/starkware/starknet/business_logic/internal_transaction.py:405: in _apply_specific_state_updates
    func=_synchronous_apply_specific_state_updates,
/usr/lib/python3.7/concurrent/futures/thread.py:57: in run
    result = self.fn(*self.args, **self.kwargs)
../../../warp_dev/lib/python3.7/site-packages/cairo_lang-0.6.2-py3.7.egg/starkware/starknet/business_logic/internal_transaction.py:433: in _synchronous_apply_specific_state_updates
    run_resources=run_resources,
../../../warp_dev/lib/python3.7/site-packages/cairo_lang-0.6.2-py3.7.egg/starkware/starknet/business_logic/internal_transaction.py:559: in _run
    raise StarkException(code=code, message=str(exception))
E   starkware.starkware_utils.error_handling.StarkException: (500, {'code': <StarknetErrorCode.TRANSACTION_FAILED: 28>, 'message': '/home/greg/dev/nethermind/warp/tests/semantic/solidity/test/libsolidity/semanticTests/constructor/store_internal_unused_function_in_constructor.cairo.temp:99:9: Error at pc=0:1991:\nAn ASSERT_EQ instruction failed: 1 != 0.\n        assert 0 = 1\n        ^**********^\nCairo traceback (most recent call last):\n/home/greg/dev/nethermind/warp/tests/semantic/solidity/test/libsolidity/semanticTests/constructor/store_internal_unused_function_in_constructor.cairo.temp:53:6: (pc=0:1883)\nfunc __main{\n     ^****^\n/home/greg/dev/nethermind/warp/tests/semantic/solidity/test/libsolidity/semanticTests/constructor/store_internal_unused_function_in_constructor.cairo.temp:67:9: (pc=0:1822)\n        __main_meat()\n        ^***********^\n/home/greg/dev/nethermind/warp/tests/semantic/solidity/test/libsolidity/semanticTests/constructor/store_internal_unused_function_in_constructor.cairo.temp:182:5: (pc=0:2259)\n    __warp_if_0(__warp_subexpr_0)\n    ^***************************^\n/home/greg/dev/nethermind/warp/tests/semantic/solidity/test/libsolidity/semanticTests/constructor/store_internal_unused_function_in_constructor.cairo.temp:166:9: (pc=0:2213)\n        __warp_block_0()\n        ^**************^\n/home/greg/dev/nethermind/warp/tests/semantic/solidity/test/libsolidity/semanticTests/constructor/store_internal_unused_function_in_constructor.cairo.temp:156:5: (pc=0:2188)\n    __warp_if_1(__warp_subexpr_0)\n    ^***************************^\n/home/greg/dev/nethermind/warp/tests/semantic/solidity/test/libsolidity/semanticTests/constructor/store_internal_unused_function_in_constructor.cairo.temp:141:9: (pc=0:2143)\n        __warp_block_1()\n        ^**************^\n/home/greg/dev/nethermind/warp/tests/semantic/solidity/test/libsolidity/semanticTests/constructor/store_internal_unused_function_in_constructor.cairo.temp:128:27: (pc=0:2073)\n    let (out : Uint256) = __warp_block_2(out, value)\n                          ^************************^\n/home/greg/dev/nethermind/warp/tests/semantic/solidity/test/libsolidity/semanticTests/constructor/store_internal_unused_function_in_constructor.cairo.temp:107:27: (pc=0:2008)\n    let (out : Uint256) = __warp_block_3(match_var, out)\n                          ^****************************^'})
------------------------------------------------------------------------------------------------------------------- Captured stdout call -------------------------------------------------------------------------------------------------------------------
{'callData': '0x92d0d153', 'expectations': '0x0000000000000000000000000000000000000000000000000000000000000007', 'failure': False, 'signature': 't()'}
----------------------------------------------------------------------------------------------------------------- Captured stdout teardown -----------------------------------------------------------------------------------------------------------------
{'callData': '0x4ab75c40', 'expectations': '0x0000000000000000000000000000000000000000000000000000000000000005', 'failure': False, 'signature': 'getBMember()'}
{'callData': '0xe6d7cd75', 'expectations': '0x0000000000000000000000000000000000000000000000000000000000000006', 'failure': False, 'signature': 'getDMember()'}
_________________________________________________ test_semantics[/home/greg/dev/nethermind/warp/tests/semantic/solidity/test/libsolidity/semanticTests/constructor/constructor_static_array_argument.sol] __________________________________________________
tests/semantic/test_semantics.py:161: in test_semantics
    res = await invoke_method_evm_calldata(starknet, contract_address, argument)
../../../warp_dev/lib/python3.7/site-packages/sol_warp-0.2.12-py3.7.egg/yul/starknet_utils.py:30: in invoke_method_evm_calldata
    caller_address=0,
../../../warp_dev/lib/python3.7/site-packages/cairo_lang-0.6.2-py3.7.egg/starkware/starknet/testing/state.py:129: in invoke_raw
    assert isinstance(contract_address, int)
E   AssertionError
------------------------------------------------------------------------------------------------------------------- Captured stdout call -------------------------------------------------------------------------------------------------------------------
{'callData': '0x0dbe671f', 'expectations': '0x0000000000000000000000000000000000000000000000000000000000000001', 'failure': False, 'signature': 'a()'}
------------------------------------------------------------------------------------------------------------------- Captured stderr call -------------------------------------------------------------------------------------------------------------------
Warning: SPDX license identifier not provided in source file. Before publishing, consider adding a comment containing "SPDX-License-Identifier: <SPDX-License>" to each source file. Use "SPDX-License-Identifier: UNLICENSED" for non-open-source code. Please see https://spdx.org for more information.
--> tests/semantic/solidity/test/libsolidity/semanticTests/various/typed_multi_variable_declaration_marked.sol

Warning: SPDX license identifier not provided in source file. Before publishing, consider adding a comment containing "SPDX-License-Identifier: <SPDX-License>" to each source file. Use "SPDX-License-Identifier: UNLICENSED" for non-open-source code. Please see https://spdx.org for more information.
--> tests/semantic/solidity/test/libsolidity/semanticTests/various/skip_dynamic_types_for_static_arrays_with_dynamic_elements_marked.sol

Warning: Function state mutability can be restricted to pure
 --> tests/semantic/solidity/test/libsolidity/semanticTests/various/skip_dynamic_types_for_static_arrays_with_dynamic_elements_marked.sol:7:5:
  |
7 |     function f() public returns (uint256, bool[][2] memory, S[2] memory, uint256) {
  |     ^ (Relevant source part starts here and spans across multiple lines).

Warning: SPDX license identifier not provided in source file. Before publishing, consider adding a comment containing "SPDX-License-Identifier: <SPDX-License>" to each source file. Use "SPDX-License-Identifier: UNLICENSED" for non-open-source code. Please see https://spdx.org for more information.
--> tests/semantic/solidity/test/libsolidity/semanticTests/various/store_bytes_marked.sol

_________________________________________________________________ test_semantics[/home/greg/dev/nethermind/warp/tests/semantic/solidity/test/libsolidity/semanticTests/various/erc20.sol] __________________________________________________________________
tests/semantic/test_semantics.py:126: in test_semantics
    contract_file, get_last_contract(contract_file)
../../../warp_dev/lib/python3.7/site-packages/sol_warp-0.2.12-py3.7.egg/yul/main.py:55: in transpile_from_solidity
    cairo_code = transpile_from_yul(yul_ast)
../../../warp_dev/lib/python3.7/site-packages/sol_warp-0.2.12-py3.7.egg/yul/main.py:75: in transpile_from_yul
    yul_ast = RevertNormalizer(builtins).map(yul_ast)
../../../warp_dev/lib/python3.7/site-packages/sol_warp-0.2.12-py3.7.egg/yul/RevertNormalizer.py:41: in map
    return self.visit(node)
../../../warp_dev/lib/python3.7/site-packages/sol_warp-0.2.12-py3.7.egg/yul/AstVisitor.py:59: in visit
    return method(node, *args, **kwargs)
../../../warp_dev/lib/python3.7/site-packages/sol_warp-0.2.12-py3.7.egg/yul/AstVisitor.py:43: in new_method
    res = method(node, *args, **kwargs)
../../../warp_dev/lib/python3.7/site-packages/sol_warp-0.2.12-py3.7.egg/yul/RevertNormalizer.py:71: in visit_block
    new_stmt = self.visit(stmt)
../../../warp_dev/lib/python3.7/site-packages/sol_warp-0.2.12-py3.7.egg/yul/AstVisitor.py:59: in visit
    return method(node, *args, **kwargs)
../../../warp_dev/lib/python3.7/site-packages/sol_warp-0.2.12-py3.7.egg/yul/AstVisitor.py:43: in new_method
    res = method(node, *args, **kwargs)
../../../warp_dev/lib/python3.7/site-packages/sol_warp-0.2.12-py3.7.egg/yul/RevertNormalizer.py:89: in visit_function_definition
    body = self.visit(node.body)
../../../warp_dev/lib/python3.7/site-packages/sol_warp-0.2.12-py3.7.egg/yul/AstVisitor.py:59: in visit
    return method(node, *args, **kwargs)
../../../warp_dev/lib/python3.7/site-packages/sol_warp-0.2.12-py3.7.egg/yul/AstVisitor.py:43: in new_method
    res = method(node, *args, **kwargs)
../../../warp_dev/lib/python3.7/site-packages/sol_warp-0.2.12-py3.7.egg/yul/RevertNormalizer.py:71: in visit_block
    new_stmt = self.visit(stmt)
../../../warp_dev/lib/python3.7/site-packages/sol_warp-0.2.12-py3.7.egg/yul/AstVisitor.py:59: in visit
    return method(node, *args, **kwargs)
../../../warp_dev/lib/python3.7/site-packages/sol_warp-0.2.12-py3.7.egg/yul/AstVisitor.py:43: in new_method
    res = method(node, *args, **kwargs)
../../../warp_dev/lib/python3.7/site-packages/sol_warp-0.2.12-py3.7.egg/yul/AstMapper.py:33: in visit_expression_statement
    return ast.ExpressionStatement(self.visit(node.expression))
../../../warp_dev/lib/python3.7/site-packages/sol_warp-0.2.12-py3.7.egg/yul/AstVisitor.py:59: in visit
    return method(node, *args, **kwargs)
../../../warp_dev/lib/python3.7/site-packages/sol_warp-0.2.12-py3.7.egg/yul/AstVisitor.py:43: in new_method
    res = method(node, *args, **kwargs)
../../../warp_dev/lib/python3.7/site-packages/sol_warp-0.2.12-py3.7.egg/yul/RevertNormalizer.py:54: in visit_function_call
    self.terminates_execution = self._is_function_terminating(name)
../../../warp_dev/lib/python3.7/site-packages/sol_warp-0.2.12-py3.7.egg/yul/RevertNormalizer.py:129: in _is_function_terminating
    return handler.is_terminating()
E   AttributeError: 'Log3' object has no attribute 'is_terminating'
------------------------------------------------------------------------------------------------------------------- Captured stderr call -------------------------------------------------------------------------------------------------------------------
Warning: SPDX license identifier not provided in source file. Before publishing, consider adding a comment containing "SPDX-License-Identifier: <SPDX-License>" to each source file. Use "SPDX-License-Identifier: UNLICENSED" for non-open-source code. Please see https://spdx.org for more information.
--> tests/semantic/solidity/test/libsolidity/semanticTests/various/erc20_marked.sol

___________________________________________________ test_semantics[/home/greg/dev/nethermind/warp/tests/semantic/solidity/test/libsolidity/semanticTests/constructor/constructor_arguments_external.sol] ___________________________________________________
tests/semantic/test_semantics.py:161: in test_semantics
    res = await invoke_method_evm_calldata(starknet, contract_address, argument)
../../../warp_dev/lib/python3.7/site-packages/sol_warp-0.2.12-py3.7.egg/yul/starknet_utils.py:30: in invoke_method_evm_calldata
    caller_address=0,
../../../warp_dev/lib/python3.7/site-packages/cairo_lang-0.6.2-py3.7.egg/starkware/starknet/testing/state.py:129: in invoke_raw
    assert isinstance(contract_address, int)
E   AssertionError
------------------------------------------------------------------------------------------------------------------- Captured stdout call -------------------------------------------------------------------------------------------------------------------
{'callData': '0xf9633930', 'expectations': '0x0000000000000000000000000000000000000000000000000000000000000001', 'failure': False, 'signature': 'getFlag()'}
___________________________________________________ test_semantics[/home/greg/dev/nethermind/warp/tests/semantic/solidity/test/libsolidity/semanticTests/constructor/store_function_in_constructor.sol] ____________________________________________________
../../../warp_dev/lib/python3.7/site-packages/cairo_lang-0.6.2-py3.7.egg/starkware/starknet/business_logic/internal_transaction.py:539: in _run
    verify_secure=True,
../../../warp_dev/lib/python3.7/site-packages/cairo_lang-0.6.2-py3.7.egg/starkware/cairo/common/cairo_function_runner.py:199: in run_from_entrypoint
    self.run_until_pc(addr=end, run_resources=run_resources)
../../../warp_dev/lib/python3.7/site-packages/cairo_lang-0.6.2-py3.7.egg/starkware/cairo/lang/vm/cairo_runner.py:284: in run_until_pc
    self.vm_step()
../../../warp_dev/lib/python3.7/site-packages/cairo_lang-0.6.2-py3.7.egg/starkware/cairo/lang/vm/cairo_runner.py:298: in vm_step
    self.vm.step()
../../../warp_dev/lib/python3.7/site-packages/cairo_lang-0.6.2-py3.7.egg/starkware/cairo/lang/vm/virtual_machine_base.py:255: in step
    self.run_instruction(instruction)
../../../warp_dev/lib/python3.7/site-packages/cairo_lang-0.6.2-py3.7.egg/starkware/cairo/lang/vm/vm_core.py:422: in run_instruction
    raise self.as_vm_exception(exc) from None
E   starkware.cairo.lang.vm.vm_exceptions.VmException: /home/greg/dev/nethermind/warp/tests/semantic/solidity/test/libsolidity/semanticTests/constructor/store_function_in_constructor.cairo.temp:163:9: Error at pc=0:2512:
E   An ASSERT_EQ instruction failed: 1 != 0.
E           assert 0 = 1
E           ^**********^
E   Cairo traceback (most recent call last):
E   /home/greg/dev/nethermind/warp/tests/semantic/solidity/test/libsolidity/semanticTests/constructor/store_function_in_constructor.cairo.temp:53:6: (pc=0:2178)
E   func __main{
E        ^****^
E   /home/greg/dev/nethermind/warp/tests/semantic/solidity/test/libsolidity/semanticTests/constructor/store_function_in_constructor.cairo.temp:67:9: (pc=0:2117)
E           __main_meat()
E           ^***********^
E   /home/greg/dev/nethermind/warp/tests/semantic/solidity/test/libsolidity/semanticTests/constructor/store_function_in_constructor.cairo.temp:319:5: (pc=0:2975)
E       __warp_if_0(__warp_subexpr_0)
E       ^***************************^
E   /home/greg/dev/nethermind/warp/tests/semantic/solidity/test/libsolidity/semanticTests/constructor/store_function_in_constructor.cairo.temp:303:9: (pc=0:2929)
E           __warp_block_0()
E           ^**************^
E   /home/greg/dev/nethermind/warp/tests/semantic/solidity/test/libsolidity/semanticTests/constructor/store_function_in_constructor.cairo.temp:293:5: (pc=0:2904)
E       __warp_block_1()
E       ^**************^
E   /home/greg/dev/nethermind/warp/tests/semantic/solidity/test/libsolidity/semanticTests/constructor/store_function_in_constructor.cairo.temp:284:5: (pc=0:2891)
E       __warp_block_2(match_var)
E       ^***********************^
E   /home/greg/dev/nethermind/warp/tests/semantic/solidity/test/libsolidity/semanticTests/constructor/store_function_in_constructor.cairo.temp:273:5: (pc=0:2856)
E       __warp_if_1(__warp_subexpr_0, match_var)
E       ^**************************************^
E   /home/greg/dev/nethermind/warp/tests/semantic/solidity/test/libsolidity/semanticTests/constructor/store_function_in_constructor.cairo.temp:262:9: (pc=0:2819)
E           __warp_block_4(match_var)
E           ^***********************^
E   /home/greg/dev/nethermind/warp/tests/semantic/solidity/test/libsolidity/semanticTests/constructor/store_function_in_constructor.cairo.temp:249:5: (pc=0:2801)
E       __warp_if_2(__warp_subexpr_0, match_var)
E       ^**************************************^
E   /home/greg/dev/nethermind/warp/tests/semantic/solidity/test/libsolidity/semanticTests/constructor/store_function_in_constructor.cairo.temp:235:9: (pc=0:2775)
E           __warp_block_5()
E           ^**************^
E   /home/greg/dev/nethermind/warp/tests/semantic/solidity/test/libsolidity/semanticTests/constructor/store_function_in_constructor.cairo.temp:186:27: (pc=0:2584)
E       let (out : Uint256) = __warp_block_6(_2, out, value)
E                             ^****************************^
E   /home/greg/dev/nethermind/warp/tests/semantic/solidity/test/libsolidity/semanticTests/constructor/store_function_in_constructor.cairo.temp:172:27: (pc=0:2533)
E       let (out : Uint256) = __warp_block_7(_2, match_var, out)
E                             ^********************************^

During handling of the above exception, another exception occurred:
tests/semantic/test_semantics.py:161: in test_semantics
    res = await invoke_method_evm_calldata(starknet, contract_address, argument)
../../../warp_dev/lib/python3.7/site-packages/sol_warp-0.2.12-py3.7.egg/yul/starknet_utils.py:30: in invoke_method_evm_calldata
    caller_address=0,
../../../warp_dev/lib/python3.7/site-packages/cairo_lang-0.6.2-py3.7.egg/starkware/starknet/testing/state.py:153: in invoke_raw
    state=state_copy, general_config=self.general_config
../../../warp_dev/lib/python3.7/site-packages/cairo_lang-0.6.2-py3.7.egg/starkware/starknet/business_logic/internal_transaction_interface.py:213: in apply_state_updates
    state=state_to_update, general_config=general_config
../../../warp_dev/lib/python3.7/site-packages/cairo_lang-0.6.2-py3.7.egg/starkware/starknet/business_logic/internal_transaction.py:405: in _apply_specific_state_updates
    func=_synchronous_apply_specific_state_updates,
/usr/lib/python3.7/concurrent/futures/thread.py:57: in run
    result = self.fn(*self.args, **self.kwargs)
../../../warp_dev/lib/python3.7/site-packages/cairo_lang-0.6.2-py3.7.egg/starkware/starknet/business_logic/internal_transaction.py:433: in _synchronous_apply_specific_state_updates
    run_resources=run_resources,
../../../warp_dev/lib/python3.7/site-packages/cairo_lang-0.6.2-py3.7.egg/starkware/starknet/business_logic/internal_transaction.py:559: in _run
    raise StarkException(code=code, message=str(exception))
E   starkware.starkware_utils.error_handling.StarkException: (500, {'code': <StarknetErrorCode.TRANSACTION_FAILED: 28>, 'message': '/home/greg/dev/nethermind/warp/tests/semantic/solidity/test/libsolidity/semanticTests/constructor/store_function_in_constructor.cairo.temp:163:9: Error at pc=0:2512:\nAn ASSERT_EQ instruction failed: 1 != 0.\n        assert 0 = 1\n        ^**********^\nCairo traceback (most recent call last):\n/home/greg/dev/nethermind/warp/tests/semantic/solidity/test/libsolidity/semanticTests/constructor/store_function_in_constructor.cairo.temp:53:6: (pc=0:2178)\nfunc __main{\n     ^****^\n/home/greg/dev/nethermind/warp/tests/semantic/solidity/test/libsolidity/semanticTests/constructor/store_function_in_constructor.cairo.temp:67:9: (pc=0:2117)\n        __main_meat()\n        ^***********^\n/home/greg/dev/nethermind/warp/tests/semantic/solidity/test/libsolidity/semanticTests/constructor/store_function_in_constructor.cairo.temp:319:5: (pc=0:2975)\n    __warp_if_0(__warp_subexpr_0)\n    ^***************************^\n/home/greg/dev/nethermind/warp/tests/semantic/solidity/test/libsolidity/semanticTests/constructor/store_function_in_constructor.cairo.temp:303:9: (pc=0:2929)\n        __warp_block_0()\n        ^**************^\n/home/greg/dev/nethermind/warp/tests/semantic/solidity/test/libsolidity/semanticTests/constructor/store_function_in_constructor.cairo.temp:293:5: (pc=0:2904)\n    __warp_block_1()\n    ^**************^\n/home/greg/dev/nethermind/warp/tests/semantic/solidity/test/libsolidity/semanticTests/constructor/store_function_in_constructor.cairo.temp:284:5: (pc=0:2891)\n    __warp_block_2(match_var)\n    ^***********************^\n/home/greg/dev/nethermind/warp/tests/semantic/solidity/test/libsolidity/semanticTests/constructor/store_function_in_constructor.cairo.temp:273:5: (pc=0:2856)\n    __warp_if_1(__warp_subexpr_0, match_var)\n    ^**************************************^\n/home/greg/dev/nethermind/warp/tests/semantic/solidity/test/libsolidity/semanticTests/constructor/store_function_in_constructor.cairo.temp:262:9: (pc=0:2819)\n        __warp_block_4(match_var)\n        ^***********************^\n/home/greg/dev/nethermind/warp/tests/semantic/solidity/test/libsolidity/semanticTests/constructor/store_function_in_constructor.cairo.temp:249:5: (pc=0:2801)\n    __warp_if_2(__warp_subexpr_0, match_var)\n    ^**************************************^\n/home/greg/dev/nethermind/warp/tests/semantic/solidity/test/libsolidity/semanticTests/constructor/store_function_in_constructor.cairo.temp:235:9: (pc=0:2775)\n        __warp_block_5()\n        ^**************^\n/home/greg/dev/nethermind/warp/tests/semantic/solidity/test/libsolidity/semanticTests/constructor/store_function_in_constructor.cairo.temp:186:27: (pc=0:2584)\n    let (out : Uint256) = __warp_block_6(_2, out, value)\n                          ^****************************^\n/home/greg/dev/nethermind/warp/tests/semantic/solidity/test/libsolidity/semanticTests/constructor/store_function_in_constructor.cairo.temp:172:27: (pc=0:2533)\n    let (out : Uint256) = __warp_block_7(_2, match_var, out)\n                          ^********************************^'})
________________________________________________ test_semantics[/home/greg/dev/nethermind/warp/tests/semantic/solidity/test/libsolidity/semanticTests/constructor/store_function_in_constructor_packed.sol] ________________________________________________
../../../warp_dev/lib/python3.7/site-packages/cairo_lang-0.6.2-py3.7.egg/starkware/starknet/business_logic/internal_transaction.py:539: in _run
    verify_secure=True,
../../../warp_dev/lib/python3.7/site-packages/cairo_lang-0.6.2-py3.7.egg/starkware/cairo/common/cairo_function_runner.py:199: in run_from_entrypoint
    self.run_until_pc(addr=end, run_resources=run_resources)
../../../warp_dev/lib/python3.7/site-packages/cairo_lang-0.6.2-py3.7.egg/starkware/cairo/lang/vm/cairo_runner.py:284: in run_until_pc
    self.vm_step()
../../../warp_dev/lib/python3.7/site-packages/cairo_lang-0.6.2-py3.7.egg/starkware/cairo/lang/vm/cairo_runner.py:298: in vm_step
    self.vm.step()
../../../warp_dev/lib/python3.7/site-packages/cairo_lang-0.6.2-py3.7.egg/starkware/cairo/lang/vm/virtual_machine_base.py:255: in step
    self.run_instruction(instruction)
../../../warp_dev/lib/python3.7/site-packages/cairo_lang-0.6.2-py3.7.egg/starkware/cairo/lang/vm/vm_core.py:422: in run_instruction
    raise self.as_vm_exception(exc) from None
E   starkware.cairo.lang.vm.vm_exceptions.VmException: /home/greg/dev/nethermind/warp/tests/semantic/solidity/test/libsolidity/semanticTests/constructor/store_function_in_constructor_packed.cairo.temp:80:9: Error at pc=0:2209:
E   An ASSERT_EQ instruction failed: 1 != 0.
E           assert 0 = 1
E           ^**********^
E   Cairo traceback (most recent call last):
E   /home/greg/dev/nethermind/warp/tests/semantic/solidity/test/libsolidity/semanticTests/constructor/store_function_in_constructor_packed.cairo.temp:37:6: (pc=0:2065)
E   func constructor{
E        ^*********^
E   /home/greg/dev/nethermind/warp/tests/semantic/solidity/test/libsolidity/semanticTests/constructor/store_function_in_constructor_packed.cairo.temp:46:9: (pc=0:2030)
E           __constructor_meat()
E           ^******************^
E   /home/greg/dev/nethermind/warp/tests/semantic/solidity/test/libsolidity/semanticTests/constructor/store_function_in_constructor_packed.cairo.temp:119:27: (pc=0:2365)
E       let (out : Uint256) = __warp_block_0(out, result)
E                             ^*************************^
E   /home/greg/dev/nethermind/warp/tests/semantic/solidity/test/libsolidity/semanticTests/constructor/store_function_in_constructor_packed.cairo.temp:91:27: (pc=0:2243)
E       let (out : Uint256) = __warp_block_1(match_var, out)
E                             ^****************************^

During handling of the above exception, another exception occurred:
tests/semantic/test_semantics.py:148: in test_semantics
    contract_definition,
../../../warp_dev/lib/python3.7/site-packages/sol_warp-0.2.12-py3.7.egg/yul/starknet_utils.py:43: in deploy_contract
    contract_definition=contract_definition, constructor_calldata=cairo_calldata
../../../warp_dev/lib/python3.7/site-packages/cairo_lang-0.6.2-py3.7.egg/starkware/starknet/testing/state.py:104: in deploy
    await tx.apply_state_updates(state=state_copy, general_config=self.general_config)
../../../warp_dev/lib/python3.7/site-packages/cairo_lang-0.6.2-py3.7.egg/starkware/starknet/business_logic/internal_transaction_interface.py:213: in apply_state_updates
    state=state_to_update, general_config=general_config
../../../warp_dev/lib/python3.7/site-packages/cairo_lang-0.6.2-py3.7.egg/starkware/starknet/business_logic/internal_transaction.py:238: in _apply_specific_state_updates
    return await self.invoke_constructor(state=state, general_config=general_config)
../../../warp_dev/lib/python3.7/site-packages/cairo_lang-0.6.2-py3.7.egg/starkware/starknet/business_logic/internal_transaction.py:264: in invoke_constructor
    return await tx._apply_specific_state_updates(state=state, general_config=general_config)
../../../warp_dev/lib/python3.7/site-packages/cairo_lang-0.6.2-py3.7.egg/starkware/starknet/business_logic/internal_transaction.py:405: in _apply_specific_state_updates
    func=_synchronous_apply_specific_state_updates,
/usr/lib/python3.7/concurrent/futures/thread.py:57: in run
    result = self.fn(*self.args, **self.kwargs)
../../../warp_dev/lib/python3.7/site-packages/cairo_lang-0.6.2-py3.7.egg/starkware/starknet/business_logic/internal_transaction.py:433: in _synchronous_apply_specific_state_updates
    run_resources=run_resources,
../../../warp_dev/lib/python3.7/site-packages/cairo_lang-0.6.2-py3.7.egg/starkware/starknet/business_logic/internal_transaction.py:559: in _run
    raise StarkException(code=code, message=str(exception))
E   starkware.starkware_utils.error_handling.StarkException: (500, {'code': <StarknetErrorCode.TRANSACTION_FAILED: 28>, 'message': '/home/greg/dev/nethermind/warp/tests/semantic/solidity/test/libsolidity/semanticTests/constructor/store_function_in_constructor_packed.cairo.temp:80:9: Error at pc=0:2209:\nAn ASSERT_EQ instruction failed: 1 != 0.\n        assert 0 = 1\n        ^**********^\nCairo traceback (most recent call last):\n/home/greg/dev/nethermind/warp/tests/semantic/solidity/test/libsolidity/semanticTests/constructor/store_function_in_constructor_packed.cairo.temp:37:6: (pc=0:2065)\nfunc constructor{\n     ^*********^\n/home/greg/dev/nethermind/warp/tests/semantic/solidity/test/libsolidity/semanticTests/constructor/store_function_in_constructor_packed.cairo.temp:46:9: (pc=0:2030)\n        __constructor_meat()\n        ^******************^\n/home/greg/dev/nethermind/warp/tests/semantic/solidity/test/libsolidity/semanticTests/constructor/store_function_in_constructor_packed.cairo.temp:119:27: (pc=0:2365)\n    let (out : Uint256) = __warp_block_0(out, result)\n                          ^*************************^\n/home/greg/dev/nethermind/warp/tests/semantic/solidity/test/libsolidity/semanticTests/constructor/store_function_in_constructor_packed.cairo.temp:91:27: (pc=0:2243)\n    let (out : Uint256) = __warp_block_1(match_var, out)\n                          ^****************************^'})
------------------------------------------------------------------------------------------------------------------- Captured stdout call -------------------------------------------------------------------------------------------------------------------
{'callData': '0xc3da42b8', 'expectations': '0x000000000000000000000000000000000000000000000000000000000000002000000000000000000000000000000000000000000000000000000000000000014300000000000000000000000000000000000000000000000000000000000000', 'failure': False, 'signature': 'c()'}
------------------------------------------------------------------------------------------------------------------- Captured stderr call -------------------------------------------------------------------------------------------------------------------
Warning: SPDX license identifier not provided in source file. Before publishing, consider adding a comment containing "SPDX-License-Identifier: <SPDX-License>" to each source file. Use "SPDX-License-Identifier: UNLICENSED" for non-open-source code. Please see https://spdx.org for more information.
--> tests/semantic/solidity/test/libsolidity/semanticTests/various/state_variable_local_variable_mixture_marked.sol

Warning: This declaration shadows an existing declaration.
 --> tests/semantic/solidity/test/libsolidity/semanticTests/various/state_variable_local_variable_mixture_marked.sol:5:34:
  |
5 |     function a() public returns (uint256 x) {
  |                                  ^^^^^^^^^
Note: The shadowed declaration is here:
 --> tests/semantic/solidity/test/libsolidity/semanticTests/various/state_variable_local_variable_mixture_marked.sol:3:5:
  |
3 |     uint256 x = 1;
  |     ^^^^^^^^^^^^^

Warning: Function state mutability can be restricted to view
 --> tests/semantic/solidity/test/libsolidity/semanticTests/various/state_variable_local_variable_mixture_marked.sol:5:5:
  |
5 |     function a() public returns (uint256 x) {
  |     ^ (Relevant source part starts here and spans across multiple lines).

Warning: SPDX license identifier not provided in source file. Before publishing, consider adding a comment containing "SPDX-License-Identifier: <SPDX-License>" to each source file. Use "SPDX-License-Identifier: UNLICENSED" for non-open-source code. Please see https://spdx.org for more information.
--> tests/semantic/solidity/test/libsolidity/semanticTests/various/decayed_tuple_marked.sol

Warning: Function state mutability can be restricted to pure
 --> tests/semantic/solidity/test/libsolidity/semanticTests/various/decayed_tuple_marked.sol:3:5:
  |
3 |     function f() public returns (uint256) {
  |     ^ (Relevant source part starts here and spans across multiple lines).

______________________________________________________ test_semantics[/home/greg/dev/nethermind/warp/tests/semantic/solidity/test/libsolidity/semanticTests/various/staticcall_for_view_and_pure.sol] ______________________________________________________
tests/semantic/test_semantics.py:126: in test_semantics
    contract_file, get_last_contract(contract_file)
../../../warp_dev/lib/python3.7/site-packages/sol_warp-0.2.12-py3.7.egg/yul/main.py:53: in transpile_from_solidity
    codes = json.loads(result.stdout)
/usr/lib/python3.7/json/__init__.py:348: in loads
    return _default_decoder.decode(s)
/usr/lib/python3.7/json/decoder.py:337: in decode
    obj, end = self.raw_decode(s, idx=_w(s, 0).end())
/usr/lib/python3.7/json/decoder.py:355: in raw_decode
    raise JSONDecodeError("Expecting value", s, err.value) from None
E   json.decoder.JSONDecodeError: Expecting value: line 1 column 1 (char 0)
------------------------------------------------------------------------------------------------------------------- Captured stderr call -------------------------------------------------------------------------------------------------------------------
Warning: SPDX license identifier not provided in source file. Before publishing, consider adding a comment containing "SPDX-License-Identifier: <SPDX-License>" to each source file. Use "SPDX-License-Identifier: UNLICENSED" for non-open-source code. Please see https://spdx.org for more information.
--> tests/semantic/solidity/test/libsolidity/semanticTests/various/staticcall_for_view_and_pure_marked.sol

______________________________________________________ test_semantics[/home/greg/dev/nethermind/warp/tests/semantic/solidity/test/libsolidity/semanticTests/various/positive_integers_to_signed.sol] _______________________________________________________
FAILURE: /home/greg/dev/nethermind/warp/tests/semantic/solidity/test/libsolidity/semanticTests/various/positive_integers_to_signed.cairo.temp
assert '0x0000000000...0000000000000' == '0x0000000000...0000000000002'
  - 0x0000000000000000000000000000000000000000000000000000000000000002
  ?                                                                  ^
  + 0x0000000000000000000000000000000000000000000000000000000000000000
  ?                                                                  ^
tests/semantic/test_semantics.py:173 in test_semantics() -> check.equal(final_res, expected_result, cairo_file_path)
FAILURE: /home/greg/dev/nethermind/warp/tests/semantic/solidity/test/libsolidity/semanticTests/various/positive_integers_to_signed.cairo.temp
assert '0x0000000000...0000000000000' == '0x0000000000...000000000007f'
  - 0x000000000000000000000000000000000000000000000000000000000000007f
  ?                                                                 ^^
  + 0x0000000000000000000000000000000000000000000000000000000000000000
  ?                                                                 ^^
tests/semantic/test_semantics.py:173 in test_semantics() -> check.equal(final_res, expected_result, cairo_file_path)
FAILURE: /home/greg/dev/nethermind/warp/tests/semantic/solidity/test/libsolidity/semanticTests/various/positive_integers_to_signed.cairo.temp
assert '0x0000000000...0000000000001' == '0x0000000000...00000000000fa'
  - 0x00000000000000000000000000000000000000000000000000000000000000fa
  ?                                                                 ^^
  + 0x0000000000000000000000000000000000000000000000000000000000000001
  ?                                                                 ^^
tests/semantic/test_semantics.py:173 in test_semantics() -> check.equal(final_res, expected_result, cairo_file_path)
------------------------------------------------------------
Failed Checks: 3
------------------------------------------------------------------------------------------------------------------- Captured stdout call -------------------------------------------------------------------------------------------------------------------
{'callData': '0x0c55699c', 'expectations': '0x0000000000000000000000000000000000000000000000000000000000000002', 'failure': False, 'signature': 'x()'}
{'callData': '0xa56dfe4a', 'expectations': '0x000000000000000000000000000000000000000000000000000000000000007f', 'failure': False, 'signature': 'y()'}
{'callData': '0xfd3ab282', 'expectations': '0x00000000000000000000000000000000000000000000000000000000000000fa', 'failure': False, 'signature': 'q()'}
------------------------------------------------------------------------------------------------------------------- Captured stderr call -------------------------------------------------------------------------------------------------------------------
Warning: SPDX license identifier not provided in source file. Before publishing, consider adding a comment containing "SPDX-License-Identifier: <SPDX-License>" to each source file. Use "SPDX-License-Identifier: UNLICENSED" for non-open-source code. Please see https://spdx.org for more information.
--> tests/semantic/solidity/test/libsolidity/semanticTests/various/iszero_bnot_correct_marked.sol

Warning: Function state mutability can be restricted to pure
 --> tests/semantic/solidity/test/libsolidity/semanticTests/various/iszero_bnot_correct_marked.sol:3:5:
  |
3 |     function f() public returns (bool) {
  |     ^ (Relevant source part starts here and spans across multiple lines).

______________________________________________________ test_semantics[/home/greg/dev/nethermind/warp/tests/semantic/solidity/test/libsolidity/semanticTests/various/code_length_contract_member.sol] _______________________________________________________
../../../warp_dev/lib/python3.7/site-packages/cairo_lang-0.6.2-py3.7.egg/starkware/cairo/lang/compiler/preprocessor/dependency_graph.py:48: in add_identifier
    accessible_scopes=self.accessible_scopes, name=name
../../../warp_dev/lib/python3.7/site-packages/cairo_lang-0.6.2-py3.7.egg/starkware/cairo/lang/compiler/identifier_manager.py:225: in search
    res = self._search(accessible_scopes=accessible_scopes, name=name, get_scope=False)
../../../warp_dev/lib/python3.7/site-packages/cairo_lang-0.6.2-py3.7.egg/starkware/cairo/lang/compiler/identifier_manager.py:217: in _search
    raise MissingIdentifierError(name[:1])
E   starkware.cairo.lang.compiler.identifier_manager.MissingIdentifierError: Unknown identifier 'extcodesize'.

During handling of the above exception, another exception occurred:
tests/semantic/test_semantics.py:135: in test_semantics
    contract_definition = await starknet_compile(cairo_file_path)
tests/semantic/test_semantics.py:71: in starknet_compile
    [contract_file], debug_info=True, cairo_path=[cairo_path]
../../../warp_dev/lib/python3.7/site-packages/cairo_lang-0.6.2-py3.7.egg/starkware/starknet/compiler/compile.py:107: in compile_starknet_files
    cairo_path=cairo_path,
../../../warp_dev/lib/python3.7/site-packages/cairo_lang-0.6.2-py3.7.egg/starkware/starknet/compiler/compile.py:128: in compile_starknet_codes
    code=codes, debug_info=debug_info, pass_manager=pass_manager
../../../warp_dev/lib/python3.7/site-packages/cairo_lang-0.6.2-py3.7.egg/starkware/cairo/lang/compiler/cairo_compile.py:230: in compile_cairo_ex
    codes=codes_with_filenames, pass_manager=pass_manager, main_scope=main_scope
../../../warp_dev/lib/python3.7/site-packages/cairo_lang-0.6.2-py3.7.egg/starkware/cairo/lang/compiler/preprocessor/preprocess_codes.py:24: in preprocess_codes
    pass_manager.run(context)
../../../warp_dev/lib/python3.7/site-packages/cairo_lang-0.6.2-py3.7.egg/starkware/cairo/lang/compiler/preprocessor/pass_manager.py:53: in run
    stage.run(context)
../../../warp_dev/lib/python3.7/site-packages/cairo_lang-0.6.2-py3.7.egg/starkware/cairo/lang/compiler/preprocessor/dependency_graph.py:181: in run
    scopes_to_compile={context.main_scope} | self.additional_scopes_to_compile,
../../../warp_dev/lib/python3.7/site-packages/cairo_lang-0.6.2-py3.7.egg/starkware/cairo/lang/compiler/preprocessor/dependency_graph.py:166: in get_functions_to_compile
    dependency_graph.visit(module)
../../../warp_dev/lib/python3.7/site-packages/cairo_lang-0.6.2-py3.7.egg/starkware/cairo/lang/compiler/ast/visitor.py:40: in visit
    return getattr(self, f"visit_{type(obj).__name__}", self._visit_default)(obj)
../../../warp_dev/lib/python3.7/site-packages/cairo_lang-0.6.2-py3.7.egg/starkware/cairo/lang/compiler/ast/visitor.py:63: in visit_CairoModule
    cairo_file=CairoFile(code_block=self.visit(module.cairo_file.code_block)),
../../../warp_dev/lib/python3.7/site-packages/cairo_lang-0.6.2-py3.7.egg/starkware/cairo/lang/compiler/ast/visitor.py:40: in visit
    return getattr(self, f"visit_{type(obj).__name__}", self._visit_default)(obj)
../../../warp_dev/lib/python3.7/site-packages/cairo_lang-0.6.2-py3.7.egg/starkware/cairo/lang/compiler/ast/visitor.py:82: in visit_CodeBlock
    for commented_code_elm in elm.code_elements
../../../warp_dev/lib/python3.7/site-packages/cairo_lang-0.6.2-py3.7.egg/starkware/cairo/lang/compiler/ast/visitor.py:82: in <listcomp>
    for commented_code_elm in elm.code_elements
../../../warp_dev/lib/python3.7/site-packages/cairo_lang-0.6.2-py3.7.egg/starkware/cairo/lang/compiler/ast/visitor.py:40: in visit
    return getattr(self, f"visit_{type(obj).__name__}", self._visit_default)(obj)
../../../warp_dev/lib/python3.7/site-packages/cairo_lang-0.6.2-py3.7.egg/starkware/cairo/lang/compiler/preprocessor/dependency_graph.py:76: in visit_CodeElementFunction
    super().visit_CodeElementFunction(elm)
../../../warp_dev/lib/python3.7/site-packages/cairo_lang-0.6.2-py3.7.egg/starkware/cairo/lang/compiler/ast/visitor.py:54: in visit_CodeElementFunction
    code_block=self.visit(elm.code_block),
../../../warp_dev/lib/python3.7/site-packages/cairo_lang-0.6.2-py3.7.egg/starkware/cairo/lang/compiler/ast/visitor.py:40: in visit
    return getattr(self, f"visit_{type(obj).__name__}", self._visit_default)(obj)
../../../warp_dev/lib/python3.7/site-packages/cairo_lang-0.6.2-py3.7.egg/starkware/cairo/lang/compiler/ast/visitor.py:82: in visit_CodeBlock
    for commented_code_elm in elm.code_elements
../../../warp_dev/lib/python3.7/site-packages/cairo_lang-0.6.2-py3.7.egg/starkware/cairo/lang/compiler/ast/visitor.py:82: in <listcomp>
    for commented_code_elm in elm.code_elements
../../../warp_dev/lib/python3.7/site-packages/cairo_lang-0.6.2-py3.7.egg/starkware/cairo/lang/compiler/ast/visitor.py:40: in visit
    return getattr(self, f"visit_{type(obj).__name__}", self._visit_default)(obj)
../../../warp_dev/lib/python3.7/site-packages/cairo_lang-0.6.2-py3.7.egg/starkware/cairo/lang/compiler/preprocessor/dependency_graph.py:36: in _visit_default
    self.visit(child)
../../../warp_dev/lib/python3.7/site-packages/cairo_lang-0.6.2-py3.7.egg/starkware/cairo/lang/compiler/ast/visitor.py:40: in visit
    return getattr(self, f"visit_{type(obj).__name__}", self._visit_default)(obj)
../../../warp_dev/lib/python3.7/site-packages/cairo_lang-0.6.2-py3.7.egg/starkware/cairo/lang/compiler/preprocessor/dependency_graph.py:36: in _visit_default
    self.visit(child)
../../../warp_dev/lib/python3.7/site-packages/cairo_lang-0.6.2-py3.7.egg/starkware/cairo/lang/compiler/ast/visitor.py:40: in visit
    return getattr(self, f"visit_{type(obj).__name__}", self._visit_default)(obj)
../../../warp_dev/lib/python3.7/site-packages/cairo_lang-0.6.2-py3.7.egg/starkware/cairo/lang/compiler/preprocessor/dependency_graph.py:87: in visit_ExprIdentifier
    self.add_identifier(ScopedName.from_string(expr.name), location=expr.location)
../../../warp_dev/lib/python3.7/site-packages/cairo_lang-0.6.2-py3.7.egg/starkware/cairo/lang/compiler/preprocessor/dependency_graph.py:56: in add_identifier
    raise PreprocessorError(str(e), location=location)
E   starkware.cairo.lang.compiler.preprocessor.preprocessor_error.PreprocessorError: /home/greg/dev/nethermind/warp/tests/semantic/solidity/test/libsolidity/semanticTests/various/code_length_contract_member.cairo.temp:82:40: Unknown identifier 'extcodesize'.
E       let (__warp_subexpr_3 : Uint256) = extcodesize(__warp_subexpr_4)
E                                          ^*********^
------------------------------------------------------------------------------------------------------------------- Captured stderr call -------------------------------------------------------------------------------------------------------------------
Warning: SPDX license identifier not provided in source file. Before publishing, consider adding a comment containing "SPDX-License-Identifier: <SPDX-License>" to each source file. Use "SPDX-License-Identifier: UNLICENSED" for non-open-source code. Please see https://spdx.org for more information.
--> tests/semantic/solidity/test/libsolidity/semanticTests/various/code_length_contract_member_marked.sol

Warning: Function state mutability can be restricted to view
 --> tests/semantic/solidity/test/libsolidity/semanticTests/various/code_length_contract_member_marked.sol:8:5:
  |
8 |     function f() public returns (uint, uint, bool) {
  |     ^ (Relevant source part starts here and spans across multiple lines).

_________________________________________________________ test_semantics[/home/greg/dev/nethermind/warp/tests/semantic/solidity/test/libsolidity/semanticTests/various/byte_optimization_bug.sol] __________________________________________________________
FAILURE: /home/greg/dev/nethermind/warp/tests/semantic/solidity/test/libsolidity/semanticTests/various/byte_optimization_bug.cairo.temp
assert '0x0000000000...0000000000002' == '0x0000000000...0000000000000'
  - 0x0000000000000000000000000000000000000000000000000000000000000000
  ?                                                                  ^
  + 0x0000000000000000000000000000000000000000000000000000000000000002
  ?                                                                  ^
tests/semantic/test_semantics.py:173 in test_semantics() -> check.equal(final_res, expected_result, cairo_file_path)
------------------------------------------------------------
Failed Checks: 1
------------------------------------------------------------------------------------------------------------------- Captured stdout call -------------------------------------------------------------------------------------------------------------------
{'callData': '0xe420264a0000000000000000000000000000000000000000000000000000000000000002', 'expectations': '0x0000000000000000000000000000000000000000000000000000000000000002', 'failure': False, 'signature': 'g(uint256)'}
_________________________________________________________ test_semantics[/home/greg/dev/nethermind/warp/tests/semantic/solidity/test/libsolidity/semanticTests/various/write_storage_external.sol] _________________________________________________________
tests/semantic/test_semantics.py:126: in test_semantics
    contract_file, get_last_contract(contract_file)
../../../warp_dev/lib/python3.7/site-packages/sol_warp-0.2.12-py3.7.egg/yul/main.py:53: in transpile_from_solidity
    codes = json.loads(result.stdout)
/usr/lib/python3.7/json/__init__.py:348: in loads
    return _default_decoder.decode(s)
/usr/lib/python3.7/json/decoder.py:337: in decode
    obj, end = self.raw_decode(s, idx=_w(s, 0).end())
/usr/lib/python3.7/json/decoder.py:355: in raw_decode
    raise JSONDecodeError("Expecting value", s, err.value) from None
E   json.decoder.JSONDecodeError: Expecting value: line 1 column 1 (char 0)
------------------------------------------------------------------------------------------------------------------- Captured stderr call -------------------------------------------------------------------------------------------------------------------
Warning: SPDX license identifier not provided in source file. Before publishing, consider adding a comment containing "SPDX-License-Identifier: <SPDX-License>" to each source file. Use "SPDX-License-Identifier: UNLICENSED" for non-open-source code. Please see https://spdx.org for more information.
--> tests/semantic/solidity/test/libsolidity/semanticTests/various/tuples_marked.sol

Warning: Unnamed return variable can remain unassigned. Add an explicit return with value to all non-reverting code paths or name the variable.
  --> tests/semantic/solidity/test/libsolidity/semanticTests/various/tuples_marked.sol:11:34:
   |
11 |     function f() public returns (uint256) {
   |                                  ^^^^^^^

Warning: Function state mutability can be restricted to view
 --> tests/semantic/solidity/test/libsolidity/semanticTests/various/tuples_marked.sol:5:5:
  |
5 |     function g() internal returns (uint256 a, uint256 b, uint256[] storage c) {
  |     ^ (Relevant source part starts here and spans across multiple lines).

Warning: Function state mutability can be restricted to pure
 --> tests/semantic/solidity/test/libsolidity/semanticTests/various/tuples_marked.sol:8:5:
  |
8 |     function h() external returns (uint256 a, uint256 b) {
  |     ^ (Relevant source part starts here and spans across multiple lines).

Warning: SPDX license identifier not provided in source file. Before publishing, consider adding a comment containing "SPDX-License-Identifier: <SPDX-License>" to each source file. Use "SPDX-License-Identifier: UNLICENSED" for non-open-source code. Please see https://spdx.org for more information.
--> tests/semantic/solidity/test/libsolidity/semanticTests/various/string_tuples_marked.sol

Warning: Function state mutability can be restricted to pure
 --> tests/semantic/solidity/test/libsolidity/semanticTests/various/string_tuples_marked.sol:3:5:
  |
3 |     function f() public returns (string memory, uint256) {
  |     ^ (Relevant source part starts here and spans across multiple lines).

Warning: Function state mutability can be restricted to pure
 --> tests/semantic/solidity/test/libsolidity/semanticTests/various/string_tuples_marked.sol:9:5:
  |
9 |     function h() public returns (string memory) {
  |     ^ (Relevant source part starts here and spans across multiple lines).

Warning: SPDX license identifier not provided in source file. Before publishing, consider adding a comment containing "SPDX-License-Identifier: <SPDX-License>" to each source file. Use "SPDX-License-Identifier: UNLICENSED" for non-open-source code. Please see https://spdx.org for more information.
--> tests/semantic/solidity/test/libsolidity/semanticTests/various/write_storage_external_marked.sol

___________________________________________________ test_semantics[/home/greg/dev/nethermind/warp/tests/semantic/solidity/test/libsolidity/semanticTests/constructor/bytes_in_constructors_unpacker.sol] ___________________________________________________
tests/semantic/test_semantics.py:161: in test_semantics
    res = await invoke_method_evm_calldata(starknet, contract_address, argument)
../../../warp_dev/lib/python3.7/site-packages/sol_warp-0.2.12-py3.7.egg/yul/starknet_utils.py:30: in invoke_method_evm_calldata
    caller_address=0,
../../../warp_dev/lib/python3.7/site-packages/cairo_lang-0.6.2-py3.7.egg/starkware/starknet/testing/state.py:129: in invoke_raw
    assert isinstance(contract_address, int)
E   AssertionError
------------------------------------------------------------------------------------------------------------------- Captured stdout call -------------------------------------------------------------------------------------------------------------------
{'callData': '0x5d6d4751', 'expectations': '0x0000000000000000000000000000000000000000000000000000000000000007', 'failure': False, 'signature': 'm_x()'}
________________________________________________________ test_semantics[/home/greg/dev/nethermind/warp/tests/semantic/solidity/test/libsolidity/semanticTests/various/external_types_in_calls.sol] _________________________________________________________
tests/semantic/test_semantics.py:126: in test_semantics
    contract_file, get_last_contract(contract_file)
../../../warp_dev/lib/python3.7/site-packages/sol_warp-0.2.12-py3.7.egg/yul/main.py:53: in transpile_from_solidity
    codes = json.loads(result.stdout)
/usr/lib/python3.7/json/__init__.py:348: in loads
    return _default_decoder.decode(s)
/usr/lib/python3.7/json/decoder.py:337: in decode
    obj, end = self.raw_decode(s, idx=_w(s, 0).end())
/usr/lib/python3.7/json/decoder.py:355: in raw_decode
    raise JSONDecodeError("Expecting value", s, err.value) from None
E   json.decoder.JSONDecodeError: Expecting value: line 1 column 1 (char 0)
------------------------------------------------------------------------------------------------------------------- Captured stderr call -------------------------------------------------------------------------------------------------------------------
Warning: SPDX license identifier not provided in source file. Before publishing, consider adding a comment containing "SPDX-License-Identifier: <SPDX-License>" to each source file. Use "SPDX-License-Identifier: UNLICENSED" for non-open-source code. Please see https://spdx.org for more information.
--> tests/semantic/solidity/test/libsolidity/semanticTests/various/external_types_in_calls_marked.sol

Warning: Function state mutability can be restricted to pure
  --> tests/semantic/solidity/test/libsolidity/semanticTests/various/external_types_in_calls_marked.sol:14:5:
   |
14 |     function t1(C1 a) public returns (C1) {
   |     ^ (Relevant source part starts here and spans across multiple lines).

Warning: Function state mutability can be restricted to pure
  --> tests/semantic/solidity/test/libsolidity/semanticTests/various/external_types_in_calls_marked.sol:17:5:
   |
17 |     function t2() public returns (C1) {
   |     ^ (Relevant source part starts here and spans across multiple lines).

_____________________________________________ test_semantics[/home/greg/dev/nethermind/warp/tests/semantic/solidity/test/libsolidity/semanticTests/various/storage_string_as_mapping_key_without_variable.sol] _____________________________________________
../../../warp_dev/lib/python3.7/site-packages/cairo_lang-0.6.2-py3.7.egg/starkware/cairo/lang/compiler/preprocessor/preprocessor.py:365: in search_identifier
    result = self.identifiers.search(self.accessible_scopes, ScopedName.from_string(name))
../../../warp_dev/lib/python3.7/site-packages/cairo_lang-0.6.2-py3.7.egg/starkware/cairo/lang/compiler/identifier_manager.py:225: in search
    res = self._search(accessible_scopes=accessible_scopes, name=name, get_scope=False)
../../../warp_dev/lib/python3.7/site-packages/cairo_lang-0.6.2-py3.7.egg/starkware/cairo/lang/compiler/identifier_manager.py:217: in _search
    raise MissingIdentifierError(name[:1])
E   starkware.cairo.lang.compiler.identifier_manager.MissingIdentifierError: Unknown identifier 'bitwise_ptr'.

During handling of the above exception, another exception occurred:
tests/semantic/test_semantics.py:135: in test_semantics
    contract_definition = await starknet_compile(cairo_file_path)
tests/semantic/test_semantics.py:71: in starknet_compile
    [contract_file], debug_info=True, cairo_path=[cairo_path]
../../../warp_dev/lib/python3.7/site-packages/cairo_lang-0.6.2-py3.7.egg/starkware/starknet/compiler/compile.py:107: in compile_starknet_files
    cairo_path=cairo_path,
../../../warp_dev/lib/python3.7/site-packages/cairo_lang-0.6.2-py3.7.egg/starkware/starknet/compiler/compile.py:128: in compile_starknet_codes
    code=codes, debug_info=debug_info, pass_manager=pass_manager
../../../warp_dev/lib/python3.7/site-packages/cairo_lang-0.6.2-py3.7.egg/starkware/cairo/lang/compiler/cairo_compile.py:230: in compile_cairo_ex
    codes=codes_with_filenames, pass_manager=pass_manager, main_scope=main_scope
../../../warp_dev/lib/python3.7/site-packages/cairo_lang-0.6.2-py3.7.egg/starkware/cairo/lang/compiler/preprocessor/preprocess_codes.py:24: in preprocess_codes
    pass_manager.run(context)
../../../warp_dev/lib/python3.7/site-packages/cairo_lang-0.6.2-py3.7.egg/starkware/cairo/lang/compiler/preprocessor/pass_manager.py:53: in run
    stage.run(context)
../../../warp_dev/lib/python3.7/site-packages/cairo_lang-0.6.2-py3.7.egg/starkware/cairo/lang/compiler/preprocessor/default_pass_manager.py:89: in run
    preprocessor.visit(module)
../../../warp_dev/lib/python3.7/site-packages/cairo_lang-0.6.2-py3.7.egg/starkware/cairo/lang/compiler/ast/visitor.py:40: in visit
    return getattr(self, f"visit_{type(obj).__name__}", self._visit_default)(obj)
../../../warp_dev/lib/python3.7/site-packages/cairo_lang-0.6.2-py3.7.egg/starkware/cairo/lang/compiler/preprocessor/preprocessor.py:427: in visit_CairoModule
    super().visit_CairoModule(module)
../../../warp_dev/lib/python3.7/site-packages/cairo_lang-0.6.2-py3.7.egg/starkware/cairo/lang/compiler/ast/visitor.py:63: in visit_CairoModule
    cairo_file=CairoFile(code_block=self.visit(module.cairo_file.code_block)),
../../../warp_dev/lib/python3.7/site-packages/cairo_lang-0.6.2-py3.7.egg/starkware/cairo/lang/compiler/ast/visitor.py:40: in visit
    return getattr(self, f"visit_{type(obj).__name__}", self._visit_default)(obj)
../../../warp_dev/lib/python3.7/site-packages/cairo_lang-0.6.2-py3.7.egg/starkware/cairo/lang/compiler/preprocessor/preprocessor.py:415: in visit_CodeBlock
    self.visit_uncommented_code_block([x.code_elm for x in code_block.code_elements])
../../../warp_dev/lib/python3.7/site-packages/cairo_lang-0.6.2-py3.7.egg/starkware/cairo/lang/compiler/preprocessor/preprocessor.py:397: in visit_uncommented_code_block
    self.visit(elm)
../../../warp_dev/lib/python3.7/site-packages/cairo_lang-0.6.2-py3.7.egg/starkware/cairo/lang/compiler/ast/visitor.py:40: in visit
    return getattr(self, f"visit_{type(obj).__name__}", self._visit_default)(obj)
../../../warp_dev/lib/python3.7/site-packages/cairo_lang-0.6.2-py3.7.egg/starkware/starknet/compiler/starknet_preprocessor.py:172: in visit_CodeElementFunction
    super().visit_CodeElementFunction(elm)
../../../warp_dev/lib/python3.7/site-packages/cairo_lang-0.6.2-py3.7.egg/starkware/cairo/lang/compiler/preprocessor/preprocessor.py:615: in visit_CodeElementFunction
    code_block=elm.code_block, location=elm.identifier.location
../../../warp_dev/lib/python3.7/site-packages/cairo_lang-0.6.2-py3.7.egg/starkware/cairo/lang/compiler/preprocessor/preprocessor.py:671: in visit_function_body_with_retries
    self.visit_uncommented_code_block(code_elements)
../../../warp_dev/lib/python3.7/site-packages/cairo_lang-0.6.2-py3.7.egg/starkware/cairo/lang/compiler/preprocessor/preprocessor.py:397: in visit_uncommented_code_block
    self.visit(elm)
../../../warp_dev/lib/python3.7/site-packages/cairo_lang-0.6.2-py3.7.egg/starkware/cairo/lang/compiler/ast/visitor.py:40: in visit
    return getattr(self, f"visit_{type(obj).__name__}", self._visit_default)(obj)
../../../warp_dev/lib/python3.7/site-packages/cairo_lang-0.6.2-py3.7.egg/starkware/cairo/lang/compiler/preprocessor/preprocessor.py:1757: in visit_CodeElementUnpackBinding
    self.visit(CodeElementFuncCall(func_call=elm.rvalue))
../../../warp_dev/lib/python3.7/site-packages/cairo_lang-0.6.2-py3.7.egg/starkware/cairo/lang/compiler/ast/visitor.py:40: in visit
    return getattr(self, f"visit_{type(obj).__name__}", self._visit_default)(obj)
../../../warp_dev/lib/python3.7/site-packages/cairo_lang-0.6.2-py3.7.egg/starkware/cairo/lang/compiler/preprocessor/preprocessor.py:1616: in visit_CodeElementFuncCall
    location=elm.func_call.location,
../../../warp_dev/lib/python3.7/site-packages/cairo_lang-0.6.2-py3.7.egg/starkware/cairo/lang/compiler/preprocessor/preprocessor.py:1391: in push_arguments
    location=location,
../../../warp_dev/lib/python3.7/site-packages/cairo_lang-0.6.2-py3.7.egg/starkware/cairo/lang/compiler/preprocessor/preprocessor.py:1314: in process_implicit_arguments
    felt_expr_list = self.simplify_expr_to_felt_expr_list(expr, member_def.cairo_type)
../../../warp_dev/lib/python3.7/site-packages/cairo_lang-0.6.2-py3.7.egg/starkware/cairo/lang/compiler/preprocessor/preprocessor.py:2083: in simplify_expr_to_felt_expr_list
    expr, expr_type = self.simplify_expr(expr)
../../../warp_dev/lib/python3.7/site-packages/cairo_lang-0.6.2-py3.7.egg/starkware/cairo/lang/compiler/preprocessor/preprocessor.py:2054: in simplify_expr
    resolve_type_callback=self.resolve_type,
../../../warp_dev/lib/python3.7/site-packages/cairo_lang-0.6.2-py3.7.egg/starkware/cairo/lang/compiler/substitute_identifiers.py:113: in substitute_identifiers
    ).visit(expr)
../../../warp_dev/lib/python3.7/site-packages/cairo_lang-0.6.2-py3.7.egg/starkware/cairo/lang/compiler/expression_transformer.py:47: in visit
    return getattr(self, funcname)(expr)
../../../warp_dev/lib/python3.7/site-packages/cairo_lang-0.6.2-py3.7.egg/starkware/cairo/lang/compiler/substitute_identifiers.py:38: in visit_ExprIdentifier
    val = self.get_identifier_callback(expr)
../../../warp_dev/lib/python3.7/site-packages/cairo_lang-0.6.2-py3.7.egg/starkware/cairo/lang/compiler/preprocessor/preprocessor.py:2185: in get_variable
    identifier_definition = self.search_identifier(var.name, var.location)
../../../warp_dev/lib/python3.7/site-packages/cairo_lang-0.6.2-py3.7.egg/starkware/cairo/lang/compiler/preprocessor/preprocessor.py:368: in search_identifier
    raise PreprocessorError(str(exc), location=location)
E   starkware.cairo.lang.compiler.preprocessor.preprocessor_error.PreprocessorError: /home/greg/dev/nethermind/warp/warp/cairo-src/evm/hashing.cairo:14:20: While trying to retrieve the implicit argument 'bitwise_ptr' in:
E       let (memval) = array_create_from_memory(offset, size)
E                      ^************************************^
E   /home/greg/dev/nethermind/warp/warp/cairo-src/evm/array.cairo:16:53: Unknown identifier 'bitwise_ptr'.
E           memory_dict : DictAccess*, range_check_ptr, bitwise_ptr : BitwiseBuiltin*}(
E                                                       ^***************************^
------------------------------------------------------------------------------------------------------------------- Captured stderr call -------------------------------------------------------------------------------------------------------------------
Warning: SPDX license identifier not provided in source file. Before publishing, consider adding a comment containing "SPDX-License-Identifier: <SPDX-License>" to each source file. Use "SPDX-License-Identifier: UNLICENSED" for non-open-source code. Please see https://spdx.org for more information.
--> tests/semantic/solidity/test/libsolidity/semanticTests/various/literal_empty_string_marked.sol

Warning: SPDX license identifier not provided in source file. Before publishing, consider adding a comment containing "SPDX-License-Identifier: <SPDX-License>" to each source file. Use "SPDX-License-Identifier: UNLICENSED" for non-open-source code. Please see https://spdx.org for more information.
--> tests/semantic/solidity/test/libsolidity/semanticTests/various/state_variable_under_contract_name_marked.sol

Warning: This declaration shadows an existing declaration.
 --> tests/semantic/solidity/test/libsolidity/semanticTests/various/state_variable_under_contract_name_marked.sol:4:49:
  |
4 |     function getStateVar() public view returns (uint256 stateVar) {
  |                                                 ^^^^^^^^^^^^^^^^
Note: The shadowed declaration is here:
 --> tests/semantic/solidity/test/libsolidity/semanticTests/various/state_variable_under_contract_name_marked.sol:3:5:
  |
3 |     uint256 stateVar = 42;
  |     ^^^^^^^^^^^^^^^^^^^^^

----------------------------------------------------------------------------------------------------------------- Captured stdout teardown -----------------------------------------------------------------------------------------------------------------
{'callData': '0x26121ff0', 'expectations': '0x0000000000000000000000000000000000000000000000000000000000000001', 'failure': False, 'signature': 'f()'}
___________________________________________________________ test_semantics[/home/greg/dev/nethermind/warp/tests/semantic/solidity/test/libsolidity/semanticTests/various/super_parentheses.sol] ____________________________________________________________
FAILURE: /home/greg/dev/nethermind/warp/tests/semantic/solidity/test/libsolidity/semanticTests/various/super_parentheses.cairo.temp
assert '0xffffffffff...ffffffffffff3' == '0x0000000000...000000000000f'
  - 0x000000000000000000000000000000000000000000000000000000000000000f
  + 0xfffffffffffffffffffffffffffffffffffffffffffffffffffffffffffffff3
tests/semantic/test_semantics.py:173 in test_semantics() -> check.equal(final_res, expected_result, cairo_file_path)
------------------------------------------------------------
Failed Checks: 1
------------------------------------------------------------------------------------------------------------------- Captured stdout call -------------------------------------------------------------------------------------------------------------------
{'callData': '0x26121ff0', 'expectations': '0x000000000000000000000000000000000000000000000000000000000000000f', 'failure': False, 'signature': 'f()'}
------------------------------------------------------------------------------------------------------------------- Captured stderr call -------------------------------------------------------------------------------------------------------------------
Warning: SPDX license identifier not provided in source file. Before publishing, consider adding a comment containing "SPDX-License-Identifier: <SPDX-License>" to each source file. Use "SPDX-License-Identifier: UNLICENSED" for non-open-source code. Please see https://spdx.org for more information.
--> tests/semantic/solidity/test/libsolidity/semanticTests/cleanup/cleanup_bytes_types_shortening_marked.sol

Warning: SPDX license identifier not provided in source file. Before publishing, consider adding a comment containing "SPDX-License-Identifier: <SPDX-License>" to each source file. Use "SPDX-License-Identifier: UNLICENSED" for non-open-source code. Please see https://spdx.org for more information.
--> tests/semantic/solidity/test/libsolidity/semanticTests/various/super_marked.sol

____________________________________________________ test_semantics[/home/greg/dev/nethermind/warp/tests/semantic/solidity/test/libsolidity/semanticTests/cleanup/cleanup_address_types_shortening.sol] ____________________________________________________
tests/semantic/test_semantics.py:126: in test_semantics
    contract_file, get_last_contract(contract_file)
../../../warp_dev/lib/python3.7/site-packages/sol_warp-0.2.12-py3.7.egg/yul/main.py:49: in transpile_from_solidity
    output = get_for_contract(sol_src_path_modified, main_contract, ["abi"])
../../../warp_dev/lib/python3.7/site-packages/sol_warp-0.2.12-py3.7.egg/yul/utils.py:136: in get_for_contract
    get_source_version(sol_source)
../../../warp_dev/lib/python3.7/site-packages/sol_warp-0.2.12-py3.7.egg/yul/utils.py:146: in get_source_version
    with open(sol_source) as f:
E   FileNotFoundError: [Errno 2] No such file or directory: '/home/greg/dev/nethermind/warp/tests/semantic/solidity/test/libsolidity/semanticTests/cleanup/cleanup_address_types_shortening_marked.sol'
------------------------------------------------------------------------------------------------------------------- Captured stdout call -------------------------------------------------------------------------------------------------------------------
{'callData': '0x26121ff0', 'expectations': '0x000000000000000000000000000000000000000000000000000000000000002000000000000000000000000000000000000000000000000000000000000000056232336135000000000000000000000000000000000000000000000000000000', 'failure': False, 'signature': 'f()'}
______________________________________________________________ test_semantics[/home/greg/dev/nethermind/warp/tests/semantic/solidity/test/libsolidity/semanticTests/various/store_bytes.sol] _______________________________________________________________
../../../warp_dev/lib/python3.7/site-packages/cairo_lang-0.6.2-py3.7.egg/starkware/starknet/business_logic/internal_transaction.py:539: in _run
    verify_secure=True,
../../../warp_dev/lib/python3.7/site-packages/cairo_lang-0.6.2-py3.7.egg/starkware/cairo/common/cairo_function_runner.py:199: in run_from_entrypoint
    self.run_until_pc(addr=end, run_resources=run_resources)
../../../warp_dev/lib/python3.7/site-packages/cairo_lang-0.6.2-py3.7.egg/starkware/cairo/lang/vm/cairo_runner.py:284: in run_until_pc
    self.vm_step()
../../../warp_dev/lib/python3.7/site-packages/cairo_lang-0.6.2-py3.7.egg/starkware/cairo/lang/vm/cairo_runner.py:298: in vm_step
    self.vm.step()
../../../warp_dev/lib/python3.7/site-packages/cairo_lang-0.6.2-py3.7.egg/starkware/cairo/lang/vm/virtual_machine_base.py:255: in step
    self.run_instruction(instruction)
../../../warp_dev/lib/python3.7/site-packages/cairo_lang-0.6.2-py3.7.egg/starkware/cairo/lang/vm/vm_core.py:422: in run_instruction
    raise self.as_vm_exception(exc) from None
E   starkware.cairo.lang.vm.vm_exceptions.VmException: /home/greg/dev/nethermind/warp/tests/semantic/solidity/test/libsolidity/semanticTests/various/store_bytes.cairo.temp:105:9: Error at pc=0:2324:
E   An ASSERT_EQ instruction failed: 1 != 0.
E           assert 0 = 1
E           ^**********^
E   Cairo traceback (most recent call last):
E   /home/greg/dev/nethermind/warp/tests/semantic/solidity/test/libsolidity/semanticTests/various/store_bytes.cairo.temp:52:6: (pc=0:2188)
E   func __main{
E        ^****^
E   /home/greg/dev/nethermind/warp/tests/semantic/solidity/test/libsolidity/semanticTests/various/store_bytes.cairo.temp:66:9: (pc=0:2127)
E           __main_meat()
E           ^***********^
E   /home/greg/dev/nethermind/warp/tests/semantic/solidity/test/libsolidity/semanticTests/various/store_bytes.cairo.temp:447:5: (pc=0:3501)
E       __warp_if_3(__warp_subexpr_0)
E       ^***************************^
E   /home/greg/dev/nethermind/warp/tests/semantic/solidity/test/libsolidity/semanticTests/various/store_bytes.cairo.temp:431:9: (pc=0:3455)
E           __warp_block_1()
E           ^**************^
E   /home/greg/dev/nethermind/warp/tests/semantic/solidity/test/libsolidity/semanticTests/various/store_bytes.cairo.temp:421:5: (pc=0:3430)
E       __warp_if_4(__warp_subexpr_0)
E       ^***************************^
E   /home/greg/dev/nethermind/warp/tests/semantic/solidity/test/libsolidity/semanticTests/various/store_bytes.cairo.temp:406:9: (pc=0:3385)
E           __warp_block_2()
E           ^**************^
E   /home/greg/dev/nethermind/warp/tests/semantic/solidity/test/libsolidity/semanticTests/various/store_bytes.cairo.temp:389:40: (pc=0:3289)
E       let (__warp_subexpr_5 : Uint256) = extract_byte_array_length(__warp_subexpr_7)
E                                          ^*****************************************^

During handling of the above exception, another exception occurred:
tests/semantic/test_semantics.py:161: in test_semantics
    res = await invoke_method_evm_calldata(starknet, contract_address, argument)
../../../warp_dev/lib/python3.7/site-packages/sol_warp-0.2.12-py3.7.egg/yul/starknet_utils.py:30: in invoke_method_evm_calldata
    caller_address=0,
../../../warp_dev/lib/python3.7/site-packages/cairo_lang-0.6.2-py3.7.egg/starkware/starknet/testing/state.py:153: in invoke_raw
    state=state_copy, general_config=self.general_config
../../../warp_dev/lib/python3.7/site-packages/cairo_lang-0.6.2-py3.7.egg/starkware/starknet/business_logic/internal_transaction_interface.py:213: in apply_state_updates
    state=state_to_update, general_config=general_config
../../../warp_dev/lib/python3.7/site-packages/cairo_lang-0.6.2-py3.7.egg/starkware/starknet/business_logic/internal_transaction.py:405: in _apply_specific_state_updates
    func=_synchronous_apply_specific_state_updates,
/usr/lib/python3.7/concurrent/futures/thread.py:57: in run
    result = self.fn(*self.args, **self.kwargs)
../../../warp_dev/lib/python3.7/site-packages/cairo_lang-0.6.2-py3.7.egg/starkware/starknet/business_logic/internal_transaction.py:433: in _synchronous_apply_specific_state_updates
    run_resources=run_resources,
../../../warp_dev/lib/python3.7/site-packages/cairo_lang-0.6.2-py3.7.egg/starkware/starknet/business_logic/internal_transaction.py:559: in _run
    raise StarkException(code=code, message=str(exception))
E   starkware.starkware_utils.error_handling.StarkException: (500, {'code': <StarknetErrorCode.TRANSACTION_FAILED: 28>, 'message': '/home/greg/dev/nethermind/warp/tests/semantic/solidity/test/libsolidity/semanticTests/various/store_bytes.cairo.temp:105:9: Error at pc=0:2324:\nAn ASSERT_EQ instruction failed: 1 != 0.\n        assert 0 = 1\n        ^**********^\nCairo traceback (most recent call last):\n/home/greg/dev/nethermind/warp/tests/semantic/solidity/test/libsolidity/semanticTests/various/store_bytes.cairo.temp:52:6: (pc=0:2188)\nfunc __main{\n     ^****^\n/home/greg/dev/nethermind/warp/tests/semantic/solidity/test/libsolidity/semanticTests/various/store_bytes.cairo.temp:66:9: (pc=0:2127)\n        __main_meat()\n        ^***********^\n/home/greg/dev/nethermind/warp/tests/semantic/solidity/test/libsolidity/semanticTests/various/store_bytes.cairo.temp:447:5: (pc=0:3501)\n    __warp_if_3(__warp_subexpr_0)\n    ^***************************^\n/home/greg/dev/nethermind/warp/tests/semantic/solidity/test/libsolidity/semanticTests/various/store_bytes.cairo.temp:431:9: (pc=0:3455)\n        __warp_block_1()\n        ^**************^\n/home/greg/dev/nethermind/warp/tests/semantic/solidity/test/libsolidity/semanticTests/various/store_bytes.cairo.temp:421:5: (pc=0:3430)\n    __warp_if_4(__warp_subexpr_0)\n    ^***************************^\n/home/greg/dev/nethermind/warp/tests/semantic/solidity/test/libsolidity/semanticTests/various/store_bytes.cairo.temp:406:9: (pc=0:3385)\n        __warp_block_2()\n        ^**************^\n/home/greg/dev/nethermind/warp/tests/semantic/solidity/test/libsolidity/semanticTests/various/store_bytes.cairo.temp:389:40: (pc=0:3289)\n    let (__warp_subexpr_5 : Uint256) = extract_byte_array_length(__warp_subexpr_7)\n                                       ^*****************************************^'})
------------------------------------------------------------------------------------------------------------------- Captured stdout call -------------------------------------------------------------------------------------------------------------------
{'callData': '0x42dad49e', 'expectations': '0x0000000000000000000000000000000000000000000000000000000000000018', 'failure': False, 'signature': 'save()'}
{'callData': '0x42dad49e6162636465666700000000000000000000000000000000000000000000000000', 'expectations': '0x0000000000000000000000000000000000000000000000000000000000000018', 'failure': False, 'signature': 'save()'}
------------------------------------------------------------------------------------------------------------------- Captured stderr call -------------------------------------------------------------------------------------------------------------------
Warning: SPDX license identifier not provided in source file. Before publishing, consider adding a comment containing "SPDX-License-Identifier: <SPDX-License>" to each source file. Use "SPDX-License-Identifier: UNLICENSED" for non-open-source code. Please see https://spdx.org for more information.
--> tests/semantic/solidity/test/libsolidity/semanticTests/cleanup/bool_conversion_v2_marked.sol

Warning: Function state mutability can be restricted to pure
 --> tests/semantic/solidity/test/libsolidity/semanticTests/cleanup/bool_conversion_v2_marked.sol:4:5:
  |
4 |     function f(bool _b) public returns (uint256) {
  |     ^ (Relevant source part starts here and spans across multiple lines).

Warning: Function state mutability can be restricted to pure
 --> tests/semantic/solidity/test/libsolidity/semanticTests/cleanup/bool_conversion_v2_marked.sol:8:5:
  |
8 |     function g(bool _in) public returns (bool _out) {
  |     ^ (Relevant source part starts here and spans across multiple lines).

_________________________________________________ test_semantics[/home/greg/dev/nethermind/warp/tests/semantic/solidity/test/libsolidity/semanticTests/calldata/copy_from_calldata_removes_bytes_data.sol] _________________________________________________
tests/semantic/test_semantics.py:123: in test_semantics
    constructor_args, contract_expectations = get_expectations(contract_file)
tests/semantic/test_semantics.py:102: in get_expectations
    expectations = test_calldata[contract_path]
E   KeyError: './scripts/../test/libsolidity/semanticTests/calldata/copy_from_calldata_removes_bytes_data.sol'
________________________________________________________ test_semantics[/home/greg/dev/nethermind/warp/tests/semantic/solidity/test/libsolidity/semanticTests/cleanup/cleanup_address_types_v2.sol] ________________________________________________________
tests/semantic/test_semantics.py:159: in test_semantics
    await invoke_method_evm_calldata(starknet, contract_address, argument)
E   Failed: DID NOT RAISE <class 'Exception'>
------------------------------------------------------------------------------------------------------------------- Captured stdout call -------------------------------------------------------------------------------------------------------------------
{'callData': '0xfc68521a00000000000000000000ffff1234567890123456789012345678901234567890', 'expectations': '0x', 'failure': True, 'signature': 'f(address)'}
------------------------------------------------------------------------------------------------------------------- Captured stderr call -------------------------------------------------------------------------------------------------------------------
Warning: SPDX license identifier not provided in source file. Before publishing, consider adding a comment containing "SPDX-License-Identifier: <SPDX-License>" to each source file. Use "SPDX-License-Identifier: UNLICENSED" for non-open-source code. Please see https://spdx.org for more information.
--> tests/semantic/solidity/test/libsolidity/semanticTests/calldata/calldata_struct_cleaning_marked.sol

_______________________________________________________ test_semantics[/home/greg/dev/nethermind/warp/tests/semantic/solidity/test/libsolidity/semanticTests/calldata/calldata_bytes_to_memory.sol] ________________________________________________________
../../../warp_dev/lib/python3.7/site-packages/cairo_lang-0.6.2-py3.7.egg/starkware/cairo/lang/compiler/preprocessor/preprocessor.py:365: in search_identifier
    result = self.identifiers.search(self.accessible_scopes, ScopedName.from_string(name))
../../../warp_dev/lib/python3.7/site-packages/cairo_lang-0.6.2-py3.7.egg/starkware/cairo/lang/compiler/identifier_manager.py:225: in search
    res = self._search(accessible_scopes=accessible_scopes, name=name, get_scope=False)
../../../warp_dev/lib/python3.7/site-packages/cairo_lang-0.6.2-py3.7.egg/starkware/cairo/lang/compiler/identifier_manager.py:217: in _search
    raise MissingIdentifierError(name[:1])
E   starkware.cairo.lang.compiler.identifier_manager.MissingIdentifierError: Unknown identifier 'bitwise_ptr'.

During handling of the above exception, another exception occurred:
tests/semantic/test_semantics.py:135: in test_semantics
    contract_definition = await starknet_compile(cairo_file_path)
tests/semantic/test_semantics.py:71: in starknet_compile
    [contract_file], debug_info=True, cairo_path=[cairo_path]
../../../warp_dev/lib/python3.7/site-packages/cairo_lang-0.6.2-py3.7.egg/starkware/starknet/compiler/compile.py:107: in compile_starknet_files
    cairo_path=cairo_path,
../../../warp_dev/lib/python3.7/site-packages/cairo_lang-0.6.2-py3.7.egg/starkware/starknet/compiler/compile.py:128: in compile_starknet_codes
    code=codes, debug_info=debug_info, pass_manager=pass_manager
../../../warp_dev/lib/python3.7/site-packages/cairo_lang-0.6.2-py3.7.egg/starkware/cairo/lang/compiler/cairo_compile.py:230: in compile_cairo_ex
    codes=codes_with_filenames, pass_manager=pass_manager, main_scope=main_scope
../../../warp_dev/lib/python3.7/site-packages/cairo_lang-0.6.2-py3.7.egg/starkware/cairo/lang/compiler/preprocessor/preprocess_codes.py:24: in preprocess_codes
    pass_manager.run(context)
../../../warp_dev/lib/python3.7/site-packages/cairo_lang-0.6.2-py3.7.egg/starkware/cairo/lang/compiler/preprocessor/pass_manager.py:53: in run
    stage.run(context)
../../../warp_dev/lib/python3.7/site-packages/cairo_lang-0.6.2-py3.7.egg/starkware/cairo/lang/compiler/preprocessor/default_pass_manager.py:89: in run
    preprocessor.visit(module)
../../../warp_dev/lib/python3.7/site-packages/cairo_lang-0.6.2-py3.7.egg/starkware/cairo/lang/compiler/ast/visitor.py:40: in visit
    return getattr(self, f"visit_{type(obj).__name__}", self._visit_default)(obj)
../../../warp_dev/lib/python3.7/site-packages/cairo_lang-0.6.2-py3.7.egg/starkware/cairo/lang/compiler/preprocessor/preprocessor.py:427: in visit_CairoModule
    super().visit_CairoModule(module)
../../../warp_dev/lib/python3.7/site-packages/cairo_lang-0.6.2-py3.7.egg/starkware/cairo/lang/compiler/ast/visitor.py:63: in visit_CairoModule
    cairo_file=CairoFile(code_block=self.visit(module.cairo_file.code_block)),
../../../warp_dev/lib/python3.7/site-packages/cairo_lang-0.6.2-py3.7.egg/starkware/cairo/lang/compiler/ast/visitor.py:40: in visit
    return getattr(self, f"visit_{type(obj).__name__}", self._visit_default)(obj)
../../../warp_dev/lib/python3.7/site-packages/cairo_lang-0.6.2-py3.7.egg/starkware/cairo/lang/compiler/preprocessor/preprocessor.py:415: in visit_CodeBlock
    self.visit_uncommented_code_block([x.code_elm for x in code_block.code_elements])
../../../warp_dev/lib/python3.7/site-packages/cairo_lang-0.6.2-py3.7.egg/starkware/cairo/lang/compiler/preprocessor/preprocessor.py:397: in visit_uncommented_code_block
    self.visit(elm)
../../../warp_dev/lib/python3.7/site-packages/cairo_lang-0.6.2-py3.7.egg/starkware/cairo/lang/compiler/ast/visitor.py:40: in visit
    return getattr(self, f"visit_{type(obj).__name__}", self._visit_default)(obj)
../../../warp_dev/lib/python3.7/site-packages/cairo_lang-0.6.2-py3.7.egg/starkware/starknet/compiler/starknet_preprocessor.py:172: in visit_CodeElementFunction
    super().visit_CodeElementFunction(elm)
../../../warp_dev/lib/python3.7/site-packages/cairo_lang-0.6.2-py3.7.egg/starkware/cairo/lang/compiler/preprocessor/preprocessor.py:615: in visit_CodeElementFunction
    code_block=elm.code_block, location=elm.identifier.location
../../../warp_dev/lib/python3.7/site-packages/cairo_lang-0.6.2-py3.7.egg/starkware/cairo/lang/compiler/preprocessor/preprocessor.py:671: in visit_function_body_with_retries
    self.visit_uncommented_code_block(code_elements)
../../../warp_dev/lib/python3.7/site-packages/cairo_lang-0.6.2-py3.7.egg/starkware/cairo/lang/compiler/preprocessor/preprocessor.py:397: in visit_uncommented_code_block
    self.visit(elm)
../../../warp_dev/lib/python3.7/site-packages/cairo_lang-0.6.2-py3.7.egg/starkware/cairo/lang/compiler/ast/visitor.py:40: in visit
    return getattr(self, f"visit_{type(obj).__name__}", self._visit_default)(obj)
../../../warp_dev/lib/python3.7/site-packages/cairo_lang-0.6.2-py3.7.egg/starkware/cairo/lang/compiler/preprocessor/preprocessor.py:1757: in visit_CodeElementUnpackBinding
    self.visit(CodeElementFuncCall(func_call=elm.rvalue))
../../../warp_dev/lib/python3.7/site-packages/cairo_lang-0.6.2-py3.7.egg/starkware/cairo/lang/compiler/ast/visitor.py:40: in visit
    return getattr(self, f"visit_{type(obj).__name__}", self._visit_default)(obj)
../../../warp_dev/lib/python3.7/site-packages/cairo_lang-0.6.2-py3.7.egg/starkware/cairo/lang/compiler/preprocessor/preprocessor.py:1616: in visit_CodeElementFuncCall
    location=elm.func_call.location,
../../../warp_dev/lib/python3.7/site-packages/cairo_lang-0.6.2-py3.7.egg/starkware/cairo/lang/compiler/preprocessor/preprocessor.py:1391: in push_arguments
    location=location,
../../../warp_dev/lib/python3.7/site-packages/cairo_lang-0.6.2-py3.7.egg/starkware/cairo/lang/compiler/preprocessor/preprocessor.py:1314: in process_implicit_arguments
    felt_expr_list = self.simplify_expr_to_felt_expr_list(expr, member_def.cairo_type)
../../../warp_dev/lib/python3.7/site-packages/cairo_lang-0.6.2-py3.7.egg/starkware/cairo/lang/compiler/preprocessor/preprocessor.py:2083: in simplify_expr_to_felt_expr_list
    expr, expr_type = self.simplify_expr(expr)
../../../warp_dev/lib/python3.7/site-packages/cairo_lang-0.6.2-py3.7.egg/starkware/cairo/lang/compiler/preprocessor/preprocessor.py:2054: in simplify_expr
    resolve_type_callback=self.resolve_type,
../../../warp_dev/lib/python3.7/site-packages/cairo_lang-0.6.2-py3.7.egg/starkware/cairo/lang/compiler/substitute_identifiers.py:113: in substitute_identifiers
    ).visit(expr)
../../../warp_dev/lib/python3.7/site-packages/cairo_lang-0.6.2-py3.7.egg/starkware/cairo/lang/compiler/expression_transformer.py:47: in visit
    return getattr(self, funcname)(expr)
../../../warp_dev/lib/python3.7/site-packages/cairo_lang-0.6.2-py3.7.egg/starkware/cairo/lang/compiler/substitute_identifiers.py:38: in visit_ExprIdentifier
    val = self.get_identifier_callback(expr)
../../../warp_dev/lib/python3.7/site-packages/cairo_lang-0.6.2-py3.7.egg/starkware/cairo/lang/compiler/preprocessor/preprocessor.py:2185: in get_variable
    identifier_definition = self.search_identifier(var.name, var.location)
../../../warp_dev/lib/python3.7/site-packages/cairo_lang-0.6.2-py3.7.egg/starkware/cairo/lang/compiler/preprocessor/preprocessor.py:368: in search_identifier
    raise PreprocessorError(str(exc), location=location)
E   starkware.cairo.lang.compiler.preprocessor.preprocessor_error.PreprocessorError: /home/greg/dev/nethermind/warp/warp/cairo-src/evm/hashing.cairo:14:20: While trying to retrieve the implicit argument 'bitwise_ptr' in:
E       let (memval) = array_create_from_memory(offset, size)
E                      ^************************************^
E   /home/greg/dev/nethermind/warp/warp/cairo-src/evm/array.cairo:16:53: Unknown identifier 'bitwise_ptr'.
E           memory_dict : DictAccess*, range_check_ptr, bitwise_ptr : BitwiseBuiltin*}(
E                                                       ^***************************^
________________________________________________________ test_semantics[/home/greg/dev/nethermind/warp/tests/semantic/solidity/test/libsolidity/semanticTests/various/destructuring_assignment.sol] ________________________________________________________
FAILURE: /home/greg/dev/nethermind/warp/tests/semantic/solidity/test/libsolidity/semanticTests/various/destructuring_assignment.cairo.temp
assert '0x0000000000...0000000000004' == '0x0000000000...0000000000000'
  - 0x0000000000000000000000000000000000000000000000000000000000000000
  ?                                                                  ^
  + 0x0000000000000000000000000000000000000000000000000000000000000004
  ?                                                                  ^
tests/semantic/test_semantics.py:173 in test_semantics() -> check.equal(final_res, expected_result, cairo_file_path)
------------------------------------------------------------
Failed Checks: 1
___________________________________________________________ test_semantics[/home/greg/dev/nethermind/warp/tests/semantic/solidity/test/libsolidity/semanticTests/storage/mapping_string_key.sol] ___________________________________________________________
../../../warp_dev/lib/python3.7/site-packages/cairo_lang-0.6.2-py3.7.egg/starkware/cairo/lang/compiler/preprocessor/preprocessor.py:365: in search_identifier
    result = self.identifiers.search(self.accessible_scopes, ScopedName.from_string(name))
../../../warp_dev/lib/python3.7/site-packages/cairo_lang-0.6.2-py3.7.egg/starkware/cairo/lang/compiler/identifier_manager.py:225: in search
    res = self._search(accessible_scopes=accessible_scopes, name=name, get_scope=False)
../../../warp_dev/lib/python3.7/site-packages/cairo_lang-0.6.2-py3.7.egg/starkware/cairo/lang/compiler/identifier_manager.py:217: in _search
    raise MissingIdentifierError(name[:1])
E   starkware.cairo.lang.compiler.identifier_manager.MissingIdentifierError: Unknown identifier 'bitwise_ptr'.

During handling of the above exception, another exception occurred:
tests/semantic/test_semantics.py:135: in test_semantics
    contract_definition = await starknet_compile(cairo_file_path)
tests/semantic/test_semantics.py:71: in starknet_compile
    [contract_file], debug_info=True, cairo_path=[cairo_path]
../../../warp_dev/lib/python3.7/site-packages/cairo_lang-0.6.2-py3.7.egg/starkware/starknet/compiler/compile.py:107: in compile_starknet_files
    cairo_path=cairo_path,
../../../warp_dev/lib/python3.7/site-packages/cairo_lang-0.6.2-py3.7.egg/starkware/starknet/compiler/compile.py:128: in compile_starknet_codes
    code=codes, debug_info=debug_info, pass_manager=pass_manager
../../../warp_dev/lib/python3.7/site-packages/cairo_lang-0.6.2-py3.7.egg/starkware/cairo/lang/compiler/cairo_compile.py:230: in compile_cairo_ex
    codes=codes_with_filenames, pass_manager=pass_manager, main_scope=main_scope
../../../warp_dev/lib/python3.7/site-packages/cairo_lang-0.6.2-py3.7.egg/starkware/cairo/lang/compiler/preprocessor/preprocess_codes.py:24: in preprocess_codes
    pass_manager.run(context)
../../../warp_dev/lib/python3.7/site-packages/cairo_lang-0.6.2-py3.7.egg/starkware/cairo/lang/compiler/preprocessor/pass_manager.py:53: in run
    stage.run(context)
../../../warp_dev/lib/python3.7/site-packages/cairo_lang-0.6.2-py3.7.egg/starkware/cairo/lang/compiler/preprocessor/default_pass_manager.py:89: in run
    preprocessor.visit(module)
../../../warp_dev/lib/python3.7/site-packages/cairo_lang-0.6.2-py3.7.egg/starkware/cairo/lang/compiler/ast/visitor.py:40: in visit
    return getattr(self, f"visit_{type(obj).__name__}", self._visit_default)(obj)
../../../warp_dev/lib/python3.7/site-packages/cairo_lang-0.6.2-py3.7.egg/starkware/cairo/lang/compiler/preprocessor/preprocessor.py:427: in visit_CairoModule
    super().visit_CairoModule(module)
../../../warp_dev/lib/python3.7/site-packages/cairo_lang-0.6.2-py3.7.egg/starkware/cairo/lang/compiler/ast/visitor.py:63: in visit_CairoModule
    cairo_file=CairoFile(code_block=self.visit(module.cairo_file.code_block)),
../../../warp_dev/lib/python3.7/site-packages/cairo_lang-0.6.2-py3.7.egg/starkware/cairo/lang/compiler/ast/visitor.py:40: in visit
    return getattr(self, f"visit_{type(obj).__name__}", self._visit_default)(obj)
../../../warp_dev/lib/python3.7/site-packages/cairo_lang-0.6.2-py3.7.egg/starkware/cairo/lang/compiler/preprocessor/preprocessor.py:415: in visit_CodeBlock
    self.visit_uncommented_code_block([x.code_elm for x in code_block.code_elements])
../../../warp_dev/lib/python3.7/site-packages/cairo_lang-0.6.2-py3.7.egg/starkware/cairo/lang/compiler/preprocessor/preprocessor.py:397: in visit_uncommented_code_block
    self.visit(elm)
../../../warp_dev/lib/python3.7/site-packages/cairo_lang-0.6.2-py3.7.egg/starkware/cairo/lang/compiler/ast/visitor.py:40: in visit
    return getattr(self, f"visit_{type(obj).__name__}", self._visit_default)(obj)
../../../warp_dev/lib/python3.7/site-packages/cairo_lang-0.6.2-py3.7.egg/starkware/starknet/compiler/starknet_preprocessor.py:172: in visit_CodeElementFunction
    super().visit_CodeElementFunction(elm)
../../../warp_dev/lib/python3.7/site-packages/cairo_lang-0.6.2-py3.7.egg/starkware/cairo/lang/compiler/preprocessor/preprocessor.py:615: in visit_CodeElementFunction
    code_block=elm.code_block, location=elm.identifier.location
../../../warp_dev/lib/python3.7/site-packages/cairo_lang-0.6.2-py3.7.egg/starkware/cairo/lang/compiler/preprocessor/preprocessor.py:671: in visit_function_body_with_retries
    self.visit_uncommented_code_block(code_elements)
../../../warp_dev/lib/python3.7/site-packages/cairo_lang-0.6.2-py3.7.egg/starkware/cairo/lang/compiler/preprocessor/preprocessor.py:397: in visit_uncommented_code_block
    self.visit(elm)
../../../warp_dev/lib/python3.7/site-packages/cairo_lang-0.6.2-py3.7.egg/starkware/cairo/lang/compiler/ast/visitor.py:40: in visit
    return getattr(self, f"visit_{type(obj).__name__}", self._visit_default)(obj)
../../../warp_dev/lib/python3.7/site-packages/cairo_lang-0.6.2-py3.7.egg/starkware/cairo/lang/compiler/preprocessor/preprocessor.py:1757: in visit_CodeElementUnpackBinding
    self.visit(CodeElementFuncCall(func_call=elm.rvalue))
../../../warp_dev/lib/python3.7/site-packages/cairo_lang-0.6.2-py3.7.egg/starkware/cairo/lang/compiler/ast/visitor.py:40: in visit
    return getattr(self, f"visit_{type(obj).__name__}", self._visit_default)(obj)
../../../warp_dev/lib/python3.7/site-packages/cairo_lang-0.6.2-py3.7.egg/starkware/cairo/lang/compiler/preprocessor/preprocessor.py:1616: in visit_CodeElementFuncCall
    location=elm.func_call.location,
../../../warp_dev/lib/python3.7/site-packages/cairo_lang-0.6.2-py3.7.egg/starkware/cairo/lang/compiler/preprocessor/preprocessor.py:1391: in push_arguments
    location=location,
../../../warp_dev/lib/python3.7/site-packages/cairo_lang-0.6.2-py3.7.egg/starkware/cairo/lang/compiler/preprocessor/preprocessor.py:1314: in process_implicit_arguments
    felt_expr_list = self.simplify_expr_to_felt_expr_list(expr, member_def.cairo_type)
../../../warp_dev/lib/python3.7/site-packages/cairo_lang-0.6.2-py3.7.egg/starkware/cairo/lang/compiler/preprocessor/preprocessor.py:2083: in simplify_expr_to_felt_expr_list
    expr, expr_type = self.simplify_expr(expr)
../../../warp_dev/lib/python3.7/site-packages/cairo_lang-0.6.2-py3.7.egg/starkware/cairo/lang/compiler/preprocessor/preprocessor.py:2054: in simplify_expr
    resolve_type_callback=self.resolve_type,
../../../warp_dev/lib/python3.7/site-packages/cairo_lang-0.6.2-py3.7.egg/starkware/cairo/lang/compiler/substitute_identifiers.py:113: in substitute_identifiers
    ).visit(expr)
../../../warp_dev/lib/python3.7/site-packages/cairo_lang-0.6.2-py3.7.egg/starkware/cairo/lang/compiler/expression_transformer.py:47: in visit
    return getattr(self, funcname)(expr)
../../../warp_dev/lib/python3.7/site-packages/cairo_lang-0.6.2-py3.7.egg/starkware/cairo/lang/compiler/substitute_identifiers.py:38: in visit_ExprIdentifier
    val = self.get_identifier_callback(expr)
../../../warp_dev/lib/python3.7/site-packages/cairo_lang-0.6.2-py3.7.egg/starkware/cairo/lang/compiler/preprocessor/preprocessor.py:2185: in get_variable
    identifier_definition = self.search_identifier(var.name, var.location)
../../../warp_dev/lib/python3.7/site-packages/cairo_lang-0.6.2-py3.7.egg/starkware/cairo/lang/compiler/preprocessor/preprocessor.py:368: in search_identifier
    raise PreprocessorError(str(exc), location=location)
E   starkware.cairo.lang.compiler.preprocessor.preprocessor_error.PreprocessorError: /home/greg/dev/nethermind/warp/warp/cairo-src/evm/hashing.cairo:14:20: While trying to retrieve the implicit argument 'bitwise_ptr' in:
E       let (memval) = array_create_from_memory(offset, size)
E                      ^************************************^
E   /home/greg/dev/nethermind/warp/warp/cairo-src/evm/array.cairo:16:53: Unknown identifier 'bitwise_ptr'.
E           memory_dict : DictAccess*, range_check_ptr, bitwise_ptr : BitwiseBuiltin*}(
E                                                       ^***************************^
------------------------------------------------------------------------------------------------------------------- Captured stdout call -------------------------------------------------------------------------------------------------------------------
{'callData': '0xd45754f8000000000000000000000000000000000000000000000000000000000000002000000000000000000000000000000000000000000000000000000000000000086162636465666768000000000000000000000000000000000000000000000000', 'expectations': '0x00000000000000000000000000000000000000000000000000000000000000200000000000000000000000000000000000000000000000000000000000000060000000000000000000000000000000000000000000000000000000000000002000000000000000000000000000000000000000000000000000000000000000086162636465666768000000000000000000000000000000000000000000000000', 'failure': False, 'signature': 'f(bytes)'}
------------------------------------------------------------------------------------------------------------------- Captured stderr call -------------------------------------------------------------------------------------------------------------------
Warning: SPDX license identifier not provided in source file. Before publishing, consider adding a comment containing "SPDX-License-Identifier: <SPDX-License>" to each source file. Use "SPDX-License-Identifier: UNLICENSED" for non-open-source code. Please see https://spdx.org for more information.
--> tests/semantic/solidity/test/libsolidity/semanticTests/storage/packed_storage_overflow_marked.sol

----------------------------------------------------------------------------------------------------------------- Captured stderr teardown -----------------------------------------------------------------------------------------------------------------
Warning: SPDX license identifier not provided in source file. Before publishing, consider adding a comment containing "SPDX-License-Identifier: <SPDX-License>" to each source file. Use "SPDX-License-Identifier: UNLICENSED" for non-open-source code. Please see https://spdx.org for more information.
--> tests/semantic/solidity/test/libsolidity/semanticTests/storage/packed_storage_structs_bytes_marked.sol

____________________________________________________________ test_semantics[/home/greg/dev/nethermind/warp/tests/semantic/solidity/test/libsolidity/semanticTests/storage/packed_functions.sol] ____________________________________________________________
tests/semantic/test_semantics.py:126: in test_semantics
    contract_file, get_last_contract(contract_file)
../../../warp_dev/lib/python3.7/site-packages/sol_warp-0.2.12-py3.7.egg/yul/main.py:53: in transpile_from_solidity
    codes = json.loads(result.stdout)
/usr/lib/python3.7/json/__init__.py:348: in loads
    return _default_decoder.decode(s)
/usr/lib/python3.7/json/decoder.py:337: in decode
    obj, end = self.raw_decode(s, idx=_w(s, 0).end())
/usr/lib/python3.7/json/decoder.py:355: in raw_decode
    raise JSONDecodeError("Expecting value", s, err.value) from None
E   json.decoder.JSONDecodeError: Expecting value: line 1 column 1 (char 0)
------------------------------------------------------------------------------------------------------------------- Captured stderr call -------------------------------------------------------------------------------------------------------------------
Warning: SPDX license identifier not provided in source file. Before publishing, consider adding a comment containing "SPDX-License-Identifier: <SPDX-License>" to each source file. Use "SPDX-License-Identifier: UNLICENSED" for non-open-source code. Please see https://spdx.org for more information.
--> tests/semantic/solidity/test/libsolidity/semanticTests/storage/packed_functions_marked.sol

Warning: Function state mutability can be restricted to pure
  --> tests/semantic/solidity/test/libsolidity/semanticTests/storage/packed_functions_marked.sol:27:5:
   |
27 |     function g() public returns (uint256) {
   |     ^ (Relevant source part starts here and spans across multiple lines).

Warning: Function state mutability can be restricted to pure
  --> tests/semantic/solidity/test/libsolidity/semanticTests/storage/packed_functions_marked.sol:30:5:
   |
30 |     function h() public returns (uint256) {
   |     ^ (Relevant source part starts here and spans across multiple lines).

__________________________________________________ test_semantics[/home/greg/dev/nethermind/warp/tests/semantic/solidity/test/libsolidity/semanticTests/calldata/calldata_internal_function_pointer.sol] ___________________________________________________
../../../warp_dev/lib/python3.7/site-packages/cairo_lang-0.6.2-py3.7.egg/starkware/starknet/business_logic/internal_transaction.py:539: in _run
    verify_secure=True,
../../../warp_dev/lib/python3.7/site-packages/cairo_lang-0.6.2-py3.7.egg/starkware/cairo/common/cairo_function_runner.py:199: in run_from_entrypoint
    self.run_until_pc(addr=end, run_resources=run_resources)
../../../warp_dev/lib/python3.7/site-packages/cairo_lang-0.6.2-py3.7.egg/starkware/cairo/lang/vm/cairo_runner.py:284: in run_until_pc
    self.vm_step()
../../../warp_dev/lib/python3.7/site-packages/cairo_lang-0.6.2-py3.7.egg/starkware/cairo/lang/vm/cairo_runner.py:298: in vm_step
    self.vm.step()
../../../warp_dev/lib/python3.7/site-packages/cairo_lang-0.6.2-py3.7.egg/starkware/cairo/lang/vm/virtual_machine_base.py:241: in step
    self.exec_hint(hint.compiled, exec_locals, hint_index=hint_index)
../../../warp_dev/lib/python3.7/site-packages/cairo_lang-0.6.2-py3.7.egg/starkware/cairo/lang/vm/virtual_machine_base.py:281: in exec_hint
    ) from None
E   starkware.cairo.lang.vm.vm_exceptions.VmException: /home/greg/warp_dev/lib/python3.7/site-packages/cairo_lang-0.6.2-py3.7.egg/starkware/starknet/common/syscalls.cairo:50:5: Error at pc=0:207:
E   Got an exception while executing a hint.
E       %{ syscall_handler.call_contract(segments=segments, syscall_ptr=ids.syscall_ptr) %}
E       ^*********************************************************************************^
E   Cairo traceback (most recent call last):
E   /home/greg/dev/nethermind/warp/tests/semantic/solidity/test/libsolidity/semanticTests/calldata/calldata_internal_function_pointer.cairo.temp:61:6: (pc=0:2527)
E   func __main{
E        ^****^
E   /home/greg/dev/nethermind/warp/tests/semantic/solidity/test/libsolidity/semanticTests/calldata/calldata_internal_function_pointer.cairo.temp:75:9: (pc=0:2466)
E           __main_meat()
E           ^***********^
E   /home/greg/dev/nethermind/warp/tests/semantic/solidity/test/libsolidity/semanticTests/calldata/calldata_internal_function_pointer.cairo.temp:521:5: (pc=0:4142)
E       __warp_if_2(__warp_subexpr_0)
E       ^***************************^
E   /home/greg/dev/nethermind/warp/tests/semantic/solidity/test/libsolidity/semanticTests/calldata/calldata_internal_function_pointer.cairo.temp:505:9: (pc=0:4096)
E           __warp_block_5()
E           ^**************^
E   /home/greg/dev/nethermind/warp/tests/semantic/solidity/test/libsolidity/semanticTests/calldata/calldata_internal_function_pointer.cairo.temp:495:5: (pc=0:4071)
E       __warp_block_6()
E       ^**************^
E   /home/greg/dev/nethermind/warp/tests/semantic/solidity/test/libsolidity/semanticTests/calldata/calldata_internal_function_pointer.cairo.temp:486:5: (pc=0:4058)
E       __warp_block_7(match_var)
E       ^***********************^
E   /home/greg/dev/nethermind/warp/tests/semantic/solidity/test/libsolidity/semanticTests/calldata/calldata_internal_function_pointer.cairo.temp:475:5: (pc=0:4023)
E       __warp_if_3(__warp_subexpr_0, match_var)
E       ^**************************************^
E   /home/greg/dev/nethermind/warp/tests/semantic/solidity/test/libsolidity/semanticTests/calldata/calldata_internal_function_pointer.cairo.temp:464:9: (pc=0:3978)
E           __warp_block_9(match_var)
E           ^***********************^
E   /home/greg/dev/nethermind/warp/tests/semantic/solidity/test/libsolidity/semanticTests/calldata/calldata_internal_function_pointer.cairo.temp:451:5: (pc=0:3961)
E       __warp_if_4(__warp_subexpr_0)
E       ^***************************^
E   /home/greg/dev/nethermind/warp/tests/semantic/solidity/test/libsolidity/semanticTests/calldata/calldata_internal_function_pointer.cairo.temp:439:9: (pc=0:3938)
E           __warp_block_10()
E           ^***************^
E   /home/greg/dev/nethermind/warp/tests/semantic/solidity/test/libsolidity/semanticTests/calldata/calldata_internal_function_pointer.cairo.temp:425:29: (pc=0:3867)
E       let (ret_1 : Uint256) = fun_g()
E                               ^*****^
E   /home/greg/dev/nethermind/warp/tests/semantic/solidity/test/libsolidity/semanticTests/calldata/calldata_internal_function_pointer.cairo.temp:344:26: (pc=0:3543)
E       let (_3 : Uint256) = warp_call(
E                            ^********^
E   /home/greg/dev/nethermind/warp/warp/cairo-src/evm/yul_api.cairo:42:21: (pc=0:2222)
E       let (success) = general_call(
E                       ^***********^
E   /home/greg/dev/nethermind/warp/warp/cairo-src/evm/calls.cairo:84:5: (pc=0:2098)
E       call abs call_function
E       ^********************^
E   
E   Error in the called contract (0x5b3c7a67cbb657f2ff5bb93deda814f27dfc23584674b44b66d2c5ea119d0a5):
E   /home/greg/dev/nethermind/warp/tests/semantic/solidity/test/libsolidity/semanticTests/calldata/calldata_internal_function_pointer.cairo.temp:126:9: Error at pc=0:2691:
E   An ASSERT_EQ instruction failed: 1 != 0.
E           assert 0 = 1
E           ^**********^
E   Cairo traceback (most recent call last):
E   /home/greg/dev/nethermind/warp/tests/semantic/solidity/test/libsolidity/semanticTests/calldata/calldata_internal_function_pointer.cairo.temp:61:6: (pc=0:2527)
E   func __main{
E        ^****^
E   /home/greg/dev/nethermind/warp/tests/semantic/solidity/test/libsolidity/semanticTests/calldata/calldata_internal_function_pointer.cairo.temp:75:9: (pc=0:2466)
E           __main_meat()
E           ^***********^
E   /home/greg/dev/nethermind/warp/tests/semantic/solidity/test/libsolidity/semanticTests/calldata/calldata_internal_function_pointer.cairo.temp:521:5: (pc=0:4142)
E       __warp_if_2(__warp_subexpr_0)
E       ^***************************^
E   /home/greg/dev/nethermind/warp/tests/semantic/solidity/test/libsolidity/semanticTests/calldata/calldata_internal_function_pointer.cairo.temp:505:9: (pc=0:4096)
E           __warp_block_5()
E           ^**************^
E   /home/greg/dev/nethermind/warp/tests/semantic/solidity/test/libsolidity/semanticTests/calldata/calldata_internal_function_pointer.cairo.temp:495:5: (pc=0:4071)
E       __warp_block_6()
E       ^**************^
E   /home/greg/dev/nethermind/warp/tests/semantic/solidity/test/libsolidity/semanticTests/calldata/calldata_internal_function_pointer.cairo.temp:486:5: (pc=0:4058)
E       __warp_block_7(match_var)
E       ^***********************^
E   /home/greg/dev/nethermind/warp/tests/semantic/solidity/test/libsolidity/semanticTests/calldata/calldata_internal_function_pointer.cairo.temp:475:5: (pc=0:4023)
E       __warp_if_3(__warp_subexpr_0, match_var)
E       ^**************************************^
E   /home/greg/dev/nethermind/warp/tests/semantic/solidity/test/libsolidity/semanticTests/calldata/calldata_internal_function_pointer.cairo.temp:461:9: (pc=0:3997)
E           __warp_block_8()
E           ^**************^
E   /home/greg/dev/nethermind/warp/tests/semantic/solidity/test/libsolidity/semanticTests/calldata/calldata_internal_function_pointer.cairo.temp:410:41: (pc=0:3798)
E       let (ret__warp_mangled : Uint256) = dispatch_internal_in_out(
E                                           ^***********************^
E   /home/greg/dev/nethermind/warp/tests/semantic/solidity/test/libsolidity/semanticTests/calldata/calldata_internal_function_pointer.cairo.temp:145:27: (pc=0:2736)
E       let (out : Uint256) = __warp_block_0(fun, in, in_1, out)
E                             ^********************************^
E   /home/greg/dev/nethermind/warp/tests/semantic/solidity/test/libsolidity/semanticTests/calldata/calldata_internal_function_pointer.cairo.temp:136:27: (pc=0:2718)
E       let (out : Uint256) = __warp_block_1(in, in_1, match_var, out)
E                             ^**************************************^

During handling of the above exception, another exception occurred:
tests/semantic/test_semantics.py:161: in test_semantics
    res = await invoke_method_evm_calldata(starknet, contract_address, argument)
../../../warp_dev/lib/python3.7/site-packages/sol_warp-0.2.12-py3.7.egg/yul/starknet_utils.py:30: in invoke_method_evm_calldata
    caller_address=0,
../../../warp_dev/lib/python3.7/site-packages/cairo_lang-0.6.2-py3.7.egg/starkware/starknet/testing/state.py:153: in invoke_raw
    state=state_copy, general_config=self.general_config
../../../warp_dev/lib/python3.7/site-packages/cairo_lang-0.6.2-py3.7.egg/starkware/starknet/business_logic/internal_transaction_interface.py:213: in apply_state_updates
    state=state_to_update, general_config=general_config
../../../warp_dev/lib/python3.7/site-packages/cairo_lang-0.6.2-py3.7.egg/starkware/starknet/business_logic/internal_transaction.py:405: in _apply_specific_state_updates
    func=_synchronous_apply_specific_state_updates,
/usr/lib/python3.7/concurrent/futures/thread.py:57: in run
    result = self.fn(*self.args, **self.kwargs)
../../../warp_dev/lib/python3.7/site-packages/cairo_lang-0.6.2-py3.7.egg/starkware/starknet/business_logic/internal_transaction.py:433: in _synchronous_apply_specific_state_updates
    run_resources=run_resources,
../../../warp_dev/lib/python3.7/site-packages/cairo_lang-0.6.2-py3.7.egg/starkware/starknet/business_logic/internal_transaction.py:559: in _run
    raise StarkException(code=code, message=str(exception))
E   starkware.starkware_utils.error_handling.StarkException: (500, {'code': <StarknetErrorCode.TRANSACTION_FAILED: 28>, 'message': '/home/greg/warp_dev/lib/python3.7/site-packages/cairo_lang-0.6.2-py3.7.egg/starkware/starknet/common/syscalls.cairo:50:5: Error at pc=0:207:\nGot an exception while executing a hint.\n    %{ syscall_handler.call_contract(segments=segments, syscall_ptr=ids.syscall_ptr) %}\n    ^*********************************************************************************^\nCairo traceback (most recent call last):\n/home/greg/dev/nethermind/warp/tests/semantic/solidity/test/libsolidity/semanticTests/calldata/calldata_internal_function_pointer.cairo.temp:61:6: (pc=0:2527)\nfunc __main{\n     ^****^\n/home/greg/dev/nethermind/warp/tests/semantic/solidity/test/libsolidity/semanticTests/calldata/calldata_internal_function_pointer.cairo.temp:75:9: (pc=0:2466)\n        __main_meat()\n        ^***********^\n/home/greg/dev/nethermind/warp/tests/semantic/solidity/test/libsolidity/semanticTests/calldata/calldata_internal_function_pointer.cairo.temp:521:5: (pc=0:4142)\n    __warp_if_2(__warp_subexpr_0)\n    ^***************************^\n/home/greg/dev/nethermind/warp/tests/semantic/solidity/test/libsolidity/semanticTests/calldata/calldata_internal_function_pointer.cairo.temp:505:9: (pc=0:4096)\n        __warp_block_5()\n        ^**************^\n/home/greg/dev/nethermind/warp/tests/semantic/solidity/test/libsolidity/semanticTests/calldata/calldata_internal_function_pointer.cairo.temp:495:5: (pc=0:4071)\n    __warp_block_6()\n    ^**************^\n/home/greg/dev/nethermind/warp/tests/semantic/solidity/test/libsolidity/semanticTests/calldata/calldata_internal_function_pointer.cairo.temp:486:5: (pc=0:4058)\n    __warp_block_7(match_var)\n    ^***********************^\n/home/greg/dev/nethermind/warp/tests/semantic/solidity/test/libsolidity/semanticTests/calldata/calldata_internal_function_pointer.cairo.temp:475:5: (pc=0:4023)\n    __warp_if_3(__warp_subexpr_0, match_var)\n    ^**************************************^\n/home/greg/dev/nethermind/warp/tests/semantic/solidity/test/libsolidity/semanticTests/calldata/calldata_internal_function_pointer.cairo.temp:464:9: (pc=0:3978)\n        __warp_block_9(match_var)\n        ^***********************^\n/home/greg/dev/nethermind/warp/tests/semantic/solidity/test/libsolidity/semanticTests/calldata/calldata_internal_function_pointer.cairo.temp:451:5: (pc=0:3961)\n    __warp_if_4(__warp_subexpr_0)\n    ^***************************^\n/home/greg/dev/nethermind/warp/tests/semantic/solidity/test/libsolidity/semanticTests/calldata/calldata_internal_function_pointer.cairo.temp:439:9: (pc=0:3938)\n        __warp_block_10()\n        ^***************^\n/home/greg/dev/nethermind/warp/tests/semantic/solidity/test/libsolidity/semanticTests/calldata/calldata_internal_function_pointer.cairo.temp:425:29: (pc=0:3867)\n    let (ret_1 : Uint256) = fun_g()\n                            ^*****^\n/home/greg/dev/nethermind/warp/tests/semantic/solidity/test/libsolidity/semanticTests/calldata/calldata_internal_function_pointer.cairo.temp:344:26: (pc=0:3543)\n    let (_3 : Uint256) = warp_call(\n                         ^********^\n/home/greg/dev/nethermind/warp/warp/cairo-src/evm/yul_api.cairo:42:21: (pc=0:2222)\n    let (success) = general_call(\n                    ^***********^\n/home/greg/dev/nethermind/warp/warp/cairo-src/evm/calls.cairo:84:5: (pc=0:2098)\n    call abs call_function\n    ^********************^\n\nError in the called contract (0x5b3c7a67cbb657f2ff5bb93deda814f27dfc23584674b44b66d2c5ea119d0a5):\n/home/greg/dev/nethermind/warp/tests/semantic/solidity/test/libsolidity/semanticTests/calldata/calldata_internal_function_pointer.cairo.temp:126:9: Error at pc=0:2691:\nAn ASSERT_EQ instruction failed: 1 != 0.\n        assert 0 = 1\n        ^**********^\nCairo traceback (most recent call last):\n/home/greg/dev/nethermind/warp/tests/semantic/solidity/test/libsolidity/semanticTests/calldata/calldata_internal_function_pointer.cairo.temp:61:6: (pc=0:2527)\nfunc __main{\n     ^****^\n/home/greg/dev/nethermind/warp/tests/semantic/solidity/test/libsolidity/semanticTests/calldata/calldata_internal_function_pointer.cairo.temp:75:9: (pc=0:2466)\n        __main_meat()\n        ^***********^\n/home/greg/dev/nethermind/warp/tests/semantic/solidity/test/libsolidity/semanticTests/calldata/calldata_internal_function_pointer.cairo.temp:521:5: (pc=0:4142)\n    __warp_if_2(__warp_subexpr_0)\n    ^***************************^\n/home/greg/dev/nethermind/warp/tests/semantic/solidity/test/libsolidity/semanticTests/calldata/calldata_internal_function_pointer.cairo.temp:505:9: (pc=0:4096)\n        __warp_block_5()\n        ^**************^\n/home/greg/dev/nethermind/warp/tests/semantic/solidity/test/libsolidity/semanticTests/calldata/calldata_internal_function_pointer.cairo.temp:495:5: (pc=0:4071)\n    __warp_block_6()\n    ^**************^\n/home/greg/dev/nethermind/warp/tests/semantic/solidity/test/libsolidity/semanticTests/calldata/calldata_internal_function_pointer.cairo.temp:486:5: (pc=0:4058)\n    __warp_block_7(match_var)\n    ^***********************^\n/home/greg/dev/nethermind/warp/tests/semantic/solidity/test/libsolidity/semanticTests/calldata/calldata_internal_function_pointer.cairo.temp:475:5: (pc=0:4023)\n    __warp_if_3(__warp_subexpr_0, match_var)\n    ^**************************************^\n/home/greg/dev/nethermind/warp/tests/semantic/solidity/test/libsolidity/semanticTests/calldata/calldata_internal_function_pointer.cairo.temp:461:9: (pc=0:3997)\n        __warp_block_8()\n        ^**************^\n/home/greg/dev/nethermind/warp/tests/semantic/solidity/test/libsolidity/semanticTests/calldata/calldata_internal_function_pointer.cairo.temp:410:41: (pc=0:3798)\n    let (ret__warp_mangled : Uint256) = dispatch_internal_in_out(\n                                        ^***********************^\n/home/greg/dev/nethermind/warp/tests/semantic/solidity/test/libsolidity/semanticTests/calldata/calldata_internal_function_pointer.cairo.temp:145:27: (pc=0:2736)\n    let (out : Uint256) = __warp_block_0(fun, in, in_1, out)\n                          ^********************************^\n/home/greg/dev/nethermind/warp/tests/semantic/solidity/test/libsolidity/semanticTests/calldata/calldata_internal_function_pointer.cairo.temp:136:27: (pc=0:2718)\n    let (out : Uint256) = __warp_block_1(in, in_1, match_var, out)\n                          ^**************************************^'})
------------------------------------------------------------------------------------------------------------------- Captured stdout call -------------------------------------------------------------------------------------------------------------------
{'callData': '0xe9cc878000000000000000000000000000000000000000000000000000000000000000200000000000000000000000000000000000000000000000000000000000000001000000000000000000000000000000000000000000000000000000000000002000000000000000000000000000000000000000000000000000000000000000026162000000000000000000000000000000000000000000000000000000000000', 'expectations': '0x000000000000000000000000000000000000000000000000000000000000000100000000000000000000000000000000000000000000000000000000000000020000000000000000000000000000000000000000000000000000000000000061000000000000000000000000000000000000000000000000000000000000008000000000000000000000000000000000000000000000000000000000000000026162000000000000000000000000000000000000000000000000000000000000', 'failure': False, 'signature': 'f(string[])'}
{'callData': '0xe2179b8e', 'expectations': '0x0700000000000000000000000000000000000000000000000000000000000000', 'failure': False, 'signature': 'g()'}
{'callData': '0xf8a8fd6d', 'expectations': '0xfffffffffffffffffffffffffffffffffffffffffffffffffffffffffffffffe0000000000000000000000000000000000000000000000000000000000000004ffffffffffffffffffffffffffffffffffffffffffffffffffffffffffffff900000000000000000000000000000000000000000000000000000000000000000', 'failure': False, 'signature': 'test()'}
------------------------------------------------------------------------------------------------------------------- Captured stderr call -------------------------------------------------------------------------------------------------------------------
Warning: SPDX license identifier not provided in source file. Before publishing, consider adding a comment containing "SPDX-License-Identifier: <SPDX-License>" to each source file. Use "SPDX-License-Identifier: UNLICENSED" for non-open-source code. Please see https://spdx.org for more information.
--> tests/semantic/solidity/test/libsolidity/semanticTests/modifiers/modifiers_in_construction_context_marked.sol

_________________________________________________________ test_semantics[/home/greg/dev/nethermind/warp/tests/semantic/solidity/test/libsolidity/semanticTests/storage/packed_storage_signed.sol] __________________________________________________________
FAILURE: /home/greg/dev/nethermind/warp/tests/semantic/solidity/test/libsolidity/semanticTests/storage/packed_storage_signed.cairo.temp
assert '0x0000000000...00000000000ff' == '0xffffffffff...0000000000000'
  - 0xfffffffffffffffffffffffffffffffffffffffffffffffffffffffffffffffe0000000000000000000000000000000000000000000000000000000000000004ffffffffffffffffffffffffffffffffffffffffffffffffffffffffffffff900000000000000000000000000000000000000000000000000000000000000000
  + 0x000000000000000000000000000000000000000000000000000000000000000000000000000000000000000000000000000000000000000000000000000000fc000000000000000000000000000000000000000000000000000000000000000000000000000000000000000000000000000000000000000000000000000000ff
tests/semantic/test_semantics.py:173 in test_semantics() -> check.equal(final_res, expected_result, cairo_file_path)
------------------------------------------------------------
Failed Checks: 1
____________________________________________________________ test_semantics[/home/greg/dev/nethermind/warp/tests/semantic/solidity/test/libsolidity/semanticTests/storage/struct_accessor.sol] _____________________________________________________________
FAILURE: /home/greg/dev/nethermind/warp/tests/semantic/solidity/test/libsolidity/semanticTests/storage/struct_accessor.cairo.temp
assert '0x0000000000...0000000000001' == '0x0000000000...0000000000001'
  - 0x000000000000000000000000000000000000000000000000000000000000000100000000000000000000000000000000000000000000000000000000000000020000000000000000000000000000000000000000000000000000000000000001
  ?                                                                                                                                 ^^
  + 0x000000000000000000000000000000000000000000000000000000000000000100000000000000000000000000000000000000000000000000000000000000fe0000000000000000000000000000000000000000000000000000000000000001
  ?                                                   ...
  
  ...Full output truncated (1 line hidden), use '-vv' to show
tests/semantic/test_semantics.py:173 in test_semantics() -> check.equal(final_res, expected_result, cairo_file_path)
------------------------------------------------------------
Failed Checks: 1
------------------------------------------------------------------------------------------------------------------- Captured stdout call -------------------------------------------------------------------------------------------------------------------
{'callData': '0xe2179b8e', 'expectations': '0x000000000000000000000000000000000000000000000000000000000000000e080000000000000000000000000000000000000000000000000000000000000009000000000000000000000000000000000000000000000000000000000000000a00000000000000000000000000000000000000000000000000000000000000', 'failure': False, 'signature': 'g()'}
{'callData': '0xf0ba84400000000000000000000000000000000000000000000000000000000000000007', 'expectations': '0x000000000000000000000000000000000000000000000000000000000000000100000000000000000000000000000000000000000000000000000000000000020000000000000000000000000000000000000000000000000000000000000001', 'failure': False, 'signature': 'data(uint256)'}
------------------------------------------------------------------------------------------------------------------- Captured stderr call -------------------------------------------------------------------------------------------------------------------
Warning: SPDX license identifier not provided in source file. Before publishing, consider adding a comment containing "SPDX-License-Identifier: <SPDX-License>" to each source file. Use "SPDX-License-Identifier: UNLICENSED" for non-open-source code. Please see https://spdx.org for more information.
--> tests/semantic/solidity/test/libsolidity/semanticTests/modifiers/evaluation_order_marked.sol

______________________________________________________ test_semantics[/home/greg/dev/nethermind/warp/tests/semantic/solidity/test/libsolidity/semanticTests/modifiers/access_through_module_name.sol] ______________________________________________________
tests/semantic/test_semantics.py:126: in test_semantics
    contract_file, get_last_contract(contract_file)
../../../warp_dev/lib/python3.7/site-packages/sol_warp-0.2.12-py3.7.egg/yul/main.py:49: in transpile_from_solidity
    output = get_for_contract(sol_src_path_modified, main_contract, ["abi"])
../../../warp_dev/lib/python3.7/site-packages/sol_warp-0.2.12-py3.7.egg/yul/utils.py:136: in get_for_contract
    get_source_version(sol_source)
../../../warp_dev/lib/python3.7/site-packages/sol_warp-0.2.12-py3.7.egg/yul/utils.py:146: in get_source_version
    with open(sol_source) as f:
E   FileNotFoundError: [Errno 2] No such file or directory: '/home/greg/dev/nethermind/warp/tests/semantic/solidity/test/libsolidity/semanticTests/modifiers/access_through_module_name_marked.sol'
________________________________________________________ test_semantics[/home/greg/dev/nethermind/warp/tests/semantic/solidity/test/libsolidity/semanticTests/storage/packed_storage_overflow.sol] _________________________________________________________
FAILURE: /home/greg/dev/nethermind/warp/tests/semantic/solidity/test/libsolidity/semanticTests/storage/packed_storage_overflow.cairo.temp
assert '0x0000000000...0000000000003' == '0x0000000000...000000000fffe'
  - 0x000000000000000000000000000000000000000000000000000000000000123400000000000000000000000000000000000000000000000000000000000000000000000000000000000000000000000000000000000000000000000000000000000000000000000000000000000000000000000000000000000000000000fffe
  + 0x000000000000000000000000000000000000000000000000000000000000edcc000000000000000000000000000000000000000000000000000000000000fffe000000000000000000000000000000000000000000000000000000000000ffff0000000000000000000000000000000000000000000000000000000000000003
tests/semantic/test_semantics.py:173 in test_semantics() -> check.equal(final_res, expected_result, cairo_file_path)
------------------------------------------------------------
Failed Checks: 1
------------------------------------------------------------------------------------------------------------------- Captured stdout call -------------------------------------------------------------------------------------------------------------------
{'callData': '0xf8a8fd6d', 'expectations': '0x0000000000000000000000000000000000000000000000000000000000000001', 'failure': False, 'signature': 'test()'}
{'callData': '0xe2179b8e', 'expectations': '0x00000000000000000000000000000000000000000000000000000000000000070000000000000000000000000000000000000000000000000000000000000008', 'failure': False, 'signature': 'g()'}
______________________________________________________ test_semantics[/home/greg/dev/nethermind/warp/tests/semantic/solidity/test/libsolidity/semanticTests/storage/packed_storage_structs_enum.sol] _______________________________________________________
../../../warp_dev/lib/python3.7/site-packages/cairo_lang-0.6.2-py3.7.egg/starkware/starknet/business_logic/internal_transaction.py:539: in _run
    verify_secure=True,
../../../warp_dev/lib/python3.7/site-packages/cairo_lang-0.6.2-py3.7.egg/starkware/cairo/common/cairo_function_runner.py:199: in run_from_entrypoint
    self.run_until_pc(addr=end, run_resources=run_resources)
../../../warp_dev/lib/python3.7/site-packages/cairo_lang-0.6.2-py3.7.egg/starkware/cairo/lang/vm/cairo_runner.py:284: in run_until_pc
    self.vm_step()
../../../warp_dev/lib/python3.7/site-packages/cairo_lang-0.6.2-py3.7.egg/starkware/cairo/lang/vm/cairo_runner.py:298: in vm_step
    self.vm.step()
../../../warp_dev/lib/python3.7/site-packages/cairo_lang-0.6.2-py3.7.egg/starkware/cairo/lang/vm/virtual_machine_base.py:255: in step
    self.run_instruction(instruction)
../../../warp_dev/lib/python3.7/site-packages/cairo_lang-0.6.2-py3.7.egg/starkware/cairo/lang/vm/vm_core.py:422: in run_instruction
    raise self.as_vm_exception(exc) from None
E   starkware.cairo.lang.vm.vm_exceptions.VmException: /home/greg/dev/nethermind/warp/tests/semantic/solidity/test/libsolidity/semanticTests/storage/packed_storage_structs_enum.cairo.temp:108:9: Error at pc=0:1998:
E   An ASSERT_EQ instruction failed: 1 != 0.
E           assert 0 = 1
E           ^**********^
E   Cairo traceback (most recent call last):
E   /home/greg/dev/nethermind/warp/tests/semantic/solidity/test/libsolidity/semanticTests/storage/packed_storage_structs_enum.cairo.temp:51:6: (pc=0:1869)
E   func __main{
E        ^****^
E   /home/greg/dev/nethermind/warp/tests/semantic/solidity/test/libsolidity/semanticTests/storage/packed_storage_structs_enum.cairo.temp:65:9: (pc=0:1808)
E           __main_meat()
E           ^***********^
E   /home/greg/dev/nethermind/warp/tests/semantic/solidity/test/libsolidity/semanticTests/storage/packed_storage_structs_enum.cairo.temp:372:5: (pc=0:3029)
E       __warp_if_0(__warp_subexpr_0)
E       ^***************************^
E   /home/greg/dev/nethermind/warp/tests/semantic/solidity/test/libsolidity/semanticTests/storage/packed_storage_structs_enum.cairo.temp:356:9: (pc=0:2983)
E           __warp_block_0()
E           ^**************^
E   /home/greg/dev/nethermind/warp/tests/semantic/solidity/test/libsolidity/semanticTests/storage/packed_storage_structs_enum.cairo.temp:346:5: (pc=0:2958)
E       __warp_if_1(__warp_subexpr_0)
E       ^***************************^
E   /home/greg/dev/nethermind/warp/tests/semantic/solidity/test/libsolidity/semanticTests/storage/packed_storage_structs_enum.cairo.temp:331:9: (pc=0:2913)
E           __warp_block_1()
E           ^**************^
E   /home/greg/dev/nethermind/warp/tests/semantic/solidity/test/libsolidity/semanticTests/storage/packed_storage_structs_enum.cairo.temp:318:41: (pc=0:2841)
E       let (ret__warp_mangled : Uint256) = fun_test()
E                                           ^********^
E   /home/greg/dev/nethermind/warp/tests/semantic/solidity/test/libsolidity/semanticTests/storage/packed_storage_structs_enum.cairo.temp:215:5: (pc=0:2336)
E       validator_assert_enum_small(_2)
E       ^*****************************^

During handling of the above exception, another exception occurred:
tests/semantic/test_semantics.py:161: in test_semantics
    res = await invoke_method_evm_calldata(starknet, contract_address, argument)
../../../warp_dev/lib/python3.7/site-packages/sol_warp-0.2.12-py3.7.egg/yul/starknet_utils.py:30: in invoke_method_evm_calldata
    caller_address=0,
../../../warp_dev/lib/python3.7/site-packages/cairo_lang-0.6.2-py3.7.egg/starkware/starknet/testing/state.py:153: in invoke_raw
    state=state_copy, general_config=self.general_config
../../../warp_dev/lib/python3.7/site-packages/cairo_lang-0.6.2-py3.7.egg/starkware/starknet/business_logic/internal_transaction_interface.py:213: in apply_state_updates
    state=state_to_update, general_config=general_config
../../../warp_dev/lib/python3.7/site-packages/cairo_lang-0.6.2-py3.7.egg/starkware/starknet/business_logic/internal_transaction.py:405: in _apply_specific_state_updates
    func=_synchronous_apply_specific_state_updates,
/usr/lib/python3.7/concurrent/futures/thread.py:57: in run
    result = self.fn(*self.args, **self.kwargs)
../../../warp_dev/lib/python3.7/site-packages/cairo_lang-0.6.2-py3.7.egg/starkware/starknet/business_logic/internal_transaction.py:433: in _synchronous_apply_specific_state_updates
    run_resources=run_resources,
../../../warp_dev/lib/python3.7/site-packages/cairo_lang-0.6.2-py3.7.egg/starkware/starknet/business_logic/internal_transaction.py:559: in _run
    raise StarkException(code=code, message=str(exception))
E   starkware.starkware_utils.error_handling.StarkException: (500, {'code': <StarknetErrorCode.TRANSACTION_FAILED: 28>, 'message': '/home/greg/dev/nethermind/warp/tests/semantic/solidity/test/libsolidity/semanticTests/storage/packed_storage_structs_enum.cairo.temp:108:9: Error at pc=0:1998:\nAn ASSERT_EQ instruction failed: 1 != 0.\n        assert 0 = 1\n        ^**********^\nCairo traceback (most recent call last):\n/home/greg/dev/nethermind/warp/tests/semantic/solidity/test/libsolidity/semanticTests/storage/packed_storage_structs_enum.cairo.temp:51:6: (pc=0:1869)\nfunc __main{\n     ^****^\n/home/greg/dev/nethermind/warp/tests/semantic/solidity/test/libsolidity/semanticTests/storage/packed_storage_structs_enum.cairo.temp:65:9: (pc=0:1808)\n        __main_meat()\n        ^***********^\n/home/greg/dev/nethermind/warp/tests/semantic/solidity/test/libsolidity/semanticTests/storage/packed_storage_structs_enum.cairo.temp:372:5: (pc=0:3029)\n    __warp_if_0(__warp_subexpr_0)\n    ^***************************^\n/home/greg/dev/nethermind/warp/tests/semantic/solidity/test/libsolidity/semanticTests/storage/packed_storage_structs_enum.cairo.temp:356:9: (pc=0:2983)\n        __warp_block_0()\n        ^**************^\n/home/greg/dev/nethermind/warp/tests/semantic/solidity/test/libsolidity/semanticTests/storage/packed_storage_structs_enum.cairo.temp:346:5: (pc=0:2958)\n    __warp_if_1(__warp_subexpr_0)\n    ^***************************^\n/home/greg/dev/nethermind/warp/tests/semantic/solidity/test/libsolidity/semanticTests/storage/packed_storage_structs_enum.cairo.temp:331:9: (pc=0:2913)\n        __warp_block_1()\n        ^**************^\n/home/greg/dev/nethermind/warp/tests/semantic/solidity/test/libsolidity/semanticTests/storage/packed_storage_structs_enum.cairo.temp:318:41: (pc=0:2841)\n    let (ret__warp_mangled : Uint256) = fun_test()\n                                        ^********^\n/home/greg/dev/nethermind/warp/tests/semantic/solidity/test/libsolidity/semanticTests/storage/packed_storage_structs_enum.cairo.temp:215:5: (pc=0:2336)\n    validator_assert_enum_small(_2)\n    ^*****************************^'})
_____________________________________________________ test_semantics[/home/greg/dev/nethermind/warp/tests/semantic/solidity/test/libsolidity/semanticTests/calldata/calldata_internal_multi_array.sol] _____________________________________________________
../../../warp_dev/lib/python3.7/site-packages/cairo_lang-0.6.2-py3.7.egg/starkware/starknet/business_logic/internal_transaction.py:539: in _run
    verify_secure=True,
../../../warp_dev/lib/python3.7/site-packages/cairo_lang-0.6.2-py3.7.egg/starkware/cairo/common/cairo_function_runner.py:199: in run_from_entrypoint
    self.run_until_pc(addr=end, run_resources=run_resources)
../../../warp_dev/lib/python3.7/site-packages/cairo_lang-0.6.2-py3.7.egg/starkware/cairo/lang/vm/cairo_runner.py:284: in run_until_pc
    self.vm_step()
../../../warp_dev/lib/python3.7/site-packages/cairo_lang-0.6.2-py3.7.egg/starkware/cairo/lang/vm/cairo_runner.py:298: in vm_step
    self.vm.step()
../../../warp_dev/lib/python3.7/site-packages/cairo_lang-0.6.2-py3.7.egg/starkware/cairo/lang/vm/virtual_machine_base.py:241: in step
    self.exec_hint(hint.compiled, exec_locals, hint_index=hint_index)
../../../warp_dev/lib/python3.7/site-packages/cairo_lang-0.6.2-py3.7.egg/starkware/cairo/lang/vm/virtual_machine_base.py:281: in exec_hint
    ) from None
E   starkware.cairo.lang.vm.vm_exceptions.VmException: /home/greg/warp_dev/lib/python3.7/site-packages/cairo_lang-0.6.2-py3.7.egg/starkware/starknet/common/syscalls.cairo:50:5: Error at pc=0:148:
E   Got an exception while executing a hint.
E       %{ syscall_handler.call_contract(segments=segments, syscall_ptr=ids.syscall_ptr) %}
E       ^*********************************************************************************^
E   Cairo traceback (most recent call last):
E   /home/greg/dev/nethermind/warp/tests/semantic/solidity/test/libsolidity/semanticTests/calldata/calldata_internal_multi_array.cairo.temp:43:6: (pc=0:2340)
E   func __main{bitwise_ptr : BitwiseBuiltin*, range_check_ptr, syscall_ptr : felt*}(
E        ^****^
E   /home/greg/dev/nethermind/warp/tests/semantic/solidity/test/libsolidity/semanticTests/calldata/calldata_internal_multi_array.cairo.temp:56:9: (pc=0:2282)
E           __main_meat()
E           ^***********^
E   /home/greg/dev/nethermind/warp/tests/semantic/solidity/test/libsolidity/semanticTests/calldata/calldata_internal_multi_array.cairo.temp:596:5: (pc=0:4467)
E       __warp_if_1(__warp_subexpr_0)
E       ^***************************^
E   /home/greg/dev/nethermind/warp/tests/semantic/solidity/test/libsolidity/semanticTests/calldata/calldata_internal_multi_array.cairo.temp:581:9: (pc=0:4422)
E           __warp_block_1()
E           ^**************^
E   /home/greg/dev/nethermind/warp/tests/semantic/solidity/test/libsolidity/semanticTests/calldata/calldata_internal_multi_array.cairo.temp:571:5: (pc=0:4399)
E       __warp_block_2()
E       ^**************^
E   /home/greg/dev/nethermind/warp/tests/semantic/solidity/test/libsolidity/semanticTests/calldata/calldata_internal_multi_array.cairo.temp:563:5: (pc=0:4387)
E       __warp_block_3(match_var)
E       ^***********************^
E   /home/greg/dev/nethermind/warp/tests/semantic/solidity/test/libsolidity/semanticTests/calldata/calldata_internal_multi_array.cairo.temp:553:5: (pc=0:4353)
E       __warp_if_2(__warp_subexpr_0, match_var)
E       ^**************************************^
E   /home/greg/dev/nethermind/warp/tests/semantic/solidity/test/libsolidity/semanticTests/calldata/calldata_internal_multi_array.cairo.temp:543:9: (pc=0:4312)
E           __warp_block_5(match_var)
E           ^***********************^
E   /home/greg/dev/nethermind/warp/tests/semantic/solidity/test/libsolidity/semanticTests/calldata/calldata_internal_multi_array.cairo.temp:530:5: (pc=0:4295)
E       __warp_if_3(__warp_subexpr_0)
E       ^***************************^
E   /home/greg/dev/nethermind/warp/tests/semantic/solidity/test/libsolidity/semanticTests/calldata/calldata_internal_multi_array.cairo.temp:518:9: (pc=0:4272)
E           __warp_block_6()
E           ^**************^
E   /home/greg/dev/nethermind/warp/tests/semantic/solidity/test/libsolidity/semanticTests/calldata/calldata_internal_multi_array.cairo.temp:503:58: (pc=0:4197)
E       let (ret__warp_mangled : Uint256, ret_1 : Uint256) = fun_g()
E                                                            ^*****^
E   /home/greg/dev/nethermind/warp/tests/semantic/solidity/test/libsolidity/semanticTests/calldata/calldata_internal_multi_array.cairo.temp:446:26: (pc=0:3968)
E       let (_5 : Uint256) = staticcall(
E                            ^*********^
E   /home/greg/dev/nethermind/warp/warp/cairo-src/evm/yul_api.cairo:52:12: (pc=0:2136)
E       return warp_call(gas, address, Uint256(0, 0), in_offset, in_size, out_offset, out_size)
E              ^******************************************************************************^
E   /home/greg/dev/nethermind/warp/warp/cairo-src/evm/yul_api.cairo:42:21: (pc=0:2110)
E       let (success) = general_call(
E                       ^***********^
E   /home/greg/dev/nethermind/warp/warp/cairo-src/evm/calls.cairo:84:5: (pc=0:1986)
E       call abs call_function
E       ^********************^
E   
E   Error in the called contract (0x646b93f0f74c8b450db88f30cf77351fcc567271693a55b6cbca03d1697d69c):
E   /home/greg/dev/nethermind/warp/tests/semantic/solidity/test/libsolidity/semanticTests/calldata/calldata_internal_multi_array.cairo.temp:133:9: Error at pc=0:2669:
E   An ASSERT_EQ instruction failed: 1 != 0.
E           assert 0 = 1
E           ^**********^
E   Cairo traceback (most recent call last):
E   /home/greg/dev/nethermind/warp/tests/semantic/solidity/test/libsolidity/semanticTests/calldata/calldata_internal_multi_array.cairo.temp:43:6: (pc=0:2340)
E   func __main{bitwise_ptr : BitwiseBuiltin*, range_check_ptr, syscall_ptr : felt*}(
E        ^****^
E   /home/greg/dev/nethermind/warp/tests/semantic/solidity/test/libsolidity/semanticTests/calldata/calldata_internal_multi_array.cairo.temp:56:9: (pc=0:2282)
E           __main_meat()
E           ^***********^
E   /home/greg/dev/nethermind/warp/tests/semantic/solidity/test/libsolidity/semanticTests/calldata/calldata_internal_multi_array.cairo.temp:596:5: (pc=0:4467)
E       __warp_if_1(__warp_subexpr_0)
E       ^***************************^
E   /home/greg/dev/nethermind/warp/tests/semantic/solidity/test/libsolidity/semanticTests/calldata/calldata_internal_multi_array.cairo.temp:581:9: (pc=0:4422)
E           __warp_block_1()
E           ^**************^
E   /home/greg/dev/nethermind/warp/tests/semantic/solidity/test/libsolidity/semanticTests/calldata/calldata_internal_multi_array.cairo.temp:571:5: (pc=0:4399)
E       __warp_block_2()
E       ^**************^
E   /home/greg/dev/nethermind/warp/tests/semantic/solidity/test/libsolidity/semanticTests/calldata/calldata_internal_multi_array.cairo.temp:563:5: (pc=0:4387)
E       __warp_block_3(match_var)
E       ^***********************^
E   /home/greg/dev/nethermind/warp/tests/semantic/solidity/test/libsolidity/semanticTests/calldata/calldata_internal_multi_array.cairo.temp:553:5: (pc=0:4353)
E       __warp_if_2(__warp_subexpr_0, match_var)
E       ^**************************************^
E   /home/greg/dev/nethermind/warp/tests/semantic/solidity/test/libsolidity/semanticTests/calldata/calldata_internal_multi_array.cairo.temp:540:9: (pc=0:4321)
E           __warp_block_4()
E           ^**************^
E   /home/greg/dev/nethermind/warp/tests/semantic/solidity/test/libsolidity/semanticTests/calldata/calldata_internal_multi_array.cairo.temp:489:44: (pc=0:4126)
E       let (var : Uint256, var_1 : Uint256) = fun_f(__warp_subexpr_7)
E                                              ^*********************^

During handling of the above exception, another exception occurred:
tests/semantic/test_semantics.py:161: in test_semantics
    res = await invoke_method_evm_calldata(starknet, contract_address, argument)
../../../warp_dev/lib/python3.7/site-packages/sol_warp-0.2.12-py3.7.egg/yul/starknet_utils.py:30: in invoke_method_evm_calldata
    caller_address=0,
../../../warp_dev/lib/python3.7/site-packages/cairo_lang-0.6.2-py3.7.egg/starkware/starknet/testing/state.py:153: in invoke_raw
    state=state_copy, general_config=self.general_config
../../../warp_dev/lib/python3.7/site-packages/cairo_lang-0.6.2-py3.7.egg/starkware/starknet/business_logic/internal_transaction_interface.py:213: in apply_state_updates
    state=state_to_update, general_config=general_config
../../../warp_dev/lib/python3.7/site-packages/cairo_lang-0.6.2-py3.7.egg/starkware/starknet/business_logic/internal_transaction.py:405: in _apply_specific_state_updates
    func=_synchronous_apply_specific_state_updates,
/usr/lib/python3.7/concurrent/futures/thread.py:57: in run
    result = self.fn(*self.args, **self.kwargs)
../../../warp_dev/lib/python3.7/site-packages/cairo_lang-0.6.2-py3.7.egg/starkware/starknet/business_logic/internal_transaction.py:433: in _synchronous_apply_specific_state_updates
    run_resources=run_resources,
../../../warp_dev/lib/python3.7/site-packages/cairo_lang-0.6.2-py3.7.egg/starkware/starknet/business_logic/internal_transaction.py:559: in _run
    raise StarkException(code=code, message=str(exception))
E   starkware.starkware_utils.error_handling.StarkException: (500, {'code': <StarknetErrorCode.TRANSACTION_FAILED: 28>, 'message': '/home/greg/warp_dev/lib/python3.7/site-packages/cairo_lang-0.6.2-py3.7.egg/starkware/starknet/common/syscalls.cairo:50:5: Error at pc=0:148:\nGot an exception while executing a hint.\n    %{ syscall_handler.call_contract(segments=segments, syscall_ptr=ids.syscall_ptr) %}\n    ^*********************************************************************************^\nCairo traceback (most recent call last):\n/home/greg/dev/nethermind/warp/tests/semantic/solidity/test/libsolidity/semanticTests/calldata/calldata_internal_multi_array.cairo.temp:43:6: (pc=0:2340)\nfunc __main{bitwise_ptr : BitwiseBuiltin*, range_check_ptr, syscall_ptr : felt*}(\n     ^****^\n/home/greg/dev/nethermind/warp/tests/semantic/solidity/test/libsolidity/semanticTests/calldata/calldata_internal_multi_array.cairo.temp:56:9: (pc=0:2282)\n        __main_meat()\n        ^***********^\n/home/greg/dev/nethermind/warp/tests/semantic/solidity/test/libsolidity/semanticTests/calldata/calldata_internal_multi_array.cairo.temp:596:5: (pc=0:4467)\n    __warp_if_1(__warp_subexpr_0)\n    ^***************************^\n/home/greg/dev/nethermind/warp/tests/semantic/solidity/test/libsolidity/semanticTests/calldata/calldata_internal_multi_array.cairo.temp:581:9: (pc=0:4422)\n        __warp_block_1()\n        ^**************^\n/home/greg/dev/nethermind/warp/tests/semantic/solidity/test/libsolidity/semanticTests/calldata/calldata_internal_multi_array.cairo.temp:571:5: (pc=0:4399)\n    __warp_block_2()\n    ^**************^\n/home/greg/dev/nethermind/warp/tests/semantic/solidity/test/libsolidity/semanticTests/calldata/calldata_internal_multi_array.cairo.temp:563:5: (pc=0:4387)\n    __warp_block_3(match_var)\n    ^***********************^\n/home/greg/dev/nethermind/warp/tests/semantic/solidity/test/libsolidity/semanticTests/calldata/calldata_internal_multi_array.cairo.temp:553:5: (pc=0:4353)\n    __warp_if_2(__warp_subexpr_0, match_var)\n    ^**************************************^\n/home/greg/dev/nethermind/warp/tests/semantic/solidity/test/libsolidity/semanticTests/calldata/calldata_internal_multi_array.cairo.temp:543:9: (pc=0:4312)\n        __warp_block_5(match_var)\n        ^***********************^\n/home/greg/dev/nethermind/warp/tests/semantic/solidity/test/libsolidity/semanticTests/calldata/calldata_internal_multi_array.cairo.temp:530:5: (pc=0:4295)\n    __warp_if_3(__warp_subexpr_0)\n    ^***************************^\n/home/greg/dev/nethermind/warp/tests/semantic/solidity/test/libsolidity/semanticTests/calldata/calldata_internal_multi_array.cairo.temp:518:9: (pc=0:4272)\n        __warp_block_6()\n        ^**************^\n/home/greg/dev/nethermind/warp/tests/semantic/solidity/test/libsolidity/semanticTests/calldata/calldata_internal_multi_array.cairo.temp:503:58: (pc=0:4197)\n    let (ret__warp_mangled : Uint256, ret_1 : Uint256) = fun_g()\n                                                         ^*****^\n/home/greg/dev/nethermind/warp/tests/semantic/solidity/test/libsolidity/semanticTests/calldata/calldata_internal_multi_array.cairo.temp:446:26: (pc=0:3968)\n    let (_5 : Uint256) = staticcall(\n                         ^*********^\n/home/greg/dev/nethermind/warp/warp/cairo-src/evm/yul_api.cairo:52:12: (pc=0:2136)\n    return warp_call(gas, address, Uint256(0, 0), in_offset, in_size, out_offset, out_size)\n           ^******************************************************************************^\n/home/greg/dev/nethermind/warp/warp/cairo-src/evm/yul_api.cairo:42:21: (pc=0:2110)\n    let (success) = general_call(\n                    ^***********^\n/home/greg/dev/nethermind/warp/warp/cairo-src/evm/calls.cairo:84:5: (pc=0:1986)\n    call abs call_function\n    ^********************^\n\nError in the called contract (0x646b93f0f74c8b450db88f30cf77351fcc567271693a55b6cbca03d1697d69c):\n/home/greg/dev/nethermind/warp/tests/semantic/solidity/test/libsolidity/semanticTests/calldata/calldata_internal_multi_array.cairo.temp:133:9: Error at pc=0:2669:\nAn ASSERT_EQ instruction failed: 1 != 0.\n        assert 0 = 1\n        ^**********^\nCairo traceback (most recent call last):\n/home/greg/dev/nethermind/warp/tests/semantic/solidity/test/libsolidity/semanticTests/calldata/calldata_internal_multi_array.cairo.temp:43:6: (pc=0:2340)\nfunc __main{bitwise_ptr : BitwiseBuiltin*, range_check_ptr, syscall_ptr : felt*}(\n     ^****^\n/home/greg/dev/nethermind/warp/tests/semantic/solidity/test/libsolidity/semanticTests/calldata/calldata_internal_multi_array.cairo.temp:56:9: (pc=0:2282)\n        __main_meat()\n        ^***********^\n/home/greg/dev/nethermind/warp/tests/semantic/solidity/test/libsolidity/semanticTests/calldata/calldata_internal_multi_array.cairo.temp:596:5: (pc=0:4467)\n    __warp_if_1(__warp_subexpr_0)\n    ^***************************^\n/home/greg/dev/nethermind/warp/tests/semantic/solidity/test/libsolidity/semanticTests/calldata/calldata_internal_multi_array.cairo.temp:581:9: (pc=0:4422)\n        __warp_block_1()\n        ^**************^\n/home/greg/dev/nethermind/warp/tests/semantic/solidity/test/libsolidity/semanticTests/calldata/calldata_internal_multi_array.cairo.temp:571:5: (pc=0:4399)\n    __warp_block_2()\n    ^**************^\n/home/greg/dev/nethermind/warp/tests/semantic/solidity/test/libsolidity/semanticTests/calldata/calldata_internal_multi_array.cairo.temp:563:5: (pc=0:4387)\n    __warp_block_3(match_var)\n    ^***********************^\n/home/greg/dev/nethermind/warp/tests/semantic/solidity/test/libsolidity/semanticTests/calldata/calldata_internal_multi_array.cairo.temp:553:5: (pc=0:4353)\n    __warp_if_2(__warp_subexpr_0, match_var)\n    ^**************************************^\n/home/greg/dev/nethermind/warp/tests/semantic/solidity/test/libsolidity/semanticTests/calldata/calldata_internal_multi_array.cairo.temp:540:9: (pc=0:4321)\n        __warp_block_4()\n        ^**************^\n/home/greg/dev/nethermind/warp/tests/semantic/solidity/test/libsolidity/semanticTests/calldata/calldata_internal_multi_array.cairo.temp:489:44: (pc=0:4126)\n    let (var : Uint256, var_1 : Uint256) = fun_f(__warp_subexpr_7)\n                                           ^*********************^'})
------------------------------------------------------------------------------------------------------------------- Captured stderr call -------------------------------------------------------------------------------------------------------------------
Warning: SPDX license identifier not provided in source file. Before publishing, consider adding a comment containing "SPDX-License-Identifier: <SPDX-License>" to each source file. Use "SPDX-License-Identifier: UNLICENSED" for non-open-source code. Please see https://spdx.org for more information.
--> tests/semantic/solidity/test/libsolidity/semanticTests/modifiers/return_in_modifier_marked.sol

Warning: SPDX license identifier not provided in source file. Before publishing, consider adding a comment containing "SPDX-License-Identifier: <SPDX-License>" to each source file. Use "SPDX-License-Identifier: UNLICENSED" for non-open-source code. Please see https://spdx.org for more information.
--> tests/semantic/solidity/test/libsolidity/semanticTests/modifiers/function_modifier_empty_marked.sol

Warning: Function state mutability can be restricted to pure
 --> tests/semantic/solidity/test/libsolidity/semanticTests/modifiers/function_modifier_empty_marked.sol:3:5:
  |
3 |     function f() public mod returns (bool r) {
  |     ^ (Relevant source part starts here and spans across multiple lines).

Warning: SPDX license identifier not provided in source file. Before publishing, consider adding a comment containing "SPDX-License-Identifier: <SPDX-License>" to each source file. Use "SPDX-License-Identifier: UNLICENSED" for non-open-source code. Please see https://spdx.org for more information.
--> tests/semantic/solidity/test/libsolidity/semanticTests/modifiers/function_modifier_local_variables_marked.sol

Warning: Function state mutability can be restricted to pure
  --> tests/semantic/solidity/test/libsolidity/semanticTests/modifiers/function_modifier_local_variables_marked.sol:12:5:
   |
12 |     function f(bool a) public mod1 mod2(a) returns (uint256 r) {
   |     ^ (Relevant source part starts here and spans across multiple lines).

______________________________________________________ test_semantics[/home/greg/dev/nethermind/warp/tests/semantic/solidity/test/libsolidity/semanticTests/storage/packed_storage_structs_uint.sol] _______________________________________________________
FAILURE: /home/greg/dev/nethermind/warp/tests/semantic/solidity/test/libsolidity/semanticTests/storage/packed_storage_structs_uint.cairo.temp
assert '0x0000000000...0000000000002' == '0x0000000000...0000000000001'
  - 0x0000000000000000000000000000000000000000000000000000000000000001
  ?                                                                  ^
  + 0x0000000000000000000000000000000000000000000000000000000000000002
  ?                                                                  ^
tests/semantic/test_semantics.py:173 in test_semantics() -> check.equal(final_res, expected_result, cairo_file_path)
------------------------------------------------------------
Failed Checks: 1
------------------------------------------------------------------------------------------------------------------- Captured stdout call -------------------------------------------------------------------------------------------------------------------
{'callData': '0xf8a8fd6d', 'expectations': '0x0000000000000000000000000000000000000000000000000000000000000001', 'failure': False, 'signature': 'test()'}
------------------------------------------------------------------------------------------------------------------- Captured stderr call -------------------------------------------------------------------------------------------------------------------
Warning: SPDX license identifier not provided in source file. Before publishing, consider adding a comment containing "SPDX-License-Identifier: <SPDX-License>" to each source file. Use "SPDX-License-Identifier: UNLICENSED" for non-open-source code. Please see https://spdx.org for more information.
--> tests/semantic/solidity/test/libsolidity/semanticTests/modifiers/function_modifier_calling_functions_in_creation_context_marked.sol

Warning: Function state mutability can be restricted to view
  --> tests/semantic/solidity/test/libsolidity/semanticTests/modifiers/function_modifier_calling_functions_in_creation_context_marked.sol:22:5:
   |
22 |     function getData() public returns (uint256 r) {
   |     ^ (Relevant source part starts here and spans across multiple lines).

______________________________________________________ test_semantics[/home/greg/dev/nethermind/warp/tests/semantic/solidity/test/libsolidity/semanticTests/storage/packed_storage_structs_bytes.sol] ______________________________________________________
FAILURE: /home/greg/dev/nethermind/warp/tests/semantic/solidity/test/libsolidity/semanticTests/storage/packed_storage_structs_bytes.cairo.temp
assert '0x0000000000...0000000000000' == '0x0000000000...0000000000001'
  - 0x0000000000000000000000000000000000000000000000000000000000000001
  ?                                                                  ^
  + 0x0000000000000000000000000000000000000000000000000000000000000000
  ?                                                                  ^
tests/semantic/test_semantics.py:173 in test_semantics() -> check.equal(final_res, expected_result, cairo_file_path)
------------------------------------------------------------
Failed Checks: 1
------------------------------------------------------------------------------------------------------------------- Captured stdout call -------------------------------------------------------------------------------------------------------------------
{'callData': '0xf8a8fd6d', 'expectations': '0x0000000000000000000000000000000000000000000000000000000000000001', 'failure': False, 'signature': 'test()'}
{'callData': '0x0399321e000000000000000000000000000000000000000000000000000000000000002000000000000000000000000000000000000000000000000000000000000000036162630000000000000000000000000000000000000000000000000000000000', 'expectations': '0x', 'failure': False, 'signature': 'set(bytes)'}
------------------------------------------------------------------------------------------------------------------- Captured stderr call -------------------------------------------------------------------------------------------------------------------
Warning: SPDX license identifier not provided in source file. Before publishing, consider adding a comment containing "SPDX-License-Identifier: <SPDX-License>" to each source file. Use "SPDX-License-Identifier: UNLICENSED" for non-open-source code. Please see https://spdx.org for more information.
--> tests/semantic/solidity/test/libsolidity/semanticTests/modifiers/function_return_parameter_marked.sol

__________________________________________________________ test_semantics[/home/greg/dev/nethermind/warp/tests/semantic/solidity/test/libsolidity/semanticTests/storage/empty_nonempty_empty.sol] __________________________________________________________
../../../warp_dev/lib/python3.7/site-packages/cairo_lang-0.6.2-py3.7.egg/starkware/starknet/business_logic/internal_transaction.py:539: in _run
    verify_secure=True,
../../../warp_dev/lib/python3.7/site-packages/cairo_lang-0.6.2-py3.7.egg/starkware/cairo/common/cairo_function_runner.py:199: in run_from_entrypoint
    self.run_until_pc(addr=end, run_resources=run_resources)
../../../warp_dev/lib/python3.7/site-packages/cairo_lang-0.6.2-py3.7.egg/starkware/cairo/lang/vm/cairo_runner.py:284: in run_until_pc
    self.vm_step()
../../../warp_dev/lib/python3.7/site-packages/cairo_lang-0.6.2-py3.7.egg/starkware/cairo/lang/vm/cairo_runner.py:298: in vm_step
    self.vm.step()
../../../warp_dev/lib/python3.7/site-packages/cairo_lang-0.6.2-py3.7.egg/starkware/cairo/lang/vm/virtual_machine_base.py:255: in step
    self.run_instruction(instruction)
../../../warp_dev/lib/python3.7/site-packages/cairo_lang-0.6.2-py3.7.egg/starkware/cairo/lang/vm/vm_core.py:422: in run_instruction
    raise self.as_vm_exception(exc) from None
E   starkware.cairo.lang.vm.vm_exceptions.VmException: /home/greg/dev/nethermind/warp/tests/semantic/solidity/test/libsolidity/semanticTests/storage/empty_nonempty_empty.cairo.temp:105:9: Error at pc=0:2490:
E   An ASSERT_EQ instruction failed: 1 != 0.
E           assert 0 = 1
E           ^**********^
E   Cairo traceback (most recent call last):
E   /home/greg/dev/nethermind/warp/tests/semantic/solidity/test/libsolidity/semanticTests/storage/empty_nonempty_empty.cairo.temp:52:6: (pc=0:2354)
E   func __main{
E        ^****^
E   /home/greg/dev/nethermind/warp/tests/semantic/solidity/test/libsolidity/semanticTests/storage/empty_nonempty_empty.cairo.temp:66:9: (pc=0:2293)
E           __main_meat()
E           ^***********^
E   /home/greg/dev/nethermind/warp/tests/semantic/solidity/test/libsolidity/semanticTests/storage/empty_nonempty_empty.cairo.temp:503:5: (pc=0:4001)
E       __warp_if_6(__warp_subexpr_0)
E       ^***************************^
E   /home/greg/dev/nethermind/warp/tests/semantic/solidity/test/libsolidity/semanticTests/storage/empty_nonempty_empty.cairo.temp:487:9: (pc=0:3955)
E           __warp_block_7()
E           ^**************^
E   /home/greg/dev/nethermind/warp/tests/semantic/solidity/test/libsolidity/semanticTests/storage/empty_nonempty_empty.cairo.temp:477:5: (pc=0:3930)
E       __warp_if_7(__warp_subexpr_0)
E       ^***************************^
E   /home/greg/dev/nethermind/warp/tests/semantic/solidity/test/libsolidity/semanticTests/storage/empty_nonempty_empty.cairo.temp:462:9: (pc=0:3885)
E           __warp_block_8()
E           ^**************^
E   /home/greg/dev/nethermind/warp/tests/semantic/solidity/test/libsolidity/semanticTests/storage/empty_nonempty_empty.cairo.temp:450:5: (pc=0:3827)
E       copy_byte_array_to_storage_from_bytes_to_bytes(memPtr)
E       ^****************************************************^
E   /home/greg/dev/nethermind/warp/tests/semantic/solidity/test/libsolidity/semanticTests/storage/empty_nonempty_empty.cairo.temp:376:40: (pc=0:3444)
E       let (__warp_subexpr_1 : Uint256) = extract_byte_array_length(__warp_subexpr_2)
E                                          ^*****************************************^

During handling of the above exception, another exception occurred:
tests/semantic/test_semantics.py:161: in test_semantics
    res = await invoke_method_evm_calldata(starknet, contract_address, argument)
../../../warp_dev/lib/python3.7/site-packages/sol_warp-0.2.12-py3.7.egg/yul/starknet_utils.py:30: in invoke_method_evm_calldata
    caller_address=0,
../../../warp_dev/lib/python3.7/site-packages/cairo_lang-0.6.2-py3.7.egg/starkware/starknet/testing/state.py:153: in invoke_raw
    state=state_copy, general_config=self.general_config
../../../warp_dev/lib/python3.7/site-packages/cairo_lang-0.6.2-py3.7.egg/starkware/starknet/business_logic/internal_transaction_interface.py:213: in apply_state_updates
    state=state_to_update, general_config=general_config
../../../warp_dev/lib/python3.7/site-packages/cairo_lang-0.6.2-py3.7.egg/starkware/starknet/business_logic/internal_transaction.py:405: in _apply_specific_state_updates
    func=_synchronous_apply_specific_state_updates,
/usr/lib/python3.7/concurrent/futures/thread.py:57: in run
    result = self.fn(*self.args, **self.kwargs)
../../../warp_dev/lib/python3.7/site-packages/cairo_lang-0.6.2-py3.7.egg/starkware/starknet/business_logic/internal_transaction.py:433: in _synchronous_apply_specific_state_updates
    run_resources=run_resources,
../../../warp_dev/lib/python3.7/site-packages/cairo_lang-0.6.2-py3.7.egg/starkware/starknet/business_logic/internal_transaction.py:559: in _run
    raise StarkException(code=code, message=str(exception))
E   starkware.starkware_utils.error_handling.StarkException: (500, {'code': <StarknetErrorCode.TRANSACTION_FAILED: 28>, 'message': '/home/greg/dev/nethermind/warp/tests/semantic/solidity/test/libsolidity/semanticTests/storage/empty_nonempty_empty.cairo.temp:105:9: Error at pc=0:2490:\nAn ASSERT_EQ instruction failed: 1 != 0.\n        assert 0 = 1\n        ^**********^\nCairo traceback (most recent call last):\n/home/greg/dev/nethermind/warp/tests/semantic/solidity/test/libsolidity/semanticTests/storage/empty_nonempty_empty.cairo.temp:52:6: (pc=0:2354)\nfunc __main{\n     ^****^\n/home/greg/dev/nethermind/warp/tests/semantic/solidity/test/libsolidity/semanticTests/storage/empty_nonempty_empty.cairo.temp:66:9: (pc=0:2293)\n        __main_meat()\n        ^***********^\n/home/greg/dev/nethermind/warp/tests/semantic/solidity/test/libsolidity/semanticTests/storage/empty_nonempty_empty.cairo.temp:503:5: (pc=0:4001)\n    __warp_if_6(__warp_subexpr_0)\n    ^***************************^\n/home/greg/dev/nethermind/warp/tests/semantic/solidity/test/libsolidity/semanticTests/storage/empty_nonempty_empty.cairo.temp:487:9: (pc=0:3955)\n        __warp_block_7()\n        ^**************^\n/home/greg/dev/nethermind/warp/tests/semantic/solidity/test/libsolidity/semanticTests/storage/empty_nonempty_empty.cairo.temp:477:5: (pc=0:3930)\n    __warp_if_7(__warp_subexpr_0)\n    ^***************************^\n/home/greg/dev/nethermind/warp/tests/semantic/solidity/test/libsolidity/semanticTests/storage/empty_nonempty_empty.cairo.temp:462:9: (pc=0:3885)\n        __warp_block_8()\n        ^**************^\n/home/greg/dev/nethermind/warp/tests/semantic/solidity/test/libsolidity/semanticTests/storage/empty_nonempty_empty.cairo.temp:450:5: (pc=0:3827)\n    copy_byte_array_to_storage_from_bytes_to_bytes(memPtr)\n    ^****************************************************^\n/home/greg/dev/nethermind/warp/tests/semantic/solidity/test/libsolidity/semanticTests/storage/empty_nonempty_empty.cairo.temp:376:40: (pc=0:3444)\n    let (__warp_subexpr_1 : Uint256) = extract_byte_array_length(__warp_subexpr_2)\n                                       ^*****************************************^'})
------------------------------------------------------------------------------------------------------------------- Captured stdout call -------------------------------------------------------------------------------------------------------------------
{'callData': '0x0399321e00000000000000000000000000000000000000000000000000000000000000200000000000000000000000000000000000000000000000000000000000000000', 'expectations': '0x', 'failure': False, 'signature': 'set(bytes)'}
______________________________________________________ test_semantics[/home/greg/dev/nethermind/warp/tests/semantic/solidity/test/libsolidity/semanticTests/storage/accessors_mapping_for_array.sol] _______________________________________________________
FAILURE: /home/greg/dev/nethermind/warp/tests/semantic/solidity/test/libsolidity/semanticTests/storage/accessors_mapping_for_array.cairo.temp
assert '0xffffffffff...ffffffffffff8' == '0x0000000000...0000000000008'
  - 0x0000000000000000000000000000000000000000000000000000000000000008
  + 0xfffffffffffffffffffffffffffffffffffffffffffffffffffffffffffffff8
tests/semantic/test_semantics.py:173 in test_semantics() -> check.equal(final_res, expected_result, cairo_file_path)
------------------------------------------------------------
Failed Checks: 1
------------------------------------------------------------------------------------------------------------------- Captured stdout call -------------------------------------------------------------------------------------------------------------------
{'callData': '0x5173bd1e00000000000000000000000000000000000000000000000000000000000000020000000000000000000000000000000000000000000000000000000000000002', 'expectations': '0x0000000000000000000000000000000000000000000000000000000000000008', 'failure': False, 'signature': 'data(uint256,uint256)'}
{'callData': '0x5173bd1e00000000000000000000000000000000000000000000000000000000000000020000000000000000000000000000000000000000000000000000000000000008', 'expectations': '0x', 'failure': True, 'signature': 'data(uint256,uint256)'}
{'callData': '0xd3c5fe1e00000000000000000000000000000000000000000000000000000000000000020000000000000000000000000000000000000000000000000000000000000002', 'expectations': '0x0000000000000000000000000000000000000000000000000000000000000008', 'failure': False, 'signature': 'dynamicData(uint256,uint256)'}
{'callData': '0xd3c5fe1e00000000000000000000000000000000000000000000000000000000000000020000000000000000000000000000000000000000000000000000000000000008', 'expectations': '0x', 'failure': True, 'signature': 'dynamicData(uint256,uint256)'}
------------------------------------------------------------------------------------------------------------------- Captured stderr call -------------------------------------------------------------------------------------------------------------------
Warning: SPDX license identifier not provided in source file. Before publishing, consider adding a comment containing "SPDX-License-Identifier: <SPDX-License>" to each source file. Use "SPDX-License-Identifier: UNLICENSED" for non-open-source code. Please see https://spdx.org for more information.
--> tests/semantic/solidity/test/libsolidity/semanticTests/modifiers/modifier_init_return_marked.sol

Warning: Function state mutability can be restricted to pure
 --> tests/semantic/solidity/test/libsolidity/semanticTests/modifiers/modifier_init_return_marked.sol:6:5:
  |
6 |     function f(uint x) public m(x >= 10) returns (uint[5] memory r) {
  |     ^ (Relevant source part starts here and spans across multiple lines).

Warning: SPDX license identifier not provided in source file. Before publishing, consider adding a comment containing "SPDX-License-Identifier: <SPDX-License>" to each source file. Use "SPDX-License-Identifier: UNLICENSED" for non-open-source code. Please see https://spdx.org for more information.
--> tests/semantic/solidity/test/libsolidity/semanticTests/modifiers/function_modifier_for_constructor_marked.sol

Warning: Function state mutability can be restricted to view
  --> tests/semantic/solidity/test/libsolidity/semanticTests/modifiers/function_modifier_for_constructor_marked.sol:11:5:
   |
11 |     function getData() public returns (uint256 r) {
   |     ^ (Relevant source part starts here and spans across multiple lines).

Warning: SPDX license identifier not provided in source file. Before publishing, consider adding a comment containing "SPDX-License-Identifier: <SPDX-License>" to each source file. Use "SPDX-License-Identifier: UNLICENSED" for non-open-source code. Please see https://spdx.org for more information.
--> tests/semantic/solidity/test/libsolidity/semanticTests/modifiers/function_modifier_library_inheritance_marked.sol

__________________________________________________________ test_semantics[/home/greg/dev/nethermind/warp/tests/semantic/solidity/test/libsolidity/semanticTests/modifiers/modifer_recursive.sol] ___________________________________________________________
../../../warp_dev/lib/python3.7/site-packages/cairo_lang-0.6.2-py3.7.egg/starkware/cairo/lang/compiler/preprocessor/identifier_collector.py:241: in visit_CodeElementImport
    self.identifiers.get_scope(alias_dst)
../../../warp_dev/lib/python3.7/site-packages/cairo_lang-0.6.2-py3.7.egg/starkware/cairo/lang/compiler/identifier_manager.py:170: in get_scope
    return self.root.get_scope(current_identifier)
../../../warp_dev/lib/python3.7/site-packages/cairo_lang-0.6.2-py3.7.egg/starkware/cairo/lang/compiler/identifier_manager.py:334: in get_scope
    return scope.get_scope(non_parsed)
../../../warp_dev/lib/python3.7/site-packages/cairo_lang-0.6.2-py3.7.egg/starkware/cairo/lang/compiler/identifier_manager.py:334: in get_scope
    return scope.get_scope(non_parsed)
../../../warp_dev/lib/python3.7/site-packages/cairo_lang-0.6.2-py3.7.egg/starkware/cairo/lang/compiler/identifier_manager.py:334: in get_scope
    return scope.get_scope(non_parsed)
../../../warp_dev/lib/python3.7/site-packages/cairo_lang-0.6.2-py3.7.egg/starkware/cairo/lang/compiler/identifier_manager.py:334: in get_scope
    return scope.get_scope(non_parsed)
../../../warp_dev/lib/python3.7/site-packages/cairo_lang-0.6.2-py3.7.egg/starkware/cairo/lang/compiler/identifier_manager.py:339: in get_scope
    raise MissingIdentifierError(fullname=fullname)
E   starkware.cairo.lang.compiler.identifier_manager.MissingIdentifierError: Unknown identifier 'starkware.cairo.common.uint256.uint256_exp'.

During handling of the above exception, another exception occurred:
tests/semantic/test_semantics.py:135: in test_semantics
    contract_definition = await starknet_compile(cairo_file_path)
tests/semantic/test_semantics.py:71: in starknet_compile
    [contract_file], debug_info=True, cairo_path=[cairo_path]
../../../warp_dev/lib/python3.7/site-packages/cairo_lang-0.6.2-py3.7.egg/starkware/starknet/compiler/compile.py:107: in compile_starknet_files
    cairo_path=cairo_path,
../../../warp_dev/lib/python3.7/site-packages/cairo_lang-0.6.2-py3.7.egg/starkware/starknet/compiler/compile.py:128: in compile_starknet_codes
    code=codes, debug_info=debug_info, pass_manager=pass_manager
../../../warp_dev/lib/python3.7/site-packages/cairo_lang-0.6.2-py3.7.egg/starkware/cairo/lang/compiler/cairo_compile.py:230: in compile_cairo_ex
    codes=codes_with_filenames, pass_manager=pass_manager, main_scope=main_scope
../../../warp_dev/lib/python3.7/site-packages/cairo_lang-0.6.2-py3.7.egg/starkware/cairo/lang/compiler/preprocessor/preprocess_codes.py:24: in preprocess_codes
    pass_manager.run(context)
../../../warp_dev/lib/python3.7/site-packages/cairo_lang-0.6.2-py3.7.egg/starkware/cairo/lang/compiler/preprocessor/pass_manager.py:53: in run
    stage.run(context)
../../../warp_dev/lib/python3.7/site-packages/cairo_lang-0.6.2-py3.7.egg/starkware/cairo/lang/compiler/preprocessor/pass_manager.py:104: in run
    modified_modules.append(visitor.visit(module))
../../../warp_dev/lib/python3.7/site-packages/cairo_lang-0.6.2-py3.7.egg/starkware/cairo/lang/compiler/preprocessor/identifier_collector.py:117: in visit
    return super().visit(obj)
../../../warp_dev/lib/python3.7/site-packages/cairo_lang-0.6.2-py3.7.egg/starkware/cairo/lang/compiler/ast/visitor.py:40: in visit
    return getattr(self, f"visit_{type(obj).__name__}", self._visit_default)(obj)
../../../warp_dev/lib/python3.7/site-packages/cairo_lang-0.6.2-py3.7.egg/starkware/cairo/lang/compiler/ast/visitor.py:63: in visit_CairoModule
    cairo_file=CairoFile(code_block=self.visit(module.cairo_file.code_block)),
../../../warp_dev/lib/python3.7/site-packages/cairo_lang-0.6.2-py3.7.egg/starkware/cairo/lang/compiler/preprocessor/identifier_collector.py:117: in visit
    return super().visit(obj)
../../../warp_dev/lib/python3.7/site-packages/cairo_lang-0.6.2-py3.7.egg/starkware/cairo/lang/compiler/ast/visitor.py:40: in visit
    return getattr(self, f"visit_{type(obj).__name__}", self._visit_default)(obj)
../../../warp_dev/lib/python3.7/site-packages/cairo_lang-0.6.2-py3.7.egg/starkware/cairo/lang/compiler/preprocessor/identifier_collector.py:231: in visit_CodeBlock
    self.visit(elm.code_elm)
../../../warp_dev/lib/python3.7/site-packages/cairo_lang-0.6.2-py3.7.egg/starkware/cairo/lang/compiler/preprocessor/identifier_collector.py:117: in visit
    return super().visit(obj)
../../../warp_dev/lib/python3.7/site-packages/cairo_lang-0.6.2-py3.7.egg/starkware/cairo/lang/compiler/ast/visitor.py:40: in visit
    return getattr(self, f"visit_{type(obj).__name__}", self._visit_default)(obj)
../../../warp_dev/lib/python3.7/site-packages/cairo_lang-0.6.2-py3.7.egg/starkware/cairo/lang/compiler/preprocessor/identifier_collector.py:246: in visit_CodeElementImport
    location=import_item.orig_identifier.location,
E   starkware.cairo.lang.compiler.preprocessor.preprocessor_error.PreprocessorError: /home/greg/dev/nethermind/warp/tests/semantic/solidity/test/libsolidity/semanticTests/modifiers/modifer_recursive.cairo.temp:14:66: Cannot import 'uint256_exp' from 'starkware.cairo.common.uint256'.
E   from starkware.cairo.common.uint256 import Uint256, uint256_and, uint256_exp, uint256_sub
E                                                                    ^*********^
------------------------------------------------------------------------------------------------------------------- Captured stdout call -------------------------------------------------------------------------------------------------------------------
{'callData': '0xe652f4cc0000000000000000000000000000000000000000000000000000000000000000', 'expectations': '0x0000000000000000000000000000000000000000000000000000000000000000', 'failure': False, 'signature': 'getVoteCount(address)'}
{'callData': '0xe652f4cc0000000000000000000000000000000000000000000000000000000000000001', 'expectations': '0x0000000000000000000000000000000000000000000000000000000000000000', 'failure': False, 'signature': 'getVoteCount(address)'}
{'callData': '0xe652f4cc0000000000000000000000000000000000000000000000000000000000000002', 'expectations': '0x0000000000000000000000000000000000000000000000000000000000000000', 'failure': False, 'signature': 'getVoteCount(address)'}
{'callData': '0x1afa74e500000000000000000000000000000000000000000000000000000000000000000000000000000000000000000000000000000000000000000000000000000002', 'expectations': '0x0000000000000000000000000000000000000000000000000000000000000000', 'failure': False, 'signature': 'vote(address,address)'}
{'callData': '0x254d2ba4000000000000000000000000000000000000000000000000000000000000002a0000000000000000000000000000000000000000000000000000000000000040', 'expectations': '0x', 'failure': False, 'signature': 'n1(uint256,uint256)'}
{'callData': '0xe652f4cc0000000000000000000000000000000000000000000000000000000000000000', 'expectations': '0x0000000000000000000000000000000000000000000000000000000000000000', 'failure': False, 'signature': 'getVoteCount(address)'}
{'callData': '0xe652f4cc0000000000000000000000000000000000000000000000000000000000000001', 'expectations': '0x0000000000000000000000000000000000000000000000000000000000000000', 'failure': False, 'signature': 'getVoteCount(address)'}
{'callData': '0x0c55699c', 'expectations': '0x0000000000000000000000000000000000000000000000000000000000000007', 'failure': False, 'signature': 'x()'}
{'callData': '0xb8dda9c7000000000000000000000000000000000000000000000000000000000000002a', 'expectations': '0x0000000000000000000000000000000000000000000000000000000000000040', 'failure': False, 'signature': 'map(uint256)'}
{'callData': '0x9ae8886a', 'expectations': '0x', 'failure': False, 'signature': 'p()'}
{'callData': '0xe652f4cc0000000000000000000000000000000000000000000000000000000000000002', 'expectations': '0x0000000000000000000000000000000000000000000000000000000000000000', 'failure': False, 'signature': 'getVoteCount(address)'}
{'callData': '0x26121ff0', 'expectations': '0x0000000000000000000000000000000000000000000000000000000000000009', 'failure': False, 'signature': 'f()'}
{'callData': '0x0c55699c', 'expectations': '0x0000000000000000000000000000000000000000000000000000000000000002', 'failure': False, 'signature': 'x()'}
{'callData': '0x4aaa831d', 'expectations': '0x', 'failure': False, 'signature': 'n2()'}
{'callData': '0x2bb9cb3f0000000000000000000000000000000000000000000000000000000000000000', 'expectations': '0x', 'failure': False, 'signature': 'grantVoteRight(address)'}
------------------------------------------------------------------------------------------------------------------- Captured stderr call -------------------------------------------------------------------------------------------------------------------
Warning: SPDX license identifier not provided in source file. Before publishing, consider adding a comment containing "SPDX-License-Identifier: <SPDX-License>" to each source file. Use "SPDX-License-Identifier: UNLICENSED" for non-open-source code. Please see https://spdx.org for more information.
--> tests/semantic/solidity/test/libsolidity/semanticTests/modifiers/modifer_recursive_marked.sol

----------------------------------------------------------------------------------------------------------------- Captured stdout teardown -----------------------------------------------------------------------------------------------------------------
{'callData': '0xe2179b8e', 'expectations': '0x000000000000000000000000000000000000000000000000000000000000000a', 'failure': False, 'signature': 'g()'}
__________________________________________________ test_semantics[/home/greg/dev/nethermind/warp/tests/semantic/solidity/test/libsolidity/semanticTests/modifiers/function_modifier_return_reference.sol] __________________________________________________
tests/semantic/test_semantics.py:123: in test_semantics
    constructor_args, contract_expectations = get_expectations(contract_file)
tests/semantic/test_semantics.py:102: in get_expectations
    expectations = test_calldata[contract_path]
E   KeyError: './scripts/../test/libsolidity/semanticTests/modifiers/function_modifier_return_reference.sol'
___________________________________________________________ test_semantics[/home/greg/dev/nethermind/warp/tests/semantic/solidity/test/libsolidity/semanticTests/storage/complex_accessors.sol] ____________________________________________________________
FAILURE: /home/greg/dev/nethermind/warp/tests/semantic/solidity/test/libsolidity/semanticTests/storage/complex_accessors.cairo.temp
assert '0xcdcc000000...0000000000000' == '0x3234000000...0000000000000'
  - 0x3234000000000000000000000000000000000000000000000000000000000000
  ?   ^^^^
  + 0xcdcc000000000000000000000000000000000000000000000000000000000000
  ?   ^^^^
tests/semantic/test_semantics.py:173 in test_semantics() -> check.equal(final_res, expected_result, cairo_file_path)
------------------------------------------------------------
Failed Checks: 1
------------------------------------------------------------------------------------------------------------------- Captured stdout call -------------------------------------------------------------------------------------------------------------------
{'callData': '0x2bb9cb3f0000000000000000000000000000000000000000000000000000000000000002', 'expectations': '0x', 'failure': False, 'signature': 'grantVoteRight(address)'}
{'callData': '0x4939dcc0000000000000000000000000000000000000000000000000000000000000002a', 'expectations': '0x3234000000000000000000000000000000000000000000000000000000000000', 'failure': False, 'signature': 'to_string_map(uint256)'}
{'callData': '0x1afa74e500000000000000000000000000000000000000000000000000000000000000020000000000000000000000000000000000000000000000000000000000000001', 'expectations': '0x0000000000000000000000000000000000000000000000000000000000000001', 'failure': False, 'signature': 'vote(address,address)'}
{'callData': '0x08f08e11000000000000000000000000000000000000000000000000000000000000002a', 'expectations': '0x0000000000000000000000000000000000000000000000000000000000000000', 'failure': False, 'signature': 'to_bool_map(uint256)'}
{'callData': '0xcb9b5f3f000000000000000000000000000000000000000000000000000000000000002a', 'expectations': '0x000000000000000000000000000000000000000000000000000000000000000c', 'failure': False, 'signature': 'to_uint_map(uint256)'}
{'callData': '0xe652f4cc0000000000000000000000000000000000000000000000000000000000000000', 'expectations': '0x0000000000000000000000000000000000000000000000000000000000000000', 'failure': False, 'signature': 'getVoteCount(address)'}
{'callData': '0x13cf2545000000000000000000000000000000000000000000000000000000000000002a0000000000000000000000000000000000000000000000000000000000000017', 'expectations': '0x000000000000000000000000000000000000000000000000000000000000001f', 'failure': False, 'signature': 'to_multiple_map(uint256,uint256)'}
{'callData': '0xe652f4cc0000000000000000000000000000000000000000000000000000000000000001', 'expectations': '0x0000000000000000000000000000000000000000000000000000000000000001', 'failure': False, 'signature': 'getVoteCount(address)'}
------------------------------------------------------------------------------------------------------------------- Captured stderr call -------------------------------------------------------------------------------------------------------------------
Warning: SPDX license identifier not provided in source file. Before publishing, consider adding a comment containing "SPDX-License-Identifier: <SPDX-License>" to each source file. Use "SPDX-License-Identifier: UNLICENSED" for non-open-source code. Please see https://spdx.org for more information.
--> tests/semantic/solidity/test/libsolidity/semanticTests/arithmetics/unchecked_called_by_checked_marked.sol

Warning: Function state mutability can be restricted to pure
 --> tests/semantic/solidity/test/libsolidity/semanticTests/arithmetics/unchecked_called_by_checked_marked.sol:3:5:
  |
3 |     function add(uint16 a, uint16 b) public returns (uint16) {
  |     ^ (Relevant source part starts here and spans across multiple lines).

__________________________________________________ test_semantics[/home/greg/dev/nethermind/warp/tests/semantic/solidity/test/libsolidity/semanticTests/modifiers/function_modifier_for_constructor.sol] ___________________________________________________
FAILURE: /home/greg/dev/nethermind/warp/tests/semantic/solidity/test/libsolidity/semanticTests/modifiers/function_modifier_for_constructor.cairo.temp
assert '0xffffffffff...ffffffffffffa' == '0x0000000000...0000000000006'
  - 0x0000000000000000000000000000000000000000000000000000000000000006
  + 0xfffffffffffffffffffffffffffffffffffffffffffffffffffffffffffffffa
tests/semantic/test_semantics.py:173 in test_semantics() -> check.equal(final_res, expected_result, cairo_file_path)
------------------------------------------------------------
Failed Checks: 1
------------------------------------------------------------------------------------------------------------------- Captured stdout call -------------------------------------------------------------------------------------------------------------------
{'callData': '0x3bc5de30', 'expectations': '0x0000000000000000000000000000000000000000000000000000000000000006', 'failure': False, 'signature': 'getData()'}
------------------------------------------------------------------------------------------------------------------- Captured stderr call -------------------------------------------------------------------------------------------------------------------
Warning: SPDX license identifier not provided in source file. Before publishing, consider adding a comment containing "SPDX-License-Identifier: <SPDX-License>" to each source file. Use "SPDX-License-Identifier: UNLICENSED" for non-open-source code. Please see https://spdx.org for more information.
--> tests/semantic/solidity/test/libsolidity/semanticTests/arithmetics/addmod_mulmod_zero_marked.sol

Warning: Statement has no effect.
  --> tests/semantic/solidity/test/libsolidity/semanticTests/arithmetics/addmod_mulmod_zero_marked.sol:12:9:
   |
12 |         mulmod(0, 1, 2);
   |         ^^^^^^^^^^^^^^^

Warning: Statement has no effect.
  --> tests/semantic/solidity/test/libsolidity/semanticTests/arithmetics/addmod_mulmod_zero_marked.sol:13:9:
   |
13 |         mulmod(1, 0, 2);
   |         ^^^^^^^^^^^^^^^

Warning: Statement has no effect.
  --> tests/semantic/solidity/test/libsolidity/semanticTests/arithmetics/addmod_mulmod_zero_marked.sol:14:9:
   |
14 |         addmod(0, 1, 2);
   |         ^^^^^^^^^^^^^^^

Warning: Statement has no effect.
  --> tests/semantic/solidity/test/libsolidity/semanticTests/arithmetics/addmod_mulmod_zero_marked.sol:15:9:
   |
15 |         addmod(1, 0, 2);
   |         ^^^^^^^^^^^^^^^

_______________________________________ test_semantics[/home/greg/dev/nethermind/warp/tests/semantic/solidity/test/libsolidity/semanticTests/modifiers/function_modifier_calling_functions_in_creation_context.sol] ________________________________________
FAILURE: /home/greg/dev/nethermind/warp/tests/semantic/solidity/test/libsolidity/semanticTests/modifiers/function_modifier_calling_functions_in_creation_context.cairo.temp
assert '0xffffffffff...fffffffffbd00' == '0x0000000000...0000000004300'
  - 0x0000000000000000000000000000000000000000000000000000000000004300
  + 0xffffffffffffffffffffffffffffffffffffffffffffffffffffffffffffbd00
tests/semantic/test_semantics.py:173 in test_semantics() -> check.equal(final_res, expected_result, cairo_file_path)
------------------------------------------------------------
Failed Checks: 1
------------------------------------------------------------------------------------------------------------------- Captured stdout call -------------------------------------------------------------------------------------------------------------------
{'callData': '0x3bc5de30', 'expectations': '0x0000000000000000000000000000000000000000000000000000000000004300', 'failure': False, 'signature': 'getData()'}
_________________________________________________________ test_semantics[/home/greg/dev/nethermind/warp/tests/semantic/solidity/test/libsolidity/semanticTests/arithmetics/exp_associativity.sol] __________________________________________________________
../../../warp_dev/lib/python3.7/site-packages/cairo_lang-0.6.2-py3.7.egg/starkware/cairo/lang/compiler/preprocessor/identifier_collector.py:241: in visit_CodeElementImport
    self.identifiers.get_scope(alias_dst)
../../../warp_dev/lib/python3.7/site-packages/cairo_lang-0.6.2-py3.7.egg/starkware/cairo/lang/compiler/identifier_manager.py:170: in get_scope
    return self.root.get_scope(current_identifier)
../../../warp_dev/lib/python3.7/site-packages/cairo_lang-0.6.2-py3.7.egg/starkware/cairo/lang/compiler/identifier_manager.py:334: in get_scope
    return scope.get_scope(non_parsed)
../../../warp_dev/lib/python3.7/site-packages/cairo_lang-0.6.2-py3.7.egg/starkware/cairo/lang/compiler/identifier_manager.py:334: in get_scope
    return scope.get_scope(non_parsed)
../../../warp_dev/lib/python3.7/site-packages/cairo_lang-0.6.2-py3.7.egg/starkware/cairo/lang/compiler/identifier_manager.py:334: in get_scope
    return scope.get_scope(non_parsed)
../../../warp_dev/lib/python3.7/site-packages/cairo_lang-0.6.2-py3.7.egg/starkware/cairo/lang/compiler/identifier_manager.py:334: in get_scope
    return scope.get_scope(non_parsed)
../../../warp_dev/lib/python3.7/site-packages/cairo_lang-0.6.2-py3.7.egg/starkware/cairo/lang/compiler/identifier_manager.py:339: in get_scope
    raise MissingIdentifierError(fullname=fullname)
E   starkware.cairo.lang.compiler.identifier_manager.MissingIdentifierError: Unknown identifier 'starkware.cairo.common.uint256.uint256_exp'.

During handling of the above exception, another exception occurred:
tests/semantic/test_semantics.py:135: in test_semantics
    contract_definition = await starknet_compile(cairo_file_path)
tests/semantic/test_semantics.py:71: in starknet_compile
    [contract_file], debug_info=True, cairo_path=[cairo_path]
../../../warp_dev/lib/python3.7/site-packages/cairo_lang-0.6.2-py3.7.egg/starkware/starknet/compiler/compile.py:107: in compile_starknet_files
    cairo_path=cairo_path,
../../../warp_dev/lib/python3.7/site-packages/cairo_lang-0.6.2-py3.7.egg/starkware/starknet/compiler/compile.py:128: in compile_starknet_codes
    code=codes, debug_info=debug_info, pass_manager=pass_manager
../../../warp_dev/lib/python3.7/site-packages/cairo_lang-0.6.2-py3.7.egg/starkware/cairo/lang/compiler/cairo_compile.py:230: in compile_cairo_ex
    codes=codes_with_filenames, pass_manager=pass_manager, main_scope=main_scope
../../../warp_dev/lib/python3.7/site-packages/cairo_lang-0.6.2-py3.7.egg/starkware/cairo/lang/compiler/preprocessor/preprocess_codes.py:24: in preprocess_codes
    pass_manager.run(context)
../../../warp_dev/lib/python3.7/site-packages/cairo_lang-0.6.2-py3.7.egg/starkware/cairo/lang/compiler/preprocessor/pass_manager.py:53: in run
    stage.run(context)
../../../warp_dev/lib/python3.7/site-packages/cairo_lang-0.6.2-py3.7.egg/starkware/cairo/lang/compiler/preprocessor/pass_manager.py:104: in run
    modified_modules.append(visitor.visit(module))
../../../warp_dev/lib/python3.7/site-packages/cairo_lang-0.6.2-py3.7.egg/starkware/cairo/lang/compiler/preprocessor/identifier_collector.py:117: in visit
    return super().visit(obj)
../../../warp_dev/lib/python3.7/site-packages/cairo_lang-0.6.2-py3.7.egg/starkware/cairo/lang/compiler/ast/visitor.py:40: in visit
    return getattr(self, f"visit_{type(obj).__name__}", self._visit_default)(obj)
../../../warp_dev/lib/python3.7/site-packages/cairo_lang-0.6.2-py3.7.egg/starkware/cairo/lang/compiler/ast/visitor.py:63: in visit_CairoModule
    cairo_file=CairoFile(code_block=self.visit(module.cairo_file.code_block)),
../../../warp_dev/lib/python3.7/site-packages/cairo_lang-0.6.2-py3.7.egg/starkware/cairo/lang/compiler/preprocessor/identifier_collector.py:117: in visit
    return super().visit(obj)
../../../warp_dev/lib/python3.7/site-packages/cairo_lang-0.6.2-py3.7.egg/starkware/cairo/lang/compiler/ast/visitor.py:40: in visit
    return getattr(self, f"visit_{type(obj).__name__}", self._visit_default)(obj)
../../../warp_dev/lib/python3.7/site-packages/cairo_lang-0.6.2-py3.7.egg/starkware/cairo/lang/compiler/preprocessor/identifier_collector.py:231: in visit_CodeBlock
    self.visit(elm.code_elm)
../../../warp_dev/lib/python3.7/site-packages/cairo_lang-0.6.2-py3.7.egg/starkware/cairo/lang/compiler/preprocessor/identifier_collector.py:117: in visit
    return super().visit(obj)
../../../warp_dev/lib/python3.7/site-packages/cairo_lang-0.6.2-py3.7.egg/starkware/cairo/lang/compiler/ast/visitor.py:40: in visit
    return getattr(self, f"visit_{type(obj).__name__}", self._visit_default)(obj)
../../../warp_dev/lib/python3.7/site-packages/cairo_lang-0.6.2-py3.7.egg/starkware/cairo/lang/compiler/preprocessor/identifier_collector.py:246: in visit_CodeElementImport
    location=import_item.orig_identifier.location,
E   starkware.cairo.lang.compiler.preprocessor.preprocessor_error.PreprocessorError: /home/greg/dev/nethermind/warp/tests/semantic/solidity/test/libsolidity/semanticTests/arithmetics/exp_associativity.cairo.temp:15:66: Cannot import 'uint256_exp' from 'starkware.cairo.common.uint256'.
E   from starkware.cairo.common.uint256 import Uint256, uint256_and, uint256_exp, uint256_sub
E                                                                    ^*********^
------------------------------------------------------------------------------------------------------------------- Captured stderr call -------------------------------------------------------------------------------------------------------------------
Warning: SPDX license identifier not provided in source file. Before publishing, consider adding a comment containing "SPDX-License-Identifier: <SPDX-License>" to each source file. Use "SPDX-License-Identifier: UNLICENSED" for non-open-source code. Please see https://spdx.org for more information.
--> tests/semantic/solidity/test/libsolidity/semanticTests/isoltestTesting/storage/storage_nonempty_marked.sol

Warning: SPDX license identifier not provided in source file. Before publishing, consider adding a comment containing "SPDX-License-Identifier: <SPDX-License>" to each source file. Use "SPDX-License-Identifier: UNLICENSED" for non-open-source code. Please see https://spdx.org for more information.
--> tests/semantic/solidity/test/libsolidity/semanticTests/types/mapping_enum_key_getter_v2_marked.sol

Warning: Function state mutability can be restricted to view
 --> tests/semantic/solidity/test/libsolidity/semanticTests/types/mapping_enum_key_getter_v2_marked.sol:9:5:
  |
9 |     function get(E k) public returns (uint8) {
  |     ^ (Relevant source part starts here and spans across multiple lines).

_______________________________________________________ test_semantics[/home/greg/dev/nethermind/warp/tests/semantic/solidity/test/libsolidity/semanticTests/types/mapping_enum_key_library_v2.sol] ________________________________________________________
tests/semantic/test_semantics.py:126: in test_semantics
    contract_file, get_last_contract(contract_file)
../../../warp_dev/lib/python3.7/site-packages/sol_warp-0.2.12-py3.7.egg/yul/main.py:55: in transpile_from_solidity
    cairo_code = transpile_from_yul(yul_ast)
../../../warp_dev/lib/python3.7/site-packages/sol_warp-0.2.12-py3.7.egg/yul/main.py:86: in transpile_from_yul
    return parse_file(cairo_visitor.translate(yul_ast)).format()
../../../warp_dev/lib/python3.7/site-packages/cairo_lang-0.6.2-py3.7.egg/starkware/cairo/lang/compiler/parser.py:239: in parse_file
    return parse(filename, code, "cairo_file", CairoFile, parser_context=parser_context)
../../../warp_dev/lib/python3.7/site-packages/cairo_lang-0.6.2-py3.7.egg/starkware/cairo/lang/compiler/parser.py:205: in parse
    raise wrap_lark_error(err, input_file) from None
E   starkware.cairo.lang.compiler.parser_transformer.ParserError: <string>:231:156: Unexpected token Token('MINUS', '-'). Expected one of: "(", "[", "cast", NONDET, identifier, integer, integer, register, short string.
E   let (__warp_subexpr_3 : Uint256) = linkersymbol(Uint256(low='olidity/test/libsolidity/semanticTests/types/mapping_enum_key_library_v2_marked.sol:L' * 256**-69, high='tests/semantic/s' * 256**0))
E                                                                                                                                                              ^
------------------------------------------------------------------------------------------------------------------- Captured stdout call -------------------------------------------------------------------------------------------------------------------
{'callData': '0xa391c15b00000000000000000000000000000000000000000000000000000000000000070000000000000000000000000000000000000000000000000000000000000002', 'expectations': '0x0000000000000000000000000000000000000000000000000000000000000003', 'failure': False, 'signature': 'div(uint256,uint256)'}
------------------------------------------------------------------------------------------------------------------- Captured stderr call -------------------------------------------------------------------------------------------------------------------
Warning: SPDX license identifier not provided in source file. Before publishing, consider adding a comment containing "SPDX-License-Identifier: <SPDX-License>" to each source file. Use "SPDX-License-Identifier: UNLICENSED" for non-open-source code. Please see https://spdx.org for more information.
--> tests/semantic/solidity/test/libsolidity/semanticTests/types/mapping_abstract_constructor_param_marked.sol

Warning: SPDX license identifier not provided in source file. Before publishing, consider adding a comment containing "SPDX-License-Identifier: <SPDX-License>" to each source file. Use "SPDX-License-Identifier: UNLICENSED" for non-open-source code. Please see https://spdx.org for more information.
--> tests/semantic/solidity/test/libsolidity/semanticTests/types/mapping_enum_key_library_v2_marked.sol

Warning: Function state mutability can be restricted to view
 --> tests/semantic/solidity/test/libsolidity/semanticTests/types/mapping_enum_key_library_v2_marked.sol:5:5:
  |
5 |     function get(mapping(E => uint8) storage table, E k) external returns (uint8) {
  |     ^ (Relevant source part starts here and spans across multiple lines).

Warning: SPDX license identifier not provided in source file. Before publishing, consider adding a comment containing "SPDX-License-Identifier: <SPDX-License>" to each source file. Use "SPDX-License-Identifier: UNLICENSED" for non-open-source code. Please see https://spdx.org for more information.
--> tests/semantic/solidity/test/libsolidity/semanticTests/types/convert_fixed_bytes_to_fixed_bytes_greater_size_marked.sol

Warning: Function state mutability can be restricted to pure
 --> tests/semantic/solidity/test/libsolidity/semanticTests/types/convert_fixed_bytes_to_fixed_bytes_greater_size_marked.sol:3:5:
  |
3 |     function bytesToBytes(bytes2 input) public returns (bytes4 ret) {
  |     ^ (Relevant source part starts here and spans across multiple lines).

_________________________________________________________ test_semantics[/home/greg/dev/nethermind/warp/tests/semantic/solidity/test/libsolidity/semanticTests/types/type_conversion_cleanup.sol] __________________________________________________________
tests/semantic/test_semantics.py:126: in test_semantics
    contract_file, get_last_contract(contract_file)
../../../warp_dev/lib/python3.7/site-packages/sol_warp-0.2.12-py3.7.egg/yul/main.py:49: in transpile_from_solidity
    output = get_for_contract(sol_src_path_modified, main_contract, ["abi"])
../../../warp_dev/lib/python3.7/site-packages/sol_warp-0.2.12-py3.7.egg/yul/utils.py:136: in get_for_contract
    get_source_version(sol_source)
../../../warp_dev/lib/python3.7/site-packages/sol_warp-0.2.12-py3.7.egg/yul/utils.py:146: in get_source_version
    with open(sol_source) as f:
E   FileNotFoundError: [Errno 2] No such file or directory: '/home/greg/dev/nethermind/warp/tests/semantic/solidity/test/libsolidity/semanticTests/types/type_conversion_cleanup_marked.sol'
------------------------------------------------------------------------------------------------------------------- Captured stderr call -------------------------------------------------------------------------------------------------------------------
Warning: SPDX license identifier not provided in source file. Before publishing, consider adding a comment containing "SPDX-License-Identifier: <SPDX-License>" to each source file. Use "SPDX-License-Identifier: UNLICENSED" for non-open-source code. Please see https://spdx.org for more information.
--> tests/semantic/solidity/test/libsolidity/semanticTests/types/mapping_contract_key_marked.sol

Warning: Function state mutability can be restricted to view
 --> tests/semantic/solidity/test/libsolidity/semanticTests/types/mapping_contract_key_marked.sol:5:5:
  |
5 |     function get(A k) public returns (uint8 v) {
  |     ^ (Relevant source part starts here and spans across multiple lines).

_____________________________________________________________ test_semantics[/home/greg/dev/nethermind/warp/tests/semantic/solidity/test/libsolidity/semanticTests/storage/chop_sign_bits.sol] _____________________________________________________________
FAILURE: /home/greg/dev/nethermind/warp/tests/semantic/solidity/test/libsolidity/semanticTests/storage/chop_sign_bits.cairo.temp
assert '0x0000000000...0000000000001' == '0xffffffffff...fffffffffffff'
  - 0xffffffffffffffffffffffffffffffffffffffffffffffffffffffffffffffff
  + 0x0000000000000000000000000000000000000000000000000000000000000001
tests/semantic/test_semantics.py:173 in test_semantics() -> check.equal(final_res, expected_result, cairo_file_path)
FAILURE: /home/greg/dev/nethermind/warp/tests/semantic/solidity/test/libsolidity/semanticTests/storage/chop_sign_bits.cairo.temp
assert '0x0000000000...0000000000001' == '0xffffffffff...ffffffffffffe'
  - 0xfffffffffffffffffffffffffffffffffffffffffffffffffffffffffffffffe
  + 0x0000000000000000000000000000000000000000000000000000000000000001
tests/semantic/test_semantics.py:173 in test_semantics() -> check.equal(final_res, expected_result, cairo_file_path)
FAILURE: /home/greg/dev/nethermind/warp/tests/semantic/solidity/test/libsolidity/semanticTests/storage/chop_sign_bits.cairo.temp
assert '0x0000000000...0000000000001' == '0xffffffffff...ffffffffffffb'
  - 0xfffffffffffffffffffffffffffffffffffffffffffffffffffffffffffffffb
  + 0x0000000000000000000000000000000000000000000000000000000000000001
tests/semantic/test_semantics.py:173 in test_semantics() -> check.equal(final_res, expected_result, cairo_file_path)
FAILURE: /home/greg/dev/nethermind/warp/tests/semantic/solidity/test/libsolidity/semanticTests/storage/chop_sign_bits.cairo.temp
assert '0x0000000000...0000000000001' == '0xffffffffff...ffffffffffffa'
  - 0xfffffffffffffffffffffffffffffffffffffffffffffffffffffffffffffffa
  + 0x0000000000000000000000000000000000000000000000000000000000000001
tests/semantic/test_semantics.py:173 in test_semantics() -> check.equal(final_res, expected_result, cairo_file_path)
FAILURE: /home/greg/dev/nethermind/warp/tests/semantic/solidity/test/libsolidity/semanticTests/storage/chop_sign_bits.cairo.temp
assert '0x0000000000...0000000000001' == '0x0000000000...ffffffffffffc'
  - 0x00000000000000000000000000000000000000000000000000000000000000200000000000000000000000000000000000000000000000000000000000000002fffffffffffffffffffffffffffffffffffffffffffffffffffffffffffffffdfffffffffffffffffffffffffffffffffffffffffffffffffffffffffffffffc
  + 0x0000000000000000000000000000000000000000000000000000000000000020000000000000000000000000000000000000000000000000000000000000000200000000000000000000000000000000000000000000000000000000000000010000000000000000000000000000000000000000000000000000000000000001
tests/semantic/test_semantics.py:173 in test_semantics() -> check.equal(final_res, expected_result, cairo_file_path)
FAILURE: /home/greg/dev/nethermind/warp/tests/semantic/solidity/test/libsolidity/semanticTests/storage/chop_sign_bits.cairo.temp
assert '0x0000000000...0000000000001' == '0xffffffffff...ffffffffffffc'
  - 0xfffffffffffffffffffffffffffffffffffffffffffffffffffffffffffffffdfffffffffffffffffffffffffffffffffffffffffffffffffffffffffffffffc
  + 0x00000000000000000000000000000000000000000000000000000000000000010000000000000000000000000000000000000000000000000000000000000001
tests/semantic/test_semantics.py:173 in test_semantics() -> check.equal(final_res, expected_result, cairo_file_path)
------------------------------------------------------------
Failed Checks: 6
------------------------------------------------------------
../../../warp_dev/lib/python3.7/site-packages/cairo_lang-0.6.2-py3.7.egg/starkware/starknet/business_logic/internal_transaction.py:539: in _run
    verify_secure=True,
../../../warp_dev/lib/python3.7/site-packages/cairo_lang-0.6.2-py3.7.egg/starkware/cairo/common/cairo_function_runner.py:199: in run_from_entrypoint
    self.run_until_pc(addr=end, run_resources=run_resources)
../../../warp_dev/lib/python3.7/site-packages/cairo_lang-0.6.2-py3.7.egg/starkware/cairo/lang/vm/cairo_runner.py:284: in run_until_pc
    self.vm_step()
../../../warp_dev/lib/python3.7/site-packages/cairo_lang-0.6.2-py3.7.egg/starkware/cairo/lang/vm/cairo_runner.py:298: in vm_step
    self.vm.step()
../../../warp_dev/lib/python3.7/site-packages/cairo_lang-0.6.2-py3.7.egg/starkware/cairo/lang/vm/virtual_machine_base.py:255: in step
    self.run_instruction(instruction)
../../../warp_dev/lib/python3.7/site-packages/cairo_lang-0.6.2-py3.7.egg/starkware/cairo/lang/vm/vm_core.py:422: in run_instruction
    raise self.as_vm_exception(exc) from None
E   starkware.cairo.lang.vm.vm_exceptions.VmException: /home/greg/dev/nethermind/warp/tests/semantic/solidity/test/libsolidity/semanticTests/storage/chop_sign_bits.cairo.temp:1539:9: Error at pc=0:8861:
E   An ASSERT_EQ instruction failed: 1 != 0.
E           assert 0 = 1
E           ^**********^
E   Cairo traceback (most recent call last):
E   /home/greg/dev/nethermind/warp/tests/semantic/solidity/test/libsolidity/semanticTests/storage/chop_sign_bits.cairo.temp:56:6: (pc=0:2572)
E   func __main{
E        ^****^
E   /home/greg/dev/nethermind/warp/tests/semantic/solidity/test/libsolidity/semanticTests/storage/chop_sign_bits.cairo.temp:70:9: (pc=0:2511)
E           __main_meat()
E           ^***********^
E   /home/greg/dev/nethermind/warp/tests/semantic/solidity/test/libsolidity/semanticTests/storage/chop_sign_bits.cairo.temp:1789:5: (pc=0:9689)
E       __warp_if_23(__warp_subexpr_0)
E       ^****************************^
E   /home/greg/dev/nethermind/warp/tests/semantic/solidity/test/libsolidity/semanticTests/storage/chop_sign_bits.cairo.temp:1773:9: (pc=0:9643)
E           __warp_block_19()
E           ^***************^
E   /home/greg/dev/nethermind/warp/tests/semantic/solidity/test/libsolidity/semanticTests/storage/chop_sign_bits.cairo.temp:1763:5: (pc=0:9618)
E       __warp_block_20(match_var)
E       ^************************^
E   /home/greg/dev/nethermind/warp/tests/semantic/solidity/test/libsolidity/semanticTests/storage/chop_sign_bits.cairo.temp:1752:5: (pc=0:9583)
E       __warp_if_24(__warp_subexpr_0, match_var)
E       ^***************************************^
E   /home/greg/dev/nethermind/warp/tests/semantic/solidity/test/libsolidity/semanticTests/storage/chop_sign_bits.cairo.temp:1741:9: (pc=0:9546)
E           __warp_block_22(match_var)
E           ^************************^
E   /home/greg/dev/nethermind/warp/tests/semantic/solidity/test/libsolidity/semanticTests/storage/chop_sign_bits.cairo.temp:1728:5: (pc=0:9528)
E       __warp_if_25(__warp_subexpr_0, match_var)
E       ^***************************************^
E   /home/greg/dev/nethermind/warp/tests/semantic/solidity/test/libsolidity/semanticTests/storage/chop_sign_bits.cairo.temp:1717:9: (pc=0:9491)
E           __warp_block_24(match_var)
E           ^************************^
E   /home/greg/dev/nethermind/warp/tests/semantic/solidity/test/libsolidity/semanticTests/storage/chop_sign_bits.cairo.temp:1704:5: (pc=0:9473)
E       __warp_if_26(__warp_subexpr_0, match_var)
E       ^***************************************^
E   /home/greg/dev/nethermind/warp/tests/semantic/solidity/test/libsolidity/semanticTests/storage/chop_sign_bits.cairo.temp:1693:9: (pc=0:9436)
E           __warp_block_26(match_var)
E           ^************************^
E   /home/greg/dev/nethermind/warp/tests/semantic/solidity/test/libsolidity/semanticTests/storage/chop_sign_bits.cairo.temp:1680:5: (pc=0:9418)
E       __warp_if_27(__warp_subexpr_0, match_var)
E       ^***************************************^
E   /home/greg/dev/nethermind/warp/tests/semantic/solidity/test/libsolidity/semanticTests/storage/chop_sign_bits.cairo.temp:1669:9: (pc=0:9381)
E           __warp_block_28(match_var)
E           ^************************^
E   /home/greg/dev/nethermind/warp/tests/semantic/solidity/test/libsolidity/semanticTests/storage/chop_sign_bits.cairo.temp:1656:5: (pc=0:9363)
E       __warp_if_28(__warp_subexpr_0)
E       ^****************************^
E   /home/greg/dev/nethermind/warp/tests/semantic/solidity/test/libsolidity/semanticTests/storage/chop_sign_bits.cairo.temp:1643:9: (pc=0:9339)
E           __warp_block_29()
E           ^***************^
E   /home/greg/dev/nethermind/warp/tests/semantic/solidity/test/libsolidity/semanticTests/storage/chop_sign_bits.cairo.temp:1628:40: (pc=0:9256)
E       let (__warp_subexpr_0 : Uint256) = abi_decode_int8(__warp_subexpr_1)
E                                          ^*******************************^

During handling of the above exception, another exception occurred:
tests/semantic/test_semantics.py:161: in test_semantics
    res = await invoke_method_evm_calldata(starknet, contract_address, argument)
../../../warp_dev/lib/python3.7/site-packages/sol_warp-0.2.12-py3.7.egg/yul/starknet_utils.py:30: in invoke_method_evm_calldata
    caller_address=0,
../../../warp_dev/lib/python3.7/site-packages/cairo_lang-0.6.2-py3.7.egg/starkware/starknet/testing/state.py:153: in invoke_raw
    state=state_copy, general_config=self.general_config
../../../warp_dev/lib/python3.7/site-packages/cairo_lang-0.6.2-py3.7.egg/starkware/starknet/business_logic/internal_transaction_interface.py:213: in apply_state_updates
    state=state_to_update, general_config=general_config
../../../warp_dev/lib/python3.7/site-packages/cairo_lang-0.6.2-py3.7.egg/starkware/starknet/business_logic/internal_transaction.py:405: in _apply_specific_state_updates
    func=_synchronous_apply_specific_state_updates,
/usr/lib/python3.7/concurrent/futures/thread.py:57: in run
    result = self.fn(*self.args, **self.kwargs)
../../../warp_dev/lib/python3.7/site-packages/cairo_lang-0.6.2-py3.7.egg/starkware/starknet/business_logic/internal_transaction.py:433: in _synchronous_apply_specific_state_updates
    run_resources=run_resources,
../../../warp_dev/lib/python3.7/site-packages/cairo_lang-0.6.2-py3.7.egg/starkware/starknet/business_logic/internal_transaction.py:559: in _run
    raise StarkException(code=code, message=str(exception))
E   starkware.starkware_utils.error_handling.StarkException: (500, {'code': <StarknetErrorCode.TRANSACTION_FAILED: 28>, 'message': '/home/greg/dev/nethermind/warp/tests/semantic/solidity/test/libsolidity/semanticTests/storage/chop_sign_bits.cairo.temp:1539:9: Error at pc=0:8861:\nAn ASSERT_EQ instruction failed: 1 != 0.\n        assert 0 = 1\n        ^**********^\nCairo traceback (most recent call last):\n/home/greg/dev/nethermind/warp/tests/semantic/solidity/test/libsolidity/semanticTests/storage/chop_sign_bits.cairo.temp:56:6: (pc=0:2572)\nfunc __main{\n     ^****^\n/home/greg/dev/nethermind/warp/tests/semantic/solidity/test/libsolidity/semanticTests/storage/chop_sign_bits.cairo.temp:70:9: (pc=0:2511)\n        __main_meat()\n        ^***********^\n/home/greg/dev/nethermind/warp/tests/semantic/solidity/test/libsolidity/semanticTests/storage/chop_sign_bits.cairo.temp:1789:5: (pc=0:9689)\n    __warp_if_23(__warp_subexpr_0)\n    ^****************************^\n/home/greg/dev/nethermind/warp/tests/semantic/solidity/test/libsolidity/semanticTests/storage/chop_sign_bits.cairo.temp:1773:9: (pc=0:9643)\n        __warp_block_19()\n        ^***************^\n/home/greg/dev/nethermind/warp/tests/semantic/solidity/test/libsolidity/semanticTests/storage/chop_sign_bits.cairo.temp:1763:5: (pc=0:9618)\n    __warp_block_20(match_var)\n    ^************************^\n/home/greg/dev/nethermind/warp/tests/semantic/solidity/test/libsolidity/semanticTests/storage/chop_sign_bits.cairo.temp:1752:5: (pc=0:9583)\n    __warp_if_24(__warp_subexpr_0, match_var)\n    ^***************************************^\n/home/greg/dev/nethermind/warp/tests/semantic/solidity/test/libsolidity/semanticTests/storage/chop_sign_bits.cairo.temp:1741:9: (pc=0:9546)\n        __warp_block_22(match_var)\n        ^************************^\n/home/greg/dev/nethermind/warp/tests/semantic/solidity/test/libsolidity/semanticTests/storage/chop_sign_bits.cairo.temp:1728:5: (pc=0:9528)\n    __warp_if_25(__warp_subexpr_0, match_var)\n    ^***************************************^\n/home/greg/dev/nethermind/warp/tests/semantic/solidity/test/libsolidity/semanticTests/storage/chop_sign_bits.cairo.temp:1717:9: (pc=0:9491)\n        __warp_block_24(match_var)\n        ^************************^\n/home/greg/dev/nethermind/warp/tests/semantic/solidity/test/libsolidity/semanticTests/storage/chop_sign_bits.cairo.temp:1704:5: (pc=0:9473)\n    __warp_if_26(__warp_subexpr_0, match_var)\n    ^***************************************^\n/home/greg/dev/nethermind/warp/tests/semantic/solidity/test/libsolidity/semanticTests/storage/chop_sign_bits.cairo.temp:1693:9: (pc=0:9436)\n        __warp_block_26(match_var)\n        ^************************^\n/home/greg/dev/nethermind/warp/tests/semantic/solidity/test/libsolidity/semanticTests/storage/chop_sign_bits.cairo.temp:1680:5: (pc=0:9418)\n    __warp_if_27(__warp_subexpr_0, match_var)\n    ^***************************************^\n/home/greg/dev/nethermind/warp/tests/semantic/solidity/test/libsolidity/semanticTests/storage/chop_sign_bits.cairo.temp:1669:9: (pc=0:9381)\n        __warp_block_28(match_var)\n        ^************************^\n/home/greg/dev/nethermind/warp/tests/semantic/solidity/test/libsolidity/semanticTests/storage/chop_sign_bits.cairo.temp:1656:5: (pc=0:9363)\n    __warp_if_28(__warp_subexpr_0)\n    ^****************************^\n/home/greg/dev/nethermind/warp/tests/semantic/solidity/test/libsolidity/semanticTests/storage/chop_sign_bits.cairo.temp:1643:9: (pc=0:9339)\n        __warp_block_29()\n        ^***************^\n/home/greg/dev/nethermind/warp/tests/semantic/solidity/test/libsolidity/semanticTests/storage/chop_sign_bits.cairo.temp:1628:40: (pc=0:9256)\n    let (__warp_subexpr_0 : Uint256) = abi_decode_int8(__warp_subexpr_1)\n                                       ^*******************************^'})
------------------------------------------------------------------------------------------------------------------- Captured stdout call -------------------------------------------------------------------------------------------------------------------
{'callData': '0x26121ff0', 'expectations': '0x0000000000000000000000000000000000000000000000000000000000000001', 'failure': False, 'signature': 'f()'}
{'callData': '0xa0b2b43b000000000000000000000000000000000000004226121ff00000000000000000', 'expectations': '0x0000000000000000000000000000000000000000000000000000000000000042', 'failure': False, 'signature': 'g(function)'}
{'callData': '0xfb89c508fffffffffffffffffffffffffffffffffffffffffffffffffffffffffffffff6', 'expectations': '0xfffffffffffffffffffffffffffffffffffffffffffffffffffffffffffffff6', 'failure': False, 'signature': 'h(int8)'}
{'callData': '0x26121ff0', 'expectations': '0x000000000000000000000000000000000000000000000000000000000000003000000000000000000000000000000000000000000000000000000000000000310000000000000000000000000000000000000000000000000000000000000032', 'failure': False, 'signature': 'f()'}
_______________________________________________________ test_semantics[/home/greg/dev/nethermind/warp/tests/semantic/solidity/test/libsolidity/semanticTests/types/external_function_to_address.sol] _______________________________________________________
../../../warp_dev/lib/python3.7/site-packages/cairo_lang-0.6.2-py3.7.egg/starkware/starknet/business_logic/internal_transaction.py:539: in _run
    verify_secure=True,
../../../warp_dev/lib/python3.7/site-packages/cairo_lang-0.6.2-py3.7.egg/starkware/cairo/common/cairo_function_runner.py:199: in run_from_entrypoint
    self.run_until_pc(addr=end, run_resources=run_resources)
../../../warp_dev/lib/python3.7/site-packages/cairo_lang-0.6.2-py3.7.egg/starkware/cairo/lang/vm/cairo_runner.py:284: in run_until_pc
    self.vm_step()
../../../warp_dev/lib/python3.7/site-packages/cairo_lang-0.6.2-py3.7.egg/starkware/cairo/lang/vm/cairo_runner.py:298: in vm_step
    self.vm.step()
../../../warp_dev/lib/python3.7/site-packages/cairo_lang-0.6.2-py3.7.egg/starkware/cairo/lang/vm/virtual_machine_base.py:255: in step
    self.run_instruction(instruction)
../../../warp_dev/lib/python3.7/site-packages/cairo_lang-0.6.2-py3.7.egg/starkware/cairo/lang/vm/vm_core.py:422: in run_instruction
    raise self.as_vm_exception(exc) from None
E   starkware.cairo.lang.vm.vm_exceptions.VmException: /home/greg/dev/nethermind/warp/tests/semantic/solidity/test/libsolidity/semanticTests/types/external_function_to_address.cairo.temp:102:9: Error at pc=0:1873:
E   An ASSERT_EQ instruction failed: 1 != 0.
E           assert 0 = 1
E           ^**********^
E   Cairo traceback (most recent call last):
E   /home/greg/dev/nethermind/warp/tests/semantic/solidity/test/libsolidity/semanticTests/types/external_function_to_address.cairo.temp:35:6: (pc=0:1705)
E   func __main{bitwise_ptr : BitwiseBuiltin*, range_check_ptr}(
E        ^****^
E   /home/greg/dev/nethermind/warp/tests/semantic/solidity/test/libsolidity/semanticTests/types/external_function_to_address.cairo.temp:48:9: (pc=0:1650)
E           __main_meat()
E           ^***********^
E   /home/greg/dev/nethermind/warp/tests/semantic/solidity/test/libsolidity/semanticTests/types/external_function_to_address.cairo.temp:205:5: (pc=0:2174)
E       __warp_if_0(__warp_subexpr_0)
E       ^***************************^
E   /home/greg/dev/nethermind/warp/tests/semantic/solidity/test/libsolidity/semanticTests/types/external_function_to_address.cairo.temp:190:9: (pc=0:2130)
E           __warp_block_0()
E           ^**************^
E   /home/greg/dev/nethermind/warp/tests/semantic/solidity/test/libsolidity/semanticTests/types/external_function_to_address.cairo.temp:181:5: (pc=0:2109)
E       __warp_block_1()
E       ^**************^
E   /home/greg/dev/nethermind/warp/tests/semantic/solidity/test/libsolidity/semanticTests/types/external_function_to_address.cairo.temp:173:5: (pc=0:2098)
E       __warp_block_2(match_var)
E       ^***********************^
E   /home/greg/dev/nethermind/warp/tests/semantic/solidity/test/libsolidity/semanticTests/types/external_function_to_address.cairo.temp:163:5: (pc=0:2065)
E       __warp_if_1(__warp_subexpr_0, match_var)
E       ^**************************************^
E   /home/greg/dev/nethermind/warp/tests/semantic/solidity/test/libsolidity/semanticTests/types/external_function_to_address.cairo.temp:153:9: (pc=0:2032)
E           __warp_block_4(match_var)
E           ^***********************^
E   /home/greg/dev/nethermind/warp/tests/semantic/solidity/test/libsolidity/semanticTests/types/external_function_to_address.cairo.temp:140:5: (pc=0:2016)
E       __warp_if_2(__warp_subexpr_0)
E       ^***************************^
E   /home/greg/dev/nethermind/warp/tests/semantic/solidity/test/libsolidity/semanticTests/types/external_function_to_address.cairo.temp:128:9: (pc=0:1994)
E           __warp_block_5()
E           ^**************^

During handling of the above exception, another exception occurred:
tests/semantic/test_semantics.py:161: in test_semantics
    res = await invoke_method_evm_calldata(starknet, contract_address, argument)
../../../warp_dev/lib/python3.7/site-packages/sol_warp-0.2.12-py3.7.egg/yul/starknet_utils.py:30: in invoke_method_evm_calldata
    caller_address=0,
../../../warp_dev/lib/python3.7/site-packages/cairo_lang-0.6.2-py3.7.egg/starkware/starknet/testing/state.py:153: in invoke_raw
    state=state_copy, general_config=self.general_config
../../../warp_dev/lib/python3.7/site-packages/cairo_lang-0.6.2-py3.7.egg/starkware/starknet/business_logic/internal_transaction_interface.py:213: in apply_state_updates
    state=state_to_update, general_config=general_config
../../../warp_dev/lib/python3.7/site-packages/cairo_lang-0.6.2-py3.7.egg/starkware/starknet/business_logic/internal_transaction.py:405: in _apply_specific_state_updates
    func=_synchronous_apply_specific_state_updates,
/usr/lib/python3.7/concurrent/futures/thread.py:57: in run
    result = self.fn(*self.args, **self.kwargs)
../../../warp_dev/lib/python3.7/site-packages/cairo_lang-0.6.2-py3.7.egg/starkware/starknet/business_logic/internal_transaction.py:433: in _synchronous_apply_specific_state_updates
    run_resources=run_resources,
../../../warp_dev/lib/python3.7/site-packages/cairo_lang-0.6.2-py3.7.egg/starkware/starknet/business_logic/internal_transaction.py:559: in _run
    raise StarkException(code=code, message=str(exception))
E   starkware.starkware_utils.error_handling.StarkException: (500, {'code': <StarknetErrorCode.TRANSACTION_FAILED: 28>, 'message': '/home/greg/dev/nethermind/warp/tests/semantic/solidity/test/libsolidity/semanticTests/types/external_function_to_address.cairo.temp:102:9: Error at pc=0:1873:\nAn ASSERT_EQ instruction failed: 1 != 0.\n        assert 0 = 1\n        ^**********^\nCairo traceback (most recent call last):\n/home/greg/dev/nethermind/warp/tests/semantic/solidity/test/libsolidity/semanticTests/types/external_function_to_address.cairo.temp:35:6: (pc=0:1705)\nfunc __main{bitwise_ptr : BitwiseBuiltin*, range_check_ptr}(\n     ^****^\n/home/greg/dev/nethermind/warp/tests/semantic/solidity/test/libsolidity/semanticTests/types/external_function_to_address.cairo.temp:48:9: (pc=0:1650)\n        __main_meat()\n        ^***********^\n/home/greg/dev/nethermind/warp/tests/semantic/solidity/test/libsolidity/semanticTests/types/external_function_to_address.cairo.temp:205:5: (pc=0:2174)\n    __warp_if_0(__warp_subexpr_0)\n    ^***************************^\n/home/greg/dev/nethermind/warp/tests/semantic/solidity/test/libsolidity/semanticTests/types/external_function_to_address.cairo.temp:190:9: (pc=0:2130)\n        __warp_block_0()\n        ^**************^\n/home/greg/dev/nethermind/warp/tests/semantic/solidity/test/libsolidity/semanticTests/types/external_function_to_address.cairo.temp:181:5: (pc=0:2109)\n    __warp_block_1()\n    ^**************^\n/home/greg/dev/nethermind/warp/tests/semantic/solidity/test/libsolidity/semanticTests/types/external_function_to_address.cairo.temp:173:5: (pc=0:2098)\n    __warp_block_2(match_var)\n    ^***********************^\n/home/greg/dev/nethermind/warp/tests/semantic/solidity/test/libsolidity/semanticTests/types/external_function_to_address.cairo.temp:163:5: (pc=0:2065)\n    __warp_if_1(__warp_subexpr_0, match_var)\n    ^**************************************^\n/home/greg/dev/nethermind/warp/tests/semantic/solidity/test/libsolidity/semanticTests/types/external_function_to_address.cairo.temp:153:9: (pc=0:2032)\n        __warp_block_4(match_var)\n        ^***********************^\n/home/greg/dev/nethermind/warp/tests/semantic/solidity/test/libsolidity/semanticTests/types/external_function_to_address.cairo.temp:140:5: (pc=0:2016)\n    __warp_if_2(__warp_subexpr_0)\n    ^***************************^\n/home/greg/dev/nethermind/warp/tests/semantic/solidity/test/libsolidity/semanticTests/types/external_function_to_address.cairo.temp:128:9: (pc=0:1994)\n        __warp_block_5()\n        ^**************^'})
_______________________________________________________ test_semantics[/home/greg/dev/nethermind/warp/tests/semantic/solidity/test/libsolidity/semanticTests/types/mapping_contract_key_library.sol] _______________________________________________________
tests/semantic/test_semantics.py:126: in test_semantics
    contract_file, get_last_contract(contract_file)
../../../warp_dev/lib/python3.7/site-packages/sol_warp-0.2.12-py3.7.egg/yul/main.py:55: in transpile_from_solidity
    cairo_code = transpile_from_yul(yul_ast)
../../../warp_dev/lib/python3.7/site-packages/sol_warp-0.2.12-py3.7.egg/yul/main.py:86: in transpile_from_yul
    return parse_file(cairo_visitor.translate(yul_ast)).format()
../../../warp_dev/lib/python3.7/site-packages/cairo_lang-0.6.2-py3.7.egg/starkware/cairo/lang/compiler/parser.py:239: in parse_file
    return parse(filename, code, "cairo_file", CairoFile, parser_context=parser_context)
../../../warp_dev/lib/python3.7/site-packages/cairo_lang-0.6.2-py3.7.egg/starkware/cairo/lang/compiler/parser.py:205: in parse
    raise wrap_lark_error(err, input_file) from None
E   starkware.cairo.lang.compiler.parser_transformer.ParserError: <string>:187:157: Unexpected token Token('MINUS', '-'). Expected one of: "(", "[", "cast", NONDET, identifier, integer, integer, register, short string.
E   let (__warp_subexpr_3 : Uint256) = linkersymbol(Uint256(low='olidity/test/libsolidity/semanticTests/types/mapping_contract_key_library_marked.sol:L' * 256**-70, high='tests/semantic/s' * 256**0))
E                                                                                                                                                               ^
------------------------------------------------------------------------------------------------------------------- Captured stderr call -------------------------------------------------------------------------------------------------------------------
Warning: SPDX license identifier not provided in source file. Before publishing, consider adding a comment containing "SPDX-License-Identifier: <SPDX-License>" to each source file. Use "SPDX-License-Identifier: UNLICENSED" for non-open-source code. Please see https://spdx.org for more information.
--> tests/semantic/solidity/test/libsolidity/semanticTests/types/array_mapping_abstract_constructor_param_marked.sol

Warning: SPDX license identifier not provided in source file. Before publishing, consider adding a comment containing "SPDX-License-Identifier: <SPDX-License>" to each source file. Use "SPDX-License-Identifier: UNLICENSED" for non-open-source code. Please see https://spdx.org for more information.
--> tests/semantic/solidity/test/libsolidity/semanticTests/types/mapping_contract_key_getter_marked.sol

Warning: Function state mutability can be restricted to view
 --> tests/semantic/solidity/test/libsolidity/semanticTests/types/mapping_contract_key_getter_marked.sol:8:5:
  |
8 |     function get(A k) public returns (uint8) {
  |     ^ (Relevant source part starts here and spans across multiple lines).

________________________________________________ test_semantics[/home/greg/dev/nethermind/warp/tests/semantic/solidity/test/libsolidity/semanticTests/types/mapping/user_defined_types_mapping_storage.sol] ________________________________________________
tests/semantic/test_semantics.py:123: in test_semantics
    constructor_args, contract_expectations = get_expectations(contract_file)
tests/semantic/test_semantics.py:102: in get_expectations
    expectations = test_calldata[contract_path]
E   KeyError: './scripts/../test/libsolidity/semanticTests/types/mapping/user_defined_types_mapping_storage.sol'
___________________________________________________ test_semantics[/home/greg/dev/nethermind/warp/tests/semantic/solidity/test/libsolidity/semanticTests/conversions/function_type_array_to_storage.sol] ___________________________________________________
tests/semantic/test_semantics.py:126: in test_semantics
    contract_file, get_last_contract(contract_file)
../../../warp_dev/lib/python3.7/site-packages/sol_warp-0.2.12-py3.7.egg/yul/main.py:53: in transpile_from_solidity
    codes = json.loads(result.stdout)
/usr/lib/python3.7/json/__init__.py:348: in loads
    return _default_decoder.decode(s)
/usr/lib/python3.7/json/decoder.py:337: in decode
    obj, end = self.raw_decode(s, idx=_w(s, 0).end())
/usr/lib/python3.7/json/decoder.py:355: in raw_decode
    raise JSONDecodeError("Expecting value", s, err.value) from None
E   json.decoder.JSONDecodeError: Expecting value: line 1 column 1 (char 0)
------------------------------------------------------------------------------------------------------------------- Captured stdout call -------------------------------------------------------------------------------------------------------------------
{'callData': '0x66c6328700000000000000000000000000000000000000000000000000000000000000a7', 'expectations': '0x', 'failure': True, 'signature': 'table(uint8)'}
{'callData': '0xf72d0b3b0000000000000000000000000000000000000000000000000000000000000000', 'expectations': '0x0000000000000000000000000000000000000000000000000000000000000000', 'failure': False, 'signature': 'get(uint8)'}
------------------------------------------------------------------------------------------------------------------- Captured stderr call -------------------------------------------------------------------------------------------------------------------
Warning: SPDX license identifier not provided in source file. Before publishing, consider adding a comment containing "SPDX-License-Identifier: <SPDX-License>" to each source file. Use "SPDX-License-Identifier: UNLICENSED" for non-open-source code. Please see https://spdx.org for more information.
--> tests/semantic/solidity/test/libsolidity/semanticTests/types/convert_fixed_bytes_to_uint_same_min_size_marked.sol

Warning: Function state mutability can be restricted to pure
 --> tests/semantic/solidity/test/libsolidity/semanticTests/types/convert_fixed_bytes_to_uint_same_min_size_marked.sol:3:5:
  |
3 |     function bytesToUint(bytes1 s) public returns (uint8 h) {
  |     ^ (Relevant source part starts here and spans across multiple lines).

Warning: SPDX license identifier not provided in source file. Before publishing, consider adding a comment containing "SPDX-License-Identifier: <SPDX-License>" to each source file. Use "SPDX-License-Identifier: UNLICENSED" for non-open-source code. Please see https://spdx.org for more information.
--> tests/semantic/solidity/test/libsolidity/semanticTests/conversions/function_type_array_to_storage_marked.sol

Warning: Function state mutability can be restricted to pure
 --> tests/semantic/solidity/test/libsolidity/semanticTests/conversions/function_type_array_to_storage_marked.sol:9:5:
  |
9 |     function externalDefault() external returns(uint) { return 11; }
  |     ^^^^^^^^^^^^^^^^^^^^^^^^^^^^^^^^^^^^^^^^^^^^^^^^^^^^^^^^^^^^^^^^

Warning: Function state mutability can be restricted to pure
  --> tests/semantic/solidity/test/libsolidity/semanticTests/conversions/function_type_array_to_storage_marked.sol:10:5:
   |
10 |     function externalView() external view returns(uint) { return 12; }
   |     ^^^^^^^^^^^^^^^^^^^^^^^^^^^^^^^^^^^^^^^^^^^^^^^^^^^^^^^^^^^^^^^^^^

Warning: Function state mutability can be restricted to pure
  --> tests/semantic/solidity/test/libsolidity/semanticTests/conversions/function_type_array_to_storage_marked.sol:12:5:
   |
12 |     function internalDefault() internal returns(uint) { return 21; }
   |     ^^^^^^^^^^^^^^^^^^^^^^^^^^^^^^^^^^^^^^^^^^^^^^^^^^^^^^^^^^^^^^^^

Warning: Function state mutability can be restricted to pure
  --> tests/semantic/solidity/test/libsolidity/semanticTests/conversions/function_type_array_to_storage_marked.sol:13:5:
   |
13 |     function internalView() internal view returns(uint) { return 22; }
   |     ^^^^^^^^^^^^^^^^^^^^^^^^^^^^^^^^^^^^^^^^^^^^^^^^^^^^^^^^^^^^^^^^^^

________________________________________________________ test_semantics[/home/greg/dev/nethermind/warp/tests/semantic/solidity/test/libsolidity/semanticTests/immutable/assign_at_declaration.sol] _________________________________________________________
../../../warp_dev/lib/python3.7/site-packages/cairo_lang-0.6.2-py3.7.egg/starkware/cairo/lang/compiler/preprocessor/dependency_graph.py:48: in add_identifier
    accessible_scopes=self.accessible_scopes, name=name
../../../warp_dev/lib/python3.7/site-packages/cairo_lang-0.6.2-py3.7.egg/starkware/cairo/lang/compiler/identifier_manager.py:225: in search
    res = self._search(accessible_scopes=accessible_scopes, name=name, get_scope=False)
../../../warp_dev/lib/python3.7/site-packages/cairo_lang-0.6.2-py3.7.egg/starkware/cairo/lang/compiler/identifier_manager.py:217: in _search
    raise MissingIdentifierError(name[:1])
E   starkware.cairo.lang.compiler.identifier_manager.MissingIdentifierError: Unknown identifier 'setimmutable'.

During handling of the above exception, another exception occurred:
tests/semantic/test_semantics.py:135: in test_semantics
    contract_definition = await starknet_compile(cairo_file_path)
tests/semantic/test_semantics.py:71: in starknet_compile
    [contract_file], debug_info=True, cairo_path=[cairo_path]
../../../warp_dev/lib/python3.7/site-packages/cairo_lang-0.6.2-py3.7.egg/starkware/starknet/compiler/compile.py:107: in compile_starknet_files
    cairo_path=cairo_path,
../../../warp_dev/lib/python3.7/site-packages/cairo_lang-0.6.2-py3.7.egg/starkware/starknet/compiler/compile.py:128: in compile_starknet_codes
    code=codes, debug_info=debug_info, pass_manager=pass_manager
../../../warp_dev/lib/python3.7/site-packages/cairo_lang-0.6.2-py3.7.egg/starkware/cairo/lang/compiler/cairo_compile.py:230: in compile_cairo_ex
    codes=codes_with_filenames, pass_manager=pass_manager, main_scope=main_scope
../../../warp_dev/lib/python3.7/site-packages/cairo_lang-0.6.2-py3.7.egg/starkware/cairo/lang/compiler/preprocessor/preprocess_codes.py:24: in preprocess_codes
    pass_manager.run(context)
../../../warp_dev/lib/python3.7/site-packages/cairo_lang-0.6.2-py3.7.egg/starkware/cairo/lang/compiler/preprocessor/pass_manager.py:53: in run
    stage.run(context)
../../../warp_dev/lib/python3.7/site-packages/cairo_lang-0.6.2-py3.7.egg/starkware/cairo/lang/compiler/preprocessor/dependency_graph.py:181: in run
    scopes_to_compile={context.main_scope} | self.additional_scopes_to_compile,
../../../warp_dev/lib/python3.7/site-packages/cairo_lang-0.6.2-py3.7.egg/starkware/cairo/lang/compiler/preprocessor/dependency_graph.py:166: in get_functions_to_compile
    dependency_graph.visit(module)
../../../warp_dev/lib/python3.7/site-packages/cairo_lang-0.6.2-py3.7.egg/starkware/cairo/lang/compiler/ast/visitor.py:40: in visit
    return getattr(self, f"visit_{type(obj).__name__}", self._visit_default)(obj)
../../../warp_dev/lib/python3.7/site-packages/cairo_lang-0.6.2-py3.7.egg/starkware/cairo/lang/compiler/ast/visitor.py:63: in visit_CairoModule
    cairo_file=CairoFile(code_block=self.visit(module.cairo_file.code_block)),
../../../warp_dev/lib/python3.7/site-packages/cairo_lang-0.6.2-py3.7.egg/starkware/cairo/lang/compiler/ast/visitor.py:40: in visit
    return getattr(self, f"visit_{type(obj).__name__}", self._visit_default)(obj)
../../../warp_dev/lib/python3.7/site-packages/cairo_lang-0.6.2-py3.7.egg/starkware/cairo/lang/compiler/ast/visitor.py:82: in visit_CodeBlock
    for commented_code_elm in elm.code_elements
../../../warp_dev/lib/python3.7/site-packages/cairo_lang-0.6.2-py3.7.egg/starkware/cairo/lang/compiler/ast/visitor.py:82: in <listcomp>
    for commented_code_elm in elm.code_elements
../../../warp_dev/lib/python3.7/site-packages/cairo_lang-0.6.2-py3.7.egg/starkware/cairo/lang/compiler/ast/visitor.py:40: in visit
    return getattr(self, f"visit_{type(obj).__name__}", self._visit_default)(obj)
../../../warp_dev/lib/python3.7/site-packages/cairo_lang-0.6.2-py3.7.egg/starkware/cairo/lang/compiler/preprocessor/dependency_graph.py:76: in visit_CodeElementFunction
    super().visit_CodeElementFunction(elm)
../../../warp_dev/lib/python3.7/site-packages/cairo_lang-0.6.2-py3.7.egg/starkware/cairo/lang/compiler/ast/visitor.py:54: in visit_CodeElementFunction
    code_block=self.visit(elm.code_block),
../../../warp_dev/lib/python3.7/site-packages/cairo_lang-0.6.2-py3.7.egg/starkware/cairo/lang/compiler/ast/visitor.py:40: in visit
    return getattr(self, f"visit_{type(obj).__name__}", self._visit_default)(obj)
../../../warp_dev/lib/python3.7/site-packages/cairo_lang-0.6.2-py3.7.egg/starkware/cairo/lang/compiler/ast/visitor.py:82: in visit_CodeBlock
    for commented_code_elm in elm.code_elements
../../../warp_dev/lib/python3.7/site-packages/cairo_lang-0.6.2-py3.7.egg/starkware/cairo/lang/compiler/ast/visitor.py:82: in <listcomp>
    for commented_code_elm in elm.code_elements
../../../warp_dev/lib/python3.7/site-packages/cairo_lang-0.6.2-py3.7.egg/starkware/cairo/lang/compiler/ast/visitor.py:40: in visit
    return getattr(self, f"visit_{type(obj).__name__}", self._visit_default)(obj)
../../../warp_dev/lib/python3.7/site-packages/cairo_lang-0.6.2-py3.7.egg/starkware/cairo/lang/compiler/preprocessor/dependency_graph.py:36: in _visit_default
    self.visit(child)
../../../warp_dev/lib/python3.7/site-packages/cairo_lang-0.6.2-py3.7.egg/starkware/cairo/lang/compiler/ast/visitor.py:40: in visit
    return getattr(self, f"visit_{type(obj).__name__}", self._visit_default)(obj)
../../../warp_dev/lib/python3.7/site-packages/cairo_lang-0.6.2-py3.7.egg/starkware/cairo/lang/compiler/preprocessor/dependency_graph.py:36: in _visit_default
    self.visit(child)
../../../warp_dev/lib/python3.7/site-packages/cairo_lang-0.6.2-py3.7.egg/starkware/cairo/lang/compiler/ast/visitor.py:40: in visit
    return getattr(self, f"visit_{type(obj).__name__}", self._visit_default)(obj)
../../../warp_dev/lib/python3.7/site-packages/cairo_lang-0.6.2-py3.7.egg/starkware/cairo/lang/compiler/preprocessor/dependency_graph.py:87: in visit_ExprIdentifier
    self.add_identifier(ScopedName.from_string(expr.name), location=expr.location)
../../../warp_dev/lib/python3.7/site-packages/cairo_lang-0.6.2-py3.7.egg/starkware/cairo/lang/compiler/preprocessor/dependency_graph.py:56: in add_identifier
    raise PreprocessorError(str(e), location=location)
E   starkware.cairo.lang.compiler.preprocessor.preprocessor_error.PreprocessorError: /home/greg/dev/nethermind/warp/tests/semantic/solidity/test/libsolidity/semanticTests/immutable/assign_at_declaration.cairo.temp:73:5: Unknown identifier 'setimmutable'.
E       setimmutable(
E       ^**********^
------------------------------------------------------------------------------------------------------------------- Captured stdout call -------------------------------------------------------------------------------------------------------------------
{'callData': '0x66c632870000000000000000000000000000000000000000000000000000000000000000', 'expectations': '0x0000000000000000000000000000000000000000000000000000000000000000', 'failure': False, 'signature': 'table(uint8)'}
{'callData': '0x0afb372b0000000000000000000000000000000000000000000000000000000000000002', 'expectations': '0x0000000000000000000000000000000000000000000000000000000000000008', 'failure': False, 'signature': 'dynamicData(uint256)'}
{'callData': '0x66c632870000000000000000000000000000000000000000000000000000000000000001', 'expectations': '0x00000000000000000000000000000000000000000000000000000000000000a1', 'failure': False, 'signature': 'table(uint8)'}
------------------------------------------------------------------------------------------------------------------- Captured stderr call -------------------------------------------------------------------------------------------------------------------
Warning: SPDX license identifier not provided in source file. Before publishing, consider adding a comment containing "SPDX-License-Identifier: <SPDX-License>" to each source file. Use "SPDX-License-Identifier: UNLICENSED" for non-open-source code. Please see https://spdx.org for more information.
--> tests/semantic/solidity/test/libsolidity/semanticTests/immutable/inheritance_marked.sol

________________________________________________________ test_semantics[/home/greg/dev/nethermind/warp/tests/semantic/solidity/test/libsolidity/semanticTests/immutable/assign_from_immutables.sol] ________________________________________________________
../../../warp_dev/lib/python3.7/site-packages/cairo_lang-0.6.2-py3.7.egg/starkware/cairo/lang/compiler/preprocessor/dependency_graph.py:48: in add_identifier
    accessible_scopes=self.accessible_scopes, name=name
../../../warp_dev/lib/python3.7/site-packages/cairo_lang-0.6.2-py3.7.egg/starkware/cairo/lang/compiler/identifier_manager.py:225: in search
    res = self._search(accessible_scopes=accessible_scopes, name=name, get_scope=False)
../../../warp_dev/lib/python3.7/site-packages/cairo_lang-0.6.2-py3.7.egg/starkware/cairo/lang/compiler/identifier_manager.py:217: in _search
    raise MissingIdentifierError(name[:1])
E   starkware.cairo.lang.compiler.identifier_manager.MissingIdentifierError: Unknown identifier 'setimmutable'.

During handling of the above exception, another exception occurred:
tests/semantic/test_semantics.py:135: in test_semantics
    contract_definition = await starknet_compile(cairo_file_path)
tests/semantic/test_semantics.py:71: in starknet_compile
    [contract_file], debug_info=True, cairo_path=[cairo_path]
../../../warp_dev/lib/python3.7/site-packages/cairo_lang-0.6.2-py3.7.egg/starkware/starknet/compiler/compile.py:107: in compile_starknet_files
    cairo_path=cairo_path,
../../../warp_dev/lib/python3.7/site-packages/cairo_lang-0.6.2-py3.7.egg/starkware/starknet/compiler/compile.py:128: in compile_starknet_codes
    code=codes, debug_info=debug_info, pass_manager=pass_manager
../../../warp_dev/lib/python3.7/site-packages/cairo_lang-0.6.2-py3.7.egg/starkware/cairo/lang/compiler/cairo_compile.py:230: in compile_cairo_ex
    codes=codes_with_filenames, pass_manager=pass_manager, main_scope=main_scope
../../../warp_dev/lib/python3.7/site-packages/cairo_lang-0.6.2-py3.7.egg/starkware/cairo/lang/compiler/preprocessor/preprocess_codes.py:24: in preprocess_codes
    pass_manager.run(context)
../../../warp_dev/lib/python3.7/site-packages/cairo_lang-0.6.2-py3.7.egg/starkware/cairo/lang/compiler/preprocessor/pass_manager.py:53: in run
    stage.run(context)
../../../warp_dev/lib/python3.7/site-packages/cairo_lang-0.6.2-py3.7.egg/starkware/cairo/lang/compiler/preprocessor/dependency_graph.py:181: in run
    scopes_to_compile={context.main_scope} | self.additional_scopes_to_compile,
../../../warp_dev/lib/python3.7/site-packages/cairo_lang-0.6.2-py3.7.egg/starkware/cairo/lang/compiler/preprocessor/dependency_graph.py:166: in get_functions_to_compile
    dependency_graph.visit(module)
../../../warp_dev/lib/python3.7/site-packages/cairo_lang-0.6.2-py3.7.egg/starkware/cairo/lang/compiler/ast/visitor.py:40: in visit
    return getattr(self, f"visit_{type(obj).__name__}", self._visit_default)(obj)
../../../warp_dev/lib/python3.7/site-packages/cairo_lang-0.6.2-py3.7.egg/starkware/cairo/lang/compiler/ast/visitor.py:63: in visit_CairoModule
    cairo_file=CairoFile(code_block=self.visit(module.cairo_file.code_block)),
../../../warp_dev/lib/python3.7/site-packages/cairo_lang-0.6.2-py3.7.egg/starkware/cairo/lang/compiler/ast/visitor.py:40: in visit
    return getattr(self, f"visit_{type(obj).__name__}", self._visit_default)(obj)
../../../warp_dev/lib/python3.7/site-packages/cairo_lang-0.6.2-py3.7.egg/starkware/cairo/lang/compiler/ast/visitor.py:82: in visit_CodeBlock
    for commented_code_elm in elm.code_elements
../../../warp_dev/lib/python3.7/site-packages/cairo_lang-0.6.2-py3.7.egg/starkware/cairo/lang/compiler/ast/visitor.py:82: in <listcomp>
    for commented_code_elm in elm.code_elements
../../../warp_dev/lib/python3.7/site-packages/cairo_lang-0.6.2-py3.7.egg/starkware/cairo/lang/compiler/ast/visitor.py:40: in visit
    return getattr(self, f"visit_{type(obj).__name__}", self._visit_default)(obj)
../../../warp_dev/lib/python3.7/site-packages/cairo_lang-0.6.2-py3.7.egg/starkware/cairo/lang/compiler/preprocessor/dependency_graph.py:76: in visit_CodeElementFunction
    super().visit_CodeElementFunction(elm)
../../../warp_dev/lib/python3.7/site-packages/cairo_lang-0.6.2-py3.7.egg/starkware/cairo/lang/compiler/ast/visitor.py:54: in visit_CodeElementFunction
    code_block=self.visit(elm.code_block),
../../../warp_dev/lib/python3.7/site-packages/cairo_lang-0.6.2-py3.7.egg/starkware/cairo/lang/compiler/ast/visitor.py:40: in visit
    return getattr(self, f"visit_{type(obj).__name__}", self._visit_default)(obj)
../../../warp_dev/lib/python3.7/site-packages/cairo_lang-0.6.2-py3.7.egg/starkware/cairo/lang/compiler/ast/visitor.py:82: in visit_CodeBlock
    for commented_code_elm in elm.code_elements
../../../warp_dev/lib/python3.7/site-packages/cairo_lang-0.6.2-py3.7.egg/starkware/cairo/lang/compiler/ast/visitor.py:82: in <listcomp>
    for commented_code_elm in elm.code_elements
../../../warp_dev/lib/python3.7/site-packages/cairo_lang-0.6.2-py3.7.egg/starkware/cairo/lang/compiler/ast/visitor.py:40: in visit
    return getattr(self, f"visit_{type(obj).__name__}", self._visit_default)(obj)
../../../warp_dev/lib/python3.7/site-packages/cairo_lang-0.6.2-py3.7.egg/starkware/cairo/lang/compiler/preprocessor/dependency_graph.py:36: in _visit_default
    self.visit(child)
../../../warp_dev/lib/python3.7/site-packages/cairo_lang-0.6.2-py3.7.egg/starkware/cairo/lang/compiler/ast/visitor.py:40: in visit
    return getattr(self, f"visit_{type(obj).__name__}", self._visit_default)(obj)
../../../warp_dev/lib/python3.7/site-packages/cairo_lang-0.6.2-py3.7.egg/starkware/cairo/lang/compiler/preprocessor/dependency_graph.py:36: in _visit_default
    self.visit(child)
../../../warp_dev/lib/python3.7/site-packages/cairo_lang-0.6.2-py3.7.egg/starkware/cairo/lang/compiler/ast/visitor.py:40: in visit
    return getattr(self, f"visit_{type(obj).__name__}", self._visit_default)(obj)
../../../warp_dev/lib/python3.7/site-packages/cairo_lang-0.6.2-py3.7.egg/starkware/cairo/lang/compiler/preprocessor/dependency_graph.py:87: in visit_ExprIdentifier
    self.add_identifier(ScopedName.from_string(expr.name), location=expr.location)
../../../warp_dev/lib/python3.7/site-packages/cairo_lang-0.6.2-py3.7.egg/starkware/cairo/lang/compiler/preprocessor/dependency_graph.py:56: in add_identifier
    raise PreprocessorError(str(e), location=location)
E   starkware.cairo.lang.compiler.preprocessor.preprocessor_error.PreprocessorError: /home/greg/dev/nethermind/warp/tests/semantic/solidity/test/libsolidity/semanticTests/immutable/assign_from_immutables.cairo.temp:76:5: Unknown identifier 'setimmutable'.
E       setimmutable(
E       ^**********^
------------------------------------------------------------------------------------------------------------------- Captured stdout call -------------------------------------------------------------------------------------------------------------------
{'callData': '0x66c6328700000000000000000000000000000000000000000000000000000000000000a7', 'expectations': '0x', 'failure': True, 'signature': 'table(uint8)'}
{'callData': '0xf72d0b3b0000000000000000000000000000000000000000000000000000000000000000', 'expectations': '0x0000000000000000000000000000000000000000000000000000000000000000', 'failure': False, 'signature': 'get(uint8)'}
------------------------------------------------------------------------------------------------------------------- Captured stderr call -------------------------------------------------------------------------------------------------------------------
Warning: SPDX license identifier not provided in source file. Before publishing, consider adding a comment containing "SPDX-License-Identifier: <SPDX-License>" to each source file. Use "SPDX-License-Identifier: UNLICENSED" for non-open-source code. Please see https://spdx.org for more information.
--> tests/semantic/solidity/test/libsolidity/semanticTests/immutable/use_scratch_marked.sol

Warning: Statement has no effect.
  --> tests/semantic/solidity/test/libsolidity/semanticTests/immutable/use_scratch_marked.sol:10:3:
   |
10 |            new uint[](4);
   |            ^^^^^^^^^^^^^

----------------------------------------------------------------------------------------------------------------- Captured stdout teardown -----------------------------------------------------------------------------------------------------------------
{'callData': '0x99dbd65d6162636400000000000000000000000000000000000000000000000000000000', 'expectations': '0x6162636400000000000000000000000000000000000000000000000000000000', 'failure': False, 'signature': 'bytesToBytes(bytes4)'}
_________________________________________________________ test_semantics[/home/greg/dev/nethermind/warp/tests/semantic/solidity/test/libsolidity/semanticTests/modifiers/continue_in_modifier.sol] _________________________________________________________
../../../warp_dev/lib/python3.7/site-packages/cairo_lang-0.6.2-py3.7.egg/starkware/starknet/business_logic/internal_transaction.py:539: in _run
    verify_secure=True,
../../../warp_dev/lib/python3.7/site-packages/cairo_lang-0.6.2-py3.7.egg/starkware/cairo/common/cairo_function_runner.py:199: in run_from_entrypoint
    self.run_until_pc(addr=end, run_resources=run_resources)
../../../warp_dev/lib/python3.7/site-packages/cairo_lang-0.6.2-py3.7.egg/starkware/cairo/lang/vm/cairo_runner.py:289: in run_until_pc
    ResourcesError("Error: End of program was not reached"), self.vm.run_context.pc
E   starkware.cairo.lang.vm.vm_exceptions.VmException: /home/greg/dev/nethermind/warp/tests/semantic/solidity/test/libsolidity/semanticTests/modifiers/continue_in_modifier.cairo.temp:122:29: While trying to retrieve the implicit argument 'range_check_ptr' in:
E       let (var_i : Uint256) = __warp_loop_body_0(_1, var_i)
E                               ^***************************^
E   /home/greg/dev/nethermind/warp/tests/semantic/solidity/test/libsolidity/semanticTests/modifiers/continue_in_modifier.cairo.temp:84:69: While expanding the reference 'range_check_ptr' in:
E           bitwise_ptr : BitwiseBuiltin*, pedersen_ptr : HashBuiltin*, range_check_ptr,
E                                                                       ^*************^
E   /home/greg/dev/nethermind/warp/tests/semantic/solidity/test/libsolidity/semanticTests/modifiers/continue_in_modifier.cairo.temp:118:40: While trying to update the implicit return value 'range_check_ptr' in:
E       let (__warp_subexpr_0 : Uint256) = is_zero(__warp_subexpr_1)
E                                          ^***********************^
E   /home/greg/dev/nethermind/warp/warp/cairo-src/evm/uint256.cairo:72:14: Error at pc=0:2033:
E   Error: End of program was not reached
E   func is_zero{range_check_ptr}(x : Uint256) -> (result : Uint256):
E                ^*************^

During handling of the above exception, another exception occurred:
tests/semantic/test_semantics.py:161: in test_semantics
    res = await invoke_method_evm_calldata(starknet, contract_address, argument)
../../../warp_dev/lib/python3.7/site-packages/sol_warp-0.2.12-py3.7.egg/yul/starknet_utils.py:30: in invoke_method_evm_calldata
    caller_address=0,
../../../warp_dev/lib/python3.7/site-packages/cairo_lang-0.6.2-py3.7.egg/starkware/starknet/testing/state.py:153: in invoke_raw
    state=state_copy, general_config=self.general_config
../../../warp_dev/lib/python3.7/site-packages/cairo_lang-0.6.2-py3.7.egg/starkware/starknet/business_logic/internal_transaction_interface.py:213: in apply_state_updates
    state=state_to_update, general_config=general_config
../../../warp_dev/lib/python3.7/site-packages/cairo_lang-0.6.2-py3.7.egg/starkware/starknet/business_logic/internal_transaction.py:405: in _apply_specific_state_updates
    func=_synchronous_apply_specific_state_updates,
/usr/lib/python3.7/concurrent/futures/thread.py:57: in run
    result = self.fn(*self.args, **self.kwargs)
../../../warp_dev/lib/python3.7/site-packages/cairo_lang-0.6.2-py3.7.egg/starkware/starknet/business_logic/internal_transaction.py:433: in _synchronous_apply_specific_state_updates
    run_resources=run_resources,
../../../warp_dev/lib/python3.7/site-packages/cairo_lang-0.6.2-py3.7.egg/starkware/starknet/business_logic/internal_transaction.py:559: in _run
    raise StarkException(code=code, message=str(exception))
E   starkware.starkware_utils.error_handling.StarkException: (500, {'code': <StarknetErrorCode.OUT_OF_RESOURCES: 26>, 'message': "/home/greg/dev/nethermind/warp/tests/semantic/solidity/test/libsolidity/semanticTests/modifiers/continue_in_modifier.cairo.temp:122:29: While trying to retrieve the implicit argument 'range_check_ptr' in:\n    let (var_i : Uint256) = __warp_loop_body_0(_1, var_i)\n                            ^***************************^\n/home/greg/dev/nethermind/warp/tests/semantic/solidity/test/libsolidity/semanticTests/modifiers/continue_in_modifier.cairo.temp:84:69: While expanding the reference 'range_check_ptr' in:\n        bitwise_ptr : BitwiseBuiltin*, pedersen_ptr : HashBuiltin*, range_check_ptr,\n                                                                    ^*************^\n/home/greg/dev/nethermind/warp/tests/semantic/solidity/test/libsolidity/semanticTests/modifiers/continue_in_modifier.cairo.temp:118:40: While trying to update the implicit return value 'range_check_ptr' in:\n    let (__warp_subexpr_0 : Uint256) = is_zero(__warp_subexpr_1)\n                                       ^***********************^\n/home/greg/dev/nethermind/warp/warp/cairo-src/evm/uint256.cairo:72:14: Error at pc=0:2033:\nError: End of program was not reached\nfunc is_zero{range_check_ptr}(x : Uint256) -> (result : Uint256):\n             ^*************^"})
------------------------------------------------------------------------------------------------------------------- Captured stdout call -------------------------------------------------------------------------------------------------------------------
{'callData': '0x0afb372b0000000000000000000000000000000000000000000000000000000000000008', 'expectations': '0x', 'failure': True, 'signature': 'dynamicData(uint256)'}
------------------------------------------------------------------------------------------------------------------- Captured stderr call -------------------------------------------------------------------------------------------------------------------
Warning: SPDX license identifier not provided in source file. Before publishing, consider adding a comment containing "SPDX-License-Identifier: <SPDX-License>" to each source file. Use "SPDX-License-Identifier: UNLICENSED" for non-open-source code. Please see https://spdx.org for more information.
--> tests/semantic/solidity/test/libsolidity/semanticTests/immutable/read_in_ctor_marked.sol

_____________________________________________________________ test_semantics[/home/greg/dev/nethermind/warp/tests/semantic/solidity/test/libsolidity/semanticTests/immutable/inheritance.sol] ______________________________________________________________
../../../warp_dev/lib/python3.7/site-packages/cairo_lang-0.6.2-py3.7.egg/starkware/cairo/lang/compiler/preprocessor/dependency_graph.py:48: in add_identifier
    accessible_scopes=self.accessible_scopes, name=name
../../../warp_dev/lib/python3.7/site-packages/cairo_lang-0.6.2-py3.7.egg/starkware/cairo/lang/compiler/identifier_manager.py:225: in search
    res = self._search(accessible_scopes=accessible_scopes, name=name, get_scope=False)
../../../warp_dev/lib/python3.7/site-packages/cairo_lang-0.6.2-py3.7.egg/starkware/cairo/lang/compiler/identifier_manager.py:217: in _search
    raise MissingIdentifierError(name[:1])
E   starkware.cairo.lang.compiler.identifier_manager.MissingIdentifierError: Unknown identifier 'setimmutable'.

During handling of the above exception, another exception occurred:
tests/semantic/test_semantics.py:135: in test_semantics
    contract_definition = await starknet_compile(cairo_file_path)
tests/semantic/test_semantics.py:71: in starknet_compile
    [contract_file], debug_info=True, cairo_path=[cairo_path]
../../../warp_dev/lib/python3.7/site-packages/cairo_lang-0.6.2-py3.7.egg/starkware/starknet/compiler/compile.py:107: in compile_starknet_files
    cairo_path=cairo_path,
../../../warp_dev/lib/python3.7/site-packages/cairo_lang-0.6.2-py3.7.egg/starkware/starknet/compiler/compile.py:128: in compile_starknet_codes
    code=codes, debug_info=debug_info, pass_manager=pass_manager
../../../warp_dev/lib/python3.7/site-packages/cairo_lang-0.6.2-py3.7.egg/starkware/cairo/lang/compiler/cairo_compile.py:230: in compile_cairo_ex
    codes=codes_with_filenames, pass_manager=pass_manager, main_scope=main_scope
../../../warp_dev/lib/python3.7/site-packages/cairo_lang-0.6.2-py3.7.egg/starkware/cairo/lang/compiler/preprocessor/preprocess_codes.py:24: in preprocess_codes
    pass_manager.run(context)
../../../warp_dev/lib/python3.7/site-packages/cairo_lang-0.6.2-py3.7.egg/starkware/cairo/lang/compiler/preprocessor/pass_manager.py:53: in run
    stage.run(context)
../../../warp_dev/lib/python3.7/site-packages/cairo_lang-0.6.2-py3.7.egg/starkware/cairo/lang/compiler/preprocessor/dependency_graph.py:181: in run
    scopes_to_compile={context.main_scope} | self.additional_scopes_to_compile,
../../../warp_dev/lib/python3.7/site-packages/cairo_lang-0.6.2-py3.7.egg/starkware/cairo/lang/compiler/preprocessor/dependency_graph.py:166: in get_functions_to_compile
    dependency_graph.visit(module)
../../../warp_dev/lib/python3.7/site-packages/cairo_lang-0.6.2-py3.7.egg/starkware/cairo/lang/compiler/ast/visitor.py:40: in visit
    return getattr(self, f"visit_{type(obj).__name__}", self._visit_default)(obj)
../../../warp_dev/lib/python3.7/site-packages/cairo_lang-0.6.2-py3.7.egg/starkware/cairo/lang/compiler/ast/visitor.py:63: in visit_CairoModule
    cairo_file=CairoFile(code_block=self.visit(module.cairo_file.code_block)),
../../../warp_dev/lib/python3.7/site-packages/cairo_lang-0.6.2-py3.7.egg/starkware/cairo/lang/compiler/ast/visitor.py:40: in visit
    return getattr(self, f"visit_{type(obj).__name__}", self._visit_default)(obj)
../../../warp_dev/lib/python3.7/site-packages/cairo_lang-0.6.2-py3.7.egg/starkware/cairo/lang/compiler/ast/visitor.py:82: in visit_CodeBlock
    for commented_code_elm in elm.code_elements
../../../warp_dev/lib/python3.7/site-packages/cairo_lang-0.6.2-py3.7.egg/starkware/cairo/lang/compiler/ast/visitor.py:82: in <listcomp>
    for commented_code_elm in elm.code_elements
../../../warp_dev/lib/python3.7/site-packages/cairo_lang-0.6.2-py3.7.egg/starkware/cairo/lang/compiler/ast/visitor.py:40: in visit
    return getattr(self, f"visit_{type(obj).__name__}", self._visit_default)(obj)
../../../warp_dev/lib/python3.7/site-packages/cairo_lang-0.6.2-py3.7.egg/starkware/cairo/lang/compiler/preprocessor/dependency_graph.py:76: in visit_CodeElementFunction
    super().visit_CodeElementFunction(elm)
../../../warp_dev/lib/python3.7/site-packages/cairo_lang-0.6.2-py3.7.egg/starkware/cairo/lang/compiler/ast/visitor.py:54: in visit_CodeElementFunction
    code_block=self.visit(elm.code_block),
../../../warp_dev/lib/python3.7/site-packages/cairo_lang-0.6.2-py3.7.egg/starkware/cairo/lang/compiler/ast/visitor.py:40: in visit
    return getattr(self, f"visit_{type(obj).__name__}", self._visit_default)(obj)
../../../warp_dev/lib/python3.7/site-packages/cairo_lang-0.6.2-py3.7.egg/starkware/cairo/lang/compiler/ast/visitor.py:82: in visit_CodeBlock
    for commented_code_elm in elm.code_elements
../../../warp_dev/lib/python3.7/site-packages/cairo_lang-0.6.2-py3.7.egg/starkware/cairo/lang/compiler/ast/visitor.py:82: in <listcomp>
    for commented_code_elm in elm.code_elements
../../../warp_dev/lib/python3.7/site-packages/cairo_lang-0.6.2-py3.7.egg/starkware/cairo/lang/compiler/ast/visitor.py:40: in visit
    return getattr(self, f"visit_{type(obj).__name__}", self._visit_default)(obj)
../../../warp_dev/lib/python3.7/site-packages/cairo_lang-0.6.2-py3.7.egg/starkware/cairo/lang/compiler/preprocessor/dependency_graph.py:36: in _visit_default
    self.visit(child)
../../../warp_dev/lib/python3.7/site-packages/cairo_lang-0.6.2-py3.7.egg/starkware/cairo/lang/compiler/ast/visitor.py:40: in visit
    return getattr(self, f"visit_{type(obj).__name__}", self._visit_default)(obj)
../../../warp_dev/lib/python3.7/site-packages/cairo_lang-0.6.2-py3.7.egg/starkware/cairo/lang/compiler/preprocessor/dependency_graph.py:36: in _visit_default
    self.visit(child)
../../../warp_dev/lib/python3.7/site-packages/cairo_lang-0.6.2-py3.7.egg/starkware/cairo/lang/compiler/ast/visitor.py:40: in visit
    return getattr(self, f"visit_{type(obj).__name__}", self._visit_default)(obj)
../../../warp_dev/lib/python3.7/site-packages/cairo_lang-0.6.2-py3.7.egg/starkware/cairo/lang/compiler/preprocessor/dependency_graph.py:87: in visit_ExprIdentifier
    self.add_identifier(ScopedName.from_string(expr.name), location=expr.location)
../../../warp_dev/lib/python3.7/site-packages/cairo_lang-0.6.2-py3.7.egg/starkware/cairo/lang/compiler/preprocessor/dependency_graph.py:56: in add_identifier
    raise PreprocessorError(str(e), location=location)
E   starkware.cairo.lang.compiler.preprocessor.preprocessor_error.PreprocessorError: /home/greg/dev/nethermind/warp/tests/semantic/solidity/test/libsolidity/semanticTests/immutable/inheritance.cairo.temp:76:5: Unknown identifier 'setimmutable'.
E       setimmutable(
E       ^**********^
------------------------------------------------------------------------------------------------------------------- Captured stdout call -------------------------------------------------------------------------------------------------------------------
{'callData': '0x28b922ed000000000000000000000000000000000000000000000000000000000000007f', 'expectations': '0x0000000000000000000000000000000000000000000000000000000000000002', 'failure': False, 'signature': 'smallTypeData(uint256)'}
{'callData': '0xf72d0b3b0000000000000000000000000000000000000000000000000000000000000001', 'expectations': '0x00000000000000000000000000000000000000000000000000000000000000a1', 'failure': False, 'signature': 'get(uint8)'}
____________________________________________________________ test_semantics[/home/greg/dev/nethermind/warp/tests/semantic/solidity/test/libsolidity/semanticTests/immutable/multi_creation.sol] ____________________________________________________________
tests/semantic/test_semantics.py:126: in test_semantics
    contract_file, get_last_contract(contract_file)
../../../warp_dev/lib/python3.7/site-packages/sol_warp-0.2.12-py3.7.egg/yul/main.py:53: in transpile_from_solidity
    codes = json.loads(result.stdout)
/usr/lib/python3.7/json/__init__.py:348: in loads
    return _default_decoder.decode(s)
/usr/lib/python3.7/json/decoder.py:337: in decode
    obj, end = self.raw_decode(s, idx=_w(s, 0).end())
/usr/lib/python3.7/json/decoder.py:355: in raw_decode
    raise JSONDecodeError("Expecting value", s, err.value) from None
E   json.decoder.JSONDecodeError: Expecting value: line 1 column 1 (char 0)
------------------------------------------------------------------------------------------------------------------- Captured stderr call -------------------------------------------------------------------------------------------------------------------
Warning: SPDX license identifier not provided in source file. Before publishing, consider adding a comment containing "SPDX-License-Identifier: <SPDX-License>" to each source file. Use "SPDX-License-Identifier: UNLICENSED" for non-open-source code. Please see https://spdx.org for more information.
--> tests/semantic/solidity/test/libsolidity/semanticTests/immutable/immutable_signed_marked.sol

Warning: SPDX license identifier not provided in source file. Before publishing, consider adding a comment containing "SPDX-License-Identifier: <SPDX-License>" to each source file. Use "SPDX-License-Identifier: UNLICENSED" for non-open-source code. Please see https://spdx.org for more information.
--> tests/semantic/solidity/test/libsolidity/semanticTests/immutable/multi_creation_marked.sol

_____________________________________________________________ test_semantics[/home/greg/dev/nethermind/warp/tests/semantic/solidity/test/libsolidity/semanticTests/immutable/use_scratch.sol] ______________________________________________________________
../../../warp_dev/lib/python3.7/site-packages/cairo_lang-0.6.2-py3.7.egg/starkware/cairo/lang/compiler/preprocessor/dependency_graph.py:48: in add_identifier
    accessible_scopes=self.accessible_scopes, name=name
../../../warp_dev/lib/python3.7/site-packages/cairo_lang-0.6.2-py3.7.egg/starkware/cairo/lang/compiler/identifier_manager.py:225: in search
    res = self._search(accessible_scopes=accessible_scopes, name=name, get_scope=False)
../../../warp_dev/lib/python3.7/site-packages/cairo_lang-0.6.2-py3.7.egg/starkware/cairo/lang/compiler/identifier_manager.py:217: in _search
    raise MissingIdentifierError(name[:1])
E   starkware.cairo.lang.compiler.identifier_manager.MissingIdentifierError: Unknown identifier 'setimmutable'.

During handling of the above exception, another exception occurred:
tests/semantic/test_semantics.py:135: in test_semantics
    contract_definition = await starknet_compile(cairo_file_path)
tests/semantic/test_semantics.py:71: in starknet_compile
    [contract_file], debug_info=True, cairo_path=[cairo_path]
../../../warp_dev/lib/python3.7/site-packages/cairo_lang-0.6.2-py3.7.egg/starkware/starknet/compiler/compile.py:107: in compile_starknet_files
    cairo_path=cairo_path,
../../../warp_dev/lib/python3.7/site-packages/cairo_lang-0.6.2-py3.7.egg/starkware/starknet/compiler/compile.py:128: in compile_starknet_codes
    code=codes, debug_info=debug_info, pass_manager=pass_manager
../../../warp_dev/lib/python3.7/site-packages/cairo_lang-0.6.2-py3.7.egg/starkware/cairo/lang/compiler/cairo_compile.py:230: in compile_cairo_ex
    codes=codes_with_filenames, pass_manager=pass_manager, main_scope=main_scope
../../../warp_dev/lib/python3.7/site-packages/cairo_lang-0.6.2-py3.7.egg/starkware/cairo/lang/compiler/preprocessor/preprocess_codes.py:24: in preprocess_codes
    pass_manager.run(context)
../../../warp_dev/lib/python3.7/site-packages/cairo_lang-0.6.2-py3.7.egg/starkware/cairo/lang/compiler/preprocessor/pass_manager.py:53: in run
    stage.run(context)
../../../warp_dev/lib/python3.7/site-packages/cairo_lang-0.6.2-py3.7.egg/starkware/cairo/lang/compiler/preprocessor/dependency_graph.py:181: in run
    scopes_to_compile={context.main_scope} | self.additional_scopes_to_compile,
../../../warp_dev/lib/python3.7/site-packages/cairo_lang-0.6.2-py3.7.egg/starkware/cairo/lang/compiler/preprocessor/dependency_graph.py:166: in get_functions_to_compile
    dependency_graph.visit(module)
../../../warp_dev/lib/python3.7/site-packages/cairo_lang-0.6.2-py3.7.egg/starkware/cairo/lang/compiler/ast/visitor.py:40: in visit
    return getattr(self, f"visit_{type(obj).__name__}", self._visit_default)(obj)
../../../warp_dev/lib/python3.7/site-packages/cairo_lang-0.6.2-py3.7.egg/starkware/cairo/lang/compiler/ast/visitor.py:63: in visit_CairoModule
    cairo_file=CairoFile(code_block=self.visit(module.cairo_file.code_block)),
../../../warp_dev/lib/python3.7/site-packages/cairo_lang-0.6.2-py3.7.egg/starkware/cairo/lang/compiler/ast/visitor.py:40: in visit
    return getattr(self, f"visit_{type(obj).__name__}", self._visit_default)(obj)
../../../warp_dev/lib/python3.7/site-packages/cairo_lang-0.6.2-py3.7.egg/starkware/cairo/lang/compiler/ast/visitor.py:82: in visit_CodeBlock
    for commented_code_elm in elm.code_elements
../../../warp_dev/lib/python3.7/site-packages/cairo_lang-0.6.2-py3.7.egg/starkware/cairo/lang/compiler/ast/visitor.py:82: in <listcomp>
    for commented_code_elm in elm.code_elements
../../../warp_dev/lib/python3.7/site-packages/cairo_lang-0.6.2-py3.7.egg/starkware/cairo/lang/compiler/ast/visitor.py:40: in visit
    return getattr(self, f"visit_{type(obj).__name__}", self._visit_default)(obj)
../../../warp_dev/lib/python3.7/site-packages/cairo_lang-0.6.2-py3.7.egg/starkware/cairo/lang/compiler/preprocessor/dependency_graph.py:76: in visit_CodeElementFunction
    super().visit_CodeElementFunction(elm)
../../../warp_dev/lib/python3.7/site-packages/cairo_lang-0.6.2-py3.7.egg/starkware/cairo/lang/compiler/ast/visitor.py:54: in visit_CodeElementFunction
    code_block=self.visit(elm.code_block),
../../../warp_dev/lib/python3.7/site-packages/cairo_lang-0.6.2-py3.7.egg/starkware/cairo/lang/compiler/ast/visitor.py:40: in visit
    return getattr(self, f"visit_{type(obj).__name__}", self._visit_default)(obj)
../../../warp_dev/lib/python3.7/site-packages/cairo_lang-0.6.2-py3.7.egg/starkware/cairo/lang/compiler/ast/visitor.py:82: in visit_CodeBlock
    for commented_code_elm in elm.code_elements
../../../warp_dev/lib/python3.7/site-packages/cairo_lang-0.6.2-py3.7.egg/starkware/cairo/lang/compiler/ast/visitor.py:82: in <listcomp>
    for commented_code_elm in elm.code_elements
../../../warp_dev/lib/python3.7/site-packages/cairo_lang-0.6.2-py3.7.egg/starkware/cairo/lang/compiler/ast/visitor.py:40: in visit
    return getattr(self, f"visit_{type(obj).__name__}", self._visit_default)(obj)
../../../warp_dev/lib/python3.7/site-packages/cairo_lang-0.6.2-py3.7.egg/starkware/cairo/lang/compiler/preprocessor/dependency_graph.py:36: in _visit_default
    self.visit(child)
../../../warp_dev/lib/python3.7/site-packages/cairo_lang-0.6.2-py3.7.egg/starkware/cairo/lang/compiler/ast/visitor.py:40: in visit
    return getattr(self, f"visit_{type(obj).__name__}", self._visit_default)(obj)
../../../warp_dev/lib/python3.7/site-packages/cairo_lang-0.6.2-py3.7.egg/starkware/cairo/lang/compiler/preprocessor/dependency_graph.py:36: in _visit_default
    self.visit(child)
../../../warp_dev/lib/python3.7/site-packages/cairo_lang-0.6.2-py3.7.egg/starkware/cairo/lang/compiler/ast/visitor.py:40: in visit
    return getattr(self, f"visit_{type(obj).__name__}", self._visit_default)(obj)
../../../warp_dev/lib/python3.7/site-packages/cairo_lang-0.6.2-py3.7.egg/starkware/cairo/lang/compiler/preprocessor/dependency_graph.py:87: in visit_ExprIdentifier
    self.add_identifier(ScopedName.from_string(expr.name), location=expr.location)
../../../warp_dev/lib/python3.7/site-packages/cairo_lang-0.6.2-py3.7.egg/starkware/cairo/lang/compiler/preprocessor/dependency_graph.py:56: in add_identifier
    raise PreprocessorError(str(e), location=location)
E   starkware.cairo.lang.compiler.preprocessor.preprocessor_error.PreprocessorError: /home/greg/dev/nethermind/warp/tests/semantic/solidity/test/libsolidity/semanticTests/immutable/use_scratch.cairo.temp:108:5: Unknown identifier 'setimmutable'.
E       setimmutable(Uint256(low=0, high=0), Uint256(low='', high='3' * 256 ** 15), __warp_subexpr_6)
E       ^**********^
------------------------------------------------------------------------------------------------------------------- Captured stdout call -------------------------------------------------------------------------------------------------------------------
{'callData': '0x28b922ed0000000000000000000000000000000000000000000000000000000000000080', 'expectations': '0x', 'failure': True, 'signature': 'smallTypeData(uint256)'}
------------------------------------------------------------------------------------------------------------------- Captured stderr call -------------------------------------------------------------------------------------------------------------------
Warning: SPDX license identifier not provided in source file. Before publishing, consider adding a comment containing "SPDX-License-Identifier: <SPDX-License>" to each source file. Use "SPDX-License-Identifier: UNLICENSED" for non-open-source code. Please see https://spdx.org for more information.
--> tests/semantic/solidity/test/libsolidity/semanticTests/immutable/internal_function_pointer_marked.sol

Warning: Function state mutability can be restricted to pure
 --> tests/semantic/solidity/test/libsolidity/semanticTests/immutable/internal_function_pointer_marked.sol:7:2:
  |
7 |     function f() public view returns (uint256) {
  |     ^ (Relevant source part starts here and spans across multiple lines).

----------------------------------------------------------------------------------------------------------------- Captured stdout teardown -----------------------------------------------------------------------------------------------------------------
{'callData': '0x7def10ce000000000000000000000000000000000000000000000000000000000000000200000000000000000000000000000000000000000000000000000000000000010000000000000000000000000000000000000000000000000000000000000002', 'expectations': '0x0000000000000000000000000000000000000000000000000000000000000003', 'failure': False, 'signature': 'multiple_map(uint256,uint256,uint256)'}
_____________________________________________________________ test_semantics[/home/greg/dev/nethermind/warp/tests/semantic/solidity/test/libsolidity/semanticTests/immutable/read_in_ctor.sol] _____________________________________________________________
../../../warp_dev/lib/python3.7/site-packages/cairo_lang-0.6.2-py3.7.egg/starkware/cairo/lang/compiler/preprocessor/dependency_graph.py:48: in add_identifier
    accessible_scopes=self.accessible_scopes, name=name
../../../warp_dev/lib/python3.7/site-packages/cairo_lang-0.6.2-py3.7.egg/starkware/cairo/lang/compiler/identifier_manager.py:225: in search
    res = self._search(accessible_scopes=accessible_scopes, name=name, get_scope=False)
../../../warp_dev/lib/python3.7/site-packages/cairo_lang-0.6.2-py3.7.egg/starkware/cairo/lang/compiler/identifier_manager.py:217: in _search
    raise MissingIdentifierError(name[:1])
E   starkware.cairo.lang.compiler.identifier_manager.MissingIdentifierError: Unknown identifier 'setimmutable'.

During handling of the above exception, another exception occurred:
tests/semantic/test_semantics.py:135: in test_semantics
    contract_definition = await starknet_compile(cairo_file_path)
tests/semantic/test_semantics.py:71: in starknet_compile
    [contract_file], debug_info=True, cairo_path=[cairo_path]
../../../warp_dev/lib/python3.7/site-packages/cairo_lang-0.6.2-py3.7.egg/starkware/starknet/compiler/compile.py:107: in compile_starknet_files
    cairo_path=cairo_path,
../../../warp_dev/lib/python3.7/site-packages/cairo_lang-0.6.2-py3.7.egg/starkware/starknet/compiler/compile.py:128: in compile_starknet_codes
    code=codes, debug_info=debug_info, pass_manager=pass_manager
../../../warp_dev/lib/python3.7/site-packages/cairo_lang-0.6.2-py3.7.egg/starkware/cairo/lang/compiler/cairo_compile.py:230: in compile_cairo_ex
    codes=codes_with_filenames, pass_manager=pass_manager, main_scope=main_scope
../../../warp_dev/lib/python3.7/site-packages/cairo_lang-0.6.2-py3.7.egg/starkware/cairo/lang/compiler/preprocessor/preprocess_codes.py:24: in preprocess_codes
    pass_manager.run(context)
../../../warp_dev/lib/python3.7/site-packages/cairo_lang-0.6.2-py3.7.egg/starkware/cairo/lang/compiler/preprocessor/pass_manager.py:53: in run
    stage.run(context)
../../../warp_dev/lib/python3.7/site-packages/cairo_lang-0.6.2-py3.7.egg/starkware/cairo/lang/compiler/preprocessor/dependency_graph.py:181: in run
    scopes_to_compile={context.main_scope} | self.additional_scopes_to_compile,
../../../warp_dev/lib/python3.7/site-packages/cairo_lang-0.6.2-py3.7.egg/starkware/cairo/lang/compiler/preprocessor/dependency_graph.py:166: in get_functions_to_compile
    dependency_graph.visit(module)
../../../warp_dev/lib/python3.7/site-packages/cairo_lang-0.6.2-py3.7.egg/starkware/cairo/lang/compiler/ast/visitor.py:40: in visit
    return getattr(self, f"visit_{type(obj).__name__}", self._visit_default)(obj)
../../../warp_dev/lib/python3.7/site-packages/cairo_lang-0.6.2-py3.7.egg/starkware/cairo/lang/compiler/ast/visitor.py:63: in visit_CairoModule
    cairo_file=CairoFile(code_block=self.visit(module.cairo_file.code_block)),
../../../warp_dev/lib/python3.7/site-packages/cairo_lang-0.6.2-py3.7.egg/starkware/cairo/lang/compiler/ast/visitor.py:40: in visit
    return getattr(self, f"visit_{type(obj).__name__}", self._visit_default)(obj)
../../../warp_dev/lib/python3.7/site-packages/cairo_lang-0.6.2-py3.7.egg/starkware/cairo/lang/compiler/ast/visitor.py:82: in visit_CodeBlock
    for commented_code_elm in elm.code_elements
../../../warp_dev/lib/python3.7/site-packages/cairo_lang-0.6.2-py3.7.egg/starkware/cairo/lang/compiler/ast/visitor.py:82: in <listcomp>
    for commented_code_elm in elm.code_elements
../../../warp_dev/lib/python3.7/site-packages/cairo_lang-0.6.2-py3.7.egg/starkware/cairo/lang/compiler/ast/visitor.py:40: in visit
    return getattr(self, f"visit_{type(obj).__name__}", self._visit_default)(obj)
../../../warp_dev/lib/python3.7/site-packages/cairo_lang-0.6.2-py3.7.egg/starkware/cairo/lang/compiler/preprocessor/dependency_graph.py:76: in visit_CodeElementFunction
    super().visit_CodeElementFunction(elm)
../../../warp_dev/lib/python3.7/site-packages/cairo_lang-0.6.2-py3.7.egg/starkware/cairo/lang/compiler/ast/visitor.py:54: in visit_CodeElementFunction
    code_block=self.visit(elm.code_block),
../../../warp_dev/lib/python3.7/site-packages/cairo_lang-0.6.2-py3.7.egg/starkware/cairo/lang/compiler/ast/visitor.py:40: in visit
    return getattr(self, f"visit_{type(obj).__name__}", self._visit_default)(obj)
../../../warp_dev/lib/python3.7/site-packages/cairo_lang-0.6.2-py3.7.egg/starkware/cairo/lang/compiler/ast/visitor.py:82: in visit_CodeBlock
    for commented_code_elm in elm.code_elements
../../../warp_dev/lib/python3.7/site-packages/cairo_lang-0.6.2-py3.7.egg/starkware/cairo/lang/compiler/ast/visitor.py:82: in <listcomp>
    for commented_code_elm in elm.code_elements
../../../warp_dev/lib/python3.7/site-packages/cairo_lang-0.6.2-py3.7.egg/starkware/cairo/lang/compiler/ast/visitor.py:40: in visit
    return getattr(self, f"visit_{type(obj).__name__}", self._visit_default)(obj)
../../../warp_dev/lib/python3.7/site-packages/cairo_lang-0.6.2-py3.7.egg/starkware/cairo/lang/compiler/preprocessor/dependency_graph.py:36: in _visit_default
    self.visit(child)
../../../warp_dev/lib/python3.7/site-packages/cairo_lang-0.6.2-py3.7.egg/starkware/cairo/lang/compiler/ast/visitor.py:40: in visit
    return getattr(self, f"visit_{type(obj).__name__}", self._visit_default)(obj)
../../../warp_dev/lib/python3.7/site-packages/cairo_lang-0.6.2-py3.7.egg/starkware/cairo/lang/compiler/preprocessor/dependency_graph.py:36: in _visit_default
    self.visit(child)
../../../warp_dev/lib/python3.7/site-packages/cairo_lang-0.6.2-py3.7.egg/starkware/cairo/lang/compiler/ast/visitor.py:40: in visit
    return getattr(self, f"visit_{type(obj).__name__}", self._visit_default)(obj)
../../../warp_dev/lib/python3.7/site-packages/cairo_lang-0.6.2-py3.7.egg/starkware/cairo/lang/compiler/preprocessor/dependency_graph.py:87: in visit_ExprIdentifier
    self.add_identifier(ScopedName.from_string(expr.name), location=expr.location)
../../../warp_dev/lib/python3.7/site-packages/cairo_lang-0.6.2-py3.7.egg/starkware/cairo/lang/compiler/preprocessor/dependency_graph.py:56: in add_identifier
    raise PreprocessorError(str(e), location=location)
E   starkware.cairo.lang.compiler.preprocessor.preprocessor_error.PreprocessorError: /home/greg/dev/nethermind/warp/tests/semantic/solidity/test/libsolidity/semanticTests/immutable/read_in_ctor.cairo.temp:95:5: Unknown identifier 'setimmutable'.
E       setimmutable(
E       ^**********^
------------------------------------------------------------------------------------------------------------------- Captured stdout call -------------------------------------------------------------------------------------------------------------------
{'callData': '0xf72d0b3b00000000000000000000000000000000000000000000000000000000000000a7', 'expectations': '0x', 'failure': True, 'signature': 'get(uint8)'}
{'callData': '0xebc2f80b000000000000000000000000000000000000000000000000000000000000000000000000000000000000000000000000000000000000000000000000000000ef', 'expectations': '0x', 'failure': False, 'signature': 'set(uint8,uint8)'}
------------------------------------------------------------------------------------------------------------------- Captured stderr call -------------------------------------------------------------------------------------------------------------------
Warning: SPDX license identifier not provided in source file. Before publishing, consider adding a comment containing "SPDX-License-Identifier: <SPDX-License>" to each source file. Use "SPDX-License-Identifier: UNLICENSED" for non-open-source code. Please see https://spdx.org for more information.
--> tests/semantic/solidity/test/libsolidity/semanticTests/immutable/fun_read_in_ctor_marked.sol

_____________________________________________________________ test_semantics[/home/greg/dev/nethermind/warp/tests/semantic/solidity/test/libsolidity/semanticTests/storage/array_accessor.sol] _____________________________________________________________
FAILURE: /home/greg/dev/nethermind/warp/tests/semantic/solidity/test/libsolidity/semanticTests/storage/array_accessor.cairo.temp
assert '0xffffffffff...ffffffffffff8' == '0x0000000000...0000000000008'
  - 0x0000000000000000000000000000000000000000000000000000000000000008
  + 0xfffffffffffffffffffffffffffffffffffffffffffffffffffffffffffffff8
tests/semantic/test_semantics.py:173 in test_semantics() -> check.equal(final_res, expected_result, cairo_file_path)
FAILURE: /home/greg/dev/nethermind/warp/tests/semantic/solidity/test/libsolidity/semanticTests/storage/array_accessor.cairo.temp
assert '0xffffffffff...ffffffffffff8' == '0x0000000000...0000000000008'
  - 0x0000000000000000000000000000000000000000000000000000000000000008
  + 0xfffffffffffffffffffffffffffffffffffffffffffffffffffffffffffffff8
tests/semantic/test_semantics.py:173 in test_semantics() -> check.equal(final_res, expected_result, cairo_file_path)
FAILURE: /home/greg/dev/nethermind/warp/tests/semantic/solidity/test/libsolidity/semanticTests/storage/array_accessor.cairo.temp
assert '0x0000000000...0000000ffffea' == '0x0000000000...0000000000016'
  - 0x0000000000000000000000000000000000000000000000000000000000000016
  ?                                                             ^^^^^^
  + 0x0000000000000000000000000000000000000000000000000000000000ffffea
  ?                                                             ^^^^^^
tests/semantic/test_semantics.py:173 in test_semantics() -> check.equal(final_res, expected_result, cairo_file_path)
FAILURE: /home/greg/dev/nethermind/warp/tests/semantic/solidity/test/libsolidity/semanticTests/storage/array_accessor.cairo.temp
assert '0x0000000000...0000000fffffe' == '0x0000000000...0000000000002'
  - 0x0000000000000000000000000000000000000000000000000000000000000002
  ?                                                             ^^^^^^
  + 0x0000000000000000000000000000000000000000000000000000000000fffffe
  ?                                                             ^^^^^^
tests/semantic/test_semantics.py:173 in test_semantics() -> check.equal(final_res, expected_result, cairo_file_path)
------------------------------------------------------------
Failed Checks: 4
___________________________________________________________ test_semantics[/home/greg/dev/nethermind/warp/tests/semantic/solidity/test/libsolidity/semanticTests/immutable/immutable_signed.sol] ___________________________________________________________
../../../warp_dev/lib/python3.7/site-packages/cairo_lang-0.6.2-py3.7.egg/starkware/cairo/lang/compiler/preprocessor/dependency_graph.py:48: in add_identifier
    accessible_scopes=self.accessible_scopes, name=name
../../../warp_dev/lib/python3.7/site-packages/cairo_lang-0.6.2-py3.7.egg/starkware/cairo/lang/compiler/identifier_manager.py:225: in search
    res = self._search(accessible_scopes=accessible_scopes, name=name, get_scope=False)
../../../warp_dev/lib/python3.7/site-packages/cairo_lang-0.6.2-py3.7.egg/starkware/cairo/lang/compiler/identifier_manager.py:217: in _search
    raise MissingIdentifierError(name[:1])
E   starkware.cairo.lang.compiler.identifier_manager.MissingIdentifierError: Unknown identifier 'setimmutable'.

During handling of the above exception, another exception occurred:
tests/semantic/test_semantics.py:135: in test_semantics
    contract_definition = await starknet_compile(cairo_file_path)
tests/semantic/test_semantics.py:71: in starknet_compile
    [contract_file], debug_info=True, cairo_path=[cairo_path]
../../../warp_dev/lib/python3.7/site-packages/cairo_lang-0.6.2-py3.7.egg/starkware/starknet/compiler/compile.py:107: in compile_starknet_files
    cairo_path=cairo_path,
../../../warp_dev/lib/python3.7/site-packages/cairo_lang-0.6.2-py3.7.egg/starkware/starknet/compiler/compile.py:128: in compile_starknet_codes
    code=codes, debug_info=debug_info, pass_manager=pass_manager
../../../warp_dev/lib/python3.7/site-packages/cairo_lang-0.6.2-py3.7.egg/starkware/cairo/lang/compiler/cairo_compile.py:230: in compile_cairo_ex
    codes=codes_with_filenames, pass_manager=pass_manager, main_scope=main_scope
../../../warp_dev/lib/python3.7/site-packages/cairo_lang-0.6.2-py3.7.egg/starkware/cairo/lang/compiler/preprocessor/preprocess_codes.py:24: in preprocess_codes
    pass_manager.run(context)
../../../warp_dev/lib/python3.7/site-packages/cairo_lang-0.6.2-py3.7.egg/starkware/cairo/lang/compiler/preprocessor/pass_manager.py:53: in run
    stage.run(context)
../../../warp_dev/lib/python3.7/site-packages/cairo_lang-0.6.2-py3.7.egg/starkware/cairo/lang/compiler/preprocessor/dependency_graph.py:181: in run
    scopes_to_compile={context.main_scope} | self.additional_scopes_to_compile,
../../../warp_dev/lib/python3.7/site-packages/cairo_lang-0.6.2-py3.7.egg/starkware/cairo/lang/compiler/preprocessor/dependency_graph.py:166: in get_functions_to_compile
    dependency_graph.visit(module)
../../../warp_dev/lib/python3.7/site-packages/cairo_lang-0.6.2-py3.7.egg/starkware/cairo/lang/compiler/ast/visitor.py:40: in visit
    return getattr(self, f"visit_{type(obj).__name__}", self._visit_default)(obj)
../../../warp_dev/lib/python3.7/site-packages/cairo_lang-0.6.2-py3.7.egg/starkware/cairo/lang/compiler/ast/visitor.py:63: in visit_CairoModule
    cairo_file=CairoFile(code_block=self.visit(module.cairo_file.code_block)),
../../../warp_dev/lib/python3.7/site-packages/cairo_lang-0.6.2-py3.7.egg/starkware/cairo/lang/compiler/ast/visitor.py:40: in visit
    return getattr(self, f"visit_{type(obj).__name__}", self._visit_default)(obj)
../../../warp_dev/lib/python3.7/site-packages/cairo_lang-0.6.2-py3.7.egg/starkware/cairo/lang/compiler/ast/visitor.py:82: in visit_CodeBlock
    for commented_code_elm in elm.code_elements
../../../warp_dev/lib/python3.7/site-packages/cairo_lang-0.6.2-py3.7.egg/starkware/cairo/lang/compiler/ast/visitor.py:82: in <listcomp>
    for commented_code_elm in elm.code_elements
../../../warp_dev/lib/python3.7/site-packages/cairo_lang-0.6.2-py3.7.egg/starkware/cairo/lang/compiler/ast/visitor.py:40: in visit
    return getattr(self, f"visit_{type(obj).__name__}", self._visit_default)(obj)
../../../warp_dev/lib/python3.7/site-packages/cairo_lang-0.6.2-py3.7.egg/starkware/cairo/lang/compiler/preprocessor/dependency_graph.py:76: in visit_CodeElementFunction
    super().visit_CodeElementFunction(elm)
../../../warp_dev/lib/python3.7/site-packages/cairo_lang-0.6.2-py3.7.egg/starkware/cairo/lang/compiler/ast/visitor.py:54: in visit_CodeElementFunction
    code_block=self.visit(elm.code_block),
../../../warp_dev/lib/python3.7/site-packages/cairo_lang-0.6.2-py3.7.egg/starkware/cairo/lang/compiler/ast/visitor.py:40: in visit
    return getattr(self, f"visit_{type(obj).__name__}", self._visit_default)(obj)
../../../warp_dev/lib/python3.7/site-packages/cairo_lang-0.6.2-py3.7.egg/starkware/cairo/lang/compiler/ast/visitor.py:82: in visit_CodeBlock
    for commented_code_elm in elm.code_elements
../../../warp_dev/lib/python3.7/site-packages/cairo_lang-0.6.2-py3.7.egg/starkware/cairo/lang/compiler/ast/visitor.py:82: in <listcomp>
    for commented_code_elm in elm.code_elements
../../../warp_dev/lib/python3.7/site-packages/cairo_lang-0.6.2-py3.7.egg/starkware/cairo/lang/compiler/ast/visitor.py:40: in visit
    return getattr(self, f"visit_{type(obj).__name__}", self._visit_default)(obj)
../../../warp_dev/lib/python3.7/site-packages/cairo_lang-0.6.2-py3.7.egg/starkware/cairo/lang/compiler/preprocessor/dependency_graph.py:36: in _visit_default
    self.visit(child)
../../../warp_dev/lib/python3.7/site-packages/cairo_lang-0.6.2-py3.7.egg/starkware/cairo/lang/compiler/ast/visitor.py:40: in visit
    return getattr(self, f"visit_{type(obj).__name__}", self._visit_default)(obj)
../../../warp_dev/lib/python3.7/site-packages/cairo_lang-0.6.2-py3.7.egg/starkware/cairo/lang/compiler/preprocessor/dependency_graph.py:36: in _visit_default
    self.visit(child)
../../../warp_dev/lib/python3.7/site-packages/cairo_lang-0.6.2-py3.7.egg/starkware/cairo/lang/compiler/ast/visitor.py:40: in visit
    return getattr(self, f"visit_{type(obj).__name__}", self._visit_default)(obj)
../../../warp_dev/lib/python3.7/site-packages/cairo_lang-0.6.2-py3.7.egg/starkware/cairo/lang/compiler/preprocessor/dependency_graph.py:87: in visit_ExprIdentifier
    self.add_identifier(ScopedName.from_string(expr.name), location=expr.location)
../../../warp_dev/lib/python3.7/site-packages/cairo_lang-0.6.2-py3.7.egg/starkware/cairo/lang/compiler/preprocessor/dependency_graph.py:56: in add_identifier
    raise PreprocessorError(str(e), location=location)
E   starkware.cairo.lang.compiler.preprocessor.preprocessor_error.PreprocessorError: /home/greg/dev/nethermind/warp/tests/semantic/solidity/test/libsolidity/semanticTests/immutable/immutable_signed.cairo.temp:79:5: Unknown identifier 'setimmutable'.
E       setimmutable(Uint256(low=0, high=0), Uint256(low='', high='5' * 256 ** 15), _1)
E       ^**********^
------------------------------------------------------------------------------------------------------------------- Captured stdout call -------------------------------------------------------------------------------------------------------------------
{'callData': '0x66c632870000000000000000000000000000000000000000000000000000000000000000', 'expectations': '0x00000000000000000000000000000000000000000000000000000000000000ef', 'failure': False, 'signature': 'table(uint8)'}
{'callData': '0xf72d0b3b0000000000000000000000000000000000000000000000000000000000000000', 'expectations': '0x0000000000000000000000000000000000000000000000000000000000000000', 'failure': False, 'signature': 'get(uint8)'}
------------------------------------------------------------------------------------------------------------------- Captured stderr call -------------------------------------------------------------------------------------------------------------------
Warning: SPDX license identifier not provided in source file. Before publishing, consider adding a comment containing "SPDX-License-Identifier: <SPDX-License>" to each source file. Use "SPDX-License-Identifier: UNLICENSED" for non-open-source code. Please see https://spdx.org for more information.
--> tests/semantic/solidity/test/libsolidity/semanticTests/immutable/stub_marked.sol

Warning: SPDX license identifier not provided in source file. Before publishing, consider adding a comment containing "SPDX-License-Identifier: <SPDX-License>" to each source file. Use "SPDX-License-Identifier: UNLICENSED" for non-open-source code. Please see https://spdx.org for more information.
--> tests/semantic/solidity/test/libsolidity/semanticTests/immutable/getter_marked.sol

----------------------------------------------------------------------------------------------------------------- Captured stderr teardown -----------------------------------------------------------------------------------------------------------------
Warning: SPDX license identifier not provided in source file. Before publishing, consider adding a comment containing "SPDX-License-Identifier: <SPDX-License>" to each source file. Use "SPDX-License-Identifier: UNLICENSED" for non-open-source code. Please see https://spdx.org for more information.
--> tests/semantic/solidity/test/libsolidity/semanticTests/immutable/getter_call_in_constructor_marked.sol

Warning: "this" used in constructor. Note that external functions of a contract cannot be called while it is being constructed.
 --> tests/semantic/solidity/test/libsolidity/semanticTests/immutable/getter_call_in_constructor_marked.sol:6:13:
  |
6 |         y = this.x();
  |             ^^^^

______________________________________________________ test_semantics[/home/greg/dev/nethermind/warp/tests/semantic/solidity/test/libsolidity/semanticTests/immutable/getter_call_in_constructor.sol] ______________________________________________________
tests/semantic/test_semantics.py:126: in test_semantics
    contract_file, get_last_contract(contract_file)
../../../warp_dev/lib/python3.7/site-packages/sol_warp-0.2.12-py3.7.egg/yul/main.py:53: in transpile_from_solidity
    codes = json.loads(result.stdout)
/usr/lib/python3.7/json/__init__.py:348: in loads
    return _default_decoder.decode(s)
/usr/lib/python3.7/json/decoder.py:337: in decode
    obj, end = self.raw_decode(s, idx=_w(s, 0).end())
/usr/lib/python3.7/json/decoder.py:355: in raw_decode
    raise JSONDecodeError("Expecting value", s, err.value) from None
E   json.decoder.JSONDecodeError: Expecting value: line 1 column 1 (char 0)
______________________________________________________ test_semantics[/home/greg/dev/nethermind/warp/tests/semantic/solidity/test/libsolidity/semanticTests/immutable/internal_function_pointer.sol] _______________________________________________________
../../../warp_dev/lib/python3.7/site-packages/cairo_lang-0.6.2-py3.7.egg/starkware/cairo/lang/compiler/preprocessor/dependency_graph.py:48: in add_identifier
    accessible_scopes=self.accessible_scopes, name=name
../../../warp_dev/lib/python3.7/site-packages/cairo_lang-0.6.2-py3.7.egg/starkware/cairo/lang/compiler/identifier_manager.py:225: in search
    res = self._search(accessible_scopes=accessible_scopes, name=name, get_scope=False)
../../../warp_dev/lib/python3.7/site-packages/cairo_lang-0.6.2-py3.7.egg/starkware/cairo/lang/compiler/identifier_manager.py:217: in _search
    raise MissingIdentifierError(name[:1])
E   starkware.cairo.lang.compiler.identifier_manager.MissingIdentifierError: Unknown identifier 'setimmutable'.

During handling of the above exception, another exception occurred:
tests/semantic/test_semantics.py:135: in test_semantics
    contract_definition = await starknet_compile(cairo_file_path)
tests/semantic/test_semantics.py:71: in starknet_compile
    [contract_file], debug_info=True, cairo_path=[cairo_path]
../../../warp_dev/lib/python3.7/site-packages/cairo_lang-0.6.2-py3.7.egg/starkware/starknet/compiler/compile.py:107: in compile_starknet_files
    cairo_path=cairo_path,
../../../warp_dev/lib/python3.7/site-packages/cairo_lang-0.6.2-py3.7.egg/starkware/starknet/compiler/compile.py:128: in compile_starknet_codes
    code=codes, debug_info=debug_info, pass_manager=pass_manager
../../../warp_dev/lib/python3.7/site-packages/cairo_lang-0.6.2-py3.7.egg/starkware/cairo/lang/compiler/cairo_compile.py:230: in compile_cairo_ex
    codes=codes_with_filenames, pass_manager=pass_manager, main_scope=main_scope
../../../warp_dev/lib/python3.7/site-packages/cairo_lang-0.6.2-py3.7.egg/starkware/cairo/lang/compiler/preprocessor/preprocess_codes.py:24: in preprocess_codes
    pass_manager.run(context)
../../../warp_dev/lib/python3.7/site-packages/cairo_lang-0.6.2-py3.7.egg/starkware/cairo/lang/compiler/preprocessor/pass_manager.py:53: in run
    stage.run(context)
../../../warp_dev/lib/python3.7/site-packages/cairo_lang-0.6.2-py3.7.egg/starkware/cairo/lang/compiler/preprocessor/dependency_graph.py:181: in run
    scopes_to_compile={context.main_scope} | self.additional_scopes_to_compile,
../../../warp_dev/lib/python3.7/site-packages/cairo_lang-0.6.2-py3.7.egg/starkware/cairo/lang/compiler/preprocessor/dependency_graph.py:166: in get_functions_to_compile
    dependency_graph.visit(module)
../../../warp_dev/lib/python3.7/site-packages/cairo_lang-0.6.2-py3.7.egg/starkware/cairo/lang/compiler/ast/visitor.py:40: in visit
    return getattr(self, f"visit_{type(obj).__name__}", self._visit_default)(obj)
../../../warp_dev/lib/python3.7/site-packages/cairo_lang-0.6.2-py3.7.egg/starkware/cairo/lang/compiler/ast/visitor.py:63: in visit_CairoModule
    cairo_file=CairoFile(code_block=self.visit(module.cairo_file.code_block)),
../../../warp_dev/lib/python3.7/site-packages/cairo_lang-0.6.2-py3.7.egg/starkware/cairo/lang/compiler/ast/visitor.py:40: in visit
    return getattr(self, f"visit_{type(obj).__name__}", self._visit_default)(obj)
../../../warp_dev/lib/python3.7/site-packages/cairo_lang-0.6.2-py3.7.egg/starkware/cairo/lang/compiler/ast/visitor.py:82: in visit_CodeBlock
    for commented_code_elm in elm.code_elements
../../../warp_dev/lib/python3.7/site-packages/cairo_lang-0.6.2-py3.7.egg/starkware/cairo/lang/compiler/ast/visitor.py:82: in <listcomp>
    for commented_code_elm in elm.code_elements
../../../warp_dev/lib/python3.7/site-packages/cairo_lang-0.6.2-py3.7.egg/starkware/cairo/lang/compiler/ast/visitor.py:40: in visit
    return getattr(self, f"visit_{type(obj).__name__}", self._visit_default)(obj)
../../../warp_dev/lib/python3.7/site-packages/cairo_lang-0.6.2-py3.7.egg/starkware/cairo/lang/compiler/preprocessor/dependency_graph.py:76: in visit_CodeElementFunction
    super().visit_CodeElementFunction(elm)
../../../warp_dev/lib/python3.7/site-packages/cairo_lang-0.6.2-py3.7.egg/starkware/cairo/lang/compiler/ast/visitor.py:54: in visit_CodeElementFunction
    code_block=self.visit(elm.code_block),
../../../warp_dev/lib/python3.7/site-packages/cairo_lang-0.6.2-py3.7.egg/starkware/cairo/lang/compiler/ast/visitor.py:40: in visit
    return getattr(self, f"visit_{type(obj).__name__}", self._visit_default)(obj)
../../../warp_dev/lib/python3.7/site-packages/cairo_lang-0.6.2-py3.7.egg/starkware/cairo/lang/compiler/ast/visitor.py:82: in visit_CodeBlock
    for commented_code_elm in elm.code_elements
../../../warp_dev/lib/python3.7/site-packages/cairo_lang-0.6.2-py3.7.egg/starkware/cairo/lang/compiler/ast/visitor.py:82: in <listcomp>
    for commented_code_elm in elm.code_elements
../../../warp_dev/lib/python3.7/site-packages/cairo_lang-0.6.2-py3.7.egg/starkware/cairo/lang/compiler/ast/visitor.py:40: in visit
    return getattr(self, f"visit_{type(obj).__name__}", self._visit_default)(obj)
../../../warp_dev/lib/python3.7/site-packages/cairo_lang-0.6.2-py3.7.egg/starkware/cairo/lang/compiler/preprocessor/dependency_graph.py:36: in _visit_default
    self.visit(child)
../../../warp_dev/lib/python3.7/site-packages/cairo_lang-0.6.2-py3.7.egg/starkware/cairo/lang/compiler/ast/visitor.py:40: in visit
    return getattr(self, f"visit_{type(obj).__name__}", self._visit_default)(obj)
../../../warp_dev/lib/python3.7/site-packages/cairo_lang-0.6.2-py3.7.egg/starkware/cairo/lang/compiler/preprocessor/dependency_graph.py:36: in _visit_default
    self.visit(child)
../../../warp_dev/lib/python3.7/site-packages/cairo_lang-0.6.2-py3.7.egg/starkware/cairo/lang/compiler/ast/visitor.py:40: in visit
    return getattr(self, f"visit_{type(obj).__name__}", self._visit_default)(obj)
../../../warp_dev/lib/python3.7/site-packages/cairo_lang-0.6.2-py3.7.egg/starkware/cairo/lang/compiler/preprocessor/dependency_graph.py:87: in visit_ExprIdentifier
    self.add_identifier(ScopedName.from_string(expr.name), location=expr.location)
../../../warp_dev/lib/python3.7/site-packages/cairo_lang-0.6.2-py3.7.egg/starkware/cairo/lang/compiler/preprocessor/dependency_graph.py:56: in add_identifier
    raise PreprocessorError(str(e), location=location)
E   starkware.cairo.lang.compiler.preprocessor.preprocessor_error.PreprocessorError: /home/greg/dev/nethermind/warp/tests/semantic/solidity/test/libsolidity/semanticTests/immutable/internal_function_pointer.cairo.temp:73:5: Unknown identifier 'setimmutable'.
E       setimmutable(
E       ^**********^
------------------------------------------------------------------------------------------------------------------- Captured stdout call -------------------------------------------------------------------------------------------------------------------
{'callData': '0x66c632870000000000000000000000000000000000000000000000000000000000000001', 'expectations': '0x00000000000000000000000000000000000000000000000000000000000000a1', 'failure': False, 'signature': 'table(uint8)'}
------------------------------------------------------------------------------------------------------------------- Captured stderr call -------------------------------------------------------------------------------------------------------------------
Warning: SPDX license identifier not provided in source file. Before publishing, consider adding a comment containing "SPDX-License-Identifier: <SPDX-License>" to each source file. Use "SPDX-License-Identifier: UNLICENSED" for non-open-source code. Please see https://spdx.org for more information.
--> tests/semantic/solidity/test/libsolidity/semanticTests/immutable/small_types_in_reverse_marked.sol

_________________________________________________________________ test_semantics[/home/greg/dev/nethermind/warp/tests/semantic/solidity/test/libsolidity/semanticTests/immutable/stub.sol] _________________________________________________________________
../../../warp_dev/lib/python3.7/site-packages/cairo_lang-0.6.2-py3.7.egg/starkware/cairo/lang/compiler/preprocessor/dependency_graph.py:48: in add_identifier
    accessible_scopes=self.accessible_scopes, name=name
../../../warp_dev/lib/python3.7/site-packages/cairo_lang-0.6.2-py3.7.egg/starkware/cairo/lang/compiler/identifier_manager.py:225: in search
    res = self._search(accessible_scopes=accessible_scopes, name=name, get_scope=False)
../../../warp_dev/lib/python3.7/site-packages/cairo_lang-0.6.2-py3.7.egg/starkware/cairo/lang/compiler/identifier_manager.py:217: in _search
    raise MissingIdentifierError(name[:1])
E   starkware.cairo.lang.compiler.identifier_manager.MissingIdentifierError: Unknown identifier 'setimmutable'.

During handling of the above exception, another exception occurred:
tests/semantic/test_semantics.py:135: in test_semantics
    contract_definition = await starknet_compile(cairo_file_path)
tests/semantic/test_semantics.py:71: in starknet_compile
    [contract_file], debug_info=True, cairo_path=[cairo_path]
../../../warp_dev/lib/python3.7/site-packages/cairo_lang-0.6.2-py3.7.egg/starkware/starknet/compiler/compile.py:107: in compile_starknet_files
    cairo_path=cairo_path,
../../../warp_dev/lib/python3.7/site-packages/cairo_lang-0.6.2-py3.7.egg/starkware/starknet/compiler/compile.py:128: in compile_starknet_codes
    code=codes, debug_info=debug_info, pass_manager=pass_manager
../../../warp_dev/lib/python3.7/site-packages/cairo_lang-0.6.2-py3.7.egg/starkware/cairo/lang/compiler/cairo_compile.py:230: in compile_cairo_ex
    codes=codes_with_filenames, pass_manager=pass_manager, main_scope=main_scope
../../../warp_dev/lib/python3.7/site-packages/cairo_lang-0.6.2-py3.7.egg/starkware/cairo/lang/compiler/preprocessor/preprocess_codes.py:24: in preprocess_codes
    pass_manager.run(context)
../../../warp_dev/lib/python3.7/site-packages/cairo_lang-0.6.2-py3.7.egg/starkware/cairo/lang/compiler/preprocessor/pass_manager.py:53: in run
    stage.run(context)
../../../warp_dev/lib/python3.7/site-packages/cairo_lang-0.6.2-py3.7.egg/starkware/cairo/lang/compiler/preprocessor/dependency_graph.py:181: in run
    scopes_to_compile={context.main_scope} | self.additional_scopes_to_compile,
../../../warp_dev/lib/python3.7/site-packages/cairo_lang-0.6.2-py3.7.egg/starkware/cairo/lang/compiler/preprocessor/dependency_graph.py:166: in get_functions_to_compile
    dependency_graph.visit(module)
../../../warp_dev/lib/python3.7/site-packages/cairo_lang-0.6.2-py3.7.egg/starkware/cairo/lang/compiler/ast/visitor.py:40: in visit
    return getattr(self, f"visit_{type(obj).__name__}", self._visit_default)(obj)
../../../warp_dev/lib/python3.7/site-packages/cairo_lang-0.6.2-py3.7.egg/starkware/cairo/lang/compiler/ast/visitor.py:63: in visit_CairoModule
    cairo_file=CairoFile(code_block=self.visit(module.cairo_file.code_block)),
../../../warp_dev/lib/python3.7/site-packages/cairo_lang-0.6.2-py3.7.egg/starkware/cairo/lang/compiler/ast/visitor.py:40: in visit
    return getattr(self, f"visit_{type(obj).__name__}", self._visit_default)(obj)
../../../warp_dev/lib/python3.7/site-packages/cairo_lang-0.6.2-py3.7.egg/starkware/cairo/lang/compiler/ast/visitor.py:82: in visit_CodeBlock
    for commented_code_elm in elm.code_elements
../../../warp_dev/lib/python3.7/site-packages/cairo_lang-0.6.2-py3.7.egg/starkware/cairo/lang/compiler/ast/visitor.py:82: in <listcomp>
    for commented_code_elm in elm.code_elements
../../../warp_dev/lib/python3.7/site-packages/cairo_lang-0.6.2-py3.7.egg/starkware/cairo/lang/compiler/ast/visitor.py:40: in visit
    return getattr(self, f"visit_{type(obj).__name__}", self._visit_default)(obj)
../../../warp_dev/lib/python3.7/site-packages/cairo_lang-0.6.2-py3.7.egg/starkware/cairo/lang/compiler/preprocessor/dependency_graph.py:76: in visit_CodeElementFunction
    super().visit_CodeElementFunction(elm)
../../../warp_dev/lib/python3.7/site-packages/cairo_lang-0.6.2-py3.7.egg/starkware/cairo/lang/compiler/ast/visitor.py:54: in visit_CodeElementFunction
    code_block=self.visit(elm.code_block),
../../../warp_dev/lib/python3.7/site-packages/cairo_lang-0.6.2-py3.7.egg/starkware/cairo/lang/compiler/ast/visitor.py:40: in visit
    return getattr(self, f"visit_{type(obj).__name__}", self._visit_default)(obj)
../../../warp_dev/lib/python3.7/site-packages/cairo_lang-0.6.2-py3.7.egg/starkware/cairo/lang/compiler/ast/visitor.py:82: in visit_CodeBlock
    for commented_code_elm in elm.code_elements
../../../warp_dev/lib/python3.7/site-packages/cairo_lang-0.6.2-py3.7.egg/starkware/cairo/lang/compiler/ast/visitor.py:82: in <listcomp>
    for commented_code_elm in elm.code_elements
../../../warp_dev/lib/python3.7/site-packages/cairo_lang-0.6.2-py3.7.egg/starkware/cairo/lang/compiler/ast/visitor.py:40: in visit
    return getattr(self, f"visit_{type(obj).__name__}", self._visit_default)(obj)
../../../warp_dev/lib/python3.7/site-packages/cairo_lang-0.6.2-py3.7.egg/starkware/cairo/lang/compiler/preprocessor/dependency_graph.py:36: in _visit_default
    self.visit(child)
../../../warp_dev/lib/python3.7/site-packages/cairo_lang-0.6.2-py3.7.egg/starkware/cairo/lang/compiler/ast/visitor.py:40: in visit
    return getattr(self, f"visit_{type(obj).__name__}", self._visit_default)(obj)
../../../warp_dev/lib/python3.7/site-packages/cairo_lang-0.6.2-py3.7.egg/starkware/cairo/lang/compiler/preprocessor/dependency_graph.py:36: in _visit_default
    self.visit(child)
../../../warp_dev/lib/python3.7/site-packages/cairo_lang-0.6.2-py3.7.egg/starkware/cairo/lang/compiler/ast/visitor.py:40: in visit
    return getattr(self, f"visit_{type(obj).__name__}", self._visit_default)(obj)
../../../warp_dev/lib/python3.7/site-packages/cairo_lang-0.6.2-py3.7.egg/starkware/cairo/lang/compiler/preprocessor/dependency_graph.py:87: in visit_ExprIdentifier
    self.add_identifier(ScopedName.from_string(expr.name), location=expr.location)
../../../warp_dev/lib/python3.7/site-packages/cairo_lang-0.6.2-py3.7.egg/starkware/cairo/lang/compiler/preprocessor/dependency_graph.py:56: in add_identifier
    raise PreprocessorError(str(e), location=location)
E   starkware.cairo.lang.compiler.preprocessor.preprocessor_error.PreprocessorError: /home/greg/dev/nethermind/warp/tests/semantic/solidity/test/libsolidity/semanticTests/immutable/stub.cairo.temp:74:5: Unknown identifier 'setimmutable'.
E       setimmutable(
E       ^**********^
------------------------------------------------------------------------------------------------------------------- Captured stdout call -------------------------------------------------------------------------------------------------------------------
{'callData': '0xf72d0b3b0000000000000000000000000000000000000000000000000000000000000001', 'expectations': '0x0000000000000000000000000000000000000000000000000000000000000000', 'failure': False, 'signature': 'get(uint8)'}
{'callData': '0x66c6328700000000000000000000000000000000000000000000000000000000000000a7', 'expectations': '0x', 'failure': True, 'signature': 'table(uint8)'}
{'callData': '0xf72d0b3b0000000000000000000000000000000000000000000000000000000000000000', 'expectations': '0x00000000000000000000000000000000000000000000000000000000000000ef', 'failure': False, 'signature': 'get(uint8)'}
----------------------------------------------------------------------------------------------------------------- Captured stdout teardown -----------------------------------------------------------------------------------------------------------------
{'callData': '0xf72d0b3b0000000000000000000000000000000000000000000000000000000000000002', 'expectations': '0x0000000000000000000000000000000000000000000000000000000000000000', 'failure': False, 'signature': 'get(uint8)'}
___________________________________________________________ test_semantics[/home/greg/dev/nethermind/warp/tests/semantic/solidity/test/libsolidity/semanticTests/immutable/fun_read_in_ctor.sol] ___________________________________________________________
../../../warp_dev/lib/python3.7/site-packages/cairo_lang-0.6.2-py3.7.egg/starkware/cairo/lang/compiler/preprocessor/dependency_graph.py:48: in add_identifier
    accessible_scopes=self.accessible_scopes, name=name
../../../warp_dev/lib/python3.7/site-packages/cairo_lang-0.6.2-py3.7.egg/starkware/cairo/lang/compiler/identifier_manager.py:225: in search
    res = self._search(accessible_scopes=accessible_scopes, name=name, get_scope=False)
../../../warp_dev/lib/python3.7/site-packages/cairo_lang-0.6.2-py3.7.egg/starkware/cairo/lang/compiler/identifier_manager.py:217: in _search
    raise MissingIdentifierError(name[:1])
E   starkware.cairo.lang.compiler.identifier_manager.MissingIdentifierError: Unknown identifier 'setimmutable'.

During handling of the above exception, another exception occurred:
tests/semantic/test_semantics.py:135: in test_semantics
    contract_definition = await starknet_compile(cairo_file_path)
tests/semantic/test_semantics.py:71: in starknet_compile
    [contract_file], debug_info=True, cairo_path=[cairo_path]
../../../warp_dev/lib/python3.7/site-packages/cairo_lang-0.6.2-py3.7.egg/starkware/starknet/compiler/compile.py:107: in compile_starknet_files
    cairo_path=cairo_path,
../../../warp_dev/lib/python3.7/site-packages/cairo_lang-0.6.2-py3.7.egg/starkware/starknet/compiler/compile.py:128: in compile_starknet_codes
    code=codes, debug_info=debug_info, pass_manager=pass_manager
../../../warp_dev/lib/python3.7/site-packages/cairo_lang-0.6.2-py3.7.egg/starkware/cairo/lang/compiler/cairo_compile.py:230: in compile_cairo_ex
    codes=codes_with_filenames, pass_manager=pass_manager, main_scope=main_scope
../../../warp_dev/lib/python3.7/site-packages/cairo_lang-0.6.2-py3.7.egg/starkware/cairo/lang/compiler/preprocessor/preprocess_codes.py:24: in preprocess_codes
    pass_manager.run(context)
../../../warp_dev/lib/python3.7/site-packages/cairo_lang-0.6.2-py3.7.egg/starkware/cairo/lang/compiler/preprocessor/pass_manager.py:53: in run
    stage.run(context)
../../../warp_dev/lib/python3.7/site-packages/cairo_lang-0.6.2-py3.7.egg/starkware/cairo/lang/compiler/preprocessor/dependency_graph.py:181: in run
    scopes_to_compile={context.main_scope} | self.additional_scopes_to_compile,
../../../warp_dev/lib/python3.7/site-packages/cairo_lang-0.6.2-py3.7.egg/starkware/cairo/lang/compiler/preprocessor/dependency_graph.py:166: in get_functions_to_compile
    dependency_graph.visit(module)
../../../warp_dev/lib/python3.7/site-packages/cairo_lang-0.6.2-py3.7.egg/starkware/cairo/lang/compiler/ast/visitor.py:40: in visit
    return getattr(self, f"visit_{type(obj).__name__}", self._visit_default)(obj)
../../../warp_dev/lib/python3.7/site-packages/cairo_lang-0.6.2-py3.7.egg/starkware/cairo/lang/compiler/ast/visitor.py:63: in visit_CairoModule
    cairo_file=CairoFile(code_block=self.visit(module.cairo_file.code_block)),
../../../warp_dev/lib/python3.7/site-packages/cairo_lang-0.6.2-py3.7.egg/starkware/cairo/lang/compiler/ast/visitor.py:40: in visit
    return getattr(self, f"visit_{type(obj).__name__}", self._visit_default)(obj)
../../../warp_dev/lib/python3.7/site-packages/cairo_lang-0.6.2-py3.7.egg/starkware/cairo/lang/compiler/ast/visitor.py:82: in visit_CodeBlock
    for commented_code_elm in elm.code_elements
../../../warp_dev/lib/python3.7/site-packages/cairo_lang-0.6.2-py3.7.egg/starkware/cairo/lang/compiler/ast/visitor.py:82: in <listcomp>
    for commented_code_elm in elm.code_elements
../../../warp_dev/lib/python3.7/site-packages/cairo_lang-0.6.2-py3.7.egg/starkware/cairo/lang/compiler/ast/visitor.py:40: in visit
    return getattr(self, f"visit_{type(obj).__name__}", self._visit_default)(obj)
../../../warp_dev/lib/python3.7/site-packages/cairo_lang-0.6.2-py3.7.egg/starkware/cairo/lang/compiler/preprocessor/dependency_graph.py:76: in visit_CodeElementFunction
    super().visit_CodeElementFunction(elm)
../../../warp_dev/lib/python3.7/site-packages/cairo_lang-0.6.2-py3.7.egg/starkware/cairo/lang/compiler/ast/visitor.py:54: in visit_CodeElementFunction
    code_block=self.visit(elm.code_block),
../../../warp_dev/lib/python3.7/site-packages/cairo_lang-0.6.2-py3.7.egg/starkware/cairo/lang/compiler/ast/visitor.py:40: in visit
    return getattr(self, f"visit_{type(obj).__name__}", self._visit_default)(obj)
../../../warp_dev/lib/python3.7/site-packages/cairo_lang-0.6.2-py3.7.egg/starkware/cairo/lang/compiler/ast/visitor.py:82: in visit_CodeBlock
    for commented_code_elm in elm.code_elements
../../../warp_dev/lib/python3.7/site-packages/cairo_lang-0.6.2-py3.7.egg/starkware/cairo/lang/compiler/ast/visitor.py:82: in <listcomp>
    for commented_code_elm in elm.code_elements
../../../warp_dev/lib/python3.7/site-packages/cairo_lang-0.6.2-py3.7.egg/starkware/cairo/lang/compiler/ast/visitor.py:40: in visit
    return getattr(self, f"visit_{type(obj).__name__}", self._visit_default)(obj)
../../../warp_dev/lib/python3.7/site-packages/cairo_lang-0.6.2-py3.7.egg/starkware/cairo/lang/compiler/preprocessor/dependency_graph.py:36: in _visit_default
    self.visit(child)
../../../warp_dev/lib/python3.7/site-packages/cairo_lang-0.6.2-py3.7.egg/starkware/cairo/lang/compiler/ast/visitor.py:40: in visit
    return getattr(self, f"visit_{type(obj).__name__}", self._visit_default)(obj)
../../../warp_dev/lib/python3.7/site-packages/cairo_lang-0.6.2-py3.7.egg/starkware/cairo/lang/compiler/preprocessor/dependency_graph.py:36: in _visit_default
    self.visit(child)
../../../warp_dev/lib/python3.7/site-packages/cairo_lang-0.6.2-py3.7.egg/starkware/cairo/lang/compiler/ast/visitor.py:40: in visit
    return getattr(self, f"visit_{type(obj).__name__}", self._visit_default)(obj)
../../../warp_dev/lib/python3.7/site-packages/cairo_lang-0.6.2-py3.7.egg/starkware/cairo/lang/compiler/preprocessor/dependency_graph.py:87: in visit_ExprIdentifier
    self.add_identifier(ScopedName.from_string(expr.name), location=expr.location)
../../../warp_dev/lib/python3.7/site-packages/cairo_lang-0.6.2-py3.7.egg/starkware/cairo/lang/compiler/preprocessor/dependency_graph.py:56: in add_identifier
    raise PreprocessorError(str(e), location=location)
E   starkware.cairo.lang.compiler.preprocessor.preprocessor_error.PreprocessorError: /home/greg/dev/nethermind/warp/tests/semantic/solidity/test/libsolidity/semanticTests/immutable/fun_read_in_ctor.cairo.temp:95:5: Unknown identifier 'setimmutable'.
E       setimmutable(
E       ^**********^
------------------------------------------------------------------------------------------------------------------- Captured stderr call -------------------------------------------------------------------------------------------------------------------
Warning: SPDX license identifier not provided in source file. Before publishing, consider adding a comment containing "SPDX-License-Identifier: <SPDX-License>" to each source file. Use "SPDX-License-Identifier: UNLICENSED" for non-open-source code. Please see https://spdx.org for more information.
--> tests/semantic/solidity/test/libsolidity/semanticTests/abiEncoderV2/abi_encode_rational_v2_marked.sol

----------------------------------------------------------------------------------------------------------------- Captured stderr teardown -----------------------------------------------------------------------------------------------------------------
Warning: SPDX license identifier not provided in source file. Before publishing, consider adding a comment containing "SPDX-License-Identifier: <SPDX-License>" to each source file. Use "SPDX-License-Identifier: UNLICENSED" for non-open-source code. Please see https://spdx.org for more information.
--> tests/semantic/solidity/test/libsolidity/semanticTests/abiEncoderV2/calldata_array_dynamic_marked.sol

Warning: SPDX license identifier not provided in source file. Before publishing, consider adding a comment containing "SPDX-License-Identifier: <SPDX-License>" to each source file. Use "SPDX-License-Identifier: UNLICENSED" for non-open-source code. Please see https://spdx.org for more information.
--> tests/semantic/solidity/test/libsolidity/semanticTests/abiEncoderV2/calldata_struct_simple_marked.sol

Warning: Function state mutability can be restricted to pure
 --> tests/semantic/solidity/test/libsolidity/semanticTests/abiEncoderV2/calldata_struct_simple_marked.sol:5:5:
  |
5 |     function f(S calldata s) external returns (bytes memory) {
  |     ^ (Relevant source part starts here and spans across multiple lines).

________________________________________________________________ test_semantics[/home/greg/dev/nethermind/warp/tests/semantic/solidity/test/libsolidity/semanticTests/immutable/getter.sol] ________________________________________________________________
../../../warp_dev/lib/python3.7/site-packages/cairo_lang-0.6.2-py3.7.egg/starkware/cairo/lang/compiler/preprocessor/dependency_graph.py:48: in add_identifier
    accessible_scopes=self.accessible_scopes, name=name
../../../warp_dev/lib/python3.7/site-packages/cairo_lang-0.6.2-py3.7.egg/starkware/cairo/lang/compiler/identifier_manager.py:225: in search
    res = self._search(accessible_scopes=accessible_scopes, name=name, get_scope=False)
../../../warp_dev/lib/python3.7/site-packages/cairo_lang-0.6.2-py3.7.egg/starkware/cairo/lang/compiler/identifier_manager.py:217: in _search
    raise MissingIdentifierError(name[:1])
E   starkware.cairo.lang.compiler.identifier_manager.MissingIdentifierError: Unknown identifier 'setimmutable'.

During handling of the above exception, another exception occurred:
tests/semantic/test_semantics.py:135: in test_semantics
    contract_definition = await starknet_compile(cairo_file_path)
tests/semantic/test_semantics.py:71: in starknet_compile
    [contract_file], debug_info=True, cairo_path=[cairo_path]
../../../warp_dev/lib/python3.7/site-packages/cairo_lang-0.6.2-py3.7.egg/starkware/starknet/compiler/compile.py:107: in compile_starknet_files
    cairo_path=cairo_path,
../../../warp_dev/lib/python3.7/site-packages/cairo_lang-0.6.2-py3.7.egg/starkware/starknet/compiler/compile.py:128: in compile_starknet_codes
    code=codes, debug_info=debug_info, pass_manager=pass_manager
../../../warp_dev/lib/python3.7/site-packages/cairo_lang-0.6.2-py3.7.egg/starkware/cairo/lang/compiler/cairo_compile.py:230: in compile_cairo_ex
    codes=codes_with_filenames, pass_manager=pass_manager, main_scope=main_scope
../../../warp_dev/lib/python3.7/site-packages/cairo_lang-0.6.2-py3.7.egg/starkware/cairo/lang/compiler/preprocessor/preprocess_codes.py:24: in preprocess_codes
    pass_manager.run(context)
../../../warp_dev/lib/python3.7/site-packages/cairo_lang-0.6.2-py3.7.egg/starkware/cairo/lang/compiler/preprocessor/pass_manager.py:53: in run
    stage.run(context)
../../../warp_dev/lib/python3.7/site-packages/cairo_lang-0.6.2-py3.7.egg/starkware/cairo/lang/compiler/preprocessor/dependency_graph.py:181: in run
    scopes_to_compile={context.main_scope} | self.additional_scopes_to_compile,
../../../warp_dev/lib/python3.7/site-packages/cairo_lang-0.6.2-py3.7.egg/starkware/cairo/lang/compiler/preprocessor/dependency_graph.py:166: in get_functions_to_compile
    dependency_graph.visit(module)
../../../warp_dev/lib/python3.7/site-packages/cairo_lang-0.6.2-py3.7.egg/starkware/cairo/lang/compiler/ast/visitor.py:40: in visit
    return getattr(self, f"visit_{type(obj).__name__}", self._visit_default)(obj)
../../../warp_dev/lib/python3.7/site-packages/cairo_lang-0.6.2-py3.7.egg/starkware/cairo/lang/compiler/ast/visitor.py:63: in visit_CairoModule
    cairo_file=CairoFile(code_block=self.visit(module.cairo_file.code_block)),
../../../warp_dev/lib/python3.7/site-packages/cairo_lang-0.6.2-py3.7.egg/starkware/cairo/lang/compiler/ast/visitor.py:40: in visit
    return getattr(self, f"visit_{type(obj).__name__}", self._visit_default)(obj)
../../../warp_dev/lib/python3.7/site-packages/cairo_lang-0.6.2-py3.7.egg/starkware/cairo/lang/compiler/ast/visitor.py:82: in visit_CodeBlock
    for commented_code_elm in elm.code_elements
../../../warp_dev/lib/python3.7/site-packages/cairo_lang-0.6.2-py3.7.egg/starkware/cairo/lang/compiler/ast/visitor.py:82: in <listcomp>
    for commented_code_elm in elm.code_elements
../../../warp_dev/lib/python3.7/site-packages/cairo_lang-0.6.2-py3.7.egg/starkware/cairo/lang/compiler/ast/visitor.py:40: in visit
    return getattr(self, f"visit_{type(obj).__name__}", self._visit_default)(obj)
../../../warp_dev/lib/python3.7/site-packages/cairo_lang-0.6.2-py3.7.egg/starkware/cairo/lang/compiler/preprocessor/dependency_graph.py:76: in visit_CodeElementFunction
    super().visit_CodeElementFunction(elm)
../../../warp_dev/lib/python3.7/site-packages/cairo_lang-0.6.2-py3.7.egg/starkware/cairo/lang/compiler/ast/visitor.py:54: in visit_CodeElementFunction
    code_block=self.visit(elm.code_block),
../../../warp_dev/lib/python3.7/site-packages/cairo_lang-0.6.2-py3.7.egg/starkware/cairo/lang/compiler/ast/visitor.py:40: in visit
    return getattr(self, f"visit_{type(obj).__name__}", self._visit_default)(obj)
../../../warp_dev/lib/python3.7/site-packages/cairo_lang-0.6.2-py3.7.egg/starkware/cairo/lang/compiler/ast/visitor.py:82: in visit_CodeBlock
    for commented_code_elm in elm.code_elements
../../../warp_dev/lib/python3.7/site-packages/cairo_lang-0.6.2-py3.7.egg/starkware/cairo/lang/compiler/ast/visitor.py:82: in <listcomp>
    for commented_code_elm in elm.code_elements
../../../warp_dev/lib/python3.7/site-packages/cairo_lang-0.6.2-py3.7.egg/starkware/cairo/lang/compiler/ast/visitor.py:40: in visit
    return getattr(self, f"visit_{type(obj).__name__}", self._visit_default)(obj)
../../../warp_dev/lib/python3.7/site-packages/cairo_lang-0.6.2-py3.7.egg/starkware/cairo/lang/compiler/preprocessor/dependency_graph.py:36: in _visit_default
    self.visit(child)
../../../warp_dev/lib/python3.7/site-packages/cairo_lang-0.6.2-py3.7.egg/starkware/cairo/lang/compiler/ast/visitor.py:40: in visit
    return getattr(self, f"visit_{type(obj).__name__}", self._visit_default)(obj)
../../../warp_dev/lib/python3.7/site-packages/cairo_lang-0.6.2-py3.7.egg/starkware/cairo/lang/compiler/preprocessor/dependency_graph.py:36: in _visit_default
    self.visit(child)
../../../warp_dev/lib/python3.7/site-packages/cairo_lang-0.6.2-py3.7.egg/starkware/cairo/lang/compiler/ast/visitor.py:40: in visit
    return getattr(self, f"visit_{type(obj).__name__}", self._visit_default)(obj)
../../../warp_dev/lib/python3.7/site-packages/cairo_lang-0.6.2-py3.7.egg/starkware/cairo/lang/compiler/preprocessor/dependency_graph.py:87: in visit_ExprIdentifier
    self.add_identifier(ScopedName.from_string(expr.name), location=expr.location)
../../../warp_dev/lib/python3.7/site-packages/cairo_lang-0.6.2-py3.7.egg/starkware/cairo/lang/compiler/preprocessor/dependency_graph.py:56: in add_identifier
    raise PreprocessorError(str(e), location=location)
E   starkware.cairo.lang.compiler.preprocessor.preprocessor_error.PreprocessorError: /home/greg/dev/nethermind/warp/tests/semantic/solidity/test/libsolidity/semanticTests/immutable/getter.cairo.temp:73:5: Unknown identifier 'setimmutable'.
E       setimmutable(
E       ^**********^
------------------------------------------------------------------------------------------------------------------- Captured stdout call -------------------------------------------------------------------------------------------------------------------
{'callData': '0xf72d0b3b0000000000000000000000000000000000000000000000000000000000000003', 'expectations': '0x', 'failure': True, 'signature': 'get(uint8)'}
----------------------------------------------------------------------------------------------------------------- Captured stdout teardown -----------------------------------------------------------------------------------------------------------------
{'callData': '0xf72d0b3b00000000000000000000000000000000000000000000000000000000000000a7', 'expectations': '0x', 'failure': True, 'signature': 'get(uint8)'}
________________________________________________________ test_semantics[/home/greg/dev/nethermind/warp/tests/semantic/solidity/test/libsolidity/semanticTests/immutable/small_types_in_reverse.sol] ________________________________________________________
../../../warp_dev/lib/python3.7/site-packages/cairo_lang-0.6.2-py3.7.egg/starkware/cairo/lang/compiler/preprocessor/dependency_graph.py:48: in add_identifier
    accessible_scopes=self.accessible_scopes, name=name
../../../warp_dev/lib/python3.7/site-packages/cairo_lang-0.6.2-py3.7.egg/starkware/cairo/lang/compiler/identifier_manager.py:225: in search
    res = self._search(accessible_scopes=accessible_scopes, name=name, get_scope=False)
../../../warp_dev/lib/python3.7/site-packages/cairo_lang-0.6.2-py3.7.egg/starkware/cairo/lang/compiler/identifier_manager.py:217: in _search
    raise MissingIdentifierError(name[:1])
E   starkware.cairo.lang.compiler.identifier_manager.MissingIdentifierError: Unknown identifier 'setimmutable'.

During handling of the above exception, another exception occurred:
tests/semantic/test_semantics.py:135: in test_semantics
    contract_definition = await starknet_compile(cairo_file_path)
tests/semantic/test_semantics.py:71: in starknet_compile
    [contract_file], debug_info=True, cairo_path=[cairo_path]
../../../warp_dev/lib/python3.7/site-packages/cairo_lang-0.6.2-py3.7.egg/starkware/starknet/compiler/compile.py:107: in compile_starknet_files
    cairo_path=cairo_path,
../../../warp_dev/lib/python3.7/site-packages/cairo_lang-0.6.2-py3.7.egg/starkware/starknet/compiler/compile.py:128: in compile_starknet_codes
    code=codes, debug_info=debug_info, pass_manager=pass_manager
../../../warp_dev/lib/python3.7/site-packages/cairo_lang-0.6.2-py3.7.egg/starkware/cairo/lang/compiler/cairo_compile.py:230: in compile_cairo_ex
    codes=codes_with_filenames, pass_manager=pass_manager, main_scope=main_scope
../../../warp_dev/lib/python3.7/site-packages/cairo_lang-0.6.2-py3.7.egg/starkware/cairo/lang/compiler/preprocessor/preprocess_codes.py:24: in preprocess_codes
    pass_manager.run(context)
../../../warp_dev/lib/python3.7/site-packages/cairo_lang-0.6.2-py3.7.egg/starkware/cairo/lang/compiler/preprocessor/pass_manager.py:53: in run
    stage.run(context)
../../../warp_dev/lib/python3.7/site-packages/cairo_lang-0.6.2-py3.7.egg/starkware/cairo/lang/compiler/preprocessor/dependency_graph.py:181: in run
    scopes_to_compile={context.main_scope} | self.additional_scopes_to_compile,
../../../warp_dev/lib/python3.7/site-packages/cairo_lang-0.6.2-py3.7.egg/starkware/cairo/lang/compiler/preprocessor/dependency_graph.py:166: in get_functions_to_compile
    dependency_graph.visit(module)
../../../warp_dev/lib/python3.7/site-packages/cairo_lang-0.6.2-py3.7.egg/starkware/cairo/lang/compiler/ast/visitor.py:40: in visit
    return getattr(self, f"visit_{type(obj).__name__}", self._visit_default)(obj)
../../../warp_dev/lib/python3.7/site-packages/cairo_lang-0.6.2-py3.7.egg/starkware/cairo/lang/compiler/ast/visitor.py:63: in visit_CairoModule
    cairo_file=CairoFile(code_block=self.visit(module.cairo_file.code_block)),
../../../warp_dev/lib/python3.7/site-packages/cairo_lang-0.6.2-py3.7.egg/starkware/cairo/lang/compiler/ast/visitor.py:40: in visit
    return getattr(self, f"visit_{type(obj).__name__}", self._visit_default)(obj)
../../../warp_dev/lib/python3.7/site-packages/cairo_lang-0.6.2-py3.7.egg/starkware/cairo/lang/compiler/ast/visitor.py:82: in visit_CodeBlock
    for commented_code_elm in elm.code_elements
../../../warp_dev/lib/python3.7/site-packages/cairo_lang-0.6.2-py3.7.egg/starkware/cairo/lang/compiler/ast/visitor.py:82: in <listcomp>
    for commented_code_elm in elm.code_elements
../../../warp_dev/lib/python3.7/site-packages/cairo_lang-0.6.2-py3.7.egg/starkware/cairo/lang/compiler/ast/visitor.py:40: in visit
    return getattr(self, f"visit_{type(obj).__name__}", self._visit_default)(obj)
../../../warp_dev/lib/python3.7/site-packages/cairo_lang-0.6.2-py3.7.egg/starkware/cairo/lang/compiler/preprocessor/dependency_graph.py:76: in visit_CodeElementFunction
    super().visit_CodeElementFunction(elm)
../../../warp_dev/lib/python3.7/site-packages/cairo_lang-0.6.2-py3.7.egg/starkware/cairo/lang/compiler/ast/visitor.py:54: in visit_CodeElementFunction
    code_block=self.visit(elm.code_block),
../../../warp_dev/lib/python3.7/site-packages/cairo_lang-0.6.2-py3.7.egg/starkware/cairo/lang/compiler/ast/visitor.py:40: in visit
    return getattr(self, f"visit_{type(obj).__name__}", self._visit_default)(obj)
../../../warp_dev/lib/python3.7/site-packages/cairo_lang-0.6.2-py3.7.egg/starkware/cairo/lang/compiler/ast/visitor.py:82: in visit_CodeBlock
    for commented_code_elm in elm.code_elements
../../../warp_dev/lib/python3.7/site-packages/cairo_lang-0.6.2-py3.7.egg/starkware/cairo/lang/compiler/ast/visitor.py:82: in <listcomp>
    for commented_code_elm in elm.code_elements
../../../warp_dev/lib/python3.7/site-packages/cairo_lang-0.6.2-py3.7.egg/starkware/cairo/lang/compiler/ast/visitor.py:40: in visit
    return getattr(self, f"visit_{type(obj).__name__}", self._visit_default)(obj)
../../../warp_dev/lib/python3.7/site-packages/cairo_lang-0.6.2-py3.7.egg/starkware/cairo/lang/compiler/preprocessor/dependency_graph.py:36: in _visit_default
    self.visit(child)
../../../warp_dev/lib/python3.7/site-packages/cairo_lang-0.6.2-py3.7.egg/starkware/cairo/lang/compiler/ast/visitor.py:40: in visit
    return getattr(self, f"visit_{type(obj).__name__}", self._visit_default)(obj)
../../../warp_dev/lib/python3.7/site-packages/cairo_lang-0.6.2-py3.7.egg/starkware/cairo/lang/compiler/preprocessor/dependency_graph.py:36: in _visit_default
    self.visit(child)
../../../warp_dev/lib/python3.7/site-packages/cairo_lang-0.6.2-py3.7.egg/starkware/cairo/lang/compiler/ast/visitor.py:40: in visit
    return getattr(self, f"visit_{type(obj).__name__}", self._visit_default)(obj)
../../../warp_dev/lib/python3.7/site-packages/cairo_lang-0.6.2-py3.7.egg/starkware/cairo/lang/compiler/preprocessor/dependency_graph.py:87: in visit_ExprIdentifier
    self.add_identifier(ScopedName.from_string(expr.name), location=expr.location)
../../../warp_dev/lib/python3.7/site-packages/cairo_lang-0.6.2-py3.7.egg/starkware/cairo/lang/compiler/preprocessor/dependency_graph.py:56: in add_identifier
    raise PreprocessorError(str(e), location=location)
E   starkware.cairo.lang.compiler.preprocessor.preprocessor_error.PreprocessorError: /home/greg/dev/nethermind/warp/tests/semantic/solidity/test/libsolidity/semanticTests/immutable/small_types_in_reverse.cairo.temp:172:5: Unknown identifier 'setimmutable'.
E       setimmutable(
E       ^**********^
------------------------------------------------------------------------------------------------------------------- Captured stdout call -------------------------------------------------------------------------------------------------------------------
{'callData': '0xf72d0b3b0000000000000000000000000000000000000000000000000000000000000001', 'expectations': '0x00000000000000000000000000000000000000000000000000000000000000a1', 'failure': False, 'signature': 'get(uint8)'}
{'callData': '0xebc2f80b000000000000000000000000000000000000000000000000000000000000000100000000000000000000000000000000000000000000000000000000000000a1', 'expectations': '0x', 'failure': False, 'signature': 'set(uint8,uint8)'}
{'callData': '0xf72d0b3b0000000000000000000000000000000000000000000000000000000000000000', 'expectations': '0x0000000000000000000000000000000000000000000000000000000000000000', 'failure': False, 'signature': 'get(uint8)'}
------------------------------------------------------------------------------------------------------------------- Captured stderr call -------------------------------------------------------------------------------------------------------------------
Warning: SPDX license identifier not provided in source file. Before publishing, consider adding a comment containing "SPDX-License-Identifier: <SPDX-License>" to each source file. Use "SPDX-License-Identifier: UNLICENSED" for non-open-source code. Please see https://spdx.org for more information.
--> tests/semantic/solidity/test/libsolidity/semanticTests/abiEncoderV2/calldata_array_static_marked.sol

Warning: SPDX license identifier not provided in source file. Before publishing, consider adding a comment containing "SPDX-License-Identifier: <SPDX-License>" to each source file. Use "SPDX-License-Identifier: UNLICENSED" for non-open-source code. Please see https://spdx.org for more information.
--> tests/semantic/solidity/test/libsolidity/semanticTests/abiEncoderV2/calldata_array_static_index_access_marked.sol

___________________________________________________________ test_semantics[/home/greg/dev/nethermind/warp/tests/semantic/solidity/test/libsolidity/semanticTests/types/mapping_enum_key_v2.sol] ____________________________________________________________
FAILURE: /home/greg/dev/nethermind/warp/tests/semantic/solidity/test/libsolidity/semanticTests/types/mapping_enum_key_v2.cairo.temp
assert '0x0000000000...000000000005f' == '0x0000000000...00000000000a1'
  - 0x00000000000000000000000000000000000000000000000000000000000000a1
  ?                                                                 ^^
  + 0x000000000000000000000000000000000000000000000000000000000000005f
  ?                                                                 ^^
tests/semantic/test_semantics.py:173 in test_semantics() -> check.equal(final_res, expected_result, cairo_file_path)
FAILURE: /home/greg/dev/nethermind/warp/tests/semantic/solidity/test/libsolidity/semanticTests/types/mapping_enum_key_v2.cairo.temp
assert '0x0000000000...0000000000011' == '0x0000000000...00000000000ef'
  - 0x00000000000000000000000000000000000000000000000000000000000000ef
  ?                                                                 ^^
  + 0x0000000000000000000000000000000000000000000000000000000000000011
  ?                                                                 ^^
tests/semantic/test_semantics.py:173 in test_semantics() -> check.equal(final_res, expected_result, cairo_file_path)
FAILURE: /home/greg/dev/nethermind/warp/tests/semantic/solidity/test/libsolidity/semanticTests/types/mapping_enum_key_v2.cairo.temp
assert '0x0000000000...000000000005f' == '0x0000000000...00000000000a1'
  - 0x00000000000000000000000000000000000000000000000000000000000000a1
  ?                                                                 ^^
  + 0x000000000000000000000000000000000000000000000000000000000000005f
  ?                                                                 ^^
tests/semantic/test_semantics.py:173 in test_semantics() -> check.equal(final_res, expected_result, cairo_file_path)
FAILURE: /home/greg/dev/nethermind/warp/tests/semantic/solidity/test/libsolidity/semanticTests/types/mapping_enum_key_v2.cairo.temp
assert '0x0000000000...0000000000011' == '0x0000000000...00000000000ef'
  - 0x00000000000000000000000000000000000000000000000000000000000000ef
  ?                                                                 ^^
  + 0x0000000000000000000000000000000000000000000000000000000000000011
  ?                                                                 ^^
tests/semantic/test_semantics.py:173 in test_semantics() -> check.equal(final_res, expected_result, cairo_file_path)
FAILURE: /home/greg/dev/nethermind/warp/tests/semantic/solidity/test/libsolidity/semanticTests/types/mapping_enum_key_v2.cairo.temp
assert '0x0000000000...00000000000fb' == '0x0000000000...0000000000005'
  - 0x0000000000000000000000000000000000000000000000000000000000000005
  ?                                                                 ^^
  + 0x00000000000000000000000000000000000000000000000000000000000000fb
  ?                                                                 ^^
tests/semantic/test_semantics.py:173 in test_semantics() -> check.equal(final_res, expected_result, cairo_file_path)
------------------------------------------------------------
Failed Checks: 5
------------------------------------------------------------------------------------------------------------------- Captured stdout call -------------------------------------------------------------------------------------------------------------------
{'callData': '0xf72d0b3b0000000000000000000000000000000000000000000000000000000000000000', 'expectations': '0x0000000000000000000000000000000000000000000000000000000000000000', 'failure': False, 'signature': 'get(uint8)'}
{'callData': '0xf72d0b3b0000000000000000000000000000000000000000000000000000000000000001', 'expectations': '0x00000000000000000000000000000000000000000000000000000000000000a1', 'failure': False, 'signature': 'get(uint8)'}
{'callData': '0xf72d0b3b00000000000000000000000000000000000000000000000000000000000000a7', 'expectations': '0x', 'failure': True, 'signature': 'get(uint8)'}
{'callData': '0xf72d0b3b0000000000000000000000000000000000000000000000000000000000000001', 'expectations': '0x0000000000000000000000000000000000000000000000000000000000000000', 'failure': False, 'signature': 'get(uint8)'}
{'callData': '0xebc2f80b00000000000000000000000000000000000000000000000000000000000000010000000000000000000000000000000000000000000000000000000000000005', 'expectations': '0x', 'failure': False, 'signature': 'set(uint8,uint8)'}
{'callData': '0xf72d0b3b00000000000000000000000000000000000000000000000000000000000000a7', 'expectations': '0x', 'failure': True, 'signature': 'get(uint8)'}
{'callData': '0xebc2f80b000000000000000000000000000000000000000000000000000000000000000000000000000000000000000000000000000000000000000000000000000000ef', 'expectations': '0x', 'failure': False, 'signature': 'set(uint8,uint8)'}
{'callData': '0x66c632870000000000000000000000000000000000000000000000000000000000000000', 'expectations': '0x00000000000000000000000000000000000000000000000000000000000000ef', 'failure': False, 'signature': 'table(uint8)'}
{'callData': '0xf72d0b3b00000000000000000000000000000000000000000000000000000000000000a7', 'expectations': '0x0000000000000000000000000000000000000000000000000000000000000000', 'failure': False, 'signature': 'get(uint8)'}
{'callData': '0xf72d0b3b0000000000000000000000000000000000000000000000000000000000000000', 'expectations': '0x00000000000000000000000000000000000000000000000000000000000000ef', 'failure': False, 'signature': 'get(uint8)'}
{'callData': '0x66c632870000000000000000000000000000000000000000000000000000000000000001', 'expectations': '0x0000000000000000000000000000000000000000000000000000000000000005', 'failure': False, 'signature': 'table(uint8)'}
{'callData': '0xf72d0b3b0000000000000000000000000000000000000000000000000000000000000001', 'expectations': '0x00000000000000000000000000000000000000000000000000000000000000a1', 'failure': False, 'signature': 'get(uint8)'}
{'callData': '0xebc2f80b000000000000000000000000000000000000000000000000000000000000000100000000000000000000000000000000000000000000000000000000000000a1', 'expectations': '0x', 'failure': False, 'signature': 'set(uint8,uint8)'}
{'callData': '0x66c6328700000000000000000000000000000000000000000000000000000000000000a7', 'expectations': '0x', 'failure': True, 'signature': 'table(uint8)'}
{'callData': '0xf72d0b3b0000000000000000000000000000000000000000000000000000000000000000', 'expectations': '0x00000000000000000000000000000000000000000000000000000000000000ef', 'failure': False, 'signature': 'get(uint8)'}
{'callData': '0xf72d0b3b00000000000000000000000000000000000000000000000000000000000000a7', 'expectations': '0x', 'failure': True, 'signature': 'get(uint8)'}
{'callData': '0xf72d0b3b0000000000000000000000000000000000000000000000000000000000000000', 'expectations': '0x0000000000000000000000000000000000000000000000000000000000000000', 'failure': False, 'signature': 'get(uint8)'}
{'callData': '0xebc2f80b00000000000000000000000000000000000000000000000000000000000000010000000000000000000000000000000000000000000000000000000000000005', 'expectations': '0x', 'failure': False, 'signature': 'set(uint8,uint8)'}
{'callData': '0xf72d0b3b0000000000000000000000000000000000000000000000000000000000000001', 'expectations': '0x00000000000000000000000000000000000000000000000000000000000000a1', 'failure': False, 'signature': 'get(uint8)'}
{'callData': '0xc2bc2efc0000000000000000000000000000000000000000000000000000000000000000', 'expectations': '0x0000000000000000000000000000000000000000000000000000000000000000', 'failure': False, 'signature': 'get(address)'}
{'callData': '0xf72d0b3b00000000000000000000000000000000000000000000000000000000000000a7', 'expectations': '0x0000000000000000000000000000000000000000000000000000000000000000', 'failure': False, 'signature': 'get(uint8)'}
{'callData': '0xc2bc2efc0000000000000000000000000000000000000000000000000000000000000001', 'expectations': '0x0000000000000000000000000000000000000000000000000000000000000000', 'failure': False, 'signature': 'get(address)'}
{'callData': '0xebc2f80b000000000000000000000000000000000000000000000000000000000000000000000000000000000000000000000000000000000000000000000000000000ef', 'expectations': '0x', 'failure': False, 'signature': 'set(uint8,uint8)'}
{'callData': '0xf72d0b3b0000000000000000000000000000000000000000000000000000000000000000', 'expectations': '0x00000000000000000000000000000000000000000000000000000000000000ef', 'failure': False, 'signature': 'get(uint8)'}
{'callData': '0xf72d0b3b0000000000000000000000000000000000000000000000000000000000000001', 'expectations': '0x0000000000000000000000000000000000000000000000000000000000000005', 'failure': False, 'signature': 'get(uint8)'}
{'callData': '0xc2bc2efc00000000000000000000000000000000000000000000000000000000000000a7', 'expectations': '0x0000000000000000000000000000000000000000000000000000000000000000', 'failure': False, 'signature': 'get(address)'}
{'callData': '0xf72d0b3b0000000000000000000000000000000000000000000000000000000000000000', 'expectations': '0x00000000000000000000000000000000000000000000000000000000000000ef', 'failure': False, 'signature': 'get(uint8)'}
{'callData': '0xf72d0b3b0000000000000000000000000000000000000000000000000000000000000001', 'expectations': '0x0000000000000000000000000000000000000000000000000000000000000005', 'failure': False, 'signature': 'get(uint8)'}
{'callData': '0x43f9acff000000000000000000000000000000000000000000000000000000000000000100000000000000000000000000000000000000000000000000000000000000a1', 'expectations': '0x', 'failure': False, 'signature': 'set(address,uint8)'}
{'callData': '0xf72d0b3b00000000000000000000000000000000000000000000000000000000000000a7', 'expectations': '0x', 'failure': True, 'signature': 'get(uint8)'}
------------------------------------------------------------------------------------------------------------------- Captured stderr call -------------------------------------------------------------------------------------------------------------------
Warning: SPDX license identifier not provided in source file. Before publishing, consider adding a comment containing "SPDX-License-Identifier: <SPDX-License>" to each source file. Use "SPDX-License-Identifier: UNLICENSED" for non-open-source code. Please see https://spdx.org for more information.
--> tests/semantic/solidity/test/libsolidity/semanticTests/abiEncoderV2/abi_encode_v2_marked.sol

Warning: SPDX license identifier not provided in source file. Before publishing, consider adding a comment containing "SPDX-License-Identifier: <SPDX-License>" to each source file. Use "SPDX-License-Identifier: UNLICENSED" for non-open-source code. Please see https://spdx.org for more information.
--> tests/semantic/solidity/test/libsolidity/semanticTests/abiEncoderV2/calldata_array_two_dynamic_marked.sol

________________________________________________________ test_semantics[/home/greg/dev/nethermind/warp/tests/semantic/solidity/test/libsolidity/semanticTests/types/mapping_enum_key_getter_v2.sol] ________________________________________________________
FAILURE: /home/greg/dev/nethermind/warp/tests/semantic/solidity/test/libsolidity/semanticTests/types/mapping_enum_key_getter_v2.cairo.temp
assert '0x0000000000...000000000005f' == '0x0000000000...00000000000a1'
  - 0x00000000000000000000000000000000000000000000000000000000000000a1
  ?                                                                 ^^
  + 0x000000000000000000000000000000000000000000000000000000000000005f
  ?                                                                 ^^
tests/semantic/test_semantics.py:173 in test_semantics() -> check.equal(final_res, expected_result, cairo_file_path)
FAILURE: /home/greg/dev/nethermind/warp/tests/semantic/solidity/test/libsolidity/semanticTests/types/mapping_enum_key_getter_v2.cairo.temp
assert '0x0000000000...000000000005f' == '0x0000000000...00000000000a1'
  - 0x00000000000000000000000000000000000000000000000000000000000000a1
  ?                                                                 ^^
  + 0x000000000000000000000000000000000000000000000000000000000000005f
  ?                                                                 ^^
tests/semantic/test_semantics.py:173 in test_semantics() -> check.equal(final_res, expected_result, cairo_file_path)
FAILURE: /home/greg/dev/nethermind/warp/tests/semantic/solidity/test/libsolidity/semanticTests/types/mapping_enum_key_getter_v2.cairo.temp
assert '0x0000000000...0000000000011' == '0x0000000000...00000000000ef'
  - 0x00000000000000000000000000000000000000000000000000000000000000ef
  ?                                                                 ^^
  + 0x0000000000000000000000000000000000000000000000000000000000000011
  ?                                                                 ^^
tests/semantic/test_semantics.py:173 in test_semantics() -> check.equal(final_res, expected_result, cairo_file_path)
FAILURE: /home/greg/dev/nethermind/warp/tests/semantic/solidity/test/libsolidity/semanticTests/types/mapping_enum_key_getter_v2.cairo.temp
assert '0x0000000000...000000000005f' == '0x0000000000...00000000000a1'
  - 0x00000000000000000000000000000000000000000000000000000000000000a1
  ?                                                                 ^^
  + 0x000000000000000000000000000000000000000000000000000000000000005f
  ?                                                                 ^^
tests/semantic/test_semantics.py:173 in test_semantics() -> check.equal(final_res, expected_result, cairo_file_path)
FAILURE: /home/greg/dev/nethermind/warp/tests/semantic/solidity/test/libsolidity/semanticTests/types/mapping_enum_key_getter_v2.cairo.temp
assert '0x0000000000...0000000000011' == '0x0000000000...00000000000ef'
  - 0x00000000000000000000000000000000000000000000000000000000000000ef
  ?                                                                 ^^
  + 0x0000000000000000000000000000000000000000000000000000000000000011
  ?                                                                 ^^
tests/semantic/test_semantics.py:173 in test_semantics() -> check.equal(final_res, expected_result, cairo_file_path)
FAILURE: /home/greg/dev/nethermind/warp/tests/semantic/solidity/test/libsolidity/semanticTests/types/mapping_enum_key_getter_v2.cairo.temp
assert '0x0000000000...000000000005f' == '0x0000000000...00000000000a1'
  - 0x00000000000000000000000000000000000000000000000000000000000000a1
  ?                                                                 ^^
  + 0x000000000000000000000000000000000000000000000000000000000000005f
  ?                                                                 ^^
tests/semantic/test_semantics.py:173 in test_semantics() -> check.equal(final_res, expected_result, cairo_file_path)
FAILURE: /home/greg/dev/nethermind/warp/tests/semantic/solidity/test/libsolidity/semanticTests/types/mapping_enum_key_getter_v2.cairo.temp
assert '0x0000000000...0000000000011' == '0x0000000000...00000000000ef'
  - 0x00000000000000000000000000000000000000000000000000000000000000ef
  ?                                                                 ^^
  + 0x0000000000000000000000000000000000000000000000000000000000000011
  ?                                                                 ^^
tests/semantic/test_semantics.py:173 in test_semantics() -> check.equal(final_res, expected_result, cairo_file_path)
FAILURE: /home/greg/dev/nethermind/warp/tests/semantic/solidity/test/libsolidity/semanticTests/types/mapping_enum_key_getter_v2.cairo.temp
assert '0x0000000000...00000000000fb' == '0x0000000000...0000000000005'
  - 0x0000000000000000000000000000000000000000000000000000000000000005
  ?                                                                 ^^
  + 0x00000000000000000000000000000000000000000000000000000000000000fb
  ?                                                                 ^^
tests/semantic/test_semantics.py:173 in test_semantics() -> check.equal(final_res, expected_result, cairo_file_path)
FAILURE: /home/greg/dev/nethermind/warp/tests/semantic/solidity/test/libsolidity/semanticTests/types/mapping_enum_key_getter_v2.cairo.temp
assert '0x0000000000...0000000000011' == '0x0000000000...00000000000ef'
  - 0x00000000000000000000000000000000000000000000000000000000000000ef
  ?                                                                 ^^
  + 0x0000000000000000000000000000000000000000000000000000000000000011
  ?                                                                 ^^
tests/semantic/test_semantics.py:173 in test_semantics() -> check.equal(final_res, expected_result, cairo_file_path)
FAILURE: /home/greg/dev/nethermind/warp/tests/semantic/solidity/test/libsolidity/semanticTests/types/mapping_enum_key_getter_v2.cairo.temp
assert '0x0000000000...00000000000fb' == '0x0000000000...0000000000005'
  - 0x0000000000000000000000000000000000000000000000000000000000000005
  ?                                                                 ^^
  + 0x00000000000000000000000000000000000000000000000000000000000000fb
  ?                                                                 ^^
tests/semantic/test_semantics.py:173 in test_semantics() -> check.equal(final_res, expected_result, cairo_file_path)
------------------------------------------------------------
Failed Checks: 10
------------------------------------------------------------------------------------------------------------------- Captured stdout call -------------------------------------------------------------------------------------------------------------------
{'callData': '0xc2bc2efc0000000000000000000000000000000000000000000000000000000000000000', 'expectations': '0x0000000000000000000000000000000000000000000000000000000000000000', 'failure': False, 'signature': 'get(address)'}
{'callData': '0xf72d0b3b0000000000000000000000000000000000000000000000000000000000000001', 'expectations': '0x00000000000000000000000000000000000000000000000000000000000000a1', 'failure': False, 'signature': 'get(uint8)'}
{'callData': '0xf72d0b3b00000000000000000000000000000000000000000000000000000000000000a7', 'expectations': '0x', 'failure': True, 'signature': 'get(uint8)'}
{'callData': '0x99dbd65d6162636400000000000000000000000000000000000000000000000000000000', 'expectations': '0x6162000000000000000000000000000000000000000000000000000000000000', 'failure': False, 'signature': 'bytesToBytes(bytes4)'}
______________________________________________________________ test_semantics[/home/greg/dev/nethermind/warp/tests/semantic/solidity/test/libsolidity/semanticTests/types/mapping_simple.sol] ______________________________________________________________
FAILURE: /home/greg/dev/nethermind/warp/tests/semantic/solidity/test/libsolidity/semanticTests/types/mapping_simple.cairo.temp
assert '0x0000000000...000000000005f' == '0x0000000000...00000000000a1'
  - 0x00000000000000000000000000000000000000000000000000000000000000a1
  ?                                                                 ^^
  + 0x000000000000000000000000000000000000000000000000000000000000005f
  ?                                                                 ^^
tests/semantic/test_semantics.py:173 in test_semantics() -> check.equal(final_res, expected_result, cairo_file_path)
FAILURE: /home/greg/dev/nethermind/warp/tests/semantic/solidity/test/libsolidity/semanticTests/types/mapping_simple.cairo.temp
assert '0x0000000000...0000000000011' == '0x0000000000...00000000000ef'
  - 0x00000000000000000000000000000000000000000000000000000000000000ef
  ?                                                                 ^^
  + 0x0000000000000000000000000000000000000000000000000000000000000011
  ?                                                                 ^^
tests/semantic/test_semantics.py:173 in test_semantics() -> check.equal(final_res, expected_result, cairo_file_path)
FAILURE: /home/greg/dev/nethermind/warp/tests/semantic/solidity/test/libsolidity/semanticTests/types/mapping_simple.cairo.temp
assert '0x0000000000...000000000005f' == '0x0000000000...00000000000a1'
  - 0x00000000000000000000000000000000000000000000000000000000000000a1
  ?                                                                 ^^
  + 0x000000000000000000000000000000000000000000000000000000000000005f
  ?                                                                 ^^
tests/semantic/test_semantics.py:173 in test_semantics() -> check.equal(final_res, expected_result, cairo_file_path)
FAILURE: /home/greg/dev/nethermind/warp/tests/semantic/solidity/test/libsolidity/semanticTests/types/mapping_simple.cairo.temp
assert '0x0000000000...0000000000011' == '0x0000000000...00000000000ef'
  - 0x00000000000000000000000000000000000000000000000000000000000000ef
  ?                                                                 ^^
  + 0x0000000000000000000000000000000000000000000000000000000000000011
  ?                                                                 ^^
tests/semantic/test_semantics.py:173 in test_semantics() -> check.equal(final_res, expected_result, cairo_file_path)
FAILURE: /home/greg/dev/nethermind/warp/tests/semantic/solidity/test/libsolidity/semanticTests/types/mapping_simple.cairo.temp
assert '0x0000000000...00000000000fb' == '0x0000000000...0000000000005'
  - 0x0000000000000000000000000000000000000000000000000000000000000005
  ?                                                                 ^^
  + 0x00000000000000000000000000000000000000000000000000000000000000fb
  ?                                                                 ^^
tests/semantic/test_semantics.py:173 in test_semantics() -> check.equal(final_res, expected_result, cairo_file_path)
------------------------------------------------------------
Failed Checks: 5
------------------------------------------------------------------------------------------------------------------- Captured stdout call -------------------------------------------------------------------------------------------------------------------
{'callData': '0xf72d0b3b00000000000000000000000000000000000000000000000000000000000000a7', 'expectations': '0x0000000000000000000000000000000000000000000000000000000000000000', 'failure': False, 'signature': 'get(uint8)'}
{'callData': '0xc2bc2efc00000000000000000000000000000000000000000000000000000000000000a7', 'expectations': '0x0000000000000000000000000000000000000000000000000000000000000000', 'failure': False, 'signature': 'get(address)'}
{'callData': '0xebc2f80b00000000000000000000000000000000000000000000000000000000000000010000000000000000000000000000000000000000000000000000000000000005', 'expectations': '0x', 'failure': False, 'signature': 'set(uint8,uint8)'}
{'callData': '0xf72d0b3b0000000000000000000000000000000000000000000000000000000000000000', 'expectations': '0x00000000000000000000000000000000000000000000000000000000000000ef', 'failure': False, 'signature': 'get(uint8)'}
{'callData': '0x43f9acff000000000000000000000000000000000000000000000000000000000000000000000000000000000000000000000000000000000000000000000000000000ef', 'expectations': '0x', 'failure': False, 'signature': 'set(address,uint8)'}
{'callData': '0xf72d0b3b0000000000000000000000000000000000000000000000000000000000000001', 'expectations': '0x0000000000000000000000000000000000000000000000000000000000000005', 'failure': False, 'signature': 'get(uint8)'}
{'callData': '0xc2bc2efc0000000000000000000000000000000000000000000000000000000000000000', 'expectations': '0x00000000000000000000000000000000000000000000000000000000000000ef', 'failure': False, 'signature': 'get(address)'}
{'callData': '0xc2bc2efc0000000000000000000000000000000000000000000000000000000000000001', 'expectations': '0x00000000000000000000000000000000000000000000000000000000000000a1', 'failure': False, 'signature': 'get(address)'}
{'callData': '0xf72d0b3b00000000000000000000000000000000000000000000000000000000000000a7', 'expectations': '0x0000000000000000000000000000000000000000000000000000000000000000', 'failure': False, 'signature': 'get(uint8)'}
{'callData': '0xc2bc2efc00000000000000000000000000000000000000000000000000000000000000a7', 'expectations': '0x0000000000000000000000000000000000000000000000000000000000000000', 'failure': False, 'signature': 'get(address)'}
------------------------------------------------------------------------------------------------------------------- Captured stderr call -------------------------------------------------------------------------------------------------------------------
Warning: SPDX license identifier not provided in source file. Before publishing, consider adding a comment containing "SPDX-License-Identifier: <SPDX-License>" to each source file. Use "SPDX-License-Identifier: UNLICENSED" for non-open-source code. Please see https://spdx.org for more information.
--> tests/semantic/solidity/test/libsolidity/semanticTests/abiEncoderV2/calldata_array_dynamic_static_short_decode_marked.sol

Warning: Function state mutability can be restricted to pure
 --> tests/semantic/solidity/test/libsolidity/semanticTests/abiEncoderV2/calldata_array_dynamic_static_short_decode_marked.sol:4:5:
  |
4 |     function f(uint256[][2][] calldata x) external returns (uint256) {
  |     ^ (Relevant source part starts here and spans across multiple lines).

Warning: SPDX license identifier not provided in source file. Before publishing, consider adding a comment containing "SPDX-License-Identifier: <SPDX-License>" to each source file. Use "SPDX-License-Identifier: UNLICENSED" for non-open-source code. Please see https://spdx.org for more information.
--> tests/semantic/solidity/test/libsolidity/semanticTests/abiEncoderV2/calldata_struct_member_offset_marked.sol

Warning: SPDX license identifier not provided in source file. Before publishing, consider adding a comment containing "SPDX-License-Identifier: <SPDX-License>" to each source file. Use "SPDX-License-Identifier: UNLICENSED" for non-open-source code. Please see https://spdx.org for more information.
--> tests/semantic/solidity/test/libsolidity/semanticTests/abiEncoderV2/dynamic_arrays_marked.sol

___________________________________________________________ test_semantics[/home/greg/dev/nethermind/warp/tests/semantic/solidity/test/libsolidity/semanticTests/types/mapping_contract_key.sol] ___________________________________________________________
FAILURE: /home/greg/dev/nethermind/warp/tests/semantic/solidity/test/libsolidity/semanticTests/types/mapping_contract_key.cairo.temp
assert '0x0000000000...000000000005f' == '0x0000000000...00000000000a1'
  - 0x00000000000000000000000000000000000000000000000000000000000000a1
  ?                                                                 ^^
  + 0x000000000000000000000000000000000000000000000000000000000000005f
  ?                                                                 ^^
tests/semantic/test_semantics.py:173 in test_semantics() -> check.equal(final_res, expected_result, cairo_file_path)
FAILURE: /home/greg/dev/nethermind/warp/tests/semantic/solidity/test/libsolidity/semanticTests/types/mapping_contract_key.cairo.temp
assert '0x0000000000...0000000000011' == '0x0000000000...00000000000ef'
  - 0x00000000000000000000000000000000000000000000000000000000000000ef
  ?                                                                 ^^
  + 0x0000000000000000000000000000000000000000000000000000000000000011
  ?                                                                 ^^
tests/semantic/test_semantics.py:173 in test_semantics() -> check.equal(final_res, expected_result, cairo_file_path)
FAILURE: /home/greg/dev/nethermind/warp/tests/semantic/solidity/test/libsolidity/semanticTests/types/mapping_contract_key.cairo.temp
assert '0x0000000000...000000000005f' == '0x0000000000...00000000000a1'
  - 0x00000000000000000000000000000000000000000000000000000000000000a1
  ?                                                                 ^^
  + 0x000000000000000000000000000000000000000000000000000000000000005f
  ?                                                                 ^^
tests/semantic/test_semantics.py:173 in test_semantics() -> check.equal(final_res, expected_result, cairo_file_path)
FAILURE: /home/greg/dev/nethermind/warp/tests/semantic/solidity/test/libsolidity/semanticTests/types/mapping_contract_key.cairo.temp
assert '0x0000000000...0000000000011' == '0x0000000000...00000000000ef'
  - 0x00000000000000000000000000000000000000000000000000000000000000ef
  ?                                                                 ^^
  + 0x0000000000000000000000000000000000000000000000000000000000000011
  ?                                                                 ^^
tests/semantic/test_semantics.py:173 in test_semantics() -> check.equal(final_res, expected_result, cairo_file_path)
FAILURE: /home/greg/dev/nethermind/warp/tests/semantic/solidity/test/libsolidity/semanticTests/types/mapping_contract_key.cairo.temp
assert '0x0000000000...00000000000fb' == '0x0000000000...0000000000005'
  - 0x0000000000000000000000000000000000000000000000000000000000000005
  ?                                                                 ^^
  + 0x00000000000000000000000000000000000000000000000000000000000000fb
  ?                                                                 ^^
tests/semantic/test_semantics.py:173 in test_semantics() -> check.equal(final_res, expected_result, cairo_file_path)
------------------------------------------------------------
Failed Checks: 5
------------------------------------------------------------------------------------------------------------------- Captured stdout call -------------------------------------------------------------------------------------------------------------------
{'callData': '0x0b2550370000000000000000000000000000000000000000000000000000000000000001000000000000000000000000000000000000000000000000000000000f0f0f0f000000000000000000000000000000000000000000000000f0f0f0f0f0f0f0f0', 'expectations': '0x0000000000000000000000000000000000000001f0f0f0f00f0f0f0f0f0f0f0f', 'failure': False, 'signature': 'run(bool,uint32,uint64)'}
________________________________________ test_semantics[/home/greg/dev/nethermind/warp/tests/semantic/solidity/test/libsolidity/semanticTests/abiEncoderV2/abi_encode_v2_in_function_inherited_in_v1_contract.sol] _________________________________________
tests/semantic/test_semantics.py:126: in test_semantics
    contract_file, get_last_contract(contract_file)
../../../warp_dev/lib/python3.7/site-packages/sol_warp-0.2.12-py3.7.egg/yul/main.py:49: in transpile_from_solidity
    output = get_for_contract(sol_src_path_modified, main_contract, ["abi"])
../../../warp_dev/lib/python3.7/site-packages/sol_warp-0.2.12-py3.7.egg/yul/utils.py:136: in get_for_contract
    get_source_version(sol_source)
../../../warp_dev/lib/python3.7/site-packages/sol_warp-0.2.12-py3.7.egg/yul/utils.py:146: in get_source_version
    with open(sol_source) as f:
E   FileNotFoundError: [Errno 2] No such file or directory: '/home/greg/dev/nethermind/warp/tests/semantic/solidity/test/libsolidity/semanticTests/abiEncoderV2/abi_encode_v2_in_function_inherited_in_v1_contract_marked.sol'
_________________________________________________________ test_semantics[/home/greg/dev/nethermind/warp/tests/semantic/solidity/test/libsolidity/semanticTests/types/packing_unpacking_types.sol] __________________________________________________________
FAILURE: /home/greg/dev/nethermind/warp/tests/semantic/solidity/test/libsolidity/semanticTests/types/packing_unpacking_types.cairo.temp
assert '0x0000000000...0f0f0f0f0f0f1' == '0x0000000000...f0f0f0f0f0f0f'
  - 0x0000000000000000000000000000000000000001f0f0f0f00f0f0f0f0f0f0f0f
  ?                                          ^       --
  + 0x00000000000000000000000000000000000000000f0f0f0ff0f0f0f0f0f0f0f1
  ?                                          ^^                      +
tests/semantic/test_semantics.py:173 in test_semantics() -> check.equal(final_res, expected_result, cairo_file_path)
------------------------------------------------------------
Failed Checks: 1
___________________________________________ test_semantics[/home/greg/dev/nethermind/warp/tests/semantic/solidity/test/libsolidity/semanticTests/abiEncoderV2/abi_encode_v2_in_modifier_used_in_v1_contract.sol] ___________________________________________
tests/semantic/test_semantics.py:126: in test_semantics
    contract_file, get_last_contract(contract_file)
../../../warp_dev/lib/python3.7/site-packages/sol_warp-0.2.12-py3.7.egg/yul/main.py:49: in transpile_from_solidity
    output = get_for_contract(sol_src_path_modified, main_contract, ["abi"])
../../../warp_dev/lib/python3.7/site-packages/sol_warp-0.2.12-py3.7.egg/yul/utils.py:136: in get_for_contract
    get_source_version(sol_source)
../../../warp_dev/lib/python3.7/site-packages/sol_warp-0.2.12-py3.7.egg/yul/utils.py:146: in get_source_version
    with open(sol_source) as f:
E   FileNotFoundError: [Errno 2] No such file or directory: '/home/greg/dev/nethermind/warp/tests/semantic/solidity/test/libsolidity/semanticTests/abiEncoderV2/abi_encode_v2_in_modifier_used_in_v1_contract_marked.sol'
___________________________________________________ test_semantics[/home/greg/dev/nethermind/warp/tests/semantic/solidity/test/libsolidity/semanticTests/abiEncoderV2/calldata_array_function_types.sol] ___________________________________________________
tests/semantic/test_semantics.py:126: in test_semantics
    contract_file, get_last_contract(contract_file)
../../../warp_dev/lib/python3.7/site-packages/sol_warp-0.2.12-py3.7.egg/yul/main.py:53: in transpile_from_solidity
    codes = json.loads(result.stdout)
/usr/lib/python3.7/json/__init__.py:348: in loads
    return _default_decoder.decode(s)
/usr/lib/python3.7/json/decoder.py:337: in decode
    obj, end = self.raw_decode(s, idx=_w(s, 0).end())
/usr/lib/python3.7/json/decoder.py:355: in raw_decode
    raise JSONDecodeError("Expecting value", s, err.value) from None
E   json.decoder.JSONDecodeError: Expecting value: line 1 column 1 (char 0)
------------------------------------------------------------------------------------------------------------------- Captured stdout call -------------------------------------------------------------------------------------------------------------------
{'callData': '0x01042a060000000000000000000000000000000000000000000000000000000000000000', 'expectations': '0x00000000000000000000000000000000000000000000000000000000000000ef', 'failure': False, 'signature': 'table(address)'}
{'callData': '0x01042a060000000000000000000000000000000000000000000000000000000000000001', 'expectations': '0x0000000000000000000000000000000000000000000000000000000000000005', 'failure': False, 'signature': 'table(address)'}
------------------------------------------------------------------------------------------------------------------- Captured stderr call -------------------------------------------------------------------------------------------------------------------
Warning: SPDX license identifier not provided in source file. Before publishing, consider adding a comment containing "SPDX-License-Identifier: <SPDX-License>" to each source file. Use "SPDX-License-Identifier: UNLICENSED" for non-open-source code. Please see https://spdx.org for more information.
--> tests/semantic/solidity/test/libsolidity/semanticTests/abiEncoderV2/calldata_array_function_types_marked.sol

Warning: Function state mutability can be restricted to pure
  --> tests/semantic/solidity/test/libsolidity/semanticTests/abiEncoderV2/calldata_array_function_types_marked.sol:11:5:
   |
11 |     function getter1() external returns (uint) {
   |     ^ (Relevant source part starts here and spans across multiple lines).

Warning: Function state mutability can be restricted to pure
  --> tests/semantic/solidity/test/libsolidity/semanticTests/abiEncoderV2/calldata_array_function_types_marked.sol:14:5:
   |
14 |     function getter2() external returns (uint) {
   |     ^ (Relevant source part starts here and spans across multiple lines).

Warning: Function state mutability can be restricted to pure
  --> tests/semantic/solidity/test/libsolidity/semanticTests/abiEncoderV2/calldata_array_function_types_marked.sol:17:5:
   |
17 |     function getter3() external returns (uint) {
   |     ^ (Relevant source part starts here and spans across multiple lines).

_______________________________________________________ test_semantics[/home/greg/dev/nethermind/warp/tests/semantic/solidity/test/libsolidity/semanticTests/types/mapping_contract_key_getter.sol] ________________________________________________________
FAILURE: /home/greg/dev/nethermind/warp/tests/semantic/solidity/test/libsolidity/semanticTests/types/mapping_contract_key_getter.cairo.temp
assert '0x0000000000...000000000005f' == '0x0000000000...00000000000a1'
  - 0x00000000000000000000000000000000000000000000000000000000000000a1
  ?                                                                 ^^
  + 0x000000000000000000000000000000000000000000000000000000000000005f
  ?                                                                 ^^
tests/semantic/test_semantics.py:173 in test_semantics() -> check.equal(final_res, expected_result, cairo_file_path)
FAILURE: /home/greg/dev/nethermind/warp/tests/semantic/solidity/test/libsolidity/semanticTests/types/mapping_contract_key_getter.cairo.temp
assert '0x0000000000...000000000005f' == '0x0000000000...00000000000a1'
  - 0x00000000000000000000000000000000000000000000000000000000000000a1
  ?                                                                 ^^
  + 0x000000000000000000000000000000000000000000000000000000000000005f
  ?                                                                 ^^
tests/semantic/test_semantics.py:173 in test_semantics() -> check.equal(final_res, expected_result, cairo_file_path)
FAILURE: /home/greg/dev/nethermind/warp/tests/semantic/solidity/test/libsolidity/semanticTests/types/mapping_contract_key_getter.cairo.temp
assert '0x0000000000...0000000000011' == '0x0000000000...00000000000ef'
  - 0x00000000000000000000000000000000000000000000000000000000000000ef
  ?                                                                 ^^
  + 0x0000000000000000000000000000000000000000000000000000000000000011
  ?                                                                 ^^
tests/semantic/test_semantics.py:173 in test_semantics() -> check.equal(final_res, expected_result, cairo_file_path)
FAILURE: /home/greg/dev/nethermind/warp/tests/semantic/solidity/test/libsolidity/semanticTests/types/mapping_contract_key_getter.cairo.temp
assert '0x0000000000...000000000005f' == '0x0000000000...00000000000a1'
  - 0x00000000000000000000000000000000000000000000000000000000000000a1
  ?                                                                 ^^
  + 0x000000000000000000000000000000000000000000000000000000000000005f
  ?                                                                 ^^
tests/semantic/test_semantics.py:173 in test_semantics() -> check.equal(final_res, expected_result, cairo_file_path)
FAILURE: /home/greg/dev/nethermind/warp/tests/semantic/solidity/test/libsolidity/semanticTests/types/mapping_contract_key_getter.cairo.temp
assert '0x0000000000...0000000000011' == '0x0000000000...00000000000ef'
  - 0x00000000000000000000000000000000000000000000000000000000000000ef
  ?                                                                 ^^
  + 0x0000000000000000000000000000000000000000000000000000000000000011
  ?                                                                 ^^
tests/semantic/test_semantics.py:173 in test_semantics() -> check.equal(final_res, expected_result, cairo_file_path)
FAILURE: /home/greg/dev/nethermind/warp/tests/semantic/solidity/test/libsolidity/semanticTests/types/mapping_contract_key_getter.cairo.temp
assert '0x0000000000...000000000005f' == '0x0000000000...00000000000a1'
  - 0x00000000000000000000000000000000000000000000000000000000000000a1
  ?                                                                 ^^
  + 0x000000000000000000000000000000000000000000000000000000000000005f
  ?                                                                 ^^
tests/semantic/test_semantics.py:173 in test_semantics() -> check.equal(final_res, expected_result, cairo_file_path)
FAILURE: /home/greg/dev/nethermind/warp/tests/semantic/solidity/test/libsolidity/semanticTests/types/mapping_contract_key_getter.cairo.temp
assert '0x0000000000...0000000000011' == '0x0000000000...00000000000ef'
  - 0x00000000000000000000000000000000000000000000000000000000000000ef
  ?                                                                 ^^
  + 0x0000000000000000000000000000000000000000000000000000000000000011
  ?                                                                 ^^
tests/semantic/test_semantics.py:173 in test_semantics() -> check.equal(final_res, expected_result, cairo_file_path)
FAILURE: /home/greg/dev/nethermind/warp/tests/semantic/solidity/test/libsolidity/semanticTests/types/mapping_contract_key_getter.cairo.temp
assert '0x0000000000...00000000000fb' == '0x0000000000...0000000000005'
  - 0x0000000000000000000000000000000000000000000000000000000000000005
  ?                                                                 ^^
  + 0x00000000000000000000000000000000000000000000000000000000000000fb
  ?                                                                 ^^
tests/semantic/test_semantics.py:173 in test_semantics() -> check.equal(final_res, expected_result, cairo_file_path)
FAILURE: /home/greg/dev/nethermind/warp/tests/semantic/solidity/test/libsolidity/semanticTests/types/mapping_contract_key_getter.cairo.temp
assert '0x0000000000...0000000000011' == '0x0000000000...00000000000ef'
  - 0x00000000000000000000000000000000000000000000000000000000000000ef
  ?                                                                 ^^
  + 0x0000000000000000000000000000000000000000000000000000000000000011
  ?                                                                 ^^
tests/semantic/test_semantics.py:173 in test_semantics() -> check.equal(final_res, expected_result, cairo_file_path)
FAILURE: /home/greg/dev/nethermind/warp/tests/semantic/solidity/test/libsolidity/semanticTests/types/mapping_contract_key_getter.cairo.temp
assert '0x0000000000...00000000000fb' == '0x0000000000...0000000000005'
  - 0x0000000000000000000000000000000000000000000000000000000000000005
  ?                                                                 ^^
  + 0x00000000000000000000000000000000000000000000000000000000000000fb
  ?                                                                 ^^
tests/semantic/test_semantics.py:173 in test_semantics() -> check.equal(final_res, expected_result, cairo_file_path)
------------------------------------------------------------
Failed Checks: 10
------------------------------------------------------------------------------------------------------------------- Captured stdout call -------------------------------------------------------------------------------------------------------------------
{'callData': '0x01042a0600000000000000000000000000000000000000000000000000000000000000a7', 'expectations': '0x0000000000000000000000000000000000000000000000000000000000000000', 'failure': False, 'signature': 'table(address)'}
{'callData': '0xc2bc2efc0000000000000000000000000000000000000000000000000000000000000000', 'expectations': '0x00000000000000000000000000000000000000000000000000000000000000ef', 'failure': False, 'signature': 'get(address)'}
{'callData': '0xc2bc2efc0000000000000000000000000000000000000000000000000000000000000001', 'expectations': '0x0000000000000000000000000000000000000000000000000000000000000005', 'failure': False, 'signature': 'get(address)'}
{'callData': '0xc2bc2efc00000000000000000000000000000000000000000000000000000000000000a7', 'expectations': '0x0000000000000000000000000000000000000000000000000000000000000000', 'failure': False, 'signature': 'get(address)'}
------------------------------------------------------------------------------------------------------------------- Captured stderr call -------------------------------------------------------------------------------------------------------------------
Warning: SPDX license identifier not provided in source file. Before publishing, consider adding a comment containing "SPDX-License-Identifier: <SPDX-License>" to each source file. Use "SPDX-License-Identifier: UNLICENSED" for non-open-source code. Please see https://spdx.org for more information.
--> tests/semantic/solidity/test/libsolidity/semanticTests/abiEncoderV2/enums_marked.sol

__________________________________________________________ test_semantics[/home/greg/dev/nethermind/warp/tests/semantic/solidity/test/libsolidity/semanticTests/abiEncoderV2/calldata_array.sol] ___________________________________________________________
../../../warp_dev/lib/python3.7/site-packages/cairo_lang-0.6.2-py3.7.egg/starkware/starknet/business_logic/internal_transaction.py:539: in _run
    verify_secure=True,
../../../warp_dev/lib/python3.7/site-packages/cairo_lang-0.6.2-py3.7.egg/starkware/cairo/common/cairo_function_runner.py:199: in run_from_entrypoint
    self.run_until_pc(addr=end, run_resources=run_resources)
../../../warp_dev/lib/python3.7/site-packages/cairo_lang-0.6.2-py3.7.egg/starkware/cairo/lang/vm/cairo_runner.py:284: in run_until_pc
    self.vm_step()
../../../warp_dev/lib/python3.7/site-packages/cairo_lang-0.6.2-py3.7.egg/starkware/cairo/lang/vm/cairo_runner.py:298: in vm_step
    self.vm.step()
../../../warp_dev/lib/python3.7/site-packages/cairo_lang-0.6.2-py3.7.egg/starkware/cairo/lang/vm/virtual_machine_base.py:255: in step
    self.run_instruction(instruction)
../../../warp_dev/lib/python3.7/site-packages/cairo_lang-0.6.2-py3.7.egg/starkware/cairo/lang/vm/vm_core.py:422: in run_instruction
    raise self.as_vm_exception(exc) from None
E   starkware.cairo.lang.vm.vm_exceptions.VmException: /home/greg/dev/nethermind/warp/tests/semantic/solidity/test/libsolidity/semanticTests/abiEncoderV2/calldata_array.cairo.temp:103:9: Error at pc=0:2535:
E   An ASSERT_EQ instruction failed: 1 != 0.
E           assert 0 = 1
E           ^**********^
E   Cairo traceback (most recent call last):
E   /home/greg/dev/nethermind/warp/tests/semantic/solidity/test/libsolidity/semanticTests/abiEncoderV2/calldata_array.cairo.temp:43:6: (pc=0:2355)
E   func __main{bitwise_ptr : BitwiseBuiltin*, range_check_ptr, syscall_ptr : felt*}(
E        ^****^
E   /home/greg/dev/nethermind/warp/tests/semantic/solidity/test/libsolidity/semanticTests/abiEncoderV2/calldata_array.cairo.temp:56:9: (pc=0:2297)
E           __main_meat()
E           ^***********^
E   /home/greg/dev/nethermind/warp/tests/semantic/solidity/test/libsolidity/semanticTests/abiEncoderV2/calldata_array.cairo.temp:813:5: (pc=0:5319)
E       __warp_if_3(__warp_subexpr_0)
E       ^***************************^
E   /home/greg/dev/nethermind/warp/tests/semantic/solidity/test/libsolidity/semanticTests/abiEncoderV2/calldata_array.cairo.temp:798:9: (pc=0:5274)
E           __warp_block_3()
E           ^**************^
E   /home/greg/dev/nethermind/warp/tests/semantic/solidity/test/libsolidity/semanticTests/abiEncoderV2/calldata_array.cairo.temp:788:5: (pc=0:5251)
E       __warp_block_4()
E       ^**************^
E   /home/greg/dev/nethermind/warp/tests/semantic/solidity/test/libsolidity/semanticTests/abiEncoderV2/calldata_array.cairo.temp:780:5: (pc=0:5239)
E       __warp_block_5(match_var)
E       ^***********************^
E   /home/greg/dev/nethermind/warp/tests/semantic/solidity/test/libsolidity/semanticTests/abiEncoderV2/calldata_array.cairo.temp:770:5: (pc=0:5205)
E       __warp_if_4(__warp_subexpr_0, match_var)
E       ^**************************************^
E   /home/greg/dev/nethermind/warp/tests/semantic/solidity/test/libsolidity/semanticTests/abiEncoderV2/calldata_array.cairo.temp:757:9: (pc=0:5180)
E           __warp_block_6()
E           ^**************^
E   /home/greg/dev/nethermind/warp/tests/semantic/solidity/test/libsolidity/semanticTests/abiEncoderV2/calldata_array.cairo.temp:707:41: (pc=0:4989)
E       let (ret__warp_mangled : Uint256) = fun_f(__warp_subexpr_7)
E                                           ^*********************^
E   /home/greg/dev/nethermind/warp/tests/semantic/solidity/test/libsolidity/semanticTests/abiEncoderV2/calldata_array.cairo.temp:531:34: (pc=0:4124)
E           expr_length : Uint256) = calldata_array_index_access_uint256_dyn_calldata_calldata(
E                                    ^********************************************************^

During handling of the above exception, another exception occurred:
tests/semantic/test_semantics.py:161: in test_semantics
    res = await invoke_method_evm_calldata(starknet, contract_address, argument)
../../../warp_dev/lib/python3.7/site-packages/sol_warp-0.2.12-py3.7.egg/yul/starknet_utils.py:30: in invoke_method_evm_calldata
    caller_address=0,
../../../warp_dev/lib/python3.7/site-packages/cairo_lang-0.6.2-py3.7.egg/starkware/starknet/testing/state.py:153: in invoke_raw
    state=state_copy, general_config=self.general_config
../../../warp_dev/lib/python3.7/site-packages/cairo_lang-0.6.2-py3.7.egg/starkware/starknet/business_logic/internal_transaction_interface.py:213: in apply_state_updates
    state=state_to_update, general_config=general_config
../../../warp_dev/lib/python3.7/site-packages/cairo_lang-0.6.2-py3.7.egg/starkware/starknet/business_logic/internal_transaction.py:405: in _apply_specific_state_updates
    func=_synchronous_apply_specific_state_updates,
/usr/lib/python3.7/concurrent/futures/thread.py:57: in run
    result = self.fn(*self.args, **self.kwargs)
../../../warp_dev/lib/python3.7/site-packages/cairo_lang-0.6.2-py3.7.egg/starkware/starknet/business_logic/internal_transaction.py:433: in _synchronous_apply_specific_state_updates
    run_resources=run_resources,
../../../warp_dev/lib/python3.7/site-packages/cairo_lang-0.6.2-py3.7.egg/starkware/starknet/business_logic/internal_transaction.py:559: in _run
    raise StarkException(code=code, message=str(exception))
E   starkware.starkware_utils.error_handling.StarkException: (500, {'code': <StarknetErrorCode.TRANSACTION_FAILED: 28>, 'message': '/home/greg/dev/nethermind/warp/tests/semantic/solidity/test/libsolidity/semanticTests/abiEncoderV2/calldata_array.cairo.temp:103:9: Error at pc=0:2535:\nAn ASSERT_EQ instruction failed: 1 != 0.\n        assert 0 = 1\n        ^**********^\nCairo traceback (most recent call last):\n/home/greg/dev/nethermind/warp/tests/semantic/solidity/test/libsolidity/semanticTests/abiEncoderV2/calldata_array.cairo.temp:43:6: (pc=0:2355)\nfunc __main{bitwise_ptr : BitwiseBuiltin*, range_check_ptr, syscall_ptr : felt*}(\n     ^****^\n/home/greg/dev/nethermind/warp/tests/semantic/solidity/test/libsolidity/semanticTests/abiEncoderV2/calldata_array.cairo.temp:56:9: (pc=0:2297)\n        __main_meat()\n        ^***********^\n/home/greg/dev/nethermind/warp/tests/semantic/solidity/test/libsolidity/semanticTests/abiEncoderV2/calldata_array.cairo.temp:813:5: (pc=0:5319)\n    __warp_if_3(__warp_subexpr_0)\n    ^***************************^\n/home/greg/dev/nethermind/warp/tests/semantic/solidity/test/libsolidity/semanticTests/abiEncoderV2/calldata_array.cairo.temp:798:9: (pc=0:5274)\n        __warp_block_3()\n        ^**************^\n/home/greg/dev/nethermind/warp/tests/semantic/solidity/test/libsolidity/semanticTests/abiEncoderV2/calldata_array.cairo.temp:788:5: (pc=0:5251)\n    __warp_block_4()\n    ^**************^\n/home/greg/dev/nethermind/warp/tests/semantic/solidity/test/libsolidity/semanticTests/abiEncoderV2/calldata_array.cairo.temp:780:5: (pc=0:5239)\n    __warp_block_5(match_var)\n    ^***********************^\n/home/greg/dev/nethermind/warp/tests/semantic/solidity/test/libsolidity/semanticTests/abiEncoderV2/calldata_array.cairo.temp:770:5: (pc=0:5205)\n    __warp_if_4(__warp_subexpr_0, match_var)\n    ^**************************************^\n/home/greg/dev/nethermind/warp/tests/semantic/solidity/test/libsolidity/semanticTests/abiEncoderV2/calldata_array.cairo.temp:757:9: (pc=0:5180)\n        __warp_block_6()\n        ^**************^\n/home/greg/dev/nethermind/warp/tests/semantic/solidity/test/libsolidity/semanticTests/abiEncoderV2/calldata_array.cairo.temp:707:41: (pc=0:4989)\n    let (ret__warp_mangled : Uint256) = fun_f(__warp_subexpr_7)\n                                        ^*********************^\n/home/greg/dev/nethermind/warp/tests/semantic/solidity/test/libsolidity/semanticTests/abiEncoderV2/calldata_array.cairo.temp:531:34: (pc=0:4124)\n        expr_length : Uint256) = calldata_array_index_access_uint256_dyn_calldata_calldata(\n                                 ^********************************************************^'})
------------------------------------------------------------------------------------------------------------------- Captured stdout call -------------------------------------------------------------------------------------------------------------------
{'callData': '0xca075ae8000000000000000000000000000000000000000000000000000000000000002000000000000000000000000000000000000000000000000000000000000000030000000000000000000000000000000000000000000000000000000000000017000000000000000000000000000000000000000000000000000000000000002a0000000000000000000000000000000000000000000000000000000000000057', 'expectations': '0x000000000000000000000000000000000000000000000000000000000000002000000000000000000000000000000000000000000000000000000000000000a0000000000000000000000000000000000000000000000000000000000000002000000000000000000000000000000000000000000000000000000000000000030000000000000000000000000000000000000000000000000000000000000017000000000000000000000000000000000000000000000000000000000000002a0000000000000000000000000000000000000000000000000000000000000057', 'failure': False, 'signature': 'h(uint8[])'}
{'callData': '0x397cf2ca000000000000000000000000000000000000000000000000000000000000002000000000000000000000000000000000000000000000000000000000000000200000000000000000000000000000000000000000000000000000000000000003000000000000000000000000000000000000000000000000000000000000002a00000000000000000000000000000000000000000000000000000000000000170000000000000000000000000000000000000000000000000000000000000011', 'expectations': '0x000000000000000000000000000000000000000000000000000000000000002000000000000000000000000000000000000000000000000000000000000000c0000000000000000000000000000000000000000000000000000000000000002000000000000000000000000000000000000000000000000000000000000000200000000000000000000000000000000000000000000000000000000000000003000000000000000000000000000000000000000000000000000000000000002a00000000000000000000000000000000000000000000000000000000000000170000000000000000000000000000000000000000000000000000000000000011', 'failure': False, 'signature': 'g((uint256[]))'}
{'callData': '0xb2e92947000000000000000000000000000000000000000000000000000000000000002000000000000000000000000000000000000000000000000000000000000000030000000000000000000000000000000000000000000000000000000000000017000000000000000000000000000000000000000000000000000000000000002a0000000000000000000000000000000000000000000000000000000000000057', 'expectations': '0x000000000000000000000000000000000000000000000000000000000000002000000000000000000000000000000000000000000000000000000000000000a0000000000000000000000000000000000000000000000000000000000000002000000000000000000000000000000000000000000000000000000000000000030000000000000000000000000000000000000000000000000000000000000017000000000000000000000000000000000000000000000000000000000000002a0000000000000000000000000000000000000000000000000000000000000057', 'failure': False, 'signature': 'i(uint8[])'}
{'callData': '0x0116eaba000000000000000000000000000000000000000000000000000000000000002000000000000000000000000000000000000000000000000000000000000000200000000000000000000000000000000000000000000000000000000000000000', 'expectations': '0x0000000000000000000000000000000000000000000000000000000000000001', 'failure': False, 'signature': 'f(uint256[][1])'}
------------------------------------------------------------------------------------------------------------------- Captured stderr call -------------------------------------------------------------------------------------------------------------------
Warning: SPDX license identifier not provided in source file. Before publishing, consider adding a comment containing "SPDX-License-Identifier: <SPDX-License>" to each source file. Use "SPDX-License-Identifier: UNLICENSED" for non-open-source code. Please see https://spdx.org for more information.
--> tests/semantic/solidity/test/libsolidity/semanticTests/abiEncoderV2/cleanup/intx_marked.sol

__________________________________________________________ test_semantics[/home/greg/dev/nethermind/warp/tests/semantic/solidity/test/libsolidity/semanticTests/abiEncoderV2/cleanup/address.sol] __________________________________________________________
FAILURE: /home/greg/dev/nethermind/warp/tests/semantic/solidity/test/libsolidity/semanticTests/abiEncoderV2/cleanup/address.cairo.temp
assert '0x0000000000...0000000000000' == '0x0000000000...0000000000000'
  - 0x0000000000000000000000000000000000000000000000000000000000000000
  + 0x0000000000000000000000010000000000000000000000000000000000000000
tests/semantic/test_semantics.py:173 in test_semantics() -> check.equal(final_res, expected_result, cairo_file_path)
------------------------------------------------------------
Failed Checks: 1
------------------------------------------------------------
tests/semantic/test_semantics.py:159: in test_semantics
    await invoke_method_evm_calldata(starknet, contract_address, argument)
E   Failed: DID NOT RAISE <class 'Exception'>
------------------------------------------------------------------------------------------------------------------- Captured stdout call -------------------------------------------------------------------------------------------------------------------
{'callData': '0xb3de648b0000000000000000000000000000000000000000000000000000000000000002', 'expectations': '0x0000000000000000000000000000000000000000000000000000000000000002', 'failure': False, 'signature': 'f(uint256)'}
{'callData': '0x6f4e838300000000000000000000000000000000000000000000000000000000000000200000000000000000000000000000000000000000000000000000000000000002000000000000000000000000000000000000000000000000000000000000004000000000000000000000000000000000000000000000000000000000000000c00000000000000000000000000000000000000000000000000000000000000003000000000000000000000000000000000000000000000000000000000000000d000000000000000000000000000000000000000000000000000000000000001100000000000000000000000000000000000000000000000000000000000000170000000000000000000000000000000000000000000000000000000000000004000000000000000000000000000000000000000000000000000000000000001b000000000000000000000000000000000000000000000000000000000000001f00000000000000000000000000000000000000000000000000000000000000250000000000000000000000000000000000000000000000000000000000000029', 'expectations': '0x000000000000000000000000000000000000000000000000000000000000002000000000000000000000000000000000000000000000000000000000000001a000000000000000000000000000000000000000000000000000000000000000200000000000000000000000000000000000000000000000000000000000000002000000000000000000000000000000000000000000000000000000000000004000000000000000000000000000000000000000000000000000000000000000c00000000000000000000000000000000000000000000000000000000000000003000000000000000000000000000000000000000000000000000000000000000d000000000000000000000000000000000000000000000000000000000000001100000000000000000000000000000000000000000000000000000000000000170000000000000000000000000000000000000000000000000000000000000004000000000000000000000000000000000000000000000000000000000000001b000000000000000000000000000000000000000000000000000000000000001f00000000000000000000000000000000000000000000000000000000000000250000000000000000000000000000000000000000000000000000000000000029', 'failure': False, 'signature': 'i(uint8[][])'}
{'callData': '0xcadaacbf0000000000000000000000000000000000000000000000000000000000000002', 'expectations': '0x0000000000000000000000000000000000000000000000000000000000000002', 'failure': False, 'signature': 'g(address)'}
{'callData': '0xb3de648b000000000000000000000000abcdef0123456789abcdef0123456789abcdefff', 'expectations': '0x000000000000000000000000abcdef0123456789abcdef0123456789abcdefff', 'failure': False, 'signature': 'f(uint256)'}
{'callData': '0xcadaacbf000000000000000000000000abcdef0123456789abcdef0123456789abcdefff', 'expectations': '0x000000000000000000000000abcdef0123456789abcdef0123456789abcdefff', 'failure': False, 'signature': 'g(address)'}
{'callData': '0xb3de648b000000000000000000000000ffffffffffffffffffffffffffffffffffffffff', 'expectations': '0x000000000000000000000000ffffffffffffffffffffffffffffffffffffffff', 'failure': False, 'signature': 'f(uint256)'}
{'callData': '0xcadaacbf000000000000000000000000ffffffffffffffffffffffffffffffffffffffff', 'expectations': '0x000000000000000000000000ffffffffffffffffffffffffffffffffffffffff', 'failure': False, 'signature': 'g(address)'}
{'callData': '0xb3de648b0000000000000000000000010000000000000000000000000000000000000000', 'expectations': '0x0000000000000000000000000000000000000000000000000000000000000000', 'failure': False, 'signature': 'f(uint256)'}
{'callData': '0xcadaacbf0000000000000000000000010000000000000000000000000000000000000000', 'expectations': '0x', 'failure': True, 'signature': 'g(address)'}
------------------------------------------------------------------------------------------------------------------- Captured stderr call -------------------------------------------------------------------------------------------------------------------
Warning: SPDX license identifier not provided in source file. Before publishing, consider adding a comment containing "SPDX-License-Identifier: <SPDX-License>" to each source file. Use "SPDX-License-Identifier: UNLICENSED" for non-open-source code. Please see https://spdx.org for more information.
--> tests/semantic/solidity/test/libsolidity/semanticTests/abiEncoderV2/struct/validation_function_type_inside_struct_marked.sol

__________________________________________________________ test_semantics[/home/greg/dev/nethermind/warp/tests/semantic/solidity/test/libsolidity/semanticTests/abiEncoderV2/cleanup/cleanup.sol] __________________________________________________________
../../../warp_dev/lib/python3.7/site-packages/cairo_lang-0.6.2-py3.7.egg/starkware/starknet/business_logic/internal_transaction.py:539: in _run
    verify_secure=True,
../../../warp_dev/lib/python3.7/site-packages/cairo_lang-0.6.2-py3.7.egg/starkware/cairo/common/cairo_function_runner.py:199: in run_from_entrypoint
    self.run_until_pc(addr=end, run_resources=run_resources)
../../../warp_dev/lib/python3.7/site-packages/cairo_lang-0.6.2-py3.7.egg/starkware/cairo/lang/vm/cairo_runner.py:284: in run_until_pc
    self.vm_step()
../../../warp_dev/lib/python3.7/site-packages/cairo_lang-0.6.2-py3.7.egg/starkware/cairo/lang/vm/cairo_runner.py:298: in vm_step
    self.vm.step()
../../../warp_dev/lib/python3.7/site-packages/cairo_lang-0.6.2-py3.7.egg/starkware/cairo/lang/vm/virtual_machine_base.py:255: in step
    self.run_instruction(instruction)
../../../warp_dev/lib/python3.7/site-packages/cairo_lang-0.6.2-py3.7.egg/starkware/cairo/lang/vm/vm_core.py:422: in run_instruction
    raise self.as_vm_exception(exc) from None
E   starkware.cairo.lang.vm.vm_exceptions.VmException: /home/greg/dev/nethermind/warp/tests/semantic/solidity/test/libsolidity/semanticTests/abiEncoderV2/cleanup/cleanup.cairo.temp:123:9: Error at pc=0:2262:
E   An ASSERT_EQ instruction failed: 1 != 0.
E           assert 0 = 1
E           ^**********^
E   Cairo traceback (most recent call last):
E   /home/greg/dev/nethermind/warp/tests/semantic/solidity/test/libsolidity/semanticTests/abiEncoderV2/cleanup/cleanup.cairo.temp:35:6: (pc=0:2006)
E   func __main{bitwise_ptr : BitwiseBuiltin*, range_check_ptr}(
E        ^****^
E   /home/greg/dev/nethermind/warp/tests/semantic/solidity/test/libsolidity/semanticTests/abiEncoderV2/cleanup/cleanup.cairo.temp:48:9: (pc=0:1951)
E           __main_meat()
E           ^***********^
E   /home/greg/dev/nethermind/warp/tests/semantic/solidity/test/libsolidity/semanticTests/abiEncoderV2/cleanup/cleanup.cairo.temp:189:5: (pc=0:2494)
E       __warp_if_0(__warp_subexpr_0)
E       ^***************************^
E   /home/greg/dev/nethermind/warp/tests/semantic/solidity/test/libsolidity/semanticTests/abiEncoderV2/cleanup/cleanup.cairo.temp:174:9: (pc=0:2450)
E           __warp_block_0()
E           ^**************^
E   /home/greg/dev/nethermind/warp/tests/semantic/solidity/test/libsolidity/semanticTests/abiEncoderV2/cleanup/cleanup.cairo.temp:165:5: (pc=0:2429)
E       __warp_if_1(__warp_subexpr_0)
E       ^***************************^
E   /home/greg/dev/nethermind/warp/tests/semantic/solidity/test/libsolidity/semanticTests/abiEncoderV2/cleanup/cleanup.cairo.temp:151:9: (pc=0:2386)
E           __warp_block_1()
E           ^**************^

During handling of the above exception, another exception occurred:
tests/semantic/test_semantics.py:161: in test_semantics
    res = await invoke_method_evm_calldata(starknet, contract_address, argument)
../../../warp_dev/lib/python3.7/site-packages/sol_warp-0.2.12-py3.7.egg/yul/starknet_utils.py:30: in invoke_method_evm_calldata
    caller_address=0,
../../../warp_dev/lib/python3.7/site-packages/cairo_lang-0.6.2-py3.7.egg/starkware/starknet/testing/state.py:153: in invoke_raw
    state=state_copy, general_config=self.general_config
../../../warp_dev/lib/python3.7/site-packages/cairo_lang-0.6.2-py3.7.egg/starkware/starknet/business_logic/internal_transaction_interface.py:213: in apply_state_updates
    state=state_to_update, general_config=general_config
../../../warp_dev/lib/python3.7/site-packages/cairo_lang-0.6.2-py3.7.egg/starkware/starknet/business_logic/internal_transaction.py:405: in _apply_specific_state_updates
    func=_synchronous_apply_specific_state_updates,
/usr/lib/python3.7/concurrent/futures/thread.py:57: in run
    result = self.fn(*self.args, **self.kwargs)
../../../warp_dev/lib/python3.7/site-packages/cairo_lang-0.6.2-py3.7.egg/starkware/starknet/business_logic/internal_transaction.py:433: in _synchronous_apply_specific_state_updates
    run_resources=run_resources,
../../../warp_dev/lib/python3.7/site-packages/cairo_lang-0.6.2-py3.7.egg/starkware/starknet/business_logic/internal_transaction.py:559: in _run
    raise StarkException(code=code, message=str(exception))
E   starkware.starkware_utils.error_handling.StarkException: (500, {'code': <StarknetErrorCode.TRANSACTION_FAILED: 28>, 'message': '/home/greg/dev/nethermind/warp/tests/semantic/solidity/test/libsolidity/semanticTests/abiEncoderV2/cleanup/cleanup.cairo.temp:123:9: Error at pc=0:2262:\nAn ASSERT_EQ instruction failed: 1 != 0.\n        assert 0 = 1\n        ^**********^\nCairo traceback (most recent call last):\n/home/greg/dev/nethermind/warp/tests/semantic/solidity/test/libsolidity/semanticTests/abiEncoderV2/cleanup/cleanup.cairo.temp:35:6: (pc=0:2006)\nfunc __main{bitwise_ptr : BitwiseBuiltin*, range_check_ptr}(\n     ^****^\n/home/greg/dev/nethermind/warp/tests/semantic/solidity/test/libsolidity/semanticTests/abiEncoderV2/cleanup/cleanup.cairo.temp:48:9: (pc=0:1951)\n        __main_meat()\n        ^***********^\n/home/greg/dev/nethermind/warp/tests/semantic/solidity/test/libsolidity/semanticTests/abiEncoderV2/cleanup/cleanup.cairo.temp:189:5: (pc=0:2494)\n    __warp_if_0(__warp_subexpr_0)\n    ^***************************^\n/home/greg/dev/nethermind/warp/tests/semantic/solidity/test/libsolidity/semanticTests/abiEncoderV2/cleanup/cleanup.cairo.temp:174:9: (pc=0:2450)\n        __warp_block_0()\n        ^**************^\n/home/greg/dev/nethermind/warp/tests/semantic/solidity/test/libsolidity/semanticTests/abiEncoderV2/cleanup/cleanup.cairo.temp:165:5: (pc=0:2429)\n    __warp_if_1(__warp_subexpr_0)\n    ^***************************^\n/home/greg/dev/nethermind/warp/tests/semantic/solidity/test/libsolidity/semanticTests/abiEncoderV2/cleanup/cleanup.cairo.temp:151:9: (pc=0:2386)\n        __warp_block_1()\n        ^**************^'})
------------------------------------------------------------------------------------------------------------------- Captured stdout call -------------------------------------------------------------------------------------------------------------------
{'callData': '0xa1096be000000000000000000000000000000000000000000000000000000000000000010000000000000000000000000000000000000000000000000000000000000002000000000000000000000000000000000000000000000000000000000000000361000000000000000000000000000000000000000000000000000000000000000000000000000000000000000000000000000000000000000000000000000001', 'expectations': '0x00000000000000000000000000000000000000000000000000000000000000010000000000000000000000000000000000000000000000000000000000000002000000000000000000000000000000000000000000000000000000000000000361000000000000000000000000000000000000000000000000000000000000000000000000000000000000000000000000000000000000000000000000000001', 'failure': False, 'signature': 'f(uint16,int16,address,bytes3,bool)'}
----------------------------------------------------------------------------------------------------------------- Captured stderr teardown -----------------------------------------------------------------------------------------------------------------
Warning: SPDX license identifier not provided in source file. Before publishing, consider adding a comment containing "SPDX-License-Identifier: <SPDX-License>" to each source file. Use "SPDX-License-Identifier: UNLICENSED" for non-open-source code. Please see https://spdx.org for more information.
--> tests/semantic/solidity/test/libsolidity/semanticTests/abiEncoderV2/struct/struct_function_marked.sol

Warning: Function state mutability can be restricted to pure
  --> tests/semantic/solidity/test/libsolidity/semanticTests/abiEncoderV2/struct/struct_function_marked.sol:11:5:
   |
11 |     function g() public returns (uint) { return 7; }
   |     ^^^^^^^^^^^^^^^^^^^^^^^^^^^^^^^^^^^^^^^^^^^^^^^^

________________________________________________ test_semantics[/home/greg/dev/nethermind/warp/tests/semantic/solidity/test/libsolidity/semanticTests/abiEncoderV2/calldata_array_dynamic_index_access.sol] ________________________________________________
../../../warp_dev/lib/python3.7/site-packages/cairo_lang-0.6.2-py3.7.egg/starkware/starknet/business_logic/internal_transaction.py:539: in _run
    verify_secure=True,
../../../warp_dev/lib/python3.7/site-packages/cairo_lang-0.6.2-py3.7.egg/starkware/cairo/common/cairo_function_runner.py:199: in run_from_entrypoint
    self.run_until_pc(addr=end, run_resources=run_resources)
../../../warp_dev/lib/python3.7/site-packages/cairo_lang-0.6.2-py3.7.egg/starkware/cairo/lang/vm/cairo_runner.py:284: in run_until_pc
    self.vm_step()
../../../warp_dev/lib/python3.7/site-packages/cairo_lang-0.6.2-py3.7.egg/starkware/cairo/lang/vm/cairo_runner.py:298: in vm_step
    self.vm.step()
../../../warp_dev/lib/python3.7/site-packages/cairo_lang-0.6.2-py3.7.egg/starkware/cairo/lang/vm/virtual_machine_base.py:255: in step
    self.run_instruction(instruction)
../../../warp_dev/lib/python3.7/site-packages/cairo_lang-0.6.2-py3.7.egg/starkware/cairo/lang/vm/vm_core.py:422: in run_instruction
    raise self.as_vm_exception(exc) from None
E   starkware.cairo.lang.vm.vm_exceptions.VmException: /home/greg/dev/nethermind/warp/tests/semantic/solidity/test/libsolidity/semanticTests/abiEncoderV2/calldata_array_dynamic_index_access.cairo.temp:488:9: Error at pc=0:4182:
E   An ASSERT_EQ instruction failed: 1 != 0.
E           assert 0 = 1
E           ^**********^
E   Cairo traceback (most recent call last):
E   /home/greg/dev/nethermind/warp/tests/semantic/solidity/test/libsolidity/semanticTests/abiEncoderV2/calldata_array_dynamic_index_access.cairo.temp:43:6: (pc=0:2355)
E   func __main{bitwise_ptr : BitwiseBuiltin*, range_check_ptr, syscall_ptr : felt*}(
E        ^****^
E   /home/greg/dev/nethermind/warp/tests/semantic/solidity/test/libsolidity/semanticTests/abiEncoderV2/calldata_array_dynamic_index_access.cairo.temp:56:9: (pc=0:2297)
E           __main_meat()
E           ^***********^
E   /home/greg/dev/nethermind/warp/tests/semantic/solidity/test/libsolidity/semanticTests/abiEncoderV2/calldata_array_dynamic_index_access.cairo.temp:1003:5: (pc=0:6036)
E       __warp_if_4(__warp_subexpr_0)
E       ^***************************^
E   /home/greg/dev/nethermind/warp/tests/semantic/solidity/test/libsolidity/semanticTests/abiEncoderV2/calldata_array_dynamic_index_access.cairo.temp:988:9: (pc=0:5991)
E           __warp_block_4()
E           ^**************^
E   /home/greg/dev/nethermind/warp/tests/semantic/solidity/test/libsolidity/semanticTests/abiEncoderV2/calldata_array_dynamic_index_access.cairo.temp:978:5: (pc=0:5968)
E       __warp_block_5(match_var)
E       ^***********************^
E   /home/greg/dev/nethermind/warp/tests/semantic/solidity/test/libsolidity/semanticTests/abiEncoderV2/calldata_array_dynamic_index_access.cairo.temp:968:5: (pc=0:5934)
E       __warp_if_5(__warp_subexpr_0, match_var)
E       ^**************************************^
E   /home/greg/dev/nethermind/warp/tests/semantic/solidity/test/libsolidity/semanticTests/abiEncoderV2/calldata_array_dynamic_index_access.cairo.temp:958:9: (pc=0:5899)
E           __warp_block_7(match_var)
E           ^***********************^
E   /home/greg/dev/nethermind/warp/tests/semantic/solidity/test/libsolidity/semanticTests/abiEncoderV2/calldata_array_dynamic_index_access.cairo.temp:945:5: (pc=0:5882)
E       __warp_if_6(__warp_subexpr_0, match_var)
E       ^**************************************^
E   /home/greg/dev/nethermind/warp/tests/semantic/solidity/test/libsolidity/semanticTests/abiEncoderV2/calldata_array_dynamic_index_access.cairo.temp:935:9: (pc=0:5841)
E           __warp_block_9(match_var)
E           ^***********************^
E   /home/greg/dev/nethermind/warp/tests/semantic/solidity/test/libsolidity/semanticTests/abiEncoderV2/calldata_array_dynamic_index_access.cairo.temp:922:5: (pc=0:5824)
E       __warp_if_7(__warp_subexpr_0, match_var)
E       ^**************************************^
E   /home/greg/dev/nethermind/warp/tests/semantic/solidity/test/libsolidity/semanticTests/abiEncoderV2/calldata_array_dynamic_index_access.cairo.temp:909:9: (pc=0:5799)
E           __warp_block_10()
E           ^***************^
E   /home/greg/dev/nethermind/warp/tests/semantic/solidity/test/libsolidity/semanticTests/abiEncoderV2/calldata_array_dynamic_index_access.cairo.temp:784:29: (pc=0:5358)
E       let (ret_2 : Uint256) = fun_g(param_4, param_5)
E                               ^*********************^
E   /home/greg/dev/nethermind/warp/tests/semantic/solidity/test/libsolidity/semanticTests/abiEncoderV2/calldata_array_dynamic_index_access.cairo.temp:529:34: (pc=0:4288)
E           expr_length : Uint256) = calldata_array_index_access_uint256_dyn_calldata_calldata(
E                                    ^********************************************************^

During handling of the above exception, another exception occurred:
tests/semantic/test_semantics.py:161: in test_semantics
    res = await invoke_method_evm_calldata(starknet, contract_address, argument)
../../../warp_dev/lib/python3.7/site-packages/sol_warp-0.2.12-py3.7.egg/yul/starknet_utils.py:30: in invoke_method_evm_calldata
    caller_address=0,
../../../warp_dev/lib/python3.7/site-packages/cairo_lang-0.6.2-py3.7.egg/starkware/starknet/testing/state.py:153: in invoke_raw
    state=state_copy, general_config=self.general_config
../../../warp_dev/lib/python3.7/site-packages/cairo_lang-0.6.2-py3.7.egg/starkware/starknet/business_logic/internal_transaction_interface.py:213: in apply_state_updates
    state=state_to_update, general_config=general_config
../../../warp_dev/lib/python3.7/site-packages/cairo_lang-0.6.2-py3.7.egg/starkware/starknet/business_logic/internal_transaction.py:405: in _apply_specific_state_updates
    func=_synchronous_apply_specific_state_updates,
/usr/lib/python3.7/concurrent/futures/thread.py:57: in run
    result = self.fn(*self.args, **self.kwargs)
../../../warp_dev/lib/python3.7/site-packages/cairo_lang-0.6.2-py3.7.egg/starkware/starknet/business_logic/internal_transaction.py:433: in _synchronous_apply_specific_state_updates
    run_resources=run_resources,
../../../warp_dev/lib/python3.7/site-packages/cairo_lang-0.6.2-py3.7.egg/starkware/starknet/business_logic/internal_transaction.py:559: in _run
    raise StarkException(code=code, message=str(exception))
E   starkware.starkware_utils.error_handling.StarkException: (500, {'code': <StarknetErrorCode.TRANSACTION_FAILED: 28>, 'message': '/home/greg/dev/nethermind/warp/tests/semantic/solidity/test/libsolidity/semanticTests/abiEncoderV2/calldata_array_dynamic_index_access.cairo.temp:488:9: Error at pc=0:4182:\nAn ASSERT_EQ instruction failed: 1 != 0.\n        assert 0 = 1\n        ^**********^\nCairo traceback (most recent call last):\n/home/greg/dev/nethermind/warp/tests/semantic/solidity/test/libsolidity/semanticTests/abiEncoderV2/calldata_array_dynamic_index_access.cairo.temp:43:6: (pc=0:2355)\nfunc __main{bitwise_ptr : BitwiseBuiltin*, range_check_ptr, syscall_ptr : felt*}(\n     ^****^\n/home/greg/dev/nethermind/warp/tests/semantic/solidity/test/libsolidity/semanticTests/abiEncoderV2/calldata_array_dynamic_index_access.cairo.temp:56:9: (pc=0:2297)\n        __main_meat()\n        ^***********^\n/home/greg/dev/nethermind/warp/tests/semantic/solidity/test/libsolidity/semanticTests/abiEncoderV2/calldata_array_dynamic_index_access.cairo.temp:1003:5: (pc=0:6036)\n    __warp_if_4(__warp_subexpr_0)\n    ^***************************^\n/home/greg/dev/nethermind/warp/tests/semantic/solidity/test/libsolidity/semanticTests/abiEncoderV2/calldata_array_dynamic_index_access.cairo.temp:988:9: (pc=0:5991)\n        __warp_block_4()\n        ^**************^\n/home/greg/dev/nethermind/warp/tests/semantic/solidity/test/libsolidity/semanticTests/abiEncoderV2/calldata_array_dynamic_index_access.cairo.temp:978:5: (pc=0:5968)\n    __warp_block_5(match_var)\n    ^***********************^\n/home/greg/dev/nethermind/warp/tests/semantic/solidity/test/libsolidity/semanticTests/abiEncoderV2/calldata_array_dynamic_index_access.cairo.temp:968:5: (pc=0:5934)\n    __warp_if_5(__warp_subexpr_0, match_var)\n    ^**************************************^\n/home/greg/dev/nethermind/warp/tests/semantic/solidity/test/libsolidity/semanticTests/abiEncoderV2/calldata_array_dynamic_index_access.cairo.temp:958:9: (pc=0:5899)\n        __warp_block_7(match_var)\n        ^***********************^\n/home/greg/dev/nethermind/warp/tests/semantic/solidity/test/libsolidity/semanticTests/abiEncoderV2/calldata_array_dynamic_index_access.cairo.temp:945:5: (pc=0:5882)\n    __warp_if_6(__warp_subexpr_0, match_var)\n    ^**************************************^\n/home/greg/dev/nethermind/warp/tests/semantic/solidity/test/libsolidity/semanticTests/abiEncoderV2/calldata_array_dynamic_index_access.cairo.temp:935:9: (pc=0:5841)\n        __warp_block_9(match_var)\n        ^***********************^\n/home/greg/dev/nethermind/warp/tests/semantic/solidity/test/libsolidity/semanticTests/abiEncoderV2/calldata_array_dynamic_index_access.cairo.temp:922:5: (pc=0:5824)\n    __warp_if_7(__warp_subexpr_0, match_var)\n    ^**************************************^\n/home/greg/dev/nethermind/warp/tests/semantic/solidity/test/libsolidity/semanticTests/abiEncoderV2/calldata_array_dynamic_index_access.cairo.temp:909:9: (pc=0:5799)\n        __warp_block_10()\n        ^***************^\n/home/greg/dev/nethermind/warp/tests/semantic/solidity/test/libsolidity/semanticTests/abiEncoderV2/calldata_array_dynamic_index_access.cairo.temp:784:29: (pc=0:5358)\n    let (ret_2 : Uint256) = fun_g(param_4, param_5)\n                            ^*********************^\n/home/greg/dev/nethermind/warp/tests/semantic/solidity/test/libsolidity/semanticTests/abiEncoderV2/calldata_array_dynamic_index_access.cairo.temp:529:34: (pc=0:4288)\n        expr_length : Uint256) = calldata_array_index_access_uint256_dyn_calldata_calldata(\n                                 ^********************************************************^'})
------------------------------------------------------------------------------------------------------------------- Captured stdout call -------------------------------------------------------------------------------------------------------------------
{'callData': '0x9188d0cc00000000000000000000000000000000000000000000000000000000000000400000000000000000000000000000000000000000000000000000000000000001000000000000000000000000000000000000000000000000000000000000004000000000000000000000000000000000000000000000000000000000000000c00000000000000000000000000000000000000000000000000000000000000003000000000000000000000000000000000000000000000000000000000000002a000000000000000000000000000000000000000000000000000000000000001700000000000000000000000000000000000000000000000000000000000000570000000000000000000000000000000000000000000000000000000000000004000000000000000000000000000000000000000000000000000000000000000b000000000000000000000000000000000000000000000000000000000000000d0000000000000000000000000000000000000000000000000000000000000011000000000000000000000000000000000000000000000000000000000000001b', 'expectations': '0x000000000000000000000000000000000000000000000000000000000000002000000000000000000000000000000000000000000000000000000000000000c000000000000000000000000000000000000000000000000000000000000000200000000000000000000000000000000000000000000000000000000000000004000000000000000000000000000000000000000000000000000000000000000b000000000000000000000000000000000000000000000000000000000000000d0000000000000000000000000000000000000000000000000000000000000011000000000000000000000000000000000000000000000000000000000000001b', 'failure': False, 'signature': 'g(uint256[][2],uint256)'}
{'callData': '0xe2179b8e', 'expectations': '0x000000000000000000000000000000000000000000000000000000000000000362000000000000000000000000000000000000000000000000000000000000000000000000000000000000000000000000000000000000000000000000000003660000000000000000000000000000000000000000000000000000000000000000000000000000000000000000000000000000000000000000000000000000040000000000000000000000000000000000000000000000000000000000000007', 'failure': False, 'signature': 'g()'}
----------------------------------------------------------------------------------------------------------------- Captured stderr teardown -----------------------------------------------------------------------------------------------------------------
Warning: SPDX license identifier not provided in source file. Before publishing, consider adding a comment containing "SPDX-License-Identifier: <SPDX-License>" to each source file. Use "SPDX-License-Identifier: UNLICENSED" for non-open-source code. Please see https://spdx.org for more information.
--> tests/semantic/solidity/test/libsolidity/semanticTests/abiEncoderV2/struct/struct_simple_marked.sol

__________________________________________________ test_semantics[/home/greg/dev/nethermind/warp/tests/semantic/solidity/test/libsolidity/semanticTests/memoryManagement/memory_types_initialisation.sol] __________________________________________________
tests/semantic/test_semantics.py:123: in test_semantics
    constructor_args, contract_expectations = get_expectations(contract_file)
tests/semantic/test_semantics.py:102: in get_expectations
    expectations = test_calldata[contract_path]
E   KeyError: './scripts/../test/libsolidity/semanticTests/memoryManagement/memory_types_initialisation.sol'
___________________________________________ test_semantics[/home/greg/dev/nethermind/warp/tests/semantic/solidity/test/libsolidity/semanticTests/abiEncoderV2/struct/validation_function_type_inside_struct.sol] ___________________________________________
../../../warp_dev/lib/python3.7/site-packages/cairo_lang-0.6.2-py3.7.egg/starkware/starknet/business_logic/internal_transaction.py:539: in _run
    verify_secure=True,
../../../warp_dev/lib/python3.7/site-packages/cairo_lang-0.6.2-py3.7.egg/starkware/cairo/common/cairo_function_runner.py:199: in run_from_entrypoint
    self.run_until_pc(addr=end, run_resources=run_resources)
../../../warp_dev/lib/python3.7/site-packages/cairo_lang-0.6.2-py3.7.egg/starkware/cairo/lang/vm/cairo_runner.py:284: in run_until_pc
    self.vm_step()
../../../warp_dev/lib/python3.7/site-packages/cairo_lang-0.6.2-py3.7.egg/starkware/cairo/lang/vm/cairo_runner.py:298: in vm_step
    self.vm.step()
../../../warp_dev/lib/python3.7/site-packages/cairo_lang-0.6.2-py3.7.egg/starkware/cairo/lang/vm/virtual_machine_base.py:255: in step
    self.run_instruction(instruction)
../../../warp_dev/lib/python3.7/site-packages/cairo_lang-0.6.2-py3.7.egg/starkware/cairo/lang/vm/vm_core.py:422: in run_instruction
    raise self.as_vm_exception(exc) from None
E   starkware.cairo.lang.vm.vm_exceptions.VmException: /home/greg/dev/nethermind/warp/tests/semantic/solidity/test/libsolidity/semanticTests/abiEncoderV2/struct/validation_function_type_inside_struct.cairo.temp:140:9: Error at pc=0:2003:
E   An ASSERT_EQ instruction failed: 1 != 0.
E           assert 0 = 1
E           ^**********^
E   Cairo traceback (most recent call last):
E   /home/greg/dev/nethermind/warp/tests/semantic/solidity/test/libsolidity/semanticTests/abiEncoderV2/struct/validation_function_type_inside_struct.cairo.temp:35:6: (pc=0:1715)
E   func __main{bitwise_ptr : BitwiseBuiltin*, range_check_ptr}(
E        ^****^
E   /home/greg/dev/nethermind/warp/tests/semantic/solidity/test/libsolidity/semanticTests/abiEncoderV2/struct/validation_function_type_inside_struct.cairo.temp:48:9: (pc=0:1660)
E           __main_meat()
E           ^***********^
E   /home/greg/dev/nethermind/warp/tests/semantic/solidity/test/libsolidity/semanticTests/abiEncoderV2/struct/validation_function_type_inside_struct.cairo.temp:260:5: (pc=0:2382)
E       __warp_if_0(__warp_subexpr_0)
E       ^***************************^
E   /home/greg/dev/nethermind/warp/tests/semantic/solidity/test/libsolidity/semanticTests/abiEncoderV2/struct/validation_function_type_inside_struct.cairo.temp:245:9: (pc=0:2338)
E           __warp_block_0()
E           ^**************^
E   /home/greg/dev/nethermind/warp/tests/semantic/solidity/test/libsolidity/semanticTests/abiEncoderV2/struct/validation_function_type_inside_struct.cairo.temp:236:5: (pc=0:2317)
E       __warp_block_1(match_var)
E       ^***********************^
E   /home/greg/dev/nethermind/warp/tests/semantic/solidity/test/libsolidity/semanticTests/abiEncoderV2/struct/validation_function_type_inside_struct.cairo.temp:226:5: (pc=0:2284)
E       __warp_if_1(__warp_subexpr_0, match_var)
E       ^**************************************^
E   /home/greg/dev/nethermind/warp/tests/semantic/solidity/test/libsolidity/semanticTests/abiEncoderV2/struct/validation_function_type_inside_struct.cairo.temp:216:9: (pc=0:2251)
E           __warp_block_3(match_var)
E           ^***********************^
E   /home/greg/dev/nethermind/warp/tests/semantic/solidity/test/libsolidity/semanticTests/abiEncoderV2/struct/validation_function_type_inside_struct.cairo.temp:203:5: (pc=0:2235)
E       __warp_if_2(__warp_subexpr_0, match_var)
E       ^**************************************^
E   /home/greg/dev/nethermind/warp/tests/semantic/solidity/test/libsolidity/semanticTests/abiEncoderV2/struct/validation_function_type_inside_struct.cairo.temp:193:9: (pc=0:2202)
E           __warp_block_5(match_var)
E           ^***********************^
E   /home/greg/dev/nethermind/warp/tests/semantic/solidity/test/libsolidity/semanticTests/abiEncoderV2/struct/validation_function_type_inside_struct.cairo.temp:180:5: (pc=0:2186)
E       __warp_if_3(__warp_subexpr_0)
E       ^***************************^
E   /home/greg/dev/nethermind/warp/tests/semantic/solidity/test/libsolidity/semanticTests/abiEncoderV2/struct/validation_function_type_inside_struct.cairo.temp:168:9: (pc=0:2164)
E           __warp_block_6()
E           ^**************^

During handling of the above exception, another exception occurred:
tests/semantic/test_semantics.py:161: in test_semantics
    res = await invoke_method_evm_calldata(starknet, contract_address, argument)
../../../warp_dev/lib/python3.7/site-packages/sol_warp-0.2.12-py3.7.egg/yul/starknet_utils.py:30: in invoke_method_evm_calldata
    caller_address=0,
../../../warp_dev/lib/python3.7/site-packages/cairo_lang-0.6.2-py3.7.egg/starkware/starknet/testing/state.py:153: in invoke_raw
    state=state_copy, general_config=self.general_config
../../../warp_dev/lib/python3.7/site-packages/cairo_lang-0.6.2-py3.7.egg/starkware/starknet/business_logic/internal_transaction_interface.py:213: in apply_state_updates
    state=state_to_update, general_config=general_config
../../../warp_dev/lib/python3.7/site-packages/cairo_lang-0.6.2-py3.7.egg/starkware/starknet/business_logic/internal_transaction.py:405: in _apply_specific_state_updates
    func=_synchronous_apply_specific_state_updates,
/usr/lib/python3.7/concurrent/futures/thread.py:57: in run
    result = self.fn(*self.args, **self.kwargs)
../../../warp_dev/lib/python3.7/site-packages/cairo_lang-0.6.2-py3.7.egg/starkware/starknet/business_logic/internal_transaction.py:433: in _synchronous_apply_specific_state_updates
    run_resources=run_resources,
../../../warp_dev/lib/python3.7/site-packages/cairo_lang-0.6.2-py3.7.egg/starkware/starknet/business_logic/internal_transaction.py:559: in _run
    raise StarkException(code=code, message=str(exception))
E   starkware.starkware_utils.error_handling.StarkException: (500, {'code': <StarknetErrorCode.TRANSACTION_FAILED: 28>, 'message': '/home/greg/dev/nethermind/warp/tests/semantic/solidity/test/libsolidity/semanticTests/abiEncoderV2/struct/validation_function_type_inside_struct.cairo.temp:140:9: Error at pc=0:2003:\nAn ASSERT_EQ instruction failed: 1 != 0.\n        assert 0 = 1\n        ^**********^\nCairo traceback (most recent call last):\n/home/greg/dev/nethermind/warp/tests/semantic/solidity/test/libsolidity/semanticTests/abiEncoderV2/struct/validation_function_type_inside_struct.cairo.temp:35:6: (pc=0:1715)\nfunc __main{bitwise_ptr : BitwiseBuiltin*, range_check_ptr}(\n     ^****^\n/home/greg/dev/nethermind/warp/tests/semantic/solidity/test/libsolidity/semanticTests/abiEncoderV2/struct/validation_function_type_inside_struct.cairo.temp:48:9: (pc=0:1660)\n        __main_meat()\n        ^***********^\n/home/greg/dev/nethermind/warp/tests/semantic/solidity/test/libsolidity/semanticTests/abiEncoderV2/struct/validation_function_type_inside_struct.cairo.temp:260:5: (pc=0:2382)\n    __warp_if_0(__warp_subexpr_0)\n    ^***************************^\n/home/greg/dev/nethermind/warp/tests/semantic/solidity/test/libsolidity/semanticTests/abiEncoderV2/struct/validation_function_type_inside_struct.cairo.temp:245:9: (pc=0:2338)\n        __warp_block_0()\n        ^**************^\n/home/greg/dev/nethermind/warp/tests/semantic/solidity/test/libsolidity/semanticTests/abiEncoderV2/struct/validation_function_type_inside_struct.cairo.temp:236:5: (pc=0:2317)\n    __warp_block_1(match_var)\n    ^***********************^\n/home/greg/dev/nethermind/warp/tests/semantic/solidity/test/libsolidity/semanticTests/abiEncoderV2/struct/validation_function_type_inside_struct.cairo.temp:226:5: (pc=0:2284)\n    __warp_if_1(__warp_subexpr_0, match_var)\n    ^**************************************^\n/home/greg/dev/nethermind/warp/tests/semantic/solidity/test/libsolidity/semanticTests/abiEncoderV2/struct/validation_function_type_inside_struct.cairo.temp:216:9: (pc=0:2251)\n        __warp_block_3(match_var)\n        ^***********************^\n/home/greg/dev/nethermind/warp/tests/semantic/solidity/test/libsolidity/semanticTests/abiEncoderV2/struct/validation_function_type_inside_struct.cairo.temp:203:5: (pc=0:2235)\n    __warp_if_2(__warp_subexpr_0, match_var)\n    ^**************************************^\n/home/greg/dev/nethermind/warp/tests/semantic/solidity/test/libsolidity/semanticTests/abiEncoderV2/struct/validation_function_type_inside_struct.cairo.temp:193:9: (pc=0:2202)\n        __warp_block_5(match_var)\n        ^***********************^\n/home/greg/dev/nethermind/warp/tests/semantic/solidity/test/libsolidity/semanticTests/abiEncoderV2/struct/validation_function_type_inside_struct.cairo.temp:180:5: (pc=0:2186)\n    __warp_if_3(__warp_subexpr_0)\n    ^***************************^\n/home/greg/dev/nethermind/warp/tests/semantic/solidity/test/libsolidity/semanticTests/abiEncoderV2/struct/validation_function_type_inside_struct.cairo.temp:168:9: (pc=0:2164)\n        __warp_block_6()\n        ^**************^'})
------------------------------------------------------------------------------------------------------------------- Captured stdout call -------------------------------------------------------------------------------------------------------------------
{'callData': '0x7bc5bbbf0000000000000000000000000000000000000000000000000000000000000020000000000000000000000000000000000000000000000000000000000000000200000000000000000000000000000000000000000000000000000000000000010000000000000000000000000000000000000000000000000000000000000001', 'expectations': '0x00000000000000000000000000000000000000000000000000000000000000200000000000000000000000000000000000000000000000000000000000000084304a4c23000000000000000000000000000000000000000000000000000000000000002000000000000000000000000000000000000000000000000000000000000000020000000000000000000000000000000000000000000000000000000000000001000000000000000000000000000000000000000000000000000000000000000100000000000000000000000000000000000000000000000000000000', 'failure': False, 'signature': 'f(uint256[])'}
{'callData': '0xb8c9d365', 'expectations': '0x0000000000000000000000000000000000000000000000000000000000000020000000000000000000000000000000000000000000000000000000000000008415cfcc01000000000000000000000000000000000000000000000000000000000000002000000000000000000000000000000000000000000000000000000000000000200000000000000000000000000000000000000000000000000000000000000001000000000000000000000000000000000000000000000000000000000000002a00000000000000000000000000000000000000000000000000000000', 'failure': False, 'signature': 'h()'}
{'callData': '0x13d1aa2e00000000000000000000000000000000000000000000000000000000000000010000000000000000000000000000000000000000000000000000000000000001', 'expectations': '0x0000000000000000000000000000000000000000000000000000000000000020000000000000000000000000000000000000000000000000000000000000004478b86ac60000000000000000000000000000000000000000000000000000000000000001000000000000000000000000000000000000000000000000000000000000000100000000000000000000000000000000000000000000000000000000', 'failure': False, 'signature': 'f(uint256,uint256)'}
{'callData': '0x304a4c230000000000000000000000000000000000000000000000000000000000000020000000000000000000000000000000000000000000000000000000000000000200000000000000000000000000000000000000000000000000000000000000010000000000000000000000000000000000000000000000000000000000000001', 'expectations': '0x00000000000000000000000000000000000000000000000000000000000000200000000000000000000000000000000000000000000000000000000000000084304a4c23000000000000000000000000000000000000000000000000000000000000002000000000000000000000000000000000000000000000000000000000000000020000000000000000000000000000000000000000000000000000000000000001000000000000000000000000000000000000000000000000000000000000000100000000000000000000000000000000000000000000000000000000', 'failure': False, 'signature': 'ggg(uint8[])'}
{'callData': '0x78b86ac600000000000000000000000000000000000000000000000000000000000000010000000000000000000000000000000000000000000000000000000000000001', 'expectations': '0x0000000000000000000000000000000000000000000000000000000000000020000000000000000000000000000000000000000000000000000000000000004478b86ac60000000000000000000000000000000000000000000000000000000000000001000000000000000000000000000000000000000000000000000000000000000100000000000000000000000000000000000000000000000000000000', 'failure': False, 'signature': 'gggggggg(uint8[2])'}
{'callData': '0xa481e08c00000000000000000000000000000000000000000000000000000000000000010100000000000000000000000000000000000000000000000000000000000000', 'expectations': '0x00000000000000000000000000000000000000000000000000000000000000200000000000000000000000000000000000000000000000000000000000000044b63240b00000000000000000000000000000000000000000000000000000000000000001010000000000000000000000000000000000000000000000000000000000000000000000000000000000000000000000000000000000000000000000', 'failure': False, 'signature': 'f(uint256,bytes32)'}
{'callData': '0x13d1aa2e00000000000000000000000000000000000000000000000000000000000001010000000000000000000000000000000000000000000000000000000000000101', 'expectations': '0x0000000000000000000000000000000000000000000000000000000000000020000000000000000000000000000000000000000000000000000000000000004478b86ac60000000000000000000000000000000000000000000000000000000000000001000000000000000000000000000000000000000000000000000000000000000100000000000000000000000000000000000000000000000000000000', 'failure': False, 'signature': 'f(uint256,uint256)'}
{'callData': '0x7bc5bbbf0000000000000000000000000000000000000000000000000000000000000020000000000000000000000000000000000000000000000000000000000000000200000000000000000000000000000000000000000000000000000000000001010000000000000000000000000000000000000000000000000000000000000101', 'expectations': '0x00000000000000000000000000000000000000000000000000000000000000200000000000000000000000000000000000000000000000000000000000000084304a4c23000000000000000000000000000000000000000000000000000000000000002000000000000000000000000000000000000000000000000000000000000000020000000000000000000000000000000000000000000000000000000000000001000000000000000000000000000000000000000000000000000000000000000100000000000000000000000000000000000000000000000000000000', 'failure': False, 'signature': 'f(uint256[])'}
{'callData': '0x9f4a608d3031323334353637383930313233343536373839616263640000000000000000', 'expectations': '0x0000000000000000000000000000000000000000000000000000000000000001', 'failure': False, 'signature': 'f((function))'}
------------------------------------------------------------------------------------------------------------------- Captured stderr call -------------------------------------------------------------------------------------------------------------------
Warning: SPDX license identifier not provided in source file. Before publishing, consider adding a comment containing "SPDX-License-Identifier: <SPDX-License>" to each source file. Use "SPDX-License-Identifier: UNLICENSED" for non-open-source code. Please see https://spdx.org for more information.
--> tests/semantic/solidity/test/libsolidity/semanticTests/memoryManagement/struct_allocation_marked.sol

Warning: Unused local variable.
  --> tests/semantic/solidity/test/libsolidity/semanticTests/memoryManagement/struct_allocation_marked.sol:10:9:
   |
10 |         S memory t = x;
   |         ^^^^^^^^^^

Warning: Unused local variable.
  --> tests/semantic/solidity/test/libsolidity/semanticTests/memoryManagement/struct_allocation_marked.sol:16:9:
   |
16 |         S memory t;
   |         ^^^^^^^^^^

_________________________________________________________ test_semantics[/home/greg/dev/nethermind/warp/tests/semantic/solidity/test/libsolidity/semanticTests/abiEncoderV2/cleanup/function.sol] __________________________________________________________
../../../warp_dev/lib/python3.7/site-packages/cairo_lang-0.6.2-py3.7.egg/starkware/starknet/business_logic/internal_transaction.py:539: in _run
    verify_secure=True,
../../../warp_dev/lib/python3.7/site-packages/cairo_lang-0.6.2-py3.7.egg/starkware/cairo/common/cairo_function_runner.py:199: in run_from_entrypoint
    self.run_until_pc(addr=end, run_resources=run_resources)
../../../warp_dev/lib/python3.7/site-packages/cairo_lang-0.6.2-py3.7.egg/starkware/cairo/lang/vm/cairo_runner.py:284: in run_until_pc
    self.vm_step()
../../../warp_dev/lib/python3.7/site-packages/cairo_lang-0.6.2-py3.7.egg/starkware/cairo/lang/vm/cairo_runner.py:298: in vm_step
    self.vm.step()
../../../warp_dev/lib/python3.7/site-packages/cairo_lang-0.6.2-py3.7.egg/starkware/cairo/lang/vm/virtual_machine_base.py:255: in step
    self.run_instruction(instruction)
../../../warp_dev/lib/python3.7/site-packages/cairo_lang-0.6.2-py3.7.egg/starkware/cairo/lang/vm/vm_core.py:422: in run_instruction
    raise self.as_vm_exception(exc) from None
E   starkware.cairo.lang.vm.vm_exceptions.VmException: /home/greg/dev/nethermind/warp/tests/semantic/solidity/test/libsolidity/semanticTests/abiEncoderV2/cleanup/function.cairo.temp:375:9: Error at pc=0:3451:
E   An ASSERT_EQ instruction failed: 1 != 0.
E           assert 0 = 1
E           ^**********^
E   Cairo traceback (most recent call last):
E   /home/greg/dev/nethermind/warp/tests/semantic/solidity/test/libsolidity/semanticTests/abiEncoderV2/cleanup/function.cairo.temp:43:6: (pc=0:2300)
E   func __main{bitwise_ptr : BitwiseBuiltin*, range_check_ptr, syscall_ptr : felt*}(
E        ^****^
E   /home/greg/dev/nethermind/warp/tests/semantic/solidity/test/libsolidity/semanticTests/abiEncoderV2/cleanup/function.cairo.temp:56:9: (pc=0:2242)
E           __main_meat()
E           ^***********^
E   /home/greg/dev/nethermind/warp/tests/semantic/solidity/test/libsolidity/semanticTests/abiEncoderV2/cleanup/function.cairo.temp:549:5: (pc=0:4010)
E       __warp_if_2(__warp_subexpr_0)
E       ^***************************^
E   /home/greg/dev/nethermind/warp/tests/semantic/solidity/test/libsolidity/semanticTests/abiEncoderV2/cleanup/function.cairo.temp:534:9: (pc=0:3965)
E           __warp_block_2()
E           ^**************^
E   /home/greg/dev/nethermind/warp/tests/semantic/solidity/test/libsolidity/semanticTests/abiEncoderV2/cleanup/function.cairo.temp:524:5: (pc=0:3942)
E       __warp_block_3(match_var)
E       ^***********************^
E   /home/greg/dev/nethermind/warp/tests/semantic/solidity/test/libsolidity/semanticTests/abiEncoderV2/cleanup/function.cairo.temp:514:5: (pc=0:3908)
E       __warp_if_3(__warp_subexpr_0, match_var)
E       ^**************************************^
E   /home/greg/dev/nethermind/warp/tests/semantic/solidity/test/libsolidity/semanticTests/abiEncoderV2/cleanup/function.cairo.temp:501:9: (pc=0:3876)
E           __warp_block_4()
E           ^**************^

During handling of the above exception, another exception occurred:
tests/semantic/test_semantics.py:161: in test_semantics
    res = await invoke_method_evm_calldata(starknet, contract_address, argument)
../../../warp_dev/lib/python3.7/site-packages/sol_warp-0.2.12-py3.7.egg/yul/starknet_utils.py:30: in invoke_method_evm_calldata
    caller_address=0,
../../../warp_dev/lib/python3.7/site-packages/cairo_lang-0.6.2-py3.7.egg/starkware/starknet/testing/state.py:153: in invoke_raw
    state=state_copy, general_config=self.general_config
../../../warp_dev/lib/python3.7/site-packages/cairo_lang-0.6.2-py3.7.egg/starkware/starknet/business_logic/internal_transaction_interface.py:213: in apply_state_updates
    state=state_to_update, general_config=general_config
../../../warp_dev/lib/python3.7/site-packages/cairo_lang-0.6.2-py3.7.egg/starkware/starknet/business_logic/internal_transaction.py:405: in _apply_specific_state_updates
    func=_synchronous_apply_specific_state_updates,
/usr/lib/python3.7/concurrent/futures/thread.py:57: in run
    result = self.fn(*self.args, **self.kwargs)
../../../warp_dev/lib/python3.7/site-packages/cairo_lang-0.6.2-py3.7.egg/starkware/starknet/business_logic/internal_transaction.py:433: in _synchronous_apply_specific_state_updates
    run_resources=run_resources,
../../../warp_dev/lib/python3.7/site-packages/cairo_lang-0.6.2-py3.7.egg/starkware/starknet/business_logic/internal_transaction.py:559: in _run
    raise StarkException(code=code, message=str(exception))
E   starkware.starkware_utils.error_handling.StarkException: (500, {'code': <StarknetErrorCode.TRANSACTION_FAILED: 28>, 'message': '/home/greg/dev/nethermind/warp/tests/semantic/solidity/test/libsolidity/semanticTests/abiEncoderV2/cleanup/function.cairo.temp:375:9: Error at pc=0:3451:\nAn ASSERT_EQ instruction failed: 1 != 0.\n        assert 0 = 1\n        ^**********^\nCairo traceback (most recent call last):\n/home/greg/dev/nethermind/warp/tests/semantic/solidity/test/libsolidity/semanticTests/abiEncoderV2/cleanup/function.cairo.temp:43:6: (pc=0:2300)\nfunc __main{bitwise_ptr : BitwiseBuiltin*, range_check_ptr, syscall_ptr : felt*}(\n     ^****^\n/home/greg/dev/nethermind/warp/tests/semantic/solidity/test/libsolidity/semanticTests/abiEncoderV2/cleanup/function.cairo.temp:56:9: (pc=0:2242)\n        __main_meat()\n        ^***********^\n/home/greg/dev/nethermind/warp/tests/semantic/solidity/test/libsolidity/semanticTests/abiEncoderV2/cleanup/function.cairo.temp:549:5: (pc=0:4010)\n    __warp_if_2(__warp_subexpr_0)\n    ^***************************^\n/home/greg/dev/nethermind/warp/tests/semantic/solidity/test/libsolidity/semanticTests/abiEncoderV2/cleanup/function.cairo.temp:534:9: (pc=0:3965)\n        __warp_block_2()\n        ^**************^\n/home/greg/dev/nethermind/warp/tests/semantic/solidity/test/libsolidity/semanticTests/abiEncoderV2/cleanup/function.cairo.temp:524:5: (pc=0:3942)\n    __warp_block_3(match_var)\n    ^***********************^\n/home/greg/dev/nethermind/warp/tests/semantic/solidity/test/libsolidity/semanticTests/abiEncoderV2/cleanup/function.cairo.temp:514:5: (pc=0:3908)\n    __warp_if_3(__warp_subexpr_0, match_var)\n    ^**************************************^\n/home/greg/dev/nethermind/warp/tests/semantic/solidity/test/libsolidity/semanticTests/abiEncoderV2/cleanup/function.cairo.temp:501:9: (pc=0:3876)\n        __warp_block_4()\n        ^**************^'})
------------------------------------------------------------------------------------------------------------------- Captured stdout call -------------------------------------------------------------------------------------------------------------------
{'callData': '0xa481e08c00000000000000000000000000000000000000000000000000000000000001010101000000000000000000000000000000000000000000000000000000000000', 'expectations': '0x00000000000000000000000000000000000000000000000000000000000000200000000000000000000000000000000000000000000000000000000000000044b63240b00000000000000000000000000000000000000000000000000000000000000001010000000000000000000000000000000000000000000000000000000000000000000000000000000000000000000000000000000000000000000000', 'failure': False, 'signature': 'f(uint256,bytes32)'}
{'callData': '0x8f81ace6000000000000000000000000000000000000000000000000000000000000000c00000000000000000000000000000000000000000000000000000000000000800000000000000000000000000000000000000000000000000000000000000220000000000000000000000000000000000000000000000000000000000000000d0000000000000000000000000000000000000000000000000000000000000003000000000000000000000000000000000000000000000000000000000000006000000000000000000000000000000000000000000000000000000000000000c00000000000000000000000000000000000000000000000000000000000000160000000000000000000000000000000000000000000000000000000000000000200000000000000000000000000000000000000000000000000000000000000550000000000000000000000000000000000000000000000000000000000000056000000000000000000000000000000000000000000000000000000000000000400000000000000000000000000000000000000000000000000000000000000650000000000000000000000000000000000000000000000000000000000000066000000000000000000000000000000000000000000000000000000000000006700000000000000000000000000000000000000000000000000000000000000680000000000000000000000000000000000000000000000000000000000000000000000000000000000000000000000000000000000000000000000000000006000000000000000000000000000000000000000000000000000000000000000c00000000000000000000000000000000000000000000000000000000000000220000000000000000000000000000000000000000000000000000000000000000100000000000000000000000000000000000000000000000000000000000000000000000000000000000000000000000000000000000000000000000000000075000000000000000000000000000000000000000000000000000000000000000500000000000000000000000000000000000000000000000000000000000000000000000000000000000000000000000000000000000000000000000000000000000000000000000000000000000000000000000000000000000000000000000000000000000000000000000000000000000000000000000000000000000000850000000000000000000000000000000000000000000000000000000000000000000000000000000000000000000000000000000000000000000000000000000000000000000000000000000000000000000000000000000000000000000000000000000000000000000000000000000000000000000000000000000000000000000000000000000000000000000000000000000000000000000000000000000000000000000000000000000000000000000000000000000000000000000000000000000000000000000000000000000000000000000000000000000000000000', 'expectations': '0x000000000000000000000000000000000000000000000000000000000000000c00000000000000000000000000000000000000000000000000000000000000030000000000000000000000000000000000000000000000000000000000000004000000000000000000000000000000000000000000000000000000000000006600000000000000000000000000000000000000000000000000000000000000050000000000000000000000000000000000000000000000000000000000000085000000000000000000000000000000000000000000000000000000000000000d', 'failure': False, 'signature': 'f(uint256,uint16[][],uint256[2][][3],uint256)'}
{'callData': '0x1b8ff8d9000000000000000000000000000000000000000000000000000000000000000700000000000000000000000000000000000000000000000000000000000000600000000000000000000000000000000000000000000000000000000000000008000000000000000000000000000000000000000000000000000000000000004000000000000000000000000000000000000000000000000000000000000000e0000000000000000000000000000000000000000000000000000000000000000000000000000000000000000000000000000000000000000000000000000000400000000000000000000000000000000000000000000000000000000000000002000000000000000000000000000000000000000000000000000000000000001100000000000000000000000000000000000000000000000000000000000000120000000000000000000000000000000000000000000000000000000000000099000000000000000000000000000000000000000000000000000000000000004000000000000000000000000000000000000000000000000000000000000000040000000000000000000000000000000000000000000000000000000000000031000000000000000000000000000000000000000000000000000000000000003200000000000000000000000000000000000000000000000000000000000000340000000000000000000000000000000000000000000000000000000000000035', 'expectations': '0x000000000000000000000000000000000000000000000000000000000000000700000000000000000000000000000000000000000000000000000000000000000000000000000000000000000000000000000000000000000000000000000008', 'failure': False, 'signature': 'f(uint256,(address,uint256[])[2],uint256)'}
{'callData': '0x795fe4b40000000000000000000000000000000000000000000000000000000000000000', 'expectations': '0x0000000000000000000000000000000000000000000000000000000000000000', 'failure': False, 'signature': 'gg1(bytes1)'}
{'callData': '0x21145e0b0000000000000000000000000000000000000000000000000000000000000000', 'expectations': '0x0000000000000000000000000000000000000000000000000000000000000000', 'failure': False, 'signature': 'ggg(function)'}
------------------------------------------------------------------------------------------------------------------- Captured stderr call -------------------------------------------------------------------------------------------------------------------
Warning: SPDX license identifier not provided in source file. Before publishing, consider adding a comment containing "SPDX-License-Identifier: <SPDX-License>" to each source file. Use "SPDX-License-Identifier: UNLICENSED" for non-open-source code. Please see https://spdx.org for more information.
--> tests/semantic/solidity/test/libsolidity/semanticTests/interfaceID/lisa_marked.sol

Warning: "this" used in constructor. Note that external functions of a contract cannot be called while it is being constructed.
 --> tests/semantic/solidity/test/libsolidity/semanticTests/interfaceID/lisa_marked.sol:8:29:
  |
8 |         supportedInterfaces[this.supportsInterface.selector] = true;
  |                             ^^^^

Warning: "this" used in constructor. Note that external functions of a contract cannot be called while it is being constructed.
  --> tests/semantic/solidity/test/libsolidity/semanticTests/interfaceID/lisa_marked.sol:20:29:
   |
20 |         supportedInterfaces[this.is2D.selector ^ this.skinColor.selector] = true;
   |                             ^^^^

Warning: "this" used in constructor. Note that external functions of a contract cannot be called while it is being constructed.
  --> tests/semantic/solidity/test/libsolidity/semanticTests/interfaceID/lisa_marked.sol:20:50:
   |
20 |         supportedInterfaces[this.is2D.selector ^ this.skinColor.selector] = true;
   |                                                  ^^^^

Warning: Function state mutability can be restricted to pure
  --> tests/semantic/solidity/test/libsolidity/semanticTests/interfaceID/lisa_marked.sol:22:5:
   |
22 |     function is2D() external override returns (bool) {
   |     ^ (Relevant source part starts here and spans across multiple lines).

Warning: Function state mutability can be restricted to pure
  --> tests/semantic/solidity/test/libsolidity/semanticTests/interfaceID/lisa_marked.sol:25:5:
   |
25 |     function skinColor() external override returns (string memory) {
   |     ^ (Relevant source part starts here and spans across multiple lines).

_____________________________________________________ test_semantics[/home/greg/dev/nethermind/warp/tests/semantic/solidity/test/libsolidity/semanticTests/abiEncoderV2/struct/struct_validation.sol] ______________________________________________________
../../../warp_dev/lib/python3.7/site-packages/cairo_lang-0.6.2-py3.7.egg/starkware/starknet/business_logic/internal_transaction.py:539: in _run
    verify_secure=True,
../../../warp_dev/lib/python3.7/site-packages/cairo_lang-0.6.2-py3.7.egg/starkware/cairo/common/cairo_function_runner.py:199: in run_from_entrypoint
    self.run_until_pc(addr=end, run_resources=run_resources)
../../../warp_dev/lib/python3.7/site-packages/cairo_lang-0.6.2-py3.7.egg/starkware/cairo/lang/vm/cairo_runner.py:284: in run_until_pc
    self.vm_step()
../../../warp_dev/lib/python3.7/site-packages/cairo_lang-0.6.2-py3.7.egg/starkware/cairo/lang/vm/cairo_runner.py:298: in vm_step
    self.vm.step()
../../../warp_dev/lib/python3.7/site-packages/cairo_lang-0.6.2-py3.7.egg/starkware/cairo/lang/vm/virtual_machine_base.py:255: in step
    self.run_instruction(instruction)
../../../warp_dev/lib/python3.7/site-packages/cairo_lang-0.6.2-py3.7.egg/starkware/cairo/lang/vm/vm_core.py:422: in run_instruction
    raise self.as_vm_exception(exc) from None
E   starkware.cairo.lang.vm.vm_exceptions.VmException: /home/greg/dev/nethermind/warp/tests/semantic/solidity/test/libsolidity/semanticTests/abiEncoderV2/struct/struct_validation.cairo.temp:121:9: Error at pc=0:2385:
E   An ASSERT_EQ instruction failed: 1 != 0.
E           assert 0 = 1
E           ^**********^
E   Cairo traceback (most recent call last):
E   /home/greg/dev/nethermind/warp/tests/semantic/solidity/test/libsolidity/semanticTests/abiEncoderV2/struct/struct_validation.cairo.temp:35:6: (pc=0:2123)
E   func __main{bitwise_ptr : BitwiseBuiltin*, range_check_ptr}(
E        ^****^
E   /home/greg/dev/nethermind/warp/tests/semantic/solidity/test/libsolidity/semanticTests/abiEncoderV2/struct/struct_validation.cairo.temp:48:9: (pc=0:2068)
E           __main_meat()
E           ^***********^
E   /home/greg/dev/nethermind/warp/tests/semantic/solidity/test/libsolidity/semanticTests/abiEncoderV2/struct/struct_validation.cairo.temp:189:5: (pc=0:2637)
E       __warp_if_0(__warp_subexpr_0)
E       ^***************************^
E   /home/greg/dev/nethermind/warp/tests/semantic/solidity/test/libsolidity/semanticTests/abiEncoderV2/struct/struct_validation.cairo.temp:174:9: (pc=0:2593)
E           __warp_block_0()
E           ^**************^
E   /home/greg/dev/nethermind/warp/tests/semantic/solidity/test/libsolidity/semanticTests/abiEncoderV2/struct/struct_validation.cairo.temp:165:5: (pc=0:2572)
E       __warp_if_1(__warp_subexpr_0)
E       ^***************************^
E   /home/greg/dev/nethermind/warp/tests/semantic/solidity/test/libsolidity/semanticTests/abiEncoderV2/struct/struct_validation.cairo.temp:151:9: (pc=0:2529)
E           __warp_block_1()
E           ^**************^

During handling of the above exception, another exception occurred:
tests/semantic/test_semantics.py:161: in test_semantics
    res = await invoke_method_evm_calldata(starknet, contract_address, argument)
../../../warp_dev/lib/python3.7/site-packages/sol_warp-0.2.12-py3.7.egg/yul/starknet_utils.py:30: in invoke_method_evm_calldata
    caller_address=0,
../../../warp_dev/lib/python3.7/site-packages/cairo_lang-0.6.2-py3.7.egg/starkware/starknet/testing/state.py:153: in invoke_raw
    state=state_copy, general_config=self.general_config
../../../warp_dev/lib/python3.7/site-packages/cairo_lang-0.6.2-py3.7.egg/starkware/starknet/business_logic/internal_transaction_interface.py:213: in apply_state_updates
    state=state_to_update, general_config=general_config
../../../warp_dev/lib/python3.7/site-packages/cairo_lang-0.6.2-py3.7.egg/starkware/starknet/business_logic/internal_transaction.py:405: in _apply_specific_state_updates
    func=_synchronous_apply_specific_state_updates,
/usr/lib/python3.7/concurrent/futures/thread.py:57: in run
    result = self.fn(*self.args, **self.kwargs)
../../../warp_dev/lib/python3.7/site-packages/cairo_lang-0.6.2-py3.7.egg/starkware/starknet/business_logic/internal_transaction.py:433: in _synchronous_apply_specific_state_updates
    run_resources=run_resources,
../../../warp_dev/lib/python3.7/site-packages/cairo_lang-0.6.2-py3.7.egg/starkware/starknet/business_logic/internal_transaction.py:559: in _run
    raise StarkException(code=code, message=str(exception))
E   starkware.starkware_utils.error_handling.StarkException: (500, {'code': <StarknetErrorCode.TRANSACTION_FAILED: 28>, 'message': '/home/greg/dev/nethermind/warp/tests/semantic/solidity/test/libsolidity/semanticTests/abiEncoderV2/struct/struct_validation.cairo.temp:121:9: Error at pc=0:2385:\nAn ASSERT_EQ instruction failed: 1 != 0.\n        assert 0 = 1\n        ^**********^\nCairo traceback (most recent call last):\n/home/greg/dev/nethermind/warp/tests/semantic/solidity/test/libsolidity/semanticTests/abiEncoderV2/struct/struct_validation.cairo.temp:35:6: (pc=0:2123)\nfunc __main{bitwise_ptr : BitwiseBuiltin*, range_check_ptr}(\n     ^****^\n/home/greg/dev/nethermind/warp/tests/semantic/solidity/test/libsolidity/semanticTests/abiEncoderV2/struct/struct_validation.cairo.temp:48:9: (pc=0:2068)\n        __main_meat()\n        ^***********^\n/home/greg/dev/nethermind/warp/tests/semantic/solidity/test/libsolidity/semanticTests/abiEncoderV2/struct/struct_validation.cairo.temp:189:5: (pc=0:2637)\n    __warp_if_0(__warp_subexpr_0)\n    ^***************************^\n/home/greg/dev/nethermind/warp/tests/semantic/solidity/test/libsolidity/semanticTests/abiEncoderV2/struct/struct_validation.cairo.temp:174:9: (pc=0:2593)\n        __warp_block_0()\n        ^**************^\n/home/greg/dev/nethermind/warp/tests/semantic/solidity/test/libsolidity/semanticTests/abiEncoderV2/struct/struct_validation.cairo.temp:165:5: (pc=0:2572)\n    __warp_if_1(__warp_subexpr_0)\n    ^***************************^\n/home/greg/dev/nethermind/warp/tests/semantic/solidity/test/libsolidity/semanticTests/abiEncoderV2/struct/struct_validation.cairo.temp:151:9: (pc=0:2529)\n        __warp_block_1()\n        ^**************^'})
___________________________________________________________ test_semantics[/home/greg/dev/nethermind/warp/tests/semantic/solidity/test/libsolidity/semanticTests/abiEncoderV2/cleanup/intx.sol] ____________________________________________________________
FAILURE: /home/greg/dev/nethermind/warp/tests/semantic/solidity/test/libsolidity/semanticTests/abiEncoderV2/cleanup/intx.cairo.temp
assert '0x0000000000...0000000000000' == '0x0000000000...0000000000001'
  - 0x0000000000000000000000000000000000000000000000000000000000000001
  ?                                                                  ^
  + 0x0000000000000000000000000000000000000000000000000000000000000000
  ?                                                                  ^
tests/semantic/test_semantics.py:173 in test_semantics() -> check.equal(final_res, expected_result, cairo_file_path)
------------------------------------------------------------
Failed Checks: 1
------------------------------------------------------------
../../../warp_dev/lib/python3.7/site-packages/cairo_lang-0.6.2-py3.7.egg/starkware/starknet/business_logic/internal_transaction.py:539: in _run
    verify_secure=True,
../../../warp_dev/lib/python3.7/site-packages/cairo_lang-0.6.2-py3.7.egg/starkware/cairo/common/cairo_function_runner.py:199: in run_from_entrypoint
    self.run_until_pc(addr=end, run_resources=run_resources)
../../../warp_dev/lib/python3.7/site-packages/cairo_lang-0.6.2-py3.7.egg/starkware/cairo/lang/vm/cairo_runner.py:284: in run_until_pc
    self.vm_step()
../../../warp_dev/lib/python3.7/site-packages/cairo_lang-0.6.2-py3.7.egg/starkware/cairo/lang/vm/cairo_runner.py:298: in vm_step
    self.vm.step()
../../../warp_dev/lib/python3.7/site-packages/cairo_lang-0.6.2-py3.7.egg/starkware/cairo/lang/vm/virtual_machine_base.py:255: in step
    self.run_instruction(instruction)
../../../warp_dev/lib/python3.7/site-packages/cairo_lang-0.6.2-py3.7.egg/starkware/cairo/lang/vm/vm_core.py:422: in run_instruction
    raise self.as_vm_exception(exc) from None
E   starkware.cairo.lang.vm.vm_exceptions.VmException: /home/greg/dev/nethermind/warp/tests/semantic/solidity/test/libsolidity/semanticTests/abiEncoderV2/cleanup/intx.cairo.temp:504:9: Error at pc=0:4032:
E   An ASSERT_EQ instruction failed: 1 != 0.
E           assert 0 = 1
E           ^**********^
E   Cairo traceback (most recent call last):
E   /home/greg/dev/nethermind/warp/tests/semantic/solidity/test/libsolidity/semanticTests/abiEncoderV2/cleanup/intx.cairo.temp:915:5: (pc=0:5375)
E       __warp_block_6(match_var)
E       ^***********************^
E   /home/greg/dev/nethermind/warp/tests/semantic/solidity/test/libsolidity/semanticTests/abiEncoderV2/cleanup/intx.cairo.temp:905:5: (pc=0:5341)
E       __warp_if_6(__warp_subexpr_0, match_var)
E       ^**************************************^
E   /home/greg/dev/nethermind/warp/tests/semantic/solidity/test/libsolidity/semanticTests/abiEncoderV2/cleanup/intx.cairo.temp:895:9: (pc=0:5306)
E           __warp_block_8(match_var)
E           ^***********************^
E   /home/greg/dev/nethermind/warp/tests/semantic/solidity/test/libsolidity/semanticTests/abiEncoderV2/cleanup/intx.cairo.temp:882:5: (pc=0:5289)
E       __warp_if_7(__warp_subexpr_0, match_var)
E       ^**************************************^
E   /home/greg/dev/nethermind/warp/tests/semantic/solidity/test/libsolidity/semanticTests/abiEncoderV2/cleanup/intx.cairo.temp:872:9: (pc=0:5254)
E           __warp_block_10(match_var)
E           ^************************^
E   /home/greg/dev/nethermind/warp/tests/semantic/solidity/test/libsolidity/semanticTests/abiEncoderV2/cleanup/intx.cairo.temp:859:5: (pc=0:5237)
E       __warp_if_8(__warp_subexpr_0, match_var)
E       ^**************************************^
E   /home/greg/dev/nethermind/warp/tests/semantic/solidity/test/libsolidity/semanticTests/abiEncoderV2/cleanup/intx.cairo.temp:849:9: (pc=0:5196)
E           __warp_block_12(match_var)
E           ^************************^
E   /home/greg/dev/nethermind/warp/tests/semantic/solidity/test/libsolidity/semanticTests/abiEncoderV2/cleanup/intx.cairo.temp:836:5: (pc=0:5179)
E       __warp_if_9(__warp_subexpr_0, match_var)
E       ^**************************************^
E   /home/greg/dev/nethermind/warp/tests/semantic/solidity/test/libsolidity/semanticTests/abiEncoderV2/cleanup/intx.cairo.temp:826:9: (pc=0:5138)
E           __warp_block_14(match_var)
E           ^************************^
E   /home/greg/dev/nethermind/warp/tests/semantic/solidity/test/libsolidity/semanticTests/abiEncoderV2/cleanup/intx.cairo.temp:813:5: (pc=0:5121)
E       __warp_if_10(__warp_subexpr_0, match_var)
E       ^***************************************^
E   /home/greg/dev/nethermind/warp/tests/semantic/solidity/test/libsolidity/semanticTests/abiEncoderV2/cleanup/intx.cairo.temp:803:9: (pc=0:5086)
E           __warp_block_16(match_var)
E           ^************************^
E   /home/greg/dev/nethermind/warp/tests/semantic/solidity/test/libsolidity/semanticTests/abiEncoderV2/cleanup/intx.cairo.temp:790:5: (pc=0:5069)
E       __warp_if_11(__warp_subexpr_0, match_var)
E       ^***************************************^
E   /home/greg/dev/nethermind/warp/tests/semantic/solidity/test/libsolidity/semanticTests/abiEncoderV2/cleanup/intx.cairo.temp:780:9: (pc=0:5028)
E           __warp_block_18(match_var)
E           ^************************^
E   /home/greg/dev/nethermind/warp/tests/semantic/solidity/test/libsolidity/semanticTests/abiEncoderV2/cleanup/intx.cairo.temp:767:5: (pc=0:5011)
E       __warp_if_12(__warp_subexpr_0, match_var)
E       ^***************************************^
E   /home/greg/dev/nethermind/warp/tests/semantic/solidity/test/libsolidity/semanticTests/abiEncoderV2/cleanup/intx.cairo.temp:757:9: (pc=0:4976)
E           __warp_block_20(match_var)
E           ^************************^
E   /home/greg/dev/nethermind/warp/tests/semantic/solidity/test/libsolidity/semanticTests/abiEncoderV2/cleanup/intx.cairo.temp:744:5: (pc=0:4959)
E       __warp_if_13(__warp_subexpr_0, match_var)
E       ^***************************************^
E   /home/greg/dev/nethermind/warp/tests/semantic/solidity/test/libsolidity/semanticTests/abiEncoderV2/cleanup/intx.cairo.temp:734:9: (pc=0:4917)
E           __warp_block_22(match_var)
E           ^************************^
E   /home/greg/dev/nethermind/warp/tests/semantic/solidity/test/libsolidity/semanticTests/abiEncoderV2/cleanup/intx.cairo.temp:721:5: (pc=0:4901)
E       __warp_if_14(__warp_subexpr_0, match_var)
E       ^***************************************^
E   /home/greg/dev/nethermind/warp/tests/semantic/solidity/test/libsolidity/semanticTests/abiEncoderV2/cleanup/intx.cairo.temp:708:9: (pc=0:4877)
E           __warp_block_23()
E           ^***************^
E   /home/greg/dev/nethermind/warp/tests/semantic/solidity/test/libsolidity/semanticTests/abiEncoderV2/cleanup/intx.cairo.temp:658:40: (pc=0:4690)
E       let (__warp_subexpr_0 : Uint256) = abi_decode_int8(__warp_subexpr_1)
E                                          ^*******************************^

During handling of the above exception, another exception occurred:
tests/semantic/test_semantics.py:161: in test_semantics
    res = await invoke_method_evm_calldata(starknet, contract_address, argument)
../../../warp_dev/lib/python3.7/site-packages/sol_warp-0.2.12-py3.7.egg/yul/starknet_utils.py:30: in invoke_method_evm_calldata
    caller_address=0,
../../../warp_dev/lib/python3.7/site-packages/cairo_lang-0.6.2-py3.7.egg/starkware/starknet/testing/state.py:153: in invoke_raw
    state=state_copy, general_config=self.general_config
../../../warp_dev/lib/python3.7/site-packages/cairo_lang-0.6.2-py3.7.egg/starkware/starknet/business_logic/internal_transaction_interface.py:213: in apply_state_updates
    state=state_to_update, general_config=general_config
../../../warp_dev/lib/python3.7/site-packages/cairo_lang-0.6.2-py3.7.egg/starkware/starknet/business_logic/internal_transaction.py:405: in _apply_specific_state_updates
    func=_synchronous_apply_specific_state_updates,
/usr/lib/python3.7/concurrent/futures/thread.py:57: in run
    result = self.fn(*self.args, **self.kwargs)
../../../warp_dev/lib/python3.7/site-packages/cairo_lang-0.6.2-py3.7.egg/starkware/starknet/business_logic/internal_transaction.py:433: in _synchronous_apply_specific_state_updates
    run_resources=run_resources,
../../../warp_dev/lib/python3.7/site-packages/cairo_lang-0.6.2-py3.7.egg/starkware/starknet/business_logic/internal_transaction.py:559: in _run
    raise StarkException(code=code, message=str(exception))
E   starkware.starkware_utils.error_handling.StarkException: (500, {'code': <StarknetErrorCode.TRANSACTION_FAILED: 28>, 'message': '/home/greg/dev/nethermind/warp/tests/semantic/solidity/test/libsolidity/semanticTests/abiEncoderV2/cleanup/intx.cairo.temp:504:9: Error at pc=0:4032:\nAn ASSERT_EQ instruction failed: 1 != 0.\n        assert 0 = 1\n        ^**********^\nCairo traceback (most recent call last):\n/home/greg/dev/nethermind/warp/tests/semantic/solidity/test/libsolidity/semanticTests/abiEncoderV2/cleanup/intx.cairo.temp:915:5: (pc=0:5375)\n    __warp_block_6(match_var)\n    ^***********************^\n/home/greg/dev/nethermind/warp/tests/semantic/solidity/test/libsolidity/semanticTests/abiEncoderV2/cleanup/intx.cairo.temp:905:5: (pc=0:5341)\n    __warp_if_6(__warp_subexpr_0, match_var)\n    ^**************************************^\n/home/greg/dev/nethermind/warp/tests/semantic/solidity/test/libsolidity/semanticTests/abiEncoderV2/cleanup/intx.cairo.temp:895:9: (pc=0:5306)\n        __warp_block_8(match_var)\n        ^***********************^\n/home/greg/dev/nethermind/warp/tests/semantic/solidity/test/libsolidity/semanticTests/abiEncoderV2/cleanup/intx.cairo.temp:882:5: (pc=0:5289)\n    __warp_if_7(__warp_subexpr_0, match_var)\n    ^**************************************^\n/home/greg/dev/nethermind/warp/tests/semantic/solidity/test/libsolidity/semanticTests/abiEncoderV2/cleanup/intx.cairo.temp:872:9: (pc=0:5254)\n        __warp_block_10(match_var)\n        ^************************^\n/home/greg/dev/nethermind/warp/tests/semantic/solidity/test/libsolidity/semanticTests/abiEncoderV2/cleanup/intx.cairo.temp:859:5: (pc=0:5237)\n    __warp_if_8(__warp_subexpr_0, match_var)\n    ^**************************************^\n/home/greg/dev/nethermind/warp/tests/semantic/solidity/test/libsolidity/semanticTests/abiEncoderV2/cleanup/intx.cairo.temp:849:9: (pc=0:5196)\n        __warp_block_12(match_var)\n        ^************************^\n/home/greg/dev/nethermind/warp/tests/semantic/solidity/test/libsolidity/semanticTests/abiEncoderV2/cleanup/intx.cairo.temp:836:5: (pc=0:5179)\n    __warp_if_9(__warp_subexpr_0, match_var)\n    ^**************************************^\n/home/greg/dev/nethermind/warp/tests/semantic/solidity/test/libsolidity/semanticTests/abiEncoderV2/cleanup/intx.cairo.temp:826:9: (pc=0:5138)\n        __warp_block_14(match_var)\n        ^************************^\n/home/greg/dev/nethermind/warp/tests/semantic/solidity/test/libsolidity/semanticTests/abiEncoderV2/cleanup/intx.cairo.temp:813:5: (pc=0:5121)\n    __warp_if_10(__warp_subexpr_0, match_var)\n    ^***************************************^\n/home/greg/dev/nethermind/warp/tests/semantic/solidity/test/libsolidity/semanticTests/abiEncoderV2/cleanup/intx.cairo.temp:803:9: (pc=0:5086)\n        __warp_block_16(match_var)\n        ^************************^\n/home/greg/dev/nethermind/warp/tests/semantic/solidity/test/libsolidity/semanticTests/abiEncoderV2/cleanup/intx.cairo.temp:790:5: (pc=0:5069)\n    __warp_if_11(__warp_subexpr_0, match_var)\n    ^***************************************^\n/home/greg/dev/nethermind/warp/tests/semantic/solidity/test/libsolidity/semanticTests/abiEncoderV2/cleanup/intx.cairo.temp:780:9: (pc=0:5028)\n        __warp_block_18(match_var)\n        ^************************^\n/home/greg/dev/nethermind/warp/tests/semantic/solidity/test/libsolidity/semanticTests/abiEncoderV2/cleanup/intx.cairo.temp:767:5: (pc=0:5011)\n    __warp_if_12(__warp_subexpr_0, match_var)\n    ^***************************************^\n/home/greg/dev/nethermind/warp/tests/semantic/solidity/test/libsolidity/semanticTests/abiEncoderV2/cleanup/intx.cairo.temp:757:9: (pc=0:4976)\n        __warp_block_20(match_var)\n        ^************************^\n/home/greg/dev/nethermind/warp/tests/semantic/solidity/test/libsolidity/semanticTests/abiEncoderV2/cleanup/intx.cairo.temp:744:5: (pc=0:4959)\n    __warp_if_13(__warp_subexpr_0, match_var)\n    ^***************************************^\n/home/greg/dev/nethermind/warp/tests/semantic/solidity/test/libsolidity/semanticTests/abiEncoderV2/cleanup/intx.cairo.temp:734:9: (pc=0:4917)\n        __warp_block_22(match_var)\n        ^************************^\n/home/greg/dev/nethermind/warp/tests/semantic/solidity/test/libsolidity/semanticTests/abiEncoderV2/cleanup/intx.cairo.temp:721:5: (pc=0:4901)\n    __warp_if_14(__warp_subexpr_0, match_var)\n    ^***************************************^\n/home/greg/dev/nethermind/warp/tests/semantic/solidity/test/libsolidity/semanticTests/abiEncoderV2/cleanup/intx.cairo.temp:708:9: (pc=0:4877)\n        __warp_block_23()\n        ^***************^\n/home/greg/dev/nethermind/warp/tests/semantic/solidity/test/libsolidity/semanticTests/abiEncoderV2/cleanup/intx.cairo.temp:658:40: (pc=0:4690)\n    let (__warp_subexpr_0 : Uint256) = abi_decode_int8(__warp_subexpr_1)\n                                       ^*******************************^'})
------------------------------------------------------------------------------------------------------------------- Captured stdout call -------------------------------------------------------------------------------------------------------------------
{'callData': '0x24743d400001000000000000000000000000000000000000000000000000000000000000', 'expectations': '0x0000000000000000000000000000000000000000000000000000000000000000', 'failure': False, 'signature': 'f1(bytes32)'}
{'callData': '0xb582ec5f', 'expectations': '0x00000000000000000000000000000000000000000000000000000000000000200000000000000000000000000000000000000000000000000000000000000124dc0ee2330000000000000000000000000000000000000000000000000000000000000020000000000000000000000000000000000000000000000000000000000000004000000000000000000000000000000000000000000000000000000000000000a000000000000000000000000000000000000000000000000000000000000000010000000000000000000000000000000000000000000000000000000000000042000000000000000000000000000000000000000000000000000000000000014200000000000000000000000000000000000000000000000000000000000000010000000000000000000000000000000000000000000000000000000000010042000000000000000000000000000000000000000000000000000000000001014200000000000000000000000000000000000000000000000000000000', 'failure': False, 'signature': 'j()'}
{'callData': '0x68dd531a0000000000000000000000000000000000000000000000000000000000000000', 'expectations': '0x0000000000000000000000000000000000000000000000000000000000000000', 'failure': False, 'signature': 'f8(uint256)'}
{'callData': '0x7614e9bd0000000000000000000000000000000000000000000000000000000000000000', 'expectations': '0x0000000000000000000000000000000000000000000000000000000000000000', 'failure': False, 'signature': 'f8(int256)'}
{'callData': '0x795fe4b40001000000000000000000000000000000000000000000000000000000000000', 'expectations': '0x', 'failure': True, 'signature': 'gg1(bytes1)'}
{'callData': '0x7e75e3bc0000000000000000000000000000000000000000000000000000000000000000', 'expectations': '0x0000000000000000000000000000000000000000000000000000000000000000', 'failure': False, 'signature': 'ggg8(uint8)'}
{'callData': '0x24743d400101000000000000000000000000000000000000000000000000000000000000', 'expectations': '0x0100000000000000000000000000000000000000000000000000000000000000', 'failure': False, 'signature': 'f1(bytes32)'}
{'callData': '0x68dd531a0000000000000000000000000000000000000000000000000000000000000001', 'expectations': '0x0000000000000000000000000000000000000000000000000000000000000001', 'failure': False, 'signature': 'f8(uint256)'}
{'callData': '0x795fe4b40101000000000000000000000000000000000000000000000000000000000000', 'expectations': '0x', 'failure': True, 'signature': 'gg1(bytes1)'}
{'callData': '0x7e75e3bc0000000000000000000000000000000000000000000000000000000000000001', 'expectations': '0x0000000000000000000000000000000000000000000000000000000000000001', 'failure': False, 'signature': 'ggg8(uint8)'}
{'callData': '0x24743d40ffffffffffffffffffffffffffffffffffffffffffffffffffffffffffffffff', 'expectations': '0xff00000000000000000000000000000000000000000000000000000000000000', 'failure': False, 'signature': 'f1(bytes32)'}
{'callData': '0xd6de053a0000000000000000000000000000000000000000000000000000000000000000', 'expectations': '0x0000000000000000000000000000000000000000000000000000000000000000', 'failure': False, 'signature': 'ggg8(int8)'}
{'callData': '0x68dd531a00000000000000000000000000000000000000000000000000000000000000fe', 'expectations': '0x00000000000000000000000000000000000000000000000000000000000000fe', 'failure': False, 'signature': 'f8(uint256)'}
{'callData': '0x7614e9bd0000000000000000000000000000000000000000000000000000000000000001', 'expectations': '0x0000000000000000000000000000000000000000000000000000000000000001', 'failure': False, 'signature': 'f8(int256)'}
{'callData': '0x7e75e3bc00000000000000000000000000000000000000000000000000000000000000fe', 'expectations': '0x00000000000000000000000000000000000000000000000000000000000000fe', 'failure': False, 'signature': 'ggg8(uint8)'}
{'callData': '0x795fe4b4ffffffffffffffffffffffffffffffffffffffffffffffffffffffffffffffff', 'expectations': '0x', 'failure': True, 'signature': 'gg1(bytes1)'}
{'callData': '0x17f49fc50000000000000000000000000000000000000000000000000000000000000000', 'expectations': '0x0000000000000000000000000000000000000000000000000000000000000000', 'failure': False, 'signature': 'f2(bytes32)'}
{'callData': '0xd67ce40f00000000000000000000000000000000000000000000000000000000000ff0100000000000000000000000000000000000000000000000000000000000ff00026162636400000000000000000000000000000000000000000000000000000000', 'expectations': '0x00000000000000000000000000000000000000000000000000000000000ff0100000000000000000000000000000000000000000000000000000000000ff00026162636400000000000000000000000000000000000000000000000000000000', 'failure': False, 'signature': 'f((int256,uint256,bytes16))'}
{'callData': '0x68dd531a00000000000000000000000000000000000000000000000000000000000000ff', 'expectations': '0x00000000000000000000000000000000000000000000000000000000000000ff', 'failure': False, 'signature': 'f8(uint256)'}
{'callData': '0xd6de053a0000000000000000000000000000000000000000000000000000000000000001', 'expectations': '0x0000000000000000000000000000000000000000000000000000000000000001', 'failure': False, 'signature': 'ggg8(int8)'}
------------------------------------------------------------------------------------------------------------------- Captured stderr call -------------------------------------------------------------------------------------------------------------------
Warning: SPDX license identifier not provided in source file. Before publishing, consider adding a comment containing "SPDX-License-Identifier: <SPDX-License>" to each source file. Use "SPDX-License-Identifier: UNLICENSED" for non-open-source code. Please see https://spdx.org for more information.
--> tests/semantic/solidity/test/libsolidity/semanticTests/interfaceID/homer_interfaceId_marked.sol

Warning: Function state mutability can be restricted to pure
  --> tests/semantic/solidity/test/libsolidity/semanticTests/interfaceID/homer_interfaceId_marked.sol:10:5:
   |
10 |     function supportsInterface(bytes4 interfaceID) external view override returns (bool) {
   |     ^ (Relevant source part starts here and spans across multiple lines).

Warning: Function state mutability can be restricted to pure
  --> tests/semantic/solidity/test/libsolidity/semanticTests/interfaceID/homer_interfaceId_marked.sol:15:5:
   |
15 |     function is2D() external override returns (bool) {
   |     ^ (Relevant source part starts here and spans across multiple lines).

Warning: Function state mutability can be restricted to pure
  --> tests/semantic/solidity/test/libsolidity/semanticTests/interfaceID/homer_interfaceId_marked.sol:18:5:
   |
18 |     function skinColor() external override returns (string memory) {
   |     ^ (Relevant source part starts here and spans across multiple lines).

Warning: SPDX license identifier not provided in source file. Before publishing, consider adding a comment containing "SPDX-License-Identifier: <SPDX-License>" to each source file. Use "SPDX-License-Identifier: UNLICENSED" for non-open-source code. Please see https://spdx.org for more information.
--> tests/semantic/solidity/test/libsolidity/semanticTests/array/strings_in_struct_marked.sol

Warning: Function state mutability can be restricted to view
  --> tests/semantic/solidity/test/libsolidity/semanticTests/array/strings_in_struct_marked.sol:13:5:
   |
13 |     function getFirst() public returns (uint256) {
   |     ^ (Relevant source part starts here and spans across multiple lines).

Warning: Function state mutability can be restricted to view
  --> tests/semantic/solidity/test/libsolidity/semanticTests/array/strings_in_struct_marked.sol:16:5:
   |
16 |     function getSecond() public returns (uint256) {
   |     ^ (Relevant source part starts here and spans across multiple lines).

Warning: Function state mutability can be restricted to view
  --> tests/semantic/solidity/test/libsolidity/semanticTests/array/strings_in_struct_marked.sol:19:5:
   |
19 |     function getThird() public returns (uint256) {
   |     ^ (Relevant source part starts here and spans across multiple lines).

Warning: Function state mutability can be restricted to view
  --> tests/semantic/solidity/test/libsolidity/semanticTests/array/strings_in_struct_marked.sol:22:5:
   |
22 |     function getLast() public returns (string memory) {
   |     ^ (Relevant source part starts here and spans across multiple lines).

----------------------------------------------------------------------------------------------------------------- Captured stdout teardown -----------------------------------------------------------------------------------------------------------------
{'callData': '0xde1067fd0000000000000000000000000000000000000000000000000000000000000000', 'expectations': '0x0000000000000000000000000000000000000000000000000000000000000000', 'failure': False, 'signature': 'gg2(bytes2)'}
_______________________________________________________ test_semantics[/home/greg/dev/nethermind/warp/tests/semantic/solidity/test/libsolidity/semanticTests/array/fixed_arrays_as_return_type.sol] ________________________________________________________
tests/semantic/test_semantics.py:126: in test_semantics
    contract_file, get_last_contract(contract_file)
../../../warp_dev/lib/python3.7/site-packages/sol_warp-0.2.12-py3.7.egg/yul/main.py:53: in transpile_from_solidity
    codes = json.loads(result.stdout)
/usr/lib/python3.7/json/__init__.py:348: in loads
    return _default_decoder.decode(s)
/usr/lib/python3.7/json/decoder.py:337: in decode
    obj, end = self.raw_decode(s, idx=_w(s, 0).end())
/usr/lib/python3.7/json/decoder.py:355: in raw_decode
    raise JSONDecodeError("Expecting value", s, err.value) from None
E   json.decoder.JSONDecodeError: Expecting value: line 1 column 1 (char 0)
------------------------------------------------------------------------------------------------------------------- Captured stdout call -------------------------------------------------------------------------------------------------------------------
{'callData': '0x68dd531a0000000000000000000000000000000000000000000000000000000000000100', 'expectations': '0x0000000000000000000000000000000000000000000000000000000000000000', 'failure': False, 'signature': 'f8(uint256)'}
{'callData': '0xde1067fd0100000000000000000000000000000000000000000000000000000000000000', 'expectations': '0x0100000000000000000000000000000000000000000000000000000000000000', 'failure': False, 'signature': 'gg2(bytes2)'}
{'callData': '0x7e75e3bc0000000000000000000000000000000000000000000000000000000000000100', 'expectations': '0x', 'failure': True, 'signature': 'ggg8(uint8)'}
------------------------------------------------------------------------------------------------------------------- Captured stderr call -------------------------------------------------------------------------------------------------------------------
Warning: SPDX license identifier not provided in source file. Before publishing, consider adding a comment containing "SPDX-License-Identifier: <SPDX-License>" to each source file. Use "SPDX-License-Identifier: UNLICENSED" for non-open-source code. Please see https://spdx.org for more information.
--> tests/semantic/solidity/test/libsolidity/semanticTests/array/arrays_complex_from_and_to_storage_marked.sol

Warning: Function state mutability can be restricted to view
 --> tests/semantic/solidity/test/libsolidity/semanticTests/array/arrays_complex_from_and_to_storage_marked.sol:8:5:
  |
8 |     function get() public returns (uint24[3][] memory) {
  |     ^ (Relevant source part starts here and spans across multiple lines).

Warning: SPDX license identifier not provided in source file. Before publishing, consider adding a comment containing "SPDX-License-Identifier: <SPDX-License>" to each source file. Use "SPDX-License-Identifier: UNLICENSED" for non-open-source code. Please see https://spdx.org for more information.
--> tests/semantic/solidity/test/libsolidity/semanticTests/array/fixed_arrays_as_return_type_marked.sol

________________________________________________________ test_semantics[/home/greg/dev/nethermind/warp/tests/semantic/solidity/test/libsolidity/semanticTests/array/function_array_cross_calls.sol] ________________________________________________________
tests/semantic/test_semantics.py:126: in test_semantics
    contract_file, get_last_contract(contract_file)
../../../warp_dev/lib/python3.7/site-packages/sol_warp-0.2.12-py3.7.egg/yul/main.py:53: in transpile_from_solidity
    codes = json.loads(result.stdout)
/usr/lib/python3.7/json/__init__.py:348: in loads
    return _default_decoder.decode(s)
/usr/lib/python3.7/json/decoder.py:337: in decode
    obj, end = self.raw_decode(s, idx=_w(s, 0).end())
/usr/lib/python3.7/json/decoder.py:355: in raw_decode
    raise JSONDecodeError("Expecting value", s, err.value) from None
E   json.decoder.JSONDecodeError: Expecting value: line 1 column 1 (char 0)
------------------------------------------------------------------------------------------------------------------- Captured stdout call -------------------------------------------------------------------------------------------------------------------
{'callData': '0xd2778040ffffffffffffffffffffffffffffffffffffffffffffffffffffffffffffffff', 'expectations': '0x', 'failure': True, 'signature': 'gg16(uint16)'}
{'callData': '0x8f1c9a8c0000000001000000000000000000000000000000000000000000000000000000', 'expectations': '0x0000000000000000000000000000000000000000000000000000000000000000', 'failure': False, 'signature': 'f4(bytes32)'}
{'callData': '0x574cb7660000000000000000000000000000000000000000000000000000000000000000', 'expectations': '0x0000000000000000000000000000000000000000000000000000000000000000', 'failure': False, 'signature': 'f32(uint256)'}
------------------------------------------------------------------------------------------------------------------- Captured stderr call -------------------------------------------------------------------------------------------------------------------
Warning: SPDX license identifier not provided in source file. Before publishing, consider adding a comment containing "SPDX-License-Identifier: <SPDX-License>" to each source file. Use "SPDX-License-Identifier: UNLICENSED" for non-open-source code. Please see https://spdx.org for more information.
--> tests/semantic/solidity/test/libsolidity/semanticTests/array/function_array_cross_calls_marked.sol

Warning: Function state mutability can be restricted to pure
  --> tests/semantic/solidity/test/libsolidity/semanticTests/array/function_array_cross_calls_marked.sol:19:5:
   |
19 |     function e() public returns (uint256) {
   |     ^ (Relevant source part starts here and spans across multiple lines).

Warning: Function state mutability can be restricted to pure
  --> tests/semantic/solidity/test/libsolidity/semanticTests/array/function_array_cross_calls_marked.sol:22:5:
   |
22 |     function f() public returns (uint256) {
   |     ^ (Relevant source part starts here and spans across multiple lines).

Warning: Function state mutability can be restricted to pure
  --> tests/semantic/solidity/test/libsolidity/semanticTests/array/function_array_cross_calls_marked.sol:25:5:
   |
25 |     function g() public returns (uint256) {
   |     ^ (Relevant source part starts here and spans across multiple lines).

Warning: Function state mutability can be restricted to view
  --> tests/semantic/solidity/test/libsolidity/semanticTests/array/function_array_cross_calls_marked.sol:32:5:
   |
32 |     function htwo() public returns (function() external returns (uint)) {
   |     ^ (Relevant source part starts here and spans across multiple lines).

______________________________________________________ test_semantics[/home/greg/dev/nethermind/warp/tests/semantic/solidity/test/libsolidity/semanticTests/abiEncoderV2/struct/struct_function.sol] _______________________________________________________
../../../warp_dev/lib/python3.7/site-packages/cairo_lang-0.6.2-py3.7.egg/starkware/starknet/business_logic/internal_transaction.py:539: in _run
    verify_secure=True,
../../../warp_dev/lib/python3.7/site-packages/cairo_lang-0.6.2-py3.7.egg/starkware/cairo/common/cairo_function_runner.py:199: in run_from_entrypoint
    self.run_until_pc(addr=end, run_resources=run_resources)
../../../warp_dev/lib/python3.7/site-packages/cairo_lang-0.6.2-py3.7.egg/starkware/cairo/lang/vm/cairo_runner.py:284: in run_until_pc
    self.vm_step()
../../../warp_dev/lib/python3.7/site-packages/cairo_lang-0.6.2-py3.7.egg/starkware/cairo/lang/vm/cairo_runner.py:298: in vm_step
    self.vm.step()
../../../warp_dev/lib/python3.7/site-packages/cairo_lang-0.6.2-py3.7.egg/starkware/cairo/lang/vm/virtual_machine_base.py:241: in step
    self.exec_hint(hint.compiled, exec_locals, hint_index=hint_index)
../../../warp_dev/lib/python3.7/site-packages/cairo_lang-0.6.2-py3.7.egg/starkware/cairo/lang/vm/virtual_machine_base.py:281: in exec_hint
    ) from None
E   starkware.cairo.lang.vm.vm_exceptions.VmException: /home/greg/warp_dev/lib/python3.7/site-packages/cairo_lang-0.6.2-py3.7.egg/starkware/starknet/common/syscalls.cairo:50:5: Error at pc=0:148:
E   Got an exception while executing a hint.
E       %{ syscall_handler.call_contract(segments=segments, syscall_ptr=ids.syscall_ptr) %}
E       ^*********************************************************************************^
E   Cairo traceback (most recent call last):
E   /home/greg/dev/nethermind/warp/tests/semantic/solidity/test/libsolidity/semanticTests/abiEncoderV2/struct/struct_function.cairo.temp:43:6: (pc=0:2276)
E   func __main{bitwise_ptr : BitwiseBuiltin*, range_check_ptr, syscall_ptr : felt*}(
E        ^****^
E   /home/greg/dev/nethermind/warp/tests/semantic/solidity/test/libsolidity/semanticTests/abiEncoderV2/struct/struct_function.cairo.temp:56:9: (pc=0:2218)
E           __main_meat()
E           ^***********^
E   /home/greg/dev/nethermind/warp/tests/semantic/solidity/test/libsolidity/semanticTests/abiEncoderV2/struct/struct_function.cairo.temp:459:5: (pc=0:3756)
E       __warp_if_2(__warp_subexpr_0)
E       ^***************************^
E   /home/greg/dev/nethermind/warp/tests/semantic/solidity/test/libsolidity/semanticTests/abiEncoderV2/struct/struct_function.cairo.temp:444:9: (pc=0:3711)
E           __warp_block_2()
E           ^**************^
E   /home/greg/dev/nethermind/warp/tests/semantic/solidity/test/libsolidity/semanticTests/abiEncoderV2/struct/struct_function.cairo.temp:434:5: (pc=0:3688)
E       __warp_block_3(match_var)
E       ^***********************^
E   /home/greg/dev/nethermind/warp/tests/semantic/solidity/test/libsolidity/semanticTests/abiEncoderV2/struct/struct_function.cairo.temp:424:5: (pc=0:3654)
E       __warp_if_3(__warp_subexpr_0, match_var)
E       ^**************************************^
E   /home/greg/dev/nethermind/warp/tests/semantic/solidity/test/libsolidity/semanticTests/abiEncoderV2/struct/struct_function.cairo.temp:414:9: (pc=0:3619)
E           __warp_block_5(match_var)
E           ^***********************^
E   /home/greg/dev/nethermind/warp/tests/semantic/solidity/test/libsolidity/semanticTests/abiEncoderV2/struct/struct_function.cairo.temp:401:5: (pc=0:3602)
E       __warp_if_4(__warp_subexpr_0, match_var)
E       ^**************************************^
E   /home/greg/dev/nethermind/warp/tests/semantic/solidity/test/libsolidity/semanticTests/abiEncoderV2/struct/struct_function.cairo.temp:391:9: (pc=0:3561)
E           __warp_block_7(match_var)
E           ^***********************^
E   /home/greg/dev/nethermind/warp/tests/semantic/solidity/test/libsolidity/semanticTests/abiEncoderV2/struct/struct_function.cairo.temp:378:5: (pc=0:3544)
E       __warp_if_5(__warp_subexpr_0)
E       ^***************************^
E   /home/greg/dev/nethermind/warp/tests/semantic/solidity/test/libsolidity/semanticTests/abiEncoderV2/struct/struct_function.cairo.temp:366:9: (pc=0:3521)
E           __warp_block_8()
E           ^**************^
E   /home/greg/dev/nethermind/warp/tests/semantic/solidity/test/libsolidity/semanticTests/abiEncoderV2/struct/struct_function.cairo.temp:352:46: (pc=0:3446)
E       let (ret_2 : Uint256, ret_3 : Uint256) = fun_test()
E                                                ^********^
E   /home/greg/dev/nethermind/warp/tests/semantic/solidity/test/libsolidity/semanticTests/abiEncoderV2/struct/struct_function.cairo.temp:276:26: (pc=0:3147)
E       let (_4 : Uint256) = warp_call(
E                            ^********^
E   /home/greg/dev/nethermind/warp/warp/cairo-src/evm/yul_api.cairo:42:21: (pc=0:2070)
E       let (success) = general_call(
E                       ^***********^
E   /home/greg/dev/nethermind/warp/warp/cairo-src/evm/calls.cairo:84:5: (pc=0:1946)
E       call abs call_function
E       ^********************^
E   
E   Error in the called contract (0xb98ad6646921133df0635112e2783835c384dbcbdca5e1d275d8f17ca5315e):
E   /home/greg/warp_dev/lib/python3.7/site-packages/cairo_lang-0.6.2-py3.7.egg/starkware/starknet/common/syscalls.cairo:50:5: Error at pc=0:148:
E   Got an exception while executing a hint.
E       %{ syscall_handler.call_contract(segments=segments, syscall_ptr=ids.syscall_ptr) %}
E       ^*********************************************************************************^
E   Cairo traceback (most recent call last):
E   /home/greg/dev/nethermind/warp/tests/semantic/solidity/test/libsolidity/semanticTests/abiEncoderV2/struct/struct_function.cairo.temp:43:6: (pc=0:2276)
E   func __main{bitwise_ptr : BitwiseBuiltin*, range_check_ptr, syscall_ptr : felt*}(
E        ^****^
E   /home/greg/dev/nethermind/warp/tests/semantic/solidity/test/libsolidity/semanticTests/abiEncoderV2/struct/struct_function.cairo.temp:56:9: (pc=0:2218)
E           __main_meat()
E           ^***********^
E   /home/greg/dev/nethermind/warp/tests/semantic/solidity/test/libsolidity/semanticTests/abiEncoderV2/struct/struct_function.cairo.temp:459:5: (pc=0:3756)
E       __warp_if_2(__warp_subexpr_0)
E       ^***************************^
E   /home/greg/dev/nethermind/warp/tests/semantic/solidity/test/libsolidity/semanticTests/abiEncoderV2/struct/struct_function.cairo.temp:444:9: (pc=0:3711)
E           __warp_block_2()
E           ^**************^
E   /home/greg/dev/nethermind/warp/tests/semantic/solidity/test/libsolidity/semanticTests/abiEncoderV2/struct/struct_function.cairo.temp:434:5: (pc=0:3688)
E       __warp_block_3(match_var)
E       ^***********************^
E   /home/greg/dev/nethermind/warp/tests/semantic/solidity/test/libsolidity/semanticTests/abiEncoderV2/struct/struct_function.cairo.temp:424:5: (pc=0:3654)
E       __warp_if_3(__warp_subexpr_0, match_var)
E       ^**************************************^
E   /home/greg/dev/nethermind/warp/tests/semantic/solidity/test/libsolidity/semanticTests/abiEncoderV2/struct/struct_function.cairo.temp:411:9: (pc=0:3629)
E           __warp_block_4()
E           ^**************^
E   /home/greg/dev/nethermind/warp/tests/semantic/solidity/test/libsolidity/semanticTests/abiEncoderV2/struct/struct_function.cairo.temp:325:58: (pc=0:3319)
E       let (ret__warp_mangled : Uint256, ret_1 : Uint256) = fun_f()
E                                                            ^*****^
E   /home/greg/dev/nethermind/warp/tests/semantic/solidity/test/libsolidity/semanticTests/abiEncoderV2/struct/struct_function.cairo.temp:142:26: (pc=0:2606)
E       let (_3 : Uint256) = warp_call(
E                            ^********^
E   /home/greg/dev/nethermind/warp/warp/cairo-src/evm/yul_api.cairo:42:21: (pc=0:2070)
E       let (success) = general_call(
E                       ^***********^
E   /home/greg/dev/nethermind/warp/warp/cairo-src/evm/calls.cairo:84:5: (pc=0:1946)
E       call abs call_function
E       ^********************^
E   
E   Error in the called contract (0x12e2783835c384dbcbdca5e1d275d8f17ca5315d):
E   Contract with address 107812274891285667424477520272952237918341378397 is not deployed.

During handling of the above exception, another exception occurred:
tests/semantic/test_semantics.py:161: in test_semantics
    res = await invoke_method_evm_calldata(starknet, contract_address, argument)
../../../warp_dev/lib/python3.7/site-packages/sol_warp-0.2.12-py3.7.egg/yul/starknet_utils.py:30: in invoke_method_evm_calldata
    caller_address=0,
../../../warp_dev/lib/python3.7/site-packages/cairo_lang-0.6.2-py3.7.egg/starkware/starknet/testing/state.py:153: in invoke_raw
    state=state_copy, general_config=self.general_config
../../../warp_dev/lib/python3.7/site-packages/cairo_lang-0.6.2-py3.7.egg/starkware/starknet/business_logic/internal_transaction_interface.py:213: in apply_state_updates
    state=state_to_update, general_config=general_config
../../../warp_dev/lib/python3.7/site-packages/cairo_lang-0.6.2-py3.7.egg/starkware/starknet/business_logic/internal_transaction.py:405: in _apply_specific_state_updates
    func=_synchronous_apply_specific_state_updates,
/usr/lib/python3.7/concurrent/futures/thread.py:57: in run
    result = self.fn(*self.args, **self.kwargs)
../../../warp_dev/lib/python3.7/site-packages/cairo_lang-0.6.2-py3.7.egg/starkware/starknet/business_logic/internal_transaction.py:433: in _synchronous_apply_specific_state_updates
    run_resources=run_resources,
../../../warp_dev/lib/python3.7/site-packages/cairo_lang-0.6.2-py3.7.egg/starkware/starknet/business_logic/internal_transaction.py:559: in _run
    raise StarkException(code=code, message=str(exception))
E   starkware.starkware_utils.error_handling.StarkException: (500, {'code': <StarknetErrorCode.UNINITIALIZED_CONTRACT: 32>, 'message': '/home/greg/warp_dev/lib/python3.7/site-packages/cairo_lang-0.6.2-py3.7.egg/starkware/starknet/common/syscalls.cairo:50:5: Error at pc=0:148:\nGot an exception while executing a hint.\n    %{ syscall_handler.call_contract(segments=segments, syscall_ptr=ids.syscall_ptr) %}\n    ^*********************************************************************************^\nCairo traceback (most recent call last):\n/home/greg/dev/nethermind/warp/tests/semantic/solidity/test/libsolidity/semanticTests/abiEncoderV2/struct/struct_function.cairo.temp:43:6: (pc=0:2276)\nfunc __main{bitwise_ptr : BitwiseBuiltin*, range_check_ptr, syscall_ptr : felt*}(\n     ^****^\n/home/greg/dev/nethermind/warp/tests/semantic/solidity/test/libsolidity/semanticTests/abiEncoderV2/struct/struct_function.cairo.temp:56:9: (pc=0:2218)\n        __main_meat()\n        ^***********^\n/home/greg/dev/nethermind/warp/tests/semantic/solidity/test/libsolidity/semanticTests/abiEncoderV2/struct/struct_function.cairo.temp:459:5: (pc=0:3756)\n    __warp_if_2(__warp_subexpr_0)\n    ^***************************^\n/home/greg/dev/nethermind/warp/tests/semantic/solidity/test/libsolidity/semanticTests/abiEncoderV2/struct/struct_function.cairo.temp:444:9: (pc=0:3711)\n        __warp_block_2()\n        ^**************^\n/home/greg/dev/nethermind/warp/tests/semantic/solidity/test/libsolidity/semanticTests/abiEncoderV2/struct/struct_function.cairo.temp:434:5: (pc=0:3688)\n    __warp_block_3(match_var)\n    ^***********************^\n/home/greg/dev/nethermind/warp/tests/semantic/solidity/test/libsolidity/semanticTests/abiEncoderV2/struct/struct_function.cairo.temp:424:5: (pc=0:3654)\n    __warp_if_3(__warp_subexpr_0, match_var)\n    ^**************************************^\n/home/greg/dev/nethermind/warp/tests/semantic/solidity/test/libsolidity/semanticTests/abiEncoderV2/struct/struct_function.cairo.temp:414:9: (pc=0:3619)\n        __warp_block_5(match_var)\n        ^***********************^\n/home/greg/dev/nethermind/warp/tests/semantic/solidity/test/libsolidity/semanticTests/abiEncoderV2/struct/struct_function.cairo.temp:401:5: (pc=0:3602)\n    __warp_if_4(__warp_subexpr_0, match_var)\n    ^**************************************^\n/home/greg/dev/nethermind/warp/tests/semantic/solidity/test/libsolidity/semanticTests/abiEncoderV2/struct/struct_function.cairo.temp:391:9: (pc=0:3561)\n        __warp_block_7(match_var)\n        ^***********************^\n/home/greg/dev/nethermind/warp/tests/semantic/solidity/test/libsolidity/semanticTests/abiEncoderV2/struct/struct_function.cairo.temp:378:5: (pc=0:3544)\n    __warp_if_5(__warp_subexpr_0)\n    ^***************************^\n/home/greg/dev/nethermind/warp/tests/semantic/solidity/test/libsolidity/semanticTests/abiEncoderV2/struct/struct_function.cairo.temp:366:9: (pc=0:3521)\n        __warp_block_8()\n        ^**************^\n/home/greg/dev/nethermind/warp/tests/semantic/solidity/test/libsolidity/semanticTests/abiEncoderV2/struct/struct_function.cairo.temp:352:46: (pc=0:3446)\n    let (ret_2 : Uint256, ret_3 : Uint256) = fun_test()\n                                             ^********^\n/home/greg/dev/nethermind/warp/tests/semantic/solidity/test/libsolidity/semanticTests/abiEncoderV2/struct/struct_function.cairo.temp:276:26: (pc=0:3147)\n    let (_4 : Uint256) = warp_call(\n                         ^********^\n/home/greg/dev/nethermind/warp/warp/cairo-src/evm/yul_api.cairo:42:21: (pc=0:2070)\n    let (success) = general_call(\n                    ^***********^\n/home/greg/dev/nethermind/warp/warp/cairo-src/evm/calls.cairo:84:5: (pc=0:1946)\n    call abs call_function\n    ^********************^\n\nError in the called contract (0xb98ad6646921133df0635112e2783835c384dbcbdca5e1d275d8f17ca5315e):\n/home/greg/warp_dev/lib/python3.7/site-packages/cairo_lang-0.6.2-py3.7.egg/starkware/starknet/common/syscalls.cairo:50:5: Error at pc=0:148:\nGot an exception while executing a hint.\n    %{ syscall_handler.call_contract(segments=segments, syscall_ptr=ids.syscall_ptr) %}\n    ^*********************************************************************************^\nCairo traceback (most recent call last):\n/home/greg/dev/nethermind/warp/tests/semantic/solidity/test/libsolidity/semanticTests/abiEncoderV2/struct/struct_function.cairo.temp:43:6: (pc=0:2276)\nfunc __main{bitwise_ptr : BitwiseBuiltin*, range_check_ptr, syscall_ptr : felt*}(\n     ^****^\n/home/greg/dev/nethermind/warp/tests/semantic/solidity/test/libsolidity/semanticTests/abiEncoderV2/struct/struct_function.cairo.temp:56:9: (pc=0:2218)\n        __main_meat()\n        ^***********^\n/home/greg/dev/nethermind/warp/tests/semantic/solidity/test/libsolidity/semanticTests/abiEncoderV2/struct/struct_function.cairo.temp:459:5: (pc=0:3756)\n    __warp_if_2(__warp_subexpr_0)\n    ^***************************^\n/home/greg/dev/nethermind/warp/tests/semantic/solidity/test/libsolidity/semanticTests/abiEncoderV2/struct/struct_function.cairo.temp:444:9: (pc=0:3711)\n        __warp_block_2()\n        ^**************^\n/home/greg/dev/nethermind/warp/tests/semantic/solidity/test/libsolidity/semanticTests/abiEncoderV2/struct/struct_function.cairo.temp:434:5: (pc=0:3688)\n    __warp_block_3(match_var)\n    ^***********************^\n/home/greg/dev/nethermind/warp/tests/semantic/solidity/test/libsolidity/semanticTests/abiEncoderV2/struct/struct_function.cairo.temp:424:5: (pc=0:3654)\n    __warp_if_3(__warp_subexpr_0, match_var)\n    ^**************************************^\n/home/greg/dev/nethermind/warp/tests/semantic/solidity/test/libsolidity/semanticTests/abiEncoderV2/struct/struct_function.cairo.temp:411:9: (pc=0:3629)\n        __warp_block_4()\n        ^**************^\n/home/greg/dev/nethermind/warp/tests/semantic/solidity/test/libsolidity/semanticTests/abiEncoderV2/struct/struct_function.cairo.temp:325:58: (pc=0:3319)\n    let (ret__warp_mangled : Uint256, ret_1 : Uint256) = fun_f()\n                                                         ^*****^\n/home/greg/dev/nethermind/warp/tests/semantic/solidity/test/libsolidity/semanticTests/abiEncoderV2/struct/struct_function.cairo.temp:142:26: (pc=0:2606)\n    let (_3 : Uint256) = warp_call(\n                         ^********^\n/home/greg/dev/nethermind/warp/warp/cairo-src/evm/yul_api.cairo:42:21: (pc=0:2070)\n    let (success) = general_call(\n                    ^***********^\n/home/greg/dev/nethermind/warp/warp/cairo-src/evm/calls.cairo:84:5: (pc=0:1946)\n    call abs call_function\n    ^********************^\n\nError in the called contract (0x12e2783835c384dbcbdca5e1d275d8f17ca5315d):\nContract with address 107812274891285667424477520272952237918341378397 is not deployed.'})
------------------------------------------------------------------------------------------------------------------- Captured stdout call -------------------------------------------------------------------------------------------------------------------
{'callData': '0xd36e0ef00000000000000000000000000000000000000000000000000000000000000000', 'expectations': '0x0000000000000000000000000000000000000000000000000000000000000000', 'failure': False, 'signature': 'gg32(uint32)'}
{'callData': '0x1f30474c0000000001000000000000000000000000000000000000000000000000000000', 'expectations': '0x', 'failure': True, 'signature': 'gg4(bytes4)'}
{'callData': '0xe2179b8e', 'expectations': '0x000000000000000000000000000000000000000000000000000000000000002000000000000000000000000000000000000000000000000000000000000000c4eccb829a00000000000000000000000000000000000000000000000000000000000000200000000000000000000000000000000000000000000000000000000000000001000000000000000000000000000000000000000000000000000000000000002000000000000000000000000000000000000000000000000000000000000000200000000000000000000000000000000000000000000000000000000000000001000000000000000000000000000000000000000000000000000000000000002a00000000000000000000000000000000000000000000000000000000', 'failure': False, 'signature': 'g()'}
{'callData': '0x8f1c9a8c0100000001000000000000000000000000000000000000000000000000000000', 'expectations': '0x0100000000000000000000000000000000000000000000000000000000000000', 'failure': False, 'signature': 'f4(bytes32)'}
{'callData': '0x574cb7660000000000000000000000000000000000000000000000000000000000000001', 'expectations': '0x0000000000000000000000000000000000000000000000000000000000000001', 'failure': False, 'signature': 'f32(uint256)'}
{'callData': '0x1f30474c0100000001000000000000000000000000000000000000000000000000000000', 'expectations': '0x', 'failure': True, 'signature': 'gg4(bytes4)'}
{'callData': '0x8f1c9a8cffffffffffffffffffffffffffffffffffffffffffffffffffffffffffffffff', 'expectations': '0xffffffff00000000000000000000000000000000000000000000000000000000', 'failure': False, 'signature': 'f4(bytes32)'}
{'callData': '0xd36e0ef00000000000000000000000000000000000000000000000000000000000000001', 'expectations': '0x0000000000000000000000000000000000000000000000000000000000000001', 'failure': False, 'signature': 'gg32(uint32)'}
{'callData': '0x574cb76600000000000000000000000000000000000000000000000000000000fffffffe', 'expectations': '0x00000000000000000000000000000000000000000000000000000000fffffffe', 'failure': False, 'signature': 'f32(uint256)'}
{'callData': '0xd36e0ef000000000000000000000000000000000000000000000000000000000fffffffe', 'expectations': '0x00000000000000000000000000000000000000000000000000000000fffffffe', 'failure': False, 'signature': 'gg32(uint32)'}
{'callData': '0x1f30474cffffffffffffffffffffffffffffffffffffffffffffffffffffffffffffffff', 'expectations': '0x', 'failure': True, 'signature': 'gg4(bytes4)'}
{'callData': '0x574cb76600000000000000000000000000000000000000000000000000000000ffffffff', 'expectations': '0x00000000000000000000000000000000000000000000000000000000ffffffff', 'failure': False, 'signature': 'f32(uint256)'}
{'callData': '0xdf3c975e0000000000000000000000000000000000000000000000000000000000000000', 'expectations': '0x0000000000000000000000000000000000000000000000000000000000000000', 'failure': False, 'signature': 'f8(bytes32)'}
{'callData': '0xf8a8fd6d', 'expectations': '0x00000000000000000000000000000000000000000000000000000000000000070000000000000000000000000000000000000000000000000000000000000003', 'failure': False, 'signature': 'test()'}
------------------------------------------------------------------------------------------------------------------- Captured stderr call -------------------------------------------------------------------------------------------------------------------
Warning: SPDX license identifier not provided in source file. Before publishing, consider adding a comment containing "SPDX-License-Identifier: <SPDX-License>" to each source file. Use "SPDX-License-Identifier: UNLICENSED" for non-open-source code. Please see https://spdx.org for more information.
--> tests/semantic/solidity/test/libsolidity/semanticTests/array/memory_arrays_of_various_sizes_marked.sol

Warning: Function state mutability can be restricted to pure
 --> tests/semantic/solidity/test/libsolidity/semanticTests/array/memory_arrays_of_various_sizes_marked.sol:3:5:
  |
3 |     function f(uint256 n, uint256 k) public returns (uint256) {
  |     ^ (Relevant source part starts here and spans across multiple lines).

----------------------------------------------------------------------------------------------------------------- Captured stdout teardown -----------------------------------------------------------------------------------------------------------------
{'callData': '0x8c1d80490000000000000000000000000000000000000000000000000000000000000000', 'expectations': '0x0000000000000000000000000000000000000000000000000000000000000000', 'failure': False, 'signature': 'gg8(bytes8)'}
_________________________________________________________ test_semantics[/home/greg/dev/nethermind/warp/tests/semantic/solidity/test/libsolidity/semanticTests/interfaceID/interfaceId_events.sol] _________________________________________________________
FAILURE: /home/greg/dev/nethermind/warp/tests/semantic/solidity/test/libsolidity/semanticTests/interfaceID/interfaceId_events.cairo.temp
assert '0x394174a800...0000000000000' == '0xc6be8b5800...0000000000000'
  - 0xc6be8b5800000000000000000000000000000000000000000000000000000000
  ?   ^^^^^^^
  + 0x394174a800000000000000000000000000000000000000000000000000000000
  ?   ^^^^^^^
tests/semantic/test_semantics.py:173 in test_semantics() -> check.equal(final_res, expected_result, cairo_file_path)
FAILURE: /home/greg/dev/nethermind/warp/tests/semantic/solidity/test/libsolidity/semanticTests/interfaceID/interfaceId_events.cairo.temp
assert '0x394174a700...0000000000000' == '0xc6be8b5800...0000000000000'
  - 0xc6be8b5800000000000000000000000000000000000000000000000000000000
  ?   ^^^^^^^^
  + 0x394174a700000000000000000000000000000000000000000000000000000000
  ?   ^^^^^^^^
tests/semantic/test_semantics.py:173 in test_semantics() -> check.equal(final_res, expected_result, cairo_file_path)
------------------------------------------------------------
Failed Checks: 2
------------------------------------------------------------------------------------------------------------------- Captured stdout call -------------------------------------------------------------------------------------------------------------------
{'callData': '0xdf3c975e0100000000000000000000000000000000000000000000000000000000000000', 'expectations': '0x0100000000000000000000000000000000000000000000000000000000000000', 'failure': False, 'signature': 'f8(bytes32)'}
{'callData': '0xd36e0ef000000000000000000000000000000000000000000000000000000000ffffffff', 'expectations': '0x00000000000000000000000000000000000000000000000000000000ffffffff', 'failure': False, 'signature': 'gg32(uint32)'}
{'callData': '0x574cb7660000000000000000000000000000000000000000000000000000000100000000', 'expectations': '0x0000000000000000000000000000000000000000000000000000000000000000', 'failure': False, 'signature': 'f32(uint256)'}
{'callData': '0xd36e0ef00000000000000000000000000000000000000000000000000000000100000000', 'expectations': '0x', 'failure': True, 'signature': 'gg32(uint32)'}
{'callData': '0x8c1d80490100000000000000000000000000000000000000000000000000000000000000', 'expectations': '0x0100000000000000000000000000000000000000000000000000000000000000', 'failure': False, 'signature': 'gg8(bytes8)'}
{'callData': '0x574cb7660000000000000000000000000000000000000000000000000000000100000001', 'expectations': '0x0000000000000000000000000000000000000000000000000000000000000001', 'failure': False, 'signature': 'f32(uint256)'}
{'callData': '0xb8c9d365', 'expectations': '0x000000000000000000000000000000000000000000000000000000000000002000000000000000000000000000000000000000000000000000000000000000c4eccb829a00000000000000000000000000000000000000000000000000000000000000200000000000000000000000000000000000000000000000000000000000000001000000000000000000000000000000000000000000000000000000000000002000000000000000000000000000000000000000000000000000000000000000200000000000000000000000000000000000000000000000000000000000000001000000000000000000000000000000000000000000000000000000000000002a00000000000000000000000000000000000000000000000000000000', 'failure': False, 'signature': 'h()'}
{'callData': '0xdf3c975efffffffffffffffe000000000000000000000000000000000000000000000000', 'expectations': '0xfffffffffffffffe000000000000000000000000000000000000000000000000', 'failure': False, 'signature': 'f8(bytes32)'}
{'callData': '0x8c1d8049fffffffffffffffe000000000000000000000000000000000000000000000000', 'expectations': '0xfffffffffffffffe000000000000000000000000000000000000000000000000', 'failure': False, 'signature': 'gg8(bytes8)'}
{'callData': '0xdf3c975effffffffffffffff000000000000000000000000000000000000000000000000', 'expectations': '0xffffffffffffffff000000000000000000000000000000000000000000000000', 'failure': False, 'signature': 'f8(bytes32)'}
{'callData': '0xd36e0ef00000000000000000000000000000000000000000000000000000000100000001', 'expectations': '0x', 'failure': True, 'signature': 'gg32(uint32)'}
{'callData': '0x574cb766ffffffffffffffffffffffffffffffffffffffffffffffffffffffffffffffff', 'expectations': '0x00000000000000000000000000000000000000000000000000000000ffffffff', 'failure': False, 'signature': 'f32(uint256)'}
{'callData': '0xd36e0ef0ffffffffffffffffffffffffffffffffffffffffffffffffffffffffffffffff', 'expectations': '0x', 'failure': True, 'signature': 'gg32(uint32)'}
{'callData': '0x8c1d8049ffffffffffffffff000000000000000000000000000000000000000000000000', 'expectations': '0xffffffffffffffff000000000000000000000000000000000000000000000000', 'failure': False, 'signature': 'gg8(bytes8)'}
{'callData': '0x1c63e7190000000000000000000000000000000000000000000000000000000000000000', 'expectations': '0x0000000000000000000000000000000000000000000000000000000000000000', 'failure': False, 'signature': 'f64(uint256)'}
{'callData': '0xdf3c975e0000000000000000010000000000000000000000000000000000000000000000', 'expectations': '0x0000000000000000000000000000000000000000000000000000000000000000', 'failure': False, 'signature': 'f8(bytes32)'}
{'callData': '0x8c1d80490000000000000000010000000000000000000000000000000000000000000000', 'expectations': '0x', 'failure': True, 'signature': 'gg8(bytes8)'}
{'callData': '0xdf3c975e0100000000000000010000000000000000000000000000000000000000000000', 'expectations': '0x0100000000000000000000000000000000000000000000000000000000000000', 'failure': False, 'signature': 'f8(bytes32)'}
{'callData': '0xf099673f0000000000000000000000000000000000000000000000000000000000000000', 'expectations': '0x0000000000000000000000000000000000000000000000000000000000000000', 'failure': False, 'signature': 'gg64(uint64)'}
{'callData': '0x1c63e7190000000000000000000000000000000000000000000000000000000000000001', 'expectations': '0x0000000000000000000000000000000000000000000000000000000000000001', 'failure': False, 'signature': 'f64(uint256)'}
{'callData': '0x8c1d80490100000000000000010000000000000000000000000000000000000000000000', 'expectations': '0x', 'failure': True, 'signature': 'gg8(bytes8)'}
{'callData': '0xf099673f0000000000000000000000000000000000000000000000000000000000000001', 'expectations': '0x0000000000000000000000000000000000000000000000000000000000000001', 'failure': False, 'signature': 'gg64(uint64)'}
{'callData': '0x1c63e719000000000000000000000000000000000000000000000000fffffffffffffffe', 'expectations': '0x000000000000000000000000000000000000000000000000fffffffffffffffe', 'failure': False, 'signature': 'f64(uint256)'}
{'callData': '0x01ffc9a701ffc9a000000000000000000000000000000000000000000000000000000000', 'expectations': '0x0000000000000000000000000000000000000000000000000000000000000000', 'failure': False, 'signature': 'supportsInterface(bytes4)'}
{'callData': '0xdf3c975effffffffffffffffffffffffffffffffffffffffffffffffffffffffffffffff', 'expectations': '0xffffffffffffffff000000000000000000000000000000000000000000000000', 'failure': False, 'signature': 'f8(bytes32)'}
{'callData': '0x9476f922', 'expectations': '0xc6be8b5800000000000000000000000000000000000000000000000000000000', 'failure': False, 'signature': 'hello_world()'}
{'callData': '0x01ffc9a701ffc9a700000000000000000000000000000000000000000000000000000000', 'expectations': '0x0000000000000000000000000000000000000000000000000000000000000001', 'failure': False, 'signature': 'supportsInterface(bytes4)'}
{'callData': '0x01ffc9a773b6b49200000000000000000000000000000000000000000000000000000000', 'expectations': '0x0000000000000000000000000000000000000000000000000000000000000001', 'failure': False, 'signature': 'supportsInterface(bytes4)'}
{'callData': '0x3232b21e', 'expectations': '0xc6be8b5800000000000000000000000000000000000000000000000000000000', 'failure': False, 'signature': 'hello_world_with_event()'}
{'callData': '0x01ffc9a770b6b49200000000000000000000000000000000000000000000000000000000', 'expectations': '0x0000000000000000000000000000000000000000000000000000000000000000', 'failure': False, 'signature': 'supportsInterface(bytes4)'}
------------------------------------------------------------------------------------------------------------------- Captured stderr call -------------------------------------------------------------------------------------------------------------------
Warning: SPDX license identifier not provided in source file. Before publishing, consider adding a comment containing "SPDX-License-Identifier: <SPDX-License>" to each source file. Use "SPDX-License-Identifier: UNLICENSED" for non-open-source code. Please see https://spdx.org for more information.
--> tests/semantic/solidity/test/libsolidity/semanticTests/array/dynamic_out_of_bounds_array_access_marked.sol

Warning: Function state mutability can be restricted to view
  --> tests/semantic/solidity/test/libsolidity/semanticTests/array/dynamic_out_of_bounds_array_access_marked.sol:12:5:
   |
12 |     function get(uint256 index) public returns (uint256) {
   |     ^ (Relevant source part starts here and spans across multiple lines).

Warning: Function state mutability can be restricted to view
  --> tests/semantic/solidity/test/libsolidity/semanticTests/array/dynamic_out_of_bounds_array_access_marked.sol:15:5:
   |
15 |     function length() public returns (uint256) {
   |     ^ (Relevant source part starts here and spans across multiple lines).

______________________________________________________________ test_semantics[/home/greg/dev/nethermind/warp/tests/semantic/solidity/test/libsolidity/semanticTests/array/reusing_memory.sol] ______________________________________________________________
tests/semantic/test_semantics.py:126: in test_semantics
    contract_file, get_last_contract(contract_file)
../../../warp_dev/lib/python3.7/site-packages/sol_warp-0.2.12-py3.7.egg/yul/main.py:53: in transpile_from_solidity
    codes = json.loads(result.stdout)
/usr/lib/python3.7/json/__init__.py:348: in loads
    return _default_decoder.decode(s)
/usr/lib/python3.7/json/decoder.py:337: in decode
    obj, end = self.raw_decode(s, idx=_w(s, 0).end())
/usr/lib/python3.7/json/decoder.py:355: in raw_decode
    raise JSONDecodeError("Expecting value", s, err.value) from None
E   json.decoder.JSONDecodeError: Expecting value: line 1 column 1 (char 0)
------------------------------------------------------------------------------------------------------------------- Captured stdout call -------------------------------------------------------------------------------------------------------------------
{'callData': '0xf099673fffffffffffffffffffffffffffffffffffffffffffffffffffffffffffffffff', 'expectations': '0x', 'failure': True, 'signature': 'gg64(uint64)'}
{'callData': '0x1ae0b93a0000000000000000000000000000000001000000000000000000000000000000', 'expectations': '0x0000000000000000000000000000000000000000000000000000000000000000', 'failure': False, 'signature': 'f16(bytes32)'}
{'callData': '0xbb874e7f0000000000000000000000000000000000000000000000000000000000000000', 'expectations': '0x0000000000000000000000000000000000000000000000000000000000000000', 'failure': False, 'signature': 'f128(uint256)'}
{'callData': '0x01ffc9a701ffc9a000000000000000000000000000000000000000000000000000000000', 'expectations': '0x0000000000000000000000000000000000000000000000000000000000000000', 'failure': False, 'signature': 'supportsInterface(bytes4)'}
------------------------------------------------------------------------------------------------------------------- Captured stderr call -------------------------------------------------------------------------------------------------------------------
Warning: SPDX license identifier not provided in source file. Before publishing, consider adding a comment containing "SPDX-License-Identifier: <SPDX-License>" to each source file. Use "SPDX-License-Identifier: UNLICENSED" for non-open-source code. Please see https://spdx.org for more information.
--> tests/semantic/solidity/test/libsolidity/semanticTests/array/reusing_memory_marked.sol

Warning: Function state mutability can be restricted to view
  --> tests/semantic/solidity/test/libsolidity/semanticTests/array/reusing_memory_marked.sol:16:5:
   |
16 |     function g(uint256 a) public returns (uint256) {
   |     ^ (Relevant source part starts here and spans across multiple lines).

_____________________________________________________________ test_semantics[/home/greg/dev/nethermind/warp/tests/semantic/solidity/test/libsolidity/semanticTests/interfaceID/interfaces.sol] _____________________________________________________________
FAILURE: /home/greg/dev/nethermind/warp/tests/semantic/solidity/test/libsolidity/semanticTests/interfaceID/interfaces.cairo.temp
assert '0xfe00365800...0000000000000' == '0x01ffc9a700...0000000000000'
  - 0x01ffc9a700000000000000000000000000000000000000000000000000000000
  ?    ^^^^^^^
  + 0xfe00365800000000000000000000000000000000000000000000000000000000
  ?   ++ ^^^^^
tests/semantic/test_semantics.py:173 in test_semantics() -> check.equal(final_res, expected_result, cairo_file_path)
FAILURE: /home/greg/dev/nethermind/warp/tests/semantic/solidity/test/libsolidity/semanticTests/interfaceID/interfaces.cairo.temp
assert '0x394174a800...0000000000000' == '0xc6be8b5800...0000000000000'
  - 0xc6be8b5800000000000000000000000000000000000000000000000000000000
  ?   ^^^^^^^
  + 0x394174a800000000000000000000000000000000000000000000000000000000
  ?   ^^^^^^^
tests/semantic/test_semantics.py:173 in test_semantics() -> check.equal(final_res, expected_result, cairo_file_path)
------------------------------------------------------------
Failed Checks: 2
------------------------------------------------------------------------------------------------------------------- Captured stdout call -------------------------------------------------------------------------------------------------------------------
{'callData': '0x23a4f6f2', 'expectations': '0x8529587700000000000000000000000000000000000000000000000000000000', 'failure': False, 'signature': 'hello_world_derived_interfaceId()'}
{'callData': '0xfa6c76b200000000000000000000000000000000fffffffffffffffffffffffffffffffe', 'expectations': '0x00000000000000000000000000000000fffffffffffffffffffffffffffffffe', 'failure': False, 'signature': 'g128(uint128)'}
{'callData': '0xbb874e7f00000000000000000000000000000000ffffffffffffffffffffffffffffffff', 'expectations': '0x00000000000000000000000000000000ffffffffffffffffffffffffffffffff', 'failure': False, 'signature': 'f128(uint256)'}
------------------------------------------------------------------------------------------------------------------- Captured stderr call -------------------------------------------------------------------------------------------------------------------
Warning: SPDX license identifier not provided in source file. Before publishing, consider adding a comment containing "SPDX-License-Identifier: <SPDX-License>" to each source file. Use "SPDX-License-Identifier: UNLICENSED" for non-open-source code. Please see https://spdx.org for more information.
--> tests/semantic/solidity/test/libsolidity/semanticTests/array/fixed_arrays_in_storage_marked.sol

Warning: Function state mutability can be restricted to view
  --> tests/semantic/solidity/test/libsolidity/semanticTests/array/fixed_arrays_in_storage_marked.sol:19:5:
   |
19 |     function getID(uint256 index) public returns (uint256) {
   |     ^ (Relevant source part starts here and spans across multiple lines).

Warning: Function state mutability can be restricted to view
  --> tests/semantic/solidity/test/libsolidity/semanticTests/array/fixed_arrays_in_storage_marked.sol:22:5:
   |
22 |     function getData(uint256 index) public returns (uint256 x, uint256 y) {
   |     ^ (Relevant source part starts here and spans across multiple lines).

Warning: Function state mutability can be restricted to view
  --> tests/semantic/solidity/test/libsolidity/semanticTests/array/fixed_arrays_in_storage_marked.sol:26:5:
   |
26 |     function getLengths() public returns (uint256 l1, uint256 l2) {
   |     ^ (Relevant source part starts here and spans across multiple lines).

_____________________________________________________ test_semantics[/home/greg/dev/nethermind/warp/tests/semantic/solidity/test/libsolidity/semanticTests/array/fixed_out_of_bounds_array_access.sol] _____________________________________________________
FAILURE: /home/greg/dev/nethermind/warp/tests/semantic/solidity/test/libsolidity/semanticTests/array/fixed_out_of_bounds_array_access.cairo.temp
assert '0xffffffffff...ffffffffffffc' == '0x0000000000...0000000000004'
  - 0x0000000000000000000000000000000000000000000000000000000000000004
  + 0xfffffffffffffffffffffffffffffffffffffffffffffffffffffffffffffffc
tests/semantic/test_semantics.py:173 in test_semantics() -> check.equal(final_res, expected_result, cairo_file_path)
------------------------------------------------------------
Failed Checks: 1
------------------------------------------------------------------------------------------------------------------- Captured stdout call -------------------------------------------------------------------------------------------------------------------
{'callData': '0x1f7b6d32', 'expectations': '0x0000000000000000000000000000000000000000000000000000000000000004', 'failure': False, 'signature': 'length()'}
{'callData': '0x1ab06ee500000000000000000000000000000000000000000000000000000000000000030000000000000000000000000000000000000000000000000000000000000004', 'expectations': '0x0000000000000000000000000000000000000000000000000000000000000001', 'failure': False, 'signature': 'set(uint256,uint256)'}
{'callData': '0x1ab06ee500000000000000000000000000000000000000000000000000000000000000040000000000000000000000000000000000000000000000000000000000000005', 'expectations': '0x4e487b710000000000000000000000000000000000000000000000000000000000000032', 'failure': True, 'signature': 'set(uint256,uint256)'}
{'callData': '0x1ab06ee500000000000000000000000000000000000000000000000000000000000001900000000000000000000000000000000000000000000000000000000000000005', 'expectations': '0x4e487b710000000000000000000000000000000000000000000000000000000000000032', 'failure': True, 'signature': 'set(uint256,uint256)'}
{'callData': '0x9507d39a0000000000000000000000000000000000000000000000000000000000000003', 'expectations': '0x0000000000000000000000000000000000000000000000000000000000000004', 'failure': False, 'signature': 'get(uint256)'}
{'callData': '0x9507d39a0000000000000000000000000000000000000000000000000000000000000004', 'expectations': '0x4e487b710000000000000000000000000000000000000000000000000000000000000032', 'failure': True, 'signature': 'get(uint256)'}
{'callData': '0x9507d39a0000000000000000000000000000000000000000000000000000000000000190', 'expectations': '0x4e487b710000000000000000000000000000000000000000000000000000000000000032', 'failure': True, 'signature': 'get(uint256)'}
{'callData': '0x1f7b6d32', 'expectations': '0x0000000000000000000000000000000000000000000000000000000000000004', 'failure': False, 'signature': 'length()'}
------------------------------------------------------------------------------------------------------------------- Captured stderr call -------------------------------------------------------------------------------------------------------------------
Warning: SPDX license identifier not provided in source file. Before publishing, consider adding a comment containing "SPDX-License-Identifier: <SPDX-License>" to each source file. Use "SPDX-License-Identifier: UNLICENSED" for non-open-source code. Please see https://spdx.org for more information.
--> tests/semantic/solidity/test/libsolidity/semanticTests/array/short_fixed_array_cleanup_marked.sol

____________________________________________________________ test_semantics[/home/greg/dev/nethermind/warp/tests/semantic/solidity/test/libsolidity/semanticTests/array/strings_in_struct.sol] _____________________________________________________________
../../../warp_dev/lib/python3.7/site-packages/cairo_lang-0.6.2-py3.7.egg/starkware/starknet/business_logic/internal_transaction.py:539: in _run
    verify_secure=True,
../../../warp_dev/lib/python3.7/site-packages/cairo_lang-0.6.2-py3.7.egg/starkware/cairo/common/cairo_function_runner.py:199: in run_from_entrypoint
    self.run_until_pc(addr=end, run_resources=run_resources)
../../../warp_dev/lib/python3.7/site-packages/cairo_lang-0.6.2-py3.7.egg/starkware/cairo/lang/vm/cairo_runner.py:284: in run_until_pc
    self.vm_step()
../../../warp_dev/lib/python3.7/site-packages/cairo_lang-0.6.2-py3.7.egg/starkware/cairo/lang/vm/cairo_runner.py:298: in vm_step
    self.vm.step()
../../../warp_dev/lib/python3.7/site-packages/cairo_lang-0.6.2-py3.7.egg/starkware/cairo/lang/vm/virtual_machine_base.py:255: in step
    self.run_instruction(instruction)
../../../warp_dev/lib/python3.7/site-packages/cairo_lang-0.6.2-py3.7.egg/starkware/cairo/lang/vm/vm_core.py:422: in run_instruction
    raise self.as_vm_exception(exc) from None
E   starkware.cairo.lang.vm.vm_exceptions.VmException: /home/greg/dev/nethermind/warp/tests/semantic/solidity/test/libsolidity/semanticTests/array/strings_in_struct.cairo.temp:646:9: Error at pc=0:4363:
E   An ASSERT_EQ instruction failed: 1 != 0.
E           assert 0 = 1
E           ^**********^
E   Cairo traceback (most recent call last):
E   /home/greg/dev/nethermind/warp/tests/semantic/solidity/test/libsolidity/semanticTests/array/strings_in_struct.cairo.temp:54:6: (pc=0:2202)
E   func __main{
E        ^****^
E   /home/greg/dev/nethermind/warp/tests/semantic/solidity/test/libsolidity/semanticTests/array/strings_in_struct.cairo.temp:68:9: (pc=0:2141)
E           __main_meat()
E           ^***********^
E   /home/greg/dev/nethermind/warp/tests/semantic/solidity/test/libsolidity/semanticTests/array/strings_in_struct.cairo.temp:993:5: (pc=0:5580)
E       __warp_if_10(__warp_subexpr_0)
E       ^****************************^
E   /home/greg/dev/nethermind/warp/tests/semantic/solidity/test/libsolidity/semanticTests/array/strings_in_struct.cairo.temp:977:9: (pc=0:5534)
E           __warp_block_13()
E           ^***************^
E   /home/greg/dev/nethermind/warp/tests/semantic/solidity/test/libsolidity/semanticTests/array/strings_in_struct.cairo.temp:967:5: (pc=0:5509)
E       __warp_block_14(match_var)
E       ^************************^
E   /home/greg/dev/nethermind/warp/tests/semantic/solidity/test/libsolidity/semanticTests/array/strings_in_struct.cairo.temp:956:5: (pc=0:5474)
E       __warp_if_11(__warp_subexpr_0, match_var)
E       ^***************************************^
E   /home/greg/dev/nethermind/warp/tests/semantic/solidity/test/libsolidity/semanticTests/array/strings_in_struct.cairo.temp:945:9: (pc=0:5437)
E           __warp_block_16(match_var)
E           ^************************^
E   /home/greg/dev/nethermind/warp/tests/semantic/solidity/test/libsolidity/semanticTests/array/strings_in_struct.cairo.temp:932:5: (pc=0:5419)
E       __warp_if_12(__warp_subexpr_0, match_var)
E       ^***************************************^
E   /home/greg/dev/nethermind/warp/tests/semantic/solidity/test/libsolidity/semanticTests/array/strings_in_struct.cairo.temp:921:9: (pc=0:5382)
E           __warp_block_18(match_var)
E           ^************************^
E   /home/greg/dev/nethermind/warp/tests/semantic/solidity/test/libsolidity/semanticTests/array/strings_in_struct.cairo.temp:908:5: (pc=0:5364)
E       __warp_if_13(__warp_subexpr_0, match_var)
E       ^***************************************^
E   /home/greg/dev/nethermind/warp/tests/semantic/solidity/test/libsolidity/semanticTests/array/strings_in_struct.cairo.temp:897:9: (pc=0:5327)
E           __warp_block_20(match_var)
E           ^************************^
E   /home/greg/dev/nethermind/warp/tests/semantic/solidity/test/libsolidity/semanticTests/array/strings_in_struct.cairo.temp:884:5: (pc=0:5309)
E       __warp_if_14(__warp_subexpr_0, match_var)
E       ^***************************************^
E   /home/greg/dev/nethermind/warp/tests/semantic/solidity/test/libsolidity/semanticTests/array/strings_in_struct.cairo.temp:873:9: (pc=0:5272)
E           __warp_block_22(match_var)
E           ^************************^
E   /home/greg/dev/nethermind/warp/tests/semantic/solidity/test/libsolidity/semanticTests/array/strings_in_struct.cairo.temp:860:5: (pc=0:5254)
E       __warp_if_15(__warp_subexpr_0)
E       ^****************************^
E   /home/greg/dev/nethermind/warp/tests/semantic/solidity/test/libsolidity/semanticTests/array/strings_in_struct.cairo.temp:847:9: (pc=0:5230)
E           __warp_block_23()
E           ^***************^
E   /home/greg/dev/nethermind/warp/tests/semantic/solidity/test/libsolidity/semanticTests/array/strings_in_struct.cairo.temp:833:33: (pc=0:5156)
E       let (converted : Uint256) = copy_array_from_storage_to_memory_string()
E                                   ^****************************************^

During handling of the above exception, another exception occurred:
tests/semantic/test_semantics.py:161: in test_semantics
    res = await invoke_method_evm_calldata(starknet, contract_address, argument)
../../../warp_dev/lib/python3.7/site-packages/sol_warp-0.2.12-py3.7.egg/yul/starknet_utils.py:30: in invoke_method_evm_calldata
    caller_address=0,
../../../warp_dev/lib/python3.7/site-packages/cairo_lang-0.6.2-py3.7.egg/starkware/starknet/testing/state.py:153: in invoke_raw
    state=state_copy, general_config=self.general_config
../../../warp_dev/lib/python3.7/site-packages/cairo_lang-0.6.2-py3.7.egg/starkware/starknet/business_logic/internal_transaction_interface.py:213: in apply_state_updates
    state=state_to_update, general_config=general_config
../../../warp_dev/lib/python3.7/site-packages/cairo_lang-0.6.2-py3.7.egg/starkware/starknet/business_logic/internal_transaction.py:405: in _apply_specific_state_updates
    func=_synchronous_apply_specific_state_updates,
/usr/lib/python3.7/concurrent/futures/thread.py:57: in run
    result = self.fn(*self.args, **self.kwargs)
../../../warp_dev/lib/python3.7/site-packages/cairo_lang-0.6.2-py3.7.egg/starkware/starknet/business_logic/internal_transaction.py:433: in _synchronous_apply_specific_state_updates
    run_resources=run_resources,
../../../warp_dev/lib/python3.7/site-packages/cairo_lang-0.6.2-py3.7.egg/starkware/starknet/business_logic/internal_transaction.py:559: in _run
    raise StarkException(code=code, message=str(exception))
E   starkware.starkware_utils.error_handling.StarkException: (500, {'code': <StarknetErrorCode.TRANSACTION_FAILED: 28>, 'message': '/home/greg/dev/nethermind/warp/tests/semantic/solidity/test/libsolidity/semanticTests/array/strings_in_struct.cairo.temp:646:9: Error at pc=0:4363:\nAn ASSERT_EQ instruction failed: 1 != 0.\n        assert 0 = 1\n        ^**********^\nCairo traceback (most recent call last):\n/home/greg/dev/nethermind/warp/tests/semantic/solidity/test/libsolidity/semanticTests/array/strings_in_struct.cairo.temp:54:6: (pc=0:2202)\nfunc __main{\n     ^****^\n/home/greg/dev/nethermind/warp/tests/semantic/solidity/test/libsolidity/semanticTests/array/strings_in_struct.cairo.temp:68:9: (pc=0:2141)\n        __main_meat()\n        ^***********^\n/home/greg/dev/nethermind/warp/tests/semantic/solidity/test/libsolidity/semanticTests/array/strings_in_struct.cairo.temp:993:5: (pc=0:5580)\n    __warp_if_10(__warp_subexpr_0)\n    ^****************************^\n/home/greg/dev/nethermind/warp/tests/semantic/solidity/test/libsolidity/semanticTests/array/strings_in_struct.cairo.temp:977:9: (pc=0:5534)\n        __warp_block_13()\n        ^***************^\n/home/greg/dev/nethermind/warp/tests/semantic/solidity/test/libsolidity/semanticTests/array/strings_in_struct.cairo.temp:967:5: (pc=0:5509)\n    __warp_block_14(match_var)\n    ^************************^\n/home/greg/dev/nethermind/warp/tests/semantic/solidity/test/libsolidity/semanticTests/array/strings_in_struct.cairo.temp:956:5: (pc=0:5474)\n    __warp_if_11(__warp_subexpr_0, match_var)\n    ^***************************************^\n/home/greg/dev/nethermind/warp/tests/semantic/solidity/test/libsolidity/semanticTests/array/strings_in_struct.cairo.temp:945:9: (pc=0:5437)\n        __warp_block_16(match_var)\n        ^************************^\n/home/greg/dev/nethermind/warp/tests/semantic/solidity/test/libsolidity/semanticTests/array/strings_in_struct.cairo.temp:932:5: (pc=0:5419)\n    __warp_if_12(__warp_subexpr_0, match_var)\n    ^***************************************^\n/home/greg/dev/nethermind/warp/tests/semantic/solidity/test/libsolidity/semanticTests/array/strings_in_struct.cairo.temp:921:9: (pc=0:5382)\n        __warp_block_18(match_var)\n        ^************************^\n/home/greg/dev/nethermind/warp/tests/semantic/solidity/test/libsolidity/semanticTests/array/strings_in_struct.cairo.temp:908:5: (pc=0:5364)\n    __warp_if_13(__warp_subexpr_0, match_var)\n    ^***************************************^\n/home/greg/dev/nethermind/warp/tests/semantic/solidity/test/libsolidity/semanticTests/array/strings_in_struct.cairo.temp:897:9: (pc=0:5327)\n        __warp_block_20(match_var)\n        ^************************^\n/home/greg/dev/nethermind/warp/tests/semantic/solidity/test/libsolidity/semanticTests/array/strings_in_struct.cairo.temp:884:5: (pc=0:5309)\n    __warp_if_14(__warp_subexpr_0, match_var)\n    ^***************************************^\n/home/greg/dev/nethermind/warp/tests/semantic/solidity/test/libsolidity/semanticTests/array/strings_in_struct.cairo.temp:873:9: (pc=0:5272)\n        __warp_block_22(match_var)\n        ^************************^\n/home/greg/dev/nethermind/warp/tests/semantic/solidity/test/libsolidity/semanticTests/array/strings_in_struct.cairo.temp:860:5: (pc=0:5254)\n    __warp_if_15(__warp_subexpr_0)\n    ^****************************^\n/home/greg/dev/nethermind/warp/tests/semantic/solidity/test/libsolidity/semanticTests/array/strings_in_struct.cairo.temp:847:9: (pc=0:5230)\n        __warp_block_23()\n        ^***************^\n/home/greg/dev/nethermind/warp/tests/semantic/solidity/test/libsolidity/semanticTests/array/strings_in_struct.cairo.temp:833:33: (pc=0:5156)\n    let (converted : Uint256) = copy_array_from_storage_to_memory_string()\n                                ^****************************************^'})
------------------------------------------------------------------------------------------------------------------- Captured stdout call -------------------------------------------------------------------------------------------------------------------
{'callData': '0x6ab0914c00000000000000000000000000000000000000000000000000000000000000200000000000000000000000000000000000000000000000000000000000000000', 'expectations': '0x000000000000000000000000000000000000000000000000000000000000002a', 'failure': False, 'signature': 'f(uint256[][1][])'}
{'callData': '0x6ab0914c00000000000000000000000000000000000000000000000000000000000000200000000000000000000000000000000000000000000000000000000000000001', 'expectations': '0x', 'failure': True, 'signature': 'f(uint256[][1][])'}
{'callData': '0x1e223143', 'expectations': '0x000000000000000000000000000000000000000000000000000000000000000a', 'failure': False, 'signature': 'getFirst()'}
{'callData': '0x6ab0914c000000000000000000000000000000000000000000000000000000000000002000000000000000000000000000000000000000000000000000000000000000010000000000000000000000000000000000000000000000000000000000000020', 'expectations': '0x000000000000000000000000000000000000000000000000000000000000002a', 'failure': False, 'signature': 'f(uint256[][1][])'}
{'callData': '0x1b03316f', 'expectations': '0x0000000000000000000000000000000000000000000000000000000000000014', 'failure': False, 'signature': 'getSecond()'}
{'callData': '0x664ffb2b000000000000000000000000000000000000000000000000000000000000002000000000000000000000000000000000000000000000000000000000000000010000000000000000000000000000000000000000000000000000000000000020', 'expectations': '0x', 'failure': True, 'signature': 'g(uint256[][1][])'}
{'callData': '0x1c87dd1d', 'expectations': '0x000000000000000000000000000000000000000000000000000000000000001e', 'failure': False, 'signature': 'getThird()'}
{'callData': '0x6ab0914c0000000000000000000000000000000000000000000000000000000000000020000000000000000000000000000000000000000000000000000000000000000100000000000000000000000000000000000000000000000000000000000000200000000000000000000000000000000000000000000000000000000000000020', 'expectations': '0x000000000000000000000000000000000000000000000000000000000000002a', 'failure': False, 'signature': 'f(uint256[][1][])'}
{'callData': '0x4d622831', 'expectations': '0x000000000000000000000000000000000000000000000000000000000000002000000000000000000000000000000000000000000000000000000000000000096173646667686a6b6c0000000000000000000000000000000000000000000000', 'failure': False, 'signature': 'getLast()'}
{'callData': '0x664ffb2b0000000000000000000000000000000000000000000000000000000000000020000000000000000000000000000000000000000000000000000000000000000100000000000000000000000000000000000000000000000000000000000000200000000000000000000000000000000000000000000000000000000000000020', 'expectations': '0x000000000000000000000000000000000000000000000000000000000000002a', 'failure': False, 'signature': 'g(uint256[][1][])'}
------------------------------------------------------------------------------------------------------------------- Captured stderr call -------------------------------------------------------------------------------------------------------------------
Warning: SPDX license identifier not provided in source file. Before publishing, consider adding a comment containing "SPDX-License-Identifier: <SPDX-License>" to each source file. Use "SPDX-License-Identifier: UNLICENSED" for non-open-source code. Please see https://spdx.org for more information.
--> tests/semantic/solidity/test/libsolidity/semanticTests/array/string_allocation_bug_marked.sol

____________________________________________________ test_semantics[/home/greg/dev/nethermind/warp/tests/semantic/solidity/test/libsolidity/semanticTests/array/arrays_complex_from_and_to_storage.sol] ____________________________________________________
FAILURE: /home/greg/dev/nethermind/warp/tests/semantic/solidity/test/libsolidity/semanticTests/array/arrays_complex_from_and_to_storage.cairo.temp
assert '0x0000000000...0000000fffff7' == '0x0000000000...0000000000009'
  - 0x0000000000000000000000000000000000000000000000000000000000000009
  ?                                                             ^^^^^^
  + 0x0000000000000000000000000000000000000000000000000000000000fffff7
  ?                                                             ^^^^^^
tests/semantic/test_semantics.py:173 in test_semantics() -> check.equal(final_res, expected_result, cairo_file_path)
FAILURE: /home/greg/dev/nethermind/warp/tests/semantic/solidity/test/libsolidity/semanticTests/array/arrays_complex_from_and_to_storage.cairo.temp
assert '0x0000000000...0000000ffffef' == '0x0000000000...0000000000011'
  - 0x0000000000000000000000000000000000000000000000000000000000000011
  ?                                                             ^^^^^^
  + 0x0000000000000000000000000000000000000000000000000000000000ffffef
  ?                                                             ^^^^^^
tests/semantic/test_semantics.py:173 in test_semantics() -> check.equal(final_res, expected_result, cairo_file_path)
FAILURE: /home/greg/dev/nethermind/warp/tests/semantic/solidity/test/libsolidity/semanticTests/array/arrays_complex_from_and_to_storage.cairo.temp
assert '0x0000000000...0000000ffffee' == '0x0000000000...0000000000012'
  - 0x00000000000000000000000000000000000000000000000000000000000000200000000000000000000000000000000000000000000000000000000000000006000000000000000000000000000000000000000000000000000000000000000100000000000000000000000000000000000000000000000000000000000000020000000000000000000000000000000000000000000000000000000000000003000000000000000000000000000000000000000000000000000000000000000400000000000000000000000000000000000000000000000000000000000000050000000000000000000000000000000000000000000000000000000000000006000000000000000000000000000000000000000000000000000000000000...
  
  ...Full output truncated (2 lines hidden), use '-vv' to show
tests/semantic/test_semantics.py:173 in test_semantics() -> check.equal(final_res, expected_result, cairo_file_path)
------------------------------------------------------------
Failed Checks: 3
------------------------------------------------------------------------------------------------------------------- Captured stdout call -------------------------------------------------------------------------------------------------------------------
{'callData': '0x5173bd1e00000000000000000000000000000000000000000000000000000000000000020000000000000000000000000000000000000000000000000000000000000002', 'expectations': '0x0000000000000000000000000000000000000000000000000000000000000009', 'failure': False, 'signature': 'data(uint256,uint256)'}
{'callData': '0x5173bd1e00000000000000000000000000000000000000000000000000000000000000050000000000000000000000000000000000000000000000000000000000000001', 'expectations': '0x0000000000000000000000000000000000000000000000000000000000000011', 'failure': False, 'signature': 'data(uint256,uint256)'}
{'callData': '0x5173bd1e00000000000000000000000000000000000000000000000000000000000000060000000000000000000000000000000000000000000000000000000000000000', 'expectations': '0x', 'failure': True, 'signature': 'data(uint256,uint256)'}
{'callData': '0x6d4ce63c', 'expectations': '0x00000000000000000000000000000000000000000000000000000000000000200000000000000000000000000000000000000000000000000000000000000006000000000000000000000000000000000000000000000000000000000000000100000000000000000000000000000000000000000000000000000000000000020000000000000000000000000000000000000000000000000000000000000003000000000000000000000000000000000000000000000000000000000000000400000000000000000000000000000000000000000000000000000000000000050000000000000000000000000000000000000000000000000000000000000006000000000000000000000000000000000000000000000000000000000000000700000000000000000000000000000000000000000000000000000000000000080000000000000000000000000000000000000000000000000000000000000009000000000000000000000000000000000000000000000000000000000000000a000000000000000000000000000000000000000000000000000000000000000b000000000000000000000000000000000000000000000000000000000000000c000000000000000000000000000000000000000000000000000000000000000d000000000000000000000000000000000000000000000000000000000000000e000000000000000000000000000000000000000000000000000000000000000f000000000000000000000000000000000000000000000000000000000000001000000000000000000000000000000000000000000000000000000000000000110000000000000000000000000000000000000000000000000000000000000012', 'failure': False, 'signature': 'get()'}
{'callData': '0x26121ff0', 'expectations': '0x0000000000000000000000000000000000000000000000000000000000000007', 'failure': False, 'signature': 'f()'}
{'callData': '0xb55e49c0000000000000000000000000000000000000000000000000000000000000000b', 'expectations': '0x', 'failure': False, 'signature': 'setIDStatic(uint256)'}
{'callData': '0x0d18e43c0000000000000000000000000000000000000000000000000000000000000002', 'expectations': '0x000000000000000000000000000000000000000000000000000000000000000b', 'failure': False, 'signature': 'getID(uint256)'}
{'callData': '0xcc959c7300000000000000000000000000000000000000000000000000000000000000070000000000000000000000000000000000000000000000000000000000000008', 'expectations': '0x', 'failure': False, 'signature': 'setID(uint256,uint256)'}
------------------------------------------------------------------------------------------------------------------- Captured stderr call -------------------------------------------------------------------------------------------------------------------
Warning: SPDX license identifier not provided in source file. Before publishing, consider adding a comment containing "SPDX-License-Identifier: <SPDX-License>" to each source file. Use "SPDX-License-Identifier: UNLICENSED" for non-open-source code. Please see https://spdx.org for more information.
--> tests/semantic/solidity/test/libsolidity/semanticTests/array/calldata_array_as_argument_internal_function_marked.sol

Warning: Function state mutability can be restricted to pure
 --> tests/semantic/solidity/test/libsolidity/semanticTests/array/calldata_array_as_argument_internal_function_marked.sol:4:5:
  |
4 |     function f(uint256[] calldata c) internal returns (uint a, uint b) {
  |     ^ (Relevant source part starts here and spans across multiple lines).

Warning: SPDX license identifier not provided in source file. Before publishing, consider adding a comment containing "SPDX-License-Identifier: <SPDX-License>" to each source file. Use "SPDX-License-Identifier: UNLICENSED" for non-open-source code. Please see https://spdx.org for more information.
--> tests/semantic/solidity/test/libsolidity/semanticTests/array/dynamic_multi_array_cleanup_marked.sol

________________________________________________________ test_semantics[/home/greg/dev/nethermind/warp/tests/semantic/solidity/test/libsolidity/semanticTests/array/byte_array_transitional_2.sol] _________________________________________________________
FAILURE: /home/greg/dev/nethermind/warp/tests/semantic/solidity/test/libsolidity/semanticTests/array/byte_array_transitional_2.cairo.temp
assert '0x0000000000...0000000000001' == '0x0000000000...0000000000000'
  - 0x0000000000000000000000000000000000000000000000000000000000000000
  ?                                                                  ^
  + 0x0000000000000000000000000000000000000000000000000000000000000001
  ?                                                                  ^
tests/semantic/test_semantics.py:173 in test_semantics() -> check.equal(final_res, expected_result, cairo_file_path)
------------------------------------------------------------
Failed Checks: 1
------------------------------------------------------------------------------------------------------------------- Captured stdout call -------------------------------------------------------------------------------------------------------------------
{'callData': '0x11d7dd64000000000000000000000000000000000000000000000000000000000000000100000000000000000000000000000000000000000000000000000000000000020000000000000000000000000000000000000000000000000000000000000003000000000000000000000000000000000000000000000000000000000000000400000000000000000000000000000000000000000000000000000000000000050000000000000000000000000000000000000000000000000000000000000006000000000000000000000000000000000000000000000000000000000000000700000000000000000000000000000000000000000000000000000000000000080000000000000000000000000000000000000000000000000000000000000220000000000000000000000000000000000000000000000000000000000000001500000000000000000000000000000000000000000000000000000000000000160000000000000000000000000000000000000000000000000000000000000017000000000000000000000000000000000000000000000000000000000000001800000000000000000000000000000000000000000000000000000000000000190000000000000000000000000000000000000000000000000000000000000000000000000000000000000000000000000000000000000000000000000000000100000000000000000000000000000000000000000000000000000000000000020000000000000000000000000000000000000000000000000000000000000003000000000000000000000000000000000000000000000000000000000000000b000000000000000000000000000000000000000000000000000000000000000c000000000000000000000000000000000000000000000000000000000000000d', 'expectations': '0x0000000000000000000000000000000000000000000000000000000000000001000000000000000000000000000000000000000000000000000000000000000c0000000000000000000000000000000000000000000000000000000000000017', 'failure': False, 'signature': 'test(uint256[8],uint256[],uint256[5],uint256,uint256,uint256)'}
------------------------------------------------------------------------------------------------------------------- Captured stderr call -------------------------------------------------------------------------------------------------------------------
Warning: SPDX license identifier not provided in source file. Before publishing, consider adding a comment containing "SPDX-License-Identifier: <SPDX-License>" to each source file. Use "SPDX-License-Identifier: UNLICENSED" for non-open-source code. Please see https://spdx.org for more information.
--> tests/semantic/solidity/test/libsolidity/semanticTests/array/calldata_array_dynamic_invalid_marked.sol

Warning: Unused function parameter. Remove or comment out the variable name to silence this warning.
 --> tests/semantic/solidity/test/libsolidity/semanticTests/array/calldata_array_dynamic_invalid_marked.sol:4:16:
  |
4 |     function f(uint256[][] calldata a) external returns (uint256) {
  |                ^^^^^^^^^^^^^^^^^^^^^^

Warning: Function state mutability can be restricted to pure
 --> tests/semantic/solidity/test/libsolidity/semanticTests/array/calldata_array_dynamic_invalid_marked.sol:4:5:
  |
4 |     function f(uint256[][] calldata a) external returns (uint256) {
  |     ^ (Relevant source part starts here and spans across multiple lines).

Warning: Function state mutability can be restricted to pure
 --> tests/semantic/solidity/test/libsolidity/semanticTests/array/calldata_array_dynamic_invalid_marked.sol:7:5:
  |
7 |     function g(uint256[][] calldata a) external returns (uint256) {
  |     ^ (Relevant source part starts here and spans across multiple lines).

_______________________________________________________ test_semantics[/home/greg/dev/nethermind/warp/tests/semantic/solidity/test/libsolidity/semanticTests/array/constant_var_as_array_length.sol] _______________________________________________________
tests/semantic/test_semantics.py:161: in test_semantics
    res = await invoke_method_evm_calldata(starknet, contract_address, argument)
../../../warp_dev/lib/python3.7/site-packages/sol_warp-0.2.12-py3.7.egg/yul/starknet_utils.py:30: in invoke_method_evm_calldata
    caller_address=0,
../../../warp_dev/lib/python3.7/site-packages/cairo_lang-0.6.2-py3.7.egg/starkware/starknet/testing/state.py:129: in invoke_raw
    assert isinstance(contract_address, int)
E   AssertionError
------------------------------------------------------------------------------------------------------------------- Captured stdout call -------------------------------------------------------------------------------------------------------------------
{'callData': '0xf0fdf8340000000000000000000000000000000000000000000000000000000000000000', 'expectations': '0x0000000000000000000000000000000000000000000000000000000000000001', 'failure': False, 'signature': 'a(uint256)'}
------------------------------------------------------------------------------------------------------------------- Captured stderr call -------------------------------------------------------------------------------------------------------------------
Warning: SPDX license identifier not provided in source file. Before publishing, consider adding a comment containing "SPDX-License-Identifier: <SPDX-License>" to each source file. Use "SPDX-License-Identifier: UNLICENSED" for non-open-source code. Please see https://spdx.org for more information.
--> tests/semantic/solidity/test/libsolidity/semanticTests/array/calldata_array_two_dimensional_1_marked.sol

Warning: Function state mutability can be restricted to pure
 --> tests/semantic/solidity/test/libsolidity/semanticTests/array/calldata_array_two_dimensional_1_marked.sol:4:5:
  |
4 |     function test(uint256[][] calldata a) external returns (uint256) {
  |     ^ (Relevant source part starts here and spans across multiple lines).

Warning: Function state mutability can be restricted to pure
 --> tests/semantic/solidity/test/libsolidity/semanticTests/array/calldata_array_two_dimensional_1_marked.sol:7:5:
  |
7 |     function test(uint256[][] calldata a, uint256 i) external returns (uint256) {
  |     ^ (Relevant source part starts here and spans across multiple lines).

Warning: Function state mutability can be restricted to pure
  --> tests/semantic/solidity/test/libsolidity/semanticTests/array/calldata_array_two_dimensional_1_marked.sol:10:5:
   |
10 |     function test(uint256[][] calldata a, uint256 i, uint256 j) external returns (uint256) {
   |     ^ (Relevant source part starts here and spans across multiple lines).

_____________________________________________________ test_semantics[/home/greg/dev/nethermind/warp/tests/semantic/solidity/test/libsolidity/semanticTests/abiEncoderV2/abi_encode_calldata_slice.sol] _____________________________________________________
../../../warp_dev/lib/python3.7/site-packages/cairo_lang-0.6.2-py3.7.egg/starkware/starknet/business_logic/internal_transaction.py:539: in _run
    verify_secure=True,
../../../warp_dev/lib/python3.7/site-packages/cairo_lang-0.6.2-py3.7.egg/starkware/cairo/common/cairo_function_runner.py:199: in run_from_entrypoint
    self.run_until_pc(addr=end, run_resources=run_resources)
../../../warp_dev/lib/python3.7/site-packages/cairo_lang-0.6.2-py3.7.egg/starkware/cairo/lang/vm/cairo_runner.py:289: in run_until_pc
    ResourcesError("Error: End of program was not reached"), self.vm.run_context.pc
E   starkware.cairo.lang.vm.vm_exceptions.VmException: /home/greg/dev/nethermind/warp/tests/semantic/solidity/test/libsolidity/semanticTests/abiEncoderV2/abi_encode_calldata_slice.cairo.temp:404:5: Error at pc=0:3804:
E   Error: End of program was not reached
E       if __warp_subexpr_0.low + __warp_subexpr_0.high != 0:
E       ^^

During handling of the above exception, another exception occurred:
tests/semantic/test_semantics.py:161: in test_semantics
    res = await invoke_method_evm_calldata(starknet, contract_address, argument)
../../../warp_dev/lib/python3.7/site-packages/sol_warp-0.2.12-py3.7.egg/yul/starknet_utils.py:30: in invoke_method_evm_calldata
    caller_address=0,
../../../warp_dev/lib/python3.7/site-packages/cairo_lang-0.6.2-py3.7.egg/starkware/starknet/testing/state.py:153: in invoke_raw
    state=state_copy, general_config=self.general_config
../../../warp_dev/lib/python3.7/site-packages/cairo_lang-0.6.2-py3.7.egg/starkware/starknet/business_logic/internal_transaction_interface.py:213: in apply_state_updates
    state=state_to_update, general_config=general_config
../../../warp_dev/lib/python3.7/site-packages/cairo_lang-0.6.2-py3.7.egg/starkware/starknet/business_logic/internal_transaction.py:405: in _apply_specific_state_updates
    func=_synchronous_apply_specific_state_updates,
/usr/lib/python3.7/concurrent/futures/thread.py:57: in run
    result = self.fn(*self.args, **self.kwargs)
../../../warp_dev/lib/python3.7/site-packages/cairo_lang-0.6.2-py3.7.egg/starkware/starknet/business_logic/internal_transaction.py:433: in _synchronous_apply_specific_state_updates
    run_resources=run_resources,
../../../warp_dev/lib/python3.7/site-packages/cairo_lang-0.6.2-py3.7.egg/starkware/starknet/business_logic/internal_transaction.py:559: in _run
    raise StarkException(code=code, message=str(exception))
E   starkware.starkware_utils.error_handling.StarkException: (500, {'code': <StarknetErrorCode.OUT_OF_RESOURCES: 26>, 'message': '/home/greg/dev/nethermind/warp/tests/semantic/solidity/test/libsolidity/semanticTests/abiEncoderV2/abi_encode_calldata_slice.cairo.temp:404:5: Error at pc=0:3804:\nError: End of program was not reached\n    if __warp_subexpr_0.low + __warp_subexpr_0.high != 0:\n    ^^'})
_______________________________________________________ test_semantics[/home/greg/dev/nethermind/warp/tests/semantic/solidity/test/libsolidity/semanticTests/array/fixed_arrays_in_constructors.sol] _______________________________________________________
tests/semantic/test_semantics.py:161: in test_semantics
    res = await invoke_method_evm_calldata(starknet, contract_address, argument)
../../../warp_dev/lib/python3.7/site-packages/sol_warp-0.2.12-py3.7.egg/yul/starknet_utils.py:30: in invoke_method_evm_calldata
    caller_address=0,
../../../warp_dev/lib/python3.7/site-packages/cairo_lang-0.6.2-py3.7.egg/starkware/starknet/testing/state.py:129: in invoke_raw
    assert isinstance(contract_address, int)
E   AssertionError
------------------------------------------------------------------------------------------------------------------- Captured stdout call -------------------------------------------------------------------------------------------------------------------
{'callData': '0x6c8ae38c', 'expectations': '0x0000000000000000000000000000000000000000000000000000000000000004', 'failure': False, 'signature': 'r()'}
_______________________________________________________ test_semantics[/home/greg/dev/nethermind/warp/tests/semantic/solidity/test/libsolidity/semanticTests/array/dynamic_multi_array_cleanup.sol] ________________________________________________________
FAILURE: /home/greg/dev/nethermind/warp/tests/semantic/solidity/test/libsolidity/semanticTests/array/dynamic_multi_array_cleanup.cairo.temp
assert '0xffffffffff...ffffffffffff8' == '0x0000000000...0000000000008'
  - 0x0000000000000000000000000000000000000000000000000000000000000008
  + 0xfffffffffffffffffffffffffffffffffffffffffffffffffffffffffffffff8
tests/semantic/test_semantics.py:173 in test_semantics() -> check.equal(final_res, expected_result, cairo_file_path)
------------------------------------------------------------
Failed Checks: 1
------------------------------------------------------------------------------------------------------------------- Captured stdout call -------------------------------------------------------------------------------------------------------------------
{'callData': '0x8d83e79a0000000000000000000000000000000000000000000000000000000000000080000000000000000000000000000000000000000000000000000000000000000000000000000000000000000000000000000000000000000000000000000000010000000000000000000000000000000000000000000000000000000000000000000000000000000000000000000000000000000000000000000000000000000500000000000000000000000000000000000000000000000000000000000042010000000000000000000000000000000000000000000000000000000000004202000000000000000000000000000000000000000000000000000000000000420300000000000000000000000000000000000000000000000000000000000042040000000000000000000000000000000000000000000000000000000000004205', 'expectations': '0x000000000000000000000000000000000000000000000000000000000000420100000000000000000000000000000000000000000000000000000000000042010000000000000000000000000000000000000000000000000000000000004201', 'failure': False, 'signature': 'g(uint256[],uint256,uint256,uint256)'}
{'callData': '0x8d83e79a0000000000000000000000000000000000000000000000000000000000000080000000000000000000000000000000000000000000000000000000000000000000000000000000000000000000000000000000000000000000000000000000010000000000000000000000000000000000000000000000000000000000000001000000000000000000000000000000000000000000000000000000000000000500000000000000000000000000000000000000000000000000000000000042010000000000000000000000000000000000000000000000000000000000004202000000000000000000000000000000000000000000000000000000000000420300000000000000000000000000000000000000000000000000000000000042040000000000000000000000000000000000000000000000000000000000004205', 'expectations': '0x4e487b710000000000000000000000000000000000000000000000000000000000000032', 'failure': True, 'signature': 'g(uint256[],uint256,uint256,uint256)'}
{'callData': '0x52efea6e', 'expectations': '0x', 'failure': False, 'signature': 'clear()'}
{'callData': '0x8d83e79a0000000000000000000000000000000000000000000000000000000000000080000000000000000000000000000000000000000000000000000000000000000000000000000000000000000000000000000000000000000000000000000000010000000000000000000000000000000000000000000000000000000000000000000000000000000000000000000000000000000000000000000000000000000500000000000000000000000000000000000000000000000000000000000042010000000000000000000000000000000000000000000000000000000000004202000000000000000000000000000000000000000000000000000000000000420300000000000000000000000000000000000000000000000000000000000042040000000000000000000000000000000000000000000000000000000000004205', 'expectations': '0x000000000000000000000000000000000000000000000000000000000000420100000000000000000000000000000000000000000000000000000000000042010000000000000000000000000000000000000000000000000000000000004201', 'failure': False, 'signature': 'g(uint256[],uint256,uint256,uint256)'}
{'callData': '0x8d83e79a0000000000000000000000000000000000000000000000000000000000000080000000000000000000000000000000000000000000000000000000000000000000000000000000000000000000000000000000000000000000000000000000010000000000000000000000000000000000000000000000000000000000000001000000000000000000000000000000000000000000000000000000000000000500000000000000000000000000000000000000000000000000000000000042010000000000000000000000000000000000000000000000000000000000004202000000000000000000000000000000000000000000000000000000000000420300000000000000000000000000000000000000000000000000000000000042040000000000000000000000000000000000000000000000000000000000004205', 'expectations': '0x4e487b710000000000000000000000000000000000000000000000000000000000000032', 'failure': True, 'signature': 'g(uint256[],uint256,uint256,uint256)'}
------------------------------------------------------------------------------------------------------------------- Captured stderr call -------------------------------------------------------------------------------------------------------------------
Warning: SPDX license identifier not provided in source file. Before publishing, consider adding a comment containing "SPDX-License-Identifier: <SPDX-License>" to each source file. Use "SPDX-License-Identifier: UNLICENSED" for non-open-source code. Please see https://spdx.org for more information.
--> tests/semantic/solidity/test/libsolidity/semanticTests/array/delete/delete_storage_array_marked.sol

_______________________________________________________ test_semantics[/home/greg/dev/nethermind/warp/tests/semantic/solidity/test/libsolidity/semanticTests/array/delete/delete_storage_array.sol] ________________________________________________________
../../../warp_dev/lib/python3.7/site-packages/cairo_lang-0.6.2-py3.7.egg/starkware/cairo/lang/compiler/preprocessor/preprocessor.py:365: in search_identifier
    result = self.identifiers.search(self.accessible_scopes, ScopedName.from_string(name))
../../../warp_dev/lib/python3.7/site-packages/cairo_lang-0.6.2-py3.7.egg/starkware/cairo/lang/compiler/identifier_manager.py:225: in search
    res = self._search(accessible_scopes=accessible_scopes, name=name, get_scope=False)
../../../warp_dev/lib/python3.7/site-packages/cairo_lang-0.6.2-py3.7.egg/starkware/cairo/lang/compiler/identifier_manager.py:217: in _search
    raise MissingIdentifierError(name[:1])
E   starkware.cairo.lang.compiler.identifier_manager.MissingIdentifierError: Unknown identifier 'bitwise_ptr'.

During handling of the above exception, another exception occurred:
tests/semantic/test_semantics.py:135: in test_semantics
    contract_definition = await starknet_compile(cairo_file_path)
tests/semantic/test_semantics.py:71: in starknet_compile
    [contract_file], debug_info=True, cairo_path=[cairo_path]
../../../warp_dev/lib/python3.7/site-packages/cairo_lang-0.6.2-py3.7.egg/starkware/starknet/compiler/compile.py:107: in compile_starknet_files
    cairo_path=cairo_path,
../../../warp_dev/lib/python3.7/site-packages/cairo_lang-0.6.2-py3.7.egg/starkware/starknet/compiler/compile.py:128: in compile_starknet_codes
    code=codes, debug_info=debug_info, pass_manager=pass_manager
../../../warp_dev/lib/python3.7/site-packages/cairo_lang-0.6.2-py3.7.egg/starkware/cairo/lang/compiler/cairo_compile.py:230: in compile_cairo_ex
    codes=codes_with_filenames, pass_manager=pass_manager, main_scope=main_scope
../../../warp_dev/lib/python3.7/site-packages/cairo_lang-0.6.2-py3.7.egg/starkware/cairo/lang/compiler/preprocessor/preprocess_codes.py:24: in preprocess_codes
    pass_manager.run(context)
../../../warp_dev/lib/python3.7/site-packages/cairo_lang-0.6.2-py3.7.egg/starkware/cairo/lang/compiler/preprocessor/pass_manager.py:53: in run
    stage.run(context)
../../../warp_dev/lib/python3.7/site-packages/cairo_lang-0.6.2-py3.7.egg/starkware/cairo/lang/compiler/preprocessor/default_pass_manager.py:89: in run
    preprocessor.visit(module)
../../../warp_dev/lib/python3.7/site-packages/cairo_lang-0.6.2-py3.7.egg/starkware/cairo/lang/compiler/ast/visitor.py:40: in visit
    return getattr(self, f"visit_{type(obj).__name__}", self._visit_default)(obj)
../../../warp_dev/lib/python3.7/site-packages/cairo_lang-0.6.2-py3.7.egg/starkware/cairo/lang/compiler/preprocessor/preprocessor.py:427: in visit_CairoModule
    super().visit_CairoModule(module)
../../../warp_dev/lib/python3.7/site-packages/cairo_lang-0.6.2-py3.7.egg/starkware/cairo/lang/compiler/ast/visitor.py:63: in visit_CairoModule
    cairo_file=CairoFile(code_block=self.visit(module.cairo_file.code_block)),
../../../warp_dev/lib/python3.7/site-packages/cairo_lang-0.6.2-py3.7.egg/starkware/cairo/lang/compiler/ast/visitor.py:40: in visit
    return getattr(self, f"visit_{type(obj).__name__}", self._visit_default)(obj)
../../../warp_dev/lib/python3.7/site-packages/cairo_lang-0.6.2-py3.7.egg/starkware/cairo/lang/compiler/preprocessor/preprocessor.py:415: in visit_CodeBlock
    self.visit_uncommented_code_block([x.code_elm for x in code_block.code_elements])
../../../warp_dev/lib/python3.7/site-packages/cairo_lang-0.6.2-py3.7.egg/starkware/cairo/lang/compiler/preprocessor/preprocessor.py:397: in visit_uncommented_code_block
    self.visit(elm)
../../../warp_dev/lib/python3.7/site-packages/cairo_lang-0.6.2-py3.7.egg/starkware/cairo/lang/compiler/ast/visitor.py:40: in visit
    return getattr(self, f"visit_{type(obj).__name__}", self._visit_default)(obj)
../../../warp_dev/lib/python3.7/site-packages/cairo_lang-0.6.2-py3.7.egg/starkware/starknet/compiler/starknet_preprocessor.py:172: in visit_CodeElementFunction
    super().visit_CodeElementFunction(elm)
../../../warp_dev/lib/python3.7/site-packages/cairo_lang-0.6.2-py3.7.egg/starkware/cairo/lang/compiler/preprocessor/preprocessor.py:615: in visit_CodeElementFunction
    code_block=elm.code_block, location=elm.identifier.location
../../../warp_dev/lib/python3.7/site-packages/cairo_lang-0.6.2-py3.7.egg/starkware/cairo/lang/compiler/preprocessor/preprocessor.py:671: in visit_function_body_with_retries
    self.visit_uncommented_code_block(code_elements)
../../../warp_dev/lib/python3.7/site-packages/cairo_lang-0.6.2-py3.7.egg/starkware/cairo/lang/compiler/preprocessor/preprocessor.py:397: in visit_uncommented_code_block
    self.visit(elm)
../../../warp_dev/lib/python3.7/site-packages/cairo_lang-0.6.2-py3.7.egg/starkware/cairo/lang/compiler/ast/visitor.py:40: in visit
    return getattr(self, f"visit_{type(obj).__name__}", self._visit_default)(obj)
../../../warp_dev/lib/python3.7/site-packages/cairo_lang-0.6.2-py3.7.egg/starkware/cairo/lang/compiler/preprocessor/preprocessor.py:1757: in visit_CodeElementUnpackBinding
    self.visit(CodeElementFuncCall(func_call=elm.rvalue))
../../../warp_dev/lib/python3.7/site-packages/cairo_lang-0.6.2-py3.7.egg/starkware/cairo/lang/compiler/ast/visitor.py:40: in visit
    return getattr(self, f"visit_{type(obj).__name__}", self._visit_default)(obj)
../../../warp_dev/lib/python3.7/site-packages/cairo_lang-0.6.2-py3.7.egg/starkware/cairo/lang/compiler/preprocessor/preprocessor.py:1616: in visit_CodeElementFuncCall
    location=elm.func_call.location,
../../../warp_dev/lib/python3.7/site-packages/cairo_lang-0.6.2-py3.7.egg/starkware/cairo/lang/compiler/preprocessor/preprocessor.py:1391: in push_arguments
    location=location,
../../../warp_dev/lib/python3.7/site-packages/cairo_lang-0.6.2-py3.7.egg/starkware/cairo/lang/compiler/preprocessor/preprocessor.py:1314: in process_implicit_arguments
    felt_expr_list = self.simplify_expr_to_felt_expr_list(expr, member_def.cairo_type)
../../../warp_dev/lib/python3.7/site-packages/cairo_lang-0.6.2-py3.7.egg/starkware/cairo/lang/compiler/preprocessor/preprocessor.py:2083: in simplify_expr_to_felt_expr_list
    expr, expr_type = self.simplify_expr(expr)
../../../warp_dev/lib/python3.7/site-packages/cairo_lang-0.6.2-py3.7.egg/starkware/cairo/lang/compiler/preprocessor/preprocessor.py:2054: in simplify_expr
    resolve_type_callback=self.resolve_type,
../../../warp_dev/lib/python3.7/site-packages/cairo_lang-0.6.2-py3.7.egg/starkware/cairo/lang/compiler/substitute_identifiers.py:113: in substitute_identifiers
    ).visit(expr)
../../../warp_dev/lib/python3.7/site-packages/cairo_lang-0.6.2-py3.7.egg/starkware/cairo/lang/compiler/expression_transformer.py:47: in visit
    return getattr(self, funcname)(expr)
../../../warp_dev/lib/python3.7/site-packages/cairo_lang-0.6.2-py3.7.egg/starkware/cairo/lang/compiler/substitute_identifiers.py:38: in visit_ExprIdentifier
    val = self.get_identifier_callback(expr)
../../../warp_dev/lib/python3.7/site-packages/cairo_lang-0.6.2-py3.7.egg/starkware/cairo/lang/compiler/preprocessor/preprocessor.py:2185: in get_variable
    identifier_definition = self.search_identifier(var.name, var.location)
../../../warp_dev/lib/python3.7/site-packages/cairo_lang-0.6.2-py3.7.egg/starkware/cairo/lang/compiler/preprocessor/preprocessor.py:368: in search_identifier
    raise PreprocessorError(str(exc), location=location)
E   starkware.cairo.lang.compiler.preprocessor.preprocessor_error.PreprocessorError: /home/greg/dev/nethermind/warp/warp/cairo-src/evm/hashing.cairo:14:20: While trying to retrieve the implicit argument 'bitwise_ptr' in:
E       let (memval) = array_create_from_memory(offset, size)
E                      ^************************************^
E   /home/greg/dev/nethermind/warp/warp/cairo-src/evm/array.cairo:16:53: Unknown identifier 'bitwise_ptr'.
E           memory_dict : DictAccess*, range_check_ptr, bitwise_ptr : BitwiseBuiltin*}(
E                                                       ^***************************^
------------------------------------------------------------------------------------------------------------------- Captured stdout call -------------------------------------------------------------------------------------------------------------------
{'callData': '0x8d83e79a0000000000000000000000000000000000000000000000000000000000000080000000000000000000000000000000000000000000000000000000000000000100000000000000000000000000000000000000000000000000000000000000020000000000000000000000000000000000000000000000000000000000000000000000000000000000000000000000000000000000000000000000000000000500000000000000000000000000000000000000000000000000000000000042010000000000000000000000000000000000000000000000000000000000004202000000000000000000000000000000000000000000000000000000000000420300000000000000000000000000000000000000000000000000000000000042040000000000000000000000000000000000000000000000000000000000004205', 'expectations': '0x000000000000000000000000000000000000000000000000000000000000420200000000000000000000000000000000000000000000000000000000000042020000000000000000000000000000000000000000000000000000000000004202', 'failure': False, 'signature': 'g(uint256[],uint256,uint256,uint256)'}
{'callData': '0x8d83e79a0000000000000000000000000000000000000000000000000000000000000080000000000000000000000000000000000000000000000000000000000000000100000000000000000000000000000000000000000000000000000000000000020000000000000000000000000000000000000000000000000000000000000001000000000000000000000000000000000000000000000000000000000000000500000000000000000000000000000000000000000000000000000000000042010000000000000000000000000000000000000000000000000000000000004202000000000000000000000000000000000000000000000000000000000000420300000000000000000000000000000000000000000000000000000000000042040000000000000000000000000000000000000000000000000000000000004205', 'expectations': '0x4e487b710000000000000000000000000000000000000000000000000000000000000032', 'failure': True, 'signature': 'g(uint256[],uint256,uint256,uint256)'}
{'callData': '0x8d83e79a0000000000000000000000000000000000000000000000000000000000000080000000000000000000000000000000000000000000000000000000000000000400000000000000000000000000000000000000000000000000000000000000050000000000000000000000000000000000000000000000000000000000000000000000000000000000000000000000000000000000000000000000000000000500000000000000000000000000000000000000000000000000000000000042010000000000000000000000000000000000000000000000000000000000004202000000000000000000000000000000000000000000000000000000000000420300000000000000000000000000000000000000000000000000000000000042040000000000000000000000000000000000000000000000000000000000004205', 'expectations': '0x000000000000000000000000000000000000000000000000000000000000420500000000000000000000000000000000000000000000000000000000000042050000000000000000000000000000000000000000000000000000000000004205', 'failure': False, 'signature': 'g(uint256[],uint256,uint256,uint256)'}
{'callData': '0xc92e7abf000000000000000000000000000000000000000000000000000000000000002000000000000000000000000000000000000000000000000000000000000000106162636465666768616263646566676800000000000000000000000000000000', 'expectations': '0x6162636465666768616263646566000000000000000000000000000000000000', 'failure': False, 'signature': 'fromMemory(bytes)'}
{'callData': '0x00319bae0000000000000000000000000000000000000000000000000000000000000020000000000000000000000000000000000000000000000000000000000000000f6162636465666768616263646566676800000000000000000000000000000000', 'expectations': '0x6162636465666768616263646566670000000000000000000000000000000000', 'failure': False, 'signature': 'fromCalldata(bytes)'}
{'callData': '0x8d83e79a0000000000000000000000000000000000000000000000000000000000000080000000000000000000000000000000000000000000000000000000000000000400000000000000000000000000000000000000000000000000000000000000050000000000000000000000000000000000000000000000000000000000000001000000000000000000000000000000000000000000000000000000000000000500000000000000000000000000000000000000000000000000000000000042010000000000000000000000000000000000000000000000000000000000004202000000000000000000000000000000000000000000000000000000000000420300000000000000000000000000000000000000000000000000000000000042040000000000000000000000000000000000000000000000000000000000004205', 'expectations': '0x4e487b710000000000000000000000000000000000000000000000000000000000000032', 'failure': True, 'signature': 'g(uint256[],uint256,uint256,uint256)'}
------------------------------------------------------------------------------------------------------------------- Captured stderr call -------------------------------------------------------------------------------------------------------------------
Warning: SPDX license identifier not provided in source file. Before publishing, consider adding a comment containing "SPDX-License-Identifier: <SPDX-License>" to each source file. Use "SPDX-License-Identifier: UNLICENSED" for non-open-source code. Please see https://spdx.org for more information.
--> tests/semantic/solidity/test/libsolidity/semanticTests/array/delete/delete_bytes_array_marked.sol

__________________________________________________________ test_semantics[/home/greg/dev/nethermind/warp/tests/semantic/solidity/test/libsolidity/semanticTests/array/string_allocation_bug.sol] ___________________________________________________________
../../../warp_dev/lib/python3.7/site-packages/cairo_lang-0.6.2-py3.7.egg/starkware/starknet/business_logic/internal_transaction.py:539: in _run
    verify_secure=True,
../../../warp_dev/lib/python3.7/site-packages/cairo_lang-0.6.2-py3.7.egg/starkware/cairo/common/cairo_function_runner.py:199: in run_from_entrypoint
    self.run_until_pc(addr=end, run_resources=run_resources)
../../../warp_dev/lib/python3.7/site-packages/cairo_lang-0.6.2-py3.7.egg/starkware/cairo/lang/vm/cairo_runner.py:284: in run_until_pc
    self.vm_step()
../../../warp_dev/lib/python3.7/site-packages/cairo_lang-0.6.2-py3.7.egg/starkware/cairo/lang/vm/cairo_runner.py:298: in vm_step
    self.vm.step()
../../../warp_dev/lib/python3.7/site-packages/cairo_lang-0.6.2-py3.7.egg/starkware/cairo/lang/vm/virtual_machine_base.py:255: in step
    self.run_instruction(instruction)
../../../warp_dev/lib/python3.7/site-packages/cairo_lang-0.6.2-py3.7.egg/starkware/cairo/lang/vm/vm_core.py:422: in run_instruction
    raise self.as_vm_exception(exc) from None
E   starkware.cairo.lang.vm.vm_exceptions.VmException: /home/greg/dev/nethermind/warp/tests/semantic/solidity/test/libsolidity/semanticTests/array/string_allocation_bug.cairo.temp:875:9: Error at pc=0:5292:
E   An ASSERT_EQ instruction failed: 1 != 0.
E           assert 0 = 1
E           ^**********^
E   Cairo traceback (most recent call last):
E   /home/greg/dev/nethermind/warp/tests/semantic/solidity/test/libsolidity/semanticTests/array/string_allocation_bug.cairo.temp:54:6: (pc=0:2213)
E   func __main{
E        ^****^
E   /home/greg/dev/nethermind/warp/tests/semantic/solidity/test/libsolidity/semanticTests/array/string_allocation_bug.cairo.temp:68:9: (pc=0:2152)
E           __main_meat()
E           ^***********^
E   /home/greg/dev/nethermind/warp/tests/semantic/solidity/test/libsolidity/semanticTests/array/string_allocation_bug.cairo.temp:1059:5: (pc=0:6088)
E       __warp_if_15(__warp_subexpr_0)
E       ^****************************^
E   /home/greg/dev/nethermind/warp/tests/semantic/solidity/test/libsolidity/semanticTests/array/string_allocation_bug.cairo.temp:1043:9: (pc=0:6042)
E           __warp_block_20()
E           ^***************^
E   /home/greg/dev/nethermind/warp/tests/semantic/solidity/test/libsolidity/semanticTests/array/string_allocation_bug.cairo.temp:1033:5: (pc=0:6017)
E       __warp_if_16(__warp_subexpr_0)
E       ^****************************^
E   /home/greg/dev/nethermind/warp/tests/semantic/solidity/test/libsolidity/semanticTests/array/string_allocation_bug.cairo.temp:1018:9: (pc=0:5972)
E           __warp_block_21()
E           ^***************^
E   /home/greg/dev/nethermind/warp/tests/semantic/solidity/test/libsolidity/semanticTests/array/string_allocation_bug.cairo.temp:998:32: (pc=0:5843)
E       let (ret_mpos : Uint256) = copy_array_from_storage_to_memory_string(__warp_subexpr_5)
E                                  ^********************************************************^

During handling of the above exception, another exception occurred:
tests/semantic/test_semantics.py:161: in test_semantics
    res = await invoke_method_evm_calldata(starknet, contract_address, argument)
../../../warp_dev/lib/python3.7/site-packages/sol_warp-0.2.12-py3.7.egg/yul/starknet_utils.py:30: in invoke_method_evm_calldata
    caller_address=0,
../../../warp_dev/lib/python3.7/site-packages/cairo_lang-0.6.2-py3.7.egg/starkware/starknet/testing/state.py:153: in invoke_raw
    state=state_copy, general_config=self.general_config
../../../warp_dev/lib/python3.7/site-packages/cairo_lang-0.6.2-py3.7.egg/starkware/starknet/business_logic/internal_transaction_interface.py:213: in apply_state_updates
    state=state_to_update, general_config=general_config
../../../warp_dev/lib/python3.7/site-packages/cairo_lang-0.6.2-py3.7.egg/starkware/starknet/business_logic/internal_transaction.py:405: in _apply_specific_state_updates
    func=_synchronous_apply_specific_state_updates,
/usr/lib/python3.7/concurrent/futures/thread.py:57: in run
    result = self.fn(*self.args, **self.kwargs)
../../../warp_dev/lib/python3.7/site-packages/cairo_lang-0.6.2-py3.7.egg/starkware/starknet/business_logic/internal_transaction.py:433: in _synchronous_apply_specific_state_updates
    run_resources=run_resources,
../../../warp_dev/lib/python3.7/site-packages/cairo_lang-0.6.2-py3.7.egg/starkware/starknet/business_logic/internal_transaction.py:559: in _run
    raise StarkException(code=code, message=str(exception))
E   starkware.starkware_utils.error_handling.StarkException: (500, {'code': <StarknetErrorCode.TRANSACTION_FAILED: 28>, 'message': '/home/greg/dev/nethermind/warp/tests/semantic/solidity/test/libsolidity/semanticTests/array/string_allocation_bug.cairo.temp:875:9: Error at pc=0:5292:\nAn ASSERT_EQ instruction failed: 1 != 0.\n        assert 0 = 1\n        ^**********^\nCairo traceback (most recent call last):\n/home/greg/dev/nethermind/warp/tests/semantic/solidity/test/libsolidity/semanticTests/array/string_allocation_bug.cairo.temp:54:6: (pc=0:2213)\nfunc __main{\n     ^****^\n/home/greg/dev/nethermind/warp/tests/semantic/solidity/test/libsolidity/semanticTests/array/string_allocation_bug.cairo.temp:68:9: (pc=0:2152)\n        __main_meat()\n        ^***********^\n/home/greg/dev/nethermind/warp/tests/semantic/solidity/test/libsolidity/semanticTests/array/string_allocation_bug.cairo.temp:1059:5: (pc=0:6088)\n    __warp_if_15(__warp_subexpr_0)\n    ^****************************^\n/home/greg/dev/nethermind/warp/tests/semantic/solidity/test/libsolidity/semanticTests/array/string_allocation_bug.cairo.temp:1043:9: (pc=0:6042)\n        __warp_block_20()\n        ^***************^\n/home/greg/dev/nethermind/warp/tests/semantic/solidity/test/libsolidity/semanticTests/array/string_allocation_bug.cairo.temp:1033:5: (pc=0:6017)\n    __warp_if_16(__warp_subexpr_0)\n    ^****************************^\n/home/greg/dev/nethermind/warp/tests/semantic/solidity/test/libsolidity/semanticTests/array/string_allocation_bug.cairo.temp:1018:9: (pc=0:5972)\n        __warp_block_21()\n        ^***************^\n/home/greg/dev/nethermind/warp/tests/semantic/solidity/test/libsolidity/semanticTests/array/string_allocation_bug.cairo.temp:998:32: (pc=0:5843)\n    let (ret_mpos : Uint256) = copy_array_from_storage_to_memory_string(__warp_subexpr_5)\n                               ^********************************************************^'})
________________________________________________________ test_semantics[/home/greg/dev/nethermind/warp/tests/semantic/solidity/test/libsolidity/semanticTests/array/delete/delete_bytes_array.sol] _________________________________________________________
../../../warp_dev/lib/python3.7/site-packages/cairo_lang-0.6.2-py3.7.egg/starkware/cairo/lang/compiler/preprocessor/preprocessor.py:365: in search_identifier
    result = self.identifiers.search(self.accessible_scopes, ScopedName.from_string(name))
../../../warp_dev/lib/python3.7/site-packages/cairo_lang-0.6.2-py3.7.egg/starkware/cairo/lang/compiler/identifier_manager.py:225: in search
    res = self._search(accessible_scopes=accessible_scopes, name=name, get_scope=False)
../../../warp_dev/lib/python3.7/site-packages/cairo_lang-0.6.2-py3.7.egg/starkware/cairo/lang/compiler/identifier_manager.py:217: in _search
    raise MissingIdentifierError(name[:1])
E   starkware.cairo.lang.compiler.identifier_manager.MissingIdentifierError: Unknown identifier 'bitwise_ptr'.

During handling of the above exception, another exception occurred:
tests/semantic/test_semantics.py:135: in test_semantics
    contract_definition = await starknet_compile(cairo_file_path)
tests/semantic/test_semantics.py:71: in starknet_compile
    [contract_file], debug_info=True, cairo_path=[cairo_path]
../../../warp_dev/lib/python3.7/site-packages/cairo_lang-0.6.2-py3.7.egg/starkware/starknet/compiler/compile.py:107: in compile_starknet_files
    cairo_path=cairo_path,
../../../warp_dev/lib/python3.7/site-packages/cairo_lang-0.6.2-py3.7.egg/starkware/starknet/compiler/compile.py:128: in compile_starknet_codes
    code=codes, debug_info=debug_info, pass_manager=pass_manager
../../../warp_dev/lib/python3.7/site-packages/cairo_lang-0.6.2-py3.7.egg/starkware/cairo/lang/compiler/cairo_compile.py:230: in compile_cairo_ex
    codes=codes_with_filenames, pass_manager=pass_manager, main_scope=main_scope
../../../warp_dev/lib/python3.7/site-packages/cairo_lang-0.6.2-py3.7.egg/starkware/cairo/lang/compiler/preprocessor/preprocess_codes.py:24: in preprocess_codes
    pass_manager.run(context)
../../../warp_dev/lib/python3.7/site-packages/cairo_lang-0.6.2-py3.7.egg/starkware/cairo/lang/compiler/preprocessor/pass_manager.py:53: in run
    stage.run(context)
../../../warp_dev/lib/python3.7/site-packages/cairo_lang-0.6.2-py3.7.egg/starkware/cairo/lang/compiler/preprocessor/default_pass_manager.py:89: in run
    preprocessor.visit(module)
../../../warp_dev/lib/python3.7/site-packages/cairo_lang-0.6.2-py3.7.egg/starkware/cairo/lang/compiler/ast/visitor.py:40: in visit
    return getattr(self, f"visit_{type(obj).__name__}", self._visit_default)(obj)
../../../warp_dev/lib/python3.7/site-packages/cairo_lang-0.6.2-py3.7.egg/starkware/cairo/lang/compiler/preprocessor/preprocessor.py:427: in visit_CairoModule
    super().visit_CairoModule(module)
../../../warp_dev/lib/python3.7/site-packages/cairo_lang-0.6.2-py3.7.egg/starkware/cairo/lang/compiler/ast/visitor.py:63: in visit_CairoModule
    cairo_file=CairoFile(code_block=self.visit(module.cairo_file.code_block)),
../../../warp_dev/lib/python3.7/site-packages/cairo_lang-0.6.2-py3.7.egg/starkware/cairo/lang/compiler/ast/visitor.py:40: in visit
    return getattr(self, f"visit_{type(obj).__name__}", self._visit_default)(obj)
../../../warp_dev/lib/python3.7/site-packages/cairo_lang-0.6.2-py3.7.egg/starkware/cairo/lang/compiler/preprocessor/preprocessor.py:415: in visit_CodeBlock
    self.visit_uncommented_code_block([x.code_elm for x in code_block.code_elements])
../../../warp_dev/lib/python3.7/site-packages/cairo_lang-0.6.2-py3.7.egg/starkware/cairo/lang/compiler/preprocessor/preprocessor.py:397: in visit_uncommented_code_block
    self.visit(elm)
../../../warp_dev/lib/python3.7/site-packages/cairo_lang-0.6.2-py3.7.egg/starkware/cairo/lang/compiler/ast/visitor.py:40: in visit
    return getattr(self, f"visit_{type(obj).__name__}", self._visit_default)(obj)
../../../warp_dev/lib/python3.7/site-packages/cairo_lang-0.6.2-py3.7.egg/starkware/starknet/compiler/starknet_preprocessor.py:172: in visit_CodeElementFunction
    super().visit_CodeElementFunction(elm)
../../../warp_dev/lib/python3.7/site-packages/cairo_lang-0.6.2-py3.7.egg/starkware/cairo/lang/compiler/preprocessor/preprocessor.py:615: in visit_CodeElementFunction
    code_block=elm.code_block, location=elm.identifier.location
../../../warp_dev/lib/python3.7/site-packages/cairo_lang-0.6.2-py3.7.egg/starkware/cairo/lang/compiler/preprocessor/preprocessor.py:671: in visit_function_body_with_retries
    self.visit_uncommented_code_block(code_elements)
../../../warp_dev/lib/python3.7/site-packages/cairo_lang-0.6.2-py3.7.egg/starkware/cairo/lang/compiler/preprocessor/preprocessor.py:397: in visit_uncommented_code_block
    self.visit(elm)
../../../warp_dev/lib/python3.7/site-packages/cairo_lang-0.6.2-py3.7.egg/starkware/cairo/lang/compiler/ast/visitor.py:40: in visit
    return getattr(self, f"visit_{type(obj).__name__}", self._visit_default)(obj)
../../../warp_dev/lib/python3.7/site-packages/cairo_lang-0.6.2-py3.7.egg/starkware/cairo/lang/compiler/preprocessor/preprocessor.py:1757: in visit_CodeElementUnpackBinding
    self.visit(CodeElementFuncCall(func_call=elm.rvalue))
../../../warp_dev/lib/python3.7/site-packages/cairo_lang-0.6.2-py3.7.egg/starkware/cairo/lang/compiler/ast/visitor.py:40: in visit
    return getattr(self, f"visit_{type(obj).__name__}", self._visit_default)(obj)
../../../warp_dev/lib/python3.7/site-packages/cairo_lang-0.6.2-py3.7.egg/starkware/cairo/lang/compiler/preprocessor/preprocessor.py:1616: in visit_CodeElementFuncCall
    location=elm.func_call.location,
../../../warp_dev/lib/python3.7/site-packages/cairo_lang-0.6.2-py3.7.egg/starkware/cairo/lang/compiler/preprocessor/preprocessor.py:1391: in push_arguments
    location=location,
../../../warp_dev/lib/python3.7/site-packages/cairo_lang-0.6.2-py3.7.egg/starkware/cairo/lang/compiler/preprocessor/preprocessor.py:1314: in process_implicit_arguments
    felt_expr_list = self.simplify_expr_to_felt_expr_list(expr, member_def.cairo_type)
../../../warp_dev/lib/python3.7/site-packages/cairo_lang-0.6.2-py3.7.egg/starkware/cairo/lang/compiler/preprocessor/preprocessor.py:2083: in simplify_expr_to_felt_expr_list
    expr, expr_type = self.simplify_expr(expr)
../../../warp_dev/lib/python3.7/site-packages/cairo_lang-0.6.2-py3.7.egg/starkware/cairo/lang/compiler/preprocessor/preprocessor.py:2054: in simplify_expr
    resolve_type_callback=self.resolve_type,
../../../warp_dev/lib/python3.7/site-packages/cairo_lang-0.6.2-py3.7.egg/starkware/cairo/lang/compiler/substitute_identifiers.py:113: in substitute_identifiers
    ).visit(expr)
../../../warp_dev/lib/python3.7/site-packages/cairo_lang-0.6.2-py3.7.egg/starkware/cairo/lang/compiler/expression_transformer.py:47: in visit
    return getattr(self, funcname)(expr)
../../../warp_dev/lib/python3.7/site-packages/cairo_lang-0.6.2-py3.7.egg/starkware/cairo/lang/compiler/substitute_identifiers.py:38: in visit_ExprIdentifier
    val = self.get_identifier_callback(expr)
../../../warp_dev/lib/python3.7/site-packages/cairo_lang-0.6.2-py3.7.egg/starkware/cairo/lang/compiler/preprocessor/preprocessor.py:2185: in get_variable
    identifier_definition = self.search_identifier(var.name, var.location)
../../../warp_dev/lib/python3.7/site-packages/cairo_lang-0.6.2-py3.7.egg/starkware/cairo/lang/compiler/preprocessor/preprocessor.py:368: in search_identifier
    raise PreprocessorError(str(exc), location=location)
E   starkware.cairo.lang.compiler.preprocessor.preprocessor_error.PreprocessorError: /home/greg/dev/nethermind/warp/warp/cairo-src/evm/hashing.cairo:14:20: While trying to retrieve the implicit argument 'bitwise_ptr' in:
E       let (memval) = array_create_from_memory(offset, size)
E                      ^************************************^
E   /home/greg/dev/nethermind/warp/warp/cairo-src/evm/array.cairo:16:53: Unknown identifier 'bitwise_ptr'.
E           memory_dict : DictAccess*, range_check_ptr, bitwise_ptr : BitwiseBuiltin*}(
E                                                       ^***************************^
------------------------------------------------------------------------------------------------------------------- Captured stderr call -------------------------------------------------------------------------------------------------------------------
Warning: SPDX license identifier not provided in source file. Before publishing, consider adding a comment containing "SPDX-License-Identifier: <SPDX-License>" to each source file. Use "SPDX-License-Identifier: UNLICENSED" for non-open-source code. Please see https://spdx.org for more information.
--> tests/semantic/solidity/test/libsolidity/semanticTests/array/slices/array_calldata_assignment_marked.sol

Warning: Function state mutability can be restricted to pure
 --> tests/semantic/solidity/test/libsolidity/semanticTests/array/slices/array_calldata_assignment_marked.sol:3:5:
  |
3 |     function f(uint256[] calldata x, uint256[] calldata y, uint256 i) external returns (uint256) {
  |     ^ (Relevant source part starts here and spans across multiple lines).

________________________________________ test_semantics[/home/greg/dev/nethermind/warp/tests/semantic/solidity/test/libsolidity/semanticTests/array/slices/array_slice_calldata_as_argument_of_external_calls.sol] _________________________________________
../../../warp_dev/lib/python3.7/site-packages/cairo_lang-0.6.2-py3.7.egg/starkware/cairo/lang/compiler/preprocessor/preprocessor.py:365: in search_identifier
    result = self.identifiers.search(self.accessible_scopes, ScopedName.from_string(name))
../../../warp_dev/lib/python3.7/site-packages/cairo_lang-0.6.2-py3.7.egg/starkware/cairo/lang/compiler/identifier_manager.py:225: in search
    res = self._search(accessible_scopes=accessible_scopes, name=name, get_scope=False)
../../../warp_dev/lib/python3.7/site-packages/cairo_lang-0.6.2-py3.7.egg/starkware/cairo/lang/compiler/identifier_manager.py:217: in _search
    raise MissingIdentifierError(name[:1])
E   starkware.cairo.lang.compiler.identifier_manager.MissingIdentifierError: Unknown identifier 'bitwise_ptr'.

During handling of the above exception, another exception occurred:
tests/semantic/test_semantics.py:135: in test_semantics
    contract_definition = await starknet_compile(cairo_file_path)
tests/semantic/test_semantics.py:71: in starknet_compile
    [contract_file], debug_info=True, cairo_path=[cairo_path]
../../../warp_dev/lib/python3.7/site-packages/cairo_lang-0.6.2-py3.7.egg/starkware/starknet/compiler/compile.py:107: in compile_starknet_files
    cairo_path=cairo_path,
../../../warp_dev/lib/python3.7/site-packages/cairo_lang-0.6.2-py3.7.egg/starkware/starknet/compiler/compile.py:128: in compile_starknet_codes
    code=codes, debug_info=debug_info, pass_manager=pass_manager
../../../warp_dev/lib/python3.7/site-packages/cairo_lang-0.6.2-py3.7.egg/starkware/cairo/lang/compiler/cairo_compile.py:230: in compile_cairo_ex
    codes=codes_with_filenames, pass_manager=pass_manager, main_scope=main_scope
../../../warp_dev/lib/python3.7/site-packages/cairo_lang-0.6.2-py3.7.egg/starkware/cairo/lang/compiler/preprocessor/preprocess_codes.py:24: in preprocess_codes
    pass_manager.run(context)
../../../warp_dev/lib/python3.7/site-packages/cairo_lang-0.6.2-py3.7.egg/starkware/cairo/lang/compiler/preprocessor/pass_manager.py:53: in run
    stage.run(context)
../../../warp_dev/lib/python3.7/site-packages/cairo_lang-0.6.2-py3.7.egg/starkware/cairo/lang/compiler/preprocessor/default_pass_manager.py:89: in run
    preprocessor.visit(module)
../../../warp_dev/lib/python3.7/site-packages/cairo_lang-0.6.2-py3.7.egg/starkware/cairo/lang/compiler/ast/visitor.py:40: in visit
    return getattr(self, f"visit_{type(obj).__name__}", self._visit_default)(obj)
../../../warp_dev/lib/python3.7/site-packages/cairo_lang-0.6.2-py3.7.egg/starkware/cairo/lang/compiler/preprocessor/preprocessor.py:427: in visit_CairoModule
    super().visit_CairoModule(module)
../../../warp_dev/lib/python3.7/site-packages/cairo_lang-0.6.2-py3.7.egg/starkware/cairo/lang/compiler/ast/visitor.py:63: in visit_CairoModule
    cairo_file=CairoFile(code_block=self.visit(module.cairo_file.code_block)),
../../../warp_dev/lib/python3.7/site-packages/cairo_lang-0.6.2-py3.7.egg/starkware/cairo/lang/compiler/ast/visitor.py:40: in visit
    return getattr(self, f"visit_{type(obj).__name__}", self._visit_default)(obj)
../../../warp_dev/lib/python3.7/site-packages/cairo_lang-0.6.2-py3.7.egg/starkware/cairo/lang/compiler/preprocessor/preprocessor.py:415: in visit_CodeBlock
    self.visit_uncommented_code_block([x.code_elm for x in code_block.code_elements])
../../../warp_dev/lib/python3.7/site-packages/cairo_lang-0.6.2-py3.7.egg/starkware/cairo/lang/compiler/preprocessor/preprocessor.py:397: in visit_uncommented_code_block
    self.visit(elm)
../../../warp_dev/lib/python3.7/site-packages/cairo_lang-0.6.2-py3.7.egg/starkware/cairo/lang/compiler/ast/visitor.py:40: in visit
    return getattr(self, f"visit_{type(obj).__name__}", self._visit_default)(obj)
../../../warp_dev/lib/python3.7/site-packages/cairo_lang-0.6.2-py3.7.egg/starkware/starknet/compiler/starknet_preprocessor.py:172: in visit_CodeElementFunction
    super().visit_CodeElementFunction(elm)
../../../warp_dev/lib/python3.7/site-packages/cairo_lang-0.6.2-py3.7.egg/starkware/cairo/lang/compiler/preprocessor/preprocessor.py:615: in visit_CodeElementFunction
    code_block=elm.code_block, location=elm.identifier.location
../../../warp_dev/lib/python3.7/site-packages/cairo_lang-0.6.2-py3.7.egg/starkware/cairo/lang/compiler/preprocessor/preprocessor.py:671: in visit_function_body_with_retries
    self.visit_uncommented_code_block(code_elements)
../../../warp_dev/lib/python3.7/site-packages/cairo_lang-0.6.2-py3.7.egg/starkware/cairo/lang/compiler/preprocessor/preprocessor.py:397: in visit_uncommented_code_block
    self.visit(elm)
../../../warp_dev/lib/python3.7/site-packages/cairo_lang-0.6.2-py3.7.egg/starkware/cairo/lang/compiler/ast/visitor.py:40: in visit
    return getattr(self, f"visit_{type(obj).__name__}", self._visit_default)(obj)
../../../warp_dev/lib/python3.7/site-packages/cairo_lang-0.6.2-py3.7.egg/starkware/cairo/lang/compiler/preprocessor/preprocessor.py:1757: in visit_CodeElementUnpackBinding
    self.visit(CodeElementFuncCall(func_call=elm.rvalue))
../../../warp_dev/lib/python3.7/site-packages/cairo_lang-0.6.2-py3.7.egg/starkware/cairo/lang/compiler/ast/visitor.py:40: in visit
    return getattr(self, f"visit_{type(obj).__name__}", self._visit_default)(obj)
../../../warp_dev/lib/python3.7/site-packages/cairo_lang-0.6.2-py3.7.egg/starkware/cairo/lang/compiler/preprocessor/preprocessor.py:1616: in visit_CodeElementFuncCall
    location=elm.func_call.location,
../../../warp_dev/lib/python3.7/site-packages/cairo_lang-0.6.2-py3.7.egg/starkware/cairo/lang/compiler/preprocessor/preprocessor.py:1391: in push_arguments
    location=location,
../../../warp_dev/lib/python3.7/site-packages/cairo_lang-0.6.2-py3.7.egg/starkware/cairo/lang/compiler/preprocessor/preprocessor.py:1314: in process_implicit_arguments
    felt_expr_list = self.simplify_expr_to_felt_expr_list(expr, member_def.cairo_type)
../../../warp_dev/lib/python3.7/site-packages/cairo_lang-0.6.2-py3.7.egg/starkware/cairo/lang/compiler/preprocessor/preprocessor.py:2083: in simplify_expr_to_felt_expr_list
    expr, expr_type = self.simplify_expr(expr)
../../../warp_dev/lib/python3.7/site-packages/cairo_lang-0.6.2-py3.7.egg/starkware/cairo/lang/compiler/preprocessor/preprocessor.py:2054: in simplify_expr
    resolve_type_callback=self.resolve_type,
../../../warp_dev/lib/python3.7/site-packages/cairo_lang-0.6.2-py3.7.egg/starkware/cairo/lang/compiler/substitute_identifiers.py:113: in substitute_identifiers
    ).visit(expr)
../../../warp_dev/lib/python3.7/site-packages/cairo_lang-0.6.2-py3.7.egg/starkware/cairo/lang/compiler/expression_transformer.py:47: in visit
    return getattr(self, funcname)(expr)
../../../warp_dev/lib/python3.7/site-packages/cairo_lang-0.6.2-py3.7.egg/starkware/cairo/lang/compiler/substitute_identifiers.py:38: in visit_ExprIdentifier
    val = self.get_identifier_callback(expr)
../../../warp_dev/lib/python3.7/site-packages/cairo_lang-0.6.2-py3.7.egg/starkware/cairo/lang/compiler/preprocessor/preprocessor.py:2185: in get_variable
    identifier_definition = self.search_identifier(var.name, var.location)
../../../warp_dev/lib/python3.7/site-packages/cairo_lang-0.6.2-py3.7.egg/starkware/cairo/lang/compiler/preprocessor/preprocessor.py:368: in search_identifier
    raise PreprocessorError(str(exc), location=location)
E   starkware.cairo.lang.compiler.preprocessor.preprocessor_error.PreprocessorError: /home/greg/dev/nethermind/warp/warp/cairo-src/evm/hashing.cairo:14:20: While trying to retrieve the implicit argument 'bitwise_ptr' in:
E       let (memval) = array_create_from_memory(offset, size)
E                      ^************************************^
E   /home/greg/dev/nethermind/warp/warp/cairo-src/evm/array.cairo:16:53: Unknown identifier 'bitwise_ptr'.
E           memory_dict : DictAccess*, range_check_ptr, bitwise_ptr : BitwiseBuiltin*}(
E                                                       ^***************************^
------------------------------------------------------------------------------------------------------------------- Captured stderr call -------------------------------------------------------------------------------------------------------------------
Warning: SPDX license identifier not provided in source file. Before publishing, consider adding a comment containing "SPDX-License-Identifier: <SPDX-License>" to each source file. Use "SPDX-License-Identifier: UNLICENSED" for non-open-source code. Please see https://spdx.org for more information.
--> tests/semantic/solidity/test/libsolidity/semanticTests/array/slices/array_slice_calldata_as_argument_of_external_calls_marked.sol

Warning: Function state mutability can be restricted to pure
 --> tests/semantic/solidity/test/libsolidity/semanticTests/array/slices/array_slice_calldata_as_argument_of_external_calls_marked.sol:3:5:
  |
3 |     function f1(bytes calldata c1, uint256 s, uint256 e, bytes calldata c2) public returns (bool) {
  |     ^ (Relevant source part starts here and spans across multiple lines).

Warning: Function state mutability can be restricted to pure
 --> tests/semantic/solidity/test/libsolidity/semanticTests/array/slices/array_slice_calldata_as_argument_of_external_calls_marked.sol:6:5:
  |
6 |     function f2(bytes calldata c, uint256 s) public returns (uint256, bytes memory) {
  |     ^ (Relevant source part starts here and spans across multiple lines).

Warning: Function state mutability can be restricted to pure
 --> tests/semantic/solidity/test/libsolidity/semanticTests/array/slices/array_slice_calldata_as_argument_of_external_calls_marked.sol:9:5:
  |
9 |     function f3(bytes calldata c1, uint256 s, uint256 e, bytes calldata c2) public returns (bool) {
  |     ^ (Relevant source part starts here and spans across multiple lines).

Warning: Function state mutability can be restricted to pure
  --> tests/semantic/solidity/test/libsolidity/semanticTests/array/slices/array_slice_calldata_as_argument_of_external_calls_marked.sol:18:5:
   |
18 |     function f4(bytes calldata c1, uint256 s, uint256 e, bytes calldata c2) public returns (bool) {
   |     ^ (Relevant source part starts here and spans across multiple lines).

Warning: SPDX license identifier not provided in source file. Before publishing, consider adding a comment containing "SPDX-License-Identifier: <SPDX-License>" to each source file. Use "SPDX-License-Identifier: UNLICENSED" for non-open-source code. Please see https://spdx.org for more information.
--> tests/semantic/solidity/test/libsolidity/semanticTests/array/indexAccess/index_access_marked.sol

______________________________________________________ test_semantics[/home/greg/dev/nethermind/warp/tests/semantic/solidity/test/libsolidity/semanticTests/array/calldata_array_two_dimensional.sol] ______________________________________________________
../../../warp_dev/lib/python3.7/site-packages/cairo_lang-0.6.2-py3.7.egg/starkware/starknet/business_logic/internal_transaction.py:539: in _run
    verify_secure=True,
../../../warp_dev/lib/python3.7/site-packages/cairo_lang-0.6.2-py3.7.egg/starkware/cairo/common/cairo_function_runner.py:199: in run_from_entrypoint
    self.run_until_pc(addr=end, run_resources=run_resources)
../../../warp_dev/lib/python3.7/site-packages/cairo_lang-0.6.2-py3.7.egg/starkware/cairo/lang/vm/cairo_runner.py:284: in run_until_pc
    self.vm_step()
../../../warp_dev/lib/python3.7/site-packages/cairo_lang-0.6.2-py3.7.egg/starkware/cairo/lang/vm/cairo_runner.py:298: in vm_step
    self.vm.step()
../../../warp_dev/lib/python3.7/site-packages/cairo_lang-0.6.2-py3.7.egg/starkware/cairo/lang/vm/virtual_machine_base.py:255: in step
    self.run_instruction(instruction)
../../../warp_dev/lib/python3.7/site-packages/cairo_lang-0.6.2-py3.7.egg/starkware/cairo/lang/vm/vm_core.py:422: in run_instruction
    raise self.as_vm_exception(exc) from None
E   starkware.cairo.lang.vm.vm_exceptions.VmException: /home/greg/dev/nethermind/warp/tests/semantic/solidity/test/libsolidity/semanticTests/array/calldata_array_two_dimensional.cairo.temp:151:9: Error at pc=0:2668:
E   An ASSERT_EQ instruction failed: 1 != 0.
E           assert 0 = 1
E           ^**********^
E   Cairo traceback (most recent call last):
E   /home/greg/dev/nethermind/warp/tests/semantic/solidity/test/libsolidity/semanticTests/array/calldata_array_two_dimensional.cairo.temp:43:6: (pc=0:2316)
E   func __main{bitwise_ptr : BitwiseBuiltin*, range_check_ptr, syscall_ptr : felt*}(
E        ^****^
E   /home/greg/dev/nethermind/warp/tests/semantic/solidity/test/libsolidity/semanticTests/array/calldata_array_two_dimensional.cairo.temp:56:9: (pc=0:2258)
E           __main_meat()
E           ^***********^
E   /home/greg/dev/nethermind/warp/tests/semantic/solidity/test/libsolidity/semanticTests/array/calldata_array_two_dimensional.cairo.temp:616:5: (pc=0:4332)
E       __warp_if_1(__warp_subexpr_0)
E       ^***************************^
E   /home/greg/dev/nethermind/warp/tests/semantic/solidity/test/libsolidity/semanticTests/array/calldata_array_two_dimensional.cairo.temp:601:9: (pc=0:4287)
E           __warp_block_1()
E           ^**************^
E   /home/greg/dev/nethermind/warp/tests/semantic/solidity/test/libsolidity/semanticTests/array/calldata_array_two_dimensional.cairo.temp:591:5: (pc=0:4264)
E       __warp_block_2(match_var)
E       ^***********************^
E   /home/greg/dev/nethermind/warp/tests/semantic/solidity/test/libsolidity/semanticTests/array/calldata_array_two_dimensional.cairo.temp:581:5: (pc=0:4230)
E       __warp_if_2(__warp_subexpr_0, match_var)
E       ^**************************************^
E   /home/greg/dev/nethermind/warp/tests/semantic/solidity/test/libsolidity/semanticTests/array/calldata_array_two_dimensional.cairo.temp:571:9: (pc=0:4189)
E           __warp_block_4(match_var)
E           ^***********************^
E   /home/greg/dev/nethermind/warp/tests/semantic/solidity/test/libsolidity/semanticTests/array/calldata_array_two_dimensional.cairo.temp:558:5: (pc=0:4172)
E       __warp_if_3(__warp_subexpr_0, match_var)
E       ^**************************************^
E   /home/greg/dev/nethermind/warp/tests/semantic/solidity/test/libsolidity/semanticTests/array/calldata_array_two_dimensional.cairo.temp:548:9: (pc=0:4131)
E           __warp_block_6(match_var)
E           ^***********************^
E   /home/greg/dev/nethermind/warp/tests/semantic/solidity/test/libsolidity/semanticTests/array/calldata_array_two_dimensional.cairo.temp:535:5: (pc=0:4114)
E       __warp_if_4(__warp_subexpr_0, match_var)
E       ^**************************************^
E   /home/greg/dev/nethermind/warp/tests/semantic/solidity/test/libsolidity/semanticTests/array/calldata_array_two_dimensional.cairo.temp:525:9: (pc=0:4072)
E           __warp_block_8(match_var)
E           ^***********************^
E   /home/greg/dev/nethermind/warp/tests/semantic/solidity/test/libsolidity/semanticTests/array/calldata_array_two_dimensional.cairo.temp:512:5: (pc=0:4056)
E       __warp_if_5(__warp_subexpr_0)
E       ^***************************^
E   /home/greg/dev/nethermind/warp/tests/semantic/solidity/test/libsolidity/semanticTests/array/calldata_array_two_dimensional.cairo.temp:500:9: (pc=0:4034)
E           __warp_block_9()
E           ^**************^
E   /home/greg/dev/nethermind/warp/tests/semantic/solidity/test/libsolidity/semanticTests/array/calldata_array_two_dimensional.cairo.temp:486:34: (pc=0:3967)
E           expr_length : Uint256) = calldata_array_index_access_uint256_dyn_calldata_calldata(
E                                    ^********************************************************^

During handling of the above exception, another exception occurred:
tests/semantic/test_semantics.py:161: in test_semantics
    res = await invoke_method_evm_calldata(starknet, contract_address, argument)
../../../warp_dev/lib/python3.7/site-packages/sol_warp-0.2.12-py3.7.egg/yul/starknet_utils.py:30: in invoke_method_evm_calldata
    caller_address=0,
../../../warp_dev/lib/python3.7/site-packages/cairo_lang-0.6.2-py3.7.egg/starkware/starknet/testing/state.py:153: in invoke_raw
    state=state_copy, general_config=self.general_config
../../../warp_dev/lib/python3.7/site-packages/cairo_lang-0.6.2-py3.7.egg/starkware/starknet/business_logic/internal_transaction_interface.py:213: in apply_state_updates
    state=state_to_update, general_config=general_config
../../../warp_dev/lib/python3.7/site-packages/cairo_lang-0.6.2-py3.7.egg/starkware/starknet/business_logic/internal_transaction.py:405: in _apply_specific_state_updates
    func=_synchronous_apply_specific_state_updates,
/usr/lib/python3.7/concurrent/futures/thread.py:57: in run
    result = self.fn(*self.args, **self.kwargs)
../../../warp_dev/lib/python3.7/site-packages/cairo_lang-0.6.2-py3.7.egg/starkware/starknet/business_logic/internal_transaction.py:433: in _synchronous_apply_specific_state_updates
    run_resources=run_resources,
../../../warp_dev/lib/python3.7/site-packages/cairo_lang-0.6.2-py3.7.egg/starkware/starknet/business_logic/internal_transaction.py:559: in _run
    raise StarkException(code=code, message=str(exception))
E   starkware.starkware_utils.error_handling.StarkException: (500, {'code': <StarknetErrorCode.TRANSACTION_FAILED: 28>, 'message': '/home/greg/dev/nethermind/warp/tests/semantic/solidity/test/libsolidity/semanticTests/array/calldata_array_two_dimensional.cairo.temp:151:9: Error at pc=0:2668:\nAn ASSERT_EQ instruction failed: 1 != 0.\n        assert 0 = 1\n        ^**********^\nCairo traceback (most recent call last):\n/home/greg/dev/nethermind/warp/tests/semantic/solidity/test/libsolidity/semanticTests/array/calldata_array_two_dimensional.cairo.temp:43:6: (pc=0:2316)\nfunc __main{bitwise_ptr : BitwiseBuiltin*, range_check_ptr, syscall_ptr : felt*}(\n     ^****^\n/home/greg/dev/nethermind/warp/tests/semantic/solidity/test/libsolidity/semanticTests/array/calldata_array_two_dimensional.cairo.temp:56:9: (pc=0:2258)\n        __main_meat()\n        ^***********^\n/home/greg/dev/nethermind/warp/tests/semantic/solidity/test/libsolidity/semanticTests/array/calldata_array_two_dimensional.cairo.temp:616:5: (pc=0:4332)\n    __warp_if_1(__warp_subexpr_0)\n    ^***************************^\n/home/greg/dev/nethermind/warp/tests/semantic/solidity/test/libsolidity/semanticTests/array/calldata_array_two_dimensional.cairo.temp:601:9: (pc=0:4287)\n        __warp_block_1()\n        ^**************^\n/home/greg/dev/nethermind/warp/tests/semantic/solidity/test/libsolidity/semanticTests/array/calldata_array_two_dimensional.cairo.temp:591:5: (pc=0:4264)\n    __warp_block_2(match_var)\n    ^***********************^\n/home/greg/dev/nethermind/warp/tests/semantic/solidity/test/libsolidity/semanticTests/array/calldata_array_two_dimensional.cairo.temp:581:5: (pc=0:4230)\n    __warp_if_2(__warp_subexpr_0, match_var)\n    ^**************************************^\n/home/greg/dev/nethermind/warp/tests/semantic/solidity/test/libsolidity/semanticTests/array/calldata_array_two_dimensional.cairo.temp:571:9: (pc=0:4189)\n        __warp_block_4(match_var)\n        ^***********************^\n/home/greg/dev/nethermind/warp/tests/semantic/solidity/test/libsolidity/semanticTests/array/calldata_array_two_dimensional.cairo.temp:558:5: (pc=0:4172)\n    __warp_if_3(__warp_subexpr_0, match_var)\n    ^**************************************^\n/home/greg/dev/nethermind/warp/tests/semantic/solidity/test/libsolidity/semanticTests/array/calldata_array_two_dimensional.cairo.temp:548:9: (pc=0:4131)\n        __warp_block_6(match_var)\n        ^***********************^\n/home/greg/dev/nethermind/warp/tests/semantic/solidity/test/libsolidity/semanticTests/array/calldata_array_two_dimensional.cairo.temp:535:5: (pc=0:4114)\n    __warp_if_4(__warp_subexpr_0, match_var)\n    ^**************************************^\n/home/greg/dev/nethermind/warp/tests/semantic/solidity/test/libsolidity/semanticTests/array/calldata_array_two_dimensional.cairo.temp:525:9: (pc=0:4072)\n        __warp_block_8(match_var)\n        ^***********************^\n/home/greg/dev/nethermind/warp/tests/semantic/solidity/test/libsolidity/semanticTests/array/calldata_array_two_dimensional.cairo.temp:512:5: (pc=0:4056)\n    __warp_if_5(__warp_subexpr_0)\n    ^***************************^\n/home/greg/dev/nethermind/warp/tests/semantic/solidity/test/libsolidity/semanticTests/array/calldata_array_two_dimensional.cairo.temp:500:9: (pc=0:4034)\n        __warp_block_9()\n        ^**************^\n/home/greg/dev/nethermind/warp/tests/semantic/solidity/test/libsolidity/semanticTests/array/calldata_array_two_dimensional.cairo.temp:486:34: (pc=0:3967)\n        expr_length : Uint256) = calldata_array_index_access_uint256_dyn_calldata_calldata(\n                                 ^********************************************************^'})
------------------------------------------------------------------------------------------------------------------- Captured stdout call -------------------------------------------------------------------------------------------------------------------
{'callData': '0x5f0796240000000000000000000000000000000000000000000000000000000000000020000000000000000000000000000000000000000000000000000000000000004000000000000000000000000000000000000000000000000000000000000000c000000000000000000000000000000000000000000000000000000000000000030000000000000000000000000000000000000000000000000000000000000a010000000000000000000000000000000000000000000000000000000000000a020000000000000000000000000000000000000000000000000000000000000a0300000000000000000000000000000000000000000000000000000000000000040000000000000000000000000000000000000000000000000000000000000b010000000000000000000000000000000000000000000000000000000000000b020000000000000000000000000000000000000000000000000000000000000b030000000000000000000000000000000000000000000000000000000000000b04', 'expectations': '0x0000000000000000000000000000000000000000000000000000000000000002', 'failure': False, 'signature': 'test(uint256[][2])'}
{'callData': '0xfcfda51400000000000000000000000000000000000000000000000000000000000000400000000000000000000000000000000000000000000000000000000000000000000000000000000000000000000000000000000000000000000000000000004000000000000000000000000000000000000000000000000000000000000000c000000000000000000000000000000000000000000000000000000000000000030000000000000000000000000000000000000000000000000000000000000a010000000000000000000000000000000000000000000000000000000000000a020000000000000000000000000000000000000000000000000000000000000a0300000000000000000000000000000000000000000000000000000000000000040000000000000000000000000000000000000000000000000000000000000b010000000000000000000000000000000000000000000000000000000000000b020000000000000000000000000000000000000000000000000000000000000b030000000000000000000000000000000000000000000000000000000000000b04', 'expectations': '0x0000000000000000000000000000000000000000000000000000000000000003', 'failure': False, 'signature': 'test(uint256[][2],uint256)'}
{'callData': '0xfcfda51400000000000000000000000000000000000000000000000000000000000000400000000000000000000000000000000000000000000000000000000000000001000000000000000000000000000000000000000000000000000000000000004000000000000000000000000000000000000000000000000000000000000000c000000000000000000000000000000000000000000000000000000000000000030000000000000000000000000000000000000000000000000000000000000a010000000000000000000000000000000000000000000000000000000000000a020000000000000000000000000000000000000000000000000000000000000a0300000000000000000000000000000000000000000000000000000000000000040000000000000000000000000000000000000000000000000000000000000b010000000000000000000000000000000000000000000000000000000000000b020000000000000000000000000000000000000000000000000000000000000b030000000000000000000000000000000000000000000000000000000000000b04', 'expectations': '0x0000000000000000000000000000000000000000000000000000000000000004', 'failure': False, 'signature': 'test(uint256[][2],uint256)'}
------------------------------------------------------------------------------------------------------------------- Captured stderr call -------------------------------------------------------------------------------------------------------------------
Warning: SPDX license identifier not provided in source file. Before publishing, consider adding a comment containing "SPDX-License-Identifier: <SPDX-License>" to each source file. Use "SPDX-License-Identifier: UNLICENSED" for non-open-source code. Please see https://spdx.org for more information.
--> tests/semantic/solidity/test/libsolidity/semanticTests/array/indexAccess/bytes_index_access_marked.sol

Warning: Function state mutability can be restricted to pure
 --> tests/semantic/solidity/test/libsolidity/semanticTests/array/indexAccess/bytes_index_access_marked.sol:4:5:
  |
4 |     function direct(bytes calldata arg, uint index) external returns (uint) {
  |     ^ (Relevant source part starts here and spans across multiple lines).

_____________________________________________________ test_semantics[/home/greg/dev/nethermind/warp/tests/semantic/solidity/test/libsolidity/semanticTests/array/calldata_array_two_dimensional_1.sol] _____________________________________________________
../../../warp_dev/lib/python3.7/site-packages/cairo_lang-0.6.2-py3.7.egg/starkware/starknet/business_logic/internal_transaction.py:539: in _run
    verify_secure=True,
../../../warp_dev/lib/python3.7/site-packages/cairo_lang-0.6.2-py3.7.egg/starkware/cairo/common/cairo_function_runner.py:199: in run_from_entrypoint
    self.run_until_pc(addr=end, run_resources=run_resources)
../../../warp_dev/lib/python3.7/site-packages/cairo_lang-0.6.2-py3.7.egg/starkware/cairo/lang/vm/cairo_runner.py:284: in run_until_pc
    self.vm_step()
../../../warp_dev/lib/python3.7/site-packages/cairo_lang-0.6.2-py3.7.egg/starkware/cairo/lang/vm/cairo_runner.py:298: in vm_step
    self.vm.step()
../../../warp_dev/lib/python3.7/site-packages/cairo_lang-0.6.2-py3.7.egg/starkware/cairo/lang/vm/virtual_machine_base.py:255: in step
    self.run_instruction(instruction)
../../../warp_dev/lib/python3.7/site-packages/cairo_lang-0.6.2-py3.7.egg/starkware/cairo/lang/vm/vm_core.py:422: in run_instruction
    raise self.as_vm_exception(exc) from None
E   starkware.cairo.lang.vm.vm_exceptions.VmException: /home/greg/dev/nethermind/warp/tests/semantic/solidity/test/libsolidity/semanticTests/array/calldata_array_two_dimensional_1.cairo.temp:171:9: Error at pc=0:2760:
E   An ASSERT_EQ instruction failed: 1 != 0.
E           assert 0 = 1
E           ^**********^
E   Cairo traceback (most recent call last):
E   /home/greg/dev/nethermind/warp/tests/semantic/solidity/test/libsolidity/semanticTests/array/calldata_array_two_dimensional_1.cairo.temp:43:6: (pc=0:2316)
E   func __main{bitwise_ptr : BitwiseBuiltin*, range_check_ptr, syscall_ptr : felt*}(
E        ^****^
E   /home/greg/dev/nethermind/warp/tests/semantic/solidity/test/libsolidity/semanticTests/array/calldata_array_two_dimensional_1.cairo.temp:56:9: (pc=0:2258)
E           __main_meat()
E           ^***********^
E   /home/greg/dev/nethermind/warp/tests/semantic/solidity/test/libsolidity/semanticTests/array/calldata_array_two_dimensional_1.cairo.temp:632:5: (pc=0:4435)
E       __warp_if_1(__warp_subexpr_0)
E       ^***************************^
E   /home/greg/dev/nethermind/warp/tests/semantic/solidity/test/libsolidity/semanticTests/array/calldata_array_two_dimensional_1.cairo.temp:617:9: (pc=0:4390)
E           __warp_block_1()
E           ^**************^
E   /home/greg/dev/nethermind/warp/tests/semantic/solidity/test/libsolidity/semanticTests/array/calldata_array_two_dimensional_1.cairo.temp:607:5: (pc=0:4367)
E       __warp_block_2(match_var)
E       ^***********************^
E   /home/greg/dev/nethermind/warp/tests/semantic/solidity/test/libsolidity/semanticTests/array/calldata_array_two_dimensional_1.cairo.temp:597:5: (pc=0:4333)
E       __warp_if_2(__warp_subexpr_0, match_var)
E       ^**************************************^
E   /home/greg/dev/nethermind/warp/tests/semantic/solidity/test/libsolidity/semanticTests/array/calldata_array_two_dimensional_1.cairo.temp:587:9: (pc=0:4292)
E           __warp_block_4(match_var)
E           ^***********************^
E   /home/greg/dev/nethermind/warp/tests/semantic/solidity/test/libsolidity/semanticTests/array/calldata_array_two_dimensional_1.cairo.temp:574:5: (pc=0:4275)
E       __warp_if_3(__warp_subexpr_0, match_var)
E       ^**************************************^
E   /home/greg/dev/nethermind/warp/tests/semantic/solidity/test/libsolidity/semanticTests/array/calldata_array_two_dimensional_1.cairo.temp:564:9: (pc=0:4233)
E           __warp_block_6(match_var)
E           ^***********************^
E   /home/greg/dev/nethermind/warp/tests/semantic/solidity/test/libsolidity/semanticTests/array/calldata_array_two_dimensional_1.cairo.temp:551:5: (pc=0:4217)
E       __warp_if_4(__warp_subexpr_0, match_var)
E       ^**************************************^
E   /home/greg/dev/nethermind/warp/tests/semantic/solidity/test/libsolidity/semanticTests/array/calldata_array_two_dimensional_1.cairo.temp:538:9: (pc=0:4193)
E           __warp_block_7()
E           ^**************^
E   /home/greg/dev/nethermind/warp/tests/semantic/solidity/test/libsolidity/semanticTests/array/calldata_array_two_dimensional_1.cairo.temp:487:36: (pc=0:4019)
E           expr_length_1 : Uint256) = calldata_array_index_access_uint256_dyn_calldata_dyn_calldata(
E                                      ^************************************************************^

During handling of the above exception, another exception occurred:
tests/semantic/test_semantics.py:161: in test_semantics
    res = await invoke_method_evm_calldata(starknet, contract_address, argument)
../../../warp_dev/lib/python3.7/site-packages/sol_warp-0.2.12-py3.7.egg/yul/starknet_utils.py:30: in invoke_method_evm_calldata
    caller_address=0,
../../../warp_dev/lib/python3.7/site-packages/cairo_lang-0.6.2-py3.7.egg/starkware/starknet/testing/state.py:153: in invoke_raw
    state=state_copy, general_config=self.general_config
../../../warp_dev/lib/python3.7/site-packages/cairo_lang-0.6.2-py3.7.egg/starkware/starknet/business_logic/internal_transaction_interface.py:213: in apply_state_updates
    state=state_to_update, general_config=general_config
../../../warp_dev/lib/python3.7/site-packages/cairo_lang-0.6.2-py3.7.egg/starkware/starknet/business_logic/internal_transaction.py:405: in _apply_specific_state_updates
    func=_synchronous_apply_specific_state_updates,
/usr/lib/python3.7/concurrent/futures/thread.py:57: in run
    result = self.fn(*self.args, **self.kwargs)
../../../warp_dev/lib/python3.7/site-packages/cairo_lang-0.6.2-py3.7.egg/starkware/starknet/business_logic/internal_transaction.py:433: in _synchronous_apply_specific_state_updates
    run_resources=run_resources,
../../../warp_dev/lib/python3.7/site-packages/cairo_lang-0.6.2-py3.7.egg/starkware/starknet/business_logic/internal_transaction.py:559: in _run
    raise StarkException(code=code, message=str(exception))
E   starkware.starkware_utils.error_handling.StarkException: (500, {'code': <StarknetErrorCode.TRANSACTION_FAILED: 28>, 'message': '/home/greg/dev/nethermind/warp/tests/semantic/solidity/test/libsolidity/semanticTests/array/calldata_array_two_dimensional_1.cairo.temp:171:9: Error at pc=0:2760:\nAn ASSERT_EQ instruction failed: 1 != 0.\n        assert 0 = 1\n        ^**********^\nCairo traceback (most recent call last):\n/home/greg/dev/nethermind/warp/tests/semantic/solidity/test/libsolidity/semanticTests/array/calldata_array_two_dimensional_1.cairo.temp:43:6: (pc=0:2316)\nfunc __main{bitwise_ptr : BitwiseBuiltin*, range_check_ptr, syscall_ptr : felt*}(\n     ^****^\n/home/greg/dev/nethermind/warp/tests/semantic/solidity/test/libsolidity/semanticTests/array/calldata_array_two_dimensional_1.cairo.temp:56:9: (pc=0:2258)\n        __main_meat()\n        ^***********^\n/home/greg/dev/nethermind/warp/tests/semantic/solidity/test/libsolidity/semanticTests/array/calldata_array_two_dimensional_1.cairo.temp:632:5: (pc=0:4435)\n    __warp_if_1(__warp_subexpr_0)\n    ^***************************^\n/home/greg/dev/nethermind/warp/tests/semantic/solidity/test/libsolidity/semanticTests/array/calldata_array_two_dimensional_1.cairo.temp:617:9: (pc=0:4390)\n        __warp_block_1()\n        ^**************^\n/home/greg/dev/nethermind/warp/tests/semantic/solidity/test/libsolidity/semanticTests/array/calldata_array_two_dimensional_1.cairo.temp:607:5: (pc=0:4367)\n    __warp_block_2(match_var)\n    ^***********************^\n/home/greg/dev/nethermind/warp/tests/semantic/solidity/test/libsolidity/semanticTests/array/calldata_array_two_dimensional_1.cairo.temp:597:5: (pc=0:4333)\n    __warp_if_2(__warp_subexpr_0, match_var)\n    ^**************************************^\n/home/greg/dev/nethermind/warp/tests/semantic/solidity/test/libsolidity/semanticTests/array/calldata_array_two_dimensional_1.cairo.temp:587:9: (pc=0:4292)\n        __warp_block_4(match_var)\n        ^***********************^\n/home/greg/dev/nethermind/warp/tests/semantic/solidity/test/libsolidity/semanticTests/array/calldata_array_two_dimensional_1.cairo.temp:574:5: (pc=0:4275)\n    __warp_if_3(__warp_subexpr_0, match_var)\n    ^**************************************^\n/home/greg/dev/nethermind/warp/tests/semantic/solidity/test/libsolidity/semanticTests/array/calldata_array_two_dimensional_1.cairo.temp:564:9: (pc=0:4233)\n        __warp_block_6(match_var)\n        ^***********************^\n/home/greg/dev/nethermind/warp/tests/semantic/solidity/test/libsolidity/semanticTests/array/calldata_array_two_dimensional_1.cairo.temp:551:5: (pc=0:4217)\n    __warp_if_4(__warp_subexpr_0, match_var)\n    ^**************************************^\n/home/greg/dev/nethermind/warp/tests/semantic/solidity/test/libsolidity/semanticTests/array/calldata_array_two_dimensional_1.cairo.temp:538:9: (pc=0:4193)\n        __warp_block_7()\n        ^**************^\n/home/greg/dev/nethermind/warp/tests/semantic/solidity/test/libsolidity/semanticTests/array/calldata_array_two_dimensional_1.cairo.temp:487:36: (pc=0:4019)\n        expr_length_1 : Uint256) = calldata_array_index_access_uint256_dyn_calldata_dyn_calldata(\n                                   ^************************************************************^'})
------------------------------------------------------------------------------------------------------------------- Captured stdout call -------------------------------------------------------------------------------------------------------------------
{'callData': '0xbf06287600000000000000000000000000000000000000000000000000000000000000200000000000000000000000000000000000000000000000000000000000000002000000000000000000000000000000000000000000000000000000000000004000000000000000000000000000000000000000000000000000000000000000c000000000000000000000000000000000000000000000000000000000000000030000000000000000000000000000000000000000000000000000000000000a010000000000000000000000000000000000000000000000000000000000000a020000000000000000000000000000000000000000000000000000000000000a0300000000000000000000000000000000000000000000000000000000000000040000000000000000000000000000000000000000000000000000000000000b010000000000000000000000000000000000000000000000000000000000000b020000000000000000000000000000000000000000000000000000000000000b030000000000000000000000000000000000000000000000000000000000000b04', 'expectations': '0x0000000000000000000000000000000000000000000000000000000000000002', 'failure': False, 'signature': 'test(uint256[][])'}
{'callData': '0xbabecadb000000000000000000000000000000000000000000000000000000000000004000000000000000000000000000000000000000000000000000000000000000000000000000000000000000000000000000000000000000000000000000000002000000000000000000000000000000000000000000000000000000000000004000000000000000000000000000000000000000000000000000000000000000c000000000000000000000000000000000000000000000000000000000000000030000000000000000000000000000000000000000000000000000000000000a010000000000000000000000000000000000000000000000000000000000000a020000000000000000000000000000000000000000000000000000000000000a0300000000000000000000000000000000000000000000000000000000000000040000000000000000000000000000000000000000000000000000000000000b010000000000000000000000000000000000000000000000000000000000000b020000000000000000000000000000000000000000000000000000000000000b030000000000000000000000000000000000000000000000000000000000000b04', 'expectations': '0x0000000000000000000000000000000000000000000000000000000000000003', 'failure': False, 'signature': 'test(uint256[][],uint256)'}
{'callData': '0xbabecadb000000000000000000000000000000000000000000000000000000000000004000000000000000000000000000000000000000000000000000000000000000010000000000000000000000000000000000000000000000000000000000000002000000000000000000000000000000000000000000000000000000000000004000000000000000000000000000000000000000000000000000000000000000c000000000000000000000000000000000000000000000000000000000000000030000000000000000000000000000000000000000000000000000000000000a010000000000000000000000000000000000000000000000000000000000000a020000000000000000000000000000000000000000000000000000000000000a0300000000000000000000000000000000000000000000000000000000000000040000000000000000000000000000000000000000000000000000000000000b010000000000000000000000000000000000000000000000000000000000000b020000000000000000000000000000000000000000000000000000000000000b030000000000000000000000000000000000000000000000000000000000000b04', 'expectations': '0x0000000000000000000000000000000000000000000000000000000000000004', 'failure': False, 'signature': 'test(uint256[][],uint256)'}
------------------------------------------------------------------------------------------------------------------- Captured stderr call -------------------------------------------------------------------------------------------------------------------
Warning: SPDX license identifier not provided in source file. Before publishing, consider adding a comment containing "SPDX-License-Identifier: <SPDX-License>" to each source file. Use "SPDX-License-Identifier: UNLICENSED" for non-open-source code. Please see https://spdx.org for more information.
--> tests/semantic/solidity/test/libsolidity/semanticTests/array/indexAccess/memory_arrays_index_access_write_marked.sol

Warning: Function state mutability can be restricted to pure
 --> tests/semantic/solidity/test/libsolidity/semanticTests/array/indexAccess/memory_arrays_index_access_write_marked.sol:3:5:
  |
3 |     function set(uint24[3][4] memory x) public {
  |     ^ (Relevant source part starts here and spans across multiple lines).

_________________________________________________________ test_semantics[/home/greg/dev/nethermind/warp/tests/semantic/solidity/test/libsolidity/semanticTests/array/string_bytes_conversion.sol] __________________________________________________________
../../../warp_dev/lib/python3.7/site-packages/cairo_lang-0.6.2-py3.7.egg/starkware/starknet/business_logic/internal_transaction.py:539: in _run
    verify_secure=True,
../../../warp_dev/lib/python3.7/site-packages/cairo_lang-0.6.2-py3.7.egg/starkware/cairo/common/cairo_function_runner.py:199: in run_from_entrypoint
    self.run_until_pc(addr=end, run_resources=run_resources)
../../../warp_dev/lib/python3.7/site-packages/cairo_lang-0.6.2-py3.7.egg/starkware/cairo/lang/vm/cairo_runner.py:284: in run_until_pc
    self.vm_step()
../../../warp_dev/lib/python3.7/site-packages/cairo_lang-0.6.2-py3.7.egg/starkware/cairo/lang/vm/cairo_runner.py:298: in vm_step
    self.vm.step()
../../../warp_dev/lib/python3.7/site-packages/cairo_lang-0.6.2-py3.7.egg/starkware/cairo/lang/vm/virtual_machine_base.py:255: in step
    self.run_instruction(instruction)
../../../warp_dev/lib/python3.7/site-packages/cairo_lang-0.6.2-py3.7.egg/starkware/cairo/lang/vm/vm_core.py:422: in run_instruction
    raise self.as_vm_exception(exc) from None
E   starkware.cairo.lang.vm.vm_exceptions.VmException: /home/greg/dev/nethermind/warp/tests/semantic/solidity/test/libsolidity/semanticTests/array/string_bytes_conversion.cairo.temp:105:9: Error at pc=0:2490:
E   An ASSERT_EQ instruction failed: 1 != 0.
E           assert 0 = 1
E           ^**********^
E   Cairo traceback (most recent call last):
E   /home/greg/dev/nethermind/warp/tests/semantic/solidity/test/libsolidity/semanticTests/array/string_bytes_conversion.cairo.temp:52:6: (pc=0:2354)
E   func __main{
E        ^****^
E   /home/greg/dev/nethermind/warp/tests/semantic/solidity/test/libsolidity/semanticTests/array/string_bytes_conversion.cairo.temp:66:9: (pc=0:2293)
E           __main_meat()
E           ^***********^
E   /home/greg/dev/nethermind/warp/tests/semantic/solidity/test/libsolidity/semanticTests/array/string_bytes_conversion.cairo.temp:921:5: (pc=0:5438)
E       __warp_if_12(__warp_subexpr_0)
E       ^****************************^
E   /home/greg/dev/nethermind/warp/tests/semantic/solidity/test/libsolidity/semanticTests/array/string_bytes_conversion.cairo.temp:905:9: (pc=0:5392)
E           __warp_block_18()
E           ^***************^
E   /home/greg/dev/nethermind/warp/tests/semantic/solidity/test/libsolidity/semanticTests/array/string_bytes_conversion.cairo.temp:895:5: (pc=0:5367)
E       __warp_block_19()
E       ^***************^
E   /home/greg/dev/nethermind/warp/tests/semantic/solidity/test/libsolidity/semanticTests/array/string_bytes_conversion.cairo.temp:886:5: (pc=0:5354)
E       __warp_block_20(match_var)
E       ^************************^
E   /home/greg/dev/nethermind/warp/tests/semantic/solidity/test/libsolidity/semanticTests/array/string_bytes_conversion.cairo.temp:875:5: (pc=0:5319)
E       __warp_if_13(__warp_subexpr_0, match_var)
E       ^***************************************^
E   /home/greg/dev/nethermind/warp/tests/semantic/solidity/test/libsolidity/semanticTests/array/string_bytes_conversion.cairo.temp:861:9: (pc=0:5293)
E           __warp_block_21()
E           ^***************^
E   /home/greg/dev/nethermind/warp/tests/semantic/solidity/test/libsolidity/semanticTests/array/string_bytes_conversion.cairo.temp:808:41: (pc=0:5089)
E       let (ret__warp_mangled : Uint256) = fun_f(memPtr, __warp_subexpr_25)
E                                           ^******************************^
E   /home/greg/dev/nethermind/warp/tests/semantic/solidity/test/libsolidity/semanticTests/array/string_bytes_conversion.cairo.temp:700:5: (pc=0:4590)
E       copy_byte_array_to_storage_from_string__ptr_to_string()
E       ^*****************************************************^
E   /home/greg/dev/nethermind/warp/tests/semantic/solidity/test/libsolidity/semanticTests/array/string_bytes_conversion.cairo.temp:465:30: (pc=0:3739)
E       let (newLen : Uint256) = extract_byte_array_length(__warp_subexpr_0)
E                                ^*****************************************^

During handling of the above exception, another exception occurred:
tests/semantic/test_semantics.py:161: in test_semantics
    res = await invoke_method_evm_calldata(starknet, contract_address, argument)
../../../warp_dev/lib/python3.7/site-packages/sol_warp-0.2.12-py3.7.egg/yul/starknet_utils.py:30: in invoke_method_evm_calldata
    caller_address=0,
../../../warp_dev/lib/python3.7/site-packages/cairo_lang-0.6.2-py3.7.egg/starkware/starknet/testing/state.py:153: in invoke_raw
    state=state_copy, general_config=self.general_config
../../../warp_dev/lib/python3.7/site-packages/cairo_lang-0.6.2-py3.7.egg/starkware/starknet/business_logic/internal_transaction_interface.py:213: in apply_state_updates
    state=state_to_update, general_config=general_config
../../../warp_dev/lib/python3.7/site-packages/cairo_lang-0.6.2-py3.7.egg/starkware/starknet/business_logic/internal_transaction.py:405: in _apply_specific_state_updates
    func=_synchronous_apply_specific_state_updates,
/usr/lib/python3.7/concurrent/futures/thread.py:57: in run
    result = self.fn(*self.args, **self.kwargs)
../../../warp_dev/lib/python3.7/site-packages/cairo_lang-0.6.2-py3.7.egg/starkware/starknet/business_logic/internal_transaction.py:433: in _synchronous_apply_specific_state_updates
    run_resources=run_resources,
../../../warp_dev/lib/python3.7/site-packages/cairo_lang-0.6.2-py3.7.egg/starkware/starknet/business_logic/internal_transaction.py:559: in _run
    raise StarkException(code=code, message=str(exception))
E   starkware.starkware_utils.error_handling.StarkException: (500, {'code': <StarknetErrorCode.TRANSACTION_FAILED: 28>, 'message': '/home/greg/dev/nethermind/warp/tests/semantic/solidity/test/libsolidity/semanticTests/array/string_bytes_conversion.cairo.temp:105:9: Error at pc=0:2490:\nAn ASSERT_EQ instruction failed: 1 != 0.\n        assert 0 = 1\n        ^**********^\nCairo traceback (most recent call last):\n/home/greg/dev/nethermind/warp/tests/semantic/solidity/test/libsolidity/semanticTests/array/string_bytes_conversion.cairo.temp:52:6: (pc=0:2354)\nfunc __main{\n     ^****^\n/home/greg/dev/nethermind/warp/tests/semantic/solidity/test/libsolidity/semanticTests/array/string_bytes_conversion.cairo.temp:66:9: (pc=0:2293)\n        __main_meat()\n        ^***********^\n/home/greg/dev/nethermind/warp/tests/semantic/solidity/test/libsolidity/semanticTests/array/string_bytes_conversion.cairo.temp:921:5: (pc=0:5438)\n    __warp_if_12(__warp_subexpr_0)\n    ^****************************^\n/home/greg/dev/nethermind/warp/tests/semantic/solidity/test/libsolidity/semanticTests/array/string_bytes_conversion.cairo.temp:905:9: (pc=0:5392)\n        __warp_block_18()\n        ^***************^\n/home/greg/dev/nethermind/warp/tests/semantic/solidity/test/libsolidity/semanticTests/array/string_bytes_conversion.cairo.temp:895:5: (pc=0:5367)\n    __warp_block_19()\n    ^***************^\n/home/greg/dev/nethermind/warp/tests/semantic/solidity/test/libsolidity/semanticTests/array/string_bytes_conversion.cairo.temp:886:5: (pc=0:5354)\n    __warp_block_20(match_var)\n    ^************************^\n/home/greg/dev/nethermind/warp/tests/semantic/solidity/test/libsolidity/semanticTests/array/string_bytes_conversion.cairo.temp:875:5: (pc=0:5319)\n    __warp_if_13(__warp_subexpr_0, match_var)\n    ^***************************************^\n/home/greg/dev/nethermind/warp/tests/semantic/solidity/test/libsolidity/semanticTests/array/string_bytes_conversion.cairo.temp:861:9: (pc=0:5293)\n        __warp_block_21()\n        ^***************^\n/home/greg/dev/nethermind/warp/tests/semantic/solidity/test/libsolidity/semanticTests/array/string_bytes_conversion.cairo.temp:808:41: (pc=0:5089)\n    let (ret__warp_mangled : Uint256) = fun_f(memPtr, __warp_subexpr_25)\n                                        ^******************************^\n/home/greg/dev/nethermind/warp/tests/semantic/solidity/test/libsolidity/semanticTests/array/string_bytes_conversion.cairo.temp:700:5: (pc=0:4590)\n    copy_byte_array_to_storage_from_string__ptr_to_string()\n    ^*****************************************************^\n/home/greg/dev/nethermind/warp/tests/semantic/solidity/test/libsolidity/semanticTests/array/string_bytes_conversion.cairo.temp:465:30: (pc=0:3739)\n    let (newLen : Uint256) = extract_byte_array_length(__warp_subexpr_0)\n                             ^*****************************************^'})
------------------------------------------------------------------------------------------------------------------- Captured stdout call -------------------------------------------------------------------------------------------------------------------
{'callData': '0x589002fb0000000000000000000000000000000000000000000000000000000000000040000000000000000000000000000000000000000000000000000000000000000200000000000000000000000000000000000000000000000000000000000000066162636465660000000000000000000000000000000000000000000000000000', 'expectations': '0x6300000000000000000000000000000000000000000000000000000000000000', 'failure': False, 'signature': 'f(string,uint256)'}
------------------------------------------------------------------------------------------------------------------- Captured stderr call -------------------------------------------------------------------------------------------------------------------
Warning: SPDX license identifier not provided in source file. Before publishing, consider adding a comment containing "SPDX-License-Identifier: <SPDX-License>" to each source file. Use "SPDX-License-Identifier: UNLICENSED" for non-open-source code. Please see https://spdx.org for more information.
--> tests/semantic/solidity/test/libsolidity/semanticTests/array/concat/bytes_concat_3_args_marked.sol

Warning: Function state mutability can be restricted to pure
 --> tests/semantic/solidity/test/libsolidity/semanticTests/array/concat/bytes_concat_3_args_marked.sol:3:5:
  |
3 |     function f(bytes memory a, bytes memory b, bytes memory c) public returns (bytes memory) {
  |     ^ (Relevant source part starts here and spans across multiple lines).

_____________________________________________________ test_semantics[/home/greg/dev/nethermind/warp/tests/semantic/solidity/test/libsolidity/semanticTests/array/concat/bytes_concat_as_argument.sol] ______________________________________________________
../../../warp_dev/lib/python3.7/site-packages/cairo_lang-0.6.2-py3.7.egg/starkware/cairo/lang/compiler/preprocessor/preprocessor.py:365: in search_identifier
    result = self.identifiers.search(self.accessible_scopes, ScopedName.from_string(name))
../../../warp_dev/lib/python3.7/site-packages/cairo_lang-0.6.2-py3.7.egg/starkware/cairo/lang/compiler/identifier_manager.py:225: in search
    res = self._search(accessible_scopes=accessible_scopes, name=name, get_scope=False)
../../../warp_dev/lib/python3.7/site-packages/cairo_lang-0.6.2-py3.7.egg/starkware/cairo/lang/compiler/identifier_manager.py:217: in _search
    raise MissingIdentifierError(name[:1])
E   starkware.cairo.lang.compiler.identifier_manager.MissingIdentifierError: Unknown identifier 'bitwise_ptr'.

During handling of the above exception, another exception occurred:
tests/semantic/test_semantics.py:135: in test_semantics
    contract_definition = await starknet_compile(cairo_file_path)
tests/semantic/test_semantics.py:71: in starknet_compile
    [contract_file], debug_info=True, cairo_path=[cairo_path]
../../../warp_dev/lib/python3.7/site-packages/cairo_lang-0.6.2-py3.7.egg/starkware/starknet/compiler/compile.py:107: in compile_starknet_files
    cairo_path=cairo_path,
../../../warp_dev/lib/python3.7/site-packages/cairo_lang-0.6.2-py3.7.egg/starkware/starknet/compiler/compile.py:128: in compile_starknet_codes
    code=codes, debug_info=debug_info, pass_manager=pass_manager
../../../warp_dev/lib/python3.7/site-packages/cairo_lang-0.6.2-py3.7.egg/starkware/cairo/lang/compiler/cairo_compile.py:230: in compile_cairo_ex
    codes=codes_with_filenames, pass_manager=pass_manager, main_scope=main_scope
../../../warp_dev/lib/python3.7/site-packages/cairo_lang-0.6.2-py3.7.egg/starkware/cairo/lang/compiler/preprocessor/preprocess_codes.py:24: in preprocess_codes
    pass_manager.run(context)
../../../warp_dev/lib/python3.7/site-packages/cairo_lang-0.6.2-py3.7.egg/starkware/cairo/lang/compiler/preprocessor/pass_manager.py:53: in run
    stage.run(context)
../../../warp_dev/lib/python3.7/site-packages/cairo_lang-0.6.2-py3.7.egg/starkware/cairo/lang/compiler/preprocessor/default_pass_manager.py:89: in run
    preprocessor.visit(module)
../../../warp_dev/lib/python3.7/site-packages/cairo_lang-0.6.2-py3.7.egg/starkware/cairo/lang/compiler/ast/visitor.py:40: in visit
    return getattr(self, f"visit_{type(obj).__name__}", self._visit_default)(obj)
../../../warp_dev/lib/python3.7/site-packages/cairo_lang-0.6.2-py3.7.egg/starkware/cairo/lang/compiler/preprocessor/preprocessor.py:427: in visit_CairoModule
    super().visit_CairoModule(module)
../../../warp_dev/lib/python3.7/site-packages/cairo_lang-0.6.2-py3.7.egg/starkware/cairo/lang/compiler/ast/visitor.py:63: in visit_CairoModule
    cairo_file=CairoFile(code_block=self.visit(module.cairo_file.code_block)),
../../../warp_dev/lib/python3.7/site-packages/cairo_lang-0.6.2-py3.7.egg/starkware/cairo/lang/compiler/ast/visitor.py:40: in visit
    return getattr(self, f"visit_{type(obj).__name__}", self._visit_default)(obj)
../../../warp_dev/lib/python3.7/site-packages/cairo_lang-0.6.2-py3.7.egg/starkware/cairo/lang/compiler/preprocessor/preprocessor.py:415: in visit_CodeBlock
    self.visit_uncommented_code_block([x.code_elm for x in code_block.code_elements])
../../../warp_dev/lib/python3.7/site-packages/cairo_lang-0.6.2-py3.7.egg/starkware/cairo/lang/compiler/preprocessor/preprocessor.py:397: in visit_uncommented_code_block
    self.visit(elm)
../../../warp_dev/lib/python3.7/site-packages/cairo_lang-0.6.2-py3.7.egg/starkware/cairo/lang/compiler/ast/visitor.py:40: in visit
    return getattr(self, f"visit_{type(obj).__name__}", self._visit_default)(obj)
../../../warp_dev/lib/python3.7/site-packages/cairo_lang-0.6.2-py3.7.egg/starkware/starknet/compiler/starknet_preprocessor.py:172: in visit_CodeElementFunction
    super().visit_CodeElementFunction(elm)
../../../warp_dev/lib/python3.7/site-packages/cairo_lang-0.6.2-py3.7.egg/starkware/cairo/lang/compiler/preprocessor/preprocessor.py:615: in visit_CodeElementFunction
    code_block=elm.code_block, location=elm.identifier.location
../../../warp_dev/lib/python3.7/site-packages/cairo_lang-0.6.2-py3.7.egg/starkware/cairo/lang/compiler/preprocessor/preprocessor.py:671: in visit_function_body_with_retries
    self.visit_uncommented_code_block(code_elements)
../../../warp_dev/lib/python3.7/site-packages/cairo_lang-0.6.2-py3.7.egg/starkware/cairo/lang/compiler/preprocessor/preprocessor.py:397: in visit_uncommented_code_block
    self.visit(elm)
../../../warp_dev/lib/python3.7/site-packages/cairo_lang-0.6.2-py3.7.egg/starkware/cairo/lang/compiler/ast/visitor.py:40: in visit
    return getattr(self, f"visit_{type(obj).__name__}", self._visit_default)(obj)
../../../warp_dev/lib/python3.7/site-packages/cairo_lang-0.6.2-py3.7.egg/starkware/cairo/lang/compiler/preprocessor/preprocessor.py:1757: in visit_CodeElementUnpackBinding
    self.visit(CodeElementFuncCall(func_call=elm.rvalue))
../../../warp_dev/lib/python3.7/site-packages/cairo_lang-0.6.2-py3.7.egg/starkware/cairo/lang/compiler/ast/visitor.py:40: in visit
    return getattr(self, f"visit_{type(obj).__name__}", self._visit_default)(obj)
../../../warp_dev/lib/python3.7/site-packages/cairo_lang-0.6.2-py3.7.egg/starkware/cairo/lang/compiler/preprocessor/preprocessor.py:1616: in visit_CodeElementFuncCall
    location=elm.func_call.location,
../../../warp_dev/lib/python3.7/site-packages/cairo_lang-0.6.2-py3.7.egg/starkware/cairo/lang/compiler/preprocessor/preprocessor.py:1391: in push_arguments
    location=location,
../../../warp_dev/lib/python3.7/site-packages/cairo_lang-0.6.2-py3.7.egg/starkware/cairo/lang/compiler/preprocessor/preprocessor.py:1314: in process_implicit_arguments
    felt_expr_list = self.simplify_expr_to_felt_expr_list(expr, member_def.cairo_type)
../../../warp_dev/lib/python3.7/site-packages/cairo_lang-0.6.2-py3.7.egg/starkware/cairo/lang/compiler/preprocessor/preprocessor.py:2083: in simplify_expr_to_felt_expr_list
    expr, expr_type = self.simplify_expr(expr)
../../../warp_dev/lib/python3.7/site-packages/cairo_lang-0.6.2-py3.7.egg/starkware/cairo/lang/compiler/preprocessor/preprocessor.py:2054: in simplify_expr
    resolve_type_callback=self.resolve_type,
../../../warp_dev/lib/python3.7/site-packages/cairo_lang-0.6.2-py3.7.egg/starkware/cairo/lang/compiler/substitute_identifiers.py:113: in substitute_identifiers
    ).visit(expr)
../../../warp_dev/lib/python3.7/site-packages/cairo_lang-0.6.2-py3.7.egg/starkware/cairo/lang/compiler/expression_transformer.py:47: in visit
    return getattr(self, funcname)(expr)
../../../warp_dev/lib/python3.7/site-packages/cairo_lang-0.6.2-py3.7.egg/starkware/cairo/lang/compiler/substitute_identifiers.py:38: in visit_ExprIdentifier
    val = self.get_identifier_callback(expr)
../../../warp_dev/lib/python3.7/site-packages/cairo_lang-0.6.2-py3.7.egg/starkware/cairo/lang/compiler/preprocessor/preprocessor.py:2185: in get_variable
    identifier_definition = self.search_identifier(var.name, var.location)
../../../warp_dev/lib/python3.7/site-packages/cairo_lang-0.6.2-py3.7.egg/starkware/cairo/lang/compiler/preprocessor/preprocessor.py:368: in search_identifier
    raise PreprocessorError(str(exc), location=location)
E   starkware.cairo.lang.compiler.preprocessor.preprocessor_error.PreprocessorError: /home/greg/dev/nethermind/warp/warp/cairo-src/evm/hashing.cairo:14:20: While trying to retrieve the implicit argument 'bitwise_ptr' in:
E       let (memval) = array_create_from_memory(offset, size)
E                      ^************************************^
E   /home/greg/dev/nethermind/warp/warp/cairo-src/evm/array.cairo:16:53: Unknown identifier 'bitwise_ptr'.
E           memory_dict : DictAccess*, range_check_ptr, bitwise_ptr : BitwiseBuiltin*}(
E                                                       ^***************************^
------------------------------------------------------------------------------------------------------------------- Captured stdout call -------------------------------------------------------------------------------------------------------------------
{'callData': '0xbb7fb802', 'expectations': '0x000102030405060708090a0b0c0d0e0f101112131415161718191a1b1c1d003c', 'failure': False, 'signature': 'test_pop()'}
{'callData': '0x96682bae00000000000000000000000000000000000000000000000000000000000000600000000000000000000000000000000000000000000000000000000000000001000000000000000000000000000000000000000000000000000000000000000300000000000000000000000000000000000000000000000000000000000000040000000000000000000000000000000000000000000000000000000000000001000000000000000000000000000000000000000000000000000000000000000200000000000000000000000000000000000000000000000000000000000000030000000000000000000000000000000000000000000000000000000000000004', 'expectations': '0x0000000000000000000000000000000000000000000000000000000000000002', 'failure': False, 'signature': 'f(int256[],uint256,uint256)'}
------------------------------------------------------------------------------------------------------------------- Captured stderr call -------------------------------------------------------------------------------------------------------------------
Warning: SPDX license identifier not provided in source file. Before publishing, consider adding a comment containing "SPDX-License-Identifier: <SPDX-License>" to each source file. Use "SPDX-License-Identifier: UNLICENSED" for non-open-source code. Please see https://spdx.org for more information.
--> tests/semantic/solidity/test/libsolidity/semanticTests/array/concat/bytes_concat_as_argument_marked.sol

Warning: Function state mutability can be restricted to pure
 --> tests/semantic/solidity/test/libsolidity/semanticTests/array/concat/bytes_concat_as_argument_marked.sol:3:5:
  |
3 |     function f(bytes memory a, bytes memory b) public returns (bytes32) {
  |     ^ (Relevant source part starts here and spans across multiple lines).

Warning: Function state mutability can be restricted to pure
 --> tests/semantic/solidity/test/libsolidity/semanticTests/array/concat/bytes_concat_as_argument_marked.sol:6:5:
  |
6 |     function h(bytes memory a) internal returns (uint256) {
  |     ^ (Relevant source part starts here and spans across multiple lines).

Warning: SPDX license identifier not provided in source file. Before publishing, consider adding a comment containing "SPDX-License-Identifier: <SPDX-License>" to each source file. Use "SPDX-License-Identifier: UNLICENSED" for non-open-source code. Please see https://spdx.org for more information.
--> tests/semantic/solidity/test/libsolidity/semanticTests/array/concat/bytes_concat_empty_argument_list_marked.sol

Warning: Function state mutability can be restricted to pure
 --> tests/semantic/solidity/test/libsolidity/semanticTests/array/concat/bytes_concat_empty_argument_list_marked.sol:3:5:
  |
3 |     function f() public returns (bytes memory) {
  |     ^ (Relevant source part starts here and spans across multiple lines).

______________________________________ test_semantics[/home/greg/dev/nethermind/warp/tests/semantic/solidity/test/libsolidity/semanticTests/array/copying/array_of_function_external_storage_to_storage_dynamic.sol] _______________________________________
tests/semantic/test_semantics.py:123: in test_semantics
    constructor_args, contract_expectations = get_expectations(contract_file)
tests/semantic/test_semantics.py:102: in get_expectations
    expectations = test_calldata[contract_path]
E   KeyError: './scripts/../test/libsolidity/semanticTests/array/copying/array_of_function_external_storage_to_storage_dynamic.sol'
________________________________________________________ test_semantics[/home/greg/dev/nethermind/warp/tests/semantic/solidity/test/libsolidity/semanticTests/array/byte_array_storage_layout.sol] _________________________________________________________
FAILURE: /home/greg/dev/nethermind/warp/tests/semantic/solidity/test/libsolidity/semanticTests/array/byte_array_storage_layout.cairo.temp
assert '0x0000000000...000000000001e' == '0x0001020304...000000000001e'
  - 0x000102030405060708090a0b0c0d0e000000000000000000000000000000001e
  ?      - - - - - - - - - - - - - ^
  + 0x000000000000000000000000000000000000000000000000000000000000001e
  ?                   ^^^^^^^^^^^^^^
tests/semantic/test_semantics.py:173 in test_semantics() -> check.equal(final_res, expected_result, cairo_file_path)
------------------------------------------------------------
Failed Checks: 1
------------------------------------------------------------
../../../warp_dev/lib/python3.7/site-packages/cairo_lang-0.6.2-py3.7.egg/starkware/starknet/business_logic/internal_transaction.py:539: in _run
    verify_secure=True,
../../../warp_dev/lib/python3.7/site-packages/cairo_lang-0.6.2-py3.7.egg/starkware/cairo/common/cairo_function_runner.py:199: in run_from_entrypoint
    self.run_until_pc(addr=end, run_resources=run_resources)
../../../warp_dev/lib/python3.7/site-packages/cairo_lang-0.6.2-py3.7.egg/starkware/cairo/lang/vm/cairo_runner.py:284: in run_until_pc
    self.vm_step()
../../../warp_dev/lib/python3.7/site-packages/cairo_lang-0.6.2-py3.7.egg/starkware/cairo/lang/vm/cairo_runner.py:298: in vm_step
    self.vm.step()
../../../warp_dev/lib/python3.7/site-packages/cairo_lang-0.6.2-py3.7.egg/starkware/cairo/lang/vm/virtual_machine_base.py:255: in step
    self.run_instruction(instruction)
../../../warp_dev/lib/python3.7/site-packages/cairo_lang-0.6.2-py3.7.egg/starkware/cairo/lang/vm/vm_core.py:422: in run_instruction
    raise self.as_vm_exception(exc) from None
E   starkware.cairo.lang.vm.vm_exceptions.VmException: /home/greg/dev/nethermind/warp/tests/semantic/solidity/test/libsolidity/semanticTests/array/byte_array_storage_layout.cairo.temp:106:9: Error at pc=0:2362:
E   An ASSERT_EQ instruction failed: 1 != 0.
E           assert 0 = 1
E           ^**********^
E   Cairo traceback (most recent call last):
E   /home/greg/dev/nethermind/warp/tests/semantic/solidity/test/libsolidity/semanticTests/array/byte_array_storage_layout.cairo.temp:53:6: (pc=0:2226)
E   func __main{
E        ^****^
E   /home/greg/dev/nethermind/warp/tests/semantic/solidity/test/libsolidity/semanticTests/array/byte_array_storage_layout.cairo.temp:67:9: (pc=0:2165)
E           __main_meat()
E           ^***********^
E   /home/greg/dev/nethermind/warp/tests/semantic/solidity/test/libsolidity/semanticTests/array/byte_array_storage_layout.cairo.temp:834:5: (pc=0:4845)
E       __warp_if_6(__warp_subexpr_0)
E       ^***************************^
E   /home/greg/dev/nethermind/warp/tests/semantic/solidity/test/libsolidity/semanticTests/array/byte_array_storage_layout.cairo.temp:818:9: (pc=0:4799)
E           __warp_block_20()
E           ^***************^
E   /home/greg/dev/nethermind/warp/tests/semantic/solidity/test/libsolidity/semanticTests/array/byte_array_storage_layout.cairo.temp:808:5: (pc=0:4774)
E       __warp_block_21()
E       ^***************^
E   /home/greg/dev/nethermind/warp/tests/semantic/solidity/test/libsolidity/semanticTests/array/byte_array_storage_layout.cairo.temp:799:5: (pc=0:4761)
E       __warp_block_22(match_var)
E       ^************************^
E   /home/greg/dev/nethermind/warp/tests/semantic/solidity/test/libsolidity/semanticTests/array/byte_array_storage_layout.cairo.temp:788:5: (pc=0:4726)
E       __warp_if_7(__warp_subexpr_0, match_var)
E       ^**************************************^
E   /home/greg/dev/nethermind/warp/tests/semantic/solidity/test/libsolidity/semanticTests/array/byte_array_storage_layout.cairo.temp:777:9: (pc=0:4689)
E           __warp_block_24(match_var)
E           ^************************^
E   /home/greg/dev/nethermind/warp/tests/semantic/solidity/test/libsolidity/semanticTests/array/byte_array_storage_layout.cairo.temp:764:5: (pc=0:4671)
E       __warp_if_8(__warp_subexpr_0, match_var)
E       ^**************************************^
E   /home/greg/dev/nethermind/warp/tests/semantic/solidity/test/libsolidity/semanticTests/array/byte_array_storage_layout.cairo.temp:753:9: (pc=0:4634)
E           __warp_block_26(match_var)
E           ^************************^
E   /home/greg/dev/nethermind/warp/tests/semantic/solidity/test/libsolidity/semanticTests/array/byte_array_storage_layout.cairo.temp:740:5: (pc=0:4616)
E       __warp_if_9(__warp_subexpr_0)
E       ^***************************^
E   /home/greg/dev/nethermind/warp/tests/semantic/solidity/test/libsolidity/semanticTests/array/byte_array_storage_layout.cairo.temp:727:9: (pc=0:4592)
E           __warp_block_27()
E           ^***************^
E   /home/greg/dev/nethermind/warp/tests/semantic/solidity/test/libsolidity/semanticTests/array/byte_array_storage_layout.cairo.temp:713:29: (pc=0:4518)
E       let (ret_1 : Uint256) = fun_test_pop()
E                               ^************^
E   /home/greg/dev/nethermind/warp/tests/semantic/solidity/test/libsolidity/semanticTests/array/byte_array_storage_layout.cairo.temp:661:5: (pc=0:4290)
E       byte_array_pop_bytes_storage_ptr()
E       ^********************************^
E   /home/greg/dev/nethermind/warp/tests/semantic/solidity/test/libsolidity/semanticTests/array/byte_array_storage_layout.cairo.temp:643:30: (pc=0:4227)
E       let (oldLen : Uint256) = extract_byte_array_length(data)
E                                ^*****************************^

During handling of the above exception, another exception occurred:
tests/semantic/test_semantics.py:161: in test_semantics
    res = await invoke_method_evm_calldata(starknet, contract_address, argument)
../../../warp_dev/lib/python3.7/site-packages/sol_warp-0.2.12-py3.7.egg/yul/starknet_utils.py:30: in invoke_method_evm_calldata
    caller_address=0,
../../../warp_dev/lib/python3.7/site-packages/cairo_lang-0.6.2-py3.7.egg/starkware/starknet/testing/state.py:153: in invoke_raw
    state=state_copy, general_config=self.general_config
../../../warp_dev/lib/python3.7/site-packages/cairo_lang-0.6.2-py3.7.egg/starkware/starknet/business_logic/internal_transaction_interface.py:213: in apply_state_updates
    state=state_to_update, general_config=general_config
../../../warp_dev/lib/python3.7/site-packages/cairo_lang-0.6.2-py3.7.egg/starkware/starknet/business_logic/internal_transaction.py:405: in _apply_specific_state_updates
    func=_synchronous_apply_specific_state_updates,
/usr/lib/python3.7/concurrent/futures/thread.py:57: in run
    result = self.fn(*self.args, **self.kwargs)
../../../warp_dev/lib/python3.7/site-packages/cairo_lang-0.6.2-py3.7.egg/starkware/starknet/business_logic/internal_transaction.py:433: in _synchronous_apply_specific_state_updates
    run_resources=run_resources,
../../../warp_dev/lib/python3.7/site-packages/cairo_lang-0.6.2-py3.7.egg/starkware/starknet/business_logic/internal_transaction.py:559: in _run
    raise StarkException(code=code, message=str(exception))
E   starkware.starkware_utils.error_handling.StarkException: (500, {'code': <StarknetErrorCode.TRANSACTION_FAILED: 28>, 'message': '/home/greg/dev/nethermind/warp/tests/semantic/solidity/test/libsolidity/semanticTests/array/byte_array_storage_layout.cairo.temp:106:9: Error at pc=0:2362:\nAn ASSERT_EQ instruction failed: 1 != 0.\n        assert 0 = 1\n        ^**********^\nCairo traceback (most recent call last):\n/home/greg/dev/nethermind/warp/tests/semantic/solidity/test/libsolidity/semanticTests/array/byte_array_storage_layout.cairo.temp:53:6: (pc=0:2226)\nfunc __main{\n     ^****^\n/home/greg/dev/nethermind/warp/tests/semantic/solidity/test/libsolidity/semanticTests/array/byte_array_storage_layout.cairo.temp:67:9: (pc=0:2165)\n        __main_meat()\n        ^***********^\n/home/greg/dev/nethermind/warp/tests/semantic/solidity/test/libsolidity/semanticTests/array/byte_array_storage_layout.cairo.temp:834:5: (pc=0:4845)\n    __warp_if_6(__warp_subexpr_0)\n    ^***************************^\n/home/greg/dev/nethermind/warp/tests/semantic/solidity/test/libsolidity/semanticTests/array/byte_array_storage_layout.cairo.temp:818:9: (pc=0:4799)\n        __warp_block_20()\n        ^***************^\n/home/greg/dev/nethermind/warp/tests/semantic/solidity/test/libsolidity/semanticTests/array/byte_array_storage_layout.cairo.temp:808:5: (pc=0:4774)\n    __warp_block_21()\n    ^***************^\n/home/greg/dev/nethermind/warp/tests/semantic/solidity/test/libsolidity/semanticTests/array/byte_array_storage_layout.cairo.temp:799:5: (pc=0:4761)\n    __warp_block_22(match_var)\n    ^************************^\n/home/greg/dev/nethermind/warp/tests/semantic/solidity/test/libsolidity/semanticTests/array/byte_array_storage_layout.cairo.temp:788:5: (pc=0:4726)\n    __warp_if_7(__warp_subexpr_0, match_var)\n    ^**************************************^\n/home/greg/dev/nethermind/warp/tests/semantic/solidity/test/libsolidity/semanticTests/array/byte_array_storage_layout.cairo.temp:777:9: (pc=0:4689)\n        __warp_block_24(match_var)\n        ^************************^\n/home/greg/dev/nethermind/warp/tests/semantic/solidity/test/libsolidity/semanticTests/array/byte_array_storage_layout.cairo.temp:764:5: (pc=0:4671)\n    __warp_if_8(__warp_subexpr_0, match_var)\n    ^**************************************^\n/home/greg/dev/nethermind/warp/tests/semantic/solidity/test/libsolidity/semanticTests/array/byte_array_storage_layout.cairo.temp:753:9: (pc=0:4634)\n        __warp_block_26(match_var)\n        ^************************^\n/home/greg/dev/nethermind/warp/tests/semantic/solidity/test/libsolidity/semanticTests/array/byte_array_storage_layout.cairo.temp:740:5: (pc=0:4616)\n    __warp_if_9(__warp_subexpr_0)\n    ^***************************^\n/home/greg/dev/nethermind/warp/tests/semantic/solidity/test/libsolidity/semanticTests/array/byte_array_storage_layout.cairo.temp:727:9: (pc=0:4592)\n        __warp_block_27()\n        ^***************^\n/home/greg/dev/nethermind/warp/tests/semantic/solidity/test/libsolidity/semanticTests/array/byte_array_storage_layout.cairo.temp:713:29: (pc=0:4518)\n    let (ret_1 : Uint256) = fun_test_pop()\n                            ^************^\n/home/greg/dev/nethermind/warp/tests/semantic/solidity/test/libsolidity/semanticTests/array/byte_array_storage_layout.cairo.temp:661:5: (pc=0:4290)\n    byte_array_pop_bytes_storage_ptr()\n    ^********************************^\n/home/greg/dev/nethermind/warp/tests/semantic/solidity/test/libsolidity/semanticTests/array/byte_array_storage_layout.cairo.temp:643:30: (pc=0:4227)\n    let (oldLen : Uint256) = extract_byte_array_length(data)\n                             ^*****************************^'})
------------------------------------------------------------------------------------------------------------------- Captured stdout call -------------------------------------------------------------------------------------------------------------------
{'callData': '0xff2f79f10000000000000000000000000000000000000000000000000000000000000000', 'expectations': '0x000000000000000000000000000000000000000000000000000000000000002000000000000000000000000000000000000000000000000000000000000000080000000000000000000000000000000000000000000000000000000000000000', 'failure': False, 'signature': 'to_little_endian_64(uint64)'}
------------------------------------------------------------------------------------------------------------------- Captured stderr call -------------------------------------------------------------------------------------------------------------------
Warning: SPDX license identifier not provided in source file. Before publishing, consider adding a comment containing "SPDX-License-Identifier: <SPDX-License>" to each source file. Use "SPDX-License-Identifier: UNLICENSED" for non-open-source code. Please see https://spdx.org for more information.
--> tests/semantic/solidity/test/libsolidity/semanticTests/array/concat/bytes_concat_different_types_marked.sol

Warning: Function state mutability can be restricted to pure
 --> tests/semantic/solidity/test/libsolidity/semanticTests/array/concat/bytes_concat_different_types_marked.sol:4:5:
  |
4 |     function f(bytes memory a) public returns (bytes memory) {
  |     ^ (Relevant source part starts here and spans across multiple lines).

Warning: Function state mutability can be restricted to pure
 --> tests/semantic/solidity/test/libsolidity/semanticTests/array/concat/bytes_concat_different_types_marked.sol:7:5:
  |
7 |     function g(bytes calldata a) public returns (bytes memory) {
  |     ^ (Relevant source part starts here and spans across multiple lines).

Warning: Function state mutability can be restricted to view
  --> tests/semantic/solidity/test/libsolidity/semanticTests/array/concat/bytes_concat_different_types_marked.sol:10:5:
   |
10 |     function h(bytes calldata a) public returns (bytes memory) {
   |     ^ (Relevant source part starts here and spans across multiple lines).

Warning: Function state mutability can be restricted to view
  --> tests/semantic/solidity/test/libsolidity/semanticTests/array/concat/bytes_concat_different_types_marked.sol:13:5:
   |
13 |     function j(bytes calldata a) public returns (bytes memory) {
   |     ^ (Relevant source part starts here and spans across multiple lines).

Warning: Function state mutability can be restricted to pure
  --> tests/semantic/solidity/test/libsolidity/semanticTests/array/concat/bytes_concat_different_types_marked.sol:17:5:
   |
17 |     function k(bytes calldata a, string memory b) public returns (bytes memory) {
   |     ^ (Relevant source part starts here and spans across multiple lines).

Warning: Function state mutability can be restricted to pure
  --> tests/semantic/solidity/test/libsolidity/semanticTests/array/concat/bytes_concat_different_types_marked.sol:20:5:
   |
20 |     function slice(bytes calldata a) public returns (bytes memory) {
   |     ^ (Relevant source part starts here and spans across multiple lines).

Warning: Function state mutability can be restricted to pure
  --> tests/semantic/solidity/test/libsolidity/semanticTests/array/concat/bytes_concat_different_types_marked.sol:24:5:
   |
24 |     function strParam(string calldata a) public returns (bytes memory) {
   |     ^ (Relevant source part starts here and spans across multiple lines).

Warning: Function state mutability can be restricted to view
  --> tests/semantic/solidity/test/libsolidity/semanticTests/array/concat/bytes_concat_different_types_marked.sol:27:5:
   |
27 |     function fixedBytesParam(bytes16 b1, bytes15 b2, bytes31 b3) public returns (
   |     ^ (Relevant source part starts here and spans across multiple lines).

Warning: Function state mutability can be restricted to view
  --> tests/semantic/solidity/test/libsolidity/semanticTests/array/concat/bytes_concat_different_types_marked.sol:40:5:
   |
40 |     function fixedBytesParam2(bytes calldata c, bytes6 b1, bytes6 b2) public returns (bytes memory, bytes memory) {
   |     ^ (Relevant source part starts here and spans across multiple lines).

Warning: SPDX license identifier not provided in source file. Before publishing, consider adding a comment containing "SPDX-License-Identifier: <SPDX-License>" to each source file. Use "SPDX-License-Identifier: UNLICENSED" for non-open-source code. Please see https://spdx.org for more information.
--> tests/semantic/solidity/test/libsolidity/semanticTests/array/copying/memory_to_storage_different_base_marked.sol

_________________________________________________________ test_semantics[/home/greg/dev/nethermind/warp/tests/semantic/solidity/test/libsolidity/semanticTests/array/indexAccess/index_access.sol] _________________________________________________________
FAILURE: /home/greg/dev/nethermind/warp/tests/semantic/solidity/test/libsolidity/semanticTests/array/indexAccess/index_access.cairo.temp
assert '0x0000000000...0000000000000' == '0x0000000000...0000000000000'
  - 0x000000000000000000000000000000000000000000000000000000000000002000000000000000000000000000000000000000000000000000000000000000080807060504030201000000000000000000000000000000000000000000000000
  ?                                                                                                                                    ---------------
  + 0x000000000000000000000000000000000000000000000000000000000000002000000000000000000000000000000000000000000000000000000000000000080000000000000000000000000000000000000000000000000000000000000000
  ?                                   ...
  
  ...Full output truncated (1 line hidden), use '-vv' to show
tests/semantic/test_semantics.py:173 in test_semantics() -> check.equal(final_res, expected_result, cairo_file_path)
------------------------------------------------------------
Failed Checks: 1
------------------------------------------------------------------------------------------------------------------- Captured stdout call -------------------------------------------------------------------------------------------------------------------
{'callData': '0xff2f79f10000000000000000000000000000000000000000000000000102030405060708', 'expectations': '0x000000000000000000000000000000000000000000000000000000000000002000000000000000000000000000000000000000000000000000000000000000080807060504030201000000000000000000000000000000000000000000000000', 'failure': False, 'signature': 'to_little_endian_64(uint64)'}
{'callData': '0xc5e238f20000000000000000000000000000000000000000000000000000000000000060000000000000000000000000000000000000000000000000000000000000000100000000000000000000000000000000000000000000000000000000000000030000000000000000000000000000000000000000000000000000000000000004000000000000000000000000000000000000000000000000000000000000003700000000000000000000000000000000000000000000000000000000000000010000000000000000000000000000000000000000000000000000000000000002000000000000000000000000000000000000000000000000000000000000000300000000000000000000000000000000000000000000000000000000000000420000000000000000000000000000000000000000000000000000000000000042000000000000000000000000000000000000000000000000000000000000000200000000000000000000000000000000000000000000000000000000000000030000000000000000000000000000000000000000000000000000000000000004000000000000000000000000000000000000000000000000000000000000004d000000000000000000000000000000000000000000000000000000000000004d000000000000000000000000000000000000000000000000000000000000000300000000000000000000000000000000000000000000000000000000000000040000000000000000000000000000000000000000000000000000000000000005000000000000000000000000000000000000000000000000000000000000005800000000000000000000000000000000000000000000000000000000000000580000000000000000000000000000000000000000000000000000000000000004000000000000000000000000000000000000000000000000000000000000000500000000000000000000000000000000000000000000000000000000000000060000000000000000000000000000000000000000000000000000000000000063', 'expectations': '0x000000000000000000000000000000000000000000000000000000000000002000000000000000000000000000000000000000000000000000000000000000020000000000000000000000000000000000000000000000000000000000000042000000000000000000000000000000000000000000000000000000000000000200000000000000000000000000000000000000000000000000000000000000030000000000000000000000000000000000000000000000000000000000000004000000000000000000000000000000000000000000000000000000000000004d000000000000000000000000000000000000000000000000000000000000004d0000000000000000000000000000000000000000000000000000000000000003000000000000000000000000000000000000000000000000000000000000000400000000000000000000000000000000000000000000000000000000000000050000000000000000000000000000000000000000000000000000000000000058', 'failure': False, 'signature': 'g((uint128,uint256[3],uint32)[],uint256,uint256)'}
------------------------------------------------------------------------------------------------------------------- Captured stderr call -------------------------------------------------------------------------------------------------------------------
Warning: SPDX license identifier not provided in source file. Before publishing, consider adding a comment containing "SPDX-License-Identifier: <SPDX-License>" to each source file. Use "SPDX-License-Identifier: UNLICENSED" for non-open-source code. Please see https://spdx.org for more information.
--> tests/semantic/solidity/test/libsolidity/semanticTests/array/copying/calldata_array_static_to_memory_marked.sol

Warning: Function state mutability can be restricted to pure
 --> tests/semantic/solidity/test/libsolidity/semanticTests/array/copying/calldata_array_static_to_memory_marked.sol:3:5:
  |
3 |     function f(uint256[2] calldata c) public returns (uint256, uint256) {
  |     ^ (Relevant source part starts here and spans across multiple lines).

___________________________________________________ test_semantics[/home/greg/dev/nethermind/warp/tests/semantic/solidity/test/libsolidity/semanticTests/array/indexAccess/fixed_bytes_index_access.sol] ___________________________________________________
FAILURE: /home/greg/dev/nethermind/warp/tests/semantic/solidity/test/libsolidity/semanticTests/array/indexAccess/fixed_bytes_index_access.cairo.temp
assert '0x0000000000...0000000000000' == '0x3900000000...0000000000000'
  - 0x3900000000000000000000000000000000000000000000000000000000000000
  ?   --
  + 0x0000000000000000000000000000000000000000000000000000000000000000
  ?                                                                 ++
tests/semantic/test_semantics.py:173 in test_semantics() -> check.equal(final_res, expected_result, cairo_file_path)
FAILURE: /home/greg/dev/nethermind/warp/tests/semantic/solidity/test/libsolidity/semanticTests/array/indexAccess/fixed_bytes_index_access.cairo.temp
assert '0x0000000000...0000000000000' == '0x0000000000...0000000000035'
  - 0x0000000000000000000000000000000000000000000000000000000000000035
  ?                                                                 ^^
  + 0x0000000000000000000000000000000000000000000000000000000000000000
  ?                                                                 ^^
tests/semantic/test_semantics.py:173 in test_semantics() -> check.equal(final_res, expected_result, cairo_file_path)
FAILURE: /home/greg/dev/nethermind/warp/tests/semantic/solidity/test/libsolidity/semanticTests/array/indexAccess/fixed_bytes_index_access.cairo.temp
assert '0xffffffffff...0000000000000' == '0x3800000000...0000000000000'
  - 0x3800000000000000000000000000000000000000000000000000000000000000
  + 0xffffffffffffffffffffffffffffffff00000000000000000000000000000000
tests/semantic/test_semantics.py:173 in test_semantics() -> check.equal(final_res, expected_result, cairo_file_path)
------------------------------------------------------------
Failed Checks: 3
------------------------------------------------------------------------------------------------------------------- Captured stdout call -------------------------------------------------------------------------------------------------------------------
{'callData': '0xf0ba84400000000000000000000000000000000000000000000000000000000000000001', 'expectations': '0x3800000000000000000000000000000000000000000000000000000000000000', 'failure': False, 'signature': 'data(uint256)'}
_________________________________________________ test_semantics[/home/greg/dev/nethermind/warp/tests/semantic/solidity/test/libsolidity/semanticTests/array/invalid_encoding_for_storage_byte_array.sol] __________________________________________________
../../../warp_dev/lib/python3.7/site-packages/cairo_lang-0.6.2-py3.7.egg/starkware/starknet/business_logic/internal_transaction.py:539: in _run
    verify_secure=True,
../../../warp_dev/lib/python3.7/site-packages/cairo_lang-0.6.2-py3.7.egg/starkware/cairo/common/cairo_function_runner.py:199: in run_from_entrypoint
    self.run_until_pc(addr=end, run_resources=run_resources)
../../../warp_dev/lib/python3.7/site-packages/cairo_lang-0.6.2-py3.7.egg/starkware/cairo/lang/vm/cairo_runner.py:284: in run_until_pc
    self.vm_step()
../../../warp_dev/lib/python3.7/site-packages/cairo_lang-0.6.2-py3.7.egg/starkware/cairo/lang/vm/cairo_runner.py:298: in vm_step
    self.vm.step()
../../../warp_dev/lib/python3.7/site-packages/cairo_lang-0.6.2-py3.7.egg/starkware/cairo/lang/vm/virtual_machine_base.py:255: in step
    self.run_instruction(instruction)
../../../warp_dev/lib/python3.7/site-packages/cairo_lang-0.6.2-py3.7.egg/starkware/cairo/lang/vm/vm_core.py:422: in run_instruction
    raise self.as_vm_exception(exc) from None
E   starkware.cairo.lang.vm.vm_exceptions.VmException: /home/greg/dev/nethermind/warp/tests/semantic/solidity/test/libsolidity/semanticTests/array/invalid_encoding_for_storage_byte_array.cairo.temp:197:9: Error at pc=0:2702:
E   An ASSERT_EQ instruction failed: 1 != 0.
E           assert 0 = 1
E           ^**********^
E   Cairo traceback (most recent call last):
E   /home/greg/dev/nethermind/warp/tests/semantic/solidity/test/libsolidity/semanticTests/array/invalid_encoding_for_storage_byte_array.cairo.temp:2736:5: (pc=0:11670)
E       __warp_if_42(__warp_subexpr_0, match_var)
E       ^***************************************^
E   /home/greg/dev/nethermind/warp/tests/semantic/solidity/test/libsolidity/semanticTests/array/invalid_encoding_for_storage_byte_array.cairo.temp:2725:9: (pc=0:11633)
E           __warp_block_84(match_var)
E           ^************************^
E   /home/greg/dev/nethermind/warp/tests/semantic/solidity/test/libsolidity/semanticTests/array/invalid_encoding_for_storage_byte_array.cairo.temp:2712:5: (pc=0:11615)
E       __warp_if_43(__warp_subexpr_0, match_var)
E       ^***************************************^
E   /home/greg/dev/nethermind/warp/tests/semantic/solidity/test/libsolidity/semanticTests/array/invalid_encoding_for_storage_byte_array.cairo.temp:2701:9: (pc=0:11578)
E           __warp_block_86(match_var)
E           ^************************^
E   /home/greg/dev/nethermind/warp/tests/semantic/solidity/test/libsolidity/semanticTests/array/invalid_encoding_for_storage_byte_array.cairo.temp:2688:5: (pc=0:11560)
E       __warp_if_44(__warp_subexpr_0, match_var)
E       ^***************************************^
E   /home/greg/dev/nethermind/warp/tests/semantic/solidity/test/libsolidity/semanticTests/array/invalid_encoding_for_storage_byte_array.cairo.temp:2677:9: (pc=0:11523)
E           __warp_block_88(match_var)
E           ^************************^
E   /home/greg/dev/nethermind/warp/tests/semantic/solidity/test/libsolidity/semanticTests/array/invalid_encoding_for_storage_byte_array.cairo.temp:2664:5: (pc=0:11505)
E       __warp_if_45(__warp_subexpr_0, match_var)
E       ^***************************************^
E   /home/greg/dev/nethermind/warp/tests/semantic/solidity/test/libsolidity/semanticTests/array/invalid_encoding_for_storage_byte_array.cairo.temp:2653:9: (pc=0:11468)
E           __warp_block_90(match_var)
E           ^************************^
E   /home/greg/dev/nethermind/warp/tests/semantic/solidity/test/libsolidity/semanticTests/array/invalid_encoding_for_storage_byte_array.cairo.temp:2640:5: (pc=0:11450)
E       __warp_if_46(__warp_subexpr_0, match_var)
E       ^***************************************^
E   /home/greg/dev/nethermind/warp/tests/semantic/solidity/test/libsolidity/semanticTests/array/invalid_encoding_for_storage_byte_array.cairo.temp:2629:9: (pc=0:11413)
E           __warp_block_92(match_var)
E           ^************************^
E   /home/greg/dev/nethermind/warp/tests/semantic/solidity/test/libsolidity/semanticTests/array/invalid_encoding_for_storage_byte_array.cairo.temp:2616:5: (pc=0:11395)
E       __warp_if_47(__warp_subexpr_0, match_var)
E       ^***************************************^
E   /home/greg/dev/nethermind/warp/tests/semantic/solidity/test/libsolidity/semanticTests/array/invalid_encoding_for_storage_byte_array.cairo.temp:2605:9: (pc=0:11358)
E           __warp_block_94(match_var)
E           ^************************^
E   /home/greg/dev/nethermind/warp/tests/semantic/solidity/test/libsolidity/semanticTests/array/invalid_encoding_for_storage_byte_array.cairo.temp:2592:5: (pc=0:11340)
E       __warp_if_48(__warp_subexpr_0, match_var)
E       ^***************************************^
E   /home/greg/dev/nethermind/warp/tests/semantic/solidity/test/libsolidity/semanticTests/array/invalid_encoding_for_storage_byte_array.cairo.temp:2581:9: (pc=0:11303)
E           __warp_block_96(match_var)
E           ^************************^
E   /home/greg/dev/nethermind/warp/tests/semantic/solidity/test/libsolidity/semanticTests/array/invalid_encoding_for_storage_byte_array.cairo.temp:2568:5: (pc=0:11285)
E       __warp_if_49(__warp_subexpr_0, match_var)
E       ^***************************************^
E   /home/greg/dev/nethermind/warp/tests/semantic/solidity/test/libsolidity/semanticTests/array/invalid_encoding_for_storage_byte_array.cairo.temp:2557:9: (pc=0:11248)
E           __warp_block_98(match_var)
E           ^************************^
E   /home/greg/dev/nethermind/warp/tests/semantic/solidity/test/libsolidity/semanticTests/array/invalid_encoding_for_storage_byte_array.cairo.temp:2544:5: (pc=0:11230)
E       __warp_if_50(__warp_subexpr_0, match_var)
E       ^***************************************^
E   /home/greg/dev/nethermind/warp/tests/semantic/solidity/test/libsolidity/semanticTests/array/invalid_encoding_for_storage_byte_array.cairo.temp:2530:9: (pc=0:11204)
E           __warp_block_99()
E           ^***************^
E   /home/greg/dev/nethermind/warp/tests/semantic/solidity/test/libsolidity/semanticTests/array/invalid_encoding_for_storage_byte_array.cairo.temp:2371:40: (pc=0:10712)
E       let (_3 : Uint256, _4 : Uint256) = array_push_zero_bytes_storage_ptr()
E                                          ^*********************************^
E   /home/greg/dev/nethermind/warp/tests/semantic/solidity/test/libsolidity/semanticTests/array/invalid_encoding_for_storage_byte_array.cairo.temp:1714:35: (pc=0:8174)
E       let (arrayLength : Uint256) = extract_byte_array_length(__warp_subexpr_1)
E                                     ^*****************************************^

During handling of the above exception, another exception occurred:
tests/semantic/test_semantics.py:161: in test_semantics
    res = await invoke_method_evm_calldata(starknet, contract_address, argument)
../../../warp_dev/lib/python3.7/site-packages/sol_warp-0.2.12-py3.7.egg/yul/starknet_utils.py:30: in invoke_method_evm_calldata
    caller_address=0,
../../../warp_dev/lib/python3.7/site-packages/cairo_lang-0.6.2-py3.7.egg/starkware/starknet/testing/state.py:153: in invoke_raw
    state=state_copy, general_config=self.general_config
../../../warp_dev/lib/python3.7/site-packages/cairo_lang-0.6.2-py3.7.egg/starkware/starknet/business_logic/internal_transaction_interface.py:213: in apply_state_updates
    state=state_to_update, general_config=general_config
../../../warp_dev/lib/python3.7/site-packages/cairo_lang-0.6.2-py3.7.egg/starkware/starknet/business_logic/internal_transaction.py:405: in _apply_specific_state_updates
    func=_synchronous_apply_specific_state_updates,
/usr/lib/python3.7/concurrent/futures/thread.py:57: in run
    result = self.fn(*self.args, **self.kwargs)
../../../warp_dev/lib/python3.7/site-packages/cairo_lang-0.6.2-py3.7.egg/starkware/starknet/business_logic/internal_transaction.py:433: in _synchronous_apply_specific_state_updates
    run_resources=run_resources,
../../../warp_dev/lib/python3.7/site-packages/cairo_lang-0.6.2-py3.7.egg/starkware/starknet/business_logic/internal_transaction.py:559: in _run
    raise StarkException(code=code, message=str(exception))
E   starkware.starkware_utils.error_handling.StarkException: (500, {'code': <StarknetErrorCode.TRANSACTION_FAILED: 28>, 'message': '/home/greg/dev/nethermind/warp/tests/semantic/solidity/test/libsolidity/semanticTests/array/invalid_encoding_for_storage_byte_array.cairo.temp:197:9: Error at pc=0:2702:\nAn ASSERT_EQ instruction failed: 1 != 0.\n        assert 0 = 1\n        ^**********^\nCairo traceback (most recent call last):\n/home/greg/dev/nethermind/warp/tests/semantic/solidity/test/libsolidity/semanticTests/array/invalid_encoding_for_storage_byte_array.cairo.temp:2736:5: (pc=0:11670)\n    __warp_if_42(__warp_subexpr_0, match_var)\n    ^***************************************^\n/home/greg/dev/nethermind/warp/tests/semantic/solidity/test/libsolidity/semanticTests/array/invalid_encoding_for_storage_byte_array.cairo.temp:2725:9: (pc=0:11633)\n        __warp_block_84(match_var)\n        ^************************^\n/home/greg/dev/nethermind/warp/tests/semantic/solidity/test/libsolidity/semanticTests/array/invalid_encoding_for_storage_byte_array.cairo.temp:2712:5: (pc=0:11615)\n    __warp_if_43(__warp_subexpr_0, match_var)\n    ^***************************************^\n/home/greg/dev/nethermind/warp/tests/semantic/solidity/test/libsolidity/semanticTests/array/invalid_encoding_for_storage_byte_array.cairo.temp:2701:9: (pc=0:11578)\n        __warp_block_86(match_var)\n        ^************************^\n/home/greg/dev/nethermind/warp/tests/semantic/solidity/test/libsolidity/semanticTests/array/invalid_encoding_for_storage_byte_array.cairo.temp:2688:5: (pc=0:11560)\n    __warp_if_44(__warp_subexpr_0, match_var)\n    ^***************************************^\n/home/greg/dev/nethermind/warp/tests/semantic/solidity/test/libsolidity/semanticTests/array/invalid_encoding_for_storage_byte_array.cairo.temp:2677:9: (pc=0:11523)\n        __warp_block_88(match_var)\n        ^************************^\n/home/greg/dev/nethermind/warp/tests/semantic/solidity/test/libsolidity/semanticTests/array/invalid_encoding_for_storage_byte_array.cairo.temp:2664:5: (pc=0:11505)\n    __warp_if_45(__warp_subexpr_0, match_var)\n    ^***************************************^\n/home/greg/dev/nethermind/warp/tests/semantic/solidity/test/libsolidity/semanticTests/array/invalid_encoding_for_storage_byte_array.cairo.temp:2653:9: (pc=0:11468)\n        __warp_block_90(match_var)\n        ^************************^\n/home/greg/dev/nethermind/warp/tests/semantic/solidity/test/libsolidity/semanticTests/array/invalid_encoding_for_storage_byte_array.cairo.temp:2640:5: (pc=0:11450)\n    __warp_if_46(__warp_subexpr_0, match_var)\n    ^***************************************^\n/home/greg/dev/nethermind/warp/tests/semantic/solidity/test/libsolidity/semanticTests/array/invalid_encoding_for_storage_byte_array.cairo.temp:2629:9: (pc=0:11413)\n        __warp_block_92(match_var)\n        ^************************^\n/home/greg/dev/nethermind/warp/tests/semantic/solidity/test/libsolidity/semanticTests/array/invalid_encoding_for_storage_byte_array.cairo.temp:2616:5: (pc=0:11395)\n    __warp_if_47(__warp_subexpr_0, match_var)\n    ^***************************************^\n/home/greg/dev/nethermind/warp/tests/semantic/solidity/test/libsolidity/semanticTests/array/invalid_encoding_for_storage_byte_array.cairo.temp:2605:9: (pc=0:11358)\n        __warp_block_94(match_var)\n        ^************************^\n/home/greg/dev/nethermind/warp/tests/semantic/solidity/test/libsolidity/semanticTests/array/invalid_encoding_for_storage_byte_array.cairo.temp:2592:5: (pc=0:11340)\n    __warp_if_48(__warp_subexpr_0, match_var)\n    ^***************************************^\n/home/greg/dev/nethermind/warp/tests/semantic/solidity/test/libsolidity/semanticTests/array/invalid_encoding_for_storage_byte_array.cairo.temp:2581:9: (pc=0:11303)\n        __warp_block_96(match_var)\n        ^************************^\n/home/greg/dev/nethermind/warp/tests/semantic/solidity/test/libsolidity/semanticTests/array/invalid_encoding_for_storage_byte_array.cairo.temp:2568:5: (pc=0:11285)\n    __warp_if_49(__warp_subexpr_0, match_var)\n    ^***************************************^\n/home/greg/dev/nethermind/warp/tests/semantic/solidity/test/libsolidity/semanticTests/array/invalid_encoding_for_storage_byte_array.cairo.temp:2557:9: (pc=0:11248)\n        __warp_block_98(match_var)\n        ^************************^\n/home/greg/dev/nethermind/warp/tests/semantic/solidity/test/libsolidity/semanticTests/array/invalid_encoding_for_storage_byte_array.cairo.temp:2544:5: (pc=0:11230)\n    __warp_if_50(__warp_subexpr_0, match_var)\n    ^***************************************^\n/home/greg/dev/nethermind/warp/tests/semantic/solidity/test/libsolidity/semanticTests/array/invalid_encoding_for_storage_byte_array.cairo.temp:2530:9: (pc=0:11204)\n        __warp_block_99()\n        ^***************^\n/home/greg/dev/nethermind/warp/tests/semantic/solidity/test/libsolidity/semanticTests/array/invalid_encoding_for_storage_byte_array.cairo.temp:2371:40: (pc=0:10712)\n    let (_3 : Uint256, _4 : Uint256) = array_push_zero_bytes_storage_ptr()\n                                       ^*********************************^\n/home/greg/dev/nethermind/warp/tests/semantic/solidity/test/libsolidity/semanticTests/array/invalid_encoding_for_storage_byte_array.cairo.temp:1714:35: (pc=0:8174)\n    let (arrayLength : Uint256) = extract_byte_array_length(__warp_subexpr_1)\n                                  ^*****************************************^'})
------------------------------------------------------------------------------------------------------------------- Captured stdout call -------------------------------------------------------------------------------------------------------------------
{'callData': '0x0c55699c', 'expectations': '0x000000000000000000000000000000000000000000000000000000000000002000000000000000000000000000000000000000000000000000000000000000036162630000000000000000000000000000000000000000000000000000000000', 'failure': False, 'signature': 'x()'}
{'callData': '0x6097e7a3', 'expectations': '0x000000000000000000000000000000000000000000000000000000000000002000000000000000000000000000000000000000000000000000000000000000036162630000000000000000000000000000000000000000000000000000000000', 'failure': False, 'signature': 'abiEncode()'}
{'callData': '0x48f8459c', 'expectations': '0x000000000000000000000000000000000000000000000000000000000000002000000000000000000000000000000000000000000000000000000000000000036162630000000000000000000000000000000000000000000000000000000000', 'failure': False, 'signature': 'abiEncodePacked()'}
{'callData': '0x5b1a8042', 'expectations': '0x000000000000000000000000000000000000000000000000000000000000002000000000000000000000000000000000000000000000000000000000000000036162630000000000000000000000000000000000000000000000000000000000', 'failure': False, 'signature': 'copyToMemory()'}
{'callData': '0x51627d1d0000000000000000000000000000000000000000000000000000000000000060000000000000000000000000000000000000000000000000000000000000000300000000000000000000000000000000000000000000000000000000000000020000000000000000000000000000000000000000000000000000000000000006000000000000000000000000000000000000000000000000000000000000000100000000000000000000000000000000000000000000000000000000000000020000000000000000000000000000000000000000000000000000000000000003000000000000000000000000000000000000000000000000000000000000000400000000000000000000000000000000000000000000000000000000000000050000000000000000000000000000000000000000000000000000000000000006000000000000000000000000000000000000000000000000000000000000000700000000000000000000000000000000000000000000000000000000000000080000000000000000000000000000000000000000000000000000000000000009000000000000000000000000000000000000000000000000000000000000000a000000000000000000000000000000000000000000000000000000000000000b000000000000000000000000000000000000000000000000000000000000000c000000000000000000000000000000000000000000000000000000000000000d000000000000000000000000000000000000000000000000000000000000000e000000000000000000000000000000000000000000000000000000000000000f000000000000000000000000000000000000000000000000000000000000001000000000000000000000000000000000000000000000000000000000000000110000000000000000000000000000000000000000000000000000000000000012', 'expectations': '0x0000000000000000000000000000000000000000000000000000000000000006000000000000000000000000000000000000000000000000000000000000000c', 'failure': False, 'signature': 'set(uint24[3][],uint256,uint256)'}
{'callData': '0x5636494c', 'expectations': '0x6100000000000000000000000000000000000000000000000000000000000000', 'failure': False, 'signature': 'indexAccess()'}
{'callData': '0xc1b8a1f4', 'expectations': '0x', 'failure': False, 'signature': 'arrayPushEmpty()'}
------------------------------------------------------------------------------------------------------------------- Captured stderr call -------------------------------------------------------------------------------------------------------------------
Warning: SPDX license identifier not provided in source file. Before publishing, consider adding a comment containing "SPDX-License-Identifier: <SPDX-License>" to each source file. Use "SPDX-License-Identifier: UNLICENSED" for non-open-source code. Please see https://spdx.org for more information.
--> tests/semantic/solidity/test/libsolidity/semanticTests/array/copying/array_copy_cleanup_uint128_marked.sol

Warning: SPDX license identifier not provided in source file. Before publishing, consider adding a comment containing "SPDX-License-Identifier: <SPDX-License>" to each source file. Use "SPDX-License-Identifier: UNLICENSED" for non-open-source code. Please see https://spdx.org for more information.
--> tests/semantic/solidity/test/libsolidity/semanticTests/array/copying/array_of_structs_containing_arrays_calldata_to_memory_marked.sol

Warning: Function state mutability can be restricted to pure
 --> tests/semantic/solidity/test/libsolidity/semanticTests/array/copying/array_of_structs_containing_arrays_calldata_to_memory_marked.sol:7:5:
  |
7 |     function f(S[] calldata c) external returns (uint256, uint256) {
  |     ^ (Relevant source part starts here and spans across multiple lines).

______________________________________________ test_semantics[/home/greg/dev/nethermind/warp/tests/semantic/solidity/test/libsolidity/semanticTests/array/indexAccess/inline_array_index_access_strings.sol] _______________________________________________
../../../warp_dev/lib/python3.7/site-packages/cairo_lang-0.6.2-py3.7.egg/starkware/starknet/business_logic/internal_transaction.py:539: in _run
    verify_secure=True,
../../../warp_dev/lib/python3.7/site-packages/cairo_lang-0.6.2-py3.7.egg/starkware/cairo/common/cairo_function_runner.py:199: in run_from_entrypoint
    self.run_until_pc(addr=end, run_resources=run_resources)
../../../warp_dev/lib/python3.7/site-packages/cairo_lang-0.6.2-py3.7.egg/starkware/cairo/lang/vm/cairo_runner.py:284: in run_until_pc
    self.vm_step()
../../../warp_dev/lib/python3.7/site-packages/cairo_lang-0.6.2-py3.7.egg/starkware/cairo/lang/vm/cairo_runner.py:298: in vm_step
    self.vm.step()
../../../warp_dev/lib/python3.7/site-packages/cairo_lang-0.6.2-py3.7.egg/starkware/cairo/lang/vm/virtual_machine_base.py:255: in step
    self.run_instruction(instruction)
../../../warp_dev/lib/python3.7/site-packages/cairo_lang-0.6.2-py3.7.egg/starkware/cairo/lang/vm/vm_core.py:422: in run_instruction
    raise self.as_vm_exception(exc) from None
E   starkware.cairo.lang.vm.vm_exceptions.VmException: /home/greg/dev/nethermind/warp/tests/semantic/solidity/test/libsolidity/semanticTests/array/indexAccess/inline_array_index_access_strings.cairo.temp:225:9: Error at pc=0:2926:
E   An ASSERT_EQ instruction failed: 1 != 0.
E           assert 0 = 1
E           ^**********^
E   Cairo traceback (most recent call last):
E   /home/greg/dev/nethermind/warp/tests/semantic/solidity/test/libsolidity/semanticTests/array/indexAccess/inline_array_index_access_strings.cairo.temp:52:6: (pc=0:2188)
E   func __main{
E        ^****^
E   /home/greg/dev/nethermind/warp/tests/semantic/solidity/test/libsolidity/semanticTests/array/indexAccess/inline_array_index_access_strings.cairo.temp:66:9: (pc=0:2127)
E           __main_meat()
E           ^***********^
E   /home/greg/dev/nethermind/warp/tests/semantic/solidity/test/libsolidity/semanticTests/array/indexAccess/inline_array_index_access_strings.cairo.temp:840:5: (pc=0:5021)
E       __warp_if_9(__warp_subexpr_0)
E       ^***************************^
E   /home/greg/dev/nethermind/warp/tests/semantic/solidity/test/libsolidity/semanticTests/array/indexAccess/inline_array_index_access_strings.cairo.temp:824:9: (pc=0:4975)
E           __warp_block_13()
E           ^***************^
E   /home/greg/dev/nethermind/warp/tests/semantic/solidity/test/libsolidity/semanticTests/array/indexAccess/inline_array_index_access_strings.cairo.temp:814:5: (pc=0:4950)
E       __warp_block_14()
E       ^***************^
E   /home/greg/dev/nethermind/warp/tests/semantic/solidity/test/libsolidity/semanticTests/array/indexAccess/inline_array_index_access_strings.cairo.temp:805:5: (pc=0:4937)
E       __warp_block_15(match_var)
E       ^************************^
E   /home/greg/dev/nethermind/warp/tests/semantic/solidity/test/libsolidity/semanticTests/array/indexAccess/inline_array_index_access_strings.cairo.temp:794:5: (pc=0:4902)
E       __warp_if_10(__warp_subexpr_0, match_var)
E       ^***************************************^
E   /home/greg/dev/nethermind/warp/tests/semantic/solidity/test/libsolidity/semanticTests/array/indexAccess/inline_array_index_access_strings.cairo.temp:783:9: (pc=0:4859)
E           __warp_block_17(match_var)
E           ^************************^
E   /home/greg/dev/nethermind/warp/tests/semantic/solidity/test/libsolidity/semanticTests/array/indexAccess/inline_array_index_access_strings.cairo.temp:770:5: (pc=0:4841)
E       __warp_if_11(__warp_subexpr_0, match_var)
E       ^***************************************^
E   /home/greg/dev/nethermind/warp/tests/semantic/solidity/test/libsolidity/semanticTests/array/indexAccess/inline_array_index_access_strings.cairo.temp:756:9: (pc=0:4815)
E           __warp_block_18()
E           ^***************^
E   /home/greg/dev/nethermind/warp/tests/semantic/solidity/test/libsolidity/semanticTests/array/indexAccess/inline_array_index_access_strings.cairo.temp:706:29: (pc=0:4634)
E       let (ret_1 : Uint256) = read_from_storage_dynamic_split_string()
E                               ^**************************************^
E   /home/greg/dev/nethermind/warp/tests/semantic/solidity/test/libsolidity/semanticTests/array/indexAccess/inline_array_index_access_strings.cairo.temp:364:30: (pc=0:3371)
E       let (length : Uint256) = extract_byte_array_length(slotValue)
E                                ^**********************************^

During handling of the above exception, another exception occurred:
tests/semantic/test_semantics.py:161: in test_semantics
    res = await invoke_method_evm_calldata(starknet, contract_address, argument)
../../../warp_dev/lib/python3.7/site-packages/sol_warp-0.2.12-py3.7.egg/yul/starknet_utils.py:30: in invoke_method_evm_calldata
    caller_address=0,
../../../warp_dev/lib/python3.7/site-packages/cairo_lang-0.6.2-py3.7.egg/starkware/starknet/testing/state.py:153: in invoke_raw
    state=state_copy, general_config=self.general_config
../../../warp_dev/lib/python3.7/site-packages/cairo_lang-0.6.2-py3.7.egg/starkware/starknet/business_logic/internal_transaction_interface.py:213: in apply_state_updates
    state=state_to_update, general_config=general_config
../../../warp_dev/lib/python3.7/site-packages/cairo_lang-0.6.2-py3.7.egg/starkware/starknet/business_logic/internal_transaction.py:405: in _apply_specific_state_updates
    func=_synchronous_apply_specific_state_updates,
/usr/lib/python3.7/concurrent/futures/thread.py:57: in run
    result = self.fn(*self.args, **self.kwargs)
../../../warp_dev/lib/python3.7/site-packages/cairo_lang-0.6.2-py3.7.egg/starkware/starknet/business_logic/internal_transaction.py:433: in _synchronous_apply_specific_state_updates
    run_resources=run_resources,
../../../warp_dev/lib/python3.7/site-packages/cairo_lang-0.6.2-py3.7.egg/starkware/starknet/business_logic/internal_transaction.py:559: in _run
    raise StarkException(code=code, message=str(exception))
E   starkware.starkware_utils.error_handling.StarkException: (500, {'code': <StarknetErrorCode.TRANSACTION_FAILED: 28>, 'message': '/home/greg/dev/nethermind/warp/tests/semantic/solidity/test/libsolidity/semanticTests/array/indexAccess/inline_array_index_access_strings.cairo.temp:225:9: Error at pc=0:2926:\nAn ASSERT_EQ instruction failed: 1 != 0.\n        assert 0 = 1\n        ^**********^\nCairo traceback (most recent call last):\n/home/greg/dev/nethermind/warp/tests/semantic/solidity/test/libsolidity/semanticTests/array/indexAccess/inline_array_index_access_strings.cairo.temp:52:6: (pc=0:2188)\nfunc __main{\n     ^****^\n/home/greg/dev/nethermind/warp/tests/semantic/solidity/test/libsolidity/semanticTests/array/indexAccess/inline_array_index_access_strings.cairo.temp:66:9: (pc=0:2127)\n        __main_meat()\n        ^***********^\n/home/greg/dev/nethermind/warp/tests/semantic/solidity/test/libsolidity/semanticTests/array/indexAccess/inline_array_index_access_strings.cairo.temp:840:5: (pc=0:5021)\n    __warp_if_9(__warp_subexpr_0)\n    ^***************************^\n/home/greg/dev/nethermind/warp/tests/semantic/solidity/test/libsolidity/semanticTests/array/indexAccess/inline_array_index_access_strings.cairo.temp:824:9: (pc=0:4975)\n        __warp_block_13()\n        ^***************^\n/home/greg/dev/nethermind/warp/tests/semantic/solidity/test/libsolidity/semanticTests/array/indexAccess/inline_array_index_access_strings.cairo.temp:814:5: (pc=0:4950)\n    __warp_block_14()\n    ^***************^\n/home/greg/dev/nethermind/warp/tests/semantic/solidity/test/libsolidity/semanticTests/array/indexAccess/inline_array_index_access_strings.cairo.temp:805:5: (pc=0:4937)\n    __warp_block_15(match_var)\n    ^************************^\n/home/greg/dev/nethermind/warp/tests/semantic/solidity/test/libsolidity/semanticTests/array/indexAccess/inline_array_index_access_strings.cairo.temp:794:5: (pc=0:4902)\n    __warp_if_10(__warp_subexpr_0, match_var)\n    ^***************************************^\n/home/greg/dev/nethermind/warp/tests/semantic/solidity/test/libsolidity/semanticTests/array/indexAccess/inline_array_index_access_strings.cairo.temp:783:9: (pc=0:4859)\n        __warp_block_17(match_var)\n        ^************************^\n/home/greg/dev/nethermind/warp/tests/semantic/solidity/test/libsolidity/semanticTests/array/indexAccess/inline_array_index_access_strings.cairo.temp:770:5: (pc=0:4841)\n    __warp_if_11(__warp_subexpr_0, match_var)\n    ^***************************************^\n/home/greg/dev/nethermind/warp/tests/semantic/solidity/test/libsolidity/semanticTests/array/indexAccess/inline_array_index_access_strings.cairo.temp:756:9: (pc=0:4815)\n        __warp_block_18()\n        ^***************^\n/home/greg/dev/nethermind/warp/tests/semantic/solidity/test/libsolidity/semanticTests/array/indexAccess/inline_array_index_access_strings.cairo.temp:706:29: (pc=0:4634)\n    let (ret_1 : Uint256) = read_from_storage_dynamic_split_string()\n                            ^**************************************^\n/home/greg/dev/nethermind/warp/tests/semantic/solidity/test/libsolidity/semanticTests/array/indexAccess/inline_array_index_access_strings.cairo.temp:364:30: (pc=0:3371)\n    let (length : Uint256) = extract_byte_array_length(slotValue)\n                             ^**********************************^'})
------------------------------------------------------------------------------------------------------------------- Captured stdout call -------------------------------------------------------------------------------------------------------------------
{'callData': '0xf8a8fd6d', 'expectations': '0x', 'failure': False, 'signature': 'test()'}
{'callData': '0x6398c80a000000000000000000000000000000000000000000000000000000000000006000000000000000000000000000000000000000000000000000000000000000a000000000000000000000000000000000000000000000000000000000000000e0000000000000000000000000000000000000000000000000000000000000002061626364616263646162636461626364616263646162636461626364616263640000000000000000000000000000000000000000000000000000000000000005626364656600000000000000000000000000000000000000000000000000000000000000000000000000000000000000000000000000000000000000000000036162630000000000000000000000000000000000000000000000000000000000', 'expectations': '0x0000000000000000000000000000000000000000000000000000000000000020000000000000000000000000000000000000000000000000000000000000002861626364616263646162636461626364616263646162636461626364616263646263646566616263000000000000000000000000000000000000000000000000', 'failure': False, 'signature': 'f(bytes,bytes,bytes)'}
{'callData': '0x8308abd4', 'expectations': '0x000000000000000000000000000000000000000000000000000000000000002000000000000000000000000000000000000000000000000000000000000000036162630000000000000000000000000000000000000000000000000000000000', 'failure': False, 'signature': 'tester()'}
------------------------------------------------------------------------------------------------------------------- Captured stderr call -------------------------------------------------------------------------------------------------------------------
Warning: SPDX license identifier not provided in source file. Before publishing, consider adding a comment containing "SPDX-License-Identifier: <SPDX-License>" to each source file. Use "SPDX-License-Identifier: UNLICENSED" for non-open-source code. Please see https://spdx.org for more information.
--> tests/semantic/solidity/test/libsolidity/semanticTests/array/copying/array_nested_calldata_to_memory_marked.sol

Warning: This declaration shadows an existing declaration.
 --> tests/semantic/solidity/test/libsolidity/semanticTests/array/copying/array_nested_calldata_to_memory_marked.sol:4:20:
  |
4 |     function test1(uint256[][] calldata c) external returns (uint256, uint256) {
  |                    ^^^^^^^^^^^^^^^^^^^^^^
Note: The shadowed declaration is here:
 --> tests/semantic/solidity/test/libsolidity/semanticTests/array/copying/array_nested_calldata_to_memory_marked.sol:3:1:
  |
3 | contract c {
  | ^ (Relevant source part starts here and spans across multiple lines).

Warning: This declaration shadows an existing declaration.
  --> tests/semantic/solidity/test/libsolidity/semanticTests/array/copying/array_nested_calldata_to_memory_marked.sol:10:20:
   |
10 |     function test2(uint256[][2] calldata c) external returns (uint256, uint256) {
   |                    ^^^^^^^^^^^^^^^^^^^^^^^
Note: The shadowed declaration is here:
 --> tests/semantic/solidity/test/libsolidity/semanticTests/array/copying/array_nested_calldata_to_memory_marked.sol:3:1:
  |
3 | contract c {
  | ^ (Relevant source part starts here and spans across multiple lines).

Warning: This declaration shadows an existing declaration.
  --> tests/semantic/solidity/test/libsolidity/semanticTests/array/copying/array_nested_calldata_to_memory_marked.sol:16:20:
   |
16 |     function test3(uint256[2][] calldata c) external returns (uint256, uint256) {
   |                    ^^^^^^^^^^^^^^^^^^^^^^^
Note: The shadowed declaration is here:
 --> tests/semantic/solidity/test/libsolidity/semanticTests/array/copying/array_nested_calldata_to_memory_marked.sol:3:1:
  |
3 | contract c {
  | ^ (Relevant source part starts here and spans across multiple lines).

Warning: This declaration shadows an existing declaration.
  --> tests/semantic/solidity/test/libsolidity/semanticTests/array/copying/array_nested_calldata_to_memory_marked.sol:22:20:
   |
22 |     function test4(uint256[2][2] calldata c) external returns (uint256) {
   |                    ^^^^^^^^^^^^^^^^^^^^^^^^
Note: The shadowed declaration is here:
 --> tests/semantic/solidity/test/libsolidity/semanticTests/array/copying/array_nested_calldata_to_memory_marked.sol:3:1:
  |
3 | contract c {
  | ^ (Relevant source part starts here and spans across multiple lines).

Warning: Function state mutability can be restricted to pure
 --> tests/semantic/solidity/test/libsolidity/semanticTests/array/copying/array_nested_calldata_to_memory_marked.sol:4:5:
  |
4 |     function test1(uint256[][] calldata c) external returns (uint256, uint256) {
  |     ^ (Relevant source part starts here and spans across multiple lines).

Warning: Function state mutability can be restricted to pure
  --> tests/semantic/solidity/test/libsolidity/semanticTests/array/copying/array_nested_calldata_to_memory_marked.sol:10:5:
   |
10 |     function test2(uint256[][2] calldata c) external returns (uint256, uint256) {
   |     ^ (Relevant source part starts here and spans across multiple lines).

Warning: Function state mutability can be restricted to pure
  --> tests/semantic/solidity/test/libsolidity/semanticTests/array/copying/array_nested_calldata_to_memory_marked.sol:16:5:
   |
16 |     function test3(uint256[2][] calldata c) external returns (uint256, uint256) {
   |     ^ (Relevant source part starts here and spans across multiple lines).

Warning: Function state mutability can be restricted to pure
  --> tests/semantic/solidity/test/libsolidity/semanticTests/array/copying/array_nested_calldata_to_memory_marked.sol:22:5:
   |
22 |     function test4(uint256[2][2] calldata c) external returns (uint256) {
   |     ^ (Relevant source part starts here and spans across multiple lines).

Warning: SPDX license identifier not provided in source file. Before publishing, consider adding a comment containing "SPDX-License-Identifier: <SPDX-License>" to each source file. Use "SPDX-License-Identifier: UNLICENSED" for non-open-source code. Please see https://spdx.org for more information.
--> tests/semantic/solidity/test/libsolidity/semanticTests/array/copying/array_copy_including_array_marked.sol

Warning: SPDX license identifier not provided in source file. Before publishing, consider adding a comment containing "SPDX-License-Identifier: <SPDX-License>" to each source file. Use "SPDX-License-Identifier: UNLICENSED" for non-open-source code. Please see https://spdx.org for more information.
--> tests/semantic/solidity/test/libsolidity/semanticTests/array/copying/array_copy_storage_storage_struct_marked.sol

____________________________________________________ test_semantics[/home/greg/dev/nethermind/warp/tests/semantic/solidity/test/libsolidity/semanticTests/array/copying/copying_bytes_multiassign.sol] _____________________________________________________
tests/semantic/test_semantics.py:123: in test_semantics
    constructor_args, contract_expectations = get_expectations(contract_file)
tests/semantic/test_semantics.py:102: in get_expectations
    expectations = test_calldata[contract_path]
E   KeyError: './scripts/../test/libsolidity/semanticTests/array/copying/copying_bytes_multiassign.sol'
_______________________________________________________ test_semantics[/home/greg/dev/nethermind/warp/tests/semantic/solidity/test/libsolidity/semanticTests/array/delete/bytes_delete_element.sol] ________________________________________________________
FAILURE: /home/greg/dev/nethermind/warp/tests/semantic/solidity/test/libsolidity/semanticTests/array/delete/bytes_delete_element.cairo.temp
assert '0x0000000000...0000000000000' == '0x0000000000...0000000000001'
  - 0x0000000000000000000000000000000000000000000000000000000000000001
  ?                                                                  ^
  + 0x0000000000000000000000000000000000000000000000000000000000000000
  ?                                                                  ^
tests/semantic/test_semantics.py:173 in test_semantics() -> check.equal(final_res, expected_result, cairo_file_path)
------------------------------------------------------------
Failed Checks: 1
------------------------------------------------------------------------------------------------------------------- Captured stderr call -------------------------------------------------------------------------------------------------------------------
Warning: SPDX license identifier not provided in source file. Before publishing, consider adding a comment containing "SPDX-License-Identifier: <SPDX-License>" to each source file. Use "SPDX-License-Identifier: UNLICENSED" for non-open-source code. Please see https://spdx.org for more information.
--> tests/semantic/solidity/test/libsolidity/semanticTests/array/copying/storage_memory_nested_from_pointer_marked.sol

_________________________________________________ test_semantics[/home/greg/dev/nethermind/warp/tests/semantic/solidity/test/libsolidity/semanticTests/array/copying/memory_to_storage_different_base.sol] _________________________________________________
FAILURE: /home/greg/dev/nethermind/warp/tests/semantic/solidity/test/libsolidity/semanticTests/array/copying/memory_to_storage_different_base.cairo.temp
assert '0x0000000000...0000000000000' == '0x0000000000...0000000000000'
  - 0x0000000000000000000000000000000000000000000000000000000000000003616263640000000000000000000000000000000000000000000000000000000062636465000000000000000000000000000000000000000000000000000000006364656600000000000000000000000000000000000000000000000000000000
  + 0x00000000000000000000000000000000000000000000000000000000000000039e9d9c9c000000000000000000000000000000000000000000000000000000009d9c9b9b000000000000000000000000000000000000000000000000000000009c9b9a9a00000000000000000000000000000000000000000000000000000000
tests/semantic/test_semantics.py:173 in test_semantics() -> check.equal(final_res, expected_result, cairo_file_path)
------------------------------------------------------------
Failed Checks: 1
------------------------------------------------------------------------------------------------------------------- Captured stdout call -------------------------------------------------------------------------------------------------------------------
{'callData': '0x26121ff0', 'expectations': '0x0000000000000000000000000000000000000000000000000000000000000003616263640000000000000000000000000000000000000000000000000000000062636465000000000000000000000000000000000000000000000000000000006364656600000000000000000000000000000000000000000000000000000000', 'failure': False, 'signature': 'f()'}
{'callData': '0xd53e605a00000000000000000000000000000000000000000000000000000000000000200000000000000000000000000000000000000000000000000000000000000040000000000000000000000000000000000000000000000000000000000000004000000000000000000000000000000000000000000000000000000000000000026162000000000000000000000000000000000000000000000000000000000000', 'expectations': '0x000000000000000000000000000000000000000000000000000000000000002000000000000000000000000000000000000000000000000000000000000000026162000000000000000000000000000000000000000000000000000000000000', 'failure': False, 'signature': 'f(bytes[2])'}
------------------------------------------------------------------------------------------------------------------- Captured stderr call -------------------------------------------------------------------------------------------------------------------
Warning: SPDX license identifier not provided in source file. Before publishing, consider adding a comment containing "SPDX-License-Identifier: <SPDX-License>" to each source file. Use "SPDX-License-Identifier: UNLICENSED" for non-open-source code. Please see https://spdx.org for more information.
--> tests/semantic/solidity/test/libsolidity/semanticTests/array/copying/string_calldata_to_bytes_calldata_marked.sol

Warning: Function state mutability can be restricted to pure
 --> tests/semantic/solidity/test/libsolidity/semanticTests/array/copying/string_calldata_to_bytes_calldata_marked.sol:3:5:
  |
3 |     function f(string calldata s) public returns (bytes calldata m) {
  |     ^ (Relevant source part starts here and spans across multiple lines).

______________________________________________________ test_semantics[/home/greg/dev/nethermind/warp/tests/semantic/solidity/test/libsolidity/semanticTests/array/indexAccess/bytes_index_access.sol] ______________________________________________________
FAILURE: /home/greg/dev/nethermind/warp/tests/semantic/solidity/test/libsolidity/semanticTests/array/indexAccess/bytes_index_access.cairo.temp
assert '0x0000000000...000000000fd73' == '0x0000000000...0000000000193'
  - 0x0000000000000000000000000000000000000000000000000000000000000193
  ?                                                               ^^^
  + 0x000000000000000000000000000000000000000000000000000000000000fd73
  ?                                                               ^^^
tests/semantic/test_semantics.py:173 in test_semantics() -> check.equal(final_res, expected_result, cairo_file_path)
------------------------------------------------------------
Failed Checks: 1
------------------------------------------------------------------------------------------------------------------- Captured stdout call -------------------------------------------------------------------------------------------------------------------
{'callData': '0x54c51689000000000000000000000000000000000000000000000000000000000000004000000000000000000000000000000000000000000000000000000000000000210000000000000000000000000000000000000000000000000000000000000022000102030405060708090a0b0c0d0e0f101112131415161718191a1b1c1d1e1f2021000000000000000000000000000000000000000000000000000000000000', 'expectations': '0x0000000000000000000000000000000000000000000000000000000000000021', 'failure': False, 'signature': 'storageCopyRead(bytes,uint256)'}
{'callData': '0xd1011ea7', 'expectations': '0x0000000000000000000000000000000000000000000000000000000000000193', 'failure': False, 'signature': 'storageWrite()'}
------------------------------------------------------------------------------------------------------------------- Captured stderr call -------------------------------------------------------------------------------------------------------------------
Warning: SPDX license identifier not provided in source file. Before publishing, consider adding a comment containing "SPDX-License-Identifier: <SPDX-License>" to each source file. Use "SPDX-License-Identifier: UNLICENSED" for non-open-source code. Please see https://spdx.org for more information.
--> tests/semantic/solidity/test/libsolidity/semanticTests/array/copying/array_of_struct_calldata_to_memory_marked.sol

Warning: Function state mutability can be restricted to pure
 --> tests/semantic/solidity/test/libsolidity/semanticTests/array/copying/array_of_struct_calldata_to_memory_marked.sol:9:5:
  |
9 |     function f(S[3] calldata c) public returns (uint128, uint64, uint128) {
  |     ^ (Relevant source part starts here and spans across multiple lines).

Warning: Function state mutability can be restricted to pure
  --> tests/semantic/solidity/test/libsolidity/semanticTests/array/copying/array_of_struct_calldata_to_memory_marked.sol:13:5:
   |
13 |     function g(S[] calldata c) public returns (uint128, uint64, uint128) {
   |     ^ (Relevant source part starts here and spans across multiple lines).

Warning: SPDX license identifier not provided in source file. Before publishing, consider adding a comment containing "SPDX-License-Identifier: <SPDX-License>" to each source file. Use "SPDX-License-Identifier: UNLICENSED" for non-open-source code. Please see https://spdx.org for more information.
--> tests/semantic/solidity/test/libsolidity/semanticTests/array/copying/storage_memory_packed_marked.sol

______________________________________________ test_semantics[/home/greg/dev/nethermind/warp/tests/semantic/solidity/test/libsolidity/semanticTests/array/copying/dirty_memory_bytes_to_storage_copy_ir.sol] _______________________________________________
FAILURE: /home/greg/dev/nethermind/warp/tests/semantic/solidity/test/libsolidity/semanticTests/array/copying/dirty_memory_bytes_to_storage_copy_ir.cairo.temp
assert '0x6465616462...ffffffffffff0' == '0x6465616462...0000000000010'
  - 0x6465616462656566000000000000000000000000000000000000000000000010
  + 0x6465616462656565fffffffffffffffffffffffffffffffffffffffffffffff0
tests/semantic/test_semantics.py:173 in test_semantics() -> check.equal(final_res, expected_result, cairo_file_path)
------------------------------------------------------------
Failed Checks: 1
------------------------------------------------------------------------------------------------------------------- Captured stdout call -------------------------------------------------------------------------------------------------------------------
{'callData': '0x26121ff0', 'expectations': '0x6465616462656566000000000000000000000000000000000000000000000010', 'failure': False, 'signature': 'f()'}
------------------------------------------------------------------------------------------------------------------- Captured stderr call -------------------------------------------------------------------------------------------------------------------
Warning: SPDX license identifier not provided in source file. Before publishing, consider adding a comment containing "SPDX-License-Identifier: <SPDX-License>" to each source file. Use "SPDX-License-Identifier: UNLICENSED" for non-open-source code. Please see https://spdx.org for more information.
--> tests/semantic/solidity/test/libsolidity/semanticTests/array/copying/array_copy_storage_abi_signed_marked.sol

______________________________________ test_semantics[/home/greg/dev/nethermind/warp/tests/semantic/solidity/test/libsolidity/semanticTests/array/copying/array_of_structs_containing_arrays_calldata_to_memory.sol] _______________________________________
../../../warp_dev/lib/python3.7/site-packages/cairo_lang-0.6.2-py3.7.egg/starkware/starknet/business_logic/internal_transaction.py:539: in _run
    verify_secure=True,
../../../warp_dev/lib/python3.7/site-packages/cairo_lang-0.6.2-py3.7.egg/starkware/cairo/common/cairo_function_runner.py:199: in run_from_entrypoint
    self.run_until_pc(addr=end, run_resources=run_resources)
../../../warp_dev/lib/python3.7/site-packages/cairo_lang-0.6.2-py3.7.egg/starkware/cairo/lang/vm/cairo_runner.py:284: in run_until_pc
    self.vm_step()
../../../warp_dev/lib/python3.7/site-packages/cairo_lang-0.6.2-py3.7.egg/starkware/cairo/lang/vm/cairo_runner.py:298: in vm_step
    self.vm.step()
../../../warp_dev/lib/python3.7/site-packages/cairo_lang-0.6.2-py3.7.egg/starkware/cairo/lang/vm/virtual_machine_base.py:255: in step
    self.run_instruction(instruction)
../../../warp_dev/lib/python3.7/site-packages/cairo_lang-0.6.2-py3.7.egg/starkware/cairo/lang/vm/vm_core.py:422: in run_instruction
    raise self.as_vm_exception(exc) from None
E   starkware.cairo.lang.vm.vm_exceptions.VmException: /home/greg/dev/nethermind/warp/tests/semantic/solidity/test/libsolidity/semanticTests/array/copying/array_of_structs_containing_arrays_calldata_to_memory.cairo.temp:334:9: Error at pc=0:3093:
E   An ASSERT_EQ instruction failed: 1 != 0.
E           assert 0 = 1
E           ^**********^
E   Cairo traceback (most recent call last):
E   /home/greg/dev/nethermind/warp/tests/semantic/solidity/test/libsolidity/semanticTests/array/copying/array_of_structs_containing_arrays_calldata_to_memory.cairo.temp:35:6: (pc=0:1951)
E   func __main{bitwise_ptr : BitwiseBuiltin*, range_check_ptr}(
E        ^****^
E   /home/greg/dev/nethermind/warp/tests/semantic/solidity/test/libsolidity/semanticTests/array/copying/array_of_structs_containing_arrays_calldata_to_memory.cairo.temp:48:9: (pc=0:1896)
E           __main_meat()
E           ^***********^
E   /home/greg/dev/nethermind/warp/tests/semantic/solidity/test/libsolidity/semanticTests/array/copying/array_of_structs_containing_arrays_calldata_to_memory.cairo.temp:638:5: (pc=0:4239)
E       __warp_if_0(__warp_subexpr_0)
E       ^***************************^
E   /home/greg/dev/nethermind/warp/tests/semantic/solidity/test/libsolidity/semanticTests/array/copying/array_of_structs_containing_arrays_calldata_to_memory.cairo.temp:623:9: (pc=0:4195)
E           __warp_block_0()
E           ^**************^
E   /home/greg/dev/nethermind/warp/tests/semantic/solidity/test/libsolidity/semanticTests/array/copying/array_of_structs_containing_arrays_calldata_to_memory.cairo.temp:614:5: (pc=0:4174)
E       __warp_if_1(__warp_subexpr_0)
E       ^***************************^
E   /home/greg/dev/nethermind/warp/tests/semantic/solidity/test/libsolidity/semanticTests/array/copying/array_of_structs_containing_arrays_calldata_to_memory.cairo.temp:600:9: (pc=0:4131)
E           __warp_block_1()
E           ^**************^
E   /home/greg/dev/nethermind/warp/tests/semantic/solidity/test/libsolidity/semanticTests/array/copying/array_of_structs_containing_arrays_calldata_to_memory.cairo.temp:587:58: (pc=0:4060)
E       let (ret__warp_mangled : Uint256, ret_1 : Uint256) = fun_f(__warp_subexpr_15, length)
E                                                            ^******************************^
E   /home/greg/dev/nethermind/warp/tests/semantic/solidity/test/libsolidity/semanticTests/array/copying/array_of_structs_containing_arrays_calldata_to_memory.cairo.temp:516:31: (pc=0:3745)
E       let (var_i_1 : Uint256) = __warp_loop_2(
E                                 ^************^
E   /home/greg/dev/nethermind/warp/tests/semantic/solidity/test/libsolidity/semanticTests/array/copying/array_of_structs_containing_arrays_calldata_to_memory.cairo.temp:466:57: (pc=0:3558)
E       let (__warp_break_2 : Uint256, var_i_1 : Uint256) = __warp_loop_body_2(
E                                                           ^*****************^
E   /home/greg/dev/nethermind/warp/tests/semantic/solidity/test/libsolidity/semanticTests/array/copying/array_of_structs_containing_arrays_calldata_to_memory.cairo.temp:445:34: (pc=0:3468)
E           expr_length : Uint256) = access_calldata_tail_array_uint256_dyn_calldata(
E                                    ^**********************************************^

During handling of the above exception, another exception occurred:
tests/semantic/test_semantics.py:161: in test_semantics
    res = await invoke_method_evm_calldata(starknet, contract_address, argument)
../../../warp_dev/lib/python3.7/site-packages/sol_warp-0.2.12-py3.7.egg/yul/starknet_utils.py:30: in invoke_method_evm_calldata
    caller_address=0,
../../../warp_dev/lib/python3.7/site-packages/cairo_lang-0.6.2-py3.7.egg/starkware/starknet/testing/state.py:153: in invoke_raw
    state=state_copy, general_config=self.general_config
../../../warp_dev/lib/python3.7/site-packages/cairo_lang-0.6.2-py3.7.egg/starkware/starknet/business_logic/internal_transaction_interface.py:213: in apply_state_updates
    state=state_to_update, general_config=general_config
../../../warp_dev/lib/python3.7/site-packages/cairo_lang-0.6.2-py3.7.egg/starkware/starknet/business_logic/internal_transaction.py:405: in _apply_specific_state_updates
    func=_synchronous_apply_specific_state_updates,
/usr/lib/python3.7/concurrent/futures/thread.py:57: in run
    result = self.fn(*self.args, **self.kwargs)
../../../warp_dev/lib/python3.7/site-packages/cairo_lang-0.6.2-py3.7.egg/starkware/starknet/business_logic/internal_transaction.py:433: in _synchronous_apply_specific_state_updates
    run_resources=run_resources,
../../../warp_dev/lib/python3.7/site-packages/cairo_lang-0.6.2-py3.7.egg/starkware/starknet/business_logic/internal_transaction.py:559: in _run
    raise StarkException(code=code, message=str(exception))
E   starkware.starkware_utils.error_handling.StarkException: (500, {'code': <StarknetErrorCode.TRANSACTION_FAILED: 28>, 'message': '/home/greg/dev/nethermind/warp/tests/semantic/solidity/test/libsolidity/semanticTests/array/copying/array_of_structs_containing_arrays_calldata_to_memory.cairo.temp:334:9: Error at pc=0:3093:\nAn ASSERT_EQ instruction failed: 1 != 0.\n        assert 0 = 1\n        ^**********^\nCairo traceback (most recent call last):\n/home/greg/dev/nethermind/warp/tests/semantic/solidity/test/libsolidity/semanticTests/array/copying/array_of_structs_containing_arrays_calldata_to_memory.cairo.temp:35:6: (pc=0:1951)\nfunc __main{bitwise_ptr : BitwiseBuiltin*, range_check_ptr}(\n     ^****^\n/home/greg/dev/nethermind/warp/tests/semantic/solidity/test/libsolidity/semanticTests/array/copying/array_of_structs_containing_arrays_calldata_to_memory.cairo.temp:48:9: (pc=0:1896)\n        __main_meat()\n        ^***********^\n/home/greg/dev/nethermind/warp/tests/semantic/solidity/test/libsolidity/semanticTests/array/copying/array_of_structs_containing_arrays_calldata_to_memory.cairo.temp:638:5: (pc=0:4239)\n    __warp_if_0(__warp_subexpr_0)\n    ^***************************^\n/home/greg/dev/nethermind/warp/tests/semantic/solidity/test/libsolidity/semanticTests/array/copying/array_of_structs_containing_arrays_calldata_to_memory.cairo.temp:623:9: (pc=0:4195)\n        __warp_block_0()\n        ^**************^\n/home/greg/dev/nethermind/warp/tests/semantic/solidity/test/libsolidity/semanticTests/array/copying/array_of_structs_containing_arrays_calldata_to_memory.cairo.temp:614:5: (pc=0:4174)\n    __warp_if_1(__warp_subexpr_0)\n    ^***************************^\n/home/greg/dev/nethermind/warp/tests/semantic/solidity/test/libsolidity/semanticTests/array/copying/array_of_structs_containing_arrays_calldata_to_memory.cairo.temp:600:9: (pc=0:4131)\n        __warp_block_1()\n        ^**************^\n/home/greg/dev/nethermind/warp/tests/semantic/solidity/test/libsolidity/semanticTests/array/copying/array_of_structs_containing_arrays_calldata_to_memory.cairo.temp:587:58: (pc=0:4060)\n    let (ret__warp_mangled : Uint256, ret_1 : Uint256) = fun_f(__warp_subexpr_15, length)\n                                                         ^******************************^\n/home/greg/dev/nethermind/warp/tests/semantic/solidity/test/libsolidity/semanticTests/array/copying/array_of_structs_containing_arrays_calldata_to_memory.cairo.temp:516:31: (pc=0:3745)\n    let (var_i_1 : Uint256) = __warp_loop_2(\n                              ^************^\n/home/greg/dev/nethermind/warp/tests/semantic/solidity/test/libsolidity/semanticTests/array/copying/array_of_structs_containing_arrays_calldata_to_memory.cairo.temp:466:57: (pc=0:3558)\n    let (__warp_break_2 : Uint256, var_i_1 : Uint256) = __warp_loop_body_2(\n                                                        ^*****************^\n/home/greg/dev/nethermind/warp/tests/semantic/solidity/test/libsolidity/semanticTests/array/copying/array_of_structs_containing_arrays_calldata_to_memory.cairo.temp:445:34: (pc=0:3468)\n        expr_length : Uint256) = access_calldata_tail_array_uint256_dyn_calldata(\n                                 ^**********************************************^'})
------------------------------------------------------------------------------------------------------------------- Captured stdout call -------------------------------------------------------------------------------------------------------------------
{'callData': '0x922fff580000000000000000000000000000000000000000000000000000000000000020000000000000000000000000000000000000000000000000000000000000000300000000000000000000000000000000000000000000000000000000000000600000000000000000000000000000000000000000000000000000000000000060000000000000000000000000000000000000000000000000000000000000006000000000000000000000000000000000000000000000000000000000000000200000000000000000000000000000000000000000000000000000000000000003000000000000000000000000000000000000000000000000000000000000000100000000000000000000000000000000000000000000000000000000000000020000000000000000000000000000000000000000000000000000000000000003', 'expectations': '0x00000000000000000000000000000000000000000000000000000000000000030000000000000000000000000000000000000000000000000000000000000001', 'failure': False, 'signature': 'f((uint256[])[])'}
{'callData': '0x26121ff0', 'expectations': '0x0000000000000000000000000000000000000000000000000000000000000001', 'failure': False, 'signature': 'f()'}
------------------------------------------------------------------------------------------------------------------- Captured stderr call -------------------------------------------------------------------------------------------------------------------
Warning: SPDX license identifier not provided in source file. Before publishing, consider adding a comment containing "SPDX-License-Identifier: <SPDX-License>" to each source file. Use "SPDX-License-Identifier: UNLICENSED" for non-open-source code. Please see https://spdx.org for more information.
--> tests/semantic/solidity/test/libsolidity/semanticTests/array/copying/copy_byte_array_in_struct_to_storage_marked.sol

____________________________________________________ test_semantics[/home/greg/dev/nethermind/warp/tests/semantic/solidity/test/libsolidity/semanticTests/array/copying/array_copy_cleanup_uint128.sol] ____________________________________________________
../../../warp_dev/lib/python3.7/site-packages/cairo_lang-0.6.2-py3.7.egg/starkware/starknet/business_logic/internal_transaction.py:539: in _run
    verify_secure=True,
../../../warp_dev/lib/python3.7/site-packages/cairo_lang-0.6.2-py3.7.egg/starkware/cairo/common/cairo_function_runner.py:199: in run_from_entrypoint
    self.run_until_pc(addr=end, run_resources=run_resources)
../../../warp_dev/lib/python3.7/site-packages/cairo_lang-0.6.2-py3.7.egg/starkware/cairo/lang/vm/cairo_runner.py:284: in run_until_pc
    self.vm_step()
../../../warp_dev/lib/python3.7/site-packages/cairo_lang-0.6.2-py3.7.egg/starkware/cairo/lang/vm/cairo_runner.py:298: in vm_step
    self.vm.step()
../../../warp_dev/lib/python3.7/site-packages/cairo_lang-0.6.2-py3.7.egg/starkware/cairo/lang/vm/virtual_machine_base.py:255: in step
    self.run_instruction(instruction)
../../../warp_dev/lib/python3.7/site-packages/cairo_lang-0.6.2-py3.7.egg/starkware/cairo/lang/vm/vm_core.py:422: in run_instruction
    raise self.as_vm_exception(exc) from None
E   starkware.cairo.lang.vm.vm_exceptions.VmException: /home/greg/dev/nethermind/warp/tests/semantic/solidity/test/libsolidity/semanticTests/array/copying/array_copy_cleanup_uint128.cairo.temp:376:9: Error at pc=0:3630:
E   An ASSERT_EQ instruction failed: 1 != 0.
E           assert 0 = 1
E           ^**********^
E   Cairo traceback (most recent call last):
E   /home/greg/dev/nethermind/warp/tests/semantic/solidity/test/libsolidity/semanticTests/array/copying/array_copy_cleanup_uint128.cairo.temp:52:6: (pc=0:2354)
E   func __main{
E        ^****^
E   /home/greg/dev/nethermind/warp/tests/semantic/solidity/test/libsolidity/semanticTests/array/copying/array_copy_cleanup_uint128.cairo.temp:66:9: (pc=0:2293)
E           __main_meat()
E           ^***********^
E   /home/greg/dev/nethermind/warp/tests/semantic/solidity/test/libsolidity/semanticTests/array/copying/array_copy_cleanup_uint128.cairo.temp:568:5: (pc=0:4444)
E       __warp_if_3(__warp_subexpr_0)
E       ^***************************^
E   /home/greg/dev/nethermind/warp/tests/semantic/solidity/test/libsolidity/semanticTests/array/copying/array_copy_cleanup_uint128.cairo.temp:552:9: (pc=0:4398)
E           __warp_block_2()
E           ^**************^
E   /home/greg/dev/nethermind/warp/tests/semantic/solidity/test/libsolidity/semanticTests/array/copying/array_copy_cleanup_uint128.cairo.temp:542:5: (pc=0:4373)
E       __warp_if_4(__warp_subexpr_0)
E       ^***************************^
E   /home/greg/dev/nethermind/warp/tests/semantic/solidity/test/libsolidity/semanticTests/array/copying/array_copy_cleanup_uint128.cairo.temp:527:9: (pc=0:4328)
E           __warp_block_3()
E           ^**************^
E   /home/greg/dev/nethermind/warp/tests/semantic/solidity/test/libsolidity/semanticTests/array/copying/array_copy_cleanup_uint128.cairo.temp:491:5: (pc=0:4138)
E       assert_helper(__warp_subexpr_9)
E       ^*****************************^

During handling of the above exception, another exception occurred:
tests/semantic/test_semantics.py:161: in test_semantics
    res = await invoke_method_evm_calldata(starknet, contract_address, argument)
../../../warp_dev/lib/python3.7/site-packages/sol_warp-0.2.12-py3.7.egg/yul/starknet_utils.py:30: in invoke_method_evm_calldata
    caller_address=0,
../../../warp_dev/lib/python3.7/site-packages/cairo_lang-0.6.2-py3.7.egg/starkware/starknet/testing/state.py:153: in invoke_raw
    state=state_copy, general_config=self.general_config
../../../warp_dev/lib/python3.7/site-packages/cairo_lang-0.6.2-py3.7.egg/starkware/starknet/business_logic/internal_transaction_interface.py:213: in apply_state_updates
    state=state_to_update, general_config=general_config
../../../warp_dev/lib/python3.7/site-packages/cairo_lang-0.6.2-py3.7.egg/starkware/starknet/business_logic/internal_transaction.py:405: in _apply_specific_state_updates
    func=_synchronous_apply_specific_state_updates,
/usr/lib/python3.7/concurrent/futures/thread.py:57: in run
    result = self.fn(*self.args, **self.kwargs)
../../../warp_dev/lib/python3.7/site-packages/cairo_lang-0.6.2-py3.7.egg/starkware/starknet/business_logic/internal_transaction.py:433: in _synchronous_apply_specific_state_updates
    run_resources=run_resources,
../../../warp_dev/lib/python3.7/site-packages/cairo_lang-0.6.2-py3.7.egg/starkware/starknet/business_logic/internal_transaction.py:559: in _run
    raise StarkException(code=code, message=str(exception))
E   starkware.starkware_utils.error_handling.StarkException: (500, {'code': <StarknetErrorCode.TRANSACTION_FAILED: 28>, 'message': '/home/greg/dev/nethermind/warp/tests/semantic/solidity/test/libsolidity/semanticTests/array/copying/array_copy_cleanup_uint128.cairo.temp:376:9: Error at pc=0:3630:\nAn ASSERT_EQ instruction failed: 1 != 0.\n        assert 0 = 1\n        ^**********^\nCairo traceback (most recent call last):\n/home/greg/dev/nethermind/warp/tests/semantic/solidity/test/libsolidity/semanticTests/array/copying/array_copy_cleanup_uint128.cairo.temp:52:6: (pc=0:2354)\nfunc __main{\n     ^****^\n/home/greg/dev/nethermind/warp/tests/semantic/solidity/test/libsolidity/semanticTests/array/copying/array_copy_cleanup_uint128.cairo.temp:66:9: (pc=0:2293)\n        __main_meat()\n        ^***********^\n/home/greg/dev/nethermind/warp/tests/semantic/solidity/test/libsolidity/semanticTests/array/copying/array_copy_cleanup_uint128.cairo.temp:568:5: (pc=0:4444)\n    __warp_if_3(__warp_subexpr_0)\n    ^***************************^\n/home/greg/dev/nethermind/warp/tests/semantic/solidity/test/libsolidity/semanticTests/array/copying/array_copy_cleanup_uint128.cairo.temp:552:9: (pc=0:4398)\n        __warp_block_2()\n        ^**************^\n/home/greg/dev/nethermind/warp/tests/semantic/solidity/test/libsolidity/semanticTests/array/copying/array_copy_cleanup_uint128.cairo.temp:542:5: (pc=0:4373)\n    __warp_if_4(__warp_subexpr_0)\n    ^***************************^\n/home/greg/dev/nethermind/warp/tests/semantic/solidity/test/libsolidity/semanticTests/array/copying/array_copy_cleanup_uint128.cairo.temp:527:9: (pc=0:4328)\n        __warp_block_3()\n        ^**************^\n/home/greg/dev/nethermind/warp/tests/semantic/solidity/test/libsolidity/semanticTests/array/copying/array_copy_cleanup_uint128.cairo.temp:491:5: (pc=0:4138)\n    assert_helper(__warp_subexpr_9)\n    ^*****************************^'})
----------------------------------------------------------------------------------------------------------------- Captured stdout teardown -----------------------------------------------------------------------------------------------------------------
{'callData': '0xf8a8fd6d', 'expectations': '0x00000000000000000000000000000000000000000000000000000000000000050000000000000000000000000000000000000000000000000000000000000004', 'failure': False, 'signature': 'test()'}
----------------------------------------------------------------------------------------------------------------- Captured stderr teardown -----------------------------------------------------------------------------------------------------------------
Warning: SPDX license identifier not provided in source file. Before publishing, consider adding a comment containing "SPDX-License-Identifier: <SPDX-License>" to each source file. Use "SPDX-License-Identifier: UNLICENSED" for non-open-source code. Please see https://spdx.org for more information.
--> tests/semantic/solidity/test/libsolidity/semanticTests/array/copying/array_copy_memory_to_storage_marked.sol

_______________________________________________ test_semantics[/home/greg/dev/nethermind/warp/tests/semantic/solidity/test/libsolidity/semanticTests/array/copying/copy_function_internal_storage_array.sol] _______________________________________________
tests/semantic/test_semantics.py:123: in test_semantics
    constructor_args, contract_expectations = get_expectations(contract_file)
tests/semantic/test_semantics.py:102: in get_expectations
    expectations = test_calldata[contract_path]
E   KeyError: './scripts/../test/libsolidity/semanticTests/array/copying/copy_function_internal_storage_array.sol'
____________________________________________ test_semantics[/home/greg/dev/nethermind/warp/tests/semantic/solidity/test/libsolidity/semanticTests/array/copying/array_copy_storage_storage_different_base.sol] _____________________________________________
FAILURE: /home/greg/dev/nethermind/warp/tests/semantic/solidity/test/libsolidity/semanticTests/array/copying/array_copy_storage_storage_different_base.cairo.temp
assert '0x0000000000...ffffffffffffc' == '0x0000000000...0000000000004'
  - 0x00000000000000000000000000000000000000000000000000000000000000050000000000000000000000000000000000000000000000000000000000000004
  ?                                                                                                                   ^^^^^^^^^^^^^^^^
  + 0x0000000000000000000000000000000000000000000000000000000000000005000000000000000000000000000000000000000000000000fffffffffffffffc
  ?                                                                                                                   ^^^^^^^^^^^^^^^^
tests/semantic/test_semantics.py:173 in test_semantics() -> check.equal(final_res, expected_result, cairo_file_path)
------------------------------------------------------------
Failed Checks: 1
____________________________________________ test_semantics[/home/greg/dev/nethermind/warp/tests/semantic/solidity/test/libsolidity/semanticTests/array/copying/array_copy_storage_storage_dynamic_dynamic.sol] ____________________________________________
FAILURE: /home/greg/dev/nethermind/warp/tests/semantic/solidity/test/libsolidity/semanticTests/array/copying/array_copy_storage_storage_dynamic_dynamic.cairo.temp
assert '0x0000000000...ffffffffffffc' == '0x0000000000...0000000000004'
  - 0x00000000000000000000000000000000000000000000000000000000000000050000000000000000000000000000000000000000000000000000000000000004
  + 0x0000000000000000000000000000000000000000000000000000000000000005fffffffffffffffffffffffffffffffffffffffffffffffffffffffffffffffc
tests/semantic/test_semantics.py:173 in test_semantics() -> check.equal(final_res, expected_result, cairo_file_path)
------------------------------------------------------------
Failed Checks: 1
------------------------------------------------------------------------------------------------------------------- Captured stderr call -------------------------------------------------------------------------------------------------------------------
Warning: SPDX license identifier not provided in source file. Before publishing, consider adding a comment containing "SPDX-License-Identifier: <SPDX-License>" to each source file. Use "SPDX-License-Identifier: UNLICENSED" for non-open-source code. Please see https://spdx.org for more information.
--> tests/semantic/solidity/test/libsolidity/semanticTests/array/copying/calldata_2d_bytes_to_memory_2_marked.sol

Warning: Function state mutability can be restricted to pure
 --> tests/semantic/solidity/test/libsolidity/semanticTests/array/copying/calldata_2d_bytes_to_memory_2_marked.sol:4:5:
  |
4 |     function g(bytes[2] memory m) internal {
  |     ^ (Relevant source part starts here and spans across multiple lines).

_______________________________________________ test_semantics[/home/greg/dev/nethermind/warp/tests/semantic/solidity/test/libsolidity/semanticTests/array/copying/array_copy_storage_to_memory_nested.sol] ________________________________________________
FAILURE: /home/greg/dev/nethermind/warp/tests/semantic/solidity/test/libsolidity/semanticTests/array/copying/array_copy_storage_to_memory_nested.cairo.temp
assert '0x0000000000...ffffffffffffd' == '0x0000000000...0000000000003'
  - 0x00000000000000000000000000000000000000000000000000000000000000200000000000000000000000000000000000000000000000000000000000000002000000000000000000000000000000000000000000000000000000000000004000000000000000000000000000000000000000000000000000000000000000a00000000000000000000000000000000000000000000000000000000000000002000000000000000000000000000000000000000000000000000000000000000000000000000000000000000000000000000000000000000000000000000000010000000000000000000000000000000000000000000000000000000000000002000000000000000000000000000000000000000000000000000000000000...
  
  ...Full output truncated (2 lines hidden), use '-vv' to show
tests/semantic/test_semantics.py:173 in test_semantics() -> check.equal(final_res, expected_result, cairo_file_path)
------------------------------------------------------------
Failed Checks: 1
------------------------------------------------------------------------------------------------------------------- Captured stdout call -------------------------------------------------------------------------------------------------------------------
{'callData': '0x26121ff0', 'expectations': '0x00000000000000000000000000000000000000000000000000000000000000200000000000000000000000000000000000000000000000000000000000000002000000000000000000000000000000000000000000000000000000000000004000000000000000000000000000000000000000000000000000000000000000a0000000000000000000000000000000000000000000000000000000000000000200000000000000000000000000000000000000000000000000000000000000000000000000000000000000000000000000000000000000000000000000000001000000000000000000000000000000000000000000000000000000000000000200000000000000000000000000000000000000000000000000000000000000020000000000000000000000000000000000000000000000000000000000000003', 'failure': False, 'signature': 'f()'}
------------------------------------------------------------------------------------------------------------------- Captured stderr call -------------------------------------------------------------------------------------------------------------------
Warning: SPDX license identifier not provided in source file. Before publishing, consider adding a comment containing "SPDX-License-Identifier: <SPDX-License>" to each source file. Use "SPDX-License-Identifier: UNLICENSED" for non-open-source code. Please see https://spdx.org for more information.
--> tests/semantic/solidity/test/libsolidity/semanticTests/array/copying/calldata_bytes_array_to_memory_marked.sol

Warning: Function state mutability can be restricted to pure
 --> tests/semantic/solidity/test/libsolidity/semanticTests/array/copying/calldata_bytes_array_to_memory_marked.sol:4:5:
  |
4 |     function f(bytes[] calldata a)
  |     ^ (Relevant source part starts here and spans across multiple lines).

________________________________________________ test_semantics[/home/greg/dev/nethermind/warp/tests/semantic/solidity/test/libsolidity/semanticTests/array/copying/calldata_to_storage_different_base.sol] ________________________________________________
FAILURE: /home/greg/dev/nethermind/warp/tests/semantic/solidity/test/libsolidity/semanticTests/array/copying/calldata_to_storage_different_base.cairo.temp
assert '0x0000000000...0000000000000' == '0x0000000000...0000000000000'
  - 0x0000000000000000000000000000000000000000000000000000000000000003616263640000000000000000000000000000000000000000000000000000000062636465000000000000000000000000000000000000000000000000000000006364656600000000000000000000000000000000000000000000000000000000
  + 0x00000000000000000000000000000000000000000000000000000000000000039e9d9c9c000000000000000000000000000000000000000000000000000000009d9c9b9b000000000000000000000000000000000000000000000000000000009c9b9a9a00000000000000000000000000000000000000000000000000000000
tests/semantic/test_semantics.py:173 in test_semantics() -> check.equal(final_res, expected_result, cairo_file_path)
------------------------------------------------------------
Failed Checks: 1
------------------------------------------------------------------------------------------------------------------- Captured stdout call -------------------------------------------------------------------------------------------------------------------
{'callData': '0xb860a2da00000000000000000000000000000000000000000000000000000000000000200000000000000000000000000000000000000000000000000000000000000003616263640000000000000000000000000000000000000000000000000000000062636465000000000000000000000000000000000000000000000000000000006364656600000000000000000000000000000000000000000000000000000000', 'expectations': '0x0000000000000000000000000000000000000000000000000000000000000003616263640000000000000000000000000000000000000000000000000000000062636465000000000000000000000000000000000000000000000000000000006364656600000000000000000000000000000000000000000000000000000000', 'failure': False, 'signature': 'f(bytes8[])'}
{'callData': '0xb3de648b0000000000000000000000000000000000000000000000000000000000000000', 'expectations': '0x00000000000000000000000000000000000000000000000000000000000000200000000000000000000000000000000000000000000000000000000000000000', 'failure': False, 'signature': 'f(uint256)'}
{'callData': '0xb3de648b000000000000000000000000000000000000000000000000000000000000001f', 'expectations': '0x0000000000000000000000000000000000000000000000000000000000000020000000000000000000000000000000000000000000000000000000000000001f000102030405060708090a0b0c0d0e0f101112131415161718191a1b1c1d1e00', 'failure': False, 'signature': 'f(uint256)'}
------------------------------------------------------------------------------------------------------------------- Captured stderr call -------------------------------------------------------------------------------------------------------------------
Warning: SPDX license identifier not provided in source file. Before publishing, consider adding a comment containing "SPDX-License-Identifier: <SPDX-License>" to each source file. Use "SPDX-License-Identifier: UNLICENSED" for non-open-source code. Please see https://spdx.org for more information.
--> tests/semantic/solidity/test/libsolidity/semanticTests/array/copying/calldata_array_of_struct_to_memory_marked.sol

_________________________________________________ test_semantics[/home/greg/dev/nethermind/warp/tests/semantic/solidity/test/libsolidity/semanticTests/array/copying/array_nested_calldata_to_memory.sol] __________________________________________________
../../../warp_dev/lib/python3.7/site-packages/cairo_lang-0.6.2-py3.7.egg/starkware/starknet/business_logic/internal_transaction.py:539: in _run
    verify_secure=True,
../../../warp_dev/lib/python3.7/site-packages/cairo_lang-0.6.2-py3.7.egg/starkware/cairo/common/cairo_function_runner.py:199: in run_from_entrypoint
    self.run_until_pc(addr=end, run_resources=run_resources)
../../../warp_dev/lib/python3.7/site-packages/cairo_lang-0.6.2-py3.7.egg/starkware/cairo/lang/vm/cairo_runner.py:284: in run_until_pc
    self.vm_step()
../../../warp_dev/lib/python3.7/site-packages/cairo_lang-0.6.2-py3.7.egg/starkware/cairo/lang/vm/cairo_runner.py:298: in vm_step
    self.vm.step()
../../../warp_dev/lib/python3.7/site-packages/cairo_lang-0.6.2-py3.7.egg/starkware/cairo/lang/vm/virtual_machine_base.py:255: in step
    self.run_instruction(instruction)
../../../warp_dev/lib/python3.7/site-packages/cairo_lang-0.6.2-py3.7.egg/starkware/cairo/lang/vm/vm_core.py:422: in run_instruction
    raise self.as_vm_exception(exc) from None
E   starkware.cairo.lang.vm.vm_exceptions.VmException: /home/greg/dev/nethermind/warp/tests/semantic/solidity/test/libsolidity/semanticTests/array/copying/array_nested_calldata_to_memory.cairo.temp:449:9: Error at pc=0:3512:
E   An ASSERT_EQ instruction failed: 1 != 0.
E           assert 0 = 1
E           ^**********^
E   Cairo traceback (most recent call last):
E   /home/greg/dev/nethermind/warp/tests/semantic/solidity/test/libsolidity/semanticTests/array/copying/array_nested_calldata_to_memory.cairo.temp:35:6: (pc=0:1951)
E   func __main{bitwise_ptr : BitwiseBuiltin*, range_check_ptr}(
E        ^****^
E   /home/greg/dev/nethermind/warp/tests/semantic/solidity/test/libsolidity/semanticTests/array/copying/array_nested_calldata_to_memory.cairo.temp:48:9: (pc=0:1896)
E           __main_meat()
E           ^***********^
E   /home/greg/dev/nethermind/warp/tests/semantic/solidity/test/libsolidity/semanticTests/array/copying/array_nested_calldata_to_memory.cairo.temp:1037:5: (pc=0:5801)
E       __warp_if_0(__warp_subexpr_0)
E       ^***************************^
E   /home/greg/dev/nethermind/warp/tests/semantic/solidity/test/libsolidity/semanticTests/array/copying/array_nested_calldata_to_memory.cairo.temp:1022:9: (pc=0:5757)
E           __warp_block_0()
E           ^**************^
E   /home/greg/dev/nethermind/warp/tests/semantic/solidity/test/libsolidity/semanticTests/array/copying/array_nested_calldata_to_memory.cairo.temp:1013:5: (pc=0:5736)
E       __warp_block_1(match_var)
E       ^***********************^
E   /home/greg/dev/nethermind/warp/tests/semantic/solidity/test/libsolidity/semanticTests/array/copying/array_nested_calldata_to_memory.cairo.temp:1003:5: (pc=0:5703)
E       __warp_if_1(__warp_subexpr_0, match_var)
E       ^**************************************^
E   /home/greg/dev/nethermind/warp/tests/semantic/solidity/test/libsolidity/semanticTests/array/copying/array_nested_calldata_to_memory.cairo.temp:993:9: (pc=0:5670)
E           __warp_block_3(match_var)
E           ^***********************^
E   /home/greg/dev/nethermind/warp/tests/semantic/solidity/test/libsolidity/semanticTests/array/copying/array_nested_calldata_to_memory.cairo.temp:980:5: (pc=0:5654)
E       __warp_if_2(__warp_subexpr_0, match_var)
E       ^**************************************^
E   /home/greg/dev/nethermind/warp/tests/semantic/solidity/test/libsolidity/semanticTests/array/copying/array_nested_calldata_to_memory.cairo.temp:970:9: (pc=0:5621)
E           __warp_block_5(match_var)
E           ^***********************^
E   /home/greg/dev/nethermind/warp/tests/semantic/solidity/test/libsolidity/semanticTests/array/copying/array_nested_calldata_to_memory.cairo.temp:957:5: (pc=0:5605)
E       __warp_if_3(__warp_subexpr_0, match_var)
E       ^**************************************^
E   /home/greg/dev/nethermind/warp/tests/semantic/solidity/test/libsolidity/semanticTests/array/copying/array_nested_calldata_to_memory.cairo.temp:947:9: (pc=0:5572)
E           __warp_block_7(match_var)
E           ^***********************^
E   /home/greg/dev/nethermind/warp/tests/semantic/solidity/test/libsolidity/semanticTests/array/copying/array_nested_calldata_to_memory.cairo.temp:934:5: (pc=0:5556)
E       __warp_if_4(__warp_subexpr_0)
E       ^***************************^
E   /home/greg/dev/nethermind/warp/tests/semantic/solidity/test/libsolidity/semanticTests/array/copying/array_nested_calldata_to_memory.cairo.temp:922:9: (pc=0:5534)
E           __warp_block_8()
E           ^**************^
E   /home/greg/dev/nethermind/warp/tests/semantic/solidity/test/libsolidity/semanticTests/array/copying/array_nested_calldata_to_memory.cairo.temp:909:46: (pc=0:5463)
E       let (ret_5 : Uint256, ret_6 : Uint256) = fun_test1(param_2, param_3)
E                                                ^*************************^
E   /home/greg/dev/nethermind/warp/tests/semantic/solidity/test/libsolidity/semanticTests/array/copying/array_nested_calldata_to_memory.cairo.temp:821:34: (pc=0:5038)
E           expr_length : Uint256) = calldata_array_index_access_uint256_dyn_calldata_dyn_calldata(
E                                    ^************************************************************^
E   /home/greg/dev/nethermind/warp/tests/semantic/solidity/test/libsolidity/semanticTests/array/copying/array_nested_calldata_to_memory.cairo.temp:786:47: (pc=0:4889)
E       let (addr_1 : Uint256, len_1 : Uint256) = access_calldata_tail_array_uint256_dyn_calldata(
E                                                 ^**********************************************^

During handling of the above exception, another exception occurred:
tests/semantic/test_semantics.py:161: in test_semantics
    res = await invoke_method_evm_calldata(starknet, contract_address, argument)
../../../warp_dev/lib/python3.7/site-packages/sol_warp-0.2.12-py3.7.egg/yul/starknet_utils.py:30: in invoke_method_evm_calldata
    caller_address=0,
../../../warp_dev/lib/python3.7/site-packages/cairo_lang-0.6.2-py3.7.egg/starkware/starknet/testing/state.py:153: in invoke_raw
    state=state_copy, general_config=self.general_config
../../../warp_dev/lib/python3.7/site-packages/cairo_lang-0.6.2-py3.7.egg/starkware/starknet/business_logic/internal_transaction_interface.py:213: in apply_state_updates
    state=state_to_update, general_config=general_config
../../../warp_dev/lib/python3.7/site-packages/cairo_lang-0.6.2-py3.7.egg/starkware/starknet/business_logic/internal_transaction.py:405: in _apply_specific_state_updates
    func=_synchronous_apply_specific_state_updates,
/usr/lib/python3.7/concurrent/futures/thread.py:57: in run
    result = self.fn(*self.args, **self.kwargs)
../../../warp_dev/lib/python3.7/site-packages/cairo_lang-0.6.2-py3.7.egg/starkware/starknet/business_logic/internal_transaction.py:433: in _synchronous_apply_specific_state_updates
    run_resources=run_resources,
../../../warp_dev/lib/python3.7/site-packages/cairo_lang-0.6.2-py3.7.egg/starkware/starknet/business_logic/internal_transaction.py:559: in _run
    raise StarkException(code=code, message=str(exception))
E   starkware.starkware_utils.error_handling.StarkException: (500, {'code': <StarknetErrorCode.TRANSACTION_FAILED: 28>, 'message': '/home/greg/dev/nethermind/warp/tests/semantic/solidity/test/libsolidity/semanticTests/array/copying/array_nested_calldata_to_memory.cairo.temp:449:9: Error at pc=0:3512:\nAn ASSERT_EQ instruction failed: 1 != 0.\n        assert 0 = 1\n        ^**********^\nCairo traceback (most recent call last):\n/home/greg/dev/nethermind/warp/tests/semantic/solidity/test/libsolidity/semanticTests/array/copying/array_nested_calldata_to_memory.cairo.temp:35:6: (pc=0:1951)\nfunc __main{bitwise_ptr : BitwiseBuiltin*, range_check_ptr}(\n     ^****^\n/home/greg/dev/nethermind/warp/tests/semantic/solidity/test/libsolidity/semanticTests/array/copying/array_nested_calldata_to_memory.cairo.temp:48:9: (pc=0:1896)\n        __main_meat()\n        ^***********^\n/home/greg/dev/nethermind/warp/tests/semantic/solidity/test/libsolidity/semanticTests/array/copying/array_nested_calldata_to_memory.cairo.temp:1037:5: (pc=0:5801)\n    __warp_if_0(__warp_subexpr_0)\n    ^***************************^\n/home/greg/dev/nethermind/warp/tests/semantic/solidity/test/libsolidity/semanticTests/array/copying/array_nested_calldata_to_memory.cairo.temp:1022:9: (pc=0:5757)\n        __warp_block_0()\n        ^**************^\n/home/greg/dev/nethermind/warp/tests/semantic/solidity/test/libsolidity/semanticTests/array/copying/array_nested_calldata_to_memory.cairo.temp:1013:5: (pc=0:5736)\n    __warp_block_1(match_var)\n    ^***********************^\n/home/greg/dev/nethermind/warp/tests/semantic/solidity/test/libsolidity/semanticTests/array/copying/array_nested_calldata_to_memory.cairo.temp:1003:5: (pc=0:5703)\n    __warp_if_1(__warp_subexpr_0, match_var)\n    ^**************************************^\n/home/greg/dev/nethermind/warp/tests/semantic/solidity/test/libsolidity/semanticTests/array/copying/array_nested_calldata_to_memory.cairo.temp:993:9: (pc=0:5670)\n        __warp_block_3(match_var)\n        ^***********************^\n/home/greg/dev/nethermind/warp/tests/semantic/solidity/test/libsolidity/semanticTests/array/copying/array_nested_calldata_to_memory.cairo.temp:980:5: (pc=0:5654)\n    __warp_if_2(__warp_subexpr_0, match_var)\n    ^**************************************^\n/home/greg/dev/nethermind/warp/tests/semantic/solidity/test/libsolidity/semanticTests/array/copying/array_nested_calldata_to_memory.cairo.temp:970:9: (pc=0:5621)\n        __warp_block_5(match_var)\n        ^***********************^\n/home/greg/dev/nethermind/warp/tests/semantic/solidity/test/libsolidity/semanticTests/array/copying/array_nested_calldata_to_memory.cairo.temp:957:5: (pc=0:5605)\n    __warp_if_3(__warp_subexpr_0, match_var)\n    ^**************************************^\n/home/greg/dev/nethermind/warp/tests/semantic/solidity/test/libsolidity/semanticTests/array/copying/array_nested_calldata_to_memory.cairo.temp:947:9: (pc=0:5572)\n        __warp_block_7(match_var)\n        ^***********************^\n/home/greg/dev/nethermind/warp/tests/semantic/solidity/test/libsolidity/semanticTests/array/copying/array_nested_calldata_to_memory.cairo.temp:934:5: (pc=0:5556)\n    __warp_if_4(__warp_subexpr_0)\n    ^***************************^\n/home/greg/dev/nethermind/warp/tests/semantic/solidity/test/libsolidity/semanticTests/array/copying/array_nested_calldata_to_memory.cairo.temp:922:9: (pc=0:5534)\n        __warp_block_8()\n        ^**************^\n/home/greg/dev/nethermind/warp/tests/semantic/solidity/test/libsolidity/semanticTests/array/copying/array_nested_calldata_to_memory.cairo.temp:909:46: (pc=0:5463)\n    let (ret_5 : Uint256, ret_6 : Uint256) = fun_test1(param_2, param_3)\n                                             ^*************************^\n/home/greg/dev/nethermind/warp/tests/semantic/solidity/test/libsolidity/semanticTests/array/copying/array_nested_calldata_to_memory.cairo.temp:821:34: (pc=0:5038)\n        expr_length : Uint256) = calldata_array_index_access_uint256_dyn_calldata_dyn_calldata(\n                                 ^************************************************************^\n/home/greg/dev/nethermind/warp/tests/semantic/solidity/test/libsolidity/semanticTests/array/copying/array_nested_calldata_to_memory.cairo.temp:786:47: (pc=0:4889)\n    let (addr_1 : Uint256, len_1 : Uint256) = access_calldata_tail_array_uint256_dyn_calldata(\n                                              ^**********************************************^'})
------------------------------------------------------------------------------------------------------------------- Captured stdout call -------------------------------------------------------------------------------------------------------------------
{'callData': '0xc5cf7678000000000000000000000000000000000000000000000000000000000000002000000000000000000000000000000000000000000000000000000000000000020000000000000000000000000000000000000000000000000000000000000040000000000000000000000000000000000000000000000000000000000000004000000000000000000000000000000000000000000000000000000000000000020000000000000000000000000000000000000000000000000000000000000017000000000000000000000000000000000000000000000000000000000000002a', 'expectations': '0x00000000000000000000000000000000000000000000000000000000000000020000000000000000000000000000000000000000000000000000000000000041', 'failure': False, 'signature': 'test1(uint256[][])'}
------------------------------------------------------------------------------------------------------------------- Captured stderr call -------------------------------------------------------------------------------------------------------------------
Warning: SPDX license identifier not provided in source file. Before publishing, consider adding a comment containing "SPDX-License-Identifier: <SPDX-License>" to each source file. Use "SPDX-License-Identifier: UNLICENSED" for non-open-source code. Please see https://spdx.org for more information.
--> tests/semantic/solidity/test/libsolidity/semanticTests/array/copying/copy_removes_bytes_data_marked.sol

______________________________________ test_semantics[/home/greg/dev/nethermind/warp/tests/semantic/solidity/test/libsolidity/semanticTests/array/copying/array_of_structs_containing_arrays_calldata_to_storage.sol] ______________________________________
../../../warp_dev/lib/python3.7/site-packages/cairo_lang-0.6.2-py3.7.egg/starkware/starknet/business_logic/internal_transaction.py:539: in _run
    verify_secure=True,
../../../warp_dev/lib/python3.7/site-packages/cairo_lang-0.6.2-py3.7.egg/starkware/cairo/common/cairo_function_runner.py:199: in run_from_entrypoint
    self.run_until_pc(addr=end, run_resources=run_resources)
../../../warp_dev/lib/python3.7/site-packages/cairo_lang-0.6.2-py3.7.egg/starkware/cairo/lang/vm/cairo_runner.py:284: in run_until_pc
    self.vm_step()
../../../warp_dev/lib/python3.7/site-packages/cairo_lang-0.6.2-py3.7.egg/starkware/cairo/lang/vm/cairo_runner.py:298: in vm_step
    self.vm.step()
../../../warp_dev/lib/python3.7/site-packages/cairo_lang-0.6.2-py3.7.egg/starkware/cairo/lang/vm/virtual_machine_base.py:255: in step
    self.run_instruction(instruction)
../../../warp_dev/lib/python3.7/site-packages/cairo_lang-0.6.2-py3.7.egg/starkware/cairo/lang/vm/vm_core.py:422: in run_instruction
    raise self.as_vm_exception(exc) from None
E   starkware.cairo.lang.vm.vm_exceptions.VmException: /home/greg/dev/nethermind/warp/tests/semantic/solidity/test/libsolidity/semanticTests/array/copying/array_of_structs_containing_arrays_calldata_to_storage.cairo.temp:226:9: Error at pc=0:2749:
E   An ASSERT_EQ instruction failed: 1 != 0.
E           assert 0 = 1
E           ^**********^
E   Cairo traceback (most recent call last):
E   /home/greg/dev/nethermind/warp/tests/semantic/solidity/test/libsolidity/semanticTests/array/copying/array_of_structs_containing_arrays_calldata_to_storage.cairo.temp:52:6: (pc=0:2187)
E   func __main{
E        ^****^
E   /home/greg/dev/nethermind/warp/tests/semantic/solidity/test/libsolidity/semanticTests/array/copying/array_of_structs_containing_arrays_calldata_to_storage.cairo.temp:66:9: (pc=0:2126)
E           __main_meat()
E           ^***********^
E   /home/greg/dev/nethermind/warp/tests/semantic/solidity/test/libsolidity/semanticTests/array/copying/array_of_structs_containing_arrays_calldata_to_storage.cairo.temp:782:5: (pc=0:4927)
E       __warp_if_3(__warp_subexpr_0)
E       ^***************************^
E   /home/greg/dev/nethermind/warp/tests/semantic/solidity/test/libsolidity/semanticTests/array/copying/array_of_structs_containing_arrays_calldata_to_storage.cairo.temp:766:9: (pc=0:4881)
E           __warp_block_3()
E           ^**************^
E   /home/greg/dev/nethermind/warp/tests/semantic/solidity/test/libsolidity/semanticTests/array/copying/array_of_structs_containing_arrays_calldata_to_storage.cairo.temp:756:5: (pc=0:4856)
E       __warp_if_4(__warp_subexpr_0)
E       ^***************************^
E   /home/greg/dev/nethermind/warp/tests/semantic/solidity/test/libsolidity/semanticTests/array/copying/array_of_structs_containing_arrays_calldata_to_storage.cairo.temp:741:9: (pc=0:4811)
E           __warp_block_4()
E           ^**************^
E   /home/greg/dev/nethermind/warp/tests/semantic/solidity/test/libsolidity/semanticTests/array/copying/array_of_structs_containing_arrays_calldata_to_storage.cairo.temp:727:58: (pc=0:4732)
E       let (ret__warp_mangled : Uint256, ret_1 : Uint256) = fun_f(__warp_subexpr_15, length)
E                                                            ^******************************^
E   /home/greg/dev/nethermind/warp/tests/semantic/solidity/test/libsolidity/semanticTests/array/copying/array_of_structs_containing_arrays_calldata_to_storage.cairo.temp:652:5: (pc=0:4363)
E       copy_array_to_storage_from_array_struct_S_calldata_dyn_calldata_to_array_struct_S__dyn(
E       ^*************************************************************************************^
E   /home/greg/dev/nethermind/warp/tests/semantic/solidity/test/libsolidity/semanticTests/array/copying/array_of_structs_containing_arrays_calldata_to_storage.cairo.temp:414:66: (pc=0:3486)
E       let (elementSlot : Uint256, i : Uint256, srcPtr : Uint256) = __warp_loop_4(
E                                                                    ^************^
E   /home/greg/dev/nethermind/warp/tests/semantic/solidity/test/libsolidity/semanticTests/array/copying/array_of_structs_containing_arrays_calldata_to_storage.cairo.temp:364:66: (pc=0:3282)
E       let (elementSlot : Uint256, i : Uint256, srcPtr : Uint256) = __warp_loop_body_4(
E                                                                    ^*****************^
E   /home/greg/dev/nethermind/warp/tests/semantic/solidity/test/libsolidity/semanticTests/array/copying/array_of_structs_containing_arrays_calldata_to_storage.cairo.temp:346:5: (pc=0:3194)
E       update_storage_value_struct_S_calldata_to_struct_S(elementSlot, __warp_subexpr_0)
E       ^*******************************************************************************^
E   /home/greg/dev/nethermind/warp/tests/semantic/solidity/test/libsolidity/semanticTests/array/copying/array_of_structs_containing_arrays_calldata_to_storage.cairo.temp:319:36: (pc=0:3041)
E           memberValue_1 : Uint256) = access_calldata_tail_array_uint256_dyn_calldata(value, value)
E                                      ^***********************************************************^

During handling of the above exception, another exception occurred:
tests/semantic/test_semantics.py:161: in test_semantics
    res = await invoke_method_evm_calldata(starknet, contract_address, argument)
../../../warp_dev/lib/python3.7/site-packages/sol_warp-0.2.12-py3.7.egg/yul/starknet_utils.py:30: in invoke_method_evm_calldata
    caller_address=0,
../../../warp_dev/lib/python3.7/site-packages/cairo_lang-0.6.2-py3.7.egg/starkware/starknet/testing/state.py:153: in invoke_raw
    state=state_copy, general_config=self.general_config
../../../warp_dev/lib/python3.7/site-packages/cairo_lang-0.6.2-py3.7.egg/starkware/starknet/business_logic/internal_transaction_interface.py:213: in apply_state_updates
    state=state_to_update, general_config=general_config
../../../warp_dev/lib/python3.7/site-packages/cairo_lang-0.6.2-py3.7.egg/starkware/starknet/business_logic/internal_transaction.py:405: in _apply_specific_state_updates
    func=_synchronous_apply_specific_state_updates,
/usr/lib/python3.7/concurrent/futures/thread.py:57: in run
    result = self.fn(*self.args, **self.kwargs)
../../../warp_dev/lib/python3.7/site-packages/cairo_lang-0.6.2-py3.7.egg/starkware/starknet/business_logic/internal_transaction.py:433: in _synchronous_apply_specific_state_updates
    run_resources=run_resources,
../../../warp_dev/lib/python3.7/site-packages/cairo_lang-0.6.2-py3.7.egg/starkware/starknet/business_logic/internal_transaction.py:559: in _run
    raise StarkException(code=code, message=str(exception))
E   starkware.starkware_utils.error_handling.StarkException: (500, {'code': <StarknetErrorCode.TRANSACTION_FAILED: 28>, 'message': '/home/greg/dev/nethermind/warp/tests/semantic/solidity/test/libsolidity/semanticTests/array/copying/array_of_structs_containing_arrays_calldata_to_storage.cairo.temp:226:9: Error at pc=0:2749:\nAn ASSERT_EQ instruction failed: 1 != 0.\n        assert 0 = 1\n        ^**********^\nCairo traceback (most recent call last):\n/home/greg/dev/nethermind/warp/tests/semantic/solidity/test/libsolidity/semanticTests/array/copying/array_of_structs_containing_arrays_calldata_to_storage.cairo.temp:52:6: (pc=0:2187)\nfunc __main{\n     ^****^\n/home/greg/dev/nethermind/warp/tests/semantic/solidity/test/libsolidity/semanticTests/array/copying/array_of_structs_containing_arrays_calldata_to_storage.cairo.temp:66:9: (pc=0:2126)\n        __main_meat()\n        ^***********^\n/home/greg/dev/nethermind/warp/tests/semantic/solidity/test/libsolidity/semanticTests/array/copying/array_of_structs_containing_arrays_calldata_to_storage.cairo.temp:782:5: (pc=0:4927)\n    __warp_if_3(__warp_subexpr_0)\n    ^***************************^\n/home/greg/dev/nethermind/warp/tests/semantic/solidity/test/libsolidity/semanticTests/array/copying/array_of_structs_containing_arrays_calldata_to_storage.cairo.temp:766:9: (pc=0:4881)\n        __warp_block_3()\n        ^**************^\n/home/greg/dev/nethermind/warp/tests/semantic/solidity/test/libsolidity/semanticTests/array/copying/array_of_structs_containing_arrays_calldata_to_storage.cairo.temp:756:5: (pc=0:4856)\n    __warp_if_4(__warp_subexpr_0)\n    ^***************************^\n/home/greg/dev/nethermind/warp/tests/semantic/solidity/test/libsolidity/semanticTests/array/copying/array_of_structs_containing_arrays_calldata_to_storage.cairo.temp:741:9: (pc=0:4811)\n        __warp_block_4()\n        ^**************^\n/home/greg/dev/nethermind/warp/tests/semantic/solidity/test/libsolidity/semanticTests/array/copying/array_of_structs_containing_arrays_calldata_to_storage.cairo.temp:727:58: (pc=0:4732)\n    let (ret__warp_mangled : Uint256, ret_1 : Uint256) = fun_f(__warp_subexpr_15, length)\n                                                         ^******************************^\n/home/greg/dev/nethermind/warp/tests/semantic/solidity/test/libsolidity/semanticTests/array/copying/array_of_structs_containing_arrays_calldata_to_storage.cairo.temp:652:5: (pc=0:4363)\n    copy_array_to_storage_from_array_struct_S_calldata_dyn_calldata_to_array_struct_S__dyn(\n    ^*************************************************************************************^\n/home/greg/dev/nethermind/warp/tests/semantic/solidity/test/libsolidity/semanticTests/array/copying/array_of_structs_containing_arrays_calldata_to_storage.cairo.temp:414:66: (pc=0:3486)\n    let (elementSlot : Uint256, i : Uint256, srcPtr : Uint256) = __warp_loop_4(\n                                                                 ^************^\n/home/greg/dev/nethermind/warp/tests/semantic/solidity/test/libsolidity/semanticTests/array/copying/array_of_structs_containing_arrays_calldata_to_storage.cairo.temp:364:66: (pc=0:3282)\n    let (elementSlot : Uint256, i : Uint256, srcPtr : Uint256) = __warp_loop_body_4(\n                                                                 ^*****************^\n/home/greg/dev/nethermind/warp/tests/semantic/solidity/test/libsolidity/semanticTests/array/copying/array_of_structs_containing_arrays_calldata_to_storage.cairo.temp:346:5: (pc=0:3194)\n    update_storage_value_struct_S_calldata_to_struct_S(elementSlot, __warp_subexpr_0)\n    ^*******************************************************************************^\n/home/greg/dev/nethermind/warp/tests/semantic/solidity/test/libsolidity/semanticTests/array/copying/array_of_structs_containing_arrays_calldata_to_storage.cairo.temp:319:36: (pc=0:3041)\n        memberValue_1 : Uint256) = access_calldata_tail_array_uint256_dyn_calldata(value, value)\n                                   ^***********************************************************^'})
------------------------------------------------------------------------------------------------------------------- Captured stdout call -------------------------------------------------------------------------------------------------------------------
{'callData': '0xf8a8fd6d', 'expectations': '0x0000000000000000000000000000000000000000000000000000000002000202', 'failure': False, 'signature': 'test()'}
{'callData': '0x922fff580000000000000000000000000000000000000000000000000000000000000020000000000000000000000000000000000000000000000000000000000000000300000000000000000000000000000000000000000000000000000000000000600000000000000000000000000000000000000000000000000000000000000060000000000000000000000000000000000000000000000000000000000000006000000000000000000000000000000000000000000000000000000000000000200000000000000000000000000000000000000000000000000000000000000003000000000000000000000000000000000000000000000000000000000000000100000000000000000000000000000000000000000000000000000000000000020000000000000000000000000000000000000000000000000000000000000003', 'expectations': '0x00000000000000000000000000000000000000000000000000000000000000030000000000000000000000000000000000000000000000000000000000000001', 'failure': False, 'signature': 'f((uint256[])[])'}
------------------------------------------------------------------------------------------------------------------- Captured stderr call -------------------------------------------------------------------------------------------------------------------
Warning: SPDX license identifier not provided in source file. Before publishing, consider adding a comment containing "SPDX-License-Identifier: <SPDX-License>" to each source file. Use "SPDX-License-Identifier: UNLICENSED" for non-open-source code. Please see https://spdx.org for more information.
--> tests/semantic/solidity/test/libsolidity/semanticTests/array/copying/storage_memory_nested_bytes_marked.sol

_____________________________________________________ test_semantics[/home/greg/dev/nethermind/warp/tests/semantic/solidity/test/libsolidity/semanticTests/array/copying/bytes_storage_to_storage.sol] _____________________________________________________
../../../warp_dev/lib/python3.7/site-packages/cairo_lang-0.6.2-py3.7.egg/starkware/starknet/business_logic/internal_transaction.py:539: in _run
    verify_secure=True,
../../../warp_dev/lib/python3.7/site-packages/cairo_lang-0.6.2-py3.7.egg/starkware/cairo/common/cairo_function_runner.py:199: in run_from_entrypoint
    self.run_until_pc(addr=end, run_resources=run_resources)
../../../warp_dev/lib/python3.7/site-packages/cairo_lang-0.6.2-py3.7.egg/starkware/cairo/lang/vm/cairo_runner.py:284: in run_until_pc
    self.vm_step()
../../../warp_dev/lib/python3.7/site-packages/cairo_lang-0.6.2-py3.7.egg/starkware/cairo/lang/vm/cairo_runner.py:298: in vm_step
    self.vm.step()
../../../warp_dev/lib/python3.7/site-packages/cairo_lang-0.6.2-py3.7.egg/starkware/cairo/lang/vm/virtual_machine_base.py:255: in step
    self.run_instruction(instruction)
../../../warp_dev/lib/python3.7/site-packages/cairo_lang-0.6.2-py3.7.egg/starkware/cairo/lang/vm/vm_core.py:422: in run_instruction
    raise self.as_vm_exception(exc) from None
E   starkware.cairo.lang.vm.vm_exceptions.VmException: /home/greg/dev/nethermind/warp/tests/semantic/solidity/test/libsolidity/semanticTests/array/copying/bytes_storage_to_storage.cairo.temp:218:9: Error at pc=0:3121:
E   An ASSERT_EQ instruction failed: 1 != 0.
E           assert 0 = 1
E           ^**********^
E   Cairo traceback (most recent call last):
E   /home/greg/dev/nethermind/warp/tests/semantic/solidity/test/libsolidity/semanticTests/array/copying/bytes_storage_to_storage.cairo.temp:53:6: (pc=0:2561)
E   func __main{
E        ^****^
E   /home/greg/dev/nethermind/warp/tests/semantic/solidity/test/libsolidity/semanticTests/array/copying/bytes_storage_to_storage.cairo.temp:67:9: (pc=0:2500)
E           __main_meat()
E           ^***********^
E   /home/greg/dev/nethermind/warp/tests/semantic/solidity/test/libsolidity/semanticTests/array/copying/bytes_storage_to_storage.cairo.temp:1282:5: (pc=0:6953)
E       __warp_if_16(__warp_subexpr_0)
E       ^****************************^
E   /home/greg/dev/nethermind/warp/tests/semantic/solidity/test/libsolidity/semanticTests/array/copying/bytes_storage_to_storage.cairo.temp:1266:9: (pc=0:6907)
E           __warp_block_27()
E           ^***************^
E   /home/greg/dev/nethermind/warp/tests/semantic/solidity/test/libsolidity/semanticTests/array/copying/bytes_storage_to_storage.cairo.temp:1256:5: (pc=0:6882)
E       __warp_if_17(__warp_subexpr_0)
E       ^****************************^
E   /home/greg/dev/nethermind/warp/tests/semantic/solidity/test/libsolidity/semanticTests/array/copying/bytes_storage_to_storage.cairo.temp:1241:9: (pc=0:6837)
E           __warp_block_28()
E           ^***************^
E   /home/greg/dev/nethermind/warp/tests/semantic/solidity/test/libsolidity/semanticTests/array/copying/bytes_storage_to_storage.cairo.temp:1223:31: (pc=0:6737)
E       let (var_i_1 : Uint256) = __warp_loop_1(expr_mpos, value, var_i_1)
E                                 ^**************************************^
E   /home/greg/dev/nethermind/warp/tests/semantic/solidity/test/libsolidity/semanticTests/array/copying/bytes_storage_to_storage.cairo.temp:637:31: (pc=0:4578)
E       let (var_i_1 : Uint256) = __warp_loop_body_1(expr_mpos, var_i_1)
E                                 ^************************************^
E   /home/greg/dev/nethermind/warp/tests/semantic/solidity/test/libsolidity/semanticTests/array/copying/bytes_storage_to_storage.cairo.temp:613:40: (pc=0:4464)
E       let (_2 : Uint256, _3 : Uint256) = storage_array_index_access_bytes(var_i_1)
E                                          ^***************************************^
E   /home/greg/dev/nethermind/warp/tests/semantic/solidity/test/libsolidity/semanticTests/array/copying/bytes_storage_to_storage.cairo.temp:559:35: (pc=0:4311)
E       let (arrayLength : Uint256) = extract_byte_array_length(__warp_subexpr_0)
E                                     ^*****************************************^

During handling of the above exception, another exception occurred:
tests/semantic/test_semantics.py:161: in test_semantics
    res = await invoke_method_evm_calldata(starknet, contract_address, argument)
../../../warp_dev/lib/python3.7/site-packages/sol_warp-0.2.12-py3.7.egg/yul/starknet_utils.py:30: in invoke_method_evm_calldata
    caller_address=0,
../../../warp_dev/lib/python3.7/site-packages/cairo_lang-0.6.2-py3.7.egg/starkware/starknet/testing/state.py:153: in invoke_raw
    state=state_copy, general_config=self.general_config
../../../warp_dev/lib/python3.7/site-packages/cairo_lang-0.6.2-py3.7.egg/starkware/starknet/business_logic/internal_transaction_interface.py:213: in apply_state_updates
    state=state_to_update, general_config=general_config
../../../warp_dev/lib/python3.7/site-packages/cairo_lang-0.6.2-py3.7.egg/starkware/starknet/business_logic/internal_transaction.py:405: in _apply_specific_state_updates
    func=_synchronous_apply_specific_state_updates,
/usr/lib/python3.7/concurrent/futures/thread.py:57: in run
    result = self.fn(*self.args, **self.kwargs)
../../../warp_dev/lib/python3.7/site-packages/cairo_lang-0.6.2-py3.7.egg/starkware/starknet/business_logic/internal_transaction.py:433: in _synchronous_apply_specific_state_updates
    run_resources=run_resources,
../../../warp_dev/lib/python3.7/site-packages/cairo_lang-0.6.2-py3.7.egg/starkware/starknet/business_logic/internal_transaction.py:559: in _run
    raise StarkException(code=code, message=str(exception))
E   starkware.starkware_utils.error_handling.StarkException: (500, {'code': <StarknetErrorCode.TRANSACTION_FAILED: 28>, 'message': '/home/greg/dev/nethermind/warp/tests/semantic/solidity/test/libsolidity/semanticTests/array/copying/bytes_storage_to_storage.cairo.temp:218:9: Error at pc=0:3121:\nAn ASSERT_EQ instruction failed: 1 != 0.\n        assert 0 = 1\n        ^**********^\nCairo traceback (most recent call last):\n/home/greg/dev/nethermind/warp/tests/semantic/solidity/test/libsolidity/semanticTests/array/copying/bytes_storage_to_storage.cairo.temp:53:6: (pc=0:2561)\nfunc __main{\n     ^****^\n/home/greg/dev/nethermind/warp/tests/semantic/solidity/test/libsolidity/semanticTests/array/copying/bytes_storage_to_storage.cairo.temp:67:9: (pc=0:2500)\n        __main_meat()\n        ^***********^\n/home/greg/dev/nethermind/warp/tests/semantic/solidity/test/libsolidity/semanticTests/array/copying/bytes_storage_to_storage.cairo.temp:1282:5: (pc=0:6953)\n    __warp_if_16(__warp_subexpr_0)\n    ^****************************^\n/home/greg/dev/nethermind/warp/tests/semantic/solidity/test/libsolidity/semanticTests/array/copying/bytes_storage_to_storage.cairo.temp:1266:9: (pc=0:6907)\n        __warp_block_27()\n        ^***************^\n/home/greg/dev/nethermind/warp/tests/semantic/solidity/test/libsolidity/semanticTests/array/copying/bytes_storage_to_storage.cairo.temp:1256:5: (pc=0:6882)\n    __warp_if_17(__warp_subexpr_0)\n    ^****************************^\n/home/greg/dev/nethermind/warp/tests/semantic/solidity/test/libsolidity/semanticTests/array/copying/bytes_storage_to_storage.cairo.temp:1241:9: (pc=0:6837)\n        __warp_block_28()\n        ^***************^\n/home/greg/dev/nethermind/warp/tests/semantic/solidity/test/libsolidity/semanticTests/array/copying/bytes_storage_to_storage.cairo.temp:1223:31: (pc=0:6737)\n    let (var_i_1 : Uint256) = __warp_loop_1(expr_mpos, value, var_i_1)\n                              ^**************************************^\n/home/greg/dev/nethermind/warp/tests/semantic/solidity/test/libsolidity/semanticTests/array/copying/bytes_storage_to_storage.cairo.temp:637:31: (pc=0:4578)\n    let (var_i_1 : Uint256) = __warp_loop_body_1(expr_mpos, var_i_1)\n                              ^************************************^\n/home/greg/dev/nethermind/warp/tests/semantic/solidity/test/libsolidity/semanticTests/array/copying/bytes_storage_to_storage.cairo.temp:613:40: (pc=0:4464)\n    let (_2 : Uint256, _3 : Uint256) = storage_array_index_access_bytes(var_i_1)\n                                       ^***************************************^\n/home/greg/dev/nethermind/warp/tests/semantic/solidity/test/libsolidity/semanticTests/array/copying/bytes_storage_to_storage.cairo.temp:559:35: (pc=0:4311)\n    let (arrayLength : Uint256) = extract_byte_array_length(__warp_subexpr_0)\n                                  ^*****************************************^'})
________________________________________________ test_semantics[/home/greg/dev/nethermind/warp/tests/semantic/solidity/test/libsolidity/semanticTests/array/copying/storage_memory_nested_from_pointer.sol] ________________________________________________
FAILURE: /home/greg/dev/nethermind/warp/tests/semantic/solidity/test/libsolidity/semanticTests/array/copying/storage_memory_nested_from_pointer.cairo.temp
assert '0x0000000000...ffffffffffff9' == '0x0000000000...0000000000007'
  - 0x0000000000000000000000000000000000000000000000000000000000000001000000000000000000000000000000000000000000000000000000000000000200000000000000000000000000000000000000000000000000000000000000030000000000000000000000000000000000000000000000000000000000000004000000000000000000000000000000000000000000000000000000000000000500000000000000000000000000000000000000000000000000000000000000060000000000000000000000000000000000000000000000000000000000000007
  + 0x0000000000000000000000000000000000000000000000ffffffffffffffffff0000000000000000000000000000000000000000000000ffffffffff...
  
  ...Full output truncated (1 line hidden), use '-vv' to show
tests/semantic/test_semantics.py:173 in test_semantics() -> check.equal(final_res, expected_result, cairo_file_path)
------------------------------------------------------------
Failed Checks: 1
______________________________________________________ test_semantics[/home/greg/dev/nethermind/warp/tests/semantic/solidity/test/libsolidity/semanticTests/array/copying/storage_memory_packed.sol] _______________________________________________________
FAILURE: /home/greg/dev/nethermind/warp/tests/semantic/solidity/test/libsolidity/semanticTests/array/copying/storage_memory_packed.cairo.temp
assert '0x0000000000...00000000000fc' == '0x0000000000...0000000000004'
  - 0x000000000000000000000000000000000000000000000000000000000000000200000000000000000000000000000000000000000000000000000000000000030000000000000000000000000000000000000000000000000000000000000004
  ?                                                                 ^^                                                              ^^                                                              ^^
  + 0x00000000000000000000000000000000000000000000000000000000000000fe00000000000000000000000000000000000000000000000000000000000000fd0000000000000000000000000000000000000000000000000000...
  
  ...Full output truncated (2 lines hidden), use '-vv' to show
tests/semantic/test_semantics.py:173 in test_semantics() -> check.equal(final_res, expected_result, cairo_file_path)
------------------------------------------------------------
Failed Checks: 1
______________________________________________________ test_semantics[/home/greg/dev/nethermind/warp/tests/semantic/solidity/test/libsolidity/semanticTests/array/copying/storage_memory_nested.sol] _______________________________________________________
FAILURE: /home/greg/dev/nethermind/warp/tests/semantic/solidity/test/libsolidity/semanticTests/array/copying/storage_memory_nested.cairo.temp
assert '0x0000000000...ffffffffffff9' == '0x0000000000...0000000000007'
  - 0x0000000000000000000000000000000000000000000000000000000000000001000000000000000000000000000000000000000000000000000000000000000200000000000000000000000000000000000000000000000000000000000000030000000000000000000000000000000000000000000000000000000000000004000000000000000000000000000000000000000000000000000000000000000500000000000000000000000000000000000000000000000000000000000000060000000000000000000000000000000000000000000000000000000000000007
  + 0x0000000000000000000000000000000000000000000000ffffffffffffffffff0000000000000000000000000000000000000000000000ffffffffff...
  
  ...Full output truncated (1 line hidden), use '-vv' to show
tests/semantic/test_semantics.py:173 in test_semantics() -> check.equal(final_res, expected_result, cairo_file_path)
------------------------------------------------------------
Failed Checks: 1
------------------------------------------------------------------------------------------------------------------- Captured stderr call -------------------------------------------------------------------------------------------------------------------
Warning: SPDX license identifier not provided in source file. Before publishing, consider adding a comment containing "SPDX-License-Identifier: <SPDX-License>" to each source file. Use "SPDX-License-Identifier: UNLICENSED" for non-open-source code. Please see https://spdx.org for more information.
--> tests/semantic/solidity/test/libsolidity/semanticTests/array/copying/bytes_calldata_to_string_calldata_marked.sol

Warning: Function state mutability can be restricted to pure
 --> tests/semantic/solidity/test/libsolidity/semanticTests/array/copying/bytes_calldata_to_string_calldata_marked.sol:3:5:
  |
3 |     function f(bytes calldata c) public returns (string calldata s) {
  |     ^ (Relevant source part starts here and spans across multiple lines).

Warning: SPDX license identifier not provided in source file. Before publishing, consider adding a comment containing "SPDX-License-Identifier: <SPDX-License>" to each source file. Use "SPDX-License-Identifier: UNLICENSED" for non-open-source code. Please see https://spdx.org for more information.
--> tests/semantic/solidity/test/libsolidity/semanticTests/array/copying/bytes_memory_to_storage_marked.sol

Warning: SPDX license identifier not provided in source file. Before publishing, consider adding a comment containing "SPDX-License-Identifier: <SPDX-License>" to each source file. Use "SPDX-License-Identifier: UNLICENSED" for non-open-source code. Please see https://spdx.org for more information.
--> tests/semantic/solidity/test/libsolidity/semanticTests/array/copying/array_copy_storage_storage_static_dynamic_marked.sol

_________________________________________________________ test_semantics[/home/greg/dev/nethermind/warp/tests/semantic/solidity/test/libsolidity/semanticTests/array/copying/empty_bytes_copy.sol] _________________________________________________________
../../../warp_dev/lib/python3.7/site-packages/cairo_lang-0.6.2-py3.7.egg/starkware/starknet/business_logic/internal_transaction.py:539: in _run
    verify_secure=True,
../../../warp_dev/lib/python3.7/site-packages/cairo_lang-0.6.2-py3.7.egg/starkware/cairo/common/cairo_function_runner.py:199: in run_from_entrypoint
    self.run_until_pc(addr=end, run_resources=run_resources)
../../../warp_dev/lib/python3.7/site-packages/cairo_lang-0.6.2-py3.7.egg/starkware/cairo/lang/vm/cairo_runner.py:284: in run_until_pc
    self.vm_step()
../../../warp_dev/lib/python3.7/site-packages/cairo_lang-0.6.2-py3.7.egg/starkware/cairo/lang/vm/cairo_runner.py:298: in vm_step
    self.vm.step()
../../../warp_dev/lib/python3.7/site-packages/cairo_lang-0.6.2-py3.7.egg/starkware/cairo/lang/vm/virtual_machine_base.py:255: in step
    self.run_instruction(instruction)
../../../warp_dev/lib/python3.7/site-packages/cairo_lang-0.6.2-py3.7.egg/starkware/cairo/lang/vm/vm_core.py:422: in run_instruction
    raise self.as_vm_exception(exc) from None
E   starkware.cairo.lang.vm.vm_exceptions.VmException: /home/greg/dev/nethermind/warp/tests/semantic/solidity/test/libsolidity/semanticTests/array/copying/empty_bytes_copy.cairo.temp:105:9: Error at pc=0:2490:
E   An ASSERT_EQ instruction failed: 1 != 0.
E           assert 0 = 1
E           ^**********^
E   Cairo traceback (most recent call last):
E   /home/greg/dev/nethermind/warp/tests/semantic/solidity/test/libsolidity/semanticTests/array/copying/empty_bytes_copy.cairo.temp:52:6: (pc=0:2354)
E   func __main{
E        ^****^
E   /home/greg/dev/nethermind/warp/tests/semantic/solidity/test/libsolidity/semanticTests/array/copying/empty_bytes_copy.cairo.temp:66:9: (pc=0:2293)
E           __main_meat()
E           ^***********^
E   /home/greg/dev/nethermind/warp/tests/semantic/solidity/test/libsolidity/semanticTests/array/copying/empty_bytes_copy.cairo.temp:1474:5: (pc=0:7264)
E       __warp_if_20(__warp_subexpr_0)
E       ^****************************^
E   /home/greg/dev/nethermind/warp/tests/semantic/solidity/test/libsolidity/semanticTests/array/copying/empty_bytes_copy.cairo.temp:1458:9: (pc=0:7218)
E           __warp_block_41()
E           ^***************^
E   /home/greg/dev/nethermind/warp/tests/semantic/solidity/test/libsolidity/semanticTests/array/copying/empty_bytes_copy.cairo.temp:1448:5: (pc=0:7193)
E       __warp_block_42()
E       ^***************^
E   /home/greg/dev/nethermind/warp/tests/semantic/solidity/test/libsolidity/semanticTests/array/copying/empty_bytes_copy.cairo.temp:1439:5: (pc=0:7180)
E       __warp_block_43(match_var)
E       ^************************^
E   /home/greg/dev/nethermind/warp/tests/semantic/solidity/test/libsolidity/semanticTests/array/copying/empty_bytes_copy.cairo.temp:1428:5: (pc=0:7145)
E       __warp_if_21(__warp_subexpr_0, match_var)
E       ^***************************************^
E   /home/greg/dev/nethermind/warp/tests/semantic/solidity/test/libsolidity/semanticTests/array/copying/empty_bytes_copy.cairo.temp:1417:9: (pc=0:7108)
E           __warp_block_45(match_var)
E           ^************************^
E   /home/greg/dev/nethermind/warp/tests/semantic/solidity/test/libsolidity/semanticTests/array/copying/empty_bytes_copy.cairo.temp:1404:5: (pc=0:7090)
E       __warp_if_22(__warp_subexpr_0, match_var)
E       ^***************************************^
E   /home/greg/dev/nethermind/warp/tests/semantic/solidity/test/libsolidity/semanticTests/array/copying/empty_bytes_copy.cairo.temp:1390:9: (pc=0:7064)
E           __warp_block_46()
E           ^***************^
E   /home/greg/dev/nethermind/warp/tests/semantic/solidity/test/libsolidity/semanticTests/array/copying/empty_bytes_copy.cairo.temp:1338:29: (pc=0:6866)
E       let (ret_1 : Uint256) = fun_fromMemory()
E                               ^**************^
E   /home/greg/dev/nethermind/warp/tests/semantic/solidity/test/libsolidity/semanticTests/array/copying/empty_bytes_copy.cairo.temp:1202:40: (pc=0:6245)
E       let (_5 : Uint256, _6 : Uint256) = array_push_zero_bytes_storage_ptr_1798()
E                                          ^**************************************^
E   /home/greg/dev/nethermind/warp/tests/semantic/solidity/test/libsolidity/semanticTests/array/copying/empty_bytes_copy.cairo.temp:985:35: (pc=0:5452)
E       let (arrayLength : Uint256) = extract_byte_array_length(__warp_subexpr_1)
E                                     ^*****************************************^

During handling of the above exception, another exception occurred:
tests/semantic/test_semantics.py:161: in test_semantics
    res = await invoke_method_evm_calldata(starknet, contract_address, argument)
../../../warp_dev/lib/python3.7/site-packages/sol_warp-0.2.12-py3.7.egg/yul/starknet_utils.py:30: in invoke_method_evm_calldata
    caller_address=0,
../../../warp_dev/lib/python3.7/site-packages/cairo_lang-0.6.2-py3.7.egg/starkware/starknet/testing/state.py:153: in invoke_raw
    state=state_copy, general_config=self.general_config
../../../warp_dev/lib/python3.7/site-packages/cairo_lang-0.6.2-py3.7.egg/starkware/starknet/business_logic/internal_transaction_interface.py:213: in apply_state_updates
    state=state_to_update, general_config=general_config
../../../warp_dev/lib/python3.7/site-packages/cairo_lang-0.6.2-py3.7.egg/starkware/starknet/business_logic/internal_transaction.py:405: in _apply_specific_state_updates
    func=_synchronous_apply_specific_state_updates,
/usr/lib/python3.7/concurrent/futures/thread.py:57: in run
    result = self.fn(*self.args, **self.kwargs)
../../../warp_dev/lib/python3.7/site-packages/cairo_lang-0.6.2-py3.7.egg/starkware/starknet/business_logic/internal_transaction.py:433: in _synchronous_apply_specific_state_updates
    run_resources=run_resources,
../../../warp_dev/lib/python3.7/site-packages/cairo_lang-0.6.2-py3.7.egg/starkware/starknet/business_logic/internal_transaction.py:559: in _run
    raise StarkException(code=code, message=str(exception))
E   starkware.starkware_utils.error_handling.StarkException: (500, {'code': <StarknetErrorCode.TRANSACTION_FAILED: 28>, 'message': '/home/greg/dev/nethermind/warp/tests/semantic/solidity/test/libsolidity/semanticTests/array/copying/empty_bytes_copy.cairo.temp:105:9: Error at pc=0:2490:\nAn ASSERT_EQ instruction failed: 1 != 0.\n        assert 0 = 1\n        ^**********^\nCairo traceback (most recent call last):\n/home/greg/dev/nethermind/warp/tests/semantic/solidity/test/libsolidity/semanticTests/array/copying/empty_bytes_copy.cairo.temp:52:6: (pc=0:2354)\nfunc __main{\n     ^****^\n/home/greg/dev/nethermind/warp/tests/semantic/solidity/test/libsolidity/semanticTests/array/copying/empty_bytes_copy.cairo.temp:66:9: (pc=0:2293)\n        __main_meat()\n        ^***********^\n/home/greg/dev/nethermind/warp/tests/semantic/solidity/test/libsolidity/semanticTests/array/copying/empty_bytes_copy.cairo.temp:1474:5: (pc=0:7264)\n    __warp_if_20(__warp_subexpr_0)\n    ^****************************^\n/home/greg/dev/nethermind/warp/tests/semantic/solidity/test/libsolidity/semanticTests/array/copying/empty_bytes_copy.cairo.temp:1458:9: (pc=0:7218)\n        __warp_block_41()\n        ^***************^\n/home/greg/dev/nethermind/warp/tests/semantic/solidity/test/libsolidity/semanticTests/array/copying/empty_bytes_copy.cairo.temp:1448:5: (pc=0:7193)\n    __warp_block_42()\n    ^***************^\n/home/greg/dev/nethermind/warp/tests/semantic/solidity/test/libsolidity/semanticTests/array/copying/empty_bytes_copy.cairo.temp:1439:5: (pc=0:7180)\n    __warp_block_43(match_var)\n    ^************************^\n/home/greg/dev/nethermind/warp/tests/semantic/solidity/test/libsolidity/semanticTests/array/copying/empty_bytes_copy.cairo.temp:1428:5: (pc=0:7145)\n    __warp_if_21(__warp_subexpr_0, match_var)\n    ^***************************************^\n/home/greg/dev/nethermind/warp/tests/semantic/solidity/test/libsolidity/semanticTests/array/copying/empty_bytes_copy.cairo.temp:1417:9: (pc=0:7108)\n        __warp_block_45(match_var)\n        ^************************^\n/home/greg/dev/nethermind/warp/tests/semantic/solidity/test/libsolidity/semanticTests/array/copying/empty_bytes_copy.cairo.temp:1404:5: (pc=0:7090)\n    __warp_if_22(__warp_subexpr_0, match_var)\n    ^***************************************^\n/home/greg/dev/nethermind/warp/tests/semantic/solidity/test/libsolidity/semanticTests/array/copying/empty_bytes_copy.cairo.temp:1390:9: (pc=0:7064)\n        __warp_block_46()\n        ^***************^\n/home/greg/dev/nethermind/warp/tests/semantic/solidity/test/libsolidity/semanticTests/array/copying/empty_bytes_copy.cairo.temp:1338:29: (pc=0:6866)\n    let (ret_1 : Uint256) = fun_fromMemory()\n                            ^**************^\n/home/greg/dev/nethermind/warp/tests/semantic/solidity/test/libsolidity/semanticTests/array/copying/empty_bytes_copy.cairo.temp:1202:40: (pc=0:6245)\n    let (_5 : Uint256, _6 : Uint256) = array_push_zero_bytes_storage_ptr_1798()\n                                       ^**************************************^\n/home/greg/dev/nethermind/warp/tests/semantic/solidity/test/libsolidity/semanticTests/array/copying/empty_bytes_copy.cairo.temp:985:35: (pc=0:5452)\n    let (arrayLength : Uint256) = extract_byte_array_length(__warp_subexpr_1)\n                                  ^*****************************************^'})
------------------------------------------------------------------------------------------------------------------- Captured stdout call -------------------------------------------------------------------------------------------------------------------
{'callData': '0xd45754f8000000000000000000000000000000000000000000000000000000000000002000000000000000000000000000000000000000000000000000000000000000206162636461626364616263646162636461626364616263646162636461626364', 'expectations': '0x0000000000000000000000000000000000000000000000000000000000000020000000000000000000000000000000000000000000000000000000000000002561626364616263646162636461626364616263646162636461626364616263646263646566000000000000000000000000000000000000000000000000000000', 'failure': False, 'signature': 'f(bytes)'}
{'callData': '0xc0b88415000000000000000000000000000000000000000000000000000000000000002000000000000000000000000000000000000000000000000000000000000000206162636461626364616263646162636461626364616263646162636461626364', 'expectations': '0x00000000000000000000000000000000000000000000000000000000000000200000000000000000000000000000000000000000000000000000000000000042616263646162636461626364616263646162636461626364616263646162636461626364656667686162636465666768616263646566676861626364656667686162000000000000000000000000000000000000000000000000000000000000', 'failure': False, 'signature': 'g(bytes)'}
{'callData': '0xb2e4ec10000000000000000000000000000000000000000000000000000000000000002000000000000000000000000000000000000000000000000000000000000000206162636461626364616263646162636461626364616263646162636461626364', 'expectations': '0x0000000000000000000000000000000000000000000000000000000000000020000000000000000000000000000000000000000000000000000000000000002561626364616263646162636461626364616263646162636461626364616263646263646566000000000000000000000000000000000000000000000000000000', 'failure': False, 'signature': 'h(bytes)'}
{'callData': '0xb6f14865000000000000000000000000000000000000000000000000000000000000002000000000000000000000000000000000000000000000000000000000000000206162636461626364616263646162636461626364616263646162636461626364', 'expectations': '0x0000000000000000000000000000000000000000000000000000000000000020000000000000000000000000000000000000000000000000000000000000002a61626364616263646162636461626364616263646162636461626364616263646263646566626364656600000000000000000000000000000000000000000000', 'failure': False, 'signature': 'j(bytes)'}
{'callData': '0xb677bd85000000000000000000000000000000000000000000000000000000000000004000000000000000000000000000000000000000000000000000000000000000800000000000000000000000000000000000000000000000000000000000000020616263646162636461626364616263646162636461626364616263646162636400000000000000000000000000000000000000000000000000000000000000056263646566000000000000000000000000000000000000000000000000000000', 'expectations': '0x0000000000000000000000000000000000000000000000000000000000000020000000000000000000000000000000000000000000000000000000000000002561626364616263646162636461626364616263646162636461626364616263646263646566000000000000000000000000000000000000000000000000000000', 'failure': False, 'signature': 'k(bytes,string)'}
{'callData': '0x56e4024a000000000000000000000000000000000000000000000000000000000000002000000000000000000000000000000000000000000000000000000000000000046162636400000000000000000000000000000000000000000000000000000000', 'expectations': '0x000000000000000000000000000000000000000000000000000000000000002000000000000000000000000000000000000000000000000000000000000000046162636400000000000000000000000000000000000000000000000000000000', 'failure': False, 'signature': 'slice(bytes)'}
{'callData': '0x1f8f4700000000000000000000000000000000000000000000000000000000000000002000000000000000000000000000000000000000000000000000000000000000206162636461626364616263646162636461626364616263646162636461626364', 'expectations': '0x0000000000000000000000000000000000000000000000000000000000000020000000000000000000000000000000000000000000000000000000000000002561626364616263646162636461626364616263646162636461626364616263646263646566000000000000000000000000000000000000000000000000000000', 'failure': False, 'signature': 'strParam(string)'}
{'callData': '0x16b4da06616162626363646465656666676768680000000000000000000000000000000061626364656667686162636465666700000000000000000000000000000000003031323334353637383930313233343536373839303132333435363738393000', 'expectations': '0x000000000000000000000000000000000000000000000000000000000000008000000000000000000000000000000000000000000000000000000000000000c000000000000000000000000000000000000000000000000000000000000001200000000000000000000000000000000000000000000000000000000000000160000000000000000000000000000000000000000000000000000000000000001f6161626263636464656566666767686861626364656667686162636465666700000000000000000000000000000000000000000000000000000000000000002f616162626363646465656666676768683031323334353637383930313233343536373839303132333435363738393000000000000000000000000000000000000000000000000000000000000000000000000000000000000000000000000015616162626363646465656666676768686263646566000000000000000000000000000000000000000000000000000000000000000000000000000000000000156161626263636464656566666767686862636465660000000000000000000000', 'failure': False, 'signature': 'fixedBytesParam(bytes16,bytes15,bytes31)'}
{'callData': '0x0f507bb6', 'expectations': '0x0000000000000000000000000000000000000000000000000000000000000000', 'failure': False, 'signature': 'fromMemory()'}
------------------------------------------------------------------------------------------------------------------- Captured stderr call -------------------------------------------------------------------------------------------------------------------
Warning: SPDX license identifier not provided in source file. Before publishing, consider adding a comment containing "SPDX-License-Identifier: <SPDX-License>" to each source file. Use "SPDX-License-Identifier: UNLICENSED" for non-open-source code. Please see https://spdx.org for more information.
--> tests/semantic/solidity/test/libsolidity/semanticTests/array/copying/array_storage_multi_items_per_slot_marked.sol

_________________________________________ test_semantics[/home/greg/dev/nethermind/warp/tests/semantic/solidity/test/libsolidity/semanticTests/array/copying/array_copy_storage_storage_different_base_nested.sol] _________________________________________
../../../warp_dev/lib/python3.7/site-packages/cairo_lang-0.6.2-py3.7.egg/starkware/starknet/business_logic/internal_transaction.py:539: in _run
    verify_secure=True,
../../../warp_dev/lib/python3.7/site-packages/cairo_lang-0.6.2-py3.7.egg/starkware/cairo/common/cairo_function_runner.py:199: in run_from_entrypoint
    self.run_until_pc(addr=end, run_resources=run_resources)
../../../warp_dev/lib/python3.7/site-packages/cairo_lang-0.6.2-py3.7.egg/starkware/cairo/lang/vm/cairo_runner.py:284: in run_until_pc
    self.vm_step()
../../../warp_dev/lib/python3.7/site-packages/cairo_lang-0.6.2-py3.7.egg/starkware/cairo/lang/vm/cairo_runner.py:298: in vm_step
    self.vm.step()
../../../warp_dev/lib/python3.7/site-packages/cairo_lang-0.6.2-py3.7.egg/starkware/cairo/lang/vm/virtual_machine_base.py:255: in step
    self.run_instruction(instruction)
../../../warp_dev/lib/python3.7/site-packages/cairo_lang-0.6.2-py3.7.egg/starkware/cairo/lang/vm/vm_core.py:422: in run_instruction
    raise self.as_vm_exception(exc) from None
E   starkware.cairo.lang.vm.vm_exceptions.VmException: /home/greg/dev/nethermind/warp/tests/semantic/solidity/test/libsolidity/semanticTests/array/copying/array_copy_storage_storage_different_base_nested.cairo.temp:558:9: Error at pc=0:3846:
E   An ASSERT_EQ instruction failed: 1 != 0.
E           assert 0 = 1
E           ^**********^
E   Cairo traceback (most recent call last):
E   /home/greg/dev/nethermind/warp/tests/semantic/solidity/test/libsolidity/semanticTests/array/copying/array_copy_storage_storage_different_base_nested.cairo.temp:51:6: (pc=0:2102)
E   func __main{
E        ^****^
E   /home/greg/dev/nethermind/warp/tests/semantic/solidity/test/libsolidity/semanticTests/array/copying/array_copy_storage_storage_different_base_nested.cairo.temp:65:9: (pc=0:2041)
E           __main_meat()
E           ^***********^
E   /home/greg/dev/nethermind/warp/tests/semantic/solidity/test/libsolidity/semanticTests/array/copying/array_copy_storage_storage_different_base_nested.cairo.temp:666:5: (pc=0:4227)
E       __warp_if_2(__warp_subexpr_0)
E       ^***************************^
E   /home/greg/dev/nethermind/warp/tests/semantic/solidity/test/libsolidity/semanticTests/array/copying/array_copy_storage_storage_different_base_nested.cairo.temp:650:9: (pc=0:4181)
E           __warp_block_0()
E           ^**************^
E   /home/greg/dev/nethermind/warp/tests/semantic/solidity/test/libsolidity/semanticTests/array/copying/array_copy_storage_storage_different_base_nested.cairo.temp:640:5: (pc=0:4156)
E       __warp_if_3(__warp_subexpr_0)
E       ^***************************^
E   /home/greg/dev/nethermind/warp/tests/semantic/solidity/test/libsolidity/semanticTests/array/copying/array_copy_storage_storage_different_base_nested.cairo.temp:625:9: (pc=0:4111)
E           __warp_block_1()
E           ^**************^
E   /home/greg/dev/nethermind/warp/tests/semantic/solidity/test/libsolidity/semanticTests/array/copying/array_copy_storage_storage_different_base_nested.cairo.temp:609:5: (pc=0:4022)
E       assert_helper(__warp_subexpr_4)
E       ^*****************************^

During handling of the above exception, another exception occurred:
tests/semantic/test_semantics.py:161: in test_semantics
    res = await invoke_method_evm_calldata(starknet, contract_address, argument)
../../../warp_dev/lib/python3.7/site-packages/sol_warp-0.2.12-py3.7.egg/yul/starknet_utils.py:30: in invoke_method_evm_calldata
    caller_address=0,
../../../warp_dev/lib/python3.7/site-packages/cairo_lang-0.6.2-py3.7.egg/starkware/starknet/testing/state.py:153: in invoke_raw
    state=state_copy, general_config=self.general_config
../../../warp_dev/lib/python3.7/site-packages/cairo_lang-0.6.2-py3.7.egg/starkware/starknet/business_logic/internal_transaction_interface.py:213: in apply_state_updates
    state=state_to_update, general_config=general_config
../../../warp_dev/lib/python3.7/site-packages/cairo_lang-0.6.2-py3.7.egg/starkware/starknet/business_logic/internal_transaction.py:405: in _apply_specific_state_updates
    func=_synchronous_apply_specific_state_updates,
/usr/lib/python3.7/concurrent/futures/thread.py:57: in run
    result = self.fn(*self.args, **self.kwargs)
../../../warp_dev/lib/python3.7/site-packages/cairo_lang-0.6.2-py3.7.egg/starkware/starknet/business_logic/internal_transaction.py:433: in _synchronous_apply_specific_state_updates
    run_resources=run_resources,
../../../warp_dev/lib/python3.7/site-packages/cairo_lang-0.6.2-py3.7.egg/starkware/starknet/business_logic/internal_transaction.py:559: in _run
    raise StarkException(code=code, message=str(exception))
E   starkware.starkware_utils.error_handling.StarkException: (500, {'code': <StarknetErrorCode.TRANSACTION_FAILED: 28>, 'message': '/home/greg/dev/nethermind/warp/tests/semantic/solidity/test/libsolidity/semanticTests/array/copying/array_copy_storage_storage_different_base_nested.cairo.temp:558:9: Error at pc=0:3846:\nAn ASSERT_EQ instruction failed: 1 != 0.\n        assert 0 = 1\n        ^**********^\nCairo traceback (most recent call last):\n/home/greg/dev/nethermind/warp/tests/semantic/solidity/test/libsolidity/semanticTests/array/copying/array_copy_storage_storage_different_base_nested.cairo.temp:51:6: (pc=0:2102)\nfunc __main{\n     ^****^\n/home/greg/dev/nethermind/warp/tests/semantic/solidity/test/libsolidity/semanticTests/array/copying/array_copy_storage_storage_different_base_nested.cairo.temp:65:9: (pc=0:2041)\n        __main_meat()\n        ^***********^\n/home/greg/dev/nethermind/warp/tests/semantic/solidity/test/libsolidity/semanticTests/array/copying/array_copy_storage_storage_different_base_nested.cairo.temp:666:5: (pc=0:4227)\n    __warp_if_2(__warp_subexpr_0)\n    ^***************************^\n/home/greg/dev/nethermind/warp/tests/semantic/solidity/test/libsolidity/semanticTests/array/copying/array_copy_storage_storage_different_base_nested.cairo.temp:650:9: (pc=0:4181)\n        __warp_block_0()\n        ^**************^\n/home/greg/dev/nethermind/warp/tests/semantic/solidity/test/libsolidity/semanticTests/array/copying/array_copy_storage_storage_different_base_nested.cairo.temp:640:5: (pc=0:4156)\n    __warp_if_3(__warp_subexpr_0)\n    ^***************************^\n/home/greg/dev/nethermind/warp/tests/semantic/solidity/test/libsolidity/semanticTests/array/copying/array_copy_storage_storage_different_base_nested.cairo.temp:625:9: (pc=0:4111)\n        __warp_block_1()\n        ^**************^\n/home/greg/dev/nethermind/warp/tests/semantic/solidity/test/libsolidity/semanticTests/array/copying/array_copy_storage_storage_different_base_nested.cairo.temp:609:5: (pc=0:4022)\n    assert_helper(__warp_subexpr_4)\n    ^*****************************^'})
------------------------------------------------------------------------------------------------------------------- Captured stderr call -------------------------------------------------------------------------------------------------------------------
Warning: SPDX license identifier not provided in source file. Before publishing, consider adding a comment containing "SPDX-License-Identifier: <SPDX-License>" to each source file. Use "SPDX-License-Identifier: UNLICENSED" for non-open-source code. Please see https://spdx.org for more information.
--> tests/semantic/solidity/test/libsolidity/semanticTests/array/copying/array_copy_nested_array_marked.sol

Warning: This declaration shadows an existing declaration.
 --> tests/semantic/solidity/test/libsolidity/semanticTests/array/copying/array_copy_nested_array_marked.sol:5:5:
  |
5 |     uint256[][] c;
  |     ^^^^^^^^^^^^^
Note: The shadowed declaration is here:
 --> tests/semantic/solidity/test/libsolidity/semanticTests/array/copying/array_copy_nested_array_marked.sol:2:1:
  |
2 | contract c {
  | ^ (Relevant source part starts here and spans across multiple lines).

__________________________________________________ test_semantics[/home/greg/dev/nethermind/warp/tests/semantic/solidity/test/libsolidity/semanticTests/array/copying/calldata_bytes_array_to_memory.sol] __________________________________________________
../../../warp_dev/lib/python3.7/site-packages/cairo_lang-0.6.2-py3.7.egg/starkware/starknet/business_logic/internal_transaction.py:539: in _run
    verify_secure=True,
../../../warp_dev/lib/python3.7/site-packages/cairo_lang-0.6.2-py3.7.egg/starkware/cairo/common/cairo_function_runner.py:199: in run_from_entrypoint
    self.run_until_pc(addr=end, run_resources=run_resources)
../../../warp_dev/lib/python3.7/site-packages/cairo_lang-0.6.2-py3.7.egg/starkware/cairo/lang/vm/cairo_runner.py:284: in run_until_pc
    self.vm_step()
../../../warp_dev/lib/python3.7/site-packages/cairo_lang-0.6.2-py3.7.egg/starkware/cairo/lang/vm/cairo_runner.py:298: in vm_step
    self.vm.step()
../../../warp_dev/lib/python3.7/site-packages/cairo_lang-0.6.2-py3.7.egg/starkware/cairo/lang/vm/virtual_machine_base.py:255: in step
    self.run_instruction(instruction)
../../../warp_dev/lib/python3.7/site-packages/cairo_lang-0.6.2-py3.7.egg/starkware/cairo/lang/vm/vm_core.py:422: in run_instruction
    raise self.as_vm_exception(exc) from None
E   starkware.cairo.lang.vm.vm_exceptions.VmException: /home/greg/dev/nethermind/warp/tests/semantic/solidity/test/libsolidity/semanticTests/array/copying/calldata_bytes_array_to_memory.cairo.temp:101:9: Error at pc=0:2303:
E   An ASSERT_EQ instruction failed: 1 != 0.
E           assert 0 = 1
E           ^**********^
E   Cairo traceback (most recent call last):
E   /home/greg/dev/nethermind/warp/tests/semantic/solidity/test/libsolidity/semanticTests/array/copying/calldata_bytes_array_to_memory.cairo.temp:35:6: (pc=0:2117)
E   func __main{bitwise_ptr : BitwiseBuiltin*, range_check_ptr}(
E        ^****^
E   /home/greg/dev/nethermind/warp/tests/semantic/solidity/test/libsolidity/semanticTests/array/copying/calldata_bytes_array_to_memory.cairo.temp:48:9: (pc=0:2062)
E           __main_meat()
E           ^***********^
E   /home/greg/dev/nethermind/warp/tests/semantic/solidity/test/libsolidity/semanticTests/array/copying/calldata_bytes_array_to_memory.cairo.temp:314:5: (pc=0:3222)
E       __warp_if_1(__warp_subexpr_0)
E       ^***************************^
E   /home/greg/dev/nethermind/warp/tests/semantic/solidity/test/libsolidity/semanticTests/array/copying/calldata_bytes_array_to_memory.cairo.temp:299:9: (pc=0:3178)
E           __warp_block_1()
E           ^**************^
E   /home/greg/dev/nethermind/warp/tests/semantic/solidity/test/libsolidity/semanticTests/array/copying/calldata_bytes_array_to_memory.cairo.temp:290:5: (pc=0:3157)
E       __warp_if_2(__warp_subexpr_0)
E       ^***************************^
E   /home/greg/dev/nethermind/warp/tests/semantic/solidity/test/libsolidity/semanticTests/array/copying/calldata_bytes_array_to_memory.cairo.temp:276:9: (pc=0:3114)
E           __warp_block_2()
E           ^**************^
E   /home/greg/dev/nethermind/warp/tests/semantic/solidity/test/libsolidity/semanticTests/array/copying/calldata_bytes_array_to_memory.cairo.temp:261:75: (pc=0:3039)
E       let (ret__warp_mangled : Uint256, ret_1 : Uint256, ret_2 : Uint256) = fun_f(
E                                                                             ^****^

During handling of the above exception, another exception occurred:
tests/semantic/test_semantics.py:161: in test_semantics
    res = await invoke_method_evm_calldata(starknet, contract_address, argument)
../../../warp_dev/lib/python3.7/site-packages/sol_warp-0.2.12-py3.7.egg/yul/starknet_utils.py:30: in invoke_method_evm_calldata
    caller_address=0,
../../../warp_dev/lib/python3.7/site-packages/cairo_lang-0.6.2-py3.7.egg/starkware/starknet/testing/state.py:153: in invoke_raw
    state=state_copy, general_config=self.general_config
../../../warp_dev/lib/python3.7/site-packages/cairo_lang-0.6.2-py3.7.egg/starkware/starknet/business_logic/internal_transaction_interface.py:213: in apply_state_updates
    state=state_to_update, general_config=general_config
../../../warp_dev/lib/python3.7/site-packages/cairo_lang-0.6.2-py3.7.egg/starkware/starknet/business_logic/internal_transaction.py:405: in _apply_specific_state_updates
    func=_synchronous_apply_specific_state_updates,
/usr/lib/python3.7/concurrent/futures/thread.py:57: in run
    result = self.fn(*self.args, **self.kwargs)
../../../warp_dev/lib/python3.7/site-packages/cairo_lang-0.6.2-py3.7.egg/starkware/starknet/business_logic/internal_transaction.py:433: in _synchronous_apply_specific_state_updates
    run_resources=run_resources,
../../../warp_dev/lib/python3.7/site-packages/cairo_lang-0.6.2-py3.7.egg/starkware/starknet/business_logic/internal_transaction.py:559: in _run
    raise StarkException(code=code, message=str(exception))
E   starkware.starkware_utils.error_handling.StarkException: (500, {'code': <StarknetErrorCode.TRANSACTION_FAILED: 28>, 'message': '/home/greg/dev/nethermind/warp/tests/semantic/solidity/test/libsolidity/semanticTests/array/copying/calldata_bytes_array_to_memory.cairo.temp:101:9: Error at pc=0:2303:\nAn ASSERT_EQ instruction failed: 1 != 0.\n        assert 0 = 1\n        ^**********^\nCairo traceback (most recent call last):\n/home/greg/dev/nethermind/warp/tests/semantic/solidity/test/libsolidity/semanticTests/array/copying/calldata_bytes_array_to_memory.cairo.temp:35:6: (pc=0:2117)\nfunc __main{bitwise_ptr : BitwiseBuiltin*, range_check_ptr}(\n     ^****^\n/home/greg/dev/nethermind/warp/tests/semantic/solidity/test/libsolidity/semanticTests/array/copying/calldata_bytes_array_to_memory.cairo.temp:48:9: (pc=0:2062)\n        __main_meat()\n        ^***********^\n/home/greg/dev/nethermind/warp/tests/semantic/solidity/test/libsolidity/semanticTests/array/copying/calldata_bytes_array_to_memory.cairo.temp:314:5: (pc=0:3222)\n    __warp_if_1(__warp_subexpr_0)\n    ^***************************^\n/home/greg/dev/nethermind/warp/tests/semantic/solidity/test/libsolidity/semanticTests/array/copying/calldata_bytes_array_to_memory.cairo.temp:299:9: (pc=0:3178)\n        __warp_block_1()\n        ^**************^\n/home/greg/dev/nethermind/warp/tests/semantic/solidity/test/libsolidity/semanticTests/array/copying/calldata_bytes_array_to_memory.cairo.temp:290:5: (pc=0:3157)\n    __warp_if_2(__warp_subexpr_0)\n    ^***************************^\n/home/greg/dev/nethermind/warp/tests/semantic/solidity/test/libsolidity/semanticTests/array/copying/calldata_bytes_array_to_memory.cairo.temp:276:9: (pc=0:3114)\n        __warp_block_2()\n        ^**************^\n/home/greg/dev/nethermind/warp/tests/semantic/solidity/test/libsolidity/semanticTests/array/copying/calldata_bytes_array_to_memory.cairo.temp:261:75: (pc=0:3039)\n    let (ret__warp_mangled : Uint256, ret_1 : Uint256, ret_2 : Uint256) = fun_f(\n                                                                          ^****^'})
------------------------------------------------------------------------------------------------------------------- Captured stdout call -------------------------------------------------------------------------------------------------------------------
{'callData': '0xd0b47c0400000000000000000000000000000000000000000000000000000000000000200000000000000000000000000000000000000000000000000000000000000001000000000000000000000000000000000000000000000000000000000000002000000000000000000000000000000000000000000000000000000000000000026162000000000000000000000000000000000000000000000000000000000000', 'expectations': '0x00000000000000000000000000000000000000000000000000000000000000010000000000000000000000000000000000000000000000000000000000000002000000000000000000000000000000000000000000000000000000000000006000000000000000000000000000000000000000000000000000000000000000026162000000000000000000000000000000000000000000000000000000000000', 'failure': False, 'signature': 'f(bytes[])'}
{'callData': '0xd0b47c0400000000000000000000000000000000000000000000000000000000000000200000000000000000000000000000000000000000000000000000000000000001000000000000000000000000000000000000000000000000000000000000002000000000000000000000000000000000000000000000000000000000000000207878787878787878787878787878787878787878787878787878787878787878', 'expectations': '0x00000000000000000000000000000000000000000000000000000000000000010000000000000000000000000000000000000000000000000000000000000020000000000000000000000000000000000000000000000000000000000000006000000000000000000000000000000000000000000000000000000000000000207878787878787878787878787878787878787878787878787878787878787878', 'failure': False, 'signature': 'f(bytes[])'}
------------------------------------------------------------------------------------------------------------------- Captured stderr call -------------------------------------------------------------------------------------------------------------------
Warning: SPDX license identifier not provided in source file. Before publishing, consider adding a comment containing "SPDX-License-Identifier: <SPDX-License>" to each source file. Use "SPDX-License-Identifier: UNLICENSED" for non-open-source code. Please see https://spdx.org for more information.
--> tests/semantic/solidity/test/libsolidity/semanticTests/array/copying/array_of_structs_containing_arrays_memory_to_storage_marked.sol

____________________________ test_semantics[/home/greg/dev/nethermind/warp/tests/semantic/solidity/test/libsolidity/semanticTests/array/copying/array_of_function_external_storage_to_storage_dynamic_different_mutability.sol] ____________________________
tests/semantic/test_semantics.py:123: in test_semantics
    constructor_args, contract_expectations = get_expectations(contract_file)
tests/semantic/test_semantics.py:102: in get_expectations
    expectations = test_calldata[contract_path]
E   KeyError: './scripts/../test/libsolidity/semanticTests/array/copying/array_of_function_external_storage_to_storage_dynamic_different_mutability.sol'
___________________________________________________ test_semantics[/home/greg/dev/nethermind/warp/tests/semantic/solidity/test/libsolidity/semanticTests/array/copying/array_copy_memory_to_storage.sol] ___________________________________________________
../../../warp_dev/lib/python3.7/site-packages/cairo_lang-0.6.2-py3.7.egg/starkware/starknet/business_logic/internal_transaction.py:539: in _run
    verify_secure=True,
../../../warp_dev/lib/python3.7/site-packages/cairo_lang-0.6.2-py3.7.egg/starkware/cairo/common/cairo_function_runner.py:199: in run_from_entrypoint
    self.run_until_pc(addr=end, run_resources=run_resources)
../../../warp_dev/lib/python3.7/site-packages/cairo_lang-0.6.2-py3.7.egg/starkware/cairo/lang/vm/cairo_runner.py:284: in run_until_pc
    self.vm_step()
../../../warp_dev/lib/python3.7/site-packages/cairo_lang-0.6.2-py3.7.egg/starkware/cairo/lang/vm/cairo_runner.py:298: in vm_step
    self.vm.step()
../../../warp_dev/lib/python3.7/site-packages/cairo_lang-0.6.2-py3.7.egg/starkware/cairo/lang/vm/virtual_machine_base.py:255: in step
    self.run_instruction(instruction)
../../../warp_dev/lib/python3.7/site-packages/cairo_lang-0.6.2-py3.7.egg/starkware/cairo/lang/vm/vm_core.py:422: in run_instruction
    raise self.as_vm_exception(exc) from None
E   starkware.cairo.lang.vm.vm_exceptions.VmException: /home/greg/dev/nethermind/warp/tests/semantic/solidity/test/libsolidity/semanticTests/array/copying/array_copy_memory_to_storage.cairo.temp:419:9: Error at pc=0:3682:
E   An ASSERT_EQ instruction failed: 1 != 0.
E           assert 0 = 1
E           ^**********^
E   Cairo traceback (most recent call last):
E   /home/greg/dev/nethermind/warp/tests/semantic/solidity/test/libsolidity/semanticTests/array/copying/array_copy_memory_to_storage.cairo.temp:52:6: (pc=0:2354)
E   func __main{
E        ^****^
E   /home/greg/dev/nethermind/warp/tests/semantic/solidity/test/libsolidity/semanticTests/array/copying/array_copy_memory_to_storage.cairo.temp:66:9: (pc=0:2293)
E           __main_meat()
E           ^***********^
E   /home/greg/dev/nethermind/warp/tests/semantic/solidity/test/libsolidity/semanticTests/array/copying/array_copy_memory_to_storage.cairo.temp:960:5: (pc=0:5968)
E       __warp_if_8(__warp_subexpr_0)
E       ^***************************^
E   /home/greg/dev/nethermind/warp/tests/semantic/solidity/test/libsolidity/semanticTests/array/copying/array_copy_memory_to_storage.cairo.temp:944:9: (pc=0:5922)
E           __warp_block_5()
E           ^**************^
E   /home/greg/dev/nethermind/warp/tests/semantic/solidity/test/libsolidity/semanticTests/array/copying/array_copy_memory_to_storage.cairo.temp:934:5: (pc=0:5897)
E       __warp_block_6(match_var)
E       ^***********************^
E   /home/greg/dev/nethermind/warp/tests/semantic/solidity/test/libsolidity/semanticTests/array/copying/array_copy_memory_to_storage.cairo.temp:923:5: (pc=0:5862)
E       __warp_if_9(__warp_subexpr_0, match_var)
E       ^**************************************^
E   /home/greg/dev/nethermind/warp/tests/semantic/solidity/test/libsolidity/semanticTests/array/copying/array_copy_memory_to_storage.cairo.temp:909:9: (pc=0:5836)
E           __warp_block_7()
E           ^**************^
E   /home/greg/dev/nethermind/warp/tests/semantic/solidity/test/libsolidity/semanticTests/array/copying/array_copy_memory_to_storage.cairo.temp:834:5: (pc=0:5445)
E       assert_helper(__warp_subexpr_9)
E       ^*****************************^

During handling of the above exception, another exception occurred:
tests/semantic/test_semantics.py:161: in test_semantics
    res = await invoke_method_evm_calldata(starknet, contract_address, argument)
../../../warp_dev/lib/python3.7/site-packages/sol_warp-0.2.12-py3.7.egg/yul/starknet_utils.py:30: in invoke_method_evm_calldata
    caller_address=0,
../../../warp_dev/lib/python3.7/site-packages/cairo_lang-0.6.2-py3.7.egg/starkware/starknet/testing/state.py:153: in invoke_raw
    state=state_copy, general_config=self.general_config
../../../warp_dev/lib/python3.7/site-packages/cairo_lang-0.6.2-py3.7.egg/starkware/starknet/business_logic/internal_transaction_interface.py:213: in apply_state_updates
    state=state_to_update, general_config=general_config
../../../warp_dev/lib/python3.7/site-packages/cairo_lang-0.6.2-py3.7.egg/starkware/starknet/business_logic/internal_transaction.py:405: in _apply_specific_state_updates
    func=_synchronous_apply_specific_state_updates,
/usr/lib/python3.7/concurrent/futures/thread.py:57: in run
    result = self.fn(*self.args, **self.kwargs)
../../../warp_dev/lib/python3.7/site-packages/cairo_lang-0.6.2-py3.7.egg/starkware/starknet/business_logic/internal_transaction.py:433: in _synchronous_apply_specific_state_updates
    run_resources=run_resources,
../../../warp_dev/lib/python3.7/site-packages/cairo_lang-0.6.2-py3.7.egg/starkware/starknet/business_logic/internal_transaction.py:559: in _run
    raise StarkException(code=code, message=str(exception))
E   starkware.starkware_utils.error_handling.StarkException: (500, {'code': <StarknetErrorCode.TRANSACTION_FAILED: 28>, 'message': '/home/greg/dev/nethermind/warp/tests/semantic/solidity/test/libsolidity/semanticTests/array/copying/array_copy_memory_to_storage.cairo.temp:419:9: Error at pc=0:3682:\nAn ASSERT_EQ instruction failed: 1 != 0.\n        assert 0 = 1\n        ^**********^\nCairo traceback (most recent call last):\n/home/greg/dev/nethermind/warp/tests/semantic/solidity/test/libsolidity/semanticTests/array/copying/array_copy_memory_to_storage.cairo.temp:52:6: (pc=0:2354)\nfunc __main{\n     ^****^\n/home/greg/dev/nethermind/warp/tests/semantic/solidity/test/libsolidity/semanticTests/array/copying/array_copy_memory_to_storage.cairo.temp:66:9: (pc=0:2293)\n        __main_meat()\n        ^***********^\n/home/greg/dev/nethermind/warp/tests/semantic/solidity/test/libsolidity/semanticTests/array/copying/array_copy_memory_to_storage.cairo.temp:960:5: (pc=0:5968)\n    __warp_if_8(__warp_subexpr_0)\n    ^***************************^\n/home/greg/dev/nethermind/warp/tests/semantic/solidity/test/libsolidity/semanticTests/array/copying/array_copy_memory_to_storage.cairo.temp:944:9: (pc=0:5922)\n        __warp_block_5()\n        ^**************^\n/home/greg/dev/nethermind/warp/tests/semantic/solidity/test/libsolidity/semanticTests/array/copying/array_copy_memory_to_storage.cairo.temp:934:5: (pc=0:5897)\n    __warp_block_6(match_var)\n    ^***********************^\n/home/greg/dev/nethermind/warp/tests/semantic/solidity/test/libsolidity/semanticTests/array/copying/array_copy_memory_to_storage.cairo.temp:923:5: (pc=0:5862)\n    __warp_if_9(__warp_subexpr_0, match_var)\n    ^**************************************^\n/home/greg/dev/nethermind/warp/tests/semantic/solidity/test/libsolidity/semanticTests/array/copying/array_copy_memory_to_storage.cairo.temp:909:9: (pc=0:5836)\n        __warp_block_7()\n        ^**************^\n/home/greg/dev/nethermind/warp/tests/semantic/solidity/test/libsolidity/semanticTests/array/copying/array_copy_memory_to_storage.cairo.temp:834:5: (pc=0:5445)\n    assert_helper(__warp_subexpr_9)\n    ^*****************************^'})
------------------------------------------------------------------------------------------------------------------- Captured stdout call -------------------------------------------------------------------------------------------------------------------
{'callData': '0x26121ff0', 'expectations': '0x00000000000000000000000000000000000000000000000000000000000000010000000000000000000000000000000000000000000000000000000000000003', 'failure': False, 'signature': 'f()'}
------------------------------------------------------------------------------------------------------------------- Captured stderr call -------------------------------------------------------------------------------------------------------------------
Warning: SPDX license identifier not provided in source file. Before publishing, consider adding a comment containing "SPDX-License-Identifier: <SPDX-License>" to each source file. Use "SPDX-License-Identifier: UNLICENSED" for non-open-source code. Please see https://spdx.org for more information.
--> tests/semantic/solidity/test/libsolidity/semanticTests/array/copying/arrays_from_and_to_storage_marked.sol

Warning: Function state mutability can be restricted to view
 --> tests/semantic/solidity/test/libsolidity/semanticTests/array/copying/arrays_from_and_to_storage_marked.sol:8:5:
  |
8 |     function get() public returns (uint24[] memory) {
  |     ^ (Relevant source part starts here and spans across multiple lines).

_____________________________________________________ test_semantics[/home/greg/dev/nethermind/warp/tests/semantic/solidity/test/libsolidity/semanticTests/array/copying/bytes_memory_to_storage.sol] ______________________________________________________
../../../warp_dev/lib/python3.7/site-packages/cairo_lang-0.6.2-py3.7.egg/starkware/starknet/business_logic/internal_transaction.py:539: in _run
    verify_secure=True,
../../../warp_dev/lib/python3.7/site-packages/cairo_lang-0.6.2-py3.7.egg/starkware/cairo/common/cairo_function_runner.py:199: in run_from_entrypoint
    self.run_until_pc(addr=end, run_resources=run_resources)
../../../warp_dev/lib/python3.7/site-packages/cairo_lang-0.6.2-py3.7.egg/starkware/cairo/lang/vm/cairo_runner.py:284: in run_until_pc
    self.vm_step()
../../../warp_dev/lib/python3.7/site-packages/cairo_lang-0.6.2-py3.7.egg/starkware/cairo/lang/vm/cairo_runner.py:298: in vm_step
    self.vm.step()
../../../warp_dev/lib/python3.7/site-packages/cairo_lang-0.6.2-py3.7.egg/starkware/cairo/lang/vm/virtual_machine_base.py:255: in step
    self.run_instruction(instruction)
../../../warp_dev/lib/python3.7/site-packages/cairo_lang-0.6.2-py3.7.egg/starkware/cairo/lang/vm/vm_core.py:422: in run_instruction
    raise self.as_vm_exception(exc) from None
E   starkware.cairo.lang.vm.vm_exceptions.VmException: /home/greg/dev/nethermind/warp/tests/semantic/solidity/test/libsolidity/semanticTests/array/copying/bytes_memory_to_storage.cairo.temp:105:9: Error at pc=0:2324:
E   An ASSERT_EQ instruction failed: 1 != 0.
E           assert 0 = 1
E           ^**********^
E   Cairo traceback (most recent call last):
E   /home/greg/dev/nethermind/warp/tests/semantic/solidity/test/libsolidity/semanticTests/array/copying/bytes_memory_to_storage.cairo.temp:52:6: (pc=0:2188)
E   func __main{
E        ^****^
E   /home/greg/dev/nethermind/warp/tests/semantic/solidity/test/libsolidity/semanticTests/array/copying/bytes_memory_to_storage.cairo.temp:66:9: (pc=0:2127)
E           __main_meat()
E           ^***********^
E   /home/greg/dev/nethermind/warp/tests/semantic/solidity/test/libsolidity/semanticTests/array/copying/bytes_memory_to_storage.cairo.temp:324:5: (pc=0:3112)
E       __warp_if_2(__warp_subexpr_0)
E       ^***************************^
E   /home/greg/dev/nethermind/warp/tests/semantic/solidity/test/libsolidity/semanticTests/array/copying/bytes_memory_to_storage.cairo.temp:308:9: (pc=0:3066)
E           __warp_block_2()
E           ^**************^
E   /home/greg/dev/nethermind/warp/tests/semantic/solidity/test/libsolidity/semanticTests/array/copying/bytes_memory_to_storage.cairo.temp:298:5: (pc=0:3041)
E       __warp_if_3(__warp_subexpr_0)
E       ^***************************^
E   /home/greg/dev/nethermind/warp/tests/semantic/solidity/test/libsolidity/semanticTests/array/copying/bytes_memory_to_storage.cairo.temp:283:9: (pc=0:2996)
E           __warp_block_3()
E           ^**************^
E   /home/greg/dev/nethermind/warp/tests/semantic/solidity/test/libsolidity/semanticTests/array/copying/bytes_memory_to_storage.cairo.temp:267:40: (pc=0:2902)
E       let (_4 : Uint256, _5 : Uint256) = storage_array_index_access_bytes()
E                                          ^********************************^
E   /home/greg/dev/nethermind/warp/tests/semantic/solidity/test/libsolidity/semanticTests/array/copying/bytes_memory_to_storage.cairo.temp:185:35: (pc=0:2541)
E       let (arrayLength : Uint256) = extract_byte_array_length(__warp_subexpr_0)
E                                     ^*****************************************^

During handling of the above exception, another exception occurred:
tests/semantic/test_semantics.py:161: in test_semantics
    res = await invoke_method_evm_calldata(starknet, contract_address, argument)
../../../warp_dev/lib/python3.7/site-packages/sol_warp-0.2.12-py3.7.egg/yul/starknet_utils.py:30: in invoke_method_evm_calldata
    caller_address=0,
../../../warp_dev/lib/python3.7/site-packages/cairo_lang-0.6.2-py3.7.egg/starkware/starknet/testing/state.py:153: in invoke_raw
    state=state_copy, general_config=self.general_config
../../../warp_dev/lib/python3.7/site-packages/cairo_lang-0.6.2-py3.7.egg/starkware/starknet/business_logic/internal_transaction_interface.py:213: in apply_state_updates
    state=state_to_update, general_config=general_config
../../../warp_dev/lib/python3.7/site-packages/cairo_lang-0.6.2-py3.7.egg/starkware/starknet/business_logic/internal_transaction.py:405: in _apply_specific_state_updates
    func=_synchronous_apply_specific_state_updates,
/usr/lib/python3.7/concurrent/futures/thread.py:57: in run
    result = self.fn(*self.args, **self.kwargs)
../../../warp_dev/lib/python3.7/site-packages/cairo_lang-0.6.2-py3.7.egg/starkware/starknet/business_logic/internal_transaction.py:433: in _synchronous_apply_specific_state_updates
    run_resources=run_resources,
../../../warp_dev/lib/python3.7/site-packages/cairo_lang-0.6.2-py3.7.egg/starkware/starknet/business_logic/internal_transaction.py:559: in _run
    raise StarkException(code=code, message=str(exception))
E   starkware.starkware_utils.error_handling.StarkException: (500, {'code': <StarknetErrorCode.TRANSACTION_FAILED: 28>, 'message': '/home/greg/dev/nethermind/warp/tests/semantic/solidity/test/libsolidity/semanticTests/array/copying/bytes_memory_to_storage.cairo.temp:105:9: Error at pc=0:2324:\nAn ASSERT_EQ instruction failed: 1 != 0.\n        assert 0 = 1\n        ^**********^\nCairo traceback (most recent call last):\n/home/greg/dev/nethermind/warp/tests/semantic/solidity/test/libsolidity/semanticTests/array/copying/bytes_memory_to_storage.cairo.temp:52:6: (pc=0:2188)\nfunc __main{\n     ^****^\n/home/greg/dev/nethermind/warp/tests/semantic/solidity/test/libsolidity/semanticTests/array/copying/bytes_memory_to_storage.cairo.temp:66:9: (pc=0:2127)\n        __main_meat()\n        ^***********^\n/home/greg/dev/nethermind/warp/tests/semantic/solidity/test/libsolidity/semanticTests/array/copying/bytes_memory_to_storage.cairo.temp:324:5: (pc=0:3112)\n    __warp_if_2(__warp_subexpr_0)\n    ^***************************^\n/home/greg/dev/nethermind/warp/tests/semantic/solidity/test/libsolidity/semanticTests/array/copying/bytes_memory_to_storage.cairo.temp:308:9: (pc=0:3066)\n        __warp_block_2()\n        ^**************^\n/home/greg/dev/nethermind/warp/tests/semantic/solidity/test/libsolidity/semanticTests/array/copying/bytes_memory_to_storage.cairo.temp:298:5: (pc=0:3041)\n    __warp_if_3(__warp_subexpr_0)\n    ^***************************^\n/home/greg/dev/nethermind/warp/tests/semantic/solidity/test/libsolidity/semanticTests/array/copying/bytes_memory_to_storage.cairo.temp:283:9: (pc=0:2996)\n        __warp_block_3()\n        ^**************^\n/home/greg/dev/nethermind/warp/tests/semantic/solidity/test/libsolidity/semanticTests/array/copying/bytes_memory_to_storage.cairo.temp:267:40: (pc=0:2902)\n    let (_4 : Uint256, _5 : Uint256) = storage_array_index_access_bytes()\n                                       ^********************************^\n/home/greg/dev/nethermind/warp/tests/semantic/solidity/test/libsolidity/semanticTests/array/copying/bytes_memory_to_storage.cairo.temp:185:35: (pc=0:2541)\n    let (arrayLength : Uint256) = extract_byte_array_length(__warp_subexpr_0)\n                                  ^*****************************************^'})
------------------------------------------------------------------------------------------------------------------- Captured stdout call -------------------------------------------------------------------------------------------------------------------
{'callData': '0x26121ff0', 'expectations': '0x6100000000000000000000000000000000000000000000000000000000000000', 'failure': False, 'signature': 'f()'}
__________________________________________________ test_semantics[/home/greg/dev/nethermind/warp/tests/semantic/solidity/test/libsolidity/semanticTests/array/copying/array_copy_storage_abi_signed.sol] ___________________________________________________
FAILURE: /home/greg/dev/nethermind/warp/tests/semantic/solidity/test/libsolidity/semanticTests/array/copying/array_copy_storage_abi_signed.cairo.temp
assert '0x0000000000...0000000000001' == '0x0000000000...fffffffffffff'
  - 0x00000000000000000000000000000000000000000000000000000000000000200000000000000000000000000000000000000000000000000000000000000008ffffffffffffffffffffffffffffffffffffffffffffffffffffffffffffffffffffffffffffffffffffffffffffffffffffffffffffffffffffffffffffffff0000000000000000000000000000000000000000000000000000000000000008fffffffffffffffffffffffffffffffffffffffffffffffffffffffffffffff0fffffffffffffffffffffffffffffffffffffffffffffffffffffffffffffffe0000000000000000000000000000000000000000000000000000000000000006000000000000000000000000000000000000000000000000000000000000...
  
  ...Full output truncated (2 lines hidden), use '-vv' to show
tests/semantic/test_semantics.py:173 in test_semantics() -> check.equal(final_res, expected_result, cairo_file_path)
------------------------------------------------------------
Failed Checks: 1
________________________________________________ test_semantics[/home/greg/dev/nethermind/warp/tests/semantic/solidity/test/libsolidity/semanticTests/array/copying/array_storage_multi_items_per_slot.sol] ________________________________________________
FAILURE: /home/greg/dev/nethermind/warp/tests/semantic/solidity/test/libsolidity/semanticTests/array/copying/array_storage_multi_items_per_slot.cairo.temp
assert '0x0000000000...ffffffffffffd' == '0x0000000000...0000000000003'
  - 0x000000000000000000000000000000000000000000000000000000000000000100000000000000000000000000000000000000000000000000000000000000020000000000000000000000000000000000000000000000000000000000000003
  ?                                                                 ^^                                                        ^^^^^^^^                                  ^^^^^^^^^^^^^^^^^^^^^^^^^^^^^^
  + 0x00000000000000000000000000000000000000000000000000000000000000ff00000000000000000000000000000000000000000000000000000000fffffffe0000000000000000000000000000000000ffffffffffffffffff...
  
  ...Full output truncated (2 lines hidden), use '-vv' to show
tests/semantic/test_semantics.py:173 in test_semantics() -> check.equal(final_res, expected_result, cairo_file_path)
------------------------------------------------------------
Failed Checks: 1
------------------------------------------------------------------------------------------------------------------- Captured stdout call -------------------------------------------------------------------------------------------------------------------
{'callData': '0x26121ff0', 'expectations': '0x000000000000000000000000000000000000000000000000000000000000000100000000000000000000000000000000000000000000000000000000000000020000000000000000000000000000000000000000000000000000000000000003', 'failure': False, 'signature': 'f()'}
------------------------------------------------------------------------------------------------------------------- Captured stderr call -------------------------------------------------------------------------------------------------------------------
Warning: SPDX license identifier not provided in source file. Before publishing, consider adding a comment containing "SPDX-License-Identifier: <SPDX-License>" to each source file. Use "SPDX-License-Identifier: UNLICENSED" for non-open-source code. Please see https://spdx.org for more information.
--> tests/semantic/solidity/test/libsolidity/semanticTests/array/copying/array_nested_memory_to_storage_marked.sol

Warning: SPDX license identifier not provided in source file. Before publishing, consider adding a comment containing "SPDX-License-Identifier: <SPDX-License>" to each source file. Use "SPDX-License-Identifier: UNLICENSED" for non-open-source code. Please see https://spdx.org for more information.
--> tests/semantic/solidity/test/libsolidity/semanticTests/array/copying/calldata_dynamic_array_to_memory_marked.sol

Warning: Function state mutability can be restricted to pure
 --> tests/semantic/solidity/test/libsolidity/semanticTests/array/copying/calldata_dynamic_array_to_memory_marked.sol:4:5:
  |
4 |     function f(uint256[][] calldata a)
  |     ^ (Relevant source part starts here and spans across multiple lines).

Warning: SPDX license identifier not provided in source file. Before publishing, consider adding a comment containing "SPDX-License-Identifier: <SPDX-License>" to each source file. Use "SPDX-License-Identifier: UNLICENSED" for non-open-source code. Please see https://spdx.org for more information.
--> tests/semantic/solidity/test/libsolidity/semanticTests/array/copying/bytes_storage_to_memory_marked.sol

Warning: Function state mutability can be restricted to view
 --> tests/semantic/solidity/test/libsolidity/semanticTests/array/copying/bytes_storage_to_memory_marked.sol:4:3:
  |
4 |   function f() external returns (bytes1) {
  |   ^ (Relevant source part starts here and spans across multiple lines).

_______________________________________________ test_semantics[/home/greg/dev/nethermind/warp/tests/semantic/solidity/test/libsolidity/semanticTests/array/copying/copy_byte_array_in_struct_to_storage.sol] _______________________________________________
../../../warp_dev/lib/python3.7/site-packages/cairo_lang-0.6.2-py3.7.egg/starkware/starknet/business_logic/internal_transaction.py:539: in _run
    verify_secure=True,
../../../warp_dev/lib/python3.7/site-packages/cairo_lang-0.6.2-py3.7.egg/starkware/cairo/common/cairo_function_runner.py:199: in run_from_entrypoint
    self.run_until_pc(addr=end, run_resources=run_resources)
../../../warp_dev/lib/python3.7/site-packages/cairo_lang-0.6.2-py3.7.egg/starkware/cairo/lang/vm/cairo_runner.py:284: in run_until_pc
    self.vm_step()
../../../warp_dev/lib/python3.7/site-packages/cairo_lang-0.6.2-py3.7.egg/starkware/cairo/lang/vm/cairo_runner.py:298: in vm_step
    self.vm.step()
../../../warp_dev/lib/python3.7/site-packages/cairo_lang-0.6.2-py3.7.egg/starkware/cairo/lang/vm/virtual_machine_base.py:255: in step
    self.run_instruction(instruction)
../../../warp_dev/lib/python3.7/site-packages/cairo_lang-0.6.2-py3.7.egg/starkware/cairo/lang/vm/vm_core.py:422: in run_instruction
    raise self.as_vm_exception(exc) from None
E   starkware.cairo.lang.vm.vm_exceptions.VmException: /home/greg/dev/nethermind/warp/tests/semantic/solidity/test/libsolidity/semanticTests/array/copying/copy_byte_array_in_struct_to_storage.cairo.temp:199:9: Error at pc=0:2774:
E   An ASSERT_EQ instruction failed: 1 != 0.
E           assert 0 = 1
E           ^**********^
E   Cairo traceback (most recent call last):
E   /home/greg/dev/nethermind/warp/tests/semantic/solidity/test/libsolidity/semanticTests/array/copying/copy_byte_array_in_struct_to_storage.cairo.temp:52:6: (pc=0:2188)
E   func __main{
E        ^****^
E   /home/greg/dev/nethermind/warp/tests/semantic/solidity/test/libsolidity/semanticTests/array/copying/copy_byte_array_in_struct_to_storage.cairo.temp:66:9: (pc=0:2127)
E           __main_meat()
E           ^***********^
E   /home/greg/dev/nethermind/warp/tests/semantic/solidity/test/libsolidity/semanticTests/array/copying/copy_byte_array_in_struct_to_storage.cairo.temp:1730:5: (pc=0:8522)
E       __warp_if_19(__warp_subexpr_0)
E       ^****************************^
E   /home/greg/dev/nethermind/warp/tests/semantic/solidity/test/libsolidity/semanticTests/array/copying/copy_byte_array_in_struct_to_storage.cairo.temp:1714:9: (pc=0:8476)
E           __warp_block_31()
E           ^***************^
E   /home/greg/dev/nethermind/warp/tests/semantic/solidity/test/libsolidity/semanticTests/array/copying/copy_byte_array_in_struct_to_storage.cairo.temp:1704:5: (pc=0:8451)
E       __warp_block_32()
E       ^***************^
E   /home/greg/dev/nethermind/warp/tests/semantic/solidity/test/libsolidity/semanticTests/array/copying/copy_byte_array_in_struct_to_storage.cairo.temp:1695:5: (pc=0:8438)
E       __warp_block_33(match_var)
E       ^************************^
E   /home/greg/dev/nethermind/warp/tests/semantic/solidity/test/libsolidity/semanticTests/array/copying/copy_byte_array_in_struct_to_storage.cairo.temp:1684:5: (pc=0:8403)
E       __warp_if_20(__warp_subexpr_0, match_var)
E       ^***************************************^
E   /home/greg/dev/nethermind/warp/tests/semantic/solidity/test/libsolidity/semanticTests/array/copying/copy_byte_array_in_struct_to_storage.cairo.temp:1670:9: (pc=0:8377)
E           __warp_block_34()
E           ^***************^
E   /home/greg/dev/nethermind/warp/tests/semantic/solidity/test/libsolidity/semanticTests/array/copying/copy_byte_array_in_struct_to_storage.cairo.temp:1578:33: (pc=0:8035)
E       let (var__mpos : Uint256) = copy_array_from_storage_to_memory_bytes()
E                                   ^***************************************^
E   /home/greg/dev/nethermind/warp/tests/semantic/solidity/test/libsolidity/semanticTests/array/copying/copy_byte_array_in_struct_to_storage.cairo.temp:767:30: (pc=0:4782)
E       let (length : Uint256) = extract_byte_array_length(slotValue)
E                                ^**********************************^

During handling of the above exception, another exception occurred:
tests/semantic/test_semantics.py:161: in test_semantics
    res = await invoke_method_evm_calldata(starknet, contract_address, argument)
../../../warp_dev/lib/python3.7/site-packages/sol_warp-0.2.12-py3.7.egg/yul/starknet_utils.py:30: in invoke_method_evm_calldata
    caller_address=0,
../../../warp_dev/lib/python3.7/site-packages/cairo_lang-0.6.2-py3.7.egg/starkware/starknet/testing/state.py:153: in invoke_raw
    state=state_copy, general_config=self.general_config
../../../warp_dev/lib/python3.7/site-packages/cairo_lang-0.6.2-py3.7.egg/starkware/starknet/business_logic/internal_transaction_interface.py:213: in apply_state_updates
    state=state_to_update, general_config=general_config
../../../warp_dev/lib/python3.7/site-packages/cairo_lang-0.6.2-py3.7.egg/starkware/starknet/business_logic/internal_transaction.py:405: in _apply_specific_state_updates
    func=_synchronous_apply_specific_state_updates,
/usr/lib/python3.7/concurrent/futures/thread.py:57: in run
    result = self.fn(*self.args, **self.kwargs)
../../../warp_dev/lib/python3.7/site-packages/cairo_lang-0.6.2-py3.7.egg/starkware/starknet/business_logic/internal_transaction.py:433: in _synchronous_apply_specific_state_updates
    run_resources=run_resources,
../../../warp_dev/lib/python3.7/site-packages/cairo_lang-0.6.2-py3.7.egg/starkware/starknet/business_logic/internal_transaction.py:559: in _run
    raise StarkException(code=code, message=str(exception))
E   starkware.starkware_utils.error_handling.StarkException: (500, {'code': <StarknetErrorCode.TRANSACTION_FAILED: 28>, 'message': '/home/greg/dev/nethermind/warp/tests/semantic/solidity/test/libsolidity/semanticTests/array/copying/copy_byte_array_in_struct_to_storage.cairo.temp:199:9: Error at pc=0:2774:\nAn ASSERT_EQ instruction failed: 1 != 0.\n        assert 0 = 1\n        ^**********^\nCairo traceback (most recent call last):\n/home/greg/dev/nethermind/warp/tests/semantic/solidity/test/libsolidity/semanticTests/array/copying/copy_byte_array_in_struct_to_storage.cairo.temp:52:6: (pc=0:2188)\nfunc __main{\n     ^****^\n/home/greg/dev/nethermind/warp/tests/semantic/solidity/test/libsolidity/semanticTests/array/copying/copy_byte_array_in_struct_to_storage.cairo.temp:66:9: (pc=0:2127)\n        __main_meat()\n        ^***********^\n/home/greg/dev/nethermind/warp/tests/semantic/solidity/test/libsolidity/semanticTests/array/copying/copy_byte_array_in_struct_to_storage.cairo.temp:1730:5: (pc=0:8522)\n    __warp_if_19(__warp_subexpr_0)\n    ^****************************^\n/home/greg/dev/nethermind/warp/tests/semantic/solidity/test/libsolidity/semanticTests/array/copying/copy_byte_array_in_struct_to_storage.cairo.temp:1714:9: (pc=0:8476)\n        __warp_block_31()\n        ^***************^\n/home/greg/dev/nethermind/warp/tests/semantic/solidity/test/libsolidity/semanticTests/array/copying/copy_byte_array_in_struct_to_storage.cairo.temp:1704:5: (pc=0:8451)\n    __warp_block_32()\n    ^***************^\n/home/greg/dev/nethermind/warp/tests/semantic/solidity/test/libsolidity/semanticTests/array/copying/copy_byte_array_in_struct_to_storage.cairo.temp:1695:5: (pc=0:8438)\n    __warp_block_33(match_var)\n    ^************************^\n/home/greg/dev/nethermind/warp/tests/semantic/solidity/test/libsolidity/semanticTests/array/copying/copy_byte_array_in_struct_to_storage.cairo.temp:1684:5: (pc=0:8403)\n    __warp_if_20(__warp_subexpr_0, match_var)\n    ^***************************************^\n/home/greg/dev/nethermind/warp/tests/semantic/solidity/test/libsolidity/semanticTests/array/copying/copy_byte_array_in_struct_to_storage.cairo.temp:1670:9: (pc=0:8377)\n        __warp_block_34()\n        ^***************^\n/home/greg/dev/nethermind/warp/tests/semantic/solidity/test/libsolidity/semanticTests/array/copying/copy_byte_array_in_struct_to_storage.cairo.temp:1578:33: (pc=0:8035)\n    let (var__mpos : Uint256) = copy_array_from_storage_to_memory_bytes()\n                                ^***************************************^\n/home/greg/dev/nethermind/warp/tests/semantic/solidity/test/libsolidity/semanticTests/array/copying/copy_byte_array_in_struct_to_storage.cairo.temp:767:30: (pc=0:4782)\n    let (length : Uint256) = extract_byte_array_length(slotValue)\n                             ^**********************************^'})
____________________________________________________ test_semantics[/home/greg/dev/nethermind/warp/tests/semantic/solidity/test/libsolidity/semanticTests/array/copying/calldata_bytes_to_storage.sol] _____________________________________________________
../../../warp_dev/lib/python3.7/site-packages/cairo_lang-0.6.2-py3.7.egg/starkware/starknet/business_logic/internal_transaction.py:539: in _run
    verify_secure=True,
../../../warp_dev/lib/python3.7/site-packages/cairo_lang-0.6.2-py3.7.egg/starkware/cairo/common/cairo_function_runner.py:199: in run_from_entrypoint
    self.run_until_pc(addr=end, run_resources=run_resources)
../../../warp_dev/lib/python3.7/site-packages/cairo_lang-0.6.2-py3.7.egg/starkware/cairo/lang/vm/cairo_runner.py:284: in run_until_pc
    self.vm_step()
../../../warp_dev/lib/python3.7/site-packages/cairo_lang-0.6.2-py3.7.egg/starkware/cairo/lang/vm/cairo_runner.py:298: in vm_step
    self.vm.step()
../../../warp_dev/lib/python3.7/site-packages/cairo_lang-0.6.2-py3.7.egg/starkware/cairo/lang/vm/virtual_machine_base.py:255: in step
    self.run_instruction(instruction)
../../../warp_dev/lib/python3.7/site-packages/cairo_lang-0.6.2-py3.7.egg/starkware/cairo/lang/vm/vm_core.py:422: in run_instruction
    raise self.as_vm_exception(exc) from None
E   starkware.cairo.lang.vm.vm_exceptions.VmException: /home/greg/dev/nethermind/warp/tests/semantic/solidity/test/libsolidity/semanticTests/array/copying/calldata_bytes_to_storage.cairo.temp:105:9: Error at pc=0:2324:
E   An ASSERT_EQ instruction failed: 1 != 0.
E           assert 0 = 1
E           ^**********^
E   Cairo traceback (most recent call last):
E   /home/greg/dev/nethermind/warp/tests/semantic/solidity/test/libsolidity/semanticTests/array/copying/calldata_bytes_to_storage.cairo.temp:52:6: (pc=0:2188)
E   func __main{
E        ^****^
E   /home/greg/dev/nethermind/warp/tests/semantic/solidity/test/libsolidity/semanticTests/array/copying/calldata_bytes_to_storage.cairo.temp:66:9: (pc=0:2127)
E           __main_meat()
E           ^***********^
E   /home/greg/dev/nethermind/warp/tests/semantic/solidity/test/libsolidity/semanticTests/array/copying/calldata_bytes_to_storage.cairo.temp:566:5: (pc=0:3933)
E       __warp_if_7(__warp_subexpr_0)
E       ^***************************^
E   /home/greg/dev/nethermind/warp/tests/semantic/solidity/test/libsolidity/semanticTests/array/copying/calldata_bytes_to_storage.cairo.temp:550:9: (pc=0:3887)
E           __warp_block_9()
E           ^**************^
E   /home/greg/dev/nethermind/warp/tests/semantic/solidity/test/libsolidity/semanticTests/array/copying/calldata_bytes_to_storage.cairo.temp:540:5: (pc=0:3862)
E       __warp_if_8(__warp_subexpr_0)
E       ^***************************^
E   /home/greg/dev/nethermind/warp/tests/semantic/solidity/test/libsolidity/semanticTests/array/copying/calldata_bytes_to_storage.cairo.temp:525:9: (pc=0:3817)
E           __warp_block_10()
E           ^***************^
E   /home/greg/dev/nethermind/warp/tests/semantic/solidity/test/libsolidity/semanticTests/array/copying/calldata_bytes_to_storage.cairo.temp:511:41: (pc=0:3742)
E       let (ret__warp_mangled : Uint256) = fun_f(__warp_subexpr_14, length)
E                                           ^******************************^
E   /home/greg/dev/nethermind/warp/tests/semantic/solidity/test/libsolidity/semanticTests/array/copying/calldata_bytes_to_storage.cairo.temp:449:40: (pc=0:3475)
E       let (_2 : Uint256, _3 : Uint256) = storage_array_index_access_bytes()
E                                          ^********************************^
E   /home/greg/dev/nethermind/warp/tests/semantic/solidity/test/libsolidity/semanticTests/array/copying/calldata_bytes_to_storage.cairo.temp:287:35: (pc=0:2928)
E       let (arrayLength : Uint256) = extract_byte_array_length(__warp_subexpr_0)
E                                     ^*****************************************^

During handling of the above exception, another exception occurred:
tests/semantic/test_semantics.py:161: in test_semantics
    res = await invoke_method_evm_calldata(starknet, contract_address, argument)
../../../warp_dev/lib/python3.7/site-packages/sol_warp-0.2.12-py3.7.egg/yul/starknet_utils.py:30: in invoke_method_evm_calldata
    caller_address=0,
../../../warp_dev/lib/python3.7/site-packages/cairo_lang-0.6.2-py3.7.egg/starkware/starknet/testing/state.py:153: in invoke_raw
    state=state_copy, general_config=self.general_config
../../../warp_dev/lib/python3.7/site-packages/cairo_lang-0.6.2-py3.7.egg/starkware/starknet/business_logic/internal_transaction_interface.py:213: in apply_state_updates
    state=state_to_update, general_config=general_config
../../../warp_dev/lib/python3.7/site-packages/cairo_lang-0.6.2-py3.7.egg/starkware/starknet/business_logic/internal_transaction.py:405: in _apply_specific_state_updates
    func=_synchronous_apply_specific_state_updates,
/usr/lib/python3.7/concurrent/futures/thread.py:57: in run
    result = self.fn(*self.args, **self.kwargs)
../../../warp_dev/lib/python3.7/site-packages/cairo_lang-0.6.2-py3.7.egg/starkware/starknet/business_logic/internal_transaction.py:433: in _synchronous_apply_specific_state_updates
    run_resources=run_resources,
../../../warp_dev/lib/python3.7/site-packages/cairo_lang-0.6.2-py3.7.egg/starkware/starknet/business_logic/internal_transaction.py:559: in _run
    raise StarkException(code=code, message=str(exception))
E   starkware.starkware_utils.error_handling.StarkException: (500, {'code': <StarknetErrorCode.TRANSACTION_FAILED: 28>, 'message': '/home/greg/dev/nethermind/warp/tests/semantic/solidity/test/libsolidity/semanticTests/array/copying/calldata_bytes_to_storage.cairo.temp:105:9: Error at pc=0:2324:\nAn ASSERT_EQ instruction failed: 1 != 0.\n        assert 0 = 1\n        ^**********^\nCairo traceback (most recent call last):\n/home/greg/dev/nethermind/warp/tests/semantic/solidity/test/libsolidity/semanticTests/array/copying/calldata_bytes_to_storage.cairo.temp:52:6: (pc=0:2188)\nfunc __main{\n     ^****^\n/home/greg/dev/nethermind/warp/tests/semantic/solidity/test/libsolidity/semanticTests/array/copying/calldata_bytes_to_storage.cairo.temp:66:9: (pc=0:2127)\n        __main_meat()\n        ^***********^\n/home/greg/dev/nethermind/warp/tests/semantic/solidity/test/libsolidity/semanticTests/array/copying/calldata_bytes_to_storage.cairo.temp:566:5: (pc=0:3933)\n    __warp_if_7(__warp_subexpr_0)\n    ^***************************^\n/home/greg/dev/nethermind/warp/tests/semantic/solidity/test/libsolidity/semanticTests/array/copying/calldata_bytes_to_storage.cairo.temp:550:9: (pc=0:3887)\n        __warp_block_9()\n        ^**************^\n/home/greg/dev/nethermind/warp/tests/semantic/solidity/test/libsolidity/semanticTests/array/copying/calldata_bytes_to_storage.cairo.temp:540:5: (pc=0:3862)\n    __warp_if_8(__warp_subexpr_0)\n    ^***************************^\n/home/greg/dev/nethermind/warp/tests/semantic/solidity/test/libsolidity/semanticTests/array/copying/calldata_bytes_to_storage.cairo.temp:525:9: (pc=0:3817)\n        __warp_block_10()\n        ^***************^\n/home/greg/dev/nethermind/warp/tests/semantic/solidity/test/libsolidity/semanticTests/array/copying/calldata_bytes_to_storage.cairo.temp:511:41: (pc=0:3742)\n    let (ret__warp_mangled : Uint256) = fun_f(__warp_subexpr_14, length)\n                                        ^******************************^\n/home/greg/dev/nethermind/warp/tests/semantic/solidity/test/libsolidity/semanticTests/array/copying/calldata_bytes_to_storage.cairo.temp:449:40: (pc=0:3475)\n    let (_2 : Uint256, _3 : Uint256) = storage_array_index_access_bytes()\n                                       ^********************************^\n/home/greg/dev/nethermind/warp/tests/semantic/solidity/test/libsolidity/semanticTests/array/copying/calldata_bytes_to_storage.cairo.temp:287:35: (pc=0:2928)\n    let (arrayLength : Uint256) = extract_byte_array_length(__warp_subexpr_0)\n                                  ^*****************************************^'})
------------------------------------------------------------------------------------------------------------------- Captured stdout call -------------------------------------------------------------------------------------------------------------------
{'callData': '0xd45754f8000000000000000000000000000000000000000000000000000000000000002000000000000000000000000000000000000000000000000000000000000000086162636465666768000000000000000000000000000000000000000000000000', 'expectations': '0x6100000000000000000000000000000000000000000000000000000000000000', 'failure': False, 'signature': 'f(bytes)'}
------------------------------------------------------------------------------------------------------------------- Captured stderr call -------------------------------------------------------------------------------------------------------------------
Warning: SPDX license identifier not provided in source file. Before publishing, consider adding a comment containing "SPDX-License-Identifier: <SPDX-License>" to each source file. Use "SPDX-License-Identifier: UNLICENSED" for non-open-source code. Please see https://spdx.org for more information.
--> tests/semantic/solidity/test/libsolidity/semanticTests/array/copying/array_of_struct_memory_to_storage_marked.sol

Warning: SPDX license identifier not provided in source file. Before publishing, consider adding a comment containing "SPDX-License-Identifier: <SPDX-License>" to each source file. Use "SPDX-License-Identifier: UNLICENSED" for non-open-source code. Please see https://spdx.org for more information.
--> tests/semantic/solidity/test/libsolidity/semanticTests/array/copying/array_copy_target_simple_marked.sol

Warning: This declaration shadows an existing declaration.
 --> tests/semantic/solidity/test/libsolidity/semanticTests/array/copying/array_copy_target_simple_marked.sol:7:40:
  |
7 |         returns (bytes17 a, bytes17 b, bytes17 c, bytes17 d, bytes17 e)
  |                                        ^^^^^^^^^
Note: The shadowed declaration is here:
 --> tests/semantic/solidity/test/libsolidity/semanticTests/array/copying/array_copy_target_simple_marked.sol:2:1:
  |
2 | contract c {
  | ^ (Relevant source part starts here and spans across multiple lines).

____________________________________________________ test_semantics[/home/greg/dev/nethermind/warp/tests/semantic/solidity/test/libsolidity/semanticTests/array/copying/copy_byte_array_to_storage.sol] ____________________________________________________
../../../warp_dev/lib/python3.7/site-packages/cairo_lang-0.6.2-py3.7.egg/starkware/cairo/lang/compiler/preprocessor/preprocessor.py:365: in search_identifier
    result = self.identifiers.search(self.accessible_scopes, ScopedName.from_string(name))
../../../warp_dev/lib/python3.7/site-packages/cairo_lang-0.6.2-py3.7.egg/starkware/cairo/lang/compiler/identifier_manager.py:225: in search
    res = self._search(accessible_scopes=accessible_scopes, name=name, get_scope=False)
../../../warp_dev/lib/python3.7/site-packages/cairo_lang-0.6.2-py3.7.egg/starkware/cairo/lang/compiler/identifier_manager.py:217: in _search
    raise MissingIdentifierError(name[:1])
E   starkware.cairo.lang.compiler.identifier_manager.MissingIdentifierError: Unknown identifier 'bitwise_ptr'.

During handling of the above exception, another exception occurred:
tests/semantic/test_semantics.py:135: in test_semantics
    contract_definition = await starknet_compile(cairo_file_path)
tests/semantic/test_semantics.py:71: in starknet_compile
    [contract_file], debug_info=True, cairo_path=[cairo_path]
../../../warp_dev/lib/python3.7/site-packages/cairo_lang-0.6.2-py3.7.egg/starkware/starknet/compiler/compile.py:107: in compile_starknet_files
    cairo_path=cairo_path,
../../../warp_dev/lib/python3.7/site-packages/cairo_lang-0.6.2-py3.7.egg/starkware/starknet/compiler/compile.py:128: in compile_starknet_codes
    code=codes, debug_info=debug_info, pass_manager=pass_manager
../../../warp_dev/lib/python3.7/site-packages/cairo_lang-0.6.2-py3.7.egg/starkware/cairo/lang/compiler/cairo_compile.py:230: in compile_cairo_ex
    codes=codes_with_filenames, pass_manager=pass_manager, main_scope=main_scope
../../../warp_dev/lib/python3.7/site-packages/cairo_lang-0.6.2-py3.7.egg/starkware/cairo/lang/compiler/preprocessor/preprocess_codes.py:24: in preprocess_codes
    pass_manager.run(context)
../../../warp_dev/lib/python3.7/site-packages/cairo_lang-0.6.2-py3.7.egg/starkware/cairo/lang/compiler/preprocessor/pass_manager.py:53: in run
    stage.run(context)
../../../warp_dev/lib/python3.7/site-packages/cairo_lang-0.6.2-py3.7.egg/starkware/cairo/lang/compiler/preprocessor/default_pass_manager.py:89: in run
    preprocessor.visit(module)
../../../warp_dev/lib/python3.7/site-packages/cairo_lang-0.6.2-py3.7.egg/starkware/cairo/lang/compiler/ast/visitor.py:40: in visit
    return getattr(self, f"visit_{type(obj).__name__}", self._visit_default)(obj)
../../../warp_dev/lib/python3.7/site-packages/cairo_lang-0.6.2-py3.7.egg/starkware/cairo/lang/compiler/preprocessor/preprocessor.py:427: in visit_CairoModule
    super().visit_CairoModule(module)
../../../warp_dev/lib/python3.7/site-packages/cairo_lang-0.6.2-py3.7.egg/starkware/cairo/lang/compiler/ast/visitor.py:63: in visit_CairoModule
    cairo_file=CairoFile(code_block=self.visit(module.cairo_file.code_block)),
../../../warp_dev/lib/python3.7/site-packages/cairo_lang-0.6.2-py3.7.egg/starkware/cairo/lang/compiler/ast/visitor.py:40: in visit
    return getattr(self, f"visit_{type(obj).__name__}", self._visit_default)(obj)
../../../warp_dev/lib/python3.7/site-packages/cairo_lang-0.6.2-py3.7.egg/starkware/cairo/lang/compiler/preprocessor/preprocessor.py:415: in visit_CodeBlock
    self.visit_uncommented_code_block([x.code_elm for x in code_block.code_elements])
../../../warp_dev/lib/python3.7/site-packages/cairo_lang-0.6.2-py3.7.egg/starkware/cairo/lang/compiler/preprocessor/preprocessor.py:397: in visit_uncommented_code_block
    self.visit(elm)
../../../warp_dev/lib/python3.7/site-packages/cairo_lang-0.6.2-py3.7.egg/starkware/cairo/lang/compiler/ast/visitor.py:40: in visit
    return getattr(self, f"visit_{type(obj).__name__}", self._visit_default)(obj)
../../../warp_dev/lib/python3.7/site-packages/cairo_lang-0.6.2-py3.7.egg/starkware/starknet/compiler/starknet_preprocessor.py:172: in visit_CodeElementFunction
    super().visit_CodeElementFunction(elm)
../../../warp_dev/lib/python3.7/site-packages/cairo_lang-0.6.2-py3.7.egg/starkware/cairo/lang/compiler/preprocessor/preprocessor.py:615: in visit_CodeElementFunction
    code_block=elm.code_block, location=elm.identifier.location
../../../warp_dev/lib/python3.7/site-packages/cairo_lang-0.6.2-py3.7.egg/starkware/cairo/lang/compiler/preprocessor/preprocessor.py:671: in visit_function_body_with_retries
    self.visit_uncommented_code_block(code_elements)
../../../warp_dev/lib/python3.7/site-packages/cairo_lang-0.6.2-py3.7.egg/starkware/cairo/lang/compiler/preprocessor/preprocessor.py:397: in visit_uncommented_code_block
    self.visit(elm)
../../../warp_dev/lib/python3.7/site-packages/cairo_lang-0.6.2-py3.7.egg/starkware/cairo/lang/compiler/ast/visitor.py:40: in visit
    return getattr(self, f"visit_{type(obj).__name__}", self._visit_default)(obj)
../../../warp_dev/lib/python3.7/site-packages/cairo_lang-0.6.2-py3.7.egg/starkware/cairo/lang/compiler/preprocessor/preprocessor.py:1757: in visit_CodeElementUnpackBinding
    self.visit(CodeElementFuncCall(func_call=elm.rvalue))
../../../warp_dev/lib/python3.7/site-packages/cairo_lang-0.6.2-py3.7.egg/starkware/cairo/lang/compiler/ast/visitor.py:40: in visit
    return getattr(self, f"visit_{type(obj).__name__}", self._visit_default)(obj)
../../../warp_dev/lib/python3.7/site-packages/cairo_lang-0.6.2-py3.7.egg/starkware/cairo/lang/compiler/preprocessor/preprocessor.py:1616: in visit_CodeElementFuncCall
    location=elm.func_call.location,
../../../warp_dev/lib/python3.7/site-packages/cairo_lang-0.6.2-py3.7.egg/starkware/cairo/lang/compiler/preprocessor/preprocessor.py:1391: in push_arguments
    location=location,
../../../warp_dev/lib/python3.7/site-packages/cairo_lang-0.6.2-py3.7.egg/starkware/cairo/lang/compiler/preprocessor/preprocessor.py:1314: in process_implicit_arguments
    felt_expr_list = self.simplify_expr_to_felt_expr_list(expr, member_def.cairo_type)
../../../warp_dev/lib/python3.7/site-packages/cairo_lang-0.6.2-py3.7.egg/starkware/cairo/lang/compiler/preprocessor/preprocessor.py:2083: in simplify_expr_to_felt_expr_list
    expr, expr_type = self.simplify_expr(expr)
../../../warp_dev/lib/python3.7/site-packages/cairo_lang-0.6.2-py3.7.egg/starkware/cairo/lang/compiler/preprocessor/preprocessor.py:2054: in simplify_expr
    resolve_type_callback=self.resolve_type,
../../../warp_dev/lib/python3.7/site-packages/cairo_lang-0.6.2-py3.7.egg/starkware/cairo/lang/compiler/substitute_identifiers.py:113: in substitute_identifiers
    ).visit(expr)
../../../warp_dev/lib/python3.7/site-packages/cairo_lang-0.6.2-py3.7.egg/starkware/cairo/lang/compiler/expression_transformer.py:47: in visit
    return getattr(self, funcname)(expr)
../../../warp_dev/lib/python3.7/site-packages/cairo_lang-0.6.2-py3.7.egg/starkware/cairo/lang/compiler/substitute_identifiers.py:38: in visit_ExprIdentifier
    val = self.get_identifier_callback(expr)
../../../warp_dev/lib/python3.7/site-packages/cairo_lang-0.6.2-py3.7.egg/starkware/cairo/lang/compiler/preprocessor/preprocessor.py:2185: in get_variable
    identifier_definition = self.search_identifier(var.name, var.location)
../../../warp_dev/lib/python3.7/site-packages/cairo_lang-0.6.2-py3.7.egg/starkware/cairo/lang/compiler/preprocessor/preprocessor.py:368: in search_identifier
    raise PreprocessorError(str(exc), location=location)
E   starkware.cairo.lang.compiler.preprocessor.preprocessor_error.PreprocessorError: /home/greg/dev/nethermind/warp/warp/cairo-src/evm/hashing.cairo:14:20: While trying to retrieve the implicit argument 'bitwise_ptr' in:
E       let (memval) = array_create_from_memory(offset, size)
E                      ^************************************^
E   /home/greg/dev/nethermind/warp/warp/cairo-src/evm/array.cairo:16:53: Unknown identifier 'bitwise_ptr'.
E           memory_dict : DictAccess*, range_check_ptr, bitwise_ptr : BitwiseBuiltin*}(
E                                                       ^***************************^
------------------------------------------------------------------------------------------------------------------- Captured stderr call -------------------------------------------------------------------------------------------------------------------
Warning: SPDX license identifier not provided in source file. Before publishing, consider adding a comment containing "SPDX-License-Identifier: <SPDX-License>" to each source file. Use "SPDX-License-Identifier: UNLICENSED" for non-open-source code. Please see https://spdx.org for more information.
--> tests/semantic/solidity/test/libsolidity/semanticTests/array/copying/array_copy_cleanup_uint40_marked.sol

_________________________________________________ test_semantics[/home/greg/dev/nethermind/warp/tests/semantic/solidity/test/libsolidity/semanticTests/array/copying/calldata_dynamic_array_to_memory.sol] _________________________________________________
../../../warp_dev/lib/python3.7/site-packages/cairo_lang-0.6.2-py3.7.egg/starkware/starknet/business_logic/internal_transaction.py:539: in _run
    verify_secure=True,
../../../warp_dev/lib/python3.7/site-packages/cairo_lang-0.6.2-py3.7.egg/starkware/cairo/common/cairo_function_runner.py:199: in run_from_entrypoint
    self.run_until_pc(addr=end, run_resources=run_resources)
../../../warp_dev/lib/python3.7/site-packages/cairo_lang-0.6.2-py3.7.egg/starkware/cairo/lang/vm/cairo_runner.py:284: in run_until_pc
    self.vm_step()
../../../warp_dev/lib/python3.7/site-packages/cairo_lang-0.6.2-py3.7.egg/starkware/cairo/lang/vm/cairo_runner.py:298: in vm_step
    self.vm.step()
../../../warp_dev/lib/python3.7/site-packages/cairo_lang-0.6.2-py3.7.egg/starkware/cairo/lang/vm/virtual_machine_base.py:255: in step
    self.run_instruction(instruction)
../../../warp_dev/lib/python3.7/site-packages/cairo_lang-0.6.2-py3.7.egg/starkware/cairo/lang/vm/vm_core.py:422: in run_instruction
    raise self.as_vm_exception(exc) from None
E   starkware.cairo.lang.vm.vm_exceptions.VmException: /home/greg/dev/nethermind/warp/tests/semantic/solidity/test/libsolidity/semanticTests/array/copying/calldata_dynamic_array_to_memory.cairo.temp:129:9: Error at pc=0:2247:
E   An ASSERT_EQ instruction failed: 1 != 0.
E           assert 0 = 1
E           ^**********^
E   Cairo traceback (most recent call last):
E   /home/greg/dev/nethermind/warp/tests/semantic/solidity/test/libsolidity/semanticTests/array/copying/calldata_dynamic_array_to_memory.cairo.temp:35:6: (pc=0:1951)
E   func __main{bitwise_ptr : BitwiseBuiltin*, range_check_ptr}(
E        ^****^
E   /home/greg/dev/nethermind/warp/tests/semantic/solidity/test/libsolidity/semanticTests/array/copying/calldata_dynamic_array_to_memory.cairo.temp:48:9: (pc=0:1896)
E           __main_meat()
E           ^***********^
E   /home/greg/dev/nethermind/warp/tests/semantic/solidity/test/libsolidity/semanticTests/array/copying/calldata_dynamic_array_to_memory.cairo.temp:307:5: (pc=0:3017)
E       __warp_if_0(__warp_subexpr_0)
E       ^***************************^
E   /home/greg/dev/nethermind/warp/tests/semantic/solidity/test/libsolidity/semanticTests/array/copying/calldata_dynamic_array_to_memory.cairo.temp:292:9: (pc=0:2973)
E           __warp_block_0()
E           ^**************^
E   /home/greg/dev/nethermind/warp/tests/semantic/solidity/test/libsolidity/semanticTests/array/copying/calldata_dynamic_array_to_memory.cairo.temp:283:5: (pc=0:2952)
E       __warp_if_1(__warp_subexpr_0)
E       ^***************************^
E   /home/greg/dev/nethermind/warp/tests/semantic/solidity/test/libsolidity/semanticTests/array/copying/calldata_dynamic_array_to_memory.cairo.temp:269:9: (pc=0:2909)
E           __warp_block_1()
E           ^**************^
E   /home/greg/dev/nethermind/warp/tests/semantic/solidity/test/libsolidity/semanticTests/array/copying/calldata_dynamic_array_to_memory.cairo.temp:255:58: (pc=0:2838)
E       let (ret__warp_mangled : Uint256, ret_1 : Uint256) = fun_f(__warp_subexpr_15, length)
E                                                            ^******************************^

During handling of the above exception, another exception occurred:
tests/semantic/test_semantics.py:161: in test_semantics
    res = await invoke_method_evm_calldata(starknet, contract_address, argument)
../../../warp_dev/lib/python3.7/site-packages/sol_warp-0.2.12-py3.7.egg/yul/starknet_utils.py:30: in invoke_method_evm_calldata
    caller_address=0,
../../../warp_dev/lib/python3.7/site-packages/cairo_lang-0.6.2-py3.7.egg/starkware/starknet/testing/state.py:153: in invoke_raw
    state=state_copy, general_config=self.general_config
../../../warp_dev/lib/python3.7/site-packages/cairo_lang-0.6.2-py3.7.egg/starkware/starknet/business_logic/internal_transaction_interface.py:213: in apply_state_updates
    state=state_to_update, general_config=general_config
../../../warp_dev/lib/python3.7/site-packages/cairo_lang-0.6.2-py3.7.egg/starkware/starknet/business_logic/internal_transaction.py:405: in _apply_specific_state_updates
    func=_synchronous_apply_specific_state_updates,
/usr/lib/python3.7/concurrent/futures/thread.py:57: in run
    result = self.fn(*self.args, **self.kwargs)
../../../warp_dev/lib/python3.7/site-packages/cairo_lang-0.6.2-py3.7.egg/starkware/starknet/business_logic/internal_transaction.py:433: in _synchronous_apply_specific_state_updates
    run_resources=run_resources,
../../../warp_dev/lib/python3.7/site-packages/cairo_lang-0.6.2-py3.7.egg/starkware/starknet/business_logic/internal_transaction.py:559: in _run
    raise StarkException(code=code, message=str(exception))
E   starkware.starkware_utils.error_handling.StarkException: (500, {'code': <StarknetErrorCode.TRANSACTION_FAILED: 28>, 'message': '/home/greg/dev/nethermind/warp/tests/semantic/solidity/test/libsolidity/semanticTests/array/copying/calldata_dynamic_array_to_memory.cairo.temp:129:9: Error at pc=0:2247:\nAn ASSERT_EQ instruction failed: 1 != 0.\n        assert 0 = 1\n        ^**********^\nCairo traceback (most recent call last):\n/home/greg/dev/nethermind/warp/tests/semantic/solidity/test/libsolidity/semanticTests/array/copying/calldata_dynamic_array_to_memory.cairo.temp:35:6: (pc=0:1951)\nfunc __main{bitwise_ptr : BitwiseBuiltin*, range_check_ptr}(\n     ^****^\n/home/greg/dev/nethermind/warp/tests/semantic/solidity/test/libsolidity/semanticTests/array/copying/calldata_dynamic_array_to_memory.cairo.temp:48:9: (pc=0:1896)\n        __main_meat()\n        ^***********^\n/home/greg/dev/nethermind/warp/tests/semantic/solidity/test/libsolidity/semanticTests/array/copying/calldata_dynamic_array_to_memory.cairo.temp:307:5: (pc=0:3017)\n    __warp_if_0(__warp_subexpr_0)\n    ^***************************^\n/home/greg/dev/nethermind/warp/tests/semantic/solidity/test/libsolidity/semanticTests/array/copying/calldata_dynamic_array_to_memory.cairo.temp:292:9: (pc=0:2973)\n        __warp_block_0()\n        ^**************^\n/home/greg/dev/nethermind/warp/tests/semantic/solidity/test/libsolidity/semanticTests/array/copying/calldata_dynamic_array_to_memory.cairo.temp:283:5: (pc=0:2952)\n    __warp_if_1(__warp_subexpr_0)\n    ^***************************^\n/home/greg/dev/nethermind/warp/tests/semantic/solidity/test/libsolidity/semanticTests/array/copying/calldata_dynamic_array_to_memory.cairo.temp:269:9: (pc=0:2909)\n        __warp_block_1()\n        ^**************^\n/home/greg/dev/nethermind/warp/tests/semantic/solidity/test/libsolidity/semanticTests/array/copying/calldata_dynamic_array_to_memory.cairo.temp:255:58: (pc=0:2838)\n    let (ret__warp_mangled : Uint256, ret_1 : Uint256) = fun_f(__warp_subexpr_15, length)\n                                                         ^******************************^'})
------------------------------------------------------------------------------------------------------------------- Captured stdout call -------------------------------------------------------------------------------------------------------------------
{'callData': '0xc26b6b9a00000000000000000000000000000000000000000000000000000000000000200000000000000000000000000000000000000000000000000000000000000001000000000000000000000000000000000000000000000000000000000000002000000000000000000000000000000000000000000000000000000000000000020000000000000000000000000000000000000000000000000000000000000017000000000000000000000000000000000000000000000000000000000000002a', 'expectations': '0x0000000000000000000000000000000000000000000000000000000000000001000000000000000000000000000000000000000000000000000000000000004000000000000000000000000000000000000000000000000000000000000000020000000000000000000000000000000000000000000000000000000000000017000000000000000000000000000000000000000000000000000000000000002a', 'failure': False, 'signature': 'f(uint256[][])'}
_______________________________________________ test_semantics[/home/greg/dev/nethermind/warp/tests/semantic/solidity/test/libsolidity/semanticTests/array/copying/array_of_struct_calldata_to_storage.sol] ________________________________________________
FAILURE: /home/greg/dev/nethermind/warp/tests/semantic/solidity/test/libsolidity/semanticTests/array/copying/array_of_struct_calldata_to_storage.cairo.temp
assert '0x0000000000...ffffffffffff4' == '0x0000000000...000000000000c'
  - 0x000000000000000000000000000000000000000000000000000000000000000a000000000000000000000000000000000000000000000000000000000000000b000000000000000000000000000000000000000000000000000000000000000c
  + 0x00000000000000000000000000000000fffffffffffffffffffffffffffffff6000000000000000000000000000000000000000000000000fffffffffffffff500000000000000000000000000000000fffffffffffffffffffffffffffffff4
tests/semantic/test_semantics.py:173 in test_semantics() -> check.equal(final_res, expected_result, cairo_file_path)
------------------------------------------------------------
Failed Checks: 1
____________________________________________________ test_semantics[/home/greg/dev/nethermind/warp/tests/semantic/solidity/test/libsolidity/semanticTests/array/copying/array_copy_target_leftover.sol] ____________________________________________________
../../../warp_dev/lib/python3.7/site-packages/cairo_lang-0.6.2-py3.7.egg/starkware/cairo/lang/compiler/preprocessor/identifier_collector.py:241: in visit_CodeElementImport
    self.identifiers.get_scope(alias_dst)
../../../warp_dev/lib/python3.7/site-packages/cairo_lang-0.6.2-py3.7.egg/starkware/cairo/lang/compiler/identifier_manager.py:170: in get_scope
    return self.root.get_scope(current_identifier)
../../../warp_dev/lib/python3.7/site-packages/cairo_lang-0.6.2-py3.7.egg/starkware/cairo/lang/compiler/identifier_manager.py:334: in get_scope
    return scope.get_scope(non_parsed)
../../../warp_dev/lib/python3.7/site-packages/cairo_lang-0.6.2-py3.7.egg/starkware/cairo/lang/compiler/identifier_manager.py:334: in get_scope
    return scope.get_scope(non_parsed)
../../../warp_dev/lib/python3.7/site-packages/cairo_lang-0.6.2-py3.7.egg/starkware/cairo/lang/compiler/identifier_manager.py:334: in get_scope
    return scope.get_scope(non_parsed)
../../../warp_dev/lib/python3.7/site-packages/cairo_lang-0.6.2-py3.7.egg/starkware/cairo/lang/compiler/identifier_manager.py:334: in get_scope
    return scope.get_scope(non_parsed)
../../../warp_dev/lib/python3.7/site-packages/cairo_lang-0.6.2-py3.7.egg/starkware/cairo/lang/compiler/identifier_manager.py:339: in get_scope
    raise MissingIdentifierError(fullname=fullname)
E   starkware.cairo.lang.compiler.identifier_manager.MissingIdentifierError: Unknown identifier 'starkware.cairo.common.uint256.uint256_exp'.

During handling of the above exception, another exception occurred:
tests/semantic/test_semantics.py:135: in test_semantics
    contract_definition = await starknet_compile(cairo_file_path)
tests/semantic/test_semantics.py:71: in starknet_compile
    [contract_file], debug_info=True, cairo_path=[cairo_path]
../../../warp_dev/lib/python3.7/site-packages/cairo_lang-0.6.2-py3.7.egg/starkware/starknet/compiler/compile.py:107: in compile_starknet_files
    cairo_path=cairo_path,
../../../warp_dev/lib/python3.7/site-packages/cairo_lang-0.6.2-py3.7.egg/starkware/starknet/compiler/compile.py:128: in compile_starknet_codes
    code=codes, debug_info=debug_info, pass_manager=pass_manager
../../../warp_dev/lib/python3.7/site-packages/cairo_lang-0.6.2-py3.7.egg/starkware/cairo/lang/compiler/cairo_compile.py:230: in compile_cairo_ex
    codes=codes_with_filenames, pass_manager=pass_manager, main_scope=main_scope
../../../warp_dev/lib/python3.7/site-packages/cairo_lang-0.6.2-py3.7.egg/starkware/cairo/lang/compiler/preprocessor/preprocess_codes.py:24: in preprocess_codes
    pass_manager.run(context)
../../../warp_dev/lib/python3.7/site-packages/cairo_lang-0.6.2-py3.7.egg/starkware/cairo/lang/compiler/preprocessor/pass_manager.py:53: in run
    stage.run(context)
../../../warp_dev/lib/python3.7/site-packages/cairo_lang-0.6.2-py3.7.egg/starkware/cairo/lang/compiler/preprocessor/pass_manager.py:104: in run
    modified_modules.append(visitor.visit(module))
../../../warp_dev/lib/python3.7/site-packages/cairo_lang-0.6.2-py3.7.egg/starkware/cairo/lang/compiler/preprocessor/identifier_collector.py:117: in visit
    return super().visit(obj)
../../../warp_dev/lib/python3.7/site-packages/cairo_lang-0.6.2-py3.7.egg/starkware/cairo/lang/compiler/ast/visitor.py:40: in visit
    return getattr(self, f"visit_{type(obj).__name__}", self._visit_default)(obj)
../../../warp_dev/lib/python3.7/site-packages/cairo_lang-0.6.2-py3.7.egg/starkware/cairo/lang/compiler/ast/visitor.py:63: in visit_CairoModule
    cairo_file=CairoFile(code_block=self.visit(module.cairo_file.code_block)),
../../../warp_dev/lib/python3.7/site-packages/cairo_lang-0.6.2-py3.7.egg/starkware/cairo/lang/compiler/preprocessor/identifier_collector.py:117: in visit
    return super().visit(obj)
../../../warp_dev/lib/python3.7/site-packages/cairo_lang-0.6.2-py3.7.egg/starkware/cairo/lang/compiler/ast/visitor.py:40: in visit
    return getattr(self, f"visit_{type(obj).__name__}", self._visit_default)(obj)
../../../warp_dev/lib/python3.7/site-packages/cairo_lang-0.6.2-py3.7.egg/starkware/cairo/lang/compiler/preprocessor/identifier_collector.py:231: in visit_CodeBlock
    self.visit(elm.code_elm)
../../../warp_dev/lib/python3.7/site-packages/cairo_lang-0.6.2-py3.7.egg/starkware/cairo/lang/compiler/preprocessor/identifier_collector.py:117: in visit
    return super().visit(obj)
../../../warp_dev/lib/python3.7/site-packages/cairo_lang-0.6.2-py3.7.egg/starkware/cairo/lang/compiler/ast/visitor.py:40: in visit
    return getattr(self, f"visit_{type(obj).__name__}", self._visit_default)(obj)
../../../warp_dev/lib/python3.7/site-packages/cairo_lang-0.6.2-py3.7.egg/starkware/cairo/lang/compiler/preprocessor/identifier_collector.py:246: in visit_CodeElementImport
    location=import_item.orig_identifier.location,
E   starkware.cairo.lang.compiler.preprocessor.preprocessor_error.PreprocessorError: /home/greg/dev/nethermind/warp/tests/semantic/solidity/test/libsolidity/semanticTests/array/copying/array_copy_target_leftover.cairo.temp:16:27: Cannot import 'uint256_exp' from 'starkware.cairo.common.uint256'.
E       Uint256, uint256_and, uint256_exp, uint256_not, uint256_sub)
E                             ^*********^
------------------------------------------------------------------------------------------------------------------- Captured stderr call -------------------------------------------------------------------------------------------------------------------
Warning: SPDX license identifier not provided in source file. Before publishing, consider adding a comment containing "SPDX-License-Identifier: <SPDX-License>" to each source file. Use "SPDX-License-Identifier: UNLICENSED" for non-open-source code. Please see https://spdx.org for more information.
--> tests/semantic/solidity/test/libsolidity/semanticTests/array/copying/array_copy_target_leftover_marked.sol

Warning: SPDX license identifier not provided in source file. Before publishing, consider adding a comment containing "SPDX-License-Identifier: <SPDX-License>" to each source file. Use "SPDX-License-Identifier: UNLICENSED" for non-open-source code. Please see https://spdx.org for more information.
--> tests/semantic/solidity/test/libsolidity/semanticTests/array/copying/copy_internal_function_array_to_storage_marked.sol

Warning: SPDX license identifier not provided in source file. Before publishing, consider adding a comment containing "SPDX-License-Identifier: <SPDX-License>" to each source file. Use "SPDX-License-Identifier: UNLICENSED" for non-open-source code. Please see https://spdx.org for more information.
--> tests/semantic/solidity/test/libsolidity/semanticTests/array/copying/array_copy_target_leftover2_marked.sol

____________________________________________________ test_semantics[/home/greg/dev/nethermind/warp/tests/semantic/solidity/test/libsolidity/semanticTests/array/copying/storage_memory_packed_dyn.sol] _____________________________________________________
FAILURE: /home/greg/dev/nethermind/warp/tests/semantic/solidity/test/libsolidity/semanticTests/array/copying/storage_memory_packed_dyn.cairo.temp
assert '0x0000000000...00000000000fc' == '0x0000000000...0000000000004'
  - 0x000000000000000000000000000000000000000000000000000000000000000200000000000000000000000000000000000000000000000000000000000000030000000000000000000000000000000000000000000000000000000000000004
  ?                                                                 ^^                                                              ^^                                                              ^^
  + 0x00000000000000000000000000000000000000000000000000000000000000fe00000000000000000000000000000000000000000000000000000000000000fd0000000000000000000000000000000000000000000000000000...
  
  ...Full output truncated (2 lines hidden), use '-vv' to show
tests/semantic/test_semantics.py:173 in test_semantics() -> check.equal(final_res, expected_result, cairo_file_path)
------------------------------------------------------------
Failed Checks: 1
------------------------------------------------------------------------------------------------------------------- Captured stdout call -------------------------------------------------------------------------------------------------------------------
{'callData': '0xf8a8fd6d', 'expectations': '0x00000000000000010000000000000000000000000000000000000000000000000000000000000002000000000000000000000000000000000000000000000000000000000000000300000000000000000000000000000000000000000000000000000000000000040000000000000000000000000000000000000000000000000000000000000000000000000000000000000000000000000000000000000000', 'failure': False, 'signature': 'test()'}
{'callData': '0x63e2359a00000000000000000000000000000000000000000000000000000000000000200000000000000000000000000000000000000000000000000000000000000003000000000000000000000000000000000000000000000000000000000000000700000000000000000000000000000000000000000000000000000000000000080000000000000000000000000000000000000000000000000000000000000009000000000000000000000000000000000000000000000000000000000000000a000000000000000000000000000000000000000000000000000000000000000b000000000000000000000000000000000000000000000000000000000000000c', 'expectations': '0x000000000000000000000000000000000000000000000000000000000000000a', 'failure': False, 'signature': 'test(uint256[2][])'}
------------------------------------------------------------------------------------------------------------------- Captured stderr call -------------------------------------------------------------------------------------------------------------------
Warning: SPDX license identifier not provided in source file. Before publishing, consider adding a comment containing "SPDX-License-Identifier: <SPDX-License>" to each source file. Use "SPDX-License-Identifier: UNLICENSED" for non-open-source code. Please see https://spdx.org for more information.
--> tests/semantic/solidity/test/libsolidity/semanticTests/array/pop/array_pop_marked.sol

____________________________________________________ test_semantics[/home/greg/dev/nethermind/warp/tests/semantic/solidity/test/libsolidity/semanticTests/array/copying/array_copy_target_simple_2.sol] ____________________________________________________
FAILURE: /home/greg/dev/nethermind/warp/tests/semantic/solidity/test/libsolidity/semanticTests/array/copying/array_copy_target_simple_2.cairo.temp
assert '0xffffffffff...0000000000000' == '0x0000000000...0000000000000'
  - 0x00000000000000010000000000000000000000000000000000000000000000000000000000000002000000000000000000000000000000000000000000000000000000000000000300000000000000000000000000000000000000000000000000000000000000040000000000000000000000000000000000000000000000000000000000000000000000000000000000000000000000000000000000000000
  + 0xffffffffffffffff000000000000000000000000000000000000000000000000fffffffffffffffe000000000000000000000000000000000000000000000000fffffffffffffffd000000000000000000000000000000000000000000000000fffffffffffffffc0000000000000000000000000000000000000000...
  
  ...Full output truncated (1 line hidden), use '-vv' to show
tests/semantic/test_semantics.py:173 in test_semantics() -> check.equal(final_res, expected_result, cairo_file_path)
------------------------------------------------------------
Failed Checks: 1
------------------------------------------------------------------------------------------------------------------- Captured stderr call -------------------------------------------------------------------------------------------------------------------
Warning: SPDX license identifier not provided in source file. Before publishing, consider adding a comment containing "SPDX-License-Identifier: <SPDX-License>" to each source file. Use "SPDX-License-Identifier: UNLICENSED" for non-open-source code. Please see https://spdx.org for more information.
--> tests/semantic/solidity/test/libsolidity/semanticTests/array/pop/array_pop_uint24_transition_marked.sol

Warning: This declaration shadows an existing declaration.
 --> tests/semantic/solidity/test/libsolidity/semanticTests/array/pop/array_pop_uint24_transition_marked.sol:5:5:
  |
5 |     uint256 c;
  |     ^^^^^^^^^
Note: The shadowed declaration is here:
 --> tests/semantic/solidity/test/libsolidity/semanticTests/array/pop/array_pop_uint24_transition_marked.sol:2:1:
  |
2 | contract c {
  | ^ (Relevant source part starts here and spans across multiple lines).

_______________________________________ test_semantics[/home/greg/dev/nethermind/warp/tests/semantic/solidity/test/libsolidity/semanticTests/array/copying/array_of_structs_containing_arrays_memory_to_storage.sol] _______________________________________
../../../warp_dev/lib/python3.7/site-packages/cairo_lang-0.6.2-py3.7.egg/starkware/starknet/business_logic/internal_transaction.py:539: in _run
    verify_secure=True,
../../../warp_dev/lib/python3.7/site-packages/cairo_lang-0.6.2-py3.7.egg/starkware/cairo/common/cairo_function_runner.py:199: in run_from_entrypoint
    self.run_until_pc(addr=end, run_resources=run_resources)
../../../warp_dev/lib/python3.7/site-packages/cairo_lang-0.6.2-py3.7.egg/starkware/cairo/lang/vm/cairo_runner.py:284: in run_until_pc
    self.vm_step()
../../../warp_dev/lib/python3.7/site-packages/cairo_lang-0.6.2-py3.7.egg/starkware/cairo/lang/vm/cairo_runner.py:298: in vm_step
    self.vm.step()
../../../warp_dev/lib/python3.7/site-packages/cairo_lang-0.6.2-py3.7.egg/starkware/cairo/lang/vm/virtual_machine_base.py:255: in step
    self.run_instruction(instruction)
../../../warp_dev/lib/python3.7/site-packages/cairo_lang-0.6.2-py3.7.egg/starkware/cairo/lang/vm/vm_core.py:422: in run_instruction
    raise self.as_vm_exception(exc) from None
E   starkware.cairo.lang.vm.vm_exceptions.VmException: /home/greg/dev/nethermind/warp/tests/semantic/solidity/test/libsolidity/semanticTests/array/copying/array_of_structs_containing_arrays_memory_to_storage.cairo.temp:700:9: Error at pc=0:4945:
E   An ASSERT_EQ instruction failed: 1 != 0.
E           assert 0 = 1
E           ^**********^
E   Cairo traceback (most recent call last):
E   /home/greg/dev/nethermind/warp/tests/semantic/solidity/test/libsolidity/semanticTests/array/copying/array_of_structs_containing_arrays_memory_to_storage.cairo.temp:52:6: (pc=0:2354)
E   func __main{
E        ^****^
E   /home/greg/dev/nethermind/warp/tests/semantic/solidity/test/libsolidity/semanticTests/array/copying/array_of_structs_containing_arrays_memory_to_storage.cairo.temp:66:9: (pc=0:2293)
E           __main_meat()
E           ^***********^
E   /home/greg/dev/nethermind/warp/tests/semantic/solidity/test/libsolidity/semanticTests/array/copying/array_of_structs_containing_arrays_memory_to_storage.cairo.temp:969:5: (pc=0:6234)
E       __warp_if_6(__warp_subexpr_0)
E       ^***************************^
E   /home/greg/dev/nethermind/warp/tests/semantic/solidity/test/libsolidity/semanticTests/array/copying/array_of_structs_containing_arrays_memory_to_storage.cairo.temp:953:9: (pc=0:6188)
E           __warp_block_4()
E           ^**************^
E   /home/greg/dev/nethermind/warp/tests/semantic/solidity/test/libsolidity/semanticTests/array/copying/array_of_structs_containing_arrays_memory_to_storage.cairo.temp:943:5: (pc=0:6163)
E       __warp_if_7(__warp_subexpr_0)
E       ^***************************^
E   /home/greg/dev/nethermind/warp/tests/semantic/solidity/test/libsolidity/semanticTests/array/copying/array_of_structs_containing_arrays_memory_to_storage.cairo.temp:928:9: (pc=0:6118)
E           __warp_block_5()
E           ^**************^
E   /home/greg/dev/nethermind/warp/tests/semantic/solidity/test/libsolidity/semanticTests/array/copying/array_of_structs_containing_arrays_memory_to_storage.cairo.temp:883:5: (pc=0:5791)
E       assert_helper(__warp_subexpr_34)
E       ^******************************^

During handling of the above exception, another exception occurred:
tests/semantic/test_semantics.py:161: in test_semantics
    res = await invoke_method_evm_calldata(starknet, contract_address, argument)
../../../warp_dev/lib/python3.7/site-packages/sol_warp-0.2.12-py3.7.egg/yul/starknet_utils.py:30: in invoke_method_evm_calldata
    caller_address=0,
../../../warp_dev/lib/python3.7/site-packages/cairo_lang-0.6.2-py3.7.egg/starkware/starknet/testing/state.py:153: in invoke_raw
    state=state_copy, general_config=self.general_config
../../../warp_dev/lib/python3.7/site-packages/cairo_lang-0.6.2-py3.7.egg/starkware/starknet/business_logic/internal_transaction_interface.py:213: in apply_state_updates
    state=state_to_update, general_config=general_config
../../../warp_dev/lib/python3.7/site-packages/cairo_lang-0.6.2-py3.7.egg/starkware/starknet/business_logic/internal_transaction.py:405: in _apply_specific_state_updates
    func=_synchronous_apply_specific_state_updates,
/usr/lib/python3.7/concurrent/futures/thread.py:57: in run
    result = self.fn(*self.args, **self.kwargs)
../../../warp_dev/lib/python3.7/site-packages/cairo_lang-0.6.2-py3.7.egg/starkware/starknet/business_logic/internal_transaction.py:433: in _synchronous_apply_specific_state_updates
    run_resources=run_resources,
../../../warp_dev/lib/python3.7/site-packages/cairo_lang-0.6.2-py3.7.egg/starkware/starknet/business_logic/internal_transaction.py:559: in _run
    raise StarkException(code=code, message=str(exception))
E   starkware.starkware_utils.error_handling.StarkException: (500, {'code': <StarknetErrorCode.TRANSACTION_FAILED: 28>, 'message': '/home/greg/dev/nethermind/warp/tests/semantic/solidity/test/libsolidity/semanticTests/array/copying/array_of_structs_containing_arrays_memory_to_storage.cairo.temp:700:9: Error at pc=0:4945:\nAn ASSERT_EQ instruction failed: 1 != 0.\n        assert 0 = 1\n        ^**********^\nCairo traceback (most recent call last):\n/home/greg/dev/nethermind/warp/tests/semantic/solidity/test/libsolidity/semanticTests/array/copying/array_of_structs_containing_arrays_memory_to_storage.cairo.temp:52:6: (pc=0:2354)\nfunc __main{\n     ^****^\n/home/greg/dev/nethermind/warp/tests/semantic/solidity/test/libsolidity/semanticTests/array/copying/array_of_structs_containing_arrays_memory_to_storage.cairo.temp:66:9: (pc=0:2293)\n        __main_meat()\n        ^***********^\n/home/greg/dev/nethermind/warp/tests/semantic/solidity/test/libsolidity/semanticTests/array/copying/array_of_structs_containing_arrays_memory_to_storage.cairo.temp:969:5: (pc=0:6234)\n    __warp_if_6(__warp_subexpr_0)\n    ^***************************^\n/home/greg/dev/nethermind/warp/tests/semantic/solidity/test/libsolidity/semanticTests/array/copying/array_of_structs_containing_arrays_memory_to_storage.cairo.temp:953:9: (pc=0:6188)\n        __warp_block_4()\n        ^**************^\n/home/greg/dev/nethermind/warp/tests/semantic/solidity/test/libsolidity/semanticTests/array/copying/array_of_structs_containing_arrays_memory_to_storage.cairo.temp:943:5: (pc=0:6163)\n    __warp_if_7(__warp_subexpr_0)\n    ^***************************^\n/home/greg/dev/nethermind/warp/tests/semantic/solidity/test/libsolidity/semanticTests/array/copying/array_of_structs_containing_arrays_memory_to_storage.cairo.temp:928:9: (pc=0:6118)\n        __warp_block_5()\n        ^**************^\n/home/greg/dev/nethermind/warp/tests/semantic/solidity/test/libsolidity/semanticTests/array/copying/array_of_structs_containing_arrays_memory_to_storage.cairo.temp:883:5: (pc=0:5791)\n    assert_helper(__warp_subexpr_34)\n    ^******************************^'})
------------------------------------------------------------------------------------------------------------------- Captured stdout call -------------------------------------------------------------------------------------------------------------------
{'callData': '0x26121ff0', 'expectations': '0x0000000000000000000000000000000000000000000000000000000000000003000000000000000000000000000000000000000000000000000000000000000300000000000000000000000000000000000000000000000000000000000000030000000000000000000000000000000000000000000000000000000000000001', 'failure': False, 'signature': 'f()'}
------------------------------------------------------------------------------------------------------------------- Captured stderr call -------------------------------------------------------------------------------------------------------------------
Warning: SPDX license identifier not provided in source file. Before publishing, consider adding a comment containing "SPDX-License-Identifier: <SPDX-License>" to each source file. Use "SPDX-License-Identifier: UNLICENSED" for non-open-source code. Please see https://spdx.org for more information.
--> tests/semantic/solidity/test/libsolidity/semanticTests/array/pop/array_pop_isolated_marked.sol

Warning: Function state mutability can be restricted to view
 --> tests/semantic/solidity/test/libsolidity/semanticTests/array/pop/array_pop_isolated_marked.sol:4:5:
  |
4 |     function test() public returns (uint256 x) {
  |     ^ (Relevant source part starts here and spans across multiple lines).

_____________________________________________________ test_semantics[/home/greg/dev/nethermind/warp/tests/semantic/solidity/test/libsolidity/semanticTests/array/copying/array_copy_target_simple.sol] _____________________________________________________
FAILURE: /home/greg/dev/nethermind/warp/tests/semantic/solidity/test/libsolidity/semanticTests/array/copying/array_copy_target_simple.cairo.temp
assert '0xffffffffff...0000000000000' == '0x0000000000...0000000000000'
  - 0x00000000000000010000000000000000000000000000000000000000000000000000000000000002000000000000000000000000000000000000000000000000000000000000000300000000000000000000000000000000000000000000000000000000000000040000000000000000000000000000000000000000000000000000000000000000000000000000000000000000000000000000000000000000
  + 0xffffffffffffffff000000000000000000000000000000000000000000000000fffffffffffffffe000000000000000000000000000000000000000000000000fffffffffffffffd000000000000000000000000000000000000000000000000fffffffffffffffc0000000000000000000000000000000000000000...
  
  ...Full output truncated (1 line hidden), use '-vv' to show
tests/semantic/test_semantics.py:173 in test_semantics() -> check.equal(final_res, expected_result, cairo_file_path)
------------------------------------------------------------
Failed Checks: 1
------------------------------------------------------------------------------------------------------------------- Captured stdout call -------------------------------------------------------------------------------------------------------------------
{'callData': '0xf8a8fd6d', 'expectations': '0x00000000000000010000000000000000000000000000000000000000000000000000000000000002000000000000000000000000000000000000000000000000000000000000000300000000000000000000000000000000000000000000000000000000000000040000000000000000000000000000000000000000000000000000000000000000000000000000000000000000000000000000000000000000', 'failure': False, 'signature': 'test()'}
------------------------------------------------------------------------------------------------------------------- Captured stderr call -------------------------------------------------------------------------------------------------------------------
Warning: SPDX license identifier not provided in source file. Before publishing, consider adding a comment containing "SPDX-License-Identifier: <SPDX-License>" to each source file. Use "SPDX-License-Identifier: UNLICENSED" for non-open-source code. Please see https://spdx.org for more information.
--> tests/semantic/solidity/test/libsolidity/semanticTests/array/pop/array_pop_uint16_transition_marked.sol

_________________________________________________ test_semantics[/home/greg/dev/nethermind/warp/tests/semantic/solidity/test/libsolidity/semanticTests/array/copying/array_nested_calldata_to_storage.sol] _________________________________________________
../../../warp_dev/lib/python3.7/site-packages/cairo_lang-0.6.2-py3.7.egg/starkware/starknet/business_logic/internal_transaction.py:539: in _run
    verify_secure=True,
../../../warp_dev/lib/python3.7/site-packages/cairo_lang-0.6.2-py3.7.egg/starkware/cairo/common/cairo_function_runner.py:199: in run_from_entrypoint
    self.run_until_pc(addr=end, run_resources=run_resources)
../../../warp_dev/lib/python3.7/site-packages/cairo_lang-0.6.2-py3.7.egg/starkware/cairo/lang/vm/cairo_runner.py:284: in run_until_pc
    self.vm_step()
../../../warp_dev/lib/python3.7/site-packages/cairo_lang-0.6.2-py3.7.egg/starkware/cairo/lang/vm/cairo_runner.py:298: in vm_step
    self.vm.step()
../../../warp_dev/lib/python3.7/site-packages/cairo_lang-0.6.2-py3.7.egg/starkware/cairo/lang/vm/virtual_machine_base.py:255: in step
    self.run_instruction(instruction)
../../../warp_dev/lib/python3.7/site-packages/cairo_lang-0.6.2-py3.7.egg/starkware/cairo/lang/vm/vm_core.py:422: in run_instruction
    raise self.as_vm_exception(exc) from None
E   starkware.cairo.lang.vm.vm_exceptions.VmException: /home/greg/dev/nethermind/warp/tests/semantic/solidity/test/libsolidity/semanticTests/array/copying/array_nested_calldata_to_storage.cairo.temp:301:9: Error at pc=0:3028:
E   An ASSERT_EQ instruction failed: 1 != 0.
E           assert 0 = 1
E           ^**********^
E   Cairo traceback (most recent call last):
E   /home/greg/dev/nethermind/warp/tests/semantic/solidity/test/libsolidity/semanticTests/array/copying/array_nested_calldata_to_storage.cairo.temp:52:6: (pc=0:2202)
E   func __main{
E        ^****^
E   /home/greg/dev/nethermind/warp/tests/semantic/solidity/test/libsolidity/semanticTests/array/copying/array_nested_calldata_to_storage.cairo.temp:66:9: (pc=0:2141)
E           __main_meat()
E           ^***********^
E   /home/greg/dev/nethermind/warp/tests/semantic/solidity/test/libsolidity/semanticTests/array/copying/array_nested_calldata_to_storage.cairo.temp:1419:5: (pc=0:7368)
E       __warp_if_4(__warp_subexpr_0)
E       ^***************************^
E   /home/greg/dev/nethermind/warp/tests/semantic/solidity/test/libsolidity/semanticTests/array/copying/array_nested_calldata_to_storage.cairo.temp:1403:9: (pc=0:7322)
E           __warp_block_4()
E           ^**************^
E   /home/greg/dev/nethermind/warp/tests/semantic/solidity/test/libsolidity/semanticTests/array/copying/array_nested_calldata_to_storage.cairo.temp:1393:5: (pc=0:7297)
E       __warp_block_5(match_var)
E       ^***********************^
E   /home/greg/dev/nethermind/warp/tests/semantic/solidity/test/libsolidity/semanticTests/array/copying/array_nested_calldata_to_storage.cairo.temp:1382:5: (pc=0:7262)
E       __warp_if_5(__warp_subexpr_0, match_var)
E       ^**************************************^
E   /home/greg/dev/nethermind/warp/tests/semantic/solidity/test/libsolidity/semanticTests/array/copying/array_nested_calldata_to_storage.cairo.temp:1371:9: (pc=0:7225)
E           __warp_block_7(match_var)
E           ^***********************^
E   /home/greg/dev/nethermind/warp/tests/semantic/solidity/test/libsolidity/semanticTests/array/copying/array_nested_calldata_to_storage.cairo.temp:1358:5: (pc=0:7207)
E       __warp_if_6(__warp_subexpr_0, match_var)
E       ^**************************************^
E   /home/greg/dev/nethermind/warp/tests/semantic/solidity/test/libsolidity/semanticTests/array/copying/array_nested_calldata_to_storage.cairo.temp:1347:9: (pc=0:7170)
E           __warp_block_9(match_var)
E           ^***********************^
E   /home/greg/dev/nethermind/warp/tests/semantic/solidity/test/libsolidity/semanticTests/array/copying/array_nested_calldata_to_storage.cairo.temp:1334:5: (pc=0:7152)
E       __warp_if_7(__warp_subexpr_0, match_var)
E       ^**************************************^
E   /home/greg/dev/nethermind/warp/tests/semantic/solidity/test/libsolidity/semanticTests/array/copying/array_nested_calldata_to_storage.cairo.temp:1323:9: (pc=0:7115)
E           __warp_block_11(match_var)
E           ^************************^
E   /home/greg/dev/nethermind/warp/tests/semantic/solidity/test/libsolidity/semanticTests/array/copying/array_nested_calldata_to_storage.cairo.temp:1310:5: (pc=0:7097)
E       __warp_if_8(__warp_subexpr_0)
E       ^***************************^
E   /home/greg/dev/nethermind/warp/tests/semantic/solidity/test/libsolidity/semanticTests/array/copying/array_nested_calldata_to_storage.cairo.temp:1297:9: (pc=0:7073)
E           __warp_block_12()
E           ^***************^
E   /home/greg/dev/nethermind/warp/tests/semantic/solidity/test/libsolidity/semanticTests/array/copying/array_nested_calldata_to_storage.cairo.temp:1283:46: (pc=0:6994)
E       let (ret_5 : Uint256, ret_6 : Uint256) = fun_test1(param_2, param_3)
E                                                ^*************************^
E   /home/greg/dev/nethermind/warp/tests/semantic/solidity/test/libsolidity/semanticTests/array/copying/array_nested_calldata_to_storage.cairo.temp:1184:66: (pc=0:6476)
E       let (elementSlot : Uint256, i : Uint256, srcPtr : Uint256) = __warp_loop_3(
E                                                                    ^************^
E   /home/greg/dev/nethermind/warp/tests/semantic/solidity/test/libsolidity/semanticTests/array/copying/array_nested_calldata_to_storage.cairo.temp:1042:66: (pc=0:5919)
E       let (elementSlot : Uint256, i : Uint256, srcPtr : Uint256) = __warp_loop_body_3(
E                                                                    ^*****************^
E   /home/greg/dev/nethermind/warp/tests/semantic/solidity/test/libsolidity/semanticTests/array/copying/array_nested_calldata_to_storage.cairo.temp:1020:37: (pc=0:5816)
E           elementValue_1 : Uint256) = access_calldata_tail_array_uint256_dyn_calldata(
E                                       ^**********************************************^

During handling of the above exception, another exception occurred:
tests/semantic/test_semantics.py:161: in test_semantics
    res = await invoke_method_evm_calldata(starknet, contract_address, argument)
../../../warp_dev/lib/python3.7/site-packages/sol_warp-0.2.12-py3.7.egg/yul/starknet_utils.py:30: in invoke_method_evm_calldata
    caller_address=0,
../../../warp_dev/lib/python3.7/site-packages/cairo_lang-0.6.2-py3.7.egg/starkware/starknet/testing/state.py:153: in invoke_raw
    state=state_copy, general_config=self.general_config
../../../warp_dev/lib/python3.7/site-packages/cairo_lang-0.6.2-py3.7.egg/starkware/starknet/business_logic/internal_transaction_interface.py:213: in apply_state_updates
    state=state_to_update, general_config=general_config
../../../warp_dev/lib/python3.7/site-packages/cairo_lang-0.6.2-py3.7.egg/starkware/starknet/business_logic/internal_transaction.py:405: in _apply_specific_state_updates
    func=_synchronous_apply_specific_state_updates,
/usr/lib/python3.7/concurrent/futures/thread.py:57: in run
    result = self.fn(*self.args, **self.kwargs)
../../../warp_dev/lib/python3.7/site-packages/cairo_lang-0.6.2-py3.7.egg/starkware/starknet/business_logic/internal_transaction.py:433: in _synchronous_apply_specific_state_updates
    run_resources=run_resources,
../../../warp_dev/lib/python3.7/site-packages/cairo_lang-0.6.2-py3.7.egg/starkware/starknet/business_logic/internal_transaction.py:559: in _run
    raise StarkException(code=code, message=str(exception))
E   starkware.starkware_utils.error_handling.StarkException: (500, {'code': <StarknetErrorCode.TRANSACTION_FAILED: 28>, 'message': '/home/greg/dev/nethermind/warp/tests/semantic/solidity/test/libsolidity/semanticTests/array/copying/array_nested_calldata_to_storage.cairo.temp:301:9: Error at pc=0:3028:\nAn ASSERT_EQ instruction failed: 1 != 0.\n        assert 0 = 1\n        ^**********^\nCairo traceback (most recent call last):\n/home/greg/dev/nethermind/warp/tests/semantic/solidity/test/libsolidity/semanticTests/array/copying/array_nested_calldata_to_storage.cairo.temp:52:6: (pc=0:2202)\nfunc __main{\n     ^****^\n/home/greg/dev/nethermind/warp/tests/semantic/solidity/test/libsolidity/semanticTests/array/copying/array_nested_calldata_to_storage.cairo.temp:66:9: (pc=0:2141)\n        __main_meat()\n        ^***********^\n/home/greg/dev/nethermind/warp/tests/semantic/solidity/test/libsolidity/semanticTests/array/copying/array_nested_calldata_to_storage.cairo.temp:1419:5: (pc=0:7368)\n    __warp_if_4(__warp_subexpr_0)\n    ^***************************^\n/home/greg/dev/nethermind/warp/tests/semantic/solidity/test/libsolidity/semanticTests/array/copying/array_nested_calldata_to_storage.cairo.temp:1403:9: (pc=0:7322)\n        __warp_block_4()\n        ^**************^\n/home/greg/dev/nethermind/warp/tests/semantic/solidity/test/libsolidity/semanticTests/array/copying/array_nested_calldata_to_storage.cairo.temp:1393:5: (pc=0:7297)\n    __warp_block_5(match_var)\n    ^***********************^\n/home/greg/dev/nethermind/warp/tests/semantic/solidity/test/libsolidity/semanticTests/array/copying/array_nested_calldata_to_storage.cairo.temp:1382:5: (pc=0:7262)\n    __warp_if_5(__warp_subexpr_0, match_var)\n    ^**************************************^\n/home/greg/dev/nethermind/warp/tests/semantic/solidity/test/libsolidity/semanticTests/array/copying/array_nested_calldata_to_storage.cairo.temp:1371:9: (pc=0:7225)\n        __warp_block_7(match_var)\n        ^***********************^\n/home/greg/dev/nethermind/warp/tests/semantic/solidity/test/libsolidity/semanticTests/array/copying/array_nested_calldata_to_storage.cairo.temp:1358:5: (pc=0:7207)\n    __warp_if_6(__warp_subexpr_0, match_var)\n    ^**************************************^\n/home/greg/dev/nethermind/warp/tests/semantic/solidity/test/libsolidity/semanticTests/array/copying/array_nested_calldata_to_storage.cairo.temp:1347:9: (pc=0:7170)\n        __warp_block_9(match_var)\n        ^***********************^\n/home/greg/dev/nethermind/warp/tests/semantic/solidity/test/libsolidity/semanticTests/array/copying/array_nested_calldata_to_storage.cairo.temp:1334:5: (pc=0:7152)\n    __warp_if_7(__warp_subexpr_0, match_var)\n    ^**************************************^\n/home/greg/dev/nethermind/warp/tests/semantic/solidity/test/libsolidity/semanticTests/array/copying/array_nested_calldata_to_storage.cairo.temp:1323:9: (pc=0:7115)\n        __warp_block_11(match_var)\n        ^************************^\n/home/greg/dev/nethermind/warp/tests/semantic/solidity/test/libsolidity/semanticTests/array/copying/array_nested_calldata_to_storage.cairo.temp:1310:5: (pc=0:7097)\n    __warp_if_8(__warp_subexpr_0)\n    ^***************************^\n/home/greg/dev/nethermind/warp/tests/semantic/solidity/test/libsolidity/semanticTests/array/copying/array_nested_calldata_to_storage.cairo.temp:1297:9: (pc=0:7073)\n        __warp_block_12()\n        ^***************^\n/home/greg/dev/nethermind/warp/tests/semantic/solidity/test/libsolidity/semanticTests/array/copying/array_nested_calldata_to_storage.cairo.temp:1283:46: (pc=0:6994)\n    let (ret_5 : Uint256, ret_6 : Uint256) = fun_test1(param_2, param_3)\n                                             ^*************************^\n/home/greg/dev/nethermind/warp/tests/semantic/solidity/test/libsolidity/semanticTests/array/copying/array_nested_calldata_to_storage.cairo.temp:1184:66: (pc=0:6476)\n    let (elementSlot : Uint256, i : Uint256, srcPtr : Uint256) = __warp_loop_3(\n                                                                 ^************^\n/home/greg/dev/nethermind/warp/tests/semantic/solidity/test/libsolidity/semanticTests/array/copying/array_nested_calldata_to_storage.cairo.temp:1042:66: (pc=0:5919)\n    let (elementSlot : Uint256, i : Uint256, srcPtr : Uint256) = __warp_loop_body_3(\n                                                                 ^*****************^\n/home/greg/dev/nethermind/warp/tests/semantic/solidity/test/libsolidity/semanticTests/array/copying/array_nested_calldata_to_storage.cairo.temp:1020:37: (pc=0:5816)\n        elementValue_1 : Uint256) = access_calldata_tail_array_uint256_dyn_calldata(\n                                    ^**********************************************^'})
------------------------------------------------------------------------------------------------------------------- Captured stdout call -------------------------------------------------------------------------------------------------------------------
{'callData': '0xc5cf7678000000000000000000000000000000000000000000000000000000000000002000000000000000000000000000000000000000000000000000000000000000020000000000000000000000000000000000000000000000000000000000000040000000000000000000000000000000000000000000000000000000000000004000000000000000000000000000000000000000000000000000000000000000020000000000000000000000000000000000000000000000000000000000000017000000000000000000000000000000000000000000000000000000000000002a', 'expectations': '0x00000000000000000000000000000000000000000000000000000000000000020000000000000000000000000000000000000000000000000000000000000041', 'failure': False, 'signature': 'test1(uint256[][])'}
------------------------------------------------------------------------------------------------------------------- Captured stderr call -------------------------------------------------------------------------------------------------------------------
Warning: SPDX license identifier not provided in source file. Before publishing, consider adding a comment containing "SPDX-License-Identifier: <SPDX-License>" to each source file. Use "SPDX-License-Identifier: UNLICENSED" for non-open-source code. Please see https://spdx.org for more information.
--> tests/semantic/solidity/test/libsolidity/semanticTests/array/pop/byte_array_pop_empty_exception_marked.sol

Warning: This declaration shadows an existing declaration.
 --> tests/semantic/solidity/test/libsolidity/semanticTests/array/pop/byte_array_pop_empty_exception_marked.sol:5:5:
  |
5 |     uint256 c;
  |     ^^^^^^^^^
Note: The shadowed declaration is here:
 --> tests/semantic/solidity/test/libsolidity/semanticTests/array/pop/byte_array_pop_empty_exception_marked.sol:2:1:
  |
2 | contract c {
  | ^ (Relevant source part starts here and spans across multiple lines).

________________________________________________ test_semantics[/home/greg/dev/nethermind/warp/tests/semantic/solidity/test/libsolidity/semanticTests/array/copying/array_of_struct_memory_to_storage.sol] _________________________________________________
FAILURE: /home/greg/dev/nethermind/warp/tests/semantic/solidity/test/libsolidity/semanticTests/array/copying/array_of_struct_memory_to_storage.cairo.temp
assert '0x0000000000...ffffffffffff4' == '0x0000000000...000000000000c'
  - 0x000000000000000000000000000000000000000000000000000000000000000a000000000000000000000000000000000000000000000000000000000000000b000000000000000000000000000000000000000000000000000000000000000c
  + 0x00000000000000000000000000000000fffffffffffffffffffffffffffffff6000000000000000000000000000000000000000000000000fffffffffffffff500000000000000000000000000000000fffffffffffffffffffffffffffffff4
tests/semantic/test_semantics.py:173 in test_semantics() -> check.equal(final_res, expected_result, cairo_file_path)
------------------------------------------------------------
Failed Checks: 1
------------------------------------------------------------------------------------------------------------------- Captured stdout call -------------------------------------------------------------------------------------------------------------------
{'callData': '0x26121ff0', 'expectations': '0x000000000000000000000000000000000000000000000000000000000000000a000000000000000000000000000000000000000000000000000000000000000b000000000000000000000000000000000000000000000000000000000000000c', 'failure': False, 'signature': 'f()'}
{'callData': '0x765f6a0000000000000000000000000000000000000000000000000000000000000000200000000000000000000000000000000000000000000000000000000000000012000000000000000000000000000000000000000000000000000000000000000100000000000000000000000000000000000000000000000000000000000000020000000000000000000000000000000000000000000000000000000000000003000000000000000000000000000000000000000000000000000000000000000400000000000000000000000000000000000000000000000000000000000000050000000000000000000000000000000000000000000000000000000000000006000000000000000000000000000000000000000000000000000000000000000700000000000000000000000000000000000000000000000000000000000000080000000000000000000000000000000000000000000000000000000000000009000000000000000000000000000000000000000000000000000000000000000a000000000000000000000000000000000000000000000000000000000000000b000000000000000000000000000000000000000000000000000000000000000c000000000000000000000000000000000000000000000000000000000000000d000000000000000000000000000000000000000000000000000000000000000e000000000000000000000000000000000000000000000000000000000000000f000000000000000000000000000000000000000000000000000000000000001000000000000000000000000000000000000000000000000000000000000000110000000000000000000000000000000000000000000000000000000000000012', 'expectations': '0x0000000000000000000000000000000000000000000000000000000000000012', 'failure': False, 'signature': 'set(uint24[])'}
------------------------------------------------------------------------------------------------------------------- Captured stderr call -------------------------------------------------------------------------------------------------------------------
Warning: SPDX license identifier not provided in source file. Before publishing, consider adding a comment containing "SPDX-License-Identifier: <SPDX-License>" to each source file. Use "SPDX-License-Identifier: UNLICENSED" for non-open-source code. Please see https://spdx.org for more information.
--> tests/semantic/solidity/test/libsolidity/semanticTests/array/pop/byte_array_pop_marked.sol

_____________________________________________ test_semantics[/home/greg/dev/nethermind/warp/tests/semantic/solidity/test/libsolidity/semanticTests/array/copying/copy_internal_function_array_to_storage.sol] ______________________________________________
tests/semantic/test_semantics.py:159: in test_semantics
    await invoke_method_evm_calldata(starknet, contract_address, argument)
E   Failed: DID NOT RAISE <class 'Exception'>
------------------------------------------------------------------------------------------------------------------- Captured stdout call -------------------------------------------------------------------------------------------------------------------
{'callData': '0xf0ba84400000000000000000000000000000000000000000000000000000000000000007', 'expectations': '0x0000000000000000000000000000000000000000000000000000000000000008', 'failure': False, 'signature': 'data(uint256)'}
{'callData': '0xf0ba8440000000000000000000000000000000000000000000000000000000000000000f', 'expectations': '0x0000000000000000000000000000000000000000000000000000000000000010', 'failure': False, 'signature': 'data(uint256)'}
{'callData': '0xf0ba84400000000000000000000000000000000000000000000000000000000000000012', 'expectations': '0x', 'failure': True, 'signature': 'data(uint256)'}
{'callData': '0x6d4ce63c', 'expectations': '0x00000000000000000000000000000000000000000000000000000000000000200000000000000000000000000000000000000000000000000000000000000012000000000000000000000000000000000000000000000000000000000000000100000000000000000000000000000000000000000000000000000000000000020000000000000000000000000000000000000000000000000000000000000003000000000000000000000000000000000000000000000000000000000000000400000000000000000000000000000000000000000000000000000000000000050000000000000000000000000000000000000000000000000000000000000006000000000000000000000000000000000000000000000000000000000000000700000000000000000000000000000000000000000000000000000000000000080000000000000000000000000000000000000000000000000000000000000009000000000000000000000000000000000000000000000000000000000000000a000000000000000000000000000000000000000000000000000000000000000b000000000000000000000000000000000000000000000000000000000000000c000000000000000000000000000000000000000000000000000000000000000d000000000000000000000000000000000000000000000000000000000000000e000000000000000000000000000000000000000000000000000000000000000f000000000000000000000000000000000000000000000000000000000000001000000000000000000000000000000000000000000000000000000000000000110000000000000000000000000000000000000000000000000000000000000012', 'failure': False, 'signature': 'get()'}
{'callData': '0x26121ff0', 'expectations': '0x0000000000000000000000000000000000000000000000000000000000000003', 'failure': False, 'signature': 'f()'}
{'callData': '0xf8a8fd6d', 'expectations': '0x00000000000000000000000000000000000000000000000000000000000000010000000000000000000000000000000000000000000000000000000000000000', 'failure': False, 'signature': 'test()'}
{'callData': '0x2e64cec1', 'expectations': '0x0000000000000000000000000000000000000000000000000000000000000009000000000000000000000000000000000000000000000000000000000000001c0000000000000000000000000000000000000000000000000000000000000009000000000000000000000000000000000000000000000000000000000000001c000000000000000000000000000000000000000000000000000000000000000400000000000000000000000000000000000000000000000000000000000000030000000000000000000000000000000000000000000000000000000000000020', 'failure': False, 'signature': 'retrieve()'}
{'callData': '0x5fdf05d7', 'expectations': '0x4e487b710000000000000000000000000000000000000000000000000000000000000051', 'failure': True, 'signature': 'two()'}
------------------------------------------------------------------------------------------------------------------- Captured stderr call -------------------------------------------------------------------------------------------------------------------
Warning: SPDX license identifier not provided in source file. Before publishing, consider adding a comment containing "SPDX-License-Identifier: <SPDX-License>" to each source file. Use "SPDX-License-Identifier: UNLICENSED" for non-open-source code. Please see https://spdx.org for more information.
--> tests/semantic/solidity/test/libsolidity/semanticTests/array/pop/array_pop_empty_exception_marked.sol

___________________________________________________ test_semantics[/home/greg/dev/nethermind/warp/tests/semantic/solidity/test/libsolidity/semanticTests/array/copying/array_copy_calldata_storage.sol] ____________________________________________________
FAILURE: /home/greg/dev/nethermind/warp/tests/semantic/solidity/test/libsolidity/semanticTests/array/copying/array_copy_calldata_storage.cairo.temp
assert '0x0000000000...00000000000e0' == '0x0000000000...0000000000020'
  - 0x0000000000000000000000000000000000000000000000000000000000000009000000000000000000000000000000000000000000000000000000000000001c0000000000000000000000000000000000000000000000000000000000000009000000000000000000000000000000000000000000000000000000000000001c000000000000000000000000000000000000000000000000000000000000000400000000000000000000000000000000000000000000000000000000000000030000000000000000000000000000000000000000000000000000000000000020
  ?                                                                                                                           ...
  
  ...Full output truncated (3 lines hidden), use '-vv' to show
tests/semantic/test_semantics.py:173 in test_semantics() -> check.equal(final_res, expected_result, cairo_file_path)
------------------------------------------------------------
Failed Checks: 1
____________________________________________________ test_semantics[/home/greg/dev/nethermind/warp/tests/semantic/solidity/test/libsolidity/semanticTests/array/copying/arrays_from_and_to_storage.sol] ____________________________________________________
FAILURE: /home/greg/dev/nethermind/warp/tests/semantic/solidity/test/libsolidity/semanticTests/array/copying/arrays_from_and_to_storage.cairo.temp
assert '0x0000000000...0000000fffff8' == '0x0000000000...0000000000008'
  - 0x0000000000000000000000000000000000000000000000000000000000000008
  ?                                                             ^^^^^
  + 0x0000000000000000000000000000000000000000000000000000000000fffff8
  ?                                                             ^^^^^
tests/semantic/test_semantics.py:173 in test_semantics() -> check.equal(final_res, expected_result, cairo_file_path)
FAILURE: /home/greg/dev/nethermind/warp/tests/semantic/solidity/test/libsolidity/semanticTests/array/copying/arrays_from_and_to_storage.cairo.temp
assert '0x0000000000...0000000fffff0' == '0x0000000000...0000000000010'
  - 0x0000000000000000000000000000000000000000000000000000000000000010
  ?                                                              -----
  + 0x0000000000000000000000000000000000000000000000000000000000fffff0
  ?                                                             +++++
tests/semantic/test_semantics.py:173 in test_semantics() -> check.equal(final_res, expected_result, cairo_file_path)
FAILURE: /home/greg/dev/nethermind/warp/tests/semantic/solidity/test/libsolidity/semanticTests/array/copying/arrays_from_and_to_storage.cairo.temp
assert '0x0000000000...0000000ffffee' == '0x0000000000...0000000000012'
  - 0x00000000000000000000000000000000000000000000000000000000000000200000000000000000000000000000000000000000000000000000000000000012000000000000000000000000000000000000000000000000000000000000000100000000000000000000000000000000000000000000000000000000000000020000000000000000000000000000000000000000000000000000000000000003000000000000000000000000000000000000000000000000000000000000000400000000000000000000000000000000000000000000000000000000000000050000000000000000000000000000000000000000000000000000000000000006000000000000000000000000000000000000000000000000000000000000...
  
  ...Full output truncated (2 lines hidden), use '-vv' to show
tests/semantic/test_semantics.py:173 in test_semantics() -> check.equal(final_res, expected_result, cairo_file_path)
------------------------------------------------------------
Failed Checks: 3
__________________________________________________ test_semantics[/home/greg/dev/nethermind/warp/tests/semantic/solidity/test/libsolidity/semanticTests/array/copying/memory_dyn_2d_bytes_to_storage.sol] __________________________________________________
../../../warp_dev/lib/python3.7/site-packages/cairo_lang-0.6.2-py3.7.egg/starkware/starknet/business_logic/internal_transaction.py:539: in _run
    verify_secure=True,
../../../warp_dev/lib/python3.7/site-packages/cairo_lang-0.6.2-py3.7.egg/starkware/cairo/common/cairo_function_runner.py:199: in run_from_entrypoint
    self.run_until_pc(addr=end, run_resources=run_resources)
../../../warp_dev/lib/python3.7/site-packages/cairo_lang-0.6.2-py3.7.egg/starkware/cairo/lang/vm/cairo_runner.py:284: in run_until_pc
    self.vm_step()
../../../warp_dev/lib/python3.7/site-packages/cairo_lang-0.6.2-py3.7.egg/starkware/cairo/lang/vm/cairo_runner.py:298: in vm_step
    self.vm.step()
../../../warp_dev/lib/python3.7/site-packages/cairo_lang-0.6.2-py3.7.egg/starkware/cairo/lang/vm/virtual_machine_base.py:255: in step
    self.run_instruction(instruction)
../../../warp_dev/lib/python3.7/site-packages/cairo_lang-0.6.2-py3.7.egg/starkware/cairo/lang/vm/vm_core.py:422: in run_instruction
    raise self.as_vm_exception(exc) from None
E   starkware.cairo.lang.vm.vm_exceptions.VmException: /home/greg/dev/nethermind/warp/tests/semantic/solidity/test/libsolidity/semanticTests/array/copying/memory_dyn_2d_bytes_to_storage.cairo.temp:256:9: Error at pc=0:2915:
E   An ASSERT_EQ instruction failed: 1 != 0.
E           assert 0 = 1
E           ^**********^
E   Cairo traceback (most recent call last):
E   /home/greg/dev/nethermind/warp/tests/semantic/solidity/test/libsolidity/semanticTests/array/copying/memory_dyn_2d_bytes_to_storage.cairo.temp:52:6: (pc=0:2188)
E   func __main{
E        ^****^
E   /home/greg/dev/nethermind/warp/tests/semantic/solidity/test/libsolidity/semanticTests/array/copying/memory_dyn_2d_bytes_to_storage.cairo.temp:66:9: (pc=0:2127)
E           __main_meat()
E           ^***********^
E   /home/greg/dev/nethermind/warp/tests/semantic/solidity/test/libsolidity/semanticTests/array/copying/memory_dyn_2d_bytes_to_storage.cairo.temp:1116:5: (pc=0:6071)
E       __warp_if_10(__warp_subexpr_0)
E       ^****************************^
E   /home/greg/dev/nethermind/warp/tests/semantic/solidity/test/libsolidity/semanticTests/array/copying/memory_dyn_2d_bytes_to_storage.cairo.temp:1100:9: (pc=0:6025)
E           __warp_block_16()
E           ^***************^
E   /home/greg/dev/nethermind/warp/tests/semantic/solidity/test/libsolidity/semanticTests/array/copying/memory_dyn_2d_bytes_to_storage.cairo.temp:1090:5: (pc=0:6000)
E       __warp_if_11(__warp_subexpr_0)
E       ^****************************^
E   /home/greg/dev/nethermind/warp/tests/semantic/solidity/test/libsolidity/semanticTests/array/copying/memory_dyn_2d_bytes_to_storage.cairo.temp:1075:9: (pc=0:5955)
E           __warp_block_17()
E           ^***************^
E   /home/greg/dev/nethermind/warp/tests/semantic/solidity/test/libsolidity/semanticTests/array/copying/memory_dyn_2d_bytes_to_storage.cairo.temp:1061:29: (pc=0:5883)
E       let (var_i : Uint256) = __warp_loop_0(Uint256(low=0, high=0), expr, expr_mpos, var_i)
E                               ^***********************************************************^
E   /home/greg/dev/nethermind/warp/tests/semantic/solidity/test/libsolidity/semanticTests/array/copying/memory_dyn_2d_bytes_to_storage.cairo.temp:1006:29: (pc=0:5632)
E       let (var_i : Uint256) = __warp_loop_body_0(_1, expr_mpos, var_i)
E                               ^**************************************^
E   /home/greg/dev/nethermind/warp/tests/semantic/solidity/test/libsolidity/semanticTests/array/copying/memory_dyn_2d_bytes_to_storage.cairo.temp:984:30: (pc=0:5526)
E       let (expr_1 : Uint256) = extract_byte_array_length(__warp_subexpr_0)
E                                ^*****************************************^

During handling of the above exception, another exception occurred:
tests/semantic/test_semantics.py:161: in test_semantics
    res = await invoke_method_evm_calldata(starknet, contract_address, argument)
../../../warp_dev/lib/python3.7/site-packages/sol_warp-0.2.12-py3.7.egg/yul/starknet_utils.py:30: in invoke_method_evm_calldata
    caller_address=0,
../../../warp_dev/lib/python3.7/site-packages/cairo_lang-0.6.2-py3.7.egg/starkware/starknet/testing/state.py:153: in invoke_raw
    state=state_copy, general_config=self.general_config
../../../warp_dev/lib/python3.7/site-packages/cairo_lang-0.6.2-py3.7.egg/starkware/starknet/business_logic/internal_transaction_interface.py:213: in apply_state_updates
    state=state_to_update, general_config=general_config
../../../warp_dev/lib/python3.7/site-packages/cairo_lang-0.6.2-py3.7.egg/starkware/starknet/business_logic/internal_transaction.py:405: in _apply_specific_state_updates
    func=_synchronous_apply_specific_state_updates,
/usr/lib/python3.7/concurrent/futures/thread.py:57: in run
    result = self.fn(*self.args, **self.kwargs)
../../../warp_dev/lib/python3.7/site-packages/cairo_lang-0.6.2-py3.7.egg/starkware/starknet/business_logic/internal_transaction.py:433: in _synchronous_apply_specific_state_updates
    run_resources=run_resources,
../../../warp_dev/lib/python3.7/site-packages/cairo_lang-0.6.2-py3.7.egg/starkware/starknet/business_logic/internal_transaction.py:559: in _run
    raise StarkException(code=code, message=str(exception))
E   starkware.starkware_utils.error_handling.StarkException: (500, {'code': <StarknetErrorCode.TRANSACTION_FAILED: 28>, 'message': '/home/greg/dev/nethermind/warp/tests/semantic/solidity/test/libsolidity/semanticTests/array/copying/memory_dyn_2d_bytes_to_storage.cairo.temp:256:9: Error at pc=0:2915:\nAn ASSERT_EQ instruction failed: 1 != 0.\n        assert 0 = 1\n        ^**********^\nCairo traceback (most recent call last):\n/home/greg/dev/nethermind/warp/tests/semantic/solidity/test/libsolidity/semanticTests/array/copying/memory_dyn_2d_bytes_to_storage.cairo.temp:52:6: (pc=0:2188)\nfunc __main{\n     ^****^\n/home/greg/dev/nethermind/warp/tests/semantic/solidity/test/libsolidity/semanticTests/array/copying/memory_dyn_2d_bytes_to_storage.cairo.temp:66:9: (pc=0:2127)\n        __main_meat()\n        ^***********^\n/home/greg/dev/nethermind/warp/tests/semantic/solidity/test/libsolidity/semanticTests/array/copying/memory_dyn_2d_bytes_to_storage.cairo.temp:1116:5: (pc=0:6071)\n    __warp_if_10(__warp_subexpr_0)\n    ^****************************^\n/home/greg/dev/nethermind/warp/tests/semantic/solidity/test/libsolidity/semanticTests/array/copying/memory_dyn_2d_bytes_to_storage.cairo.temp:1100:9: (pc=0:6025)\n        __warp_block_16()\n        ^***************^\n/home/greg/dev/nethermind/warp/tests/semantic/solidity/test/libsolidity/semanticTests/array/copying/memory_dyn_2d_bytes_to_storage.cairo.temp:1090:5: (pc=0:6000)\n    __warp_if_11(__warp_subexpr_0)\n    ^****************************^\n/home/greg/dev/nethermind/warp/tests/semantic/solidity/test/libsolidity/semanticTests/array/copying/memory_dyn_2d_bytes_to_storage.cairo.temp:1075:9: (pc=0:5955)\n        __warp_block_17()\n        ^***************^\n/home/greg/dev/nethermind/warp/tests/semantic/solidity/test/libsolidity/semanticTests/array/copying/memory_dyn_2d_bytes_to_storage.cairo.temp:1061:29: (pc=0:5883)\n    let (var_i : Uint256) = __warp_loop_0(Uint256(low=0, high=0), expr, expr_mpos, var_i)\n                            ^***********************************************************^\n/home/greg/dev/nethermind/warp/tests/semantic/solidity/test/libsolidity/semanticTests/array/copying/memory_dyn_2d_bytes_to_storage.cairo.temp:1006:29: (pc=0:5632)\n    let (var_i : Uint256) = __warp_loop_body_0(_1, expr_mpos, var_i)\n                            ^**************************************^\n/home/greg/dev/nethermind/warp/tests/semantic/solidity/test/libsolidity/semanticTests/array/copying/memory_dyn_2d_bytes_to_storage.cairo.temp:984:30: (pc=0:5526)\n    let (expr_1 : Uint256) = extract_byte_array_length(__warp_subexpr_0)\n                             ^*****************************************^'})
___________________________________________________ test_semantics[/home/greg/dev/nethermind/warp/tests/semantic/solidity/test/libsolidity/semanticTests/array/copying/array_copy_target_leftover2.sol] ____________________________________________________
FAILURE: /home/greg/dev/nethermind/warp/tests/semantic/solidity/test/libsolidity/semanticTests/array/copying/array_copy_target_leftover2.cairo.temp
assert '0x0000000000...0000000000000' == '0x0000000000...0000000000000'
  - 0x000000000000000400000000000000000000000000000000000000000000000000000000000000000000000000000000000000000000000000000000000000000000000000000000000000000000000000000000000000000000000000000000
  ?                                                                                                                                                           ----------------------------------------
  + 0x0000000000000004000000000000000000000000000000000000000000000000ffffffffffffffffffff00000000000000000000000000000000000000000000ffffffffffffffffffff00000000000000000000000000000000...
  
  ...Full output truncated (2 lines hidden), use '-vv' to show
tests/semantic/test_semantics.py:173 in test_semantics() -> check.equal(final_res, expected_result, cairo_file_path)
------------------------------------------------------------
Failed Checks: 1
------------------------------------------------------------------------------------------------------------------- Captured stdout call -------------------------------------------------------------------------------------------------------------------
{'callData': '0xf8a8fd6d', 'expectations': '0x000000000000000400000000000000000000000000000000000000000000000000000000000000000000000000000000000000000000000000000000000000000000000000000000000000000000000000000000000000000000000000000000', 'failure': False, 'signature': 'test()'}
{'callData': '0x0002293b000000000000000000000000000000000000000000000000000000000000000a00000000000000000000000000000000000000000000000000000000000000050000000000000000000000000000000000000000000000000000000000000004', 'expectations': '0x', 'failure': False, 'signature': 'setData1(uint256,uint256,uint256)'}
{'callData': '0x52efea6e', 'expectations': '0x00000000000000000000000000000000000000000000000000000000000000000000000000000000000000000000000000000000000000000000000000000000', 'failure': False, 'signature': 'clear()'}
{'callData': '0x31955a20', 'expectations': '0x', 'failure': False, 'signature': 'copyStorageStorage()'}
{'callData': '0xf8a8fd6d', 'expectations': '0x0000000000000000000000000000000000000000000000000000000000000014000000000000000000000000000000000000000000000000000000000000000a', 'failure': False, 'signature': 'test()'}
{'callData': '0xb81bba790000000000000000000000000000000000000000000000000000000000000005', 'expectations': '0x000000000000000000000000000000000000000000000000000000000000000a0000000000000000000000000000000000000000000000000000000000000004', 'failure': False, 'signature': 'getData2(uint256)'}
{'callData': '0x0002293b000000000000000000000000000000000000000000000000000000000000000000000000000000000000000000000000000000000000000000000000000000000000000000000000000000000000000000000000000000000000000000000000', 'expectations': '0x', 'failure': False, 'signature': 'setData1(uint256,uint256,uint256)'}
------------------------------------------------------------------------------------------------------------------- Captured stderr call -------------------------------------------------------------------------------------------------------------------
Warning: SPDX license identifier not provided in source file. Before publishing, consider adding a comment containing "SPDX-License-Identifier: <SPDX-License>" to each source file. Use "SPDX-License-Identifier: UNLICENSED" for non-open-source code. Please see https://spdx.org for more information.
--> tests/semantic/solidity/test/libsolidity/semanticTests/array/pop/byte_array_pop_long_storage_empty_garbage_ref_marked.sol

________________________________________________ test_semantics[/home/greg/dev/nethermind/warp/tests/semantic/solidity/test/libsolidity/semanticTests/array/copying/array_copy_storage_storage_dyn_dyn.sol] ________________________________________________
FAILURE: /home/greg/dev/nethermind/warp/tests/semantic/solidity/test/libsolidity/semanticTests/array/copying/array_copy_storage_storage_dyn_dyn.cairo.temp
assert '0x0000000000...ffffffffffffc' == '0x0000000000...0000000000004'
  - 0x000000000000000000000000000000000000000000000000000000000000000a0000000000000000000000000000000000000000000000000000000000000004
  + 0x000000000000000000000000000000000000000000000000000000000000000afffffffffffffffffffffffffffffffffffffffffffffffffffffffffffffffc
tests/semantic/test_semantics.py:173 in test_semantics() -> check.equal(final_res, expected_result, cairo_file_path)
------------------------------------------------------------
Failed Checks: 1
------------------------------------------------------------------------------------------------------------------- Captured stdout call -------------------------------------------------------------------------------------------------------------------
{'callData': '0x31955a20', 'expectations': '0x', 'failure': False, 'signature': 'copyStorageStorage()'}
{'callData': '0xb81bba790000000000000000000000000000000000000000000000000000000000000000', 'expectations': '0x00000000000000000000000000000000000000000000000000000000000000000000000000000000000000000000000000000000000000000000000000000000', 'failure': False, 'signature': 'getData2(uint256)'}
------------------------------------------------------------------------------------------------------------------- Captured stderr call -------------------------------------------------------------------------------------------------------------------
Warning: SPDX license identifier not provided in source file. Before publishing, consider adding a comment containing "SPDX-License-Identifier: <SPDX-License>" to each source file. Use "SPDX-License-Identifier: UNLICENSED" for non-open-source code. Please see https://spdx.org for more information.
--> tests/semantic/solidity/test/libsolidity/semanticTests/array/pop/byte_array_pop_masking_long_marked.sol

_____________________________________________________ test_semantics[/home/greg/dev/nethermind/warp/tests/semantic/solidity/test/libsolidity/semanticTests/array/pop/array_pop_uint24_transition.sol] ______________________________________________________
FAILURE: /home/greg/dev/nethermind/warp/tests/semantic/solidity/test/libsolidity/semanticTests/array/pop/array_pop_uint24_transition.cairo.temp
assert '0x0000000000...0000000fffff6' == '0x0000000000...000000000000a'
  - 0x0000000000000000000000000000000000000000000000000000000000000014000000000000000000000000000000000000000000000000000000000000000a
  ?                                                             ^^^^^^                                                          ^^^^^^
  + 0x0000000000000000000000000000000000000000000000000000000000ffffec0000000000000000000000000000000000000000000000000000000000fffff6
  ?                                                             ^^^^^^                                                          ^^^^^^
tests/semantic/test_semantics.py:173 in test_semantics() -> check.equal(final_res, expected_result, cairo_file_path)
------------------------------------------------------------
Failed Checks: 1
____________________________________________________ test_semantics[/home/greg/dev/nethermind/warp/tests/semantic/solidity/test/libsolidity/semanticTests/array/copying/array_copy_cleanup_uint40.sol] _____________________________________________________
../../../warp_dev/lib/python3.7/site-packages/cairo_lang-0.6.2-py3.7.egg/starkware/starknet/business_logic/internal_transaction.py:539: in _run
    verify_secure=True,
../../../warp_dev/lib/python3.7/site-packages/cairo_lang-0.6.2-py3.7.egg/starkware/cairo/common/cairo_function_runner.py:199: in run_from_entrypoint
    self.run_until_pc(addr=end, run_resources=run_resources)
../../../warp_dev/lib/python3.7/site-packages/cairo_lang-0.6.2-py3.7.egg/starkware/cairo/lang/vm/cairo_runner.py:284: in run_until_pc
    self.vm_step()
../../../warp_dev/lib/python3.7/site-packages/cairo_lang-0.6.2-py3.7.egg/starkware/cairo/lang/vm/cairo_runner.py:298: in vm_step
    self.vm.step()
../../../warp_dev/lib/python3.7/site-packages/cairo_lang-0.6.2-py3.7.egg/starkware/cairo/lang/vm/virtual_machine_base.py:255: in step
    self.run_instruction(instruction)
../../../warp_dev/lib/python3.7/site-packages/cairo_lang-0.6.2-py3.7.egg/starkware/cairo/lang/vm/vm_core.py:422: in run_instruction
    raise self.as_vm_exception(exc) from None
E   starkware.cairo.lang.vm.vm_exceptions.VmException: /home/greg/dev/nethermind/warp/tests/semantic/solidity/test/libsolidity/semanticTests/array/copying/array_copy_cleanup_uint40.cairo.temp:396:9: Error at pc=0:3827:
E   An ASSERT_EQ instruction failed: 1 != 0.
E           assert 0 = 1
E           ^**********^
E   Cairo traceback (most recent call last):
E   /home/greg/dev/nethermind/warp/tests/semantic/solidity/test/libsolidity/semanticTests/array/copying/array_copy_cleanup_uint40.cairo.temp:54:6: (pc=0:2454)
E   func __main{
E        ^****^
E   /home/greg/dev/nethermind/warp/tests/semantic/solidity/test/libsolidity/semanticTests/array/copying/array_copy_cleanup_uint40.cairo.temp:68:9: (pc=0:2393)
E           __main_meat()
E           ^***********^
E   /home/greg/dev/nethermind/warp/tests/semantic/solidity/test/libsolidity/semanticTests/array/copying/array_copy_cleanup_uint40.cairo.temp:1015:5: (pc=0:6493)
E       __warp_if_3(__warp_subexpr_0)
E       ^***************************^
E   /home/greg/dev/nethermind/warp/tests/semantic/solidity/test/libsolidity/semanticTests/array/copying/array_copy_cleanup_uint40.cairo.temp:999:9: (pc=0:6447)
E           __warp_block_2()
E           ^**************^
E   /home/greg/dev/nethermind/warp/tests/semantic/solidity/test/libsolidity/semanticTests/array/copying/array_copy_cleanup_uint40.cairo.temp:989:5: (pc=0:6422)
E       __warp_if_4(__warp_subexpr_0)
E       ^***************************^
E   /home/greg/dev/nethermind/warp/tests/semantic/solidity/test/libsolidity/semanticTests/array/copying/array_copy_cleanup_uint40.cairo.temp:974:9: (pc=0:6377)
E           __warp_block_3()
E           ^**************^
E   /home/greg/dev/nethermind/warp/tests/semantic/solidity/test/libsolidity/semanticTests/array/copying/array_copy_cleanup_uint40.cairo.temp:826:5: (pc=0:5595)
E       assert_helper(__warp_subexpr_4)
E       ^*****************************^

During handling of the above exception, another exception occurred:
tests/semantic/test_semantics.py:161: in test_semantics
    res = await invoke_method_evm_calldata(starknet, contract_address, argument)
../../../warp_dev/lib/python3.7/site-packages/sol_warp-0.2.12-py3.7.egg/yul/starknet_utils.py:30: in invoke_method_evm_calldata
    caller_address=0,
../../../warp_dev/lib/python3.7/site-packages/cairo_lang-0.6.2-py3.7.egg/starkware/starknet/testing/state.py:153: in invoke_raw
    state=state_copy, general_config=self.general_config
../../../warp_dev/lib/python3.7/site-packages/cairo_lang-0.6.2-py3.7.egg/starkware/starknet/business_logic/internal_transaction_interface.py:213: in apply_state_updates
    state=state_to_update, general_config=general_config
../../../warp_dev/lib/python3.7/site-packages/cairo_lang-0.6.2-py3.7.egg/starkware/starknet/business_logic/internal_transaction.py:405: in _apply_specific_state_updates
    func=_synchronous_apply_specific_state_updates,
/usr/lib/python3.7/concurrent/futures/thread.py:57: in run
    result = self.fn(*self.args, **self.kwargs)
../../../warp_dev/lib/python3.7/site-packages/cairo_lang-0.6.2-py3.7.egg/starkware/starknet/business_logic/internal_transaction.py:433: in _synchronous_apply_specific_state_updates
    run_resources=run_resources,
../../../warp_dev/lib/python3.7/site-packages/cairo_lang-0.6.2-py3.7.egg/starkware/starknet/business_logic/internal_transaction.py:559: in _run
    raise StarkException(code=code, message=str(exception))
E   starkware.starkware_utils.error_handling.StarkException: (500, {'code': <StarknetErrorCode.TRANSACTION_FAILED: 28>, 'message': '/home/greg/dev/nethermind/warp/tests/semantic/solidity/test/libsolidity/semanticTests/array/copying/array_copy_cleanup_uint40.cairo.temp:396:9: Error at pc=0:3827:\nAn ASSERT_EQ instruction failed: 1 != 0.\n        assert 0 = 1\n        ^**********^\nCairo traceback (most recent call last):\n/home/greg/dev/nethermind/warp/tests/semantic/solidity/test/libsolidity/semanticTests/array/copying/array_copy_cleanup_uint40.cairo.temp:54:6: (pc=0:2454)\nfunc __main{\n     ^****^\n/home/greg/dev/nethermind/warp/tests/semantic/solidity/test/libsolidity/semanticTests/array/copying/array_copy_cleanup_uint40.cairo.temp:68:9: (pc=0:2393)\n        __main_meat()\n        ^***********^\n/home/greg/dev/nethermind/warp/tests/semantic/solidity/test/libsolidity/semanticTests/array/copying/array_copy_cleanup_uint40.cairo.temp:1015:5: (pc=0:6493)\n    __warp_if_3(__warp_subexpr_0)\n    ^***************************^\n/home/greg/dev/nethermind/warp/tests/semantic/solidity/test/libsolidity/semanticTests/array/copying/array_copy_cleanup_uint40.cairo.temp:999:9: (pc=0:6447)\n        __warp_block_2()\n        ^**************^\n/home/greg/dev/nethermind/warp/tests/semantic/solidity/test/libsolidity/semanticTests/array/copying/array_copy_cleanup_uint40.cairo.temp:989:5: (pc=0:6422)\n    __warp_if_4(__warp_subexpr_0)\n    ^***************************^\n/home/greg/dev/nethermind/warp/tests/semantic/solidity/test/libsolidity/semanticTests/array/copying/array_copy_cleanup_uint40.cairo.temp:974:9: (pc=0:6377)\n        __warp_block_3()\n        ^**************^\n/home/greg/dev/nethermind/warp/tests/semantic/solidity/test/libsolidity/semanticTests/array/copying/array_copy_cleanup_uint40.cairo.temp:826:5: (pc=0:5595)\n    assert_helper(__warp_subexpr_4)\n    ^*****************************^'})
___________________________________________________ test_semantics[/home/greg/dev/nethermind/warp/tests/semantic/solidity/test/libsolidity/semanticTests/array/copying/storage_memory_nested_struct.sol] ___________________________________________________
FAILURE: /home/greg/dev/nethermind/warp/tests/semantic/solidity/test/libsolidity/semanticTests/array/copying/storage_memory_nested_struct.cairo.temp
assert '0x0000000000...0000000000004' == '0x0000000000...0000000000004'
  - 0x000000000000000000000000000000000000000000000000000000000000000b000000000000000000000000000000000000000000000000000000000000000c0000000000000000000000000000000000000000000000000000000000000001000000000000000000000000000000000000000000000000000000000000001500000000000000000000000000000000000000000000000000000000000000160000000000000000000000000000000000000000000000000000000000000004
  + 0x00000000000000000000000000000000000000000000000000000000000000f500000000000000000000000000000000000000000000000000000000000000f400000000000000000000000000000000000000000000000000000000...
  
  ...Full output truncated (1 line hidden), use '-vv' to show
tests/semantic/test_semantics.py:173 in test_semantics() -> check.equal(final_res, expected_result, cairo_file_path)
------------------------------------------------------------
Failed Checks: 1
_______________________________________________________ test_semantics[/home/greg/dev/nethermind/warp/tests/semantic/solidity/test/libsolidity/semanticTests/array/pop/byte_array_pop_copy_long.sol] _______________________________________________________
../../../warp_dev/lib/python3.7/site-packages/cairo_lang-0.6.2-py3.7.egg/starkware/starknet/business_logic/internal_transaction.py:539: in _run
    verify_secure=True,
../../../warp_dev/lib/python3.7/site-packages/cairo_lang-0.6.2-py3.7.egg/starkware/cairo/common/cairo_function_runner.py:199: in run_from_entrypoint
    self.run_until_pc(addr=end, run_resources=run_resources)
../../../warp_dev/lib/python3.7/site-packages/cairo_lang-0.6.2-py3.7.egg/starkware/cairo/lang/vm/cairo_runner.py:284: in run_until_pc
    self.vm_step()
../../../warp_dev/lib/python3.7/site-packages/cairo_lang-0.6.2-py3.7.egg/starkware/cairo/lang/vm/cairo_runner.py:298: in vm_step
    self.vm.step()
../../../warp_dev/lib/python3.7/site-packages/cairo_lang-0.6.2-py3.7.egg/starkware/cairo/lang/vm/virtual_machine_base.py:255: in step
    self.run_instruction(instruction)
../../../warp_dev/lib/python3.7/site-packages/cairo_lang-0.6.2-py3.7.egg/starkware/cairo/lang/vm/vm_core.py:422: in run_instruction
    raise self.as_vm_exception(exc) from None
E   starkware.cairo.lang.vm.vm_exceptions.VmException: /home/greg/dev/nethermind/warp/tests/semantic/solidity/test/libsolidity/semanticTests/array/pop/byte_array_pop_copy_long.cairo.temp:105:9: Error at pc=0:2324:
E   An ASSERT_EQ instruction failed: 1 != 0.
E           assert 0 = 1
E           ^**********^
E   Cairo traceback (most recent call last):
E   /home/greg/dev/nethermind/warp/tests/semantic/solidity/test/libsolidity/semanticTests/array/pop/byte_array_pop_copy_long.cairo.temp:52:6: (pc=0:2188)
E   func __main{
E        ^****^
E   /home/greg/dev/nethermind/warp/tests/semantic/solidity/test/libsolidity/semanticTests/array/pop/byte_array_pop_copy_long.cairo.temp:66:9: (pc=0:2127)
E           __main_meat()
E           ^***********^
E   /home/greg/dev/nethermind/warp/tests/semantic/solidity/test/libsolidity/semanticTests/array/pop/byte_array_pop_copy_long.cairo.temp:855:5: (pc=0:4996)
E       __warp_if_9(__warp_subexpr_0)
E       ^***************************^
E   /home/greg/dev/nethermind/warp/tests/semantic/solidity/test/libsolidity/semanticTests/array/pop/byte_array_pop_copy_long.cairo.temp:839:9: (pc=0:4950)
E           __warp_block_25()
E           ^***************^
E   /home/greg/dev/nethermind/warp/tests/semantic/solidity/test/libsolidity/semanticTests/array/pop/byte_array_pop_copy_long.cairo.temp:829:5: (pc=0:4925)
E       __warp_if_10(__warp_subexpr_0)
E       ^****************************^
E   /home/greg/dev/nethermind/warp/tests/semantic/solidity/test/libsolidity/semanticTests/array/pop/byte_array_pop_copy_long.cairo.temp:814:9: (pc=0:4880)
E           __warp_block_26()
E           ^***************^
E   /home/greg/dev/nethermind/warp/tests/semantic/solidity/test/libsolidity/semanticTests/array/pop/byte_array_pop_copy_long.cairo.temp:799:29: (pc=0:4798)
E       let (var_j : Uint256) = __warp_loop_1(Uint256(low=4, high=0), var_j)
E                               ^******************************************^
E   /home/greg/dev/nethermind/warp/tests/semantic/solidity/test/libsolidity/semanticTests/array/pop/byte_array_pop_copy_long.cairo.temp:555:29: (pc=0:3888)
E       let (var_j : Uint256) = __warp_loop_1(_1, var_j)
E                               ^**********************^
E   /home/greg/dev/nethermind/warp/tests/semantic/solidity/test/libsolidity/semanticTests/array/pop/byte_array_pop_copy_long.cairo.temp:555:29: (pc=0:3888)
E       let (var_j : Uint256) = __warp_loop_1(_1, var_j)
E                               ^**********************^
E   /home/greg/dev/nethermind/warp/tests/semantic/solidity/test/libsolidity/semanticTests/array/pop/byte_array_pop_copy_long.cairo.temp:554:29: (pc=0:3876)
E       let (var_j : Uint256) = __warp_loop_body_1(var_j)
E                               ^***********************^
E   /home/greg/dev/nethermind/warp/tests/semantic/solidity/test/libsolidity/semanticTests/array/pop/byte_array_pop_copy_long.cairo.temp:539:5: (pc=0:3822)
E       byte_array_pop_bytes_storage_ptr()
E       ^********************************^
E   /home/greg/dev/nethermind/warp/tests/semantic/solidity/test/libsolidity/semanticTests/array/pop/byte_array_pop_copy_long.cairo.temp:524:30: (pc=0:3786)
E       let (oldLen : Uint256) = extract_byte_array_length(data)
E                                ^*****************************^

During handling of the above exception, another exception occurred:
tests/semantic/test_semantics.py:161: in test_semantics
    res = await invoke_method_evm_calldata(starknet, contract_address, argument)
../../../warp_dev/lib/python3.7/site-packages/sol_warp-0.2.12-py3.7.egg/yul/starknet_utils.py:30: in invoke_method_evm_calldata
    caller_address=0,
../../../warp_dev/lib/python3.7/site-packages/cairo_lang-0.6.2-py3.7.egg/starkware/starknet/testing/state.py:153: in invoke_raw
    state=state_copy, general_config=self.general_config
../../../warp_dev/lib/python3.7/site-packages/cairo_lang-0.6.2-py3.7.egg/starkware/starknet/business_logic/internal_transaction_interface.py:213: in apply_state_updates
    state=state_to_update, general_config=general_config
../../../warp_dev/lib/python3.7/site-packages/cairo_lang-0.6.2-py3.7.egg/starkware/starknet/business_logic/internal_transaction.py:405: in _apply_specific_state_updates
    func=_synchronous_apply_specific_state_updates,
/usr/lib/python3.7/concurrent/futures/thread.py:57: in run
    result = self.fn(*self.args, **self.kwargs)
../../../warp_dev/lib/python3.7/site-packages/cairo_lang-0.6.2-py3.7.egg/starkware/starknet/business_logic/internal_transaction.py:433: in _synchronous_apply_specific_state_updates
    run_resources=run_resources,
../../../warp_dev/lib/python3.7/site-packages/cairo_lang-0.6.2-py3.7.egg/starkware/starknet/business_logic/internal_transaction.py:559: in _run
    raise StarkException(code=code, message=str(exception))
E   starkware.starkware_utils.error_handling.StarkException: (500, {'code': <StarknetErrorCode.TRANSACTION_FAILED: 28>, 'message': '/home/greg/dev/nethermind/warp/tests/semantic/solidity/test/libsolidity/semanticTests/array/pop/byte_array_pop_copy_long.cairo.temp:105:9: Error at pc=0:2324:\nAn ASSERT_EQ instruction failed: 1 != 0.\n        assert 0 = 1\n        ^**********^\nCairo traceback (most recent call last):\n/home/greg/dev/nethermind/warp/tests/semantic/solidity/test/libsolidity/semanticTests/array/pop/byte_array_pop_copy_long.cairo.temp:52:6: (pc=0:2188)\nfunc __main{\n     ^****^\n/home/greg/dev/nethermind/warp/tests/semantic/solidity/test/libsolidity/semanticTests/array/pop/byte_array_pop_copy_long.cairo.temp:66:9: (pc=0:2127)\n        __main_meat()\n        ^***********^\n/home/greg/dev/nethermind/warp/tests/semantic/solidity/test/libsolidity/semanticTests/array/pop/byte_array_pop_copy_long.cairo.temp:855:5: (pc=0:4996)\n    __warp_if_9(__warp_subexpr_0)\n    ^***************************^\n/home/greg/dev/nethermind/warp/tests/semantic/solidity/test/libsolidity/semanticTests/array/pop/byte_array_pop_copy_long.cairo.temp:839:9: (pc=0:4950)\n        __warp_block_25()\n        ^***************^\n/home/greg/dev/nethermind/warp/tests/semantic/solidity/test/libsolidity/semanticTests/array/pop/byte_array_pop_copy_long.cairo.temp:829:5: (pc=0:4925)\n    __warp_if_10(__warp_subexpr_0)\n    ^****************************^\n/home/greg/dev/nethermind/warp/tests/semantic/solidity/test/libsolidity/semanticTests/array/pop/byte_array_pop_copy_long.cairo.temp:814:9: (pc=0:4880)\n        __warp_block_26()\n        ^***************^\n/home/greg/dev/nethermind/warp/tests/semantic/solidity/test/libsolidity/semanticTests/array/pop/byte_array_pop_copy_long.cairo.temp:799:29: (pc=0:4798)\n    let (var_j : Uint256) = __warp_loop_1(Uint256(low=4, high=0), var_j)\n                            ^******************************************^\n/home/greg/dev/nethermind/warp/tests/semantic/solidity/test/libsolidity/semanticTests/array/pop/byte_array_pop_copy_long.cairo.temp:555:29: (pc=0:3888)\n    let (var_j : Uint256) = __warp_loop_1(_1, var_j)\n                            ^**********************^\n/home/greg/dev/nethermind/warp/tests/semantic/solidity/test/libsolidity/semanticTests/array/pop/byte_array_pop_copy_long.cairo.temp:555:29: (pc=0:3888)\n    let (var_j : Uint256) = __warp_loop_1(_1, var_j)\n                            ^**********************^\n/home/greg/dev/nethermind/warp/tests/semantic/solidity/test/libsolidity/semanticTests/array/pop/byte_array_pop_copy_long.cairo.temp:554:29: (pc=0:3876)\n    let (var_j : Uint256) = __warp_loop_body_1(var_j)\n                            ^***********************^\n/home/greg/dev/nethermind/warp/tests/semantic/solidity/test/libsolidity/semanticTests/array/pop/byte_array_pop_copy_long.cairo.temp:539:5: (pc=0:3822)\n    byte_array_pop_bytes_storage_ptr()\n    ^********************************^\n/home/greg/dev/nethermind/warp/tests/semantic/solidity/test/libsolidity/semanticTests/array/pop/byte_array_pop_copy_long.cairo.temp:524:30: (pc=0:3786)\n    let (oldLen : Uint256) = extract_byte_array_length(data)\n                             ^*****************************^'})
------------------------------------------------------------------------------------------------------------------- Captured stderr call -------------------------------------------------------------------------------------------------------------------
Warning: SPDX license identifier not provided in source file. Before publishing, consider adding a comment containing "SPDX-License-Identifier: <SPDX-License>" to each source file. Use "SPDX-License-Identifier: UNLICENSED" for non-open-source code. Please see https://spdx.org for more information.
--> tests/semantic/solidity/test/libsolidity/semanticTests/array/push/array_push_marked.sol

Warning: SPDX license identifier not provided in source file. Before publishing, consider adding a comment containing "SPDX-License-Identifier: <SPDX-License>" to each source file. Use "SPDX-License-Identifier: UNLICENSED" for non-open-source code. Please see https://spdx.org for more information.
--> tests/semantic/solidity/test/libsolidity/semanticTests/array/push/push_no_args_2d_marked.sol

Warning: Function state mutability can be restricted to view
 --> tests/semantic/solidity/test/libsolidity/semanticTests/array/push/push_no_args_2d_marked.sol:4:2:
  |
4 |     function l() public returns (uint) {
  |     ^ (Relevant source part starts here and spans across multiple lines).

Warning: Function state mutability can be restricted to view
 --> tests/semantic/solidity/test/libsolidity/semanticTests/array/push/push_no_args_2d_marked.sol:7:2:
  |
7 |     function ll(uint index) public returns (uint) {
  |     ^ (Relevant source part starts here and spans across multiple lines).

Warning: Function state mutability can be restricted to view
  --> tests/semantic/solidity/test/libsolidity/semanticTests/array/push/push_no_args_2d_marked.sol:10:2:
   |
10 |    function a(uint i, uint j) public returns (uint) {
   |    ^ (Relevant source part starts here and spans across multiple lines).

Warning: SPDX license identifier not provided in source file. Before publishing, consider adding a comment containing "SPDX-License-Identifier: <SPDX-License>" to each source file. Use "SPDX-License-Identifier: UNLICENSED" for non-open-source code. Please see https://spdx.org for more information.
--> tests/semantic/solidity/test/libsolidity/semanticTests/array/push/nested_bytes_push_marked.sol

----------------------------------------------------------------------------------------------------------------- Captured stderr teardown -----------------------------------------------------------------------------------------------------------------
Warning: SPDX license identifier not provided in source file. Before publishing, consider adding a comment containing "SPDX-License-Identifier: <SPDX-License>" to each source file. Use "SPDX-License-Identifier: UNLICENSED" for non-open-source code. Please see https://spdx.org for more information.
--> tests/semantic/solidity/test/libsolidity/semanticTests/array/push/array_push_packed_array_marked.sol

_________________________________________________ test_semantics[/home/greg/dev/nethermind/warp/tests/semantic/solidity/test/libsolidity/semanticTests/array/copying/array_copy_clear_storage_packed.sol] __________________________________________________
../../../warp_dev/lib/python3.7/site-packages/cairo_lang-0.6.2-py3.7.egg/starkware/starknet/business_logic/internal_transaction.py:539: in _run
    verify_secure=True,
../../../warp_dev/lib/python3.7/site-packages/cairo_lang-0.6.2-py3.7.egg/starkware/cairo/common/cairo_function_runner.py:199: in run_from_entrypoint
    self.run_until_pc(addr=end, run_resources=run_resources)
../../../warp_dev/lib/python3.7/site-packages/cairo_lang-0.6.2-py3.7.egg/starkware/cairo/lang/vm/cairo_runner.py:284: in run_until_pc
    self.vm_step()
../../../warp_dev/lib/python3.7/site-packages/cairo_lang-0.6.2-py3.7.egg/starkware/cairo/lang/vm/cairo_runner.py:298: in vm_step
    self.vm.step()
../../../warp_dev/lib/python3.7/site-packages/cairo_lang-0.6.2-py3.7.egg/starkware/cairo/lang/vm/virtual_machine_base.py:255: in step
    self.run_instruction(instruction)
../../../warp_dev/lib/python3.7/site-packages/cairo_lang-0.6.2-py3.7.egg/starkware/cairo/lang/vm/vm_core.py:422: in run_instruction
    raise self.as_vm_exception(exc) from None
E   starkware.cairo.lang.vm.vm_exceptions.VmException: /home/greg/dev/nethermind/warp/tests/semantic/solidity/test/libsolidity/semanticTests/array/copying/array_copy_clear_storage_packed.cairo.temp:408:9: Error at pc=0:3737:
E   An ASSERT_EQ instruction failed: 1 != 0.
E           assert 0 = 1
E           ^**********^
E   Cairo traceback (most recent call last):
E   /home/greg/dev/nethermind/warp/tests/semantic/solidity/test/libsolidity/semanticTests/array/copying/array_copy_clear_storage_packed.cairo.temp:52:6: (pc=0:2365)
E   func __main{
E        ^****^
E   /home/greg/dev/nethermind/warp/tests/semantic/solidity/test/libsolidity/semanticTests/array/copying/array_copy_clear_storage_packed.cairo.temp:66:9: (pc=0:2304)
E           __main_meat()
E           ^***********^
E   /home/greg/dev/nethermind/warp/tests/semantic/solidity/test/libsolidity/semanticTests/array/copying/array_copy_clear_storage_packed.cairo.temp:1377:5: (pc=0:7907)
E       __warp_if_9(__warp_subexpr_0)
E       ^***************************^
E   /home/greg/dev/nethermind/warp/tests/semantic/solidity/test/libsolidity/semanticTests/array/copying/array_copy_clear_storage_packed.cairo.temp:1361:9: (pc=0:7861)
E           __warp_block_6()
E           ^**************^
E   /home/greg/dev/nethermind/warp/tests/semantic/solidity/test/libsolidity/semanticTests/array/copying/array_copy_clear_storage_packed.cairo.temp:1351:5: (pc=0:7836)
E       __warp_block_7(match_var)
E       ^***********************^
E   /home/greg/dev/nethermind/warp/tests/semantic/solidity/test/libsolidity/semanticTests/array/copying/array_copy_clear_storage_packed.cairo.temp:1340:5: (pc=0:7801)
E       __warp_if_10(__warp_subexpr_0, match_var)
E       ^***************************************^
E   /home/greg/dev/nethermind/warp/tests/semantic/solidity/test/libsolidity/semanticTests/array/copying/array_copy_clear_storage_packed.cairo.temp:1326:9: (pc=0:7775)
E           __warp_block_8()
E           ^**************^
E   /home/greg/dev/nethermind/warp/tests/semantic/solidity/test/libsolidity/semanticTests/array/copying/array_copy_clear_storage_packed.cairo.temp:1217:5: (pc=0:7336)
E       assert_helper(__warp_subexpr_6)
E       ^*****************************^

During handling of the above exception, another exception occurred:
tests/semantic/test_semantics.py:161: in test_semantics
    res = await invoke_method_evm_calldata(starknet, contract_address, argument)
../../../warp_dev/lib/python3.7/site-packages/sol_warp-0.2.12-py3.7.egg/yul/starknet_utils.py:30: in invoke_method_evm_calldata
    caller_address=0,
../../../warp_dev/lib/python3.7/site-packages/cairo_lang-0.6.2-py3.7.egg/starkware/starknet/testing/state.py:153: in invoke_raw
    state=state_copy, general_config=self.general_config
../../../warp_dev/lib/python3.7/site-packages/cairo_lang-0.6.2-py3.7.egg/starkware/starknet/business_logic/internal_transaction_interface.py:213: in apply_state_updates
    state=state_to_update, general_config=general_config
../../../warp_dev/lib/python3.7/site-packages/cairo_lang-0.6.2-py3.7.egg/starkware/starknet/business_logic/internal_transaction.py:405: in _apply_specific_state_updates
    func=_synchronous_apply_specific_state_updates,
/usr/lib/python3.7/concurrent/futures/thread.py:57: in run
    result = self.fn(*self.args, **self.kwargs)
../../../warp_dev/lib/python3.7/site-packages/cairo_lang-0.6.2-py3.7.egg/starkware/starknet/business_logic/internal_transaction.py:433: in _synchronous_apply_specific_state_updates
    run_resources=run_resources,
../../../warp_dev/lib/python3.7/site-packages/cairo_lang-0.6.2-py3.7.egg/starkware/starknet/business_logic/internal_transaction.py:559: in _run
    raise StarkException(code=code, message=str(exception))
E   starkware.starkware_utils.error_handling.StarkException: (500, {'code': <StarknetErrorCode.TRANSACTION_FAILED: 28>, 'message': '/home/greg/dev/nethermind/warp/tests/semantic/solidity/test/libsolidity/semanticTests/array/copying/array_copy_clear_storage_packed.cairo.temp:408:9: Error at pc=0:3737:\nAn ASSERT_EQ instruction failed: 1 != 0.\n        assert 0 = 1\n        ^**********^\nCairo traceback (most recent call last):\n/home/greg/dev/nethermind/warp/tests/semantic/solidity/test/libsolidity/semanticTests/array/copying/array_copy_clear_storage_packed.cairo.temp:52:6: (pc=0:2365)\nfunc __main{\n     ^****^\n/home/greg/dev/nethermind/warp/tests/semantic/solidity/test/libsolidity/semanticTests/array/copying/array_copy_clear_storage_packed.cairo.temp:66:9: (pc=0:2304)\n        __main_meat()\n        ^***********^\n/home/greg/dev/nethermind/warp/tests/semantic/solidity/test/libsolidity/semanticTests/array/copying/array_copy_clear_storage_packed.cairo.temp:1377:5: (pc=0:7907)\n    __warp_if_9(__warp_subexpr_0)\n    ^***************************^\n/home/greg/dev/nethermind/warp/tests/semantic/solidity/test/libsolidity/semanticTests/array/copying/array_copy_clear_storage_packed.cairo.temp:1361:9: (pc=0:7861)\n        __warp_block_6()\n        ^**************^\n/home/greg/dev/nethermind/warp/tests/semantic/solidity/test/libsolidity/semanticTests/array/copying/array_copy_clear_storage_packed.cairo.temp:1351:5: (pc=0:7836)\n    __warp_block_7(match_var)\n    ^***********************^\n/home/greg/dev/nethermind/warp/tests/semantic/solidity/test/libsolidity/semanticTests/array/copying/array_copy_clear_storage_packed.cairo.temp:1340:5: (pc=0:7801)\n    __warp_if_10(__warp_subexpr_0, match_var)\n    ^***************************************^\n/home/greg/dev/nethermind/warp/tests/semantic/solidity/test/libsolidity/semanticTests/array/copying/array_copy_clear_storage_packed.cairo.temp:1326:9: (pc=0:7775)\n        __warp_block_8()\n        ^**************^\n/home/greg/dev/nethermind/warp/tests/semantic/solidity/test/libsolidity/semanticTests/array/copying/array_copy_clear_storage_packed.cairo.temp:1217:5: (pc=0:7336)\n    assert_helper(__warp_subexpr_6)\n    ^*****************************^'})
------------------------------------------------------------------------------------------------------------------- Captured stdout call -------------------------------------------------------------------------------------------------------------------
{'callData': '0x26121ff0', 'expectations': '0x0000000000000000000000000000000000000000000000000000000000000000', 'failure': False, 'signature': 'f()'}
------------------------------------------------------------------------------------------------------------------- Captured stderr call -------------------------------------------------------------------------------------------------------------------
Warning: SPDX license identifier not provided in source file. Before publishing, consider adding a comment containing "SPDX-License-Identifier: <SPDX-License>" to each source file. Use "SPDX-License-Identifier: UNLICENSED" for non-open-source code. Please see https://spdx.org for more information.
--> tests/semantic/solidity/test/libsolidity/semanticTests/array/push/push_no_args_bytes_marked.sol

Warning: Function state mutability can be restricted to view
  --> tests/semantic/solidity/test/libsolidity/semanticTests/array/push/push_no_args_bytes_marked.sol:11:2:
   |
11 |    function l() public returns (uint) {
   |    ^ (Relevant source part starts here and spans across multiple lines).

____________________________________________________________ test_semantics[/home/greg/dev/nethermind/warp/tests/semantic/solidity/test/libsolidity/semanticTests/array/pop/byte_array_pop.sol] ____________________________________________________________
../../../warp_dev/lib/python3.7/site-packages/cairo_lang-0.6.2-py3.7.egg/starkware/starknet/business_logic/internal_transaction.py:539: in _run
    verify_secure=True,
../../../warp_dev/lib/python3.7/site-packages/cairo_lang-0.6.2-py3.7.egg/starkware/cairo/common/cairo_function_runner.py:199: in run_from_entrypoint
    self.run_until_pc(addr=end, run_resources=run_resources)
../../../warp_dev/lib/python3.7/site-packages/cairo_lang-0.6.2-py3.7.egg/starkware/cairo/lang/vm/cairo_runner.py:284: in run_until_pc
    self.vm_step()
../../../warp_dev/lib/python3.7/site-packages/cairo_lang-0.6.2-py3.7.egg/starkware/cairo/lang/vm/cairo_runner.py:298: in vm_step
    self.vm.step()
../../../warp_dev/lib/python3.7/site-packages/cairo_lang-0.6.2-py3.7.egg/starkware/cairo/lang/vm/virtual_machine_base.py:255: in step
    self.run_instruction(instruction)
../../../warp_dev/lib/python3.7/site-packages/cairo_lang-0.6.2-py3.7.egg/starkware/cairo/lang/vm/vm_core.py:422: in run_instruction
    raise self.as_vm_exception(exc) from None
E   starkware.cairo.lang.vm.vm_exceptions.VmException: /home/greg/dev/nethermind/warp/tests/semantic/solidity/test/libsolidity/semanticTests/array/pop/byte_array_pop.cairo.temp:105:9: Error at pc=0:2324:
E   An ASSERT_EQ instruction failed: 1 != 0.
E           assert 0 = 1
E           ^**********^
E   Cairo traceback (most recent call last):
E   /home/greg/dev/nethermind/warp/tests/semantic/solidity/test/libsolidity/semanticTests/array/pop/byte_array_pop.cairo.temp:52:6: (pc=0:2188)
E   func __main{
E        ^****^
E   /home/greg/dev/nethermind/warp/tests/semantic/solidity/test/libsolidity/semanticTests/array/pop/byte_array_pop.cairo.temp:66:9: (pc=0:2127)
E           __main_meat()
E           ^***********^
E   /home/greg/dev/nethermind/warp/tests/semantic/solidity/test/libsolidity/semanticTests/array/pop/byte_array_pop.cairo.temp:875:5: (pc=0:5071)
E       __warp_if_8(__warp_subexpr_0)
E       ^***************************^
E   /home/greg/dev/nethermind/warp/tests/semantic/solidity/test/libsolidity/semanticTests/array/pop/byte_array_pop.cairo.temp:859:9: (pc=0:5025)
E           __warp_block_26()
E           ^***************^
E   /home/greg/dev/nethermind/warp/tests/semantic/solidity/test/libsolidity/semanticTests/array/pop/byte_array_pop.cairo.temp:849:5: (pc=0:5000)
E       __warp_if_9(__warp_subexpr_0)
E       ^***************************^
E   /home/greg/dev/nethermind/warp/tests/semantic/solidity/test/libsolidity/semanticTests/array/pop/byte_array_pop.cairo.temp:834:9: (pc=0:4955)
E           __warp_block_27()
E           ^***************^
E   /home/greg/dev/nethermind/warp/tests/semantic/solidity/test/libsolidity/semanticTests/array/pop/byte_array_pop.cairo.temp:815:5: (pc=0:4850)
E       byte_array_pop_bytes_storage_ptr()
E       ^********************************^
E   /home/greg/dev/nethermind/warp/tests/semantic/solidity/test/libsolidity/semanticTests/array/pop/byte_array_pop.cairo.temp:512:30: (pc=0:3765)
E       let (oldLen : Uint256) = extract_byte_array_length(data)
E                                ^*****************************^

During handling of the above exception, another exception occurred:
tests/semantic/test_semantics.py:161: in test_semantics
    res = await invoke_method_evm_calldata(starknet, contract_address, argument)
../../../warp_dev/lib/python3.7/site-packages/sol_warp-0.2.12-py3.7.egg/yul/starknet_utils.py:30: in invoke_method_evm_calldata
    caller_address=0,
../../../warp_dev/lib/python3.7/site-packages/cairo_lang-0.6.2-py3.7.egg/starkware/starknet/testing/state.py:153: in invoke_raw
    state=state_copy, general_config=self.general_config
../../../warp_dev/lib/python3.7/site-packages/cairo_lang-0.6.2-py3.7.egg/starkware/starknet/business_logic/internal_transaction_interface.py:213: in apply_state_updates
    state=state_to_update, general_config=general_config
../../../warp_dev/lib/python3.7/site-packages/cairo_lang-0.6.2-py3.7.egg/starkware/starknet/business_logic/internal_transaction.py:405: in _apply_specific_state_updates
    func=_synchronous_apply_specific_state_updates,
/usr/lib/python3.7/concurrent/futures/thread.py:57: in run
    result = self.fn(*self.args, **self.kwargs)
../../../warp_dev/lib/python3.7/site-packages/cairo_lang-0.6.2-py3.7.egg/starkware/starknet/business_logic/internal_transaction.py:433: in _synchronous_apply_specific_state_updates
    run_resources=run_resources,
../../../warp_dev/lib/python3.7/site-packages/cairo_lang-0.6.2-py3.7.egg/starkware/starknet/business_logic/internal_transaction.py:559: in _run
    raise StarkException(code=code, message=str(exception))
E   starkware.starkware_utils.error_handling.StarkException: (500, {'code': <StarknetErrorCode.TRANSACTION_FAILED: 28>, 'message': '/home/greg/dev/nethermind/warp/tests/semantic/solidity/test/libsolidity/semanticTests/array/pop/byte_array_pop.cairo.temp:105:9: Error at pc=0:2324:\nAn ASSERT_EQ instruction failed: 1 != 0.\n        assert 0 = 1\n        ^**********^\nCairo traceback (most recent call last):\n/home/greg/dev/nethermind/warp/tests/semantic/solidity/test/libsolidity/semanticTests/array/pop/byte_array_pop.cairo.temp:52:6: (pc=0:2188)\nfunc __main{\n     ^****^\n/home/greg/dev/nethermind/warp/tests/semantic/solidity/test/libsolidity/semanticTests/array/pop/byte_array_pop.cairo.temp:66:9: (pc=0:2127)\n        __main_meat()\n        ^***********^\n/home/greg/dev/nethermind/warp/tests/semantic/solidity/test/libsolidity/semanticTests/array/pop/byte_array_pop.cairo.temp:875:5: (pc=0:5071)\n    __warp_if_8(__warp_subexpr_0)\n    ^***************************^\n/home/greg/dev/nethermind/warp/tests/semantic/solidity/test/libsolidity/semanticTests/array/pop/byte_array_pop.cairo.temp:859:9: (pc=0:5025)\n        __warp_block_26()\n        ^***************^\n/home/greg/dev/nethermind/warp/tests/semantic/solidity/test/libsolidity/semanticTests/array/pop/byte_array_pop.cairo.temp:849:5: (pc=0:5000)\n    __warp_if_9(__warp_subexpr_0)\n    ^***************************^\n/home/greg/dev/nethermind/warp/tests/semantic/solidity/test/libsolidity/semanticTests/array/pop/byte_array_pop.cairo.temp:834:9: (pc=0:4955)\n        __warp_block_27()\n        ^***************^\n/home/greg/dev/nethermind/warp/tests/semantic/solidity/test/libsolidity/semanticTests/array/pop/byte_array_pop.cairo.temp:815:5: (pc=0:4850)\n    byte_array_pop_bytes_storage_ptr()\n    ^********************************^\n/home/greg/dev/nethermind/warp/tests/semantic/solidity/test/libsolidity/semanticTests/array/pop/byte_array_pop.cairo.temp:512:30: (pc=0:3765)\n    let (oldLen : Uint256) = extract_byte_array_length(data)\n                             ^*****************************^'})
------------------------------------------------------------------------------------------------------------------- Captured stdout call -------------------------------------------------------------------------------------------------------------------
{'callData': '0xf8a8fd6d', 'expectations': '0x000000000000000000000000000000000000000000000000000000000000000200000000000000000000000000000000000000000000000000000000000000010000000000000000000000000000000000000000000000000000000000000001', 'failure': False, 'signature': 'test()'}
------------------------------------------------------------------------------------------------------------------- Captured stderr call -------------------------------------------------------------------------------------------------------------------
Warning: SPDX license identifier not provided in source file. Before publishing, consider adding a comment containing "SPDX-License-Identifier: <SPDX-License>" to each source file. Use "SPDX-License-Identifier: UNLICENSED" for non-open-source code. Please see https://spdx.org for more information.
--> tests/semantic/solidity/test/libsolidity/semanticTests/array/push/array_push_nested_from_calldata_marked.sol

_____________________________________________________ test_semantics[/home/greg/dev/nethermind/warp/tests/semantic/solidity/test/libsolidity/semanticTests/array/pop/array_pop_uint16_transition.sol] ______________________________________________________
FAILURE: /home/greg/dev/nethermind/warp/tests/semantic/solidity/test/libsolidity/semanticTests/array/pop/array_pop_uint16_transition.cairo.temp
assert '0x0000000000...000000000ffee' == '0x0000000000...0000000000012'
  - 0x0000000000000000000000000000000000000000000000000000000000000026000000000000000000000000000000000000000000000000000000000000001c0000000000000000000000000000000000000000000000000000000000000012
  ?                                                               ^^^^                                                            ^^^^                                                            ^^^^
  + 0x000000000000000000000000000000000000000000000000000000000000ffda000000000000000000000000000000000000000000000000000000000000ffe40000000000000000000000000000000000000000000000000000...
  
  ...Full output truncated (2 lines hidden), use '-vv' to show
tests/semantic/test_semantics.py:173 in test_semantics() -> check.equal(final_res, expected_result, cairo_file_path)
------------------------------------------------------------
Failed Checks: 1
------------------------------------------------------------------------------------------------------------------- Captured stdout call -------------------------------------------------------------------------------------------------------------------
{'callData': '0xf8a8fd6d', 'expectations': '0x', 'failure': False, 'signature': 'test()'}
------------------------------------------------------------------------------------------------------------------- Captured stderr call -------------------------------------------------------------------------------------------------------------------
Warning: SPDX license identifier not provided in source file. Before publishing, consider adding a comment containing "SPDX-License-Identifier: <SPDX-License>" to each source file. Use "SPDX-License-Identifier: UNLICENSED" for non-open-source code. Please see https://spdx.org for more information.
--> tests/semantic/solidity/test/libsolidity/semanticTests/array/push/array_push_nested_marked.sol

_____________________________________________________ test_semantics[/home/greg/dev/nethermind/warp/tests/semantic/solidity/test/libsolidity/semanticTests/array/pop/byte_array_pop_storage_empty.sol] _____________________________________________________
../../../warp_dev/lib/python3.7/site-packages/cairo_lang-0.6.2-py3.7.egg/starkware/starknet/business_logic/internal_transaction.py:539: in _run
    verify_secure=True,
../../../warp_dev/lib/python3.7/site-packages/cairo_lang-0.6.2-py3.7.egg/starkware/cairo/common/cairo_function_runner.py:199: in run_from_entrypoint
    self.run_until_pc(addr=end, run_resources=run_resources)
../../../warp_dev/lib/python3.7/site-packages/cairo_lang-0.6.2-py3.7.egg/starkware/cairo/lang/vm/cairo_runner.py:284: in run_until_pc
    self.vm_step()
../../../warp_dev/lib/python3.7/site-packages/cairo_lang-0.6.2-py3.7.egg/starkware/cairo/lang/vm/cairo_runner.py:298: in vm_step
    self.vm.step()
../../../warp_dev/lib/python3.7/site-packages/cairo_lang-0.6.2-py3.7.egg/starkware/cairo/lang/vm/virtual_machine_base.py:255: in step
    self.run_instruction(instruction)
../../../warp_dev/lib/python3.7/site-packages/cairo_lang-0.6.2-py3.7.egg/starkware/cairo/lang/vm/vm_core.py:422: in run_instruction
    raise self.as_vm_exception(exc) from None
E   starkware.cairo.lang.vm.vm_exceptions.VmException: /home/greg/dev/nethermind/warp/tests/semantic/solidity/test/libsolidity/semanticTests/array/pop/byte_array_pop_storage_empty.cairo.temp:105:9: Error at pc=0:2324:
E   An ASSERT_EQ instruction failed: 1 != 0.
E           assert 0 = 1
E           ^**********^
E   Cairo traceback (most recent call last):
E   /home/greg/dev/nethermind/warp/tests/semantic/solidity/test/libsolidity/semanticTests/array/pop/byte_array_pop_storage_empty.cairo.temp:52:6: (pc=0:2188)
E   func __main{
E        ^****^
E   /home/greg/dev/nethermind/warp/tests/semantic/solidity/test/libsolidity/semanticTests/array/pop/byte_array_pop_storage_empty.cairo.temp:66:9: (pc=0:2127)
E           __main_meat()
E           ^***********^
E   /home/greg/dev/nethermind/warp/tests/semantic/solidity/test/libsolidity/semanticTests/array/pop/byte_array_pop_storage_empty.cairo.temp:854:5: (pc=0:4918)
E       __warp_if_8(__warp_subexpr_0)
E       ^***************************^
E   /home/greg/dev/nethermind/warp/tests/semantic/solidity/test/libsolidity/semanticTests/array/pop/byte_array_pop_storage_empty.cairo.temp:838:9: (pc=0:4872)
E           __warp_block_26()
E           ^***************^
E   /home/greg/dev/nethermind/warp/tests/semantic/solidity/test/libsolidity/semanticTests/array/pop/byte_array_pop_storage_empty.cairo.temp:828:5: (pc=0:4847)
E       __warp_if_9(__warp_subexpr_0)
E       ^***************************^
E   /home/greg/dev/nethermind/warp/tests/semantic/solidity/test/libsolidity/semanticTests/array/pop/byte_array_pop_storage_empty.cairo.temp:813:9: (pc=0:4802)
E           __warp_block_27()
E           ^***************^
E   /home/greg/dev/nethermind/warp/tests/semantic/solidity/test/libsolidity/semanticTests/array/pop/byte_array_pop_storage_empty.cairo.temp:800:5: (pc=0:4742)
E       byte_array_pop_bytes_storage_ptr()
E       ^********************************^
E   /home/greg/dev/nethermind/warp/tests/semantic/solidity/test/libsolidity/semanticTests/array/pop/byte_array_pop_storage_empty.cairo.temp:654:30: (pc=0:4265)
E       let (oldLen : Uint256) = extract_byte_array_length(data)
E                                ^*****************************^

During handling of the above exception, another exception occurred:
tests/semantic/test_semantics.py:161: in test_semantics
    res = await invoke_method_evm_calldata(starknet, contract_address, argument)
../../../warp_dev/lib/python3.7/site-packages/sol_warp-0.2.12-py3.7.egg/yul/starknet_utils.py:30: in invoke_method_evm_calldata
    caller_address=0,
../../../warp_dev/lib/python3.7/site-packages/cairo_lang-0.6.2-py3.7.egg/starkware/starknet/testing/state.py:153: in invoke_raw
    state=state_copy, general_config=self.general_config
../../../warp_dev/lib/python3.7/site-packages/cairo_lang-0.6.2-py3.7.egg/starkware/starknet/business_logic/internal_transaction_interface.py:213: in apply_state_updates
    state=state_to_update, general_config=general_config
../../../warp_dev/lib/python3.7/site-packages/cairo_lang-0.6.2-py3.7.egg/starkware/starknet/business_logic/internal_transaction.py:405: in _apply_specific_state_updates
    func=_synchronous_apply_specific_state_updates,
/usr/lib/python3.7/concurrent/futures/thread.py:57: in run
    result = self.fn(*self.args, **self.kwargs)
../../../warp_dev/lib/python3.7/site-packages/cairo_lang-0.6.2-py3.7.egg/starkware/starknet/business_logic/internal_transaction.py:433: in _synchronous_apply_specific_state_updates
    run_resources=run_resources,
../../../warp_dev/lib/python3.7/site-packages/cairo_lang-0.6.2-py3.7.egg/starkware/starknet/business_logic/internal_transaction.py:559: in _run
    raise StarkException(code=code, message=str(exception))
E   starkware.starkware_utils.error_handling.StarkException: (500, {'code': <StarknetErrorCode.TRANSACTION_FAILED: 28>, 'message': '/home/greg/dev/nethermind/warp/tests/semantic/solidity/test/libsolidity/semanticTests/array/pop/byte_array_pop_storage_empty.cairo.temp:105:9: Error at pc=0:2324:\nAn ASSERT_EQ instruction failed: 1 != 0.\n        assert 0 = 1\n        ^**********^\nCairo traceback (most recent call last):\n/home/greg/dev/nethermind/warp/tests/semantic/solidity/test/libsolidity/semanticTests/array/pop/byte_array_pop_storage_empty.cairo.temp:52:6: (pc=0:2188)\nfunc __main{\n     ^****^\n/home/greg/dev/nethermind/warp/tests/semantic/solidity/test/libsolidity/semanticTests/array/pop/byte_array_pop_storage_empty.cairo.temp:66:9: (pc=0:2127)\n        __main_meat()\n        ^***********^\n/home/greg/dev/nethermind/warp/tests/semantic/solidity/test/libsolidity/semanticTests/array/pop/byte_array_pop_storage_empty.cairo.temp:854:5: (pc=0:4918)\n    __warp_if_8(__warp_subexpr_0)\n    ^***************************^\n/home/greg/dev/nethermind/warp/tests/semantic/solidity/test/libsolidity/semanticTests/array/pop/byte_array_pop_storage_empty.cairo.temp:838:9: (pc=0:4872)\n        __warp_block_26()\n        ^***************^\n/home/greg/dev/nethermind/warp/tests/semantic/solidity/test/libsolidity/semanticTests/array/pop/byte_array_pop_storage_empty.cairo.temp:828:5: (pc=0:4847)\n    __warp_if_9(__warp_subexpr_0)\n    ^***************************^\n/home/greg/dev/nethermind/warp/tests/semantic/solidity/test/libsolidity/semanticTests/array/pop/byte_array_pop_storage_empty.cairo.temp:813:9: (pc=0:4802)\n        __warp_block_27()\n        ^***************^\n/home/greg/dev/nethermind/warp/tests/semantic/solidity/test/libsolidity/semanticTests/array/pop/byte_array_pop_storage_empty.cairo.temp:800:5: (pc=0:4742)\n    byte_array_pop_bytes_storage_ptr()\n    ^********************************^\n/home/greg/dev/nethermind/warp/tests/semantic/solidity/test/libsolidity/semanticTests/array/pop/byte_array_pop_storage_empty.cairo.temp:654:30: (pc=0:4265)\n    let (oldLen : Uint256) = extract_byte_array_length(data)\n                             ^*****************************^'})
------------------------------------------------------------------------------------------------------------------- Captured stdout call -------------------------------------------------------------------------------------------------------------------
{'callData': '0xf8a8fd6d', 'expectations': '0x', 'failure': False, 'signature': 'test()'}
------------------------------------------------------------------------------------------------------------------- Captured stderr call -------------------------------------------------------------------------------------------------------------------
Warning: SPDX license identifier not provided in source file. Before publishing, consider adding a comment containing "SPDX-License-Identifier: <SPDX-License>" to each source file. Use "SPDX-License-Identifier: UNLICENSED" for non-open-source code. Please see https://spdx.org for more information.
--> tests/semantic/solidity/test/libsolidity/semanticTests/array/push/byte_array_push_transition_marked.sol

----------------------------------------------------------------------------------------------------------------- Captured stdout teardown -----------------------------------------------------------------------------------------------------------------
{'callData': '0xf8a8fd6d', 'expectations': '0x0000000000000000000000000000000000000000000000000000000000000001', 'failure': False, 'signature': 'test()'}
______________________________________________________ test_semantics[/home/greg/dev/nethermind/warp/tests/semantic/solidity/test/libsolidity/semanticTests/userDefinedValueType/storage_signed.sol] _______________________________________________________
tests/semantic/test_semantics.py:126: in test_semantics
    contract_file, get_last_contract(contract_file)
../../../warp_dev/lib/python3.7/site-packages/sol_warp-0.2.12-py3.7.egg/yul/main.py:53: in transpile_from_solidity
    codes = json.loads(result.stdout)
/usr/lib/python3.7/json/__init__.py:348: in loads
    return _default_decoder.decode(s)
/usr/lib/python3.7/json/decoder.py:337: in decode
    obj, end = self.raw_decode(s, idx=_w(s, 0).end())
/usr/lib/python3.7/json/decoder.py:355: in raw_decode
    raise JSONDecodeError("Expecting value", s, err.value) from None
E   json.decoder.JSONDecodeError: Expecting value: line 1 column 1 (char 0)
------------------------------------------------------------------------------------------------------------------- Captured stderr call -------------------------------------------------------------------------------------------------------------------
Warning: SPDX license identifier not provided in source file. Before publishing, consider adding a comment containing "SPDX-License-Identifier: <SPDX-License>" to each source file. Use "SPDX-License-Identifier: UNLICENSED" for non-open-source code. Please see https://spdx.org for more information.
--> tests/semantic/solidity/test/libsolidity/semanticTests/userDefinedValueType/storage_signed_marked.sol

Warning: Function state mutability can be restricted to view
 --> tests/semantic/solidity/test/libsolidity/semanticTests/userDefinedValueType/storage_signed_marked.sol:7:5:
  |
7 |     function direct() external returns (MyInt) {
  |     ^ (Relevant source part starts here and spans across multiple lines).

Warning: Function state mutability can be restricted to view
  --> tests/semantic/solidity/test/libsolidity/semanticTests/userDefinedValueType/storage_signed_marked.sol:10:5:
   |
10 |     function indirect() external returns (int16) {
   |     ^ (Relevant source part starts here and spans across multiple lines).

Warning: Function state mutability can be restricted to view
  --> tests/semantic/solidity/test/libsolidity/semanticTests/userDefinedValueType/storage_signed_marked.sol:13:5:
   |
13 |     function toMemDirect() external returns (MyInt[1] memory) {
   |     ^ (Relevant source part starts here and spans across multiple lines).

Warning: Function state mutability can be restricted to view
  --> tests/semantic/solidity/test/libsolidity/semanticTests/userDefinedValueType/storage_signed_marked.sol:16:5:
   |
16 |     function toMemIndirect() external returns (int16[1] memory) {
   |     ^ (Relevant source part starts here and spans across multiple lines).

Warning: Function state mutability can be restricted to view
  --> tests/semantic/solidity/test/libsolidity/semanticTests/userDefinedValueType/storage_signed_marked.sol:19:5:
   |
19 |     function div() external returns (int16) {
   |     ^ (Relevant source part starts here and spans across multiple lines).

Warning: Function state mutability can be restricted to view
  --> tests/semantic/solidity/test/libsolidity/semanticTests/userDefinedValueType/storage_signed_marked.sol:22:5:
   |
22 |     function viaasm() external returns (bytes32 x) {
   |     ^ (Relevant source part starts here and spans across multiple lines).

__________________________________________________________ test_semantics[/home/greg/dev/nethermind/warp/tests/semantic/solidity/test/libsolidity/semanticTests/userDefinedValueType/ownable.sol] __________________________________________________________
tests/semantic/test_semantics.py:126: in test_semantics
    contract_file, get_last_contract(contract_file)
../../../warp_dev/lib/python3.7/site-packages/sol_warp-0.2.12-py3.7.egg/yul/main.py:53: in transpile_from_solidity
    codes = json.loads(result.stdout)
/usr/lib/python3.7/json/__init__.py:348: in loads
    return _default_decoder.decode(s)
/usr/lib/python3.7/json/decoder.py:337: in decode
    obj, end = self.raw_decode(s, idx=_w(s, 0).end())
/usr/lib/python3.7/json/decoder.py:355: in raw_decode
    raise JSONDecodeError("Expecting value", s, err.value) from None
E   json.decoder.JSONDecodeError: Expecting value: line 1 column 1 (char 0)
------------------------------------------------------------------------------------------------------------------- Captured stderr call -------------------------------------------------------------------------------------------------------------------
Warning: SPDX license identifier not provided in source file. Before publishing, consider adding a comment containing "SPDX-License-Identifier: <SPDX-License>" to each source file. Use "SPDX-License-Identifier: UNLICENSED" for non-open-source code. Please see https://spdx.org for more information.
--> tests/semantic/solidity/test/libsolidity/semanticTests/userDefinedValueType/ownable_marked.sol

_____________________________________________________ test_semantics[/home/greg/dev/nethermind/warp/tests/semantic/solidity/test/libsolidity/semanticTests/array/push/byte_array_push_transition.sol] ______________________________________________________
../../../warp_dev/lib/python3.7/site-packages/cairo_lang-0.6.2-py3.7.egg/starkware/cairo/lang/compiler/preprocessor/preprocessor.py:2210: in get_variable
    flow_tracking_data=self.flow_tracking.data,
../../../warp_dev/lib/python3.7/site-packages/cairo_lang-0.6.2-py3.7.egg/starkware/cairo/lang/compiler/identifier_definition.py:134: in eval
    reference_manager=reference_manager, name=self.full_name
../../../warp_dev/lib/python3.7/site-packages/cairo_lang-0.6.2-py3.7.egg/starkware/cairo/lang/compiler/preprocessor/flow.py:149: in evaluate_reference
    reference = self.resolve_reference(reference_manager=reference_manager, name=name)
../../../warp_dev/lib/python3.7/site-packages/cairo_lang-0.6.2-py3.7.egg/starkware/cairo/lang/compiler/preprocessor/flow.py:143: in resolve_reference
    raise MissingReferenceError(f"Missing reference {name}.")
E   starkware.cairo.lang.compiler.preprocessor.flow.MissingReferenceError: Missing reference __main__.__warp_loop_body_0.bitwise_ptr.

During handling of the above exception, another exception occurred:
tests/semantic/test_semantics.py:135: in test_semantics
    contract_definition = await starknet_compile(cairo_file_path)
tests/semantic/test_semantics.py:71: in starknet_compile
    [contract_file], debug_info=True, cairo_path=[cairo_path]
../../../warp_dev/lib/python3.7/site-packages/cairo_lang-0.6.2-py3.7.egg/starkware/starknet/compiler/compile.py:107: in compile_starknet_files
    cairo_path=cairo_path,
../../../warp_dev/lib/python3.7/site-packages/cairo_lang-0.6.2-py3.7.egg/starkware/starknet/compiler/compile.py:128: in compile_starknet_codes
    code=codes, debug_info=debug_info, pass_manager=pass_manager
../../../warp_dev/lib/python3.7/site-packages/cairo_lang-0.6.2-py3.7.egg/starkware/cairo/lang/compiler/cairo_compile.py:230: in compile_cairo_ex
    codes=codes_with_filenames, pass_manager=pass_manager, main_scope=main_scope
../../../warp_dev/lib/python3.7/site-packages/cairo_lang-0.6.2-py3.7.egg/starkware/cairo/lang/compiler/preprocessor/preprocess_codes.py:24: in preprocess_codes
    pass_manager.run(context)
../../../warp_dev/lib/python3.7/site-packages/cairo_lang-0.6.2-py3.7.egg/starkware/cairo/lang/compiler/preprocessor/pass_manager.py:53: in run
    stage.run(context)
../../../warp_dev/lib/python3.7/site-packages/cairo_lang-0.6.2-py3.7.egg/starkware/cairo/lang/compiler/preprocessor/default_pass_manager.py:89: in run
    preprocessor.visit(module)
../../../warp_dev/lib/python3.7/site-packages/cairo_lang-0.6.2-py3.7.egg/starkware/cairo/lang/compiler/ast/visitor.py:40: in visit
    return getattr(self, f"visit_{type(obj).__name__}", self._visit_default)(obj)
../../../warp_dev/lib/python3.7/site-packages/cairo_lang-0.6.2-py3.7.egg/starkware/cairo/lang/compiler/preprocessor/preprocessor.py:427: in visit_CairoModule
    super().visit_CairoModule(module)
../../../warp_dev/lib/python3.7/site-packages/cairo_lang-0.6.2-py3.7.egg/starkware/cairo/lang/compiler/ast/visitor.py:63: in visit_CairoModule
    cairo_file=CairoFile(code_block=self.visit(module.cairo_file.code_block)),
../../../warp_dev/lib/python3.7/site-packages/cairo_lang-0.6.2-py3.7.egg/starkware/cairo/lang/compiler/ast/visitor.py:40: in visit
    return getattr(self, f"visit_{type(obj).__name__}", self._visit_default)(obj)
../../../warp_dev/lib/python3.7/site-packages/cairo_lang-0.6.2-py3.7.egg/starkware/cairo/lang/compiler/preprocessor/preprocessor.py:415: in visit_CodeBlock
    self.visit_uncommented_code_block([x.code_elm for x in code_block.code_elements])
../../../warp_dev/lib/python3.7/site-packages/cairo_lang-0.6.2-py3.7.egg/starkware/cairo/lang/compiler/preprocessor/preprocessor.py:397: in visit_uncommented_code_block
    self.visit(elm)
../../../warp_dev/lib/python3.7/site-packages/cairo_lang-0.6.2-py3.7.egg/starkware/cairo/lang/compiler/ast/visitor.py:40: in visit
    return getattr(self, f"visit_{type(obj).__name__}", self._visit_default)(obj)
../../../warp_dev/lib/python3.7/site-packages/cairo_lang-0.6.2-py3.7.egg/starkware/starknet/compiler/starknet_preprocessor.py:172: in visit_CodeElementFunction
    super().visit_CodeElementFunction(elm)
../../../warp_dev/lib/python3.7/site-packages/cairo_lang-0.6.2-py3.7.egg/starkware/cairo/lang/compiler/preprocessor/preprocessor.py:615: in visit_CodeElementFunction
    code_block=elm.code_block, location=elm.identifier.location
../../../warp_dev/lib/python3.7/site-packages/cairo_lang-0.6.2-py3.7.egg/starkware/cairo/lang/compiler/preprocessor/preprocessor.py:671: in visit_function_body_with_retries
    self.visit_uncommented_code_block(code_elements)
../../../warp_dev/lib/python3.7/site-packages/cairo_lang-0.6.2-py3.7.egg/starkware/cairo/lang/compiler/preprocessor/preprocessor.py:397: in visit_uncommented_code_block
    self.visit(elm)
../../../warp_dev/lib/python3.7/site-packages/cairo_lang-0.6.2-py3.7.egg/starkware/cairo/lang/compiler/ast/visitor.py:40: in visit
    return getattr(self, f"visit_{type(obj).__name__}", self._visit_default)(obj)
../../../warp_dev/lib/python3.7/site-packages/cairo_lang-0.6.2-py3.7.egg/starkware/cairo/lang/compiler/preprocessor/preprocessor.py:1757: in visit_CodeElementUnpackBinding
    self.visit(CodeElementFuncCall(func_call=elm.rvalue))
../../../warp_dev/lib/python3.7/site-packages/cairo_lang-0.6.2-py3.7.egg/starkware/cairo/lang/compiler/ast/visitor.py:40: in visit
    return getattr(self, f"visit_{type(obj).__name__}", self._visit_default)(obj)
../../../warp_dev/lib/python3.7/site-packages/cairo_lang-0.6.2-py3.7.egg/starkware/cairo/lang/compiler/preprocessor/preprocessor.py:1616: in visit_CodeElementFuncCall
    location=elm.func_call.location,
../../../warp_dev/lib/python3.7/site-packages/cairo_lang-0.6.2-py3.7.egg/starkware/cairo/lang/compiler/preprocessor/preprocessor.py:1391: in push_arguments
    location=location,
../../../warp_dev/lib/python3.7/site-packages/cairo_lang-0.6.2-py3.7.egg/starkware/cairo/lang/compiler/preprocessor/preprocessor.py:1314: in process_implicit_arguments
    felt_expr_list = self.simplify_expr_to_felt_expr_list(expr, member_def.cairo_type)
../../../warp_dev/lib/python3.7/site-packages/cairo_lang-0.6.2-py3.7.egg/starkware/cairo/lang/compiler/preprocessor/preprocessor.py:2083: in simplify_expr_to_felt_expr_list
    expr, expr_type = self.simplify_expr(expr)
../../../warp_dev/lib/python3.7/site-packages/cairo_lang-0.6.2-py3.7.egg/starkware/cairo/lang/compiler/preprocessor/preprocessor.py:2054: in simplify_expr
    resolve_type_callback=self.resolve_type,
../../../warp_dev/lib/python3.7/site-packages/cairo_lang-0.6.2-py3.7.egg/starkware/cairo/lang/compiler/substitute_identifiers.py:113: in substitute_identifiers
    ).visit(expr)
../../../warp_dev/lib/python3.7/site-packages/cairo_lang-0.6.2-py3.7.egg/starkware/cairo/lang/compiler/expression_transformer.py:47: in visit
    return getattr(self, funcname)(expr)
../../../warp_dev/lib/python3.7/site-packages/cairo_lang-0.6.2-py3.7.egg/starkware/cairo/lang/compiler/substitute_identifiers.py:38: in visit_ExprIdentifier
    val = self.get_identifier_callback(expr)
../../../warp_dev/lib/python3.7/site-packages/cairo_lang-0.6.2-py3.7.egg/starkware/cairo/lang/compiler/preprocessor/preprocessor.py:2232: in get_variable
    f"Reference '{var.name}' was revoked.", location=var.location, notes=exc.notes
E   starkware.cairo.lang.compiler.preprocessor.preprocessor_error.PreprocessorError: /home/greg/dev/nethermind/warp/tests/semantic/solidity/test/libsolidity/semanticTests/array/push/byte_array_push_transition.cairo.temp:446:40: While trying to retrieve the implicit argument 'bitwise_ptr' in:
E       let (__warp_subexpr_7 : Uint256) = extract_byte_array_length(_3)
E                                          ^***************************^
E   /home/greg/dev/nethermind/warp/tests/semantic/solidity/test/libsolidity/semanticTests/array/push/byte_array_push_transition.cairo.temp:96:32: Reference 'bitwise_ptr' was revoked.
E   func extract_byte_array_length{bitwise_ptr : BitwiseBuiltin*, range_check_ptr}(data : Uint256) -> (
E                                  ^***************************^
______________________________________________________ test_semantics[/home/greg/dev/nethermind/warp/tests/semantic/solidity/test/libsolidity/semanticTests/userDefinedValueType/in_parenthesis.sol] _______________________________________________________
tests/semantic/test_semantics.py:126: in test_semantics
    contract_file, get_last_contract(contract_file)
../../../warp_dev/lib/python3.7/site-packages/sol_warp-0.2.12-py3.7.egg/yul/main.py:53: in transpile_from_solidity
    codes = json.loads(result.stdout)
/usr/lib/python3.7/json/__init__.py:348: in loads
    return _default_decoder.decode(s)
/usr/lib/python3.7/json/decoder.py:337: in decode
    obj, end = self.raw_decode(s, idx=_w(s, 0).end())
/usr/lib/python3.7/json/decoder.py:355: in raw_decode
    raise JSONDecodeError("Expecting value", s, err.value) from None
E   json.decoder.JSONDecodeError: Expecting value: line 1 column 1 (char 0)
------------------------------------------------------------------------------------------------------------------- Captured stderr call -------------------------------------------------------------------------------------------------------------------
Warning: SPDX license identifier not provided in source file. Before publishing, consider adding a comment containing "SPDX-License-Identifier: <SPDX-License>" to each source file. Use "SPDX-License-Identifier: UNLICENSED" for non-open-source code. Please see https://spdx.org for more information.
--> tests/semantic/solidity/test/libsolidity/semanticTests/userDefinedValueType/in_parenthesis_marked.sol

Warning: Statement has no effect.
 --> tests/semantic/solidity/test/libsolidity/semanticTests/userDefinedValueType/in_parenthesis_marked.sol:5:9:
  |
5 |         (MyInt).wrap;
  |         ^^^^^^^^^^^^

Warning: Statement has no effect.
 --> tests/semantic/solidity/test/libsolidity/semanticTests/userDefinedValueType/in_parenthesis_marked.sol:7:9:
  |
7 |         (MyInt).unwrap;
  |         ^^^^^^^^^^^^^^

Warning: Function state mutability can be restricted to pure
 --> tests/semantic/solidity/test/libsolidity/semanticTests/userDefinedValueType/in_parenthesis_marked.sol:4:5:
  |
4 |     function f() public returns (MyInt a, int b) {
  |     ^ (Relevant source part starts here and spans across multiple lines).

_________________________________________________________ test_semantics[/home/greg/dev/nethermind/warp/tests/semantic/solidity/test/libsolidity/semanticTests/userDefinedValueType/calldata.sol] __________________________________________________________
tests/semantic/test_semantics.py:126: in test_semantics
    contract_file, get_last_contract(contract_file)
../../../warp_dev/lib/python3.7/site-packages/sol_warp-0.2.12-py3.7.egg/yul/main.py:53: in transpile_from_solidity
    codes = json.loads(result.stdout)
/usr/lib/python3.7/json/__init__.py:348: in loads
    return _default_decoder.decode(s)
/usr/lib/python3.7/json/decoder.py:337: in decode
    obj, end = self.raw_decode(s, idx=_w(s, 0).end())
/usr/lib/python3.7/json/decoder.py:355: in raw_decode
    raise JSONDecodeError("Expecting value", s, err.value) from None
E   json.decoder.JSONDecodeError: Expecting value: line 1 column 1 (char 0)
------------------------------------------------------------------------------------------------------------------- Captured stderr call -------------------------------------------------------------------------------------------------------------------
Warning: SPDX license identifier not provided in source file. Before publishing, consider adding a comment containing "SPDX-License-Identifier: <SPDX-License>" to each source file. Use "SPDX-License-Identifier: UNLICENSED" for non-open-source code. Please see https://spdx.org for more information.
--> tests/semantic/solidity/test/libsolidity/semanticTests/userDefinedValueType/calldata_marked.sol

Warning: Return value of low-level calls not used.
 --> tests/semantic/solidity/test/libsolidity/semanticTests/userDefinedValueType/calldata_marked.sol:8:13:
  |
8 |             MyAddress.unwrap(_addresses[i]).call("");
  |             ^^^^^^^^^^^^^^^^^^^^^^^^^^^^^^^^^^^^^^^^

Warning: Return value of low-level calls not used.
  --> tests/semantic/solidity/test/libsolidity/semanticTests/userDefinedValueType/calldata_marked.sol:14:13:
   |
14 |             MyAddress.unwrap(_addresses[i]).call("");
   |             ^^^^^^^^^^^^^^^^^^^^^^^^^^^^^^^^^^^^^^^^

________________________________________________________ test_semantics[/home/greg/dev/nethermind/warp/tests/semantic/solidity/test/libsolidity/semanticTests/userDefinedValueType/dirty_slot.sol] _________________________________________________________
tests/semantic/test_semantics.py:126: in test_semantics
    contract_file, get_last_contract(contract_file)
../../../warp_dev/lib/python3.7/site-packages/sol_warp-0.2.12-py3.7.egg/yul/main.py:53: in transpile_from_solidity
    codes = json.loads(result.stdout)
/usr/lib/python3.7/json/__init__.py:348: in loads
    return _default_decoder.decode(s)
/usr/lib/python3.7/json/decoder.py:337: in decode
    obj, end = self.raw_decode(s, idx=_w(s, 0).end())
/usr/lib/python3.7/json/decoder.py:355: in raw_decode
    raise JSONDecodeError("Expecting value", s, err.value) from None
E   json.decoder.JSONDecodeError: Expecting value: line 1 column 1 (char 0)
------------------------------------------------------------------------------------------------------------------- Captured stderr call -------------------------------------------------------------------------------------------------------------------
Warning: SPDX license identifier not provided in source file. Before publishing, consider adding a comment containing "SPDX-License-Identifier: <SPDX-License>" to each source file. Use "SPDX-License-Identifier: UNLICENSED" for non-open-source code. Please see https://spdx.org for more information.
--> tests/semantic/solidity/test/libsolidity/semanticTests/userDefinedValueType/dirty_slot_marked.sol

Warning: Function state mutability can be restricted to view
  --> tests/semantic/solidity/test/libsolidity/semanticTests/userDefinedValueType/dirty_slot_marked.sol:20:5:
   |
20 |     function get_b(uint index) public returns (bytes1) {
   |     ^ (Relevant source part starts here and spans across multiple lines).

________________________________________________________ test_semantics[/home/greg/dev/nethermind/warp/tests/semantic/solidity/test/libsolidity/semanticTests/userDefinedValueType/conversion.sol] _________________________________________________________
tests/semantic/test_semantics.py:126: in test_semantics
    contract_file, get_last_contract(contract_file)
../../../warp_dev/lib/python3.7/site-packages/sol_warp-0.2.12-py3.7.egg/yul/main.py:53: in transpile_from_solidity
    codes = json.loads(result.stdout)
/usr/lib/python3.7/json/__init__.py:348: in loads
    return _default_decoder.decode(s)
/usr/lib/python3.7/json/decoder.py:337: in decode
    obj, end = self.raw_decode(s, idx=_w(s, 0).end())
/usr/lib/python3.7/json/decoder.py:355: in raw_decode
    raise JSONDecodeError("Expecting value", s, err.value) from None
E   json.decoder.JSONDecodeError: Expecting value: line 1 column 1 (char 0)
------------------------------------------------------------------------------------------------------------------- Captured stderr call -------------------------------------------------------------------------------------------------------------------
Warning: SPDX license identifier not provided in source file. Before publishing, consider adding a comment containing "SPDX-License-Identifier: <SPDX-License>" to each source file. Use "SPDX-License-Identifier: UNLICENSED" for non-open-source code. Please see https://spdx.org for more information.
--> tests/semantic/solidity/test/libsolidity/semanticTests/userDefinedValueType/conversion_marked.sol

Warning: Function state mutability can be restricted to pure
 --> tests/semantic/solidity/test/libsolidity/semanticTests/userDefinedValueType/conversion_marked.sol:7:5:
  |
7 |     function f(uint a) external returns(MyUInt8) {
  |     ^ (Relevant source part starts here and spans across multiple lines).

Warning: Function state mutability can be restricted to pure
  --> tests/semantic/solidity/test/libsolidity/semanticTests/userDefinedValueType/conversion_marked.sol:10:5:
   |
10 |     function g(uint a) external returns(MyInt8) {
   |     ^ (Relevant source part starts here and spans across multiple lines).

Warning: Function state mutability can be restricted to pure
  --> tests/semantic/solidity/test/libsolidity/semanticTests/userDefinedValueType/conversion_marked.sol:13:5:
   |
13 |     function h(MyUInt8 a) external returns (MyInt8) {
   |     ^ (Relevant source part starts here and spans across multiple lines).

Warning: Function state mutability can be restricted to pure
  --> tests/semantic/solidity/test/libsolidity/semanticTests/userDefinedValueType/conversion_marked.sol:16:5:
   |
16 |     function i(MyUInt8 a) external returns(MyUInt16) {
   |     ^ (Relevant source part starts here and spans across multiple lines).

Warning: Function state mutability can be restricted to pure
  --> tests/semantic/solidity/test/libsolidity/semanticTests/userDefinedValueType/conversion_marked.sol:19:5:
   |
19 |     function j(MyUInt8 a) external returns (uint) {
   |     ^ (Relevant source part starts here and spans across multiple lines).

Warning: Function state mutability can be restricted to pure
  --> tests/semantic/solidity/test/libsolidity/semanticTests/userDefinedValueType/conversion_marked.sol:22:5:
   |
22 |     function k(MyUInt8 a) external returns (MyUInt16) {
   |     ^ (Relevant source part starts here and spans across multiple lines).

Warning: Function state mutability can be restricted to pure
  --> tests/semantic/solidity/test/libsolidity/semanticTests/userDefinedValueType/conversion_marked.sol:25:5:
   |
25 |     function m(MyUInt16 a) external returns (MyUInt8) {
   |     ^ (Relevant source part starts here and spans across multiple lines).

__________________________________________________________ test_semantics[/home/greg/dev/nethermind/warp/tests/semantic/solidity/test/libsolidity/semanticTests/userDefinedValueType/simple.sol] ___________________________________________________________
tests/semantic/test_semantics.py:126: in test_semantics
    contract_file, get_last_contract(contract_file)
../../../warp_dev/lib/python3.7/site-packages/sol_warp-0.2.12-py3.7.egg/yul/main.py:53: in transpile_from_solidity
    codes = json.loads(result.stdout)
/usr/lib/python3.7/json/__init__.py:348: in loads
    return _default_decoder.decode(s)
/usr/lib/python3.7/json/decoder.py:337: in decode
    obj, end = self.raw_decode(s, idx=_w(s, 0).end())
/usr/lib/python3.7/json/decoder.py:355: in raw_decode
    raise JSONDecodeError("Expecting value", s, err.value) from None
E   json.decoder.JSONDecodeError: Expecting value: line 1 column 1 (char 0)
------------------------------------------------------------------------------------------------------------------- Captured stdout call -------------------------------------------------------------------------------------------------------------------
{'callData': '0xece866b9', 'expectations': '0x0000000000000000000000000000000000000000000000000000000000000000', 'failure': False, 'signature': 'l()'}
------------------------------------------------------------------------------------------------------------------- Captured stderr call -------------------------------------------------------------------------------------------------------------------
Warning: SPDX license identifier not provided in source file. Before publishing, consider adding a comment containing "SPDX-License-Identifier: <SPDX-License>" to each source file. Use "SPDX-License-Identifier: UNLICENSED" for non-open-source code. Please see https://spdx.org for more information.
--> tests/semantic/solidity/test/libsolidity/semanticTests/userDefinedValueType/simple_marked.sol

_______________________________________ test_semantics[/home/greg/dev/nethermind/warp/tests/semantic/solidity/test/libsolidity/semanticTests/userDefinedValueType/zero_cost_abstraction_comparison_userdefined.sol] ________________________________________
tests/semantic/test_semantics.py:126: in test_semantics
    contract_file, get_last_contract(contract_file)
../../../warp_dev/lib/python3.7/site-packages/sol_warp-0.2.12-py3.7.egg/yul/main.py:53: in transpile_from_solidity
    codes = json.loads(result.stdout)
/usr/lib/python3.7/json/__init__.py:348: in loads
    return _default_decoder.decode(s)
/usr/lib/python3.7/json/decoder.py:337: in decode
    obj, end = self.raw_decode(s, idx=_w(s, 0).end())
/usr/lib/python3.7/json/decoder.py:355: in raw_decode
    raise JSONDecodeError("Expecting value", s, err.value) from None
E   json.decoder.JSONDecodeError: Expecting value: line 1 column 1 (char 0)
------------------------------------------------------------------------------------------------------------------- Captured stderr call -------------------------------------------------------------------------------------------------------------------
Warning: SPDX license identifier not provided in source file. Before publishing, consider adding a comment containing "SPDX-License-Identifier: <SPDX-License>" to each source file. Use "SPDX-License-Identifier: UNLICENSED" for non-open-source code. Please see https://spdx.org for more information.
--> tests/semantic/solidity/test/libsolidity/semanticTests/userDefinedValueType/zero_cost_abstraction_comparison_userdefined_marked.sol

_____________________________________________________ test_semantics[/home/greg/dev/nethermind/warp/tests/semantic/solidity/test/libsolidity/semanticTests/userDefinedValueType/immutable_signed.sol] ______________________________________________________
tests/semantic/test_semantics.py:126: in test_semantics
    contract_file, get_last_contract(contract_file)
../../../warp_dev/lib/python3.7/site-packages/sol_warp-0.2.12-py3.7.egg/yul/main.py:53: in transpile_from_solidity
    codes = json.loads(result.stdout)
/usr/lib/python3.7/json/__init__.py:348: in loads
    return _default_decoder.decode(s)
/usr/lib/python3.7/json/decoder.py:337: in decode
    obj, end = self.raw_decode(s, idx=_w(s, 0).end())
/usr/lib/python3.7/json/decoder.py:355: in raw_decode
    raise JSONDecodeError("Expecting value", s, err.value) from None
E   json.decoder.JSONDecodeError: Expecting value: line 1 column 1 (char 0)
------------------------------------------------------------------------------------------------------------------- Captured stdout call -------------------------------------------------------------------------------------------------------------------
{'callData': '0xb997a7b9000000000000000000000000000000000000000000000000000000000000002a', 'expectations': '0x', 'failure': False, 'signature': 'lv(uint256)'}
{'callData': '0xece866b9', 'expectations': '0x0000000000000000000000000000000000000000000000000000000000000001', 'failure': False, 'signature': 'l()'}
{'callData': '0xf0fdf8340000000000000000000000000000000000000000000000000000000000000000', 'expectations': '0x000000000000000000000000000000000000000000000000000000000000002a', 'failure': False, 'signature': 'a(uint256)'}
------------------------------------------------------------------------------------------------------------------- Captured stderr call -------------------------------------------------------------------------------------------------------------------
Warning: SPDX license identifier not provided in source file. Before publishing, consider adding a comment containing "SPDX-License-Identifier: <SPDX-License>" to each source file. Use "SPDX-License-Identifier: UNLICENSED" for non-open-source code. Please see https://spdx.org for more information.
--> tests/semantic/solidity/test/libsolidity/semanticTests/userDefinedValueType/immutable_signed_marked.sol

----------------------------------------------------------------------------------------------------------------- Captured stderr teardown -----------------------------------------------------------------------------------------------------------------
Warning: SPDX license identifier not provided in source file. Before publishing, consider adding a comment containing "SPDX-License-Identifier: <SPDX-License>" to each source file. Use "SPDX-License-Identifier: UNLICENSED" for non-open-source code. Please see https://spdx.org for more information.
--> tests/semantic/solidity/test/libsolidity/semanticTests/userDefinedValueType/erc20_marked.sol

___________________________________________________________ test_semantics[/home/greg/dev/nethermind/warp/tests/semantic/solidity/test/libsolidity/semanticTests/userDefinedValueType/erc20.sol] ___________________________________________________________
tests/semantic/test_semantics.py:126: in test_semantics
    contract_file, get_last_contract(contract_file)
../../../warp_dev/lib/python3.7/site-packages/sol_warp-0.2.12-py3.7.egg/yul/main.py:53: in transpile_from_solidity
    codes = json.loads(result.stdout)
/usr/lib/python3.7/json/__init__.py:348: in loads
    return _default_decoder.decode(s)
/usr/lib/python3.7/json/decoder.py:337: in decode
    obj, end = self.raw_decode(s, idx=_w(s, 0).end())
/usr/lib/python3.7/json/decoder.py:355: in raw_decode
    raise JSONDecodeError("Expecting value", s, err.value) from None
E   json.decoder.JSONDecodeError: Expecting value: line 1 column 1 (char 0)
____________________________________________ test_semantics[/home/greg/dev/nethermind/warp/tests/semantic/solidity/test/libsolidity/semanticTests/array/pop/byte_array_pop_long_storage_empty_garbage_ref.sol] _____________________________________________
../../../warp_dev/lib/python3.7/site-packages/cairo_lang-0.6.2-py3.7.egg/starkware/starknet/business_logic/internal_transaction.py:539: in _run
    verify_secure=True,
../../../warp_dev/lib/python3.7/site-packages/cairo_lang-0.6.2-py3.7.egg/starkware/cairo/common/cairo_function_runner.py:199: in run_from_entrypoint
    self.run_until_pc(addr=end, run_resources=run_resources)
../../../warp_dev/lib/python3.7/site-packages/cairo_lang-0.6.2-py3.7.egg/starkware/cairo/lang/vm/cairo_runner.py:284: in run_until_pc
    self.vm_step()
../../../warp_dev/lib/python3.7/site-packages/cairo_lang-0.6.2-py3.7.egg/starkware/cairo/lang/vm/cairo_runner.py:298: in vm_step
    self.vm.step()
../../../warp_dev/lib/python3.7/site-packages/cairo_lang-0.6.2-py3.7.egg/starkware/cairo/lang/vm/virtual_machine_base.py:255: in step
    self.run_instruction(instruction)
../../../warp_dev/lib/python3.7/site-packages/cairo_lang-0.6.2-py3.7.egg/starkware/cairo/lang/vm/vm_core.py:422: in run_instruction
    raise self.as_vm_exception(exc) from None
E   starkware.cairo.lang.vm.vm_exceptions.VmException: /home/greg/dev/nethermind/warp/tests/semantic/solidity/test/libsolidity/semanticTests/array/pop/byte_array_pop_long_storage_empty_garbage_ref.cairo.temp:105:9: Error at pc=0:2324:
E   An ASSERT_EQ instruction failed: 1 != 0.
E           assert 0 = 1
E           ^**********^
E   Cairo traceback (most recent call last):
E   /home/greg/dev/nethermind/warp/tests/semantic/solidity/test/libsolidity/semanticTests/array/pop/byte_array_pop_long_storage_empty_garbage_ref.cairo.temp:52:6: (pc=0:2188)
E   func __main{
E        ^****^
E   /home/greg/dev/nethermind/warp/tests/semantic/solidity/test/libsolidity/semanticTests/array/pop/byte_array_pop_long_storage_empty_garbage_ref.cairo.temp:66:9: (pc=0:2127)
E           __main_meat()
E           ^***********^
E   /home/greg/dev/nethermind/warp/tests/semantic/solidity/test/libsolidity/semanticTests/array/pop/byte_array_pop_long_storage_empty_garbage_ref.cairo.temp:640:5: (pc=0:4209)
E       __warp_if_6(__warp_subexpr_0)
E       ^***************************^
E   /home/greg/dev/nethermind/warp/tests/semantic/solidity/test/libsolidity/semanticTests/array/pop/byte_array_pop_long_storage_empty_garbage_ref.cairo.temp:624:9: (pc=0:4163)
E           __warp_block_19()
E           ^***************^
E   /home/greg/dev/nethermind/warp/tests/semantic/solidity/test/libsolidity/semanticTests/array/pop/byte_array_pop_long_storage_empty_garbage_ref.cairo.temp:614:5: (pc=0:4138)
E       __warp_if_7(__warp_subexpr_0)
E       ^***************************^
E   /home/greg/dev/nethermind/warp/tests/semantic/solidity/test/libsolidity/semanticTests/array/pop/byte_array_pop_long_storage_empty_garbage_ref.cairo.temp:599:9: (pc=0:4093)
E           __warp_block_20()
E           ^***************^
E   /home/greg/dev/nethermind/warp/tests/semantic/solidity/test/libsolidity/semanticTests/array/pop/byte_array_pop_long_storage_empty_garbage_ref.cairo.temp:587:29: (pc=0:4035)
E       let (var_j : Uint256) = __warp_loop_1(Uint256(low=0, high=0), var_j)
E                               ^******************************************^
E   /home/greg/dev/nethermind/warp/tests/semantic/solidity/test/libsolidity/semanticTests/array/pop/byte_array_pop_long_storage_empty_garbage_ref.cairo.temp:566:29: (pc=0:3973)
E       let (var_j : Uint256) = __warp_loop_1(_1, var_j)
E                               ^**********************^
E   /home/greg/dev/nethermind/warp/tests/semantic/solidity/test/libsolidity/semanticTests/array/pop/byte_array_pop_long_storage_empty_garbage_ref.cairo.temp:566:29: (pc=0:3973)
E       let (var_j : Uint256) = __warp_loop_1(_1, var_j)
E                               ^**********************^
E   /home/greg/dev/nethermind/warp/tests/semantic/solidity/test/libsolidity/semanticTests/array/pop/byte_array_pop_long_storage_empty_garbage_ref.cairo.temp:566:29: (pc=0:3973)
E       let (var_j : Uint256) = __warp_loop_1(_1, var_j)
E                               ^**********************^
E   /home/greg/dev/nethermind/warp/tests/semantic/solidity/test/libsolidity/semanticTests/array/pop/byte_array_pop_long_storage_empty_garbage_ref.cairo.temp:566:29: (pc=0:3973)
E       let (var_j : Uint256) = __warp_loop_1(_1, var_j)
E                               ^**********************^
E   /home/greg/dev/nethermind/warp/tests/semantic/solidity/test/libsolidity/semanticTests/array/pop/byte_array_pop_long_storage_empty_garbage_ref.cairo.temp:566:29: (pc=0:3973)
E       let (var_j : Uint256) = __warp_loop_1(_1, var_j)
E                               ^**********************^
E   /home/greg/dev/nethermind/warp/tests/semantic/solidity/test/libsolidity/semanticTests/array/pop/byte_array_pop_long_storage_empty_garbage_ref.cairo.temp:566:29: (pc=0:3973)
E       let (var_j : Uint256) = __warp_loop_1(_1, var_j)
E                               ^**********************^
E   /home/greg/dev/nethermind/warp/tests/semantic/solidity/test/libsolidity/semanticTests/array/pop/byte_array_pop_long_storage_empty_garbage_ref.cairo.temp:566:29: (pc=0:3973)
E       let (var_j : Uint256) = __warp_loop_1(_1, var_j)
E                               ^**********************^
E   /home/greg/dev/nethermind/warp/tests/semantic/solidity/test/libsolidity/semanticTests/array/pop/byte_array_pop_long_storage_empty_garbage_ref.cairo.temp:566:29: (pc=0:3973)
E       let (var_j : Uint256) = __warp_loop_1(_1, var_j)
E                               ^**********************^
E   /home/greg/dev/nethermind/warp/tests/semantic/solidity/test/libsolidity/semanticTests/array/pop/byte_array_pop_long_storage_empty_garbage_ref.cairo.temp:566:29: (pc=0:3973)
E       let (var_j : Uint256) = __warp_loop_1(_1, var_j)
E                               ^**********************^
E   /home/greg/dev/nethermind/warp/tests/semantic/solidity/test/libsolidity/semanticTests/array/pop/byte_array_pop_long_storage_empty_garbage_ref.cairo.temp:566:29: (pc=0:3973)
E       let (var_j : Uint256) = __warp_loop_1(_1, var_j)
E                               ^**********************^
E   /home/greg/dev/nethermind/warp/tests/semantic/solidity/test/libsolidity/semanticTests/array/pop/byte_array_pop_long_storage_empty_garbage_ref.cairo.temp:565:29: (pc=0:3961)
E       let (var_j : Uint256) = __warp_loop_body_1(_1, var_j)
E                               ^***************************^
E   /home/greg/dev/nethermind/warp/tests/semantic/solidity/test/libsolidity/semanticTests/array/pop/byte_array_pop_long_storage_empty_garbage_ref.cairo.temp:548:5: (pc=0:3890)
E       byte_array_pop_bytes_storage_ptr()
E       ^********************************^
E   /home/greg/dev/nethermind/warp/tests/semantic/solidity/test/libsolidity/semanticTests/array/pop/byte_array_pop_long_storage_empty_garbage_ref.cairo.temp:532:30: (pc=0:3843)
E       let (oldLen : Uint256) = extract_byte_array_length(data)
E                                ^*****************************^

During handling of the above exception, another exception occurred:
tests/semantic/test_semantics.py:161: in test_semantics
    res = await invoke_method_evm_calldata(starknet, contract_address, argument)
../../../warp_dev/lib/python3.7/site-packages/sol_warp-0.2.12-py3.7.egg/yul/starknet_utils.py:30: in invoke_method_evm_calldata
    caller_address=0,
../../../warp_dev/lib/python3.7/site-packages/cairo_lang-0.6.2-py3.7.egg/starkware/starknet/testing/state.py:153: in invoke_raw
    state=state_copy, general_config=self.general_config
../../../warp_dev/lib/python3.7/site-packages/cairo_lang-0.6.2-py3.7.egg/starkware/starknet/business_logic/internal_transaction_interface.py:213: in apply_state_updates
    state=state_to_update, general_config=general_config
../../../warp_dev/lib/python3.7/site-packages/cairo_lang-0.6.2-py3.7.egg/starkware/starknet/business_logic/internal_transaction.py:405: in _apply_specific_state_updates
    func=_synchronous_apply_specific_state_updates,
/usr/lib/python3.7/concurrent/futures/thread.py:57: in run
    result = self.fn(*self.args, **self.kwargs)
../../../warp_dev/lib/python3.7/site-packages/cairo_lang-0.6.2-py3.7.egg/starkware/starknet/business_logic/internal_transaction.py:433: in _synchronous_apply_specific_state_updates
    run_resources=run_resources,
../../../warp_dev/lib/python3.7/site-packages/cairo_lang-0.6.2-py3.7.egg/starkware/starknet/business_logic/internal_transaction.py:559: in _run
    raise StarkException(code=code, message=str(exception))
E   starkware.starkware_utils.error_handling.StarkException: (500, {'code': <StarknetErrorCode.TRANSACTION_FAILED: 28>, 'message': '/home/greg/dev/nethermind/warp/tests/semantic/solidity/test/libsolidity/semanticTests/array/pop/byte_array_pop_long_storage_empty_garbage_ref.cairo.temp:105:9: Error at pc=0:2324:\nAn ASSERT_EQ instruction failed: 1 != 0.\n        assert 0 = 1\n        ^**********^\nCairo traceback (most recent call last):\n/home/greg/dev/nethermind/warp/tests/semantic/solidity/test/libsolidity/semanticTests/array/pop/byte_array_pop_long_storage_empty_garbage_ref.cairo.temp:52:6: (pc=0:2188)\nfunc __main{\n     ^****^\n/home/greg/dev/nethermind/warp/tests/semantic/solidity/test/libsolidity/semanticTests/array/pop/byte_array_pop_long_storage_empty_garbage_ref.cairo.temp:66:9: (pc=0:2127)\n        __main_meat()\n        ^***********^\n/home/greg/dev/nethermind/warp/tests/semantic/solidity/test/libsolidity/semanticTests/array/pop/byte_array_pop_long_storage_empty_garbage_ref.cairo.temp:640:5: (pc=0:4209)\n    __warp_if_6(__warp_subexpr_0)\n    ^***************************^\n/home/greg/dev/nethermind/warp/tests/semantic/solidity/test/libsolidity/semanticTests/array/pop/byte_array_pop_long_storage_empty_garbage_ref.cairo.temp:624:9: (pc=0:4163)\n        __warp_block_19()\n        ^***************^\n/home/greg/dev/nethermind/warp/tests/semantic/solidity/test/libsolidity/semanticTests/array/pop/byte_array_pop_long_storage_empty_garbage_ref.cairo.temp:614:5: (pc=0:4138)\n    __warp_if_7(__warp_subexpr_0)\n    ^***************************^\n/home/greg/dev/nethermind/warp/tests/semantic/solidity/test/libsolidity/semanticTests/array/pop/byte_array_pop_long_storage_empty_garbage_ref.cairo.temp:599:9: (pc=0:4093)\n        __warp_block_20()\n        ^***************^\n/home/greg/dev/nethermind/warp/tests/semantic/solidity/test/libsolidity/semanticTests/array/pop/byte_array_pop_long_storage_empty_garbage_ref.cairo.temp:587:29: (pc=0:4035)\n    let (var_j : Uint256) = __warp_loop_1(Uint256(low=0, high=0), var_j)\n                            ^******************************************^\n/home/greg/dev/nethermind/warp/tests/semantic/solidity/test/libsolidity/semanticTests/array/pop/byte_array_pop_long_storage_empty_garbage_ref.cairo.temp:566:29: (pc=0:3973)\n    let (var_j : Uint256) = __warp_loop_1(_1, var_j)\n                            ^**********************^\n/home/greg/dev/nethermind/warp/tests/semantic/solidity/test/libsolidity/semanticTests/array/pop/byte_array_pop_long_storage_empty_garbage_ref.cairo.temp:566:29: (pc=0:3973)\n    let (var_j : Uint256) = __warp_loop_1(_1, var_j)\n                            ^**********************^\n/home/greg/dev/nethermind/warp/tests/semantic/solidity/test/libsolidity/semanticTests/array/pop/byte_array_pop_long_storage_empty_garbage_ref.cairo.temp:566:29: (pc=0:3973)\n    let (var_j : Uint256) = __warp_loop_1(_1, var_j)\n                            ^**********************^\n/home/greg/dev/nethermind/warp/tests/semantic/solidity/test/libsolidity/semanticTests/array/pop/byte_array_pop_long_storage_empty_garbage_ref.cairo.temp:566:29: (pc=0:3973)\n    let (var_j : Uint256) = __warp_loop_1(_1, var_j)\n                            ^**********************^\n/home/greg/dev/nethermind/warp/tests/semantic/solidity/test/libsolidity/semanticTests/array/pop/byte_array_pop_long_storage_empty_garbage_ref.cairo.temp:566:29: (pc=0:3973)\n    let (var_j : Uint256) = __warp_loop_1(_1, var_j)\n                            ^**********************^\n/home/greg/dev/nethermind/warp/tests/semantic/solidity/test/libsolidity/semanticTests/array/pop/byte_array_pop_long_storage_empty_garbage_ref.cairo.temp:566:29: (pc=0:3973)\n    let (var_j : Uint256) = __warp_loop_1(_1, var_j)\n                            ^**********************^\n/home/greg/dev/nethermind/warp/tests/semantic/solidity/test/libsolidity/semanticTests/array/pop/byte_array_pop_long_storage_empty_garbage_ref.cairo.temp:566:29: (pc=0:3973)\n    let (var_j : Uint256) = __warp_loop_1(_1, var_j)\n                            ^**********************^\n/home/greg/dev/nethermind/warp/tests/semantic/solidity/test/libsolidity/semanticTests/array/pop/byte_array_pop_long_storage_empty_garbage_ref.cairo.temp:566:29: (pc=0:3973)\n    let (var_j : Uint256) = __warp_loop_1(_1, var_j)\n                            ^**********************^\n/home/greg/dev/nethermind/warp/tests/semantic/solidity/test/libsolidity/semanticTests/array/pop/byte_array_pop_long_storage_empty_garbage_ref.cairo.temp:566:29: (pc=0:3973)\n    let (var_j : Uint256) = __warp_loop_1(_1, var_j)\n                            ^**********************^\n/home/greg/dev/nethermind/warp/tests/semantic/solidity/test/libsolidity/semanticTests/array/pop/byte_array_pop_long_storage_empty_garbage_ref.cairo.temp:566:29: (pc=0:3973)\n    let (var_j : Uint256) = __warp_loop_1(_1, var_j)\n                            ^**********************^\n/home/greg/dev/nethermind/warp/tests/semantic/solidity/test/libsolidity/semanticTests/array/pop/byte_array_pop_long_storage_empty_garbage_ref.cairo.temp:565:29: (pc=0:3961)\n    let (var_j : Uint256) = __warp_loop_body_1(_1, var_j)\n                            ^***************************^\n/home/greg/dev/nethermind/warp/tests/semantic/solidity/test/libsolidity/semanticTests/array/pop/byte_array_pop_long_storage_empty_garbage_ref.cairo.temp:548:5: (pc=0:3890)\n    byte_array_pop_bytes_storage_ptr()\n    ^********************************^\n/home/greg/dev/nethermind/warp/tests/semantic/solidity/test/libsolidity/semanticTests/array/pop/byte_array_pop_long_storage_empty_garbage_ref.cairo.temp:532:30: (pc=0:3843)\n    let (oldLen : Uint256) = extract_byte_array_length(data)\n                             ^*****************************^'})
------------------------------------------------------------------------------------------------------------------- Captured stdout call -------------------------------------------------------------------------------------------------------------------
{'callData': '0x26121ff0', 'expectations': '0x0000000000000000000000000000000000000000000000000000000000000000', 'failure': False, 'signature': 'f()'}
_________________________________________________________ test_semantics[/home/greg/dev/nethermind/warp/tests/semantic/solidity/test/libsolidity/semanticTests/userDefinedValueType/parameter.sol] _________________________________________________________
tests/semantic/test_semantics.py:126: in test_semantics
    contract_file, get_last_contract(contract_file)
../../../warp_dev/lib/python3.7/site-packages/sol_warp-0.2.12-py3.7.egg/yul/main.py:53: in transpile_from_solidity
    codes = json.loads(result.stdout)
/usr/lib/python3.7/json/__init__.py:348: in loads
    return _default_decoder.decode(s)
/usr/lib/python3.7/json/decoder.py:337: in decode
    obj, end = self.raw_decode(s, idx=_w(s, 0).end())
/usr/lib/python3.7/json/decoder.py:355: in raw_decode
    raise JSONDecodeError("Expecting value", s, err.value) from None
E   json.decoder.JSONDecodeError: Expecting value: line 1 column 1 (char 0)
------------------------------------------------------------------------------------------------------------------- Captured stdout call -------------------------------------------------------------------------------------------------------------------
{'callData': '0xece866b9', 'expectations': '0x0000000000000000000000000000000000000000000000000000000000000002', 'failure': False, 'signature': 'l()'}
{'callData': '0xece866b9', 'expectations': '0x0000000000000000000000000000000000000000000000000000000000000000', 'failure': False, 'signature': 'l()'}
------------------------------------------------------------------------------------------------------------------- Captured stderr call -------------------------------------------------------------------------------------------------------------------
Warning: SPDX license identifier not provided in source file. Before publishing, consider adding a comment containing "SPDX-License-Identifier: <SPDX-License>" to each source file. Use "SPDX-License-Identifier: UNLICENSED" for non-open-source code. Please see https://spdx.org for more information.
--> tests/semantic/solidity/test/libsolidity/semanticTests/userDefinedValueType/parameter_marked.sol

Warning: Function state mutability can be restricted to pure
 --> tests/semantic/solidity/test/libsolidity/semanticTests/userDefinedValueType/parameter_marked.sol:5:5:
  |
5 |     function id(MyAddress a) external returns (MyAddress b) {
  |     ^ (Relevant source part starts here and spans across multiple lines).

Warning: Function state mutability can be restricted to pure
 --> tests/semantic/solidity/test/libsolidity/semanticTests/userDefinedValueType/parameter_marked.sol:8:5:
  |
8 |     function unwrap_assembly(MyAddress a) external returns (address b) {
  |     ^ (Relevant source part starts here and spans across multiple lines).

Warning: Function state mutability can be restricted to pure
  --> tests/semantic/solidity/test/libsolidity/semanticTests/userDefinedValueType/parameter_marked.sol:11:5:
   |
11 |     function wrap_assembly(address a) external returns (MyAddress b) {
   |     ^ (Relevant source part starts here and spans across multiple lines).

Warning: Function state mutability can be restricted to pure
  --> tests/semantic/solidity/test/libsolidity/semanticTests/userDefinedValueType/parameter_marked.sol:14:5:
   |
14 |     function unwrap(MyAddress a) external returns (address b) {
   |     ^ (Relevant source part starts here and spans across multiple lines).

Warning: Function state mutability can be restricted to pure
  --> tests/semantic/solidity/test/libsolidity/semanticTests/userDefinedValueType/parameter_marked.sol:17:5:
   |
17 |     function wrap(address a) external returns (MyAddress b) {
   |     ^ (Relevant source part starts here and spans across multiple lines).

_________________________________________________________ test_semantics[/home/greg/dev/nethermind/warp/tests/semantic/solidity/test/libsolidity/semanticTests/userDefinedValueType/abicodec.sol] __________________________________________________________
tests/semantic/test_semantics.py:126: in test_semantics
    contract_file, get_last_contract(contract_file)
../../../warp_dev/lib/python3.7/site-packages/sol_warp-0.2.12-py3.7.egg/yul/main.py:53: in transpile_from_solidity
    codes = json.loads(result.stdout)
/usr/lib/python3.7/json/__init__.py:348: in loads
    return _default_decoder.decode(s)
/usr/lib/python3.7/json/decoder.py:337: in decode
    obj, end = self.raw_decode(s, idx=_w(s, 0).end())
/usr/lib/python3.7/json/decoder.py:355: in raw_decode
    raise JSONDecodeError("Expecting value", s, err.value) from None
E   json.decoder.JSONDecodeError: Expecting value: line 1 column 1 (char 0)
------------------------------------------------------------------------------------------------------------------- Captured stdout call -------------------------------------------------------------------------------------------------------------------
{'callData': '0xf0fdf8340000000000000000000000000000000000000000000000000000000000000001', 'expectations': '0x0000000000000000000000000000000000000000000000000000000000000000', 'failure': False, 'signature': 'a(uint256)'}
{'callData': '0xb3de648b000000000000000000000000000000000000000000000000000000000000002a', 'expectations': '0x', 'failure': False, 'signature': 'f(uint256)'}
{'callData': '0xece866b9', 'expectations': '0x0000000000000000000000000000000000000000000000000000000000000001', 'failure': False, 'signature': 'l()'}
------------------------------------------------------------------------------------------------------------------- Captured stderr call -------------------------------------------------------------------------------------------------------------------
Warning: SPDX license identifier not provided in source file. Before publishing, consider adding a comment containing "SPDX-License-Identifier: <SPDX-License>" to each source file. Use "SPDX-License-Identifier: UNLICENSED" for non-open-source code. Please see https://spdx.org for more information.
--> tests/semantic/solidity/test/libsolidity/semanticTests/userDefinedValueType/abicodec_marked.sol

Warning: Function state mutability can be restricted to pure
 --> tests/semantic/solidity/test/libsolidity/semanticTests/userDefinedValueType/abicodec_marked.sol:4:5:
  |
4 |     function f(MyInt x) external returns(MyInt a, MyInt b, MyInt c, MyInt d) {
  |     ^ (Relevant source part starts here and spans across multiple lines).

________________________________________________________ test_semantics[/home/greg/dev/nethermind/warp/tests/semantic/solidity/test/libsolidity/semanticTests/userDefinedValueType/mapping_key.sol] ________________________________________________________
tests/semantic/test_semantics.py:126: in test_semantics
    contract_file, get_last_contract(contract_file)
../../../warp_dev/lib/python3.7/site-packages/sol_warp-0.2.12-py3.7.egg/yul/main.py:53: in transpile_from_solidity
    codes = json.loads(result.stdout)
/usr/lib/python3.7/json/__init__.py:348: in loads
    return _default_decoder.decode(s)
/usr/lib/python3.7/json/decoder.py:337: in decode
    obj, end = self.raw_decode(s, idx=_w(s, 0).end())
/usr/lib/python3.7/json/decoder.py:355: in raw_decode
    raise JSONDecodeError("Expecting value", s, err.value) from None
E   json.decoder.JSONDecodeError: Expecting value: line 1 column 1 (char 0)
------------------------------------------------------------------------------------------------------------------- Captured stderr call -------------------------------------------------------------------------------------------------------------------
Warning: SPDX license identifier not provided in source file. Before publishing, consider adding a comment containing "SPDX-License-Identifier: <SPDX-License>" to each source file. Use "SPDX-License-Identifier: UNLICENSED" for non-open-source code. Please see https://spdx.org for more information.
--> tests/semantic/solidity/test/libsolidity/semanticTests/userDefinedValueType/mapping_key_marked.sol

____________________________________________ test_semantics[/home/greg/dev/nethermind/warp/tests/semantic/solidity/test/libsolidity/semanticTests/userDefinedValueType/assembly_access_bytes2_abicoder_v2.sol] _____________________________________________
tests/semantic/test_semantics.py:126: in test_semantics
    contract_file, get_last_contract(contract_file)
../../../warp_dev/lib/python3.7/site-packages/sol_warp-0.2.12-py3.7.egg/yul/main.py:53: in transpile_from_solidity
    codes = json.loads(result.stdout)
/usr/lib/python3.7/json/__init__.py:348: in loads
    return _default_decoder.decode(s)
/usr/lib/python3.7/json/decoder.py:337: in decode
    obj, end = self.raw_decode(s, idx=_w(s, 0).end())
/usr/lib/python3.7/json/decoder.py:355: in raw_decode
    raise JSONDecodeError("Expecting value", s, err.value) from None
E   json.decoder.JSONDecodeError: Expecting value: line 1 column 1 (char 0)
------------------------------------------------------------------------------------------------------------------- Captured stdout call -------------------------------------------------------------------------------------------------------------------
{'callData': '0xf0fdf8340000000000000000000000000000000000000000000000000000000000000000', 'expectations': '0x000000000000000000000000000000000000000000000000000000000000002a', 'failure': False, 'signature': 'a(uint256)'}
{'callData': '0xb997a7b9000000000000000000000000000000000000000000000000000000000000006f', 'expectations': '0x', 'failure': False, 'signature': 'lv(uint256)'}
------------------------------------------------------------------------------------------------------------------- Captured stderr call -------------------------------------------------------------------------------------------------------------------
Warning: SPDX license identifier not provided in source file. Before publishing, consider adding a comment containing "SPDX-License-Identifier: <SPDX-License>" to each source file. Use "SPDX-License-Identifier: UNLICENSED" for non-open-source code. Please see https://spdx.org for more information.
--> tests/semantic/solidity/test/libsolidity/semanticTests/userDefinedValueType/assembly_access_bytes2_abicoder_v2_marked.sol

Warning: Function state mutability can be restricted to pure
 --> tests/semantic/solidity/test/libsolidity/semanticTests/userDefinedValueType/assembly_access_bytes2_abicoder_v2_marked.sol:5:5:
  |
5 |     function f(MyBytes2 val) external returns (bytes2 ret) {
  |     ^ (Relevant source part starts here and spans across multiple lines).

Warning: Function state mutability can be restricted to pure
  --> tests/semantic/solidity/test/libsolidity/semanticTests/userDefinedValueType/assembly_access_bytes2_abicoder_v2_marked.sol:10:5:
   |
10 |     function g(bytes2 val) external returns (bytes2 ret) {
   |     ^ (Relevant source part starts here and spans across multiple lines).

Warning: Function state mutability can be restricted to pure
  --> tests/semantic/solidity/test/libsolidity/semanticTests/userDefinedValueType/assembly_access_bytes2_abicoder_v2_marked.sol:15:5:
   |
15 |     function h(uint256 val) external returns (MyBytes2) {
   |     ^ (Relevant source part starts here and spans across multiple lines).

________________________________________________________ test_semantics[/home/greg/dev/nethermind/warp/tests/semantic/solidity/test/libsolidity/semanticTests/userDefinedValueType/multisource.sol] ________________________________________________________
tests/semantic/test_semantics.py:126: in test_semantics
    contract_file, get_last_contract(contract_file)
../../../warp_dev/lib/python3.7/site-packages/sol_warp-0.2.12-py3.7.egg/yul/main.py:49: in transpile_from_solidity
    output = get_for_contract(sol_src_path_modified, main_contract, ["abi"])
../../../warp_dev/lib/python3.7/site-packages/sol_warp-0.2.12-py3.7.egg/yul/utils.py:136: in get_for_contract
    get_source_version(sol_source)
../../../warp_dev/lib/python3.7/site-packages/sol_warp-0.2.12-py3.7.egg/yul/utils.py:146: in get_source_version
    with open(sol_source) as f:
E   FileNotFoundError: [Errno 2] No such file or directory: '/home/greg/dev/nethermind/warp/tests/semantic/solidity/test/libsolidity/semanticTests/userDefinedValueType/multisource_marked.sol'
____________________________________________________ test_semantics[/home/greg/dev/nethermind/warp/tests/semantic/solidity/test/libsolidity/semanticTests/userDefinedValueType/multisource_module.sol] _____________________________________________________
tests/semantic/test_semantics.py:126: in test_semantics
    contract_file, get_last_contract(contract_file)
../../../warp_dev/lib/python3.7/site-packages/sol_warp-0.2.12-py3.7.egg/yul/main.py:49: in transpile_from_solidity
    output = get_for_contract(sol_src_path_modified, main_contract, ["abi"])
../../../warp_dev/lib/python3.7/site-packages/sol_warp-0.2.12-py3.7.egg/yul/utils.py:136: in get_for_contract
    get_source_version(sol_source)
../../../warp_dev/lib/python3.7/site-packages/sol_warp-0.2.12-py3.7.egg/yul/utils.py:146: in get_source_version
    with open(sol_source) as f:
E   FileNotFoundError: [Errno 2] No such file or directory: '/home/greg/dev/nethermind/warp/tests/semantic/solidity/test/libsolidity/semanticTests/userDefinedValueType/multisource_module_marked.sol'
----------------------------------------------------------------------------------------------------------------- Captured stdout teardown -----------------------------------------------------------------------------------------------------------------
{'callData': '0xece866b9', 'expectations': '0x0000000000000000000000000000000000000000000000000000000000000003', 'failure': False, 'signature': 'l()'}
________________________________________________________ test_semantics[/home/greg/dev/nethermind/warp/tests/semantic/solidity/test/libsolidity/semanticTests/userDefinedValueType/wrap_unwrap.sol] ________________________________________________________
tests/semantic/test_semantics.py:126: in test_semantics
    contract_file, get_last_contract(contract_file)
../../../warp_dev/lib/python3.7/site-packages/sol_warp-0.2.12-py3.7.egg/yul/main.py:53: in transpile_from_solidity
    codes = json.loads(result.stdout)
/usr/lib/python3.7/json/__init__.py:348: in loads
    return _default_decoder.decode(s)
/usr/lib/python3.7/json/decoder.py:337: in decode
    obj, end = self.raw_decode(s, idx=_w(s, 0).end())
/usr/lib/python3.7/json/decoder.py:355: in raw_decode
    raise JSONDecodeError("Expecting value", s, err.value) from None
E   json.decoder.JSONDecodeError: Expecting value: line 1 column 1 (char 0)
------------------------------------------------------------------------------------------------------------------- Captured stdout call -------------------------------------------------------------------------------------------------------------------
{'callData': '0xece866b9', 'expectations': '0x0000000000000000000000000000000000000000000000000000000000000002', 'failure': False, 'signature': 'l()'}
{'callData': '0xf0fdf8340000000000000000000000000000000000000000000000000000000000000002', 'expectations': '0x000000000000000000000000000000000000000000000000000000000000006f', 'failure': False, 'signature': 'a(uint256)'}
------------------------------------------------------------------------------------------------------------------- Captured stderr call -------------------------------------------------------------------------------------------------------------------
Warning: SPDX license identifier not provided in source file. Before publishing, consider adding a comment containing "SPDX-License-Identifier: <SPDX-License>" to each source file. Use "SPDX-License-Identifier: UNLICENSED" for non-open-source code. Please see https://spdx.org for more information.
--> tests/semantic/solidity/test/libsolidity/semanticTests/userDefinedValueType/wrap_unwrap_marked.sol

Warning: Statement has no effect.
 --> tests/semantic/solidity/test/libsolidity/semanticTests/userDefinedValueType/wrap_unwrap_marked.sol:5:9:
  |
5 |         MyAddress.wrap;
  |         ^^^^^^^^^^^^^^

Warning: Statement has no effect.
 --> tests/semantic/solidity/test/libsolidity/semanticTests/userDefinedValueType/wrap_unwrap_marked.sol:6:9:
  |
6 |         MyAddress.unwrap;
  |         ^^^^^^^^^^^^^^^^

_____________________________________________________ test_semantics[/home/greg/dev/nethermind/warp/tests/semantic/solidity/test/libsolidity/semanticTests/userDefinedValueType/dirty_uint8_read.sol] ______________________________________________________
tests/semantic/test_semantics.py:126: in test_semantics
    contract_file, get_last_contract(contract_file)
../../../warp_dev/lib/python3.7/site-packages/sol_warp-0.2.12-py3.7.egg/yul/main.py:53: in transpile_from_solidity
    codes = json.loads(result.stdout)
/usr/lib/python3.7/json/__init__.py:348: in loads
    return _default_decoder.decode(s)
/usr/lib/python3.7/json/decoder.py:337: in decode
    obj, end = self.raw_decode(s, idx=_w(s, 0).end())
/usr/lib/python3.7/json/decoder.py:355: in raw_decode
    raise JSONDecodeError("Expecting value", s, err.value) from None
E   json.decoder.JSONDecodeError: Expecting value: line 1 column 1 (char 0)
------------------------------------------------------------------------------------------------------------------- Captured stderr call -------------------------------------------------------------------------------------------------------------------
Warning: SPDX license identifier not provided in source file. Before publishing, consider adding a comment containing "SPDX-License-Identifier: <SPDX-License>" to each source file. Use "SPDX-License-Identifier: UNLICENSED" for non-open-source code. Please see https://spdx.org for more information.
--> tests/semantic/solidity/test/libsolidity/semanticTests/userDefinedValueType/dirty_uint8_read_marked.sol

Warning: Function state mutability can be restricted to view
  --> tests/semantic/solidity/test/libsolidity/semanticTests/userDefinedValueType/dirty_uint8_read_marked.sol:12:5:
   |
12 |     function read_unclean_value() external returns (bytes32 ret) {
   |     ^ (Relevant source part starts here and spans across multiple lines).

___________________________________________________________ test_semantics[/home/greg/dev/nethermind/warp/tests/semantic/solidity/test/libsolidity/semanticTests/array/push/push_no_args_1d.sol] ___________________________________________________________
FAILURE: /home/greg/dev/nethermind/warp/tests/semantic/solidity/test/libsolidity/semanticTests/array/push/push_no_args_1d.cairo.temp
assert '0xffffffffff...fffffffffffd6' == '0x0000000000...000000000002a'
  - 0x000000000000000000000000000000000000000000000000000000000000002a
  + 0xffffffffffffffffffffffffffffffffffffffffffffffffffffffffffffffd6
tests/semantic/test_semantics.py:173 in test_semantics() -> check.equal(final_res, expected_result, cairo_file_path)
FAILURE: /home/greg/dev/nethermind/warp/tests/semantic/solidity/test/libsolidity/semanticTests/array/push/push_no_args_1d.cairo.temp
assert '0xffffffffff...fffffffffff91' == '0x0000000000...000000000006f'
  - 0x000000000000000000000000000000000000000000000000000000000000006f
  + 0xffffffffffffffffffffffffffffffffffffffffffffffffffffffffffffff91
tests/semantic/test_semantics.py:173 in test_semantics() -> check.equal(final_res, expected_result, cairo_file_path)
------------------------------------------------------------
Failed Checks: 2
_________________________________________________________ test_semantics[/home/greg/dev/nethermind/warp/tests/semantic/solidity/test/libsolidity/semanticTests/userDefinedValueType/constant.sol] __________________________________________________________
tests/semantic/test_semantics.py:126: in test_semantics
    contract_file, get_last_contract(contract_file)
../../../warp_dev/lib/python3.7/site-packages/sol_warp-0.2.12-py3.7.egg/yul/main.py:53: in transpile_from_solidity
    codes = json.loads(result.stdout)
/usr/lib/python3.7/json/__init__.py:348: in loads
    return _default_decoder.decode(s)
/usr/lib/python3.7/json/decoder.py:337: in decode
    obj, end = self.raw_decode(s, idx=_w(s, 0).end())
/usr/lib/python3.7/json/decoder.py:355: in raw_decode
    raise JSONDecodeError("Expecting value", s, err.value) from None
E   json.decoder.JSONDecodeError: Expecting value: line 1 column 1 (char 0)
------------------------------------------------------------------------------------------------------------------- Captured stdout call -------------------------------------------------------------------------------------------------------------------
{'callData': '0xb997a7b90000000000000000000000000000000000000000000000000000000000001000', 'expectations': '0x', 'failure': False, 'signature': 'lv(uint256)'}
{'callData': '0xf8a8fd6d', 'expectations': '0x0000000000000000000000000000000000000000000000000000000000000020000000000000000000000000000000000000000000000000000000000000002103030303030303030303030303030303030303030303030303030303030303030300000000000000000000000000000000000000000000000000000000000000', 'failure': False, 'signature': 'test()'}
{'callData': '0xece866b9', 'expectations': '0x0000000000000000000000000000000000000000000000000000000000000003', 'failure': False, 'signature': 'l()'}
------------------------------------------------------------------------------------------------------------------- Captured stderr call -------------------------------------------------------------------------------------------------------------------
Warning: SPDX license identifier not provided in source file. Before publishing, consider adding a comment containing "SPDX-License-Identifier: <SPDX-License>" to each source file. Use "SPDX-License-Identifier: UNLICENSED" for non-open-source code. Please see https://spdx.org for more information.
--> tests/semantic/solidity/test/libsolidity/semanticTests/userDefinedValueType/storage_layout_marked.sol

Warning: SPDX license identifier not provided in source file. Before publishing, consider adding a comment containing "SPDX-License-Identifier: <SPDX-License>" to each source file. Use "SPDX-License-Identifier: UNLICENSED" for non-open-source code. Please see https://spdx.org for more information.
--> tests/semantic/solidity/test/libsolidity/semanticTests/userDefinedValueType/constant_marked.sol

Warning: SPDX license identifier not provided in source file. Before publishing, consider adding a comment containing "SPDX-License-Identifier: <SPDX-License>" to each source file. Use "SPDX-License-Identifier: UNLICENSED" for non-open-source code. Please see https://spdx.org for more information.
--> tests/semantic/solidity/test/libsolidity/semanticTests/userDefinedValueType/memory_to_storage_marked.sol

_____________________________________________________ test_semantics[/home/greg/dev/nethermind/warp/tests/semantic/solidity/test/libsolidity/semanticTests/userDefinedValueType/memory_to_storage.sol] _____________________________________________________
tests/semantic/test_semantics.py:126: in test_semantics
    contract_file, get_last_contract(contract_file)
../../../warp_dev/lib/python3.7/site-packages/sol_warp-0.2.12-py3.7.egg/yul/main.py:53: in transpile_from_solidity
    codes = json.loads(result.stdout)
/usr/lib/python3.7/json/__init__.py:348: in loads
    return _default_decoder.decode(s)
/usr/lib/python3.7/json/decoder.py:337: in decode
    obj, end = self.raw_decode(s, idx=_w(s, 0).end())
/usr/lib/python3.7/json/decoder.py:355: in raw_decode
    raise JSONDecodeError("Expecting value", s, err.value) from None
E   json.decoder.JSONDecodeError: Expecting value: line 1 column 1 (char 0)
------------------------------------------------------------------------------------------------------------------ Captured stdout setup -------------------------------------------------------------------------------------------------------------------
{'callData': '0xf0fdf8340000000000000000000000000000000000000000000000000000000000000001', 'expectations': '0x0000000000000000000000000000000000000000000000000000000000000054', 'failure': False, 'signature': 'a(uint256)'}
----------------------------------------------------------------------------------------------------------------- Captured stderr teardown -----------------------------------------------------------------------------------------------------------------
Warning: SPDX license identifier not provided in source file. Before publishing, consider adding a comment containing "SPDX-License-Identifier: <SPDX-License>" to each source file. Use "SPDX-License-Identifier: UNLICENSED" for non-open-source code. Please see https://spdx.org for more information.
--> tests/semantic/solidity/test/libsolidity/semanticTests/userDefinedValueType/wrap_unwrap_via_contract_name_marked.sol

_______________________________________________ test_semantics[/home/greg/dev/nethermind/warp/tests/semantic/solidity/test/libsolidity/semanticTests/userDefinedValueType/wrap_unwrap_via_contract_name.sol] _______________________________________________
tests/semantic/test_semantics.py:126: in test_semantics
    contract_file, get_last_contract(contract_file)
../../../warp_dev/lib/python3.7/site-packages/sol_warp-0.2.12-py3.7.egg/yul/main.py:53: in transpile_from_solidity
    codes = json.loads(result.stdout)
/usr/lib/python3.7/json/__init__.py:348: in loads
    return _default_decoder.decode(s)
/usr/lib/python3.7/json/decoder.py:337: in decode
    obj, end = self.raw_decode(s, idx=_w(s, 0).end())
/usr/lib/python3.7/json/decoder.py:355: in raw_decode
    raise JSONDecodeError("Expecting value", s, err.value) from None
E   json.decoder.JSONDecodeError: Expecting value: line 1 column 1 (char 0)
__________________________________________________________ test_semantics[/home/greg/dev/nethermind/warp/tests/semantic/solidity/test/libsolidity/semanticTests/userDefinedValueType/cleanup.sol] __________________________________________________________
tests/semantic/test_semantics.py:126: in test_semantics
    contract_file, get_last_contract(contract_file)
../../../warp_dev/lib/python3.7/site-packages/sol_warp-0.2.12-py3.7.egg/yul/main.py:53: in transpile_from_solidity
    codes = json.loads(result.stdout)
/usr/lib/python3.7/json/__init__.py:348: in loads
    return _default_decoder.decode(s)
/usr/lib/python3.7/json/decoder.py:337: in decode
    obj, end = self.raw_decode(s, idx=_w(s, 0).end())
/usr/lib/python3.7/json/decoder.py:355: in raw_decode
    raise JSONDecodeError("Expecting value", s, err.value) from None
E   json.decoder.JSONDecodeError: Expecting value: line 1 column 1 (char 0)
___________________________________________________ test_semantics[/home/greg/dev/nethermind/warp/tests/semantic/solidity/test/libsolidity/semanticTests/userDefinedValueType/storage_layout_struct.sol] ___________________________________________________
tests/semantic/test_semantics.py:126: in test_semantics
    contract_file, get_last_contract(contract_file)
../../../warp_dev/lib/python3.7/site-packages/sol_warp-0.2.12-py3.7.egg/yul/main.py:53: in transpile_from_solidity
    codes = json.loads(result.stdout)
/usr/lib/python3.7/json/__init__.py:348: in loads
    return _default_decoder.decode(s)
/usr/lib/python3.7/json/decoder.py:337: in decode
    obj, end = self.raw_decode(s, idx=_w(s, 0).end())
/usr/lib/python3.7/json/decoder.py:355: in raw_decode
    raise JSONDecodeError("Expecting value", s, err.value) from None
E   json.decoder.JSONDecodeError: Expecting value: line 1 column 1 (char 0)
------------------------------------------------------------------------------------------------------------------- Captured stderr call -------------------------------------------------------------------------------------------------------------------
Warning: SPDX license identifier not provided in source file. Before publishing, consider adding a comment containing "SPDX-License-Identifier: <SPDX-License>" to each source file. Use "SPDX-License-Identifier: UNLICENSED" for non-open-source code. Please see https://spdx.org for more information.
--> tests/semantic/solidity/test/libsolidity/semanticTests/userDefinedValueType/storage_layout_struct_marked.sol

Warning: SPDX license identifier not provided in source file. Before publishing, consider adding a comment containing "SPDX-License-Identifier: <SPDX-License>" to each source file. Use "SPDX-License-Identifier: UNLICENSED" for non-open-source code. Please see https://spdx.org for more information.
--> tests/semantic/solidity/test/libsolidity/semanticTests/userDefinedValueType/cleanup_marked.sol

Warning: Function state mutability can be restricted to pure
  --> tests/semantic/solidity/test/libsolidity/semanticTests/userDefinedValueType/cleanup_marked.sol:10:5:
   |
10 |     function ret() external returns(MyUInt8) {
   |     ^ (Relevant source part starts here and spans across multiple lines).

Warning: Function state mutability can be restricted to pure
  --> tests/semantic/solidity/test/libsolidity/semanticTests/userDefinedValueType/cleanup_marked.sol:13:5:
   |
13 |     function f(MyUInt8 x) external returns(MyUInt8) {
   |     ^ (Relevant source part starts here and spans across multiple lines).

Warning: Function state mutability can be restricted to pure
  --> tests/semantic/solidity/test/libsolidity/semanticTests/userDefinedValueType/cleanup_marked.sol:16:5:
   |
16 |     function mem() external returns (MyUInt8[] memory) {
   |     ^ (Relevant source part starts here and spans across multiple lines).

____________________________________________________ test_semantics[/home/greg/dev/nethermind/warp/tests/semantic/solidity/test/libsolidity/semanticTests/userDefinedValueType/calldata_to_storage.sol] ____________________________________________________
tests/semantic/test_semantics.py:126: in test_semantics
    contract_file, get_last_contract(contract_file)
../../../warp_dev/lib/python3.7/site-packages/sol_warp-0.2.12-py3.7.egg/yul/main.py:53: in transpile_from_solidity
    codes = json.loads(result.stdout)
/usr/lib/python3.7/json/__init__.py:348: in loads
    return _default_decoder.decode(s)
/usr/lib/python3.7/json/decoder.py:337: in decode
    obj, end = self.raw_decode(s, idx=_w(s, 0).end())
/usr/lib/python3.7/json/decoder.py:355: in raw_decode
    raise JSONDecodeError("Expecting value", s, err.value) from None
E   json.decoder.JSONDecodeError: Expecting value: line 1 column 1 (char 0)
------------------------------------------------------------------------------------------------------------------- Captured stderr call -------------------------------------------------------------------------------------------------------------------
Warning: SPDX license identifier not provided in source file. Before publishing, consider adding a comment containing "SPDX-License-Identifier: <SPDX-License>" to each source file. Use "SPDX-License-Identifier: UNLICENSED" for non-open-source code. Please see https://spdx.org for more information.
--> tests/semantic/solidity/test/libsolidity/semanticTests/userDefinedValueType/calldata_to_storage_marked.sol

________________________________________________________ test_semantics[/home/greg/dev/nethermind/warp/tests/semantic/solidity/test/libsolidity/semanticTests/userDefinedValueType/fixedpoint.sol] _________________________________________________________
tests/semantic/test_semantics.py:126: in test_semantics
    contract_file, get_last_contract(contract_file)
../../../warp_dev/lib/python3.7/site-packages/sol_warp-0.2.12-py3.7.egg/yul/main.py:53: in transpile_from_solidity
    codes = json.loads(result.stdout)
/usr/lib/python3.7/json/__init__.py:348: in loads
    return _default_decoder.decode(s)
/usr/lib/python3.7/json/decoder.py:337: in decode
    obj, end = self.raw_decode(s, idx=_w(s, 0).end())
/usr/lib/python3.7/json/decoder.py:355: in raw_decode
    raise JSONDecodeError("Expecting value", s, err.value) from None
E   json.decoder.JSONDecodeError: Expecting value: line 1 column 1 (char 0)
------------------------------------------------------------------------------------------------------------------- Captured stderr call -------------------------------------------------------------------------------------------------------------------
Warning: SPDX license identifier not provided in source file. Before publishing, consider adding a comment containing "SPDX-License-Identifier: <SPDX-License>" to each source file. Use "SPDX-License-Identifier: UNLICENSED" for non-open-source code. Please see https://spdx.org for more information.
--> tests/semantic/solidity/test/libsolidity/semanticTests/userDefinedValueType/zero_cost_abstraction_comparison_elementary_marked.sol

Warning: Function state mutability can be restricted to pure
  --> tests/semantic/solidity/test/libsolidity/semanticTests/userDefinedValueType/zero_cost_abstraction_comparison_elementary_marked.sol:11:5:
   |
11 |     function add(int a, int b) view external returns (int) {
   |     ^ (Relevant source part starts here and spans across multiple lines).

Warning: SPDX license identifier not provided in source file. Before publishing, consider adding a comment containing "SPDX-License-Identifier: <SPDX-License>" to each source file. Use "SPDX-License-Identifier: UNLICENSED" for non-open-source code. Please see https://spdx.org for more information.
--> tests/semantic/solidity/test/libsolidity/semanticTests/accessor/accessor_for_const_state_variable_marked.sol

Warning: SPDX license identifier not provided in source file. Before publishing, consider adding a comment containing "SPDX-License-Identifier: <SPDX-License>" to each source file. Use "SPDX-License-Identifier: UNLICENSED" for non-open-source code. Please see https://spdx.org for more information.
--> tests/semantic/solidity/test/libsolidity/semanticTests/userDefinedValueType/fixedpoint_marked.sol

Warning: Function state mutability can be restricted to pure
 --> tests/semantic/solidity/test/libsolidity/semanticTests/userDefinedValueType/fixedpoint_marked.sol:5:5:
  |
5 |     function add(UFixed256x18 a, UFixed256x18 b) internal returns (UFixed256x18) {
  |     ^ (Relevant source part starts here and spans across multiple lines).

Warning: Function state mutability can be restricted to pure
 --> tests/semantic/solidity/test/libsolidity/semanticTests/userDefinedValueType/fixedpoint_marked.sol:8:5:
  |
8 |     function mul(UFixed256x18 a, uint256 b) internal returns (UFixed256x18) {
  |     ^ (Relevant source part starts here and spans across multiple lines).

Warning: Function state mutability can be restricted to pure
  --> tests/semantic/solidity/test/libsolidity/semanticTests/userDefinedValueType/fixedpoint_marked.sol:11:5:
   |
11 |     function floor(UFixed256x18 a) internal returns (uint256) {
   |     ^ (Relevant source part starts here and spans across multiple lines).

Warning: Function state mutability can be restricted to pure
  --> tests/semantic/solidity/test/libsolidity/semanticTests/userDefinedValueType/fixedpoint_marked.sol:28:5:
   |
28 |     function toUFixed256x18(uint256 a) external returns (UFixed256x18) {
   |     ^ (Relevant source part starts here and spans across multiple lines).

___________________________________________________________ test_semantics[/home/greg/dev/nethermind/warp/tests/semantic/solidity/test/libsolidity/semanticTests/array/push/byte_array_push.sol] ___________________________________________________________
FAILURE: /home/greg/dev/nethermind/warp/tests/semantic/solidity/test/libsolidity/semanticTests/array/push/byte_array_push.cairo.temp
assert '0x0000000000...0000000000001' == '0x0000000000...0000000000000'
  - 0x0000000000000000000000000000000000000000000000000000000000000000
  ?                                                                  ^
  + 0x0000000000000000000000000000000000000000000000000000000000000001
  ?                                                                  ^
tests/semantic/test_semantics.py:173 in test_semantics() -> check.equal(final_res, expected_result, cairo_file_path)
------------------------------------------------------------
Failed Checks: 1
------------------------------------------------------------------------------------------------------------------- Captured stdout call -------------------------------------------------------------------------------------------------------------------
{'callData': '0xf8a8fd6d', 'expectations': '0x0000000000000000000000000000000000000000000000000000000000000000', 'failure': False, 'signature': 'test()'}
------------------------------------------------------------------------------------------------------------------- Captured stderr call -------------------------------------------------------------------------------------------------------------------
Warning: SPDX license identifier not provided in source file. Before publishing, consider adding a comment containing "SPDX-License-Identifier: <SPDX-License>" to each source file. Use "SPDX-License-Identifier: UNLICENSED" for non-open-source code. Please see https://spdx.org for more information.
--> tests/semantic/solidity/test/libsolidity/semanticTests/accessor/accessor_for_state_variable_marked.sol

Warning: SPDX license identifier not provided in source file. Before publishing, consider adding a comment containing "SPDX-License-Identifier: <SPDX-License>" to each source file. Use "SPDX-License-Identifier: UNLICENSED" for non-open-source code. Please see https://spdx.org for more information.
--> tests/semantic/solidity/test/libsolidity/semanticTests/tryCatch/trivial_marked.sol

Warning: Function state mutability can be restricted to view
 --> tests/semantic/solidity/test/libsolidity/semanticTests/tryCatch/trivial_marked.sol:6:5:
  |
6 |     function f(bool x) public returns (uint) {
  |     ^ (Relevant source part starts here and spans across multiple lines).

Warning: SPDX license identifier not provided in source file. Before publishing, consider adding a comment containing "SPDX-License-Identifier: <SPDX-License>" to each source file. Use "SPDX-License-Identifier: UNLICENSED" for non-open-source code. Please see https://spdx.org for more information.
--> tests/semantic/solidity/test/libsolidity/semanticTests/tryCatch/simple_marked.sol

____________________________________________________ test_semantics[/home/greg/dev/nethermind/warp/tests/semantic/solidity/test/libsolidity/semanticTests/array/copying/array_copy_including_array.sol] ____________________________________________________
FAILURE: /home/greg/dev/nethermind/warp/tests/semantic/solidity/test/libsolidity/semanticTests/array/copying/array_copy_including_array.cairo.temp
assert '0x0000000000...0000001fffdfe' == '0x0000000000...0000002000202'
  - 0x0000000000000000000000000000000000000000000000000000000002000202
  ?                                                            ^^^^^^^
  + 0x0000000000000000000000000000000000000000000000000000000001fffdfe
  ?                                                            ^^^^^^^
tests/semantic/test_semantics.py:173 in test_semantics() -> check.equal(final_res, expected_result, cairo_file_path)
------------------------------------------------------------
Failed Checks: 1
__________________________________________________ test_semantics[/home/greg/dev/nethermind/warp/tests/semantic/solidity/test/libsolidity/semanticTests/array/pop/byte_array_pop_long_storage_empty.sol] ___________________________________________________
../../../warp_dev/lib/python3.7/site-packages/cairo_lang-0.6.2-py3.7.egg/starkware/starknet/business_logic/internal_transaction.py:539: in _run
    verify_secure=True,
../../../warp_dev/lib/python3.7/site-packages/cairo_lang-0.6.2-py3.7.egg/starkware/cairo/common/cairo_function_runner.py:199: in run_from_entrypoint
    self.run_until_pc(addr=end, run_resources=run_resources)
../../../warp_dev/lib/python3.7/site-packages/cairo_lang-0.6.2-py3.7.egg/starkware/cairo/lang/vm/cairo_runner.py:284: in run_until_pc
    self.vm_step()
../../../warp_dev/lib/python3.7/site-packages/cairo_lang-0.6.2-py3.7.egg/starkware/cairo/lang/vm/cairo_runner.py:298: in vm_step
    self.vm.step()
../../../warp_dev/lib/python3.7/site-packages/cairo_lang-0.6.2-py3.7.egg/starkware/cairo/lang/vm/virtual_machine_base.py:255: in step
    self.run_instruction(instruction)
../../../warp_dev/lib/python3.7/site-packages/cairo_lang-0.6.2-py3.7.egg/starkware/cairo/lang/vm/vm_core.py:422: in run_instruction
    raise self.as_vm_exception(exc) from None
E   starkware.cairo.lang.vm.vm_exceptions.VmException: /home/greg/dev/nethermind/warp/tests/semantic/solidity/test/libsolidity/semanticTests/array/pop/byte_array_pop_long_storage_empty.cairo.temp:471:9: Error at pc=0:3866:
E   An ASSERT_EQ instruction failed: 1 != 0.
E           assert 0 = 1
E           ^**********^
E   Cairo traceback (most recent call last):
E   /home/greg/dev/nethermind/warp/tests/semantic/solidity/test/libsolidity/semanticTests/array/pop/byte_array_pop_long_storage_empty.cairo.temp:54:6: (pc=0:2444)
E   func __main{
E        ^****^
E   /home/greg/dev/nethermind/warp/tests/semantic/solidity/test/libsolidity/semanticTests/array/pop/byte_array_pop_long_storage_empty.cairo.temp:68:9: (pc=0:2383)
E           __main_meat()
E           ^***********^
E   /home/greg/dev/nethermind/warp/tests/semantic/solidity/test/libsolidity/semanticTests/array/pop/byte_array_pop_long_storage_empty.cairo.temp:786:5: (pc=0:4970)
E       __warp_if_6(__warp_subexpr_0)
E       ^***************************^
E   /home/greg/dev/nethermind/warp/tests/semantic/solidity/test/libsolidity/semanticTests/array/pop/byte_array_pop_long_storage_empty.cairo.temp:770:9: (pc=0:4924)
E           __warp_block_20()
E           ^***************^
E   /home/greg/dev/nethermind/warp/tests/semantic/solidity/test/libsolidity/semanticTests/array/pop/byte_array_pop_long_storage_empty.cairo.temp:760:5: (pc=0:4899)
E       __warp_if_7(__warp_subexpr_0)
E       ^***************************^
E   /home/greg/dev/nethermind/warp/tests/semantic/solidity/test/libsolidity/semanticTests/array/pop/byte_array_pop_long_storage_empty.cairo.temp:745:9: (pc=0:4854)
E           __warp_block_21()
E           ^***************^
E   /home/greg/dev/nethermind/warp/tests/semantic/solidity/test/libsolidity/semanticTests/array/pop/byte_array_pop_long_storage_empty.cairo.temp:731:29: (pc=0:4784)
E       let (var_j : Uint256) = __warp_loop_1(Uint256(low=0, high=0), var_j)
E                               ^******************************************^
E   /home/greg/dev/nethermind/warp/tests/semantic/solidity/test/libsolidity/semanticTests/array/pop/byte_array_pop_long_storage_empty.cairo.temp:701:29: (pc=0:4680)
E       let (var_j : Uint256) = __warp_loop_body_1(var_j)
E                               ^***********************^
E   /home/greg/dev/nethermind/warp/tests/semantic/solidity/test/libsolidity/semanticTests/array/pop/byte_array_pop_long_storage_empty.cairo.temp:676:5: (pc=0:4573)
E       require_helper(__warp_subexpr_2)
E       ^******************************^

During handling of the above exception, another exception occurred:
tests/semantic/test_semantics.py:161: in test_semantics
    res = await invoke_method_evm_calldata(starknet, contract_address, argument)
../../../warp_dev/lib/python3.7/site-packages/sol_warp-0.2.12-py3.7.egg/yul/starknet_utils.py:30: in invoke_method_evm_calldata
    caller_address=0,
../../../warp_dev/lib/python3.7/site-packages/cairo_lang-0.6.2-py3.7.egg/starkware/starknet/testing/state.py:153: in invoke_raw
    state=state_copy, general_config=self.general_config
../../../warp_dev/lib/python3.7/site-packages/cairo_lang-0.6.2-py3.7.egg/starkware/starknet/business_logic/internal_transaction_interface.py:213: in apply_state_updates
    state=state_to_update, general_config=general_config
../../../warp_dev/lib/python3.7/site-packages/cairo_lang-0.6.2-py3.7.egg/starkware/starknet/business_logic/internal_transaction.py:405: in _apply_specific_state_updates
    func=_synchronous_apply_specific_state_updates,
/usr/lib/python3.7/concurrent/futures/thread.py:57: in run
    result = self.fn(*self.args, **self.kwargs)
../../../warp_dev/lib/python3.7/site-packages/cairo_lang-0.6.2-py3.7.egg/starkware/starknet/business_logic/internal_transaction.py:433: in _synchronous_apply_specific_state_updates
    run_resources=run_resources,
../../../warp_dev/lib/python3.7/site-packages/cairo_lang-0.6.2-py3.7.egg/starkware/starknet/business_logic/internal_transaction.py:559: in _run
    raise StarkException(code=code, message=str(exception))
E   starkware.starkware_utils.error_handling.StarkException: (500, {'code': <StarknetErrorCode.TRANSACTION_FAILED: 28>, 'message': '/home/greg/dev/nethermind/warp/tests/semantic/solidity/test/libsolidity/semanticTests/array/pop/byte_array_pop_long_storage_empty.cairo.temp:471:9: Error at pc=0:3866:\nAn ASSERT_EQ instruction failed: 1 != 0.\n        assert 0 = 1\n        ^**********^\nCairo traceback (most recent call last):\n/home/greg/dev/nethermind/warp/tests/semantic/solidity/test/libsolidity/semanticTests/array/pop/byte_array_pop_long_storage_empty.cairo.temp:54:6: (pc=0:2444)\nfunc __main{\n     ^****^\n/home/greg/dev/nethermind/warp/tests/semantic/solidity/test/libsolidity/semanticTests/array/pop/byte_array_pop_long_storage_empty.cairo.temp:68:9: (pc=0:2383)\n        __main_meat()\n        ^***********^\n/home/greg/dev/nethermind/warp/tests/semantic/solidity/test/libsolidity/semanticTests/array/pop/byte_array_pop_long_storage_empty.cairo.temp:786:5: (pc=0:4970)\n    __warp_if_6(__warp_subexpr_0)\n    ^***************************^\n/home/greg/dev/nethermind/warp/tests/semantic/solidity/test/libsolidity/semanticTests/array/pop/byte_array_pop_long_storage_empty.cairo.temp:770:9: (pc=0:4924)\n        __warp_block_20()\n        ^***************^\n/home/greg/dev/nethermind/warp/tests/semantic/solidity/test/libsolidity/semanticTests/array/pop/byte_array_pop_long_storage_empty.cairo.temp:760:5: (pc=0:4899)\n    __warp_if_7(__warp_subexpr_0)\n    ^***************************^\n/home/greg/dev/nethermind/warp/tests/semantic/solidity/test/libsolidity/semanticTests/array/pop/byte_array_pop_long_storage_empty.cairo.temp:745:9: (pc=0:4854)\n        __warp_block_21()\n        ^***************^\n/home/greg/dev/nethermind/warp/tests/semantic/solidity/test/libsolidity/semanticTests/array/pop/byte_array_pop_long_storage_empty.cairo.temp:731:29: (pc=0:4784)\n    let (var_j : Uint256) = __warp_loop_1(Uint256(low=0, high=0), var_j)\n                            ^******************************************^\n/home/greg/dev/nethermind/warp/tests/semantic/solidity/test/libsolidity/semanticTests/array/pop/byte_array_pop_long_storage_empty.cairo.temp:701:29: (pc=0:4680)\n    let (var_j : Uint256) = __warp_loop_body_1(var_j)\n                            ^***********************^\n/home/greg/dev/nethermind/warp/tests/semantic/solidity/test/libsolidity/semanticTests/array/pop/byte_array_pop_long_storage_empty.cairo.temp:676:5: (pc=0:4573)\n    require_helper(__warp_subexpr_2)\n    ^******************************^'})
________________________________________________________________ test_semantics[/home/greg/dev/nethermind/warp/tests/semantic/solidity/test/libsolidity/semanticTests/tryCatch/create.sol] _________________________________________________________________
tests/semantic/test_semantics.py:126: in test_semantics
    contract_file, get_last_contract(contract_file)
../../../warp_dev/lib/python3.7/site-packages/sol_warp-0.2.12-py3.7.egg/yul/main.py:53: in transpile_from_solidity
    codes = json.loads(result.stdout)
/usr/lib/python3.7/json/__init__.py:348: in loads
    return _default_decoder.decode(s)
/usr/lib/python3.7/json/decoder.py:337: in decode
    obj, end = self.raw_decode(s, idx=_w(s, 0).end())
/usr/lib/python3.7/json/decoder.py:355: in raw_decode
    raise JSONDecodeError("Expecting value", s, err.value) from None
E   json.decoder.JSONDecodeError: Expecting value: line 1 column 1 (char 0)
------------------------------------------------------------------------------------------------------------------- Captured stderr call -------------------------------------------------------------------------------------------------------------------
Warning: SPDX license identifier not provided in source file. Before publishing, consider adding a comment containing "SPDX-License-Identifier: <SPDX-License>" to each source file. Use "SPDX-License-Identifier: UNLICENSED" for non-open-source code. Please see https://spdx.org for more information.
--> tests/semantic/solidity/test/libsolidity/semanticTests/tryCatch/create_marked.sol

Warning: Unnamed return variable can remain unassigned. Add an explicit return with value to all non-reverting code paths or name the variable.
 --> tests/semantic/solidity/test/libsolidity/semanticTests/tryCatch/create_marked.sol:9:45:
  |
9 |     function f() public returns (Reverts x, uint, string memory txt) {
  |                                             ^^^^

Warning: Unnamed return variable can remain unassigned. Add an explicit return with value to all non-reverting code paths or name the variable.
  --> tests/semantic/solidity/test/libsolidity/semanticTests/tryCatch/create_marked.sol:18:46:
   |
18 |     function g() public returns (Succeeds x, uint, string memory txt) {
   |                                              ^^^^

----------------------------------------------------------------------------------------------------------------- Captured stdout teardown -----------------------------------------------------------------------------------------------------------------
{'callData': '0xf8a8fd6d', 'expectations': '0x000000000000000000000000000000000000000000000000000000000000000100000000000000000000000000000000000000000000000000000000000000020000000000000000000000000000000000000000000000000000000000000003', 'failure': False, 'signature': 'test()'}
___________________________________________________________ test_semantics[/home/greg/dev/nethermind/warp/tests/semantic/solidity/test/libsolidity/semanticTests/tryCatch/malformed_panic_3.sol] ___________________________________________________________
tests/semantic/test_semantics.py:126: in test_semantics
    contract_file, get_last_contract(contract_file)
../../../warp_dev/lib/python3.7/site-packages/sol_warp-0.2.12-py3.7.egg/yul/main.py:55: in transpile_from_solidity
    cairo_code = transpile_from_yul(yul_ast)
../../../warp_dev/lib/python3.7/site-packages/sol_warp-0.2.12-py3.7.egg/yul/main.py:80: in transpile_from_yul
    yul_ast = DeadcodeEliminator().map(yul_ast)
../../../warp_dev/lib/python3.7/site-packages/sol_warp-0.2.12-py3.7.egg/yul/DeadcodeEliminator.py:29: in map
    assert not vs, "There should be no uninstantiated variables in the top scope."
E   AssertionError: There should be no uninstantiated variables in the top scope.
------------------------------------------------------------------------------------------------------------------- Captured stderr call -------------------------------------------------------------------------------------------------------------------
Warning: SPDX license identifier not provided in source file. Before publishing, consider adding a comment containing "SPDX-License-Identifier: <SPDX-License>" to each source file. Use "SPDX-License-Identifier: UNLICENSED" for non-open-source code. Please see https://spdx.org for more information.
--> tests/semantic/solidity/test/libsolidity/semanticTests/tryCatch/malformed_panic_marked.sol

Warning: This declaration shadows an existing declaration.
  --> tests/semantic/solidity/test/libsolidity/semanticTests/tryCatch/malformed_panic_marked.sol:31:23:
   |
31 |         } catch Panic(uint c) {
   |                       ^^^^^^
Note: The shadowed declaration is here:
  --> tests/semantic/solidity/test/libsolidity/semanticTests/tryCatch/malformed_panic_marked.sol:28:5:
   |
28 |     function c() public returns (uint) {
   |     ^ (Relevant source part starts here and spans across multiple lines).

Warning: This declaration shadows an existing declaration.
  --> tests/semantic/solidity/test/libsolidity/semanticTests/tryCatch/malformed_panic_marked.sol:41:23:
   |
41 |         } catch Panic(uint c) {
   |                       ^^^^^^
Note: The shadowed declaration is here:
  --> tests/semantic/solidity/test/libsolidity/semanticTests/tryCatch/malformed_panic_marked.sol:28:5:
   |
28 |     function c() public returns (uint) {
   |     ^ (Relevant source part starts here and spans across multiple lines).

Warning: Unnamed return variable can remain unassigned. Add an explicit return with value to all non-reverting code paths or name the variable.
  --> tests/semantic/solidity/test/libsolidity/semanticTests/tryCatch/malformed_panic_marked.sol:10:34:
   |
10 |     function a() public returns (uint) {
   |                                  ^^^^

Warning: Unnamed return variable can remain unassigned. Add an explicit return with value to all non-reverting code paths or name the variable.
  --> tests/semantic/solidity/test/libsolidity/semanticTests/tryCatch/malformed_panic_marked.sol:19:34:
   |
19 |     function b() public returns (uint) {
   |                                  ^^^^

Warning: Unnamed return variable can remain unassigned. Add an explicit return with value to all non-reverting code paths or name the variable.
  --> tests/semantic/solidity/test/libsolidity/semanticTests/tryCatch/malformed_panic_marked.sol:28:34:
   |
28 |     function c() public returns (uint) {
   |                                  ^^^^

Warning: Unnamed return variable can remain unassigned. Add an explicit return with value to all non-reverting code paths or name the variable.
  --> tests/semantic/solidity/test/libsolidity/semanticTests/tryCatch/malformed_panic_marked.sol:38:34:
   |
38 |     function d() public returns (uint) {
   |                                  ^^^^

Warning: Function state mutability can be restricted to view
  --> tests/semantic/solidity/test/libsolidity/semanticTests/tryCatch/malformed_panic_marked.sol:10:5:
   |
10 |     function a() public returns (uint) {
   |     ^ (Relevant source part starts here and spans across multiple lines).

Warning: Function state mutability can be restricted to view
  --> tests/semantic/solidity/test/libsolidity/semanticTests/tryCatch/malformed_panic_marked.sol:19:5:
   |
19 |     function b() public returns (uint) {
   |     ^ (Relevant source part starts here and spans across multiple lines).

Warning: Function state mutability can be restricted to view
  --> tests/semantic/solidity/test/libsolidity/semanticTests/tryCatch/malformed_panic_marked.sol:28:5:
   |
28 |     function c() public returns (uint) {
   |     ^ (Relevant source part starts here and spans across multiple lines).

Warning: Function state mutability can be restricted to view
  --> tests/semantic/solidity/test/libsolidity/semanticTests/tryCatch/malformed_panic_marked.sol:38:5:
   |
38 |     function d() public returns (uint) {
   |     ^ (Relevant source part starts here and spans across multiple lines).

Warning: SPDX license identifier not provided in source file. Before publishing, consider adding a comment containing "SPDX-License-Identifier: <SPDX-License>" to each source file. Use "SPDX-License-Identifier: UNLICENSED" for non-open-source code. Please see https://spdx.org for more information.
--> tests/semantic/solidity/test/libsolidity/semanticTests/tryCatch/malformed_panic_3_marked.sol

Warning: This declaration shadows an existing declaration.
  --> tests/semantic/solidity/test/libsolidity/semanticTests/tryCatch/malformed_panic_3_marked.sol:33:23:
   |
33 |         } catch Panic(uint c) {
   |                       ^^^^^^
Note: The shadowed declaration is here:
  --> tests/semantic/solidity/test/libsolidity/semanticTests/tryCatch/malformed_panic_3_marked.sol:30:5:
   |
30 |     function c() public returns (uint) {
   |     ^ (Relevant source part starts here and spans across multiple lines).

Warning: This declaration shadows an existing declaration.
  --> tests/semantic/solidity/test/libsolidity/semanticTests/tryCatch/malformed_panic_3_marked.sol:43:23:
   |
43 |         } catch Panic(uint c) {
   |                       ^^^^^^
Note: The shadowed declaration is here:
  --> tests/semantic/solidity/test/libsolidity/semanticTests/tryCatch/malformed_panic_3_marked.sol:30:5:
   |
30 |     function c() public returns (uint) {
   |     ^ (Relevant source part starts here and spans across multiple lines).

Warning: Unnamed return variable can remain unassigned. Add an explicit return with value to all non-reverting code paths or name the variable.
  --> tests/semantic/solidity/test/libsolidity/semanticTests/tryCatch/malformed_panic_3_marked.sol:10:34:
   |
10 |     function a() public returns (uint) {
   |                                  ^^^^

Warning: Unnamed return variable can remain unassigned. Add an explicit return with value to all non-reverting code paths or name the variable.
  --> tests/semantic/solidity/test/libsolidity/semanticTests/tryCatch/malformed_panic_3_marked.sol:20:34:
   |
20 |     function b() public returns (uint) {
   |                                  ^^^^

Warning: Unnamed return variable can remain unassigned. Add an explicit return with value to all non-reverting code paths or name the variable.
  --> tests/semantic/solidity/test/libsolidity/semanticTests/tryCatch/malformed_panic_3_marked.sol:30:34:
   |
30 |     function c() public returns (uint) {
   |                                  ^^^^

Warning: Unnamed return variable can remain unassigned. Add an explicit return with value to all non-reverting code paths or name the variable.
  --> tests/semantic/solidity/test/libsolidity/semanticTests/tryCatch/malformed_panic_3_marked.sol:40:34:
   |
40 |     function d() public returns (uint) {
   |                                  ^^^^

Warning: Function state mutability can be restricted to view
  --> tests/semantic/solidity/test/libsolidity/semanticTests/tryCatch/malformed_panic_3_marked.sol:10:5:
   |
10 |     function a() public returns (uint) {
   |     ^ (Relevant source part starts here and spans across multiple lines).

Warning: Function state mutability can be restricted to view
  --> tests/semantic/solidity/test/libsolidity/semanticTests/tryCatch/malformed_panic_3_marked.sol:20:5:
   |
20 |     function b() public returns (uint) {
   |     ^ (Relevant source part starts here and spans across multiple lines).

Warning: Function state mutability can be restricted to view
  --> tests/semantic/solidity/test/libsolidity/semanticTests/tryCatch/malformed_panic_3_marked.sol:30:5:
   |
30 |     function c() public returns (uint) {
   |     ^ (Relevant source part starts here and spans across multiple lines).

Warning: Function state mutability can be restricted to view
  --> tests/semantic/solidity/test/libsolidity/semanticTests/tryCatch/malformed_panic_3_marked.sol:40:5:
   |
40 |     function d() public returns (uint) {
   |     ^ (Relevant source part starts here and spans across multiple lines).

_____________________________________________________ test_semantics[/home/greg/dev/nethermind/warp/tests/semantic/solidity/test/libsolidity/semanticTests/array/pop/byte_array_pop_masking_long.sol] ______________________________________________________
FAILURE: /home/greg/dev/nethermind/warp/tests/semantic/solidity/test/libsolidity/semanticTests/array/pop/byte_array_pop_masking_long.cairo.temp
assert '0x0000000000...0000000000000' == '0x0000000000...0000000000000'
  - 0x0000000000000000000000000000000000000000000000000000000000000020000000000000000000000000000000000000000000000000000000000000002103030303030303030303030303030303030303030303030303030303030303030300000000000000000000000000000000000000000000000000000000000000
  ?                                                                                                                                                                                                   ^^^^^^^^^^^^^^^^^^^^^^^^^^^^^^^^^^^^^^^^^^^^^^^^^^^^^^^^^^^^^^^^
  + 0x0000000000000000000000000000000000000000000000000000...
  
  ...Full output truncated (2 lines hidden), use '-vv' to show
tests/semantic/test_semantics.py:173 in test_semantics() -> check.equal(final_res, expected_result, cairo_file_path)
------------------------------------------------------------
Failed Checks: 1
------------------------------------------------------------------------------------------------------------------- Captured stderr call -------------------------------------------------------------------------------------------------------------------
Warning: SPDX license identifier not provided in source file. Before publishing, consider adding a comment containing "SPDX-License-Identifier: <SPDX-License>" to each source file. Use "SPDX-License-Identifier: UNLICENSED" for non-open-source code. Please see https://spdx.org for more information.
--> tests/semantic/solidity/test/libsolidity/semanticTests/tryCatch/malformed_panic_2_marked.sol

Warning: This declaration shadows an existing declaration.
  --> tests/semantic/solidity/test/libsolidity/semanticTests/tryCatch/malformed_panic_2_marked.sol:29:23:
   |
29 |         } catch Panic(uint c) {
   |                       ^^^^^^
Note: The shadowed declaration is here:
  --> tests/semantic/solidity/test/libsolidity/semanticTests/tryCatch/malformed_panic_2_marked.sol:26:5:
   |
26 |     function c() public returns (uint) {
   |     ^ (Relevant source part starts here and spans across multiple lines).

Warning: This declaration shadows an existing declaration.
  --> tests/semantic/solidity/test/libsolidity/semanticTests/tryCatch/malformed_panic_2_marked.sol:38:23:
   |
38 |         } catch Panic(uint c) {
   |                       ^^^^^^
Note: The shadowed declaration is here:
  --> tests/semantic/solidity/test/libsolidity/semanticTests/tryCatch/malformed_panic_2_marked.sol:26:5:
   |
26 |     function c() public returns (uint) {
   |     ^ (Relevant source part starts here and spans across multiple lines).

Warning: Unnamed return variable can remain unassigned. Add an explicit return with value to all non-reverting code paths or name the variable.
  --> tests/semantic/solidity/test/libsolidity/semanticTests/tryCatch/malformed_panic_2_marked.sol:10:34:
   |
10 |     function a() public returns (uint) {
   |                                  ^^^^

Warning: Unnamed return variable can remain unassigned. Add an explicit return with value to all non-reverting code paths or name the variable.
  --> tests/semantic/solidity/test/libsolidity/semanticTests/tryCatch/malformed_panic_2_marked.sol:18:34:
   |
18 |     function b() public returns (uint) {
   |                                  ^^^^

Warning: Unnamed return variable can remain unassigned. Add an explicit return with value to all non-reverting code paths or name the variable.
  --> tests/semantic/solidity/test/libsolidity/semanticTests/tryCatch/malformed_panic_2_marked.sol:26:34:
   |
26 |     function c() public returns (uint) {
   |                                  ^^^^

Warning: Unnamed return variable can remain unassigned. Add an explicit return with value to all non-reverting code paths or name the variable.
  --> tests/semantic/solidity/test/libsolidity/semanticTests/tryCatch/malformed_panic_2_marked.sol:35:34:
   |
35 |     function d() public returns (uint) {
   |                                  ^^^^

Warning: Function state mutability can be restricted to view
  --> tests/semantic/solidity/test/libsolidity/semanticTests/tryCatch/malformed_panic_2_marked.sol:10:5:
   |
10 |     function a() public returns (uint) {
   |     ^ (Relevant source part starts here and spans across multiple lines).

Warning: Function state mutability can be restricted to view
  --> tests/semantic/solidity/test/libsolidity/semanticTests/tryCatch/malformed_panic_2_marked.sol:18:5:
   |
18 |     function b() public returns (uint) {
   |     ^ (Relevant source part starts here and spans across multiple lines).

Warning: Function state mutability can be restricted to view
  --> tests/semantic/solidity/test/libsolidity/semanticTests/tryCatch/malformed_panic_2_marked.sol:26:5:
   |
26 |     function c() public returns (uint) {
   |     ^ (Relevant source part starts here and spans across multiple lines).

Warning: Function state mutability can be restricted to view
  --> tests/semantic/solidity/test/libsolidity/semanticTests/tryCatch/malformed_panic_2_marked.sol:35:5:
   |
35 |     function d() public returns (uint) {
   |     ^ (Relevant source part starts here and spans across multiple lines).

Warning: SPDX license identifier not provided in source file. Before publishing, consider adding a comment containing "SPDX-License-Identifier: <SPDX-License>" to each source file. Use "SPDX-License-Identifier: UNLICENSED" for non-open-source code. Please see https://spdx.org for more information.
--> tests/semantic/solidity/test/libsolidity/semanticTests/tryCatch/assert_marked.sol

Warning: Function state mutability can be restricted to view
 --> tests/semantic/solidity/test/libsolidity/semanticTests/tryCatch/assert_marked.sol:6:5:
  |
6 |     function f(bool x) public returns (uint) {
  |     ^ (Relevant source part starts here and spans across multiple lines).

_________________________________________________________ test_semantics[/home/greg/dev/nethermind/warp/tests/semantic/solidity/test/libsolidity/semanticTests/tryCatch/structuredAndLowLevel.sol] _________________________________________________________
tests/semantic/test_semantics.py:126: in test_semantics
    contract_file, get_last_contract(contract_file)
../../../warp_dev/lib/python3.7/site-packages/sol_warp-0.2.12-py3.7.egg/yul/main.py:55: in transpile_from_solidity
    cairo_code = transpile_from_yul(yul_ast)
../../../warp_dev/lib/python3.7/site-packages/sol_warp-0.2.12-py3.7.egg/yul/main.py:80: in transpile_from_yul
    yul_ast = DeadcodeEliminator().map(yul_ast)
../../../warp_dev/lib/python3.7/site-packages/sol_warp-0.2.12-py3.7.egg/yul/DeadcodeEliminator.py:29: in map
    assert not vs, "There should be no uninstantiated variables in the top scope."
E   AssertionError: There should be no uninstantiated variables in the top scope.
------------------------------------------------------------------------------------------------------------------- Captured stderr call -------------------------------------------------------------------------------------------------------------------
Warning: SPDX license identifier not provided in source file. Before publishing, consider adding a comment containing "SPDX-License-Identifier: <SPDX-License>" to each source file. Use "SPDX-License-Identifier: UNLICENSED" for non-open-source code. Please see https://spdx.org for more information.
--> tests/semantic/solidity/test/libsolidity/semanticTests/tryCatch/structuredAndLowLevel_marked.sol

Warning: Function state mutability can be restricted to view
 --> tests/semantic/solidity/test/libsolidity/semanticTests/tryCatch/structuredAndLowLevel_marked.sol:7:5:
  |
7 |     function f(bool cond) public returns (uint x, uint y, bytes memory txt) {
  |     ^ (Relevant source part starts here and spans across multiple lines).

____________________________________________________ test_semantics[/home/greg/dev/nethermind/warp/tests/semantic/solidity/test/libsolidity/semanticTests/array/push/array_push_nested_from_memory.sol] ____________________________________________________
FAILURE: /home/greg/dev/nethermind/warp/tests/semantic/solidity/test/libsolidity/semanticTests/array/push/array_push_nested_from_memory.cairo.temp
assert '0x0000000000...fffffffffffff' == '0x0000000000...0000000000001'
  - 0x0000000000000000000000000000000000000000000000000000000000000001
  + 0x0000000000000000000000000000000000ffffffffffffffffffffffffffffff
tests/semantic/test_semantics.py:173 in test_semantics() -> check.equal(final_res, expected_result, cairo_file_path)
------------------------------------------------------------
Failed Checks: 1
------------------------------------------------------------------------------------------------------------------ Captured stderr setup -------------------------------------------------------------------------------------------------------------------
Warning: SPDX license identifier not provided in source file. Before publishing, consider adding a comment containing "SPDX-License-Identifier: <SPDX-License>" to each source file. Use "SPDX-License-Identifier: UNLICENSED" for non-open-source code. Please see https://spdx.org for more information.
--> tests/semantic/solidity/test/libsolidity/semanticTests/array/push/array_push_struct_marked.sol

------------------------------------------------------------------------------------------------------------------- Captured stdout call -------------------------------------------------------------------------------------------------------------------
{'callData': '0xece866b9', 'expectations': '0x0000000000000000000000000000000000000000000000000000000000000000', 'failure': False, 'signature': 'l()'}
{'callData': '0x13d1aa2e000000000000000000000000000000000000000000000000000000000000002a0000000000000000000000000000000000000000000000000000000000000040', 'expectations': '0x', 'failure': False, 'signature': 'f(uint256,uint256)'}
{'callData': '0x26121ff0', 'expectations': '0x0000000000000000000000000000000000000000000000000000000000000001', 'failure': False, 'signature': 'f()'}
{'callData': '0xf8a8fd6d', 'expectations': '0x0000000000000000000000000000000000000000000000000000000000000001000000000000000000000000000000000000000000000000000000000000000200000000000000000000000000000000000000000000000000000000000000030000000000000000000000000000000000000000000000000000000000000004', 'failure': False, 'signature': 'test()'}
------------------------------------------------------------------------------------------------------------------- Captured stderr call -------------------------------------------------------------------------------------------------------------------
Warning: SPDX license identifier not provided in source file. Before publishing, consider adding a comment containing "SPDX-License-Identifier: <SPDX-License>" to each source file. Use "SPDX-License-Identifier: UNLICENSED" for non-open-source code. Please see https://spdx.org for more information.
--> tests/semantic/solidity/test/libsolidity/semanticTests/tryCatch/super_trivial_marked.sol

Warning: Function state mutability can be restricted to view
 --> tests/semantic/solidity/test/libsolidity/semanticTests/tryCatch/super_trivial_marked.sol:6:5:
  |
6 |     function f(bool x) public returns (uint) {
  |     ^ (Relevant source part starts here and spans across multiple lines).

____________________________________________________________ test_semantics[/home/greg/dev/nethermind/warp/tests/semantic/solidity/test/libsolidity/semanticTests/tryCatch/malformed_error.sol] ____________________________________________________________
tests/semantic/test_semantics.py:126: in test_semantics
    contract_file, get_last_contract(contract_file)
../../../warp_dev/lib/python3.7/site-packages/sol_warp-0.2.12-py3.7.egg/yul/main.py:55: in transpile_from_solidity
    cairo_code = transpile_from_yul(yul_ast)
../../../warp_dev/lib/python3.7/site-packages/sol_warp-0.2.12-py3.7.egg/yul/main.py:80: in transpile_from_yul
    yul_ast = DeadcodeEliminator().map(yul_ast)
../../../warp_dev/lib/python3.7/site-packages/sol_warp-0.2.12-py3.7.egg/yul/DeadcodeEliminator.py:29: in map
    assert not vs, "There should be no uninstantiated variables in the top scope."
E   AssertionError: There should be no uninstantiated variables in the top scope.
------------------------------------------------------------------------------------------------------------------- Captured stderr call -------------------------------------------------------------------------------------------------------------------
Warning: SPDX license identifier not provided in source file. Before publishing, consider adding a comment containing "SPDX-License-Identifier: <SPDX-License>" to each source file. Use "SPDX-License-Identifier: UNLICENSED" for non-open-source code. Please see https://spdx.org for more information.
--> tests/semantic/solidity/test/libsolidity/semanticTests/tryCatch/malformed_error_marked.sol

Warning: Unnamed return variable can remain unassigned. Add an explicit return with value to all non-reverting code paths or name the variable.
  --> tests/semantic/solidity/test/libsolidity/semanticTests/tryCatch/malformed_error_marked.sol:12:34:
   |
12 |     function a() public returns (uint) {
   |                                  ^^^^

Warning: Unnamed return variable can remain unassigned. Add an explicit return with value to all non-reverting code paths or name the variable.
  --> tests/semantic/solidity/test/libsolidity/semanticTests/tryCatch/malformed_error_marked.sol:23:34:
   |
23 |     function b() public returns (uint) {
   |                                  ^^^^

Warning: Unnamed return variable can remain unassigned. Add an explicit return with value to all non-reverting code paths or name the variable.
  --> tests/semantic/solidity/test/libsolidity/semanticTests/tryCatch/malformed_error_marked.sol:34:35:
   |
34 |     function b2() public returns (uint) {
   |                                   ^^^^

Warning: Unnamed return variable can remain unassigned. Add an explicit return with value to all non-reverting code paths or name the variable.
  --> tests/semantic/solidity/test/libsolidity/semanticTests/tryCatch/malformed_error_marked.sol:45:35:
   |
45 |     function b3() public returns (string memory) {
   |                                   ^^^^^^^^^^^^^

Warning: Unnamed return variable can remain unassigned. Add an explicit return with value to all non-reverting code paths or name the variable.
  --> tests/semantic/solidity/test/libsolidity/semanticTests/tryCatch/malformed_error_marked.sol:56:34:
   |
56 |     function c() public returns (string memory) {
   |                                  ^^^^^^^^^^^^^

Warning: Unnamed return variable can remain unassigned. Add an explicit return with value to all non-reverting code paths or name the variable.
  --> tests/semantic/solidity/test/libsolidity/semanticTests/tryCatch/malformed_error_marked.sol:68:34:
   |
68 |     function d() public returns (string memory) {
   |                                  ^^^^^^^^^^^^^

Warning: Function state mutability can be restricted to view
  --> tests/semantic/solidity/test/libsolidity/semanticTests/tryCatch/malformed_error_marked.sol:12:5:
   |
12 |     function a() public returns (uint) {
   |     ^ (Relevant source part starts here and spans across multiple lines).

Warning: Function state mutability can be restricted to view
  --> tests/semantic/solidity/test/libsolidity/semanticTests/tryCatch/malformed_error_marked.sol:23:5:
   |
23 |     function b() public returns (uint) {
   |     ^ (Relevant source part starts here and spans across multiple lines).

Warning: Function state mutability can be restricted to view
  --> tests/semantic/solidity/test/libsolidity/semanticTests/tryCatch/malformed_error_marked.sol:34:5:
   |
34 |     function b2() public returns (uint) {
   |     ^ (Relevant source part starts here and spans across multiple lines).

Warning: Function state mutability can be restricted to view
  --> tests/semantic/solidity/test/libsolidity/semanticTests/tryCatch/malformed_error_marked.sol:45:5:
   |
45 |     function b3() public returns (string memory) {
   |     ^ (Relevant source part starts here and spans across multiple lines).

Warning: Function state mutability can be restricted to view
  --> tests/semantic/solidity/test/libsolidity/semanticTests/tryCatch/malformed_error_marked.sol:56:5:
   |
56 |     function c() public returns (string memory) {
   |     ^ (Relevant source part starts here and spans across multiple lines).

Warning: Function state mutability can be restricted to view
  --> tests/semantic/solidity/test/libsolidity/semanticTests/tryCatch/malformed_error_marked.sol:68:5:
   |
68 |     function d() public returns (string memory) {
   |     ^ (Relevant source part starts here and spans across multiple lines).

_______________________________________________________ test_semantics[/home/greg/dev/nethermind/warp/tests/semantic/solidity/test/libsolidity/semanticTests/array/push/array_push_packed_array.sol] _______________________________________________________
FAILURE: /home/greg/dev/nethermind/warp/tests/semantic/solidity/test/libsolidity/semanticTests/array/push/array_push_packed_array.cairo.temp
assert '0x0000000000...ffffffffffffc' == '0x0000000000...0000000000004'
  - 0x0000000000000000000000000000000000000000000000000000000000000001000000000000000000000000000000000000000000000000000000000000000200000000000000000000000000000000000000000000000000000000000000030000000000000000000000000000000000000000000000000000000000000004
  + 0x00000000000000000000000000000000000000000000ffffffffffffffffffff00000000000000000000000000000000000000000000fffffffffffffffffffe00000000000000000000000000000000000000000000fffffffffffffffffffd00000000000000000000000000000000000000000000fffffffffffffffffffc
tests/semantic/test_semantics.py:173 in test_semantics() -> check.equal(final_res, expected_result, cairo_file_path)
------------------------------------------------------------
Failed Checks: 1
------------------------------------------------------------------------------------------------------------------- Captured stdout call -------------------------------------------------------------------------------------------------------------------
{'callData': '0xf8a8fd6d', 'expectations': '0x0000000000000000000000000000000000000000000000000000000000000002000000000000000000000000000000000000000000000000000000000000000300000000000000000000000000000000000000000000000000000000000000040000000000000000000000000000000000000000000000000000000000000005', 'failure': False, 'signature': 'test()'}
______________________________________________________________ test_semantics[/home/greg/dev/nethermind/warp/tests/semantic/solidity/test/libsolidity/semanticTests/tryCatch/structured.sol] _______________________________________________________________
tests/semantic/test_semantics.py:126: in test_semantics
    contract_file, get_last_contract(contract_file)
../../../warp_dev/lib/python3.7/site-packages/sol_warp-0.2.12-py3.7.egg/yul/main.py:55: in transpile_from_solidity
    cairo_code = transpile_from_yul(yul_ast)
../../../warp_dev/lib/python3.7/site-packages/sol_warp-0.2.12-py3.7.egg/yul/main.py:80: in transpile_from_yul
    yul_ast = DeadcodeEliminator().map(yul_ast)
../../../warp_dev/lib/python3.7/site-packages/sol_warp-0.2.12-py3.7.egg/yul/DeadcodeEliminator.py:29: in map
    assert not vs, "There should be no uninstantiated variables in the top scope."
E   AssertionError: There should be no uninstantiated variables in the top scope.
------------------------------------------------------------------------------------------------------------------- Captured stdout call -------------------------------------------------------------------------------------------------------------------
{'callData': '0xece866b9', 'expectations': '0x0000000000000000000000000000000000000000000000000000000000000001', 'failure': False, 'signature': 'l()'}
{'callData': '0x45b069740000000000000000000000000000000000000000000000000000000000000000', 'expectations': '0x000000000000000000000000000000000000000000000000000000000000002b', 'failure': False, 'signature': 'll(uint256)'}
------------------------------------------------------------------------------------------------------------------- Captured stderr call -------------------------------------------------------------------------------------------------------------------
Warning: SPDX license identifier not provided in source file. Before publishing, consider adding a comment containing "SPDX-License-Identifier: <SPDX-License>" to each source file. Use "SPDX-License-Identifier: UNLICENSED" for non-open-source code. Please see https://spdx.org for more information.
--> tests/semantic/solidity/test/libsolidity/semanticTests/tryCatch/simple_notuple_marked.sol

Warning: SPDX license identifier not provided in source file. Before publishing, consider adding a comment containing "SPDX-License-Identifier: <SPDX-License>" to each source file. Use "SPDX-License-Identifier: UNLICENSED" for non-open-source code. Please see https://spdx.org for more information.
--> tests/semantic/solidity/test/libsolidity/semanticTests/tryCatch/structured_marked.sol

Warning: This declaration shadows an existing declaration.
 --> tests/semantic/solidity/test/libsolidity/semanticTests/tryCatch/structured_marked.sol:8:40:
  |
8 |         try this.g(b) returns (uint a, uint b) {
  |                                        ^^^^^^
Note: The shadowed declaration is here:
 --> tests/semantic/solidity/test/libsolidity/semanticTests/tryCatch/structured_marked.sol:7:16:
  |
7 |     function f(bool b) public returns (uint x, uint y, string memory txt) {
  |                ^^^^^^

Warning: Function state mutability can be restricted to view
 --> tests/semantic/solidity/test/libsolidity/semanticTests/tryCatch/structured_marked.sol:7:5:
  |
7 |     function f(bool b) public returns (uint x, uint y, string memory txt) {
  |     ^ (Relevant source part starts here and spans across multiple lines).

__________________________________________________________ test_semantics[/home/greg/dev/nethermind/warp/tests/semantic/solidity/test/libsolidity/semanticTests/array/push/array_push_struct.sol] __________________________________________________________
FAILURE: /home/greg/dev/nethermind/warp/tests/semantic/solidity/test/libsolidity/semanticTests/array/push/array_push_struct.cairo.temp
assert '0x0000000000...000000000fffb' == '0x0000000000...0000000000005'
  - 0x0000000000000000000000000000000000000000000000000000000000000002000000000000000000000000000000000000000000000000000000000000000300000000000000000000000000000000000000000000000000000000000000040000000000000000000000000000000000000000000000000000000000000005
  + 0x000000000000000000000000000000000000000000000000000000000000fffe000000000000000000000000000000000000000000000000000000000000fffc000000000000000000000000000000000000000000000000000000000000fffc000000000000000000000000000000000000000000000000000000000000fffb
tests/semantic/test_semantics.py:173 in test_semantics() -> check.equal(final_res, expected_result, cairo_file_path)
------------------------------------------------------------
Failed Checks: 1
------------------------------------------------------------------------------------------------------------------- Captured stdout call -------------------------------------------------------------------------------------------------------------------
{'callData': '0x35b1291300000000000000000000000000000000000000000000000000000000000000200000000000000000000000000000000000000000000000000000000000000002000000000000000000000000000000000000000000000000000000000000000300000000000000000000000000000000000000000000000000000000000000000000000000000000000000000000000000000000000000000000000000000000000000000000000000000000000000000000000000000000000000000000000400000000000000000000000000000000000000000000000000000000000000c0000000000000000000000000000000000000000000000000000000000000000400000000000000000000000000000000000000000000000000000000000000000000000000000000000000000000000000000000000000000000000000000000000000000000000000000000000000000000000000000000000000000000000500000000000000000000000000000000000000000000000000000000000000000000000000000000000000000000000000000000000000000000000000000000', 'expectations': '0x0000000000000000000000000000000000000000000000000000000000000002000000000000000000000000000000000000000000000000000000000000000300000000000000000000000000000000000000000000000000000000000000040000000000000000000000000000000000000000000000000000000000000005', 'failure': False, 'signature': 'test((uint16,uint16,uint16[3],uint16[]))'}
{'callData': '0x773d45e00000000000000000000000000000000000000000000000000000000000000000000000000000000000000000000000000000000000000000000000000000002a', 'expectations': '0x0000000000000000000000000000000000000000000000000000000000000040', 'failure': False, 'signature': 'a(uint256,uint256)'}
{'callData': '0x13d1aa2e00000000000000000000000000000000000000000000000000000000000000540000000000000000000000000000000000000000000000000000000000000080', 'expectations': '0x', 'failure': False, 'signature': 'f(uint256,uint256)'}
------------------------------------------------------------------------------------------------------------------- Captured stderr call -------------------------------------------------------------------------------------------------------------------
Warning: SPDX license identifier not provided in source file. Before publishing, consider adding a comment containing "SPDX-License-Identifier: <SPDX-License>" to each source file. Use "SPDX-License-Identifier: UNLICENSED" for non-open-source code. Please see https://spdx.org for more information.
--> tests/semantic/solidity/test/libsolidity/semanticTests/tryCatch/return_function_marked.sol

Warning: Unnamed return variable can remain unassigned. Add an explicit return with value to all non-reverting code paths or name the variable.
 --> tests/semantic/solidity/test/libsolidity/semanticTests/tryCatch/return_function_marked.sol:8:34:
  |
8 |     function f() public returns (uint, function() external, uint) {
  |                                  ^^^^

Warning: Unnamed return variable can remain unassigned. Add an explicit return with value to all non-reverting code paths or name the variable.
 --> tests/semantic/solidity/test/libsolidity/semanticTests/tryCatch/return_function_marked.sol:8:40:
  |
8 |     function f() public returns (uint, function() external, uint) {
  |                                        ^^^^^^^^^^^^^^^^^^^^

Warning: Unnamed return variable can remain unassigned. Add an explicit return with value to all non-reverting code paths or name the variable.
 --> tests/semantic/solidity/test/libsolidity/semanticTests/tryCatch/return_function_marked.sol:8:61:
  |
8 |     function f() public returns (uint, function() external, uint) {
  |                                                             ^^^^

Warning: Function state mutability can be restricted to view
 --> tests/semantic/solidity/test/libsolidity/semanticTests/tryCatch/return_function_marked.sol:3:5:
  |
3 |     function g() public returns (uint a, function() external h, uint b) {
  |     ^ (Relevant source part starts here and spans across multiple lines).

___________________________________________________ test_semantics[/home/greg/dev/nethermind/warp/tests/semantic/solidity/test/libsolidity/semanticTests/array/push/array_push_struct_from_calldata.sol] ___________________________________________________
FAILURE: /home/greg/dev/nethermind/warp/tests/semantic/solidity/test/libsolidity/semanticTests/array/push/array_push_struct_from_calldata.cairo.temp
assert '0x0000000000...000000000fffb' == '0x0000000000...0000000000005'
  - 0x0000000000000000000000000000000000000000000000000000000000000002000000000000000000000000000000000000000000000000000000000000000300000000000000000000000000000000000000000000000000000000000000040000000000000000000000000000000000000000000000000000000000000005
  + 0x000000000000000000000000000000000000000000000000000000000000fffe000000000000000000000000000000000000000000000000000000000000fffc000000000000000000000000000000000000000000000000000000000000fffc000000000000000000000000000000000000000000000000000000000000fffb
tests/semantic/test_semantics.py:173 in test_semantics() -> check.equal(final_res, expected_result, cairo_file_path)
------------------------------------------------------------
Failed Checks: 1
------------------------------------------------------------------------------------------------------------------- Captured stderr call -------------------------------------------------------------------------------------------------------------------
Warning: SPDX license identifier not provided in source file. Before publishing, consider adding a comment containing "SPDX-License-Identifier: <SPDX-License>" to each source file. Use "SPDX-License-Identifier: UNLICENSED" for non-open-source code. Please see https://spdx.org for more information.
--> tests/semantic/solidity/test/libsolidity/semanticTests/tryCatch/panic_marked.sol

Warning: This declaration shadows an existing declaration.
 --> tests/semantic/solidity/test/libsolidity/semanticTests/tryCatch/panic_marked.sol:8:39:
  |
8 |         try this.uf(b, x, y) returns (uint b) {
  |                                       ^^^^^^
Note: The shadowed declaration is here:
 --> tests/semantic/solidity/test/libsolidity/semanticTests/tryCatch/panic_marked.sol:7:24:
  |
7 |     function onlyPanic(bool b, uint x, uint y) public returns (uint r, uint code) {
  |                        ^^^^^^

Warning: This declaration shadows an existing declaration.
  --> tests/semantic/solidity/test/libsolidity/semanticTests/tryCatch/panic_marked.sol:15:39:
   |
15 |         try this.uf(b, x, y) returns (uint b) {
   |                                       ^^^^^^
Note: The shadowed declaration is here:
  --> tests/semantic/solidity/test/libsolidity/semanticTests/tryCatch/panic_marked.sol:14:28:
   |
14 |     function panicAndError(bool b, uint x, uint y) public returns (uint r, uint code, string memory msg_) {
   |                            ^^^^^^

Warning: Function state mutability can be restricted to view
 --> tests/semantic/solidity/test/libsolidity/semanticTests/tryCatch/panic_marked.sol:7:5:
  |
7 |     function onlyPanic(bool b, uint x, uint y) public returns (uint r, uint code) {
  |     ^ (Relevant source part starts here and spans across multiple lines).

Warning: Function state mutability can be restricted to view
  --> tests/semantic/solidity/test/libsolidity/semanticTests/tryCatch/panic_marked.sol:14:5:
   |
14 |     function panicAndError(bool b, uint x, uint y) public returns (uint r, uint code, string memory msg_) {
   |     ^ (Relevant source part starts here and spans across multiple lines).

_________________________________________________________________ test_semantics[/home/greg/dev/nethermind/warp/tests/semantic/solidity/test/libsolidity/semanticTests/tryCatch/panic.sol] _________________________________________________________________
tests/semantic/test_semantics.py:126: in test_semantics
    contract_file, get_last_contract(contract_file)
../../../warp_dev/lib/python3.7/site-packages/sol_warp-0.2.12-py3.7.egg/yul/main.py:55: in transpile_from_solidity
    cairo_code = transpile_from_yul(yul_ast)
../../../warp_dev/lib/python3.7/site-packages/sol_warp-0.2.12-py3.7.egg/yul/main.py:80: in transpile_from_yul
    yul_ast = DeadcodeEliminator().map(yul_ast)
../../../warp_dev/lib/python3.7/site-packages/sol_warp-0.2.12-py3.7.egg/yul/DeadcodeEliminator.py:29: in map
    assert not vs, "There should be no uninstantiated variables in the top scope."
E   AssertionError: There should be no uninstantiated variables in the top scope.
________________________________________________________ test_semantics[/home/greg/dev/nethermind/warp/tests/semantic/solidity/test/libsolidity/semanticTests/tryCatch/try_catch_library_call.sol] _________________________________________________________
tests/semantic/test_semantics.py:126: in test_semantics
    contract_file, get_last_contract(contract_file)
../../../warp_dev/lib/python3.7/site-packages/sol_warp-0.2.12-py3.7.egg/yul/main.py:55: in transpile_from_solidity
    cairo_code = transpile_from_yul(yul_ast)
../../../warp_dev/lib/python3.7/site-packages/sol_warp-0.2.12-py3.7.egg/yul/main.py:80: in transpile_from_yul
    yul_ast = DeadcodeEliminator().map(yul_ast)
../../../warp_dev/lib/python3.7/site-packages/sol_warp-0.2.12-py3.7.egg/yul/DeadcodeEliminator.py:29: in map
    assert not vs, "There should be no uninstantiated variables in the top scope."
E   AssertionError: There should be no uninstantiated variables in the top scope.
------------------------------------------------------------------------------------------------------------------- Captured stderr call -------------------------------------------------------------------------------------------------------------------
Warning: SPDX license identifier not provided in source file. Before publishing, consider adding a comment containing "SPDX-License-Identifier: <SPDX-License>" to each source file. Use "SPDX-License-Identifier: UNLICENSED" for non-open-source code. Please see https://spdx.org for more information.
--> tests/semantic/solidity/test/libsolidity/semanticTests/tryCatch/try_catch_library_call_marked.sol

Warning: Function state mutability can be restricted to pure
 --> tests/semantic/solidity/test/libsolidity/semanticTests/tryCatch/try_catch_library_call_marked.sol:4:5:
  |
4 |     function integer(uint t, bool b) public view returns (uint) {
  |     ^ (Relevant source part starts here and spans across multiple lines).

Warning: Function state mutability can be restricted to view
  --> tests/semantic/solidity/test/libsolidity/semanticTests/tryCatch/try_catch_library_call_marked.sol:22:5:
   |
22 |     function f(bool b) public returns (uint, string memory) {
   |     ^ (Relevant source part starts here and spans across multiple lines).

________________________________________________________ test_semantics[/home/greg/dev/nethermind/warp/tests/semantic/solidity/test/libsolidity/semanticTests/tryCatch/invalid_error_encoding.sol] _________________________________________________________
tests/semantic/test_semantics.py:126: in test_semantics
    contract_file, get_last_contract(contract_file)
../../../warp_dev/lib/python3.7/site-packages/sol_warp-0.2.12-py3.7.egg/yul/main.py:55: in transpile_from_solidity
    cairo_code = transpile_from_yul(yul_ast)
../../../warp_dev/lib/python3.7/site-packages/sol_warp-0.2.12-py3.7.egg/yul/main.py:80: in transpile_from_yul
    yul_ast = DeadcodeEliminator().map(yul_ast)
../../../warp_dev/lib/python3.7/site-packages/sol_warp-0.2.12-py3.7.egg/yul/DeadcodeEliminator.py:29: in map
    assert not vs, "There should be no uninstantiated variables in the top scope."
E   AssertionError: There should be no uninstantiated variables in the top scope.
------------------------------------------------------------------------------------------------------------------- Captured stderr call -------------------------------------------------------------------------------------------------------------------
Warning: SPDX license identifier not provided in source file. Before publishing, consider adding a comment containing "SPDX-License-Identifier: <SPDX-License>" to each source file. Use "SPDX-License-Identifier: UNLICENSED" for non-open-source code. Please see https://spdx.org for more information.
--> tests/semantic/solidity/test/libsolidity/semanticTests/tryCatch/lowLevel_marked.sol

Warning: This declaration shadows an existing declaration.
 --> tests/semantic/solidity/test/libsolidity/semanticTests/tryCatch/lowLevel_marked.sol:8:40:
  |
8 |         try this.g(b) returns (uint a, uint b) {
  |                                        ^^^^^^
Note: The shadowed declaration is here:
 --> tests/semantic/solidity/test/libsolidity/semanticTests/tryCatch/lowLevel_marked.sol:7:16:
  |
7 |     function f(bool b) public returns (uint x, uint y, bytes memory txt) {
  |                ^^^^^^

Warning: Function state mutability can be restricted to view
 --> tests/semantic/solidity/test/libsolidity/semanticTests/tryCatch/lowLevel_marked.sol:7:5:
  |
7 |     function f(bool b) public returns (uint x, uint y, bytes memory txt) {
  |     ^ (Relevant source part starts here and spans across multiple lines).

Warning: SPDX license identifier not provided in source file. Before publishing, consider adding a comment containing "SPDX-License-Identifier: <SPDX-License>" to each source file. Use "SPDX-License-Identifier: UNLICENSED" for non-open-source code. Please see https://spdx.org for more information.
--> tests/semantic/solidity/test/libsolidity/semanticTests/tryCatch/invalid_error_encoding_marked.sol

Warning: Unused try/catch parameter. Remove or comment out the variable name to silence this warning.
 --> tests/semantic/solidity/test/libsolidity/semanticTests/tryCatch/invalid_error_encoding_marked.sol:7:92:
  |
7 |         try this.g(abi.encodeWithSelector(0x12345678, uint(0), uint(0), uint(0))) returns (uint a, uint b) {
  |                                                                                            ^^^^^^

Warning: Unused try/catch parameter. Remove or comment out the variable name to silence this warning.
 --> tests/semantic/solidity/test/libsolidity/semanticTests/tryCatch/invalid_error_encoding_marked.sol:7:100:
  |
7 |         try this.g(abi.encodeWithSelector(0x12345678, uint(0), uint(0), uint(0))) returns (uint a, uint b) {
  |                                                                                                    ^^^^^^

Warning: Unused try/catch parameter. Remove or comment out the variable name to silence this warning.
  --> tests/semantic/solidity/test/libsolidity/semanticTests/tryCatch/invalid_error_encoding_marked.sol:16:92:
   |
16 |         try this.g(abi.encodeWithSelector(0x12345678, uint(0), uint(0), uint(0))) returns (uint a, uint b) {
   |                                                                                            ^^^^^^

Warning: Unused try/catch parameter. Remove or comment out the variable name to silence this warning.
  --> tests/semantic/solidity/test/libsolidity/semanticTests/tryCatch/invalid_error_encoding_marked.sol:16:100:
   |
16 |         try this.g(abi.encodeWithSelector(0x12345678, uint(0), uint(0), uint(0))) returns (uint a, uint b) {
   |                                                                                                    ^^^^^^

Warning: Unused try/catch parameter. Remove or comment out the variable name to silence this warning.
  --> tests/semantic/solidity/test/libsolidity/semanticTests/tryCatch/invalid_error_encoding_marked.sol:25:92:
   |
25 |         try this.g(abi.encodeWithSelector(0x12345678, uint(0), uint(0), uint(0))) returns (uint a, uint b) {
   |                                                                                            ^^^^^^

Warning: Unused try/catch parameter. Remove or comment out the variable name to silence this warning.
  --> tests/semantic/solidity/test/libsolidity/semanticTests/tryCatch/invalid_error_encoding_marked.sol:25:100:
   |
25 |         try this.g(abi.encodeWithSelector(0x12345678, uint(0), uint(0), uint(0))) returns (uint a, uint b) {
   |                                                                                                    ^^^^^^

Warning: Unused try/catch parameter. Remove or comment out the variable name to silence this warning.
  --> tests/semantic/solidity/test/libsolidity/semanticTests/tryCatch/invalid_error_encoding_marked.sol:32:92:
   |
32 |         try this.g(abi.encodeWithSelector(0x12345678, uint(0), uint(0), uint(0))) returns (uint a, uint b) {
   |                                                                                            ^^^^^^

Warning: Unused try/catch parameter. Remove or comment out the variable name to silence this warning.
  --> tests/semantic/solidity/test/libsolidity/semanticTests/tryCatch/invalid_error_encoding_marked.sol:32:100:
   |
32 |         try this.g(abi.encodeWithSelector(0x12345678, uint(0), uint(0), uint(0))) returns (uint a, uint b) {
   |                                                                                                    ^^^^^^

Warning: Unused try/catch parameter. Remove or comment out the variable name to silence this warning.
  --> tests/semantic/solidity/test/libsolidity/semanticTests/tryCatch/invalid_error_encoding_marked.sol:39:102:
   |
39 |         try this.g(abi.encodeWithSignature("Error(string)", uint(0x100), uint(0), uint(0))) returns (uint a, uint b) {
   |                                                                                                      ^^^^^^

Warning: Unused try/catch parameter. Remove or comment out the variable name to silence this warning.
  --> tests/semantic/solidity/test/libsolidity/semanticTests/tryCatch/invalid_error_encoding_marked.sol:39:110:
   |
39 |         try this.g(abi.encodeWithSignature("Error(string)", uint(0x100), uint(0), uint(0))) returns (uint a, uint b) {
   |                                                                                                              ^^^^^^

Warning: Unused try/catch parameter. Remove or comment out the variable name to silence this warning.
  --> tests/semantic/solidity/test/libsolidity/semanticTests/tryCatch/invalid_error_encoding_marked.sol:48:102:
   |
48 |         try this.g(abi.encodeWithSignature("Error(string)", uint(0x100), uint(0), uint(0))) returns (uint a, uint b) {
   |                                                                                                      ^^^^^^

Warning: Unused try/catch parameter. Remove or comment out the variable name to silence this warning.
  --> tests/semantic/solidity/test/libsolidity/semanticTests/tryCatch/invalid_error_encoding_marked.sol:48:110:
   |
48 |         try this.g(abi.encodeWithSignature("Error(string)", uint(0x100), uint(0), uint(0))) returns (uint a, uint b) {
   |                                                                                                              ^^^^^^

Warning: Unused try/catch parameter. Remove or comment out the variable name to silence this warning.
  --> tests/semantic/solidity/test/libsolidity/semanticTests/tryCatch/invalid_error_encoding_marked.sol:57:102:
   |
57 |         try this.g(abi.encodeWithSignature("Error(string)", uint(0x100), uint(0), uint(0))) returns (uint a, uint b) {
   |                                                                                                      ^^^^^^

Warning: Unused try/catch parameter. Remove or comment out the variable name to silence this warning.
  --> tests/semantic/solidity/test/libsolidity/semanticTests/tryCatch/invalid_error_encoding_marked.sol:57:110:
   |
57 |         try this.g(abi.encodeWithSignature("Error(string)", uint(0x100), uint(0), uint(0))) returns (uint a, uint b) {
   |                                                                                                              ^^^^^^

Warning: Unused try/catch parameter. Remove or comment out the variable name to silence this warning.
  --> tests/semantic/solidity/test/libsolidity/semanticTests/tryCatch/invalid_error_encoding_marked.sol:64:102:
   |
64 |         try this.g(abi.encodeWithSignature("Error(string)", uint(0x100), uint(0), uint(0))) returns (uint a, uint b) {
   |                                                                                                      ^^^^^^

Warning: Unused try/catch parameter. Remove or comment out the variable name to silence this warning.
  --> tests/semantic/solidity/test/libsolidity/semanticTests/tryCatch/invalid_error_encoding_marked.sol:64:110:
   |
64 |         try this.g(abi.encodeWithSignature("Error(string)", uint(0x100), uint(0), uint(0))) returns (uint a, uint b) {
   |                                                                                                              ^^^^^^

Warning: Unused try/catch parameter. Remove or comment out the variable name to silence this warning.
  --> tests/semantic/solidity/test/libsolidity/semanticTests/tryCatch/invalid_error_encoding_marked.sol:71:104:
   |
71 |         try this.g(abi.encodeWithSignature("Error(string)", uint(0x20), uint(0x30), uint(0))) returns (uint a, uint b) {
   |                                                                                                        ^^^^^^

Warning: Unused try/catch parameter. Remove or comment out the variable name to silence this warning.
  --> tests/semantic/solidity/test/libsolidity/semanticTests/tryCatch/invalid_error_encoding_marked.sol:71:112:
   |
71 |         try this.g(abi.encodeWithSignature("Error(string)", uint(0x20), uint(0x30), uint(0))) returns (uint a, uint b) {
   |                                                                                                                ^^^^^^

Warning: Unused try/catch parameter. Remove or comment out the variable name to silence this warning.
  --> tests/semantic/solidity/test/libsolidity/semanticTests/tryCatch/invalid_error_encoding_marked.sol:80:104:
   |
80 |         try this.g(abi.encodeWithSignature("Error(string)", uint(0x20), uint(0x30), uint(0))) returns (uint a, uint b) {
   |                                                                                                        ^^^^^^

Warning: Unused try/catch parameter. Remove or comment out the variable name to silence this warning.
  --> tests/semantic/solidity/test/libsolidity/semanticTests/tryCatch/invalid_error_encoding_marked.sol:80:112:
   |
80 |         try this.g(abi.encodeWithSignature("Error(string)", uint(0x20), uint(0x30), uint(0))) returns (uint a, uint b) {
   |                                                                                                                ^^^^^^

Warning: Unused try/catch parameter. Remove or comment out the variable name to silence this warning.
  --> tests/semantic/solidity/test/libsolidity/semanticTests/tryCatch/invalid_error_encoding_marked.sol:89:104:
   |
89 |         try this.g(abi.encodeWithSignature("Error(string)", uint(0x20), uint(0x30), uint(0))) returns (uint a, uint b) {
   |                                                                                                        ^^^^^^

Warning: Unused try/catch parameter. Remove or comment out the variable name to silence this warning.
  --> tests/semantic/solidity/test/libsolidity/semanticTests/tryCatch/invalid_error_encoding_marked.sol:89:112:
   |
89 |         try this.g(abi.encodeWithSignature("Error(string)", uint(0x20), uint(0x30), uint(0))) returns (uint a, uint b) {
   |                                                                                                                ^^^^^^

Warning: Unused try/catch parameter. Remove or comment out the variable name to silence this warning.
  --> tests/semantic/solidity/test/libsolidity/semanticTests/tryCatch/invalid_error_encoding_marked.sol:96:104:
   |
96 |         try this.g(abi.encodeWithSignature("Error(string)", uint(0x20), uint(0x30), uint(0))) returns (uint a, uint b) {
   |                                                                                                        ^^^^^^

Warning: Unused try/catch parameter. Remove or comment out the variable name to silence this warning.
  --> tests/semantic/solidity/test/libsolidity/semanticTests/tryCatch/invalid_error_encoding_marked.sol:96:112:
   |
96 |         try this.g(abi.encodeWithSignature("Error(string)", uint(0x20), uint(0x30), uint(0))) returns (uint a, uint b) {
   |                                                                                                                ^^^^^^

Warning: Unused try/catch parameter. Remove or comment out the variable name to silence this warning.
   --> tests/semantic/solidity/test/libsolidity/semanticTests/tryCatch/invalid_error_encoding_marked.sol:103:113:
    |
103 |         try this.g(abi.encodeWithSignature("Error(string)", uint(0x20), uint(0x7), bytes7("abcdefg"))) returns (uint a, uint b) {
    |                                                                                                                 ^^^^^^

Warning: Unused try/catch parameter. Remove or comment out the variable name to silence this warning.
   --> tests/semantic/solidity/test/libsolidity/semanticTests/tryCatch/invalid_error_encoding_marked.sol:103:121:
    |
103 |         try this.g(abi.encodeWithSignature("Error(string)", uint(0x20), uint(0x7), bytes7("abcdefg"))) returns (uint a, uint b) {
    |                                                                                                                         ^^^^^^

Warning: Unused try/catch parameter. Remove or comment out the variable name to silence this warning.
   --> tests/semantic/solidity/test/libsolidity/semanticTests/tryCatch/invalid_error_encoding_marked.sol:112:113:
    |
112 |         try this.g(abi.encodeWithSignature("Error(string)", uint(0x20), uint(0x7), bytes7("abcdefg"))) returns (uint a, uint b) {
    |                                                                                                                 ^^^^^^

Warning: Unused try/catch parameter. Remove or comment out the variable name to silence this warning.
   --> tests/semantic/solidity/test/libsolidity/semanticTests/tryCatch/invalid_error_encoding_marked.sol:112:121:
    |
112 |         try this.g(abi.encodeWithSignature("Error(string)", uint(0x20), uint(0x7), bytes7("abcdefg"))) returns (uint a, uint b) {
    |                                                                                                                         ^^^^^^

Warning: Unused try/catch parameter. Remove or comment out the variable name to silence this warning.
   --> tests/semantic/solidity/test/libsolidity/semanticTests/tryCatch/invalid_error_encoding_marked.sol:121:113:
    |
121 |         try this.g(abi.encodeWithSignature("Error(string)", uint(0x20), uint(0x7), bytes7("abcdefg"))) returns (uint a, uint b) {
    |                                                                                                                 ^^^^^^

Warning: Unused try/catch parameter. Remove or comment out the variable name to silence this warning.
   --> tests/semantic/solidity/test/libsolidity/semanticTests/tryCatch/invalid_error_encoding_marked.sol:121:121:
    |
121 |         try this.g(abi.encodeWithSignature("Error(string)", uint(0x20), uint(0x7), bytes7("abcdefg"))) returns (uint a, uint b) {
    |                                                                                                                         ^^^^^^

Warning: Unused try/catch parameter. Remove or comment out the variable name to silence this warning.
   --> tests/semantic/solidity/test/libsolidity/semanticTests/tryCatch/invalid_error_encoding_marked.sol:128:113:
    |
128 |         try this.g(abi.encodeWithSignature("Error(string)", uint(0x20), uint(0x7), bytes7("abcdefg"))) returns (uint a, uint b) {
    |                                                                                                                 ^^^^^^

Warning: Unused try/catch parameter. Remove or comment out the variable name to silence this warning.
   --> tests/semantic/solidity/test/libsolidity/semanticTests/tryCatch/invalid_error_encoding_marked.sol:128:121:
    |
128 |         try this.g(abi.encodeWithSignature("Error(string)", uint(0x20), uint(0x7), bytes7("abcdefg"))) returns (uint a, uint b) {
    |                                                                                                                         ^^^^^^

Warning: Function state mutability can be restricted to view
 --> tests/semantic/solidity/test/libsolidity/semanticTests/tryCatch/invalid_error_encoding_marked.sol:6:5:
  |
6 |     function f1() public returns (uint x) {
  |     ^ (Relevant source part starts here and spans across multiple lines).

Warning: Function state mutability can be restricted to view
  --> tests/semantic/solidity/test/libsolidity/semanticTests/tryCatch/invalid_error_encoding_marked.sol:15:5:
   |
15 |     function f1a() public returns (uint x) {
   |     ^ (Relevant source part starts here and spans across multiple lines).

Warning: Function state mutability can be restricted to view
  --> tests/semantic/solidity/test/libsolidity/semanticTests/tryCatch/invalid_error_encoding_marked.sol:24:5:
   |
24 |     function f1b() public returns (uint x) {
   |     ^ (Relevant source part starts here and spans across multiple lines).

Warning: Function state mutability can be restricted to view
  --> tests/semantic/solidity/test/libsolidity/semanticTests/tryCatch/invalid_error_encoding_marked.sol:31:5:
   |
31 |     function f1c() public returns (uint x) {
   |     ^ (Relevant source part starts here and spans across multiple lines).

Warning: Function state mutability can be restricted to view
  --> tests/semantic/solidity/test/libsolidity/semanticTests/tryCatch/invalid_error_encoding_marked.sol:38:5:
   |
38 |     function f2() public returns (uint x) {
   |     ^ (Relevant source part starts here and spans across multiple lines).

Warning: Function state mutability can be restricted to view
  --> tests/semantic/solidity/test/libsolidity/semanticTests/tryCatch/invalid_error_encoding_marked.sol:47:5:
   |
47 |     function f2a() public returns (uint x) {
   |     ^ (Relevant source part starts here and spans across multiple lines).

Warning: Function state mutability can be restricted to view
  --> tests/semantic/solidity/test/libsolidity/semanticTests/tryCatch/invalid_error_encoding_marked.sol:56:5:
   |
56 |     function f2b() public returns (uint x) {
   |     ^ (Relevant source part starts here and spans across multiple lines).

Warning: Function state mutability can be restricted to view
  --> tests/semantic/solidity/test/libsolidity/semanticTests/tryCatch/invalid_error_encoding_marked.sol:63:5:
   |
63 |     function f2c() public returns (uint x) {
   |     ^ (Relevant source part starts here and spans across multiple lines).

Warning: Function state mutability can be restricted to view
  --> tests/semantic/solidity/test/libsolidity/semanticTests/tryCatch/invalid_error_encoding_marked.sol:70:5:
   |
70 |     function f3() public returns (uint x) {
   |     ^ (Relevant source part starts here and spans across multiple lines).

Warning: Function state mutability can be restricted to view
  --> tests/semantic/solidity/test/libsolidity/semanticTests/tryCatch/invalid_error_encoding_marked.sol:79:5:
   |
79 |     function f3a() public returns (uint x) {
   |     ^ (Relevant source part starts here and spans across multiple lines).

Warning: Function state mutability can be restricted to view
  --> tests/semantic/solidity/test/libsolidity/semanticTests/tryCatch/invalid_error_encoding_marked.sol:88:5:
   |
88 |     function f3b() public returns (uint x) {
   |     ^ (Relevant source part starts here and spans across multiple lines).

Warning: Function state mutability can be restricted to view
  --> tests/semantic/solidity/test/libsolidity/semanticTests/tryCatch/invalid_error_encoding_marked.sol:95:5:
   |
95 |     function f3c() public returns (uint x) {
   |     ^ (Relevant source part starts here and spans across multiple lines).

Warning: Function state mutability can be restricted to view
   --> tests/semantic/solidity/test/libsolidity/semanticTests/tryCatch/invalid_error_encoding_marked.sol:102:5:
    |
102 |     function f4() public returns (uint x) {
    |     ^ (Relevant source part starts here and spans across multiple lines).

Warning: Function state mutability can be restricted to view
   --> tests/semantic/solidity/test/libsolidity/semanticTests/tryCatch/invalid_error_encoding_marked.sol:111:5:
    |
111 |     function f4a() public returns (uint x) {
    |     ^ (Relevant source part starts here and spans across multiple lines).

Warning: Function state mutability can be restricted to view
   --> tests/semantic/solidity/test/libsolidity/semanticTests/tryCatch/invalid_error_encoding_marked.sol:120:5:
    |
120 |     function f4b() public returns (uint x) {
    |     ^ (Relevant source part starts here and spans across multiple lines).

Warning: Function state mutability can be restricted to view
   --> tests/semantic/solidity/test/libsolidity/semanticTests/tryCatch/invalid_error_encoding_marked.sol:127:5:
    |
127 |     function f4c() public returns (uint x) {
    |     ^ (Relevant source part starts here and spans across multiple lines).

Warning: SPDX license identifier not provided in source file. Before publishing, consider adding a comment containing "SPDX-License-Identifier: <SPDX-License>" to each source file. Use "SPDX-License-Identifier: UNLICENSED" for non-open-source code. Please see https://spdx.org for more information.
--> tests/semantic/solidity/test/libsolidity/semanticTests/tryCatch/malformed_panic_4_marked.sol

Warning: This declaration shadows an existing declaration.
  --> tests/semantic/solidity/test/libsolidity/semanticTests/tryCatch/malformed_panic_4_marked.sol:35:23:
   |
35 |         } catch Panic(uint c) {
   |                       ^^^^^^
Note: The shadowed declaration is here:
  --> tests/semantic/solidity/test/libsolidity/semanticTests/tryCatch/malformed_panic_4_marked.sol:32:5:
   |
32 |     function c() public returns (uint) {
   |     ^ (Relevant source part starts here and spans across multiple lines).

Warning: This declaration shadows an existing declaration.
  --> tests/semantic/solidity/test/libsolidity/semanticTests/tryCatch/malformed_panic_4_marked.sol:47:23:
   |
47 |         } catch Panic(uint c) {
   |                       ^^^^^^
Note: The shadowed declaration is here:
  --> tests/semantic/solidity/test/libsolidity/semanticTests/tryCatch/malformed_panic_4_marked.sol:32:5:
   |
32 |     function c() public returns (uint) {
   |     ^ (Relevant source part starts here and spans across multiple lines).

Warning: Unnamed return variable can remain unassigned. Add an explicit return with value to all non-reverting code paths or name the variable.
  --> tests/semantic/solidity/test/libsolidity/semanticTests/tryCatch/malformed_panic_4_marked.sol:10:34:
   |
10 |     function a() public returns (uint) {
   |                                  ^^^^

Warning: Unnamed return variable can remain unassigned. Add an explicit return with value to all non-reverting code paths or name the variable.
  --> tests/semantic/solidity/test/libsolidity/semanticTests/tryCatch/malformed_panic_4_marked.sol:21:34:
   |
21 |     function b() public returns (uint) {
   |                                  ^^^^

Warning: Unnamed return variable can remain unassigned. Add an explicit return with value to all non-reverting code paths or name the variable.
  --> tests/semantic/solidity/test/libsolidity/semanticTests/tryCatch/malformed_panic_4_marked.sol:32:34:
   |
32 |     function c() public returns (uint) {
   |                                  ^^^^

Warning: Unnamed return variable can remain unassigned. Add an explicit return with value to all non-reverting code paths or name the variable.
  --> tests/semantic/solidity/test/libsolidity/semanticTests/tryCatch/malformed_panic_4_marked.sol:44:34:
   |
44 |     function d() public returns (uint) {
   |                                  ^^^^

Warning: Function state mutability can be restricted to view
  --> tests/semantic/solidity/test/libsolidity/semanticTests/tryCatch/malformed_panic_4_marked.sol:10:5:
   |
10 |     function a() public returns (uint) {
   |     ^ (Relevant source part starts here and spans across multiple lines).

Warning: Function state mutability can be restricted to view
  --> tests/semantic/solidity/test/libsolidity/semanticTests/tryCatch/malformed_panic_4_marked.sol:21:5:
   |
21 |     function b() public returns (uint) {
   |     ^ (Relevant source part starts here and spans across multiple lines).

Warning: Function state mutability can be restricted to view
  --> tests/semantic/solidity/test/libsolidity/semanticTests/tryCatch/malformed_panic_4_marked.sol:32:5:
   |
32 |     function c() public returns (uint) {
   |     ^ (Relevant source part starts here and spans across multiple lines).

Warning: Function state mutability can be restricted to view
  --> tests/semantic/solidity/test/libsolidity/semanticTests/tryCatch/malformed_panic_4_marked.sol:44:5:
   |
44 |     function d() public returns (uint) {
   |     ^ (Relevant source part starts here and spans across multiple lines).

Warning: SPDX license identifier not provided in source file. Before publishing, consider adding a comment containing "SPDX-License-Identifier: <SPDX-License>" to each source file. Use "SPDX-License-Identifier: UNLICENSED" for non-open-source code. Please see https://spdx.org for more information.
--> tests/semantic/solidity/test/libsolidity/semanticTests/tryCatch/nested_marked.sol

Warning: Unused try/catch parameter. Remove or comment out the variable name to silence this warning.
 --> tests/semantic/solidity/test/libsolidity/semanticTests/tryCatch/nested_marked.sol:9:40:
  |
9 |             try this.g(cond2) returns (uint a2, uint b2) {
  |                                        ^^^^^^^

Warning: Unused try/catch parameter. Remove or comment out the variable name to silence this warning.
 --> tests/semantic/solidity/test/libsolidity/semanticTests/tryCatch/nested_marked.sol:9:49:
  |
9 |             try this.g(cond2) returns (uint a2, uint b2) {
  |                                                 ^^^^^^^

Warning: Function state mutability can be restricted to view
 --> tests/semantic/solidity/test/libsolidity/semanticTests/tryCatch/nested_marked.sol:7:5:
  |
7 |     function f(bool cond1, bool cond2) public returns (uint x, uint y, bytes memory txt) {
  |     ^ (Relevant source part starts here and spans across multiple lines).

________________________________________________________________ test_semantics[/home/greg/dev/nethermind/warp/tests/semantic/solidity/test/libsolidity/semanticTests/tryCatch/nested.sol] _________________________________________________________________
tests/semantic/test_semantics.py:126: in test_semantics
    contract_file, get_last_contract(contract_file)
../../../warp_dev/lib/python3.7/site-packages/sol_warp-0.2.12-py3.7.egg/yul/main.py:55: in transpile_from_solidity
    cairo_code = transpile_from_yul(yul_ast)
../../../warp_dev/lib/python3.7/site-packages/sol_warp-0.2.12-py3.7.egg/yul/main.py:80: in transpile_from_yul
    yul_ast = DeadcodeEliminator().map(yul_ast)
../../../warp_dev/lib/python3.7/site-packages/sol_warp-0.2.12-py3.7.egg/yul/DeadcodeEliminator.py:29: in map
    assert not vs, "There should be no uninstantiated variables in the top scope."
E   AssertionError: There should be no uninstantiated variables in the top scope.
___________________________________________________________ test_semantics[/home/greg/dev/nethermind/warp/tests/semantic/solidity/test/libsolidity/semanticTests/tryCatch/malformed_panic_4.sol] ___________________________________________________________
tests/semantic/test_semantics.py:126: in test_semantics
    contract_file, get_last_contract(contract_file)
../../../warp_dev/lib/python3.7/site-packages/sol_warp-0.2.12-py3.7.egg/yul/main.py:55: in transpile_from_solidity
    cairo_code = transpile_from_yul(yul_ast)
../../../warp_dev/lib/python3.7/site-packages/sol_warp-0.2.12-py3.7.egg/yul/main.py:80: in transpile_from_yul
    yul_ast = DeadcodeEliminator().map(yul_ast)
../../../warp_dev/lib/python3.7/site-packages/sol_warp-0.2.12-py3.7.egg/yul/DeadcodeEliminator.py:29: in map
    assert not vs, "There should be no uninstantiated variables in the top scope."
E   AssertionError: There should be no uninstantiated variables in the top scope.
____________________________________________ test_semantics[/home/greg/dev/nethermind/warp/tests/semantic/solidity/test/libsolidity/semanticTests/inheritance/inherited_function_calldata_memory_interface.sol] ____________________________________________
tests/semantic/test_semantics.py:126: in test_semantics
    contract_file, get_last_contract(contract_file)
../../../warp_dev/lib/python3.7/site-packages/sol_warp-0.2.12-py3.7.egg/yul/main.py:53: in transpile_from_solidity
    codes = json.loads(result.stdout)
/usr/lib/python3.7/json/__init__.py:348: in loads
    return _default_decoder.decode(s)
/usr/lib/python3.7/json/decoder.py:337: in decode
    obj, end = self.raw_decode(s, idx=_w(s, 0).end())
/usr/lib/python3.7/json/decoder.py:355: in raw_decode
    raise JSONDecodeError("Expecting value", s, err.value) from None
E   json.decoder.JSONDecodeError: Expecting value: line 1 column 1 (char 0)
------------------------------------------------------------------------------------------------------------------- Captured stdout call -------------------------------------------------------------------------------------------------------------------
{'callData': '0xee6ca51200000000000000000000000000000000000000000000000000000000000000200000000000000000000000000000000000000000000000000000000000000003000000000000000000000000000000000000000000000000000000000000000100000000000000000000000000000000000000000000000000000000000000020000000000000000000000000000000000000000000000000000000000000003', 'expectations': '0x0000000000000000000000000000000000000000000000000000000000000001', 'failure': False, 'signature': 'f(uint120[])'}
{'callData': '0xece866b9', 'expectations': '0x0000000000000000000000000000000000000000000000000000000000000000', 'failure': False, 'signature': 'l()'}
------------------------------------------------------------------------------------------------------------------- Captured stderr call -------------------------------------------------------------------------------------------------------------------
Warning: SPDX license identifier not provided in source file. Before publishing, consider adding a comment containing "SPDX-License-Identifier: <SPDX-License>" to each source file. Use "SPDX-License-Identifier: UNLICENSED" for non-open-source code. Please see https://spdx.org for more information.
--> tests/semantic/solidity/test/libsolidity/semanticTests/inheritance/inherited_function_calldata_memory_interface_marked.sol

Warning: Unused function parameter. Remove or comment out the variable name to silence this warning.
 --> tests/semantic/solidity/test/libsolidity/semanticTests/inheritance/inherited_function_calldata_memory_interface_marked.sol:6:16:
  |
6 |     function f(uint256[] memory a) public override returns (uint256) {
  |                ^^^^^^^^^^^^^^^^^^

Warning: Function state mutability can be restricted to pure
 --> tests/semantic/solidity/test/libsolidity/semanticTests/inheritance/inherited_function_calldata_memory_interface_marked.sol:6:5:
  |
6 |     function f(uint256[] memory a) public override returns (uint256) {
  |     ^ (Relevant source part starts here and spans across multiple lines).

Warning: Function state mutability can be restricted to pure
  --> tests/semantic/solidity/test/libsolidity/semanticTests/inheritance/inherited_function_calldata_memory_interface_marked.sol:11:5:
   |
11 |     function f(uint256[] memory a) public returns (uint256) {
   |     ^ (Relevant source part starts here and spans across multiple lines).

_________________________________________________________ test_semantics[/home/greg/dev/nethermind/warp/tests/semantic/solidity/test/libsolidity/semanticTests/array/push/push_no_args_bytes.sol] __________________________________________________________
../../../warp_dev/lib/python3.7/site-packages/cairo_lang-0.6.2-py3.7.egg/starkware/starknet/business_logic/internal_transaction.py:539: in _run
    verify_secure=True,
../../../warp_dev/lib/python3.7/site-packages/cairo_lang-0.6.2-py3.7.egg/starkware/cairo/common/cairo_function_runner.py:199: in run_from_entrypoint
    self.run_until_pc(addr=end, run_resources=run_resources)
../../../warp_dev/lib/python3.7/site-packages/cairo_lang-0.6.2-py3.7.egg/starkware/cairo/lang/vm/cairo_runner.py:284: in run_until_pc
    self.vm_step()
../../../warp_dev/lib/python3.7/site-packages/cairo_lang-0.6.2-py3.7.egg/starkware/cairo/lang/vm/cairo_runner.py:298: in vm_step
    self.vm.step()
../../../warp_dev/lib/python3.7/site-packages/cairo_lang-0.6.2-py3.7.egg/starkware/cairo/lang/vm/virtual_machine_base.py:255: in step
    self.run_instruction(instruction)
../../../warp_dev/lib/python3.7/site-packages/cairo_lang-0.6.2-py3.7.egg/starkware/cairo/lang/vm/vm_core.py:422: in run_instruction
    raise self.as_vm_exception(exc) from None
E   starkware.cairo.lang.vm.vm_exceptions.VmException: /home/greg/dev/nethermind/warp/tests/semantic/solidity/test/libsolidity/semanticTests/array/push/push_no_args_bytes.cairo.temp:119:9: Error at pc=0:2352:
E   An ASSERT_EQ instruction failed: 1 != 0.
E           assert 0 = 1
E           ^**********^
E   Cairo traceback (most recent call last):
E   /home/greg/dev/nethermind/warp/tests/semantic/solidity/test/libsolidity/semanticTests/array/push/push_no_args_bytes.cairo.temp:52:6: (pc=0:2188)
E   func __main{
E        ^****^
E   /home/greg/dev/nethermind/warp/tests/semantic/solidity/test/libsolidity/semanticTests/array/push/push_no_args_bytes.cairo.temp:66:9: (pc=0:2127)
E           __main_meat()
E           ^***********^
E   /home/greg/dev/nethermind/warp/tests/semantic/solidity/test/libsolidity/semanticTests/array/push/push_no_args_bytes.cairo.temp:872:5: (pc=0:4910)
E       __warp_if_6(__warp_subexpr_0)
E       ^***************************^
E   /home/greg/dev/nethermind/warp/tests/semantic/solidity/test/libsolidity/semanticTests/array/push/push_no_args_bytes.cairo.temp:856:9: (pc=0:4864)
E           __warp_block_19()
E           ^***************^
E   /home/greg/dev/nethermind/warp/tests/semantic/solidity/test/libsolidity/semanticTests/array/push/push_no_args_bytes.cairo.temp:846:5: (pc=0:4839)
E       __warp_block_20()
E       ^***************^
E   /home/greg/dev/nethermind/warp/tests/semantic/solidity/test/libsolidity/semanticTests/array/push/push_no_args_bytes.cairo.temp:837:5: (pc=0:4826)
E       __warp_block_21(match_var)
E       ^************************^
E   /home/greg/dev/nethermind/warp/tests/semantic/solidity/test/libsolidity/semanticTests/array/push/push_no_args_bytes.cairo.temp:826:5: (pc=0:4791)
E       __warp_if_7(__warp_subexpr_0, match_var)
E       ^**************************************^
E   /home/greg/dev/nethermind/warp/tests/semantic/solidity/test/libsolidity/semanticTests/array/push/push_no_args_bytes.cairo.temp:815:9: (pc=0:4754)
E           __warp_block_30(match_var)
E           ^************************^
E   /home/greg/dev/nethermind/warp/tests/semantic/solidity/test/libsolidity/semanticTests/array/push/push_no_args_bytes.cairo.temp:802:5: (pc=0:4736)
E       __warp_if_10(__warp_subexpr_0, match_var)
E       ^***************************************^
E   /home/greg/dev/nethermind/warp/tests/semantic/solidity/test/libsolidity/semanticTests/array/push/push_no_args_bytes.cairo.temp:788:9: (pc=0:4710)
E           __warp_block_31()
E           ^***************^
E   /home/greg/dev/nethermind/warp/tests/semantic/solidity/test/libsolidity/semanticTests/array/push/push_no_args_bytes.cairo.temp:698:5: (pc=0:4393)
E       fun_g(__warp_subexpr_0)
E       ^*********************^
E   /home/greg/dev/nethermind/warp/tests/semantic/solidity/test/libsolidity/semanticTests/array/push/push_no_args_bytes.cairo.temp:457:29: (pc=0:3525)
E       let (var_i : Uint256) = __warp_loop_0(var_i, var_x)
E                               ^*************************^
E   /home/greg/dev/nethermind/warp/tests/semantic/solidity/test/libsolidity/semanticTests/array/push/push_no_args_bytes.cairo.temp:447:29: (pc=0:3504)
E       let (var_i : Uint256) = __warp_loop_body_0(var_i)
E                               ^***********************^
E   /home/greg/dev/nethermind/warp/tests/semantic/solidity/test/libsolidity/semanticTests/array/push/push_no_args_bytes.cairo.temp:415:46: (pc=0:3333)
E       let (slot : Uint256, offset : Uint256) = storage_array_index_access_bytes_ptr(oldLen)
E                                                ^******************************************^
E   /home/greg/dev/nethermind/warp/tests/semantic/solidity/test/libsolidity/semanticTests/array/push/push_no_args_bytes.cairo.temp:279:35: (pc=0:2856)
E       let (arrayLength : Uint256) = extract_byte_array_length(__warp_subexpr_0)
E                                     ^*****************************************^

During handling of the above exception, another exception occurred:
tests/semantic/test_semantics.py:161: in test_semantics
    res = await invoke_method_evm_calldata(starknet, contract_address, argument)
../../../warp_dev/lib/python3.7/site-packages/sol_warp-0.2.12-py3.7.egg/yul/starknet_utils.py:30: in invoke_method_evm_calldata
    caller_address=0,
../../../warp_dev/lib/python3.7/site-packages/cairo_lang-0.6.2-py3.7.egg/starkware/starknet/testing/state.py:153: in invoke_raw
    state=state_copy, general_config=self.general_config
../../../warp_dev/lib/python3.7/site-packages/cairo_lang-0.6.2-py3.7.egg/starkware/starknet/business_logic/internal_transaction_interface.py:213: in apply_state_updates
    state=state_to_update, general_config=general_config
../../../warp_dev/lib/python3.7/site-packages/cairo_lang-0.6.2-py3.7.egg/starkware/starknet/business_logic/internal_transaction.py:405: in _apply_specific_state_updates
    func=_synchronous_apply_specific_state_updates,
/usr/lib/python3.7/concurrent/futures/thread.py:57: in run
    result = self.fn(*self.args, **self.kwargs)
../../../warp_dev/lib/python3.7/site-packages/cairo_lang-0.6.2-py3.7.egg/starkware/starknet/business_logic/internal_transaction.py:433: in _synchronous_apply_specific_state_updates
    run_resources=run_resources,
../../../warp_dev/lib/python3.7/site-packages/cairo_lang-0.6.2-py3.7.egg/starkware/starknet/business_logic/internal_transaction.py:559: in _run
    raise StarkException(code=code, message=str(exception))
E   starkware.starkware_utils.error_handling.StarkException: (500, {'code': <StarknetErrorCode.TRANSACTION_FAILED: 28>, 'message': '/home/greg/dev/nethermind/warp/tests/semantic/solidity/test/libsolidity/semanticTests/array/push/push_no_args_bytes.cairo.temp:119:9: Error at pc=0:2352:\nAn ASSERT_EQ instruction failed: 1 != 0.\n        assert 0 = 1\n        ^**********^\nCairo traceback (most recent call last):\n/home/greg/dev/nethermind/warp/tests/semantic/solidity/test/libsolidity/semanticTests/array/push/push_no_args_bytes.cairo.temp:52:6: (pc=0:2188)\nfunc __main{\n     ^****^\n/home/greg/dev/nethermind/warp/tests/semantic/solidity/test/libsolidity/semanticTests/array/push/push_no_args_bytes.cairo.temp:66:9: (pc=0:2127)\n        __main_meat()\n        ^***********^\n/home/greg/dev/nethermind/warp/tests/semantic/solidity/test/libsolidity/semanticTests/array/push/push_no_args_bytes.cairo.temp:872:5: (pc=0:4910)\n    __warp_if_6(__warp_subexpr_0)\n    ^***************************^\n/home/greg/dev/nethermind/warp/tests/semantic/solidity/test/libsolidity/semanticTests/array/push/push_no_args_bytes.cairo.temp:856:9: (pc=0:4864)\n        __warp_block_19()\n        ^***************^\n/home/greg/dev/nethermind/warp/tests/semantic/solidity/test/libsolidity/semanticTests/array/push/push_no_args_bytes.cairo.temp:846:5: (pc=0:4839)\n    __warp_block_20()\n    ^***************^\n/home/greg/dev/nethermind/warp/tests/semantic/solidity/test/libsolidity/semanticTests/array/push/push_no_args_bytes.cairo.temp:837:5: (pc=0:4826)\n    __warp_block_21(match_var)\n    ^************************^\n/home/greg/dev/nethermind/warp/tests/semantic/solidity/test/libsolidity/semanticTests/array/push/push_no_args_bytes.cairo.temp:826:5: (pc=0:4791)\n    __warp_if_7(__warp_subexpr_0, match_var)\n    ^**************************************^\n/home/greg/dev/nethermind/warp/tests/semantic/solidity/test/libsolidity/semanticTests/array/push/push_no_args_bytes.cairo.temp:815:9: (pc=0:4754)\n        __warp_block_30(match_var)\n        ^************************^\n/home/greg/dev/nethermind/warp/tests/semantic/solidity/test/libsolidity/semanticTests/array/push/push_no_args_bytes.cairo.temp:802:5: (pc=0:4736)\n    __warp_if_10(__warp_subexpr_0, match_var)\n    ^***************************************^\n/home/greg/dev/nethermind/warp/tests/semantic/solidity/test/libsolidity/semanticTests/array/push/push_no_args_bytes.cairo.temp:788:9: (pc=0:4710)\n        __warp_block_31()\n        ^***************^\n/home/greg/dev/nethermind/warp/tests/semantic/solidity/test/libsolidity/semanticTests/array/push/push_no_args_bytes.cairo.temp:698:5: (pc=0:4393)\n    fun_g(__warp_subexpr_0)\n    ^*********************^\n/home/greg/dev/nethermind/warp/tests/semantic/solidity/test/libsolidity/semanticTests/array/push/push_no_args_bytes.cairo.temp:457:29: (pc=0:3525)\n    let (var_i : Uint256) = __warp_loop_0(var_i, var_x)\n                            ^*************************^\n/home/greg/dev/nethermind/warp/tests/semantic/solidity/test/libsolidity/semanticTests/array/push/push_no_args_bytes.cairo.temp:447:29: (pc=0:3504)\n    let (var_i : Uint256) = __warp_loop_body_0(var_i)\n                            ^***********************^\n/home/greg/dev/nethermind/warp/tests/semantic/solidity/test/libsolidity/semanticTests/array/push/push_no_args_bytes.cairo.temp:415:46: (pc=0:3333)\n    let (slot : Uint256, offset : Uint256) = storage_array_index_access_bytes_ptr(oldLen)\n                                             ^******************************************^\n/home/greg/dev/nethermind/warp/tests/semantic/solidity/test/libsolidity/semanticTests/array/push/push_no_args_bytes.cairo.temp:279:35: (pc=0:2856)\n    let (arrayLength : Uint256) = extract_byte_array_length(__warp_subexpr_0)\n                                  ^*****************************************^'})
------------------------------------------------------------------------------------------------------------------- Captured stdout call -------------------------------------------------------------------------------------------------------------------
{'callData': '0xe420264a0000000000000000000000000000000000000000000000000000000000000046', 'expectations': '0x', 'failure': False, 'signature': 'g(uint256)'}
------------------------------------------------------------------------------------------------------------------- Captured stderr call -------------------------------------------------------------------------------------------------------------------
Warning: SPDX license identifier not provided in source file. Before publishing, consider adding a comment containing "SPDX-License-Identifier: <SPDX-License>" to each source file. Use "SPDX-License-Identifier: UNLICENSED" for non-open-source code. Please see https://spdx.org for more information.
--> tests/semantic/solidity/test/libsolidity/semanticTests/inheritance/super_in_constructor_marked.sol

Warning: Function state mutability can be restricted to view
  --> tests/semantic/solidity/test/libsolidity/semanticTests/inheritance/super_in_constructor_marked.sol:22:5:
   |
22 |     function f() public override (B, C) returns (uint256 r) {
   |     ^ (Relevant source part starts here and spans across multiple lines).

___________________________________________________ test_semantics[/home/greg/dev/nethermind/warp/tests/semantic/solidity/test/libsolidity/semanticTests/array/push/array_push_nested_from_calldata.sol] ___________________________________________________
FAILURE: /home/greg/dev/nethermind/warp/tests/semantic/solidity/test/libsolidity/semanticTests/array/push/array_push_nested_from_calldata.cairo.temp
assert '0x0000000000...fffffffffffff' == '0x0000000000...0000000000001'
  - 0x0000000000000000000000000000000000000000000000000000000000000001
  + 0x0000000000000000000000000000000000ffffffffffffffffffffffffffffff
tests/semantic/test_semantics.py:173 in test_semantics() -> check.equal(final_res, expected_result, cairo_file_path)
------------------------------------------------------------
Failed Checks: 1
------------------------------------------------------------------------------------------------------------------- Captured stderr call -------------------------------------------------------------------------------------------------------------------
Warning: SPDX license identifier not provided in source file. Before publishing, consider adding a comment containing "SPDX-License-Identifier: <SPDX-License>" to each source file. Use "SPDX-License-Identifier: UNLICENSED" for non-open-source code. Please see https://spdx.org for more information.
--> tests/semantic/solidity/test/libsolidity/semanticTests/inheritance/base_access_to_function_type_variables_marked.sol

________________________________________________________ test_semantics[/home/greg/dev/nethermind/warp/tests/semantic/solidity/test/libsolidity/semanticTests/inheritance/member_notation_ctor.sol] ________________________________________________________
tests/semantic/test_semantics.py:126: in test_semantics
    contract_file, get_last_contract(contract_file)
../../../warp_dev/lib/python3.7/site-packages/sol_warp-0.2.12-py3.7.egg/yul/main.py:49: in transpile_from_solidity
    output = get_for_contract(sol_src_path_modified, main_contract, ["abi"])
../../../warp_dev/lib/python3.7/site-packages/sol_warp-0.2.12-py3.7.egg/yul/utils.py:136: in get_for_contract
    get_source_version(sol_source)
../../../warp_dev/lib/python3.7/site-packages/sol_warp-0.2.12-py3.7.egg/yul/utils.py:146: in get_source_version
    with open(sol_source) as f:
E   FileNotFoundError: [Errno 2] No such file or directory: '/home/greg/dev/nethermind/warp/tests/semantic/solidity/test/libsolidity/semanticTests/inheritance/member_notation_ctor_marked.sol'
___________________________________________ test_semantics[/home/greg/dev/nethermind/warp/tests/semantic/solidity/test/libsolidity/semanticTests/inheritance/inherited_function_calldata_calldata_interface.sol] ___________________________________________
tests/semantic/test_semantics.py:126: in test_semantics
    contract_file, get_last_contract(contract_file)
../../../warp_dev/lib/python3.7/site-packages/sol_warp-0.2.12-py3.7.egg/yul/main.py:53: in transpile_from_solidity
    codes = json.loads(result.stdout)
/usr/lib/python3.7/json/__init__.py:348: in loads
    return _default_decoder.decode(s)
/usr/lib/python3.7/json/decoder.py:337: in decode
    obj, end = self.raw_decode(s, idx=_w(s, 0).end())
/usr/lib/python3.7/json/decoder.py:355: in raw_decode
    raise JSONDecodeError("Expecting value", s, err.value) from None
E   json.decoder.JSONDecodeError: Expecting value: line 1 column 1 (char 0)
------------------------------------------------------------------------------------------------------------------- Captured stdout call -------------------------------------------------------------------------------------------------------------------
{'callData': '0xece866b9', 'expectations': '0x0000000000000000000000000000000000000000000000000000000000000002', 'failure': False, 'signature': 'l()'}
{'callData': '0x45b069740000000000000000000000000000000000000000000000000000000000000001', 'expectations': '0x0000000000000000000000000000000000000000000000000000000000000055', 'failure': False, 'signature': 'll(uint256)'}
------------------------------------------------------------------------------------------------------------------- Captured stderr call -------------------------------------------------------------------------------------------------------------------
Warning: SPDX license identifier not provided in source file. Before publishing, consider adding a comment containing "SPDX-License-Identifier: <SPDX-License>" to each source file. Use "SPDX-License-Identifier: UNLICENSED" for non-open-source code. Please see https://spdx.org for more information.
--> tests/semantic/solidity/test/libsolidity/semanticTests/inheritance/inherited_function_calldata_calldata_interface_marked.sol

Warning: Unused function parameter. Remove or comment out the variable name to silence this warning.
 --> tests/semantic/solidity/test/libsolidity/semanticTests/inheritance/inherited_function_calldata_calldata_interface_marked.sol:6:16:
  |
6 |     function f(uint256[] calldata a) external override returns (uint256) {
  |                ^^^^^^^^^^^^^^^^^^^^

Warning: Function state mutability can be restricted to pure
 --> tests/semantic/solidity/test/libsolidity/semanticTests/inheritance/inherited_function_calldata_calldata_interface_marked.sol:6:5:
  |
6 |     function f(uint256[] calldata a) external override returns (uint256) {
  |     ^ (Relevant source part starts here and spans across multiple lines).

Warning: Function state mutability can be restricted to pure
  --> tests/semantic/solidity/test/libsolidity/semanticTests/inheritance/inherited_function_calldata_calldata_interface_marked.sol:11:5:
   |
11 |     function f(uint256[] memory a) public returns (uint256) {
   |     ^ (Relevant source part starts here and spans across multiple lines).

___________________________________________________________ test_semantics[/home/greg/dev/nethermind/warp/tests/semantic/solidity/test/libsolidity/semanticTests/array/push/push_no_args_2d.sol] ___________________________________________________________
FAILURE: /home/greg/dev/nethermind/warp/tests/semantic/solidity/test/libsolidity/semanticTests/array/push/push_no_args_2d.cairo.temp
assert '0xffffffffff...fffffffffffc0' == '0x0000000000...0000000000040'
  - 0x0000000000000000000000000000000000000000000000000000000000000040
  + 0xffffffffffffffffffffffffffffffffffffffffffffffffffffffffffffffc0
tests/semantic/test_semantics.py:173 in test_semantics() -> check.equal(final_res, expected_result, cairo_file_path)
FAILURE: /home/greg/dev/nethermind/warp/tests/semantic/solidity/test/libsolidity/semanticTests/array/push/push_no_args_2d.cairo.temp
assert '0xffffffffff...fffffffffffc0' == '0x0000000000...0000000000040'
  - 0x0000000000000000000000000000000000000000000000000000000000000040
  + 0xffffffffffffffffffffffffffffffffffffffffffffffffffffffffffffffc0
tests/semantic/test_semantics.py:173 in test_semantics() -> check.equal(final_res, expected_result, cairo_file_path)
FAILURE: /home/greg/dev/nethermind/warp/tests/semantic/solidity/test/libsolidity/semanticTests/array/push/push_no_args_2d.cairo.temp
assert '0xffffffffff...fffffffffff80' == '0x0000000000...0000000000080'
  - 0x0000000000000000000000000000000000000000000000000000000000000080
  + 0xffffffffffffffffffffffffffffffffffffffffffffffffffffffffffffff80
tests/semantic/test_semantics.py:173 in test_semantics() -> check.equal(final_res, expected_result, cairo_file_path)
FAILURE: /home/greg/dev/nethermind/warp/tests/semantic/solidity/test/libsolidity/semanticTests/array/push/push_no_args_2d.cairo.temp
assert '0xffffffffff...ffffffffffe00' == '0x0000000000...0000000000200'
  - 0x0000000000000000000000000000000000000000000000000000000000000200
  + 0xfffffffffffffffffffffffffffffffffffffffffffffffffffffffffffffe00
tests/semantic/test_semantics.py:173 in test_semantics() -> check.equal(final_res, expected_result, cairo_file_path)
------------------------------------------------------------
Failed Checks: 4
------------------------------------------------------------------------------------------------------------------- Captured stdout call -------------------------------------------------------------------------------------------------------------------
{'callData': '0x773d45e00000000000000000000000000000000000000000000000000000000000000000000000000000000000000000000000000000000000000000000000000000002a', 'expectations': '0x0000000000000000000000000000000000000000000000000000000000000040', 'failure': False, 'signature': 'a(uint256,uint256)'}
{'callData': '0x773d45e000000000000000000000000000000000000000000000000000000000000000010000000000000000000000000000000000000000000000000000000000000054', 'expectations': '0x0000000000000000000000000000000000000000000000000000000000000080', 'failure': False, 'signature': 'a(uint256,uint256)'}
{'callData': '0xb997a7b90000000000000000000000000000000000000000000000000000000000000200', 'expectations': '0x', 'failure': False, 'signature': 'lv(uint256)'}
{'callData': '0x5197c7aa', 'expectations': '0x0000000000000000000000000000000000000000000000000000000000000000', 'failure': False, 'signature': 'getX()'}
{'callData': '0xa0fc49940000000000000000000000000000000000000000000000000000000000000005', 'expectations': '0x', 'failure': False, 'signature': 'setX(int256)'}
{'callData': '0x773d45e000000000000000000000000000000000000000000000000000000000000000020000000000000000000000000000000000000000000000000000000000000000', 'expectations': '0x0000000000000000000000000000000000000000000000000000000000000200', 'failure': False, 'signature': 'a(uint256,uint256)'}
{'callData': '0x5197c7aa', 'expectations': '0x0000000000000000000000000000000000000000000000000000000000000005', 'failure': False, 'signature': 'getX()'}
------------------------------------------------------------------------------------------------------------------- Captured stderr call -------------------------------------------------------------------------------------------------------------------
Warning: SPDX license identifier not provided in source file. Before publishing, consider adding a comment containing "SPDX-License-Identifier: <SPDX-License>" to each source file. Use "SPDX-License-Identifier: UNLICENSED" for non-open-source code. Please see https://spdx.org for more information.
--> tests/semantic/solidity/test/libsolidity/semanticTests/inheritance/inherited_function_through_dispatch_marked.sol

Warning: Function state mutability can be restricted to pure
 --> tests/semantic/solidity/test/libsolidity/semanticTests/inheritance/inherited_function_through_dispatch_marked.sol:8:5:
  |
8 |     function f() internal override returns (uint256) {
  |     ^ (Relevant source part starts here and spans across multiple lines).

______________________________________________________ test_semantics[/home/greg/dev/nethermind/warp/tests/semantic/solidity/test/libsolidity/semanticTests/userDefinedValueType/storage_layout.sol] _______________________________________________________
FAILURE: /home/greg/dev/nethermind/warp/tests/semantic/solidity/test/libsolidity/semanticTests/userDefinedValueType/storage_layout.cairo.temp
assert '0x0000000000...0000000000002' == '0x0000000000...0000000000002'
  - 0x00000000000000000000000000000000000000000000000000000000000000000000000000000000000000000000000000000000000000000000000000000002
  ?                                                                  ^
  + 0x00000000000000000000000000000000000000000000000000000000000000010000000000000000000000000000000000000000000000000000000000000002
  ?                                                                  ^
tests/semantic/test_semantics.py:173 in test_semantics() -> check.equal(final_res, expected_result, cairo_file_path)
FAILURE: /home/greg/dev/nethermind/warp/tests/semantic/solidity/test/libsolidity/semanticTests/userDefinedValueType/storage_layout.cairo.temp
assert '0x0000000000...0000000000000' == '0x0000000000...0000000000003'
  - 0x00000000000000000000000000000000000000000000000000000000000000000000000000000000000000000000000000000000000000000000000000000003
  ?                                                                                                                                  -
  + 0x00000000000000000000000000000000000000000000000000000000000000010000000000000000000000000000000000000000000000000000000000000000
  ?                                                                  +
tests/semantic/test_semantics.py:173 in test_semantics() -> check.equal(final_res, expected_result, cairo_file_path)
FAILURE: /home/greg/dev/nethermind/warp/tests/semantic/solidity/test/libsolidity/semanticTests/userDefinedValueType/storage_layout.cairo.temp
assert '0x0000000000...0000000000000' == '0x0000000000...0000000000000'
  - 0x00000000000000000000000000000000000000000000000000000000000000010000000000000000000000000000000000000000000000000000000000000000
  ?                                                                  ^
  + 0x00000000000000000000000000000000000000000000000000000000000000020000000000000000000000000000000000000000000000000000000000000000
  ?                                                                  ^
tests/semantic/test_semantics.py:173 in test_semantics() -> check.equal(final_res, expected_result, cairo_file_path)
FAILURE: /home/greg/dev/nethermind/warp/tests/semantic/solidity/test/libsolidity/semanticTests/userDefinedValueType/storage_layout.cairo.temp
assert '0x0000000000...0000000000000' == '0x0000000000...0000000000000'
  - 0x00000000000000000000000000000000000000000000000000000000000000020000000000000000000000000000000000000000000000000000000000000000
  ?                                                                  ^
  + 0x00000000000000000000000000000000000000000000000000000000000000030000000000000000000000000000000000000000000000000000000000000000
  ?                                                                  ^
tests/semantic/test_semantics.py:173 in test_semantics() -> check.equal(final_res, expected_result, cairo_file_path)
FAILURE: /home/greg/dev/nethermind/warp/tests/semantic/solidity/test/libsolidity/semanticTests/userDefinedValueType/storage_layout.cairo.temp
assert '0x0000000000...0000000000000' == '0x0000000000...0000000000014'
  - 0x00000000000000000000000000000000000000000000000000000000000000020000000000000000000000000000000000000000000000000000000000000014
  ?                                                                  ^                                                              ^^
  + 0x00000000000000000000000000000000000000000000000000000000000000040000000000000000000000000000000000000000000000000000000000000000
  ?                                                                  ^                                                              ^^
tests/semantic/test_semantics.py:173 in test_semantics() -> check.equal(final_res, expected_result, cairo_file_path)
------------------------------------------------------------
Failed Checks: 5
------------------------------------------------------------------------------------------------------------------- Captured stdout call -------------------------------------------------------------------------------------------------------------------
{'callData': '0xf9af1515', 'expectations': '0x00000000000000000000000000000000000000000000000000000000000000000000000000000000000000000000000000000000000000000000000000000002', 'failure': False, 'signature': 'storage_c()'}
{'callData': '0xc23dba9a', 'expectations': '0x00000000000000000000000000000000000000000000000000000000000000000000000000000000000000000000000000000000000000000000000000000003', 'failure': False, 'signature': 'storage_d()'}
{'callData': '0x04067eb7', 'expectations': '0x00000000000000000000000000000000000000000000000000000000000000010000000000000000000000000000000000000000000000000000000000000000', 'failure': False, 'signature': 'storage_e()'}
{'callData': '0x8ebf979f', 'expectations': '0x00000000000000000000000000000000000000000000000000000000000000020000000000000000000000000000000000000000000000000000000000000000', 'failure': False, 'signature': 'storage_f()'}
{'callData': '0x7d8699c5', 'expectations': '0x00000000000000000000000000000000000000000000000000000000000000020000000000000000000000000000000000000000000000000000000000000014', 'failure': False, 'signature': 'storage_g()'}
------------------------------------------------------------------------------------------------------------------- Captured stderr call -------------------------------------------------------------------------------------------------------------------
Warning: SPDX license identifier not provided in source file. Before publishing, consider adding a comment containing "SPDX-License-Identifier: <SPDX-License>" to each source file. Use "SPDX-License-Identifier: UNLICENSED" for non-open-source code. Please see https://spdx.org for more information.
--> tests/semantic/solidity/test/libsolidity/semanticTests/inheritance/overloaded_function_call_resolve_to_second_marked.sol

Warning: Function state mutability can be restricted to pure
 --> tests/semantic/solidity/test/libsolidity/semanticTests/inheritance/overloaded_function_call_resolve_to_second_marked.sol:3:5:
  |
3 |     function f(uint256 a, uint256 b) public returns (uint256 d) {
  |     ^ (Relevant source part starts here and spans across multiple lines).

Warning: Function state mutability can be restricted to pure
 --> tests/semantic/solidity/test/libsolidity/semanticTests/inheritance/overloaded_function_call_resolve_to_second_marked.sol:6:5:
  |
6 |     function f(uint256 k) public returns (uint256 d) {
  |     ^ (Relevant source part starts here and spans across multiple lines).

Warning: SPDX license identifier not provided in source file. Before publishing, consider adding a comment containing "SPDX-License-Identifier: <SPDX-License>" to each source file. Use "SPDX-License-Identifier: UNLICENSED" for non-open-source code. Please see https://spdx.org for more information.
--> tests/semantic/solidity/test/libsolidity/semanticTests/inheritance/overloaded_function_call_with_if_else_marked.sol

Warning: Function state mutability can be restricted to pure
 --> tests/semantic/solidity/test/libsolidity/semanticTests/inheritance/overloaded_function_call_with_if_else_marked.sol:3:5:
  |
3 |     function f(uint256 a, uint256 b) public returns (uint256 d) {
  |     ^ (Relevant source part starts here and spans across multiple lines).

Warning: Function state mutability can be restricted to pure
 --> tests/semantic/solidity/test/libsolidity/semanticTests/inheritance/overloaded_function_call_with_if_else_marked.sol:6:5:
  |
6 |     function f(uint256 k) public returns (uint256 d) {
  |     ^ (Relevant source part starts here and spans across multiple lines).

________________________________________________________________ test_semantics[/home/greg/dev/nethermind/warp/tests/semantic/solidity/test/libsolidity/semanticTests/tryCatch/trivial.sol] ________________________________________________________________
../../../warp_dev/lib/python3.7/site-packages/cairo_lang-0.6.2-py3.7.egg/starkware/starknet/business_logic/internal_transaction.py:539: in _run
    verify_secure=True,
../../../warp_dev/lib/python3.7/site-packages/cairo_lang-0.6.2-py3.7.egg/starkware/cairo/common/cairo_function_runner.py:199: in run_from_entrypoint
    self.run_until_pc(addr=end, run_resources=run_resources)
../../../warp_dev/lib/python3.7/site-packages/cairo_lang-0.6.2-py3.7.egg/starkware/cairo/lang/vm/cairo_runner.py:284: in run_until_pc
    self.vm_step()
../../../warp_dev/lib/python3.7/site-packages/cairo_lang-0.6.2-py3.7.egg/starkware/cairo/lang/vm/cairo_runner.py:298: in vm_step
    self.vm.step()
../../../warp_dev/lib/python3.7/site-packages/cairo_lang-0.6.2-py3.7.egg/starkware/cairo/lang/vm/virtual_machine_base.py:241: in step
    self.exec_hint(hint.compiled, exec_locals, hint_index=hint_index)
../../../warp_dev/lib/python3.7/site-packages/cairo_lang-0.6.2-py3.7.egg/starkware/cairo/lang/vm/virtual_machine_base.py:281: in exec_hint
    ) from None
E   starkware.cairo.lang.vm.vm_exceptions.VmException: /home/greg/warp_dev/lib/python3.7/site-packages/cairo_lang-0.6.2-py3.7.egg/starkware/starknet/common/syscalls.cairo:50:5: Error at pc=0:148:
E   Got an exception while executing a hint.
E       %{ syscall_handler.call_contract(segments=segments, syscall_ptr=ids.syscall_ptr) %}
E       ^*********************************************************************************^
E   Cairo traceback (most recent call last):
E   /home/greg/dev/nethermind/warp/tests/semantic/solidity/test/libsolidity/semanticTests/tryCatch/trivial.cairo.temp:39:6: (pc=0:2073)
E   func __main{bitwise_ptr : BitwiseBuiltin*, range_check_ptr, syscall_ptr : felt*}(
E        ^****^
E   /home/greg/dev/nethermind/warp/tests/semantic/solidity/test/libsolidity/semanticTests/tryCatch/trivial.cairo.temp:52:9: (pc=0:2015)
E           __main_meat()
E           ^***********^
E   /home/greg/dev/nethermind/warp/tests/semantic/solidity/test/libsolidity/semanticTests/tryCatch/trivial.cairo.temp:301:5: (pc=0:2852)
E       __warp_if_1(__warp_subexpr_0)
E       ^***************************^
E   /home/greg/dev/nethermind/warp/tests/semantic/solidity/test/libsolidity/semanticTests/tryCatch/trivial.cairo.temp:286:9: (pc=0:2807)
E           __warp_block_3()
E           ^**************^
E   /home/greg/dev/nethermind/warp/tests/semantic/solidity/test/libsolidity/semanticTests/tryCatch/trivial.cairo.temp:276:5: (pc=0:2784)
E       __warp_block_4(match_var)
E       ^***********************^
E   /home/greg/dev/nethermind/warp/tests/semantic/solidity/test/libsolidity/semanticTests/tryCatch/trivial.cairo.temp:266:5: (pc=0:2750)
E       __warp_if_2(__warp_subexpr_0, match_var)
E       ^**************************************^
E   /home/greg/dev/nethermind/warp/tests/semantic/solidity/test/libsolidity/semanticTests/tryCatch/trivial.cairo.temp:253:9: (pc=0:2725)
E           __warp_block_5()
E           ^**************^
E   /home/greg/dev/nethermind/warp/tests/semantic/solidity/test/libsolidity/semanticTests/tryCatch/trivial.cairo.temp:203:41: (pc=0:2546)
E       let (ret__warp_mangled : Uint256) = fun_f(__warp_subexpr_0)
E                                           ^*********************^
E   /home/greg/dev/nethermind/warp/tests/semantic/solidity/test/libsolidity/semanticTests/tryCatch/trivial.cairo.temp:181:43: (pc=0:2480)
E       let (trySuccessCondition : Uint256) = staticcall(
E                                             ^*********^
E   /home/greg/dev/nethermind/warp/warp/cairo-src/evm/yul_api.cairo:52:12: (pc=0:1874)
E       return warp_call(gas, address, Uint256(0, 0), in_offset, in_size, out_offset, out_size)
E              ^******************************************************************************^
E   /home/greg/dev/nethermind/warp/warp/cairo-src/evm/yul_api.cairo:42:21: (pc=0:1848)
E       let (success) = general_call(
E                       ^***********^
E   /home/greg/dev/nethermind/warp/warp/cairo-src/evm/calls.cairo:84:5: (pc=0:1724)
E       call abs call_function
E       ^********************^
E   
E   Error in the called contract (0x18b5c6dff539a9d9ff5a9a51b3d3c88c65143a3cf2d1432c95d541303e8233c):
E   /home/greg/dev/nethermind/warp/tests/semantic/solidity/test/libsolidity/semanticTests/tryCatch/trivial.cairo.temp:218:9: Error at pc=0:2618:
E   An ASSERT_EQ instruction failed: 1 != 0.
E           assert 0 = 1
E           ^**********^
E   Cairo traceback (most recent call last):
E   /home/greg/dev/nethermind/warp/tests/semantic/solidity/test/libsolidity/semanticTests/tryCatch/trivial.cairo.temp:39:6: (pc=0:2073)
E   func __main{bitwise_ptr : BitwiseBuiltin*, range_check_ptr, syscall_ptr : felt*}(
E        ^****^
E   /home/greg/dev/nethermind/warp/tests/semantic/solidity/test/libsolidity/semanticTests/tryCatch/trivial.cairo.temp:52:9: (pc=0:2015)
E           __main_meat()
E           ^***********^
E   /home/greg/dev/nethermind/warp/tests/semantic/solidity/test/libsolidity/semanticTests/tryCatch/trivial.cairo.temp:301:5: (pc=0:2852)
E       __warp_if_1(__warp_subexpr_0)
E       ^***************************^
E   /home/greg/dev/nethermind/warp/tests/semantic/solidity/test/libsolidity/semanticTests/tryCatch/trivial.cairo.temp:286:9: (pc=0:2807)
E           __warp_block_3()
E           ^**************^
E   /home/greg/dev/nethermind/warp/tests/semantic/solidity/test/libsolidity/semanticTests/tryCatch/trivial.cairo.temp:276:5: (pc=0:2784)
E       __warp_block_4(match_var)
E       ^***********************^
E   /home/greg/dev/nethermind/warp/tests/semantic/solidity/test/libsolidity/semanticTests/tryCatch/trivial.cairo.temp:266:5: (pc=0:2750)
E       __warp_if_2(__warp_subexpr_0, match_var)
E       ^**************************************^
E   /home/greg/dev/nethermind/warp/tests/semantic/solidity/test/libsolidity/semanticTests/tryCatch/trivial.cairo.temp:256:9: (pc=0:2708)
E           __warp_block_6(match_var)
E           ^***********************^
E   /home/greg/dev/nethermind/warp/tests/semantic/solidity/test/libsolidity/semanticTests/tryCatch/trivial.cairo.temp:243:5: (pc=0:2692)
E       __warp_if_3(__warp_subexpr_0)
E       ^***************************^
E   /home/greg/dev/nethermind/warp/tests/semantic/solidity/test/libsolidity/semanticTests/tryCatch/trivial.cairo.temp:231:9: (pc=0:2670)
E           __warp_block_7()
E           ^**************^

During handling of the above exception, another exception occurred:
tests/semantic/test_semantics.py:161: in test_semantics
    res = await invoke_method_evm_calldata(starknet, contract_address, argument)
../../../warp_dev/lib/python3.7/site-packages/sol_warp-0.2.12-py3.7.egg/yul/starknet_utils.py:30: in invoke_method_evm_calldata
    caller_address=0,
../../../warp_dev/lib/python3.7/site-packages/cairo_lang-0.6.2-py3.7.egg/starkware/starknet/testing/state.py:153: in invoke_raw
    state=state_copy, general_config=self.general_config
../../../warp_dev/lib/python3.7/site-packages/cairo_lang-0.6.2-py3.7.egg/starkware/starknet/business_logic/internal_transaction_interface.py:213: in apply_state_updates
    state=state_to_update, general_config=general_config
../../../warp_dev/lib/python3.7/site-packages/cairo_lang-0.6.2-py3.7.egg/starkware/starknet/business_logic/internal_transaction.py:405: in _apply_specific_state_updates
    func=_synchronous_apply_specific_state_updates,
/usr/lib/python3.7/concurrent/futures/thread.py:57: in run
    result = self.fn(*self.args, **self.kwargs)
../../../warp_dev/lib/python3.7/site-packages/cairo_lang-0.6.2-py3.7.egg/starkware/starknet/business_logic/internal_transaction.py:433: in _synchronous_apply_specific_state_updates
    run_resources=run_resources,
../../../warp_dev/lib/python3.7/site-packages/cairo_lang-0.6.2-py3.7.egg/starkware/starknet/business_logic/internal_transaction.py:559: in _run
    raise StarkException(code=code, message=str(exception))
E   starkware.starkware_utils.error_handling.StarkException: (500, {'code': <StarknetErrorCode.TRANSACTION_FAILED: 28>, 'message': '/home/greg/warp_dev/lib/python3.7/site-packages/cairo_lang-0.6.2-py3.7.egg/starkware/starknet/common/syscalls.cairo:50:5: Error at pc=0:148:\nGot an exception while executing a hint.\n    %{ syscall_handler.call_contract(segments=segments, syscall_ptr=ids.syscall_ptr) %}\n    ^*********************************************************************************^\nCairo traceback (most recent call last):\n/home/greg/dev/nethermind/warp/tests/semantic/solidity/test/libsolidity/semanticTests/tryCatch/trivial.cairo.temp:39:6: (pc=0:2073)\nfunc __main{bitwise_ptr : BitwiseBuiltin*, range_check_ptr, syscall_ptr : felt*}(\n     ^****^\n/home/greg/dev/nethermind/warp/tests/semantic/solidity/test/libsolidity/semanticTests/tryCatch/trivial.cairo.temp:52:9: (pc=0:2015)\n        __main_meat()\n        ^***********^\n/home/greg/dev/nethermind/warp/tests/semantic/solidity/test/libsolidity/semanticTests/tryCatch/trivial.cairo.temp:301:5: (pc=0:2852)\n    __warp_if_1(__warp_subexpr_0)\n    ^***************************^\n/home/greg/dev/nethermind/warp/tests/semantic/solidity/test/libsolidity/semanticTests/tryCatch/trivial.cairo.temp:286:9: (pc=0:2807)\n        __warp_block_3()\n        ^**************^\n/home/greg/dev/nethermind/warp/tests/semantic/solidity/test/libsolidity/semanticTests/tryCatch/trivial.cairo.temp:276:5: (pc=0:2784)\n    __warp_block_4(match_var)\n    ^***********************^\n/home/greg/dev/nethermind/warp/tests/semantic/solidity/test/libsolidity/semanticTests/tryCatch/trivial.cairo.temp:266:5: (pc=0:2750)\n    __warp_if_2(__warp_subexpr_0, match_var)\n    ^**************************************^\n/home/greg/dev/nethermind/warp/tests/semantic/solidity/test/libsolidity/semanticTests/tryCatch/trivial.cairo.temp:253:9: (pc=0:2725)\n        __warp_block_5()\n        ^**************^\n/home/greg/dev/nethermind/warp/tests/semantic/solidity/test/libsolidity/semanticTests/tryCatch/trivial.cairo.temp:203:41: (pc=0:2546)\n    let (ret__warp_mangled : Uint256) = fun_f(__warp_subexpr_0)\n                                        ^*********************^\n/home/greg/dev/nethermind/warp/tests/semantic/solidity/test/libsolidity/semanticTests/tryCatch/trivial.cairo.temp:181:43: (pc=0:2480)\n    let (trySuccessCondition : Uint256) = staticcall(\n                                          ^*********^\n/home/greg/dev/nethermind/warp/warp/cairo-src/evm/yul_api.cairo:52:12: (pc=0:1874)\n    return warp_call(gas, address, Uint256(0, 0), in_offset, in_size, out_offset, out_size)\n           ^******************************************************************************^\n/home/greg/dev/nethermind/warp/warp/cairo-src/evm/yul_api.cairo:42:21: (pc=0:1848)\n    let (success) = general_call(\n                    ^***********^\n/home/greg/dev/nethermind/warp/warp/cairo-src/evm/calls.cairo:84:5: (pc=0:1724)\n    call abs call_function\n    ^********************^\n\nError in the called contract (0x18b5c6dff539a9d9ff5a9a51b3d3c88c65143a3cf2d1432c95d541303e8233c):\n/home/greg/dev/nethermind/warp/tests/semantic/solidity/test/libsolidity/semanticTests/tryCatch/trivial.cairo.temp:218:9: Error at pc=0:2618:\nAn ASSERT_EQ instruction failed: 1 != 0.\n        assert 0 = 1\n        ^**********^\nCairo traceback (most recent call last):\n/home/greg/dev/nethermind/warp/tests/semantic/solidity/test/libsolidity/semanticTests/tryCatch/trivial.cairo.temp:39:6: (pc=0:2073)\nfunc __main{bitwise_ptr : BitwiseBuiltin*, range_check_ptr, syscall_ptr : felt*}(\n     ^****^\n/home/greg/dev/nethermind/warp/tests/semantic/solidity/test/libsolidity/semanticTests/tryCatch/trivial.cairo.temp:52:9: (pc=0:2015)\n        __main_meat()\n        ^***********^\n/home/greg/dev/nethermind/warp/tests/semantic/solidity/test/libsolidity/semanticTests/tryCatch/trivial.cairo.temp:301:5: (pc=0:2852)\n    __warp_if_1(__warp_subexpr_0)\n    ^***************************^\n/home/greg/dev/nethermind/warp/tests/semantic/solidity/test/libsolidity/semanticTests/tryCatch/trivial.cairo.temp:286:9: (pc=0:2807)\n        __warp_block_3()\n        ^**************^\n/home/greg/dev/nethermind/warp/tests/semantic/solidity/test/libsolidity/semanticTests/tryCatch/trivial.cairo.temp:276:5: (pc=0:2784)\n    __warp_block_4(match_var)\n    ^***********************^\n/home/greg/dev/nethermind/warp/tests/semantic/solidity/test/libsolidity/semanticTests/tryCatch/trivial.cairo.temp:266:5: (pc=0:2750)\n    __warp_if_2(__warp_subexpr_0, match_var)\n    ^**************************************^\n/home/greg/dev/nethermind/warp/tests/semantic/solidity/test/libsolidity/semanticTests/tryCatch/trivial.cairo.temp:256:9: (pc=0:2708)\n        __warp_block_6(match_var)\n        ^***********************^\n/home/greg/dev/nethermind/warp/tests/semantic/solidity/test/libsolidity/semanticTests/tryCatch/trivial.cairo.temp:243:5: (pc=0:2692)\n    __warp_if_3(__warp_subexpr_0)\n    ^***************************^\n/home/greg/dev/nethermind/warp/tests/semantic/solidity/test/libsolidity/semanticTests/tryCatch/trivial.cairo.temp:231:9: (pc=0:2670)\n        __warp_block_7()\n        ^**************^'})
------------------------------------------------------------------------------------------------------------------- Captured stdout call -------------------------------------------------------------------------------------------------------------------
{'callData': '0x98c3a6c10000000000000000000000000000000000000000000000000000000000000001', 'expectations': '0x0000000000000000000000000000000000000000000000000000000000000001', 'failure': False, 'signature': 'f(bool)'}
{'callData': '0x98c3a6c10000000000000000000000000000000000000000000000000000000000000000', 'expectations': '0x0000000000000000000000000000000000000000000000000000000000000002', 'failure': False, 'signature': 'f(bool)'}
------------------------------------------------------------------------------------------------------------------- Captured stderr call -------------------------------------------------------------------------------------------------------------------
Warning: SPDX license identifier not provided in source file. Before publishing, consider adding a comment containing "SPDX-License-Identifier: <SPDX-License>" to each source file. Use "SPDX-License-Identifier: UNLICENSED" for non-open-source code. Please see https://spdx.org for more information.
--> tests/semantic/solidity/test/libsolidity/semanticTests/inheritance/inherited_function_marked.sol

Warning: Function state mutability can be restricted to pure
 --> tests/semantic/solidity/test/libsolidity/semanticTests/inheritance/inherited_function_marked.sol:8:5:
  |
8 |     function f() internal override returns (uint256) {
  |     ^ (Relevant source part starts here and spans across multiple lines).

______________________________________________________ test_semantics[/home/greg/dev/nethermind/warp/tests/semantic/solidity/test/libsolidity/semanticTests/array/pop/array_pop_array_transition.sol] ______________________________________________________
FAILURE: /home/greg/dev/nethermind/warp/tests/semantic/solidity/test/libsolidity/semanticTests/array/pop/array_pop_array_transition.cairo.temp
assert '0x0000000000...000000000fffd' == '0x0000000000...0000000000003'
  - 0x000000000000000000000000000000000000000000000000000000000000000100000000000000000000000000000000000000000000000000000000000000020000000000000000000000000000000000000000000000000000000000000003
  ?                                                               ^^^^                                                            ^^^^                                                            ^^^^
  + 0x000000000000000000000000000000000000000000000000000000000000ffff000000000000000000000000000000000000000000000000000000000000fffe0000000000000000000000000000000000000000000000000000...
  
  ...Full output truncated (2 lines hidden), use '-vv' to show
tests/semantic/test_semantics.py:173 in test_semantics() -> check.equal(final_res, expected_result, cairo_file_path)
------------------------------------------------------------
Failed Checks: 1
------------------------------------------------------------------------------------------------------------------- Captured stdout call -------------------------------------------------------------------------------------------------------------------
{'callData': '0x98c3a6c10000000000000000000000000000000000000000000000000000000000000001', 'expectations': '0x00000000000000000000000000000000000000000000000000000000000000010000000000000000000000000000000000000000000000000000000000000002', 'failure': False, 'signature': 'f(bool)'}
________________________________________________________________ test_semantics[/home/greg/dev/nethermind/warp/tests/semantic/solidity/test/libsolidity/semanticTests/tryCatch/simple.sol] _________________________________________________________________
../../../warp_dev/lib/python3.7/site-packages/cairo_lang-0.6.2-py3.7.egg/starkware/starknet/business_logic/internal_transaction.py:539: in _run
    verify_secure=True,
../../../warp_dev/lib/python3.7/site-packages/cairo_lang-0.6.2-py3.7.egg/starkware/cairo/common/cairo_function_runner.py:199: in run_from_entrypoint
    self.run_until_pc(addr=end, run_resources=run_resources)
../../../warp_dev/lib/python3.7/site-packages/cairo_lang-0.6.2-py3.7.egg/starkware/cairo/lang/vm/cairo_runner.py:284: in run_until_pc
    self.vm_step()
../../../warp_dev/lib/python3.7/site-packages/cairo_lang-0.6.2-py3.7.egg/starkware/cairo/lang/vm/cairo_runner.py:298: in vm_step
    self.vm.step()
../../../warp_dev/lib/python3.7/site-packages/cairo_lang-0.6.2-py3.7.egg/starkware/cairo/lang/vm/virtual_machine_base.py:241: in step
    self.exec_hint(hint.compiled, exec_locals, hint_index=hint_index)
../../../warp_dev/lib/python3.7/site-packages/cairo_lang-0.6.2-py3.7.egg/starkware/cairo/lang/vm/virtual_machine_base.py:281: in exec_hint
    ) from None
E   starkware.cairo.lang.vm.vm_exceptions.VmException: /home/greg/warp_dev/lib/python3.7/site-packages/cairo_lang-0.6.2-py3.7.egg/starkware/starknet/common/syscalls.cairo:50:5: Error at pc=0:148:
E   Got an exception while executing a hint.
E       %{ syscall_handler.call_contract(segments=segments, syscall_ptr=ids.syscall_ptr) %}
E       ^*********************************************************************************^
E   Cairo traceback (most recent call last):
E   /home/greg/dev/nethermind/warp/tests/semantic/solidity/test/libsolidity/semanticTests/tryCatch/simple.cairo.temp:43:6: (pc=0:2078)
E   func __main{bitwise_ptr : BitwiseBuiltin*, range_check_ptr, syscall_ptr : felt*}(
E        ^****^
E   /home/greg/dev/nethermind/warp/tests/semantic/solidity/test/libsolidity/semanticTests/tryCatch/simple.cairo.temp:56:9: (pc=0:2020)
E           __main_meat()
E           ^***********^
E   /home/greg/dev/nethermind/warp/tests/semantic/solidity/test/libsolidity/semanticTests/tryCatch/simple.cairo.temp:346:5: (pc=0:2965)
E       __warp_if_0(__warp_subexpr_0)
E       ^***************************^
E   /home/greg/dev/nethermind/warp/tests/semantic/solidity/test/libsolidity/semanticTests/tryCatch/simple.cairo.temp:331:9: (pc=0:2920)
E           __warp_block_0()
E           ^**************^
E   /home/greg/dev/nethermind/warp/tests/semantic/solidity/test/libsolidity/semanticTests/tryCatch/simple.cairo.temp:321:5: (pc=0:2897)
E       __warp_block_1()
E       ^**************^
E   /home/greg/dev/nethermind/warp/tests/semantic/solidity/test/libsolidity/semanticTests/tryCatch/simple.cairo.temp:313:5: (pc=0:2885)
E       __warp_block_2(match_var)
E       ^***********************^
E   /home/greg/dev/nethermind/warp/tests/semantic/solidity/test/libsolidity/semanticTests/tryCatch/simple.cairo.temp:303:5: (pc=0:2851)
E       __warp_if_1(__warp_subexpr_0, match_var)
E       ^**************************************^
E   /home/greg/dev/nethermind/warp/tests/semantic/solidity/test/libsolidity/semanticTests/tryCatch/simple.cairo.temp:290:9: (pc=0:2826)
E           __warp_block_3()
E           ^**************^
E   /home/greg/dev/nethermind/warp/tests/semantic/solidity/test/libsolidity/semanticTests/tryCatch/simple.cairo.temp:228:43: (pc=0:2605)
E       let (trySuccessCondition : Uint256) = staticcall(
E                                             ^*********^
E   /home/greg/dev/nethermind/warp/warp/cairo-src/evm/yul_api.cairo:52:12: (pc=0:1874)
E       return warp_call(gas, address, Uint256(0, 0), in_offset, in_size, out_offset, out_size)
E              ^******************************************************************************^
E   /home/greg/dev/nethermind/warp/warp/cairo-src/evm/yul_api.cairo:42:21: (pc=0:1848)
E       let (success) = general_call(
E                       ^***********^
E   /home/greg/dev/nethermind/warp/warp/cairo-src/evm/calls.cairo:84:5: (pc=0:1724)
E       call abs call_function
E       ^********************^
E   
E   Error in the called contract (0x48f8c618385aa202a9ad7c2dececb8aa0a425be29b4efc33719805db29e1f65):
E   /home/greg/dev/nethermind/warp/tests/semantic/solidity/test/libsolidity/semanticTests/tryCatch/simple.cairo.temp:130:9: Error at pc=0:2315:
E   An ASSERT_EQ instruction failed: 1 != 0.
E           assert 0 = 1
E           ^**********^
E   Cairo traceback (most recent call last):
E   /home/greg/dev/nethermind/warp/tests/semantic/solidity/test/libsolidity/semanticTests/tryCatch/simple.cairo.temp:43:6: (pc=0:2078)
E   func __main{bitwise_ptr : BitwiseBuiltin*, range_check_ptr, syscall_ptr : felt*}(
E        ^****^
E   /home/greg/dev/nethermind/warp/tests/semantic/solidity/test/libsolidity/semanticTests/tryCatch/simple.cairo.temp:56:9: (pc=0:2020)
E           __main_meat()
E           ^***********^
E   /home/greg/dev/nethermind/warp/tests/semantic/solidity/test/libsolidity/semanticTests/tryCatch/simple.cairo.temp:346:5: (pc=0:2965)
E       __warp_if_0(__warp_subexpr_0)
E       ^***************************^
E   /home/greg/dev/nethermind/warp/tests/semantic/solidity/test/libsolidity/semanticTests/tryCatch/simple.cairo.temp:331:9: (pc=0:2920)
E           __warp_block_0()
E           ^**************^
E   /home/greg/dev/nethermind/warp/tests/semantic/solidity/test/libsolidity/semanticTests/tryCatch/simple.cairo.temp:321:5: (pc=0:2897)
E       __warp_block_1()
E       ^**************^
E   /home/greg/dev/nethermind/warp/tests/semantic/solidity/test/libsolidity/semanticTests/tryCatch/simple.cairo.temp:313:5: (pc=0:2885)
E       __warp_block_2(match_var)
E       ^***********************^
E   /home/greg/dev/nethermind/warp/tests/semantic/solidity/test/libsolidity/semanticTests/tryCatch/simple.cairo.temp:303:5: (pc=0:2851)
E       __warp_if_1(__warp_subexpr_0, match_var)
E       ^**************************************^
E   /home/greg/dev/nethermind/warp/tests/semantic/solidity/test/libsolidity/semanticTests/tryCatch/simple.cairo.temp:293:9: (pc=0:2809)
E           __warp_block_7(match_var)
E           ^***********************^
E   /home/greg/dev/nethermind/warp/tests/semantic/solidity/test/libsolidity/semanticTests/tryCatch/simple.cairo.temp:280:5: (pc=0:2793)
E       __warp_if_4(__warp_subexpr_0)
E       ^***************************^
E   /home/greg/dev/nethermind/warp/tests/semantic/solidity/test/libsolidity/semanticTests/tryCatch/simple.cairo.temp:268:9: (pc=0:2771)
E           __warp_block_8()
E           ^**************^
E   /home/greg/dev/nethermind/warp/tests/semantic/solidity/test/libsolidity/semanticTests/tryCatch/simple.cairo.temp:254:58: (pc=0:2701)
E       let (ret__warp_mangled : Uint256, ret_1 : Uint256) = fun_g(__warp_subexpr_0)
E                                                            ^*********************^

During handling of the above exception, another exception occurred:
tests/semantic/test_semantics.py:161: in test_semantics
    res = await invoke_method_evm_calldata(starknet, contract_address, argument)
../../../warp_dev/lib/python3.7/site-packages/sol_warp-0.2.12-py3.7.egg/yul/starknet_utils.py:30: in invoke_method_evm_calldata
    caller_address=0,
../../../warp_dev/lib/python3.7/site-packages/cairo_lang-0.6.2-py3.7.egg/starkware/starknet/testing/state.py:153: in invoke_raw
    state=state_copy, general_config=self.general_config
../../../warp_dev/lib/python3.7/site-packages/cairo_lang-0.6.2-py3.7.egg/starkware/starknet/business_logic/internal_transaction_interface.py:213: in apply_state_updates
    state=state_to_update, general_config=general_config
../../../warp_dev/lib/python3.7/site-packages/cairo_lang-0.6.2-py3.7.egg/starkware/starknet/business_logic/internal_transaction.py:405: in _apply_specific_state_updates
    func=_synchronous_apply_specific_state_updates,
/usr/lib/python3.7/concurrent/futures/thread.py:57: in run
    result = self.fn(*self.args, **self.kwargs)
../../../warp_dev/lib/python3.7/site-packages/cairo_lang-0.6.2-py3.7.egg/starkware/starknet/business_logic/internal_transaction.py:433: in _synchronous_apply_specific_state_updates
    run_resources=run_resources,
../../../warp_dev/lib/python3.7/site-packages/cairo_lang-0.6.2-py3.7.egg/starkware/starknet/business_logic/internal_transaction.py:559: in _run
    raise StarkException(code=code, message=str(exception))
E   starkware.starkware_utils.error_handling.StarkException: (500, {'code': <StarknetErrorCode.TRANSACTION_FAILED: 28>, 'message': '/home/greg/warp_dev/lib/python3.7/site-packages/cairo_lang-0.6.2-py3.7.egg/starkware/starknet/common/syscalls.cairo:50:5: Error at pc=0:148:\nGot an exception while executing a hint.\n    %{ syscall_handler.call_contract(segments=segments, syscall_ptr=ids.syscall_ptr) %}\n    ^*********************************************************************************^\nCairo traceback (most recent call last):\n/home/greg/dev/nethermind/warp/tests/semantic/solidity/test/libsolidity/semanticTests/tryCatch/simple.cairo.temp:43:6: (pc=0:2078)\nfunc __main{bitwise_ptr : BitwiseBuiltin*, range_check_ptr, syscall_ptr : felt*}(\n     ^****^\n/home/greg/dev/nethermind/warp/tests/semantic/solidity/test/libsolidity/semanticTests/tryCatch/simple.cairo.temp:56:9: (pc=0:2020)\n        __main_meat()\n        ^***********^\n/home/greg/dev/nethermind/warp/tests/semantic/solidity/test/libsolidity/semanticTests/tryCatch/simple.cairo.temp:346:5: (pc=0:2965)\n    __warp_if_0(__warp_subexpr_0)\n    ^***************************^\n/home/greg/dev/nethermind/warp/tests/semantic/solidity/test/libsolidity/semanticTests/tryCatch/simple.cairo.temp:331:9: (pc=0:2920)\n        __warp_block_0()\n        ^**************^\n/home/greg/dev/nethermind/warp/tests/semantic/solidity/test/libsolidity/semanticTests/tryCatch/simple.cairo.temp:321:5: (pc=0:2897)\n    __warp_block_1()\n    ^**************^\n/home/greg/dev/nethermind/warp/tests/semantic/solidity/test/libsolidity/semanticTests/tryCatch/simple.cairo.temp:313:5: (pc=0:2885)\n    __warp_block_2(match_var)\n    ^***********************^\n/home/greg/dev/nethermind/warp/tests/semantic/solidity/test/libsolidity/semanticTests/tryCatch/simple.cairo.temp:303:5: (pc=0:2851)\n    __warp_if_1(__warp_subexpr_0, match_var)\n    ^**************************************^\n/home/greg/dev/nethermind/warp/tests/semantic/solidity/test/libsolidity/semanticTests/tryCatch/simple.cairo.temp:290:9: (pc=0:2826)\n        __warp_block_3()\n        ^**************^\n/home/greg/dev/nethermind/warp/tests/semantic/solidity/test/libsolidity/semanticTests/tryCatch/simple.cairo.temp:228:43: (pc=0:2605)\n    let (trySuccessCondition : Uint256) = staticcall(\n                                          ^*********^\n/home/greg/dev/nethermind/warp/warp/cairo-src/evm/yul_api.cairo:52:12: (pc=0:1874)\n    return warp_call(gas, address, Uint256(0, 0), in_offset, in_size, out_offset, out_size)\n           ^******************************************************************************^\n/home/greg/dev/nethermind/warp/warp/cairo-src/evm/yul_api.cairo:42:21: (pc=0:1848)\n    let (success) = general_call(\n                    ^***********^\n/home/greg/dev/nethermind/warp/warp/cairo-src/evm/calls.cairo:84:5: (pc=0:1724)\n    call abs call_function\n    ^********************^\n\nError in the called contract (0x48f8c618385aa202a9ad7c2dececb8aa0a425be29b4efc33719805db29e1f65):\n/home/greg/dev/nethermind/warp/tests/semantic/solidity/test/libsolidity/semanticTests/tryCatch/simple.cairo.temp:130:9: Error at pc=0:2315:\nAn ASSERT_EQ instruction failed: 1 != 0.\n        assert 0 = 1\n        ^**********^\nCairo traceback (most recent call last):\n/home/greg/dev/nethermind/warp/tests/semantic/solidity/test/libsolidity/semanticTests/tryCatch/simple.cairo.temp:43:6: (pc=0:2078)\nfunc __main{bitwise_ptr : BitwiseBuiltin*, range_check_ptr, syscall_ptr : felt*}(\n     ^****^\n/home/greg/dev/nethermind/warp/tests/semantic/solidity/test/libsolidity/semanticTests/tryCatch/simple.cairo.temp:56:9: (pc=0:2020)\n        __main_meat()\n        ^***********^\n/home/greg/dev/nethermind/warp/tests/semantic/solidity/test/libsolidity/semanticTests/tryCatch/simple.cairo.temp:346:5: (pc=0:2965)\n    __warp_if_0(__warp_subexpr_0)\n    ^***************************^\n/home/greg/dev/nethermind/warp/tests/semantic/solidity/test/libsolidity/semanticTests/tryCatch/simple.cairo.temp:331:9: (pc=0:2920)\n        __warp_block_0()\n        ^**************^\n/home/greg/dev/nethermind/warp/tests/semantic/solidity/test/libsolidity/semanticTests/tryCatch/simple.cairo.temp:321:5: (pc=0:2897)\n    __warp_block_1()\n    ^**************^\n/home/greg/dev/nethermind/warp/tests/semantic/solidity/test/libsolidity/semanticTests/tryCatch/simple.cairo.temp:313:5: (pc=0:2885)\n    __warp_block_2(match_var)\n    ^***********************^\n/home/greg/dev/nethermind/warp/tests/semantic/solidity/test/libsolidity/semanticTests/tryCatch/simple.cairo.temp:303:5: (pc=0:2851)\n    __warp_if_1(__warp_subexpr_0, match_var)\n    ^**************************************^\n/home/greg/dev/nethermind/warp/tests/semantic/solidity/test/libsolidity/semanticTests/tryCatch/simple.cairo.temp:293:9: (pc=0:2809)\n        __warp_block_7(match_var)\n        ^***********************^\n/home/greg/dev/nethermind/warp/tests/semantic/solidity/test/libsolidity/semanticTests/tryCatch/simple.cairo.temp:280:5: (pc=0:2793)\n    __warp_if_4(__warp_subexpr_0)\n    ^***************************^\n/home/greg/dev/nethermind/warp/tests/semantic/solidity/test/libsolidity/semanticTests/tryCatch/simple.cairo.temp:268:9: (pc=0:2771)\n        __warp_block_8()\n        ^**************^\n/home/greg/dev/nethermind/warp/tests/semantic/solidity/test/libsolidity/semanticTests/tryCatch/simple.cairo.temp:254:58: (pc=0:2701)\n    let (ret__warp_mangled : Uint256, ret_1 : Uint256) = fun_g(__warp_subexpr_0)\n                                                         ^*********************^'})
------------------------------------------------------------------------------------------------------------------- Captured stdout call -------------------------------------------------------------------------------------------------------------------
{'callData': '0x98c3a6c10000000000000000000000000000000000000000000000000000000000000000', 'expectations': '0x0000000000000000000000000000000000000000000000000000000000000009000000000000000000000000000000000000000000000000000000000000000a', 'failure': False, 'signature': 'f(bool)'}
------------------------------------------------------------------------------------------------------------------- Captured stderr call -------------------------------------------------------------------------------------------------------------------
Warning: SPDX license identifier not provided in source file. Before publishing, consider adding a comment containing "SPDX-License-Identifier: <SPDX-License>" to each source file. Use "SPDX-License-Identifier: UNLICENSED" for non-open-source code. Please see https://spdx.org for more information.
--> tests/semantic/solidity/test/libsolidity/semanticTests/inheritance/access_base_storage_marked.sol

Warning: Function state mutability can be restricted to view
 --> tests/semantic/solidity/test/libsolidity/semanticTests/inheritance/access_base_storage_marked.sol:4:5:
  |
4 |     function getViaBase() public returns (uint256 i) {
  |     ^ (Relevant source part starts here and spans across multiple lines).

Warning: Function state mutability can be restricted to view
  --> tests/semantic/solidity/test/libsolidity/semanticTests/inheritance/access_base_storage_marked.sol:15:5:
   |
15 |     function getViaDerived() public returns (uint256 base, uint256 derived) {
   |     ^ (Relevant source part starts here and spans across multiple lines).

________________________________________________________________ test_semantics[/home/greg/dev/nethermind/warp/tests/semantic/solidity/test/libsolidity/semanticTests/tryCatch/assert.sol] _________________________________________________________________
../../../warp_dev/lib/python3.7/site-packages/cairo_lang-0.6.2-py3.7.egg/starkware/starknet/business_logic/internal_transaction.py:539: in _run
    verify_secure=True,
../../../warp_dev/lib/python3.7/site-packages/cairo_lang-0.6.2-py3.7.egg/starkware/cairo/common/cairo_function_runner.py:199: in run_from_entrypoint
    self.run_until_pc(addr=end, run_resources=run_resources)
../../../warp_dev/lib/python3.7/site-packages/cairo_lang-0.6.2-py3.7.egg/starkware/cairo/lang/vm/cairo_runner.py:284: in run_until_pc
    self.vm_step()
../../../warp_dev/lib/python3.7/site-packages/cairo_lang-0.6.2-py3.7.egg/starkware/cairo/lang/vm/cairo_runner.py:298: in vm_step
    self.vm.step()
../../../warp_dev/lib/python3.7/site-packages/cairo_lang-0.6.2-py3.7.egg/starkware/cairo/lang/vm/virtual_machine_base.py:241: in step
    self.exec_hint(hint.compiled, exec_locals, hint_index=hint_index)
../../../warp_dev/lib/python3.7/site-packages/cairo_lang-0.6.2-py3.7.egg/starkware/cairo/lang/vm/virtual_machine_base.py:281: in exec_hint
    ) from None
E   starkware.cairo.lang.vm.vm_exceptions.VmException: /home/greg/warp_dev/lib/python3.7/site-packages/cairo_lang-0.6.2-py3.7.egg/starkware/starknet/common/syscalls.cairo:50:5: Error at pc=0:148:
E   Got an exception while executing a hint.
E       %{ syscall_handler.call_contract(segments=segments, syscall_ptr=ids.syscall_ptr) %}
E       ^*********************************************************************************^
E   Cairo traceback (most recent call last):
E   /home/greg/dev/nethermind/warp/tests/semantic/solidity/test/libsolidity/semanticTests/tryCatch/assert.cairo.temp:39:6: (pc=0:2073)
E   func __main{bitwise_ptr : BitwiseBuiltin*, range_check_ptr, syscall_ptr : felt*}(
E        ^****^
E   /home/greg/dev/nethermind/warp/tests/semantic/solidity/test/libsolidity/semanticTests/tryCatch/assert.cairo.temp:52:9: (pc=0:2015)
E           __main_meat()
E           ^***********^
E   /home/greg/dev/nethermind/warp/tests/semantic/solidity/test/libsolidity/semanticTests/tryCatch/assert.cairo.temp:301:5: (pc=0:2852)
E       __warp_if_1(__warp_subexpr_0)
E       ^***************************^
E   /home/greg/dev/nethermind/warp/tests/semantic/solidity/test/libsolidity/semanticTests/tryCatch/assert.cairo.temp:286:9: (pc=0:2807)
E           __warp_block_3()
E           ^**************^
E   /home/greg/dev/nethermind/warp/tests/semantic/solidity/test/libsolidity/semanticTests/tryCatch/assert.cairo.temp:276:5: (pc=0:2784)
E       __warp_block_4(match_var)
E       ^***********************^
E   /home/greg/dev/nethermind/warp/tests/semantic/solidity/test/libsolidity/semanticTests/tryCatch/assert.cairo.temp:266:5: (pc=0:2750)
E       __warp_if_2(__warp_subexpr_0, match_var)
E       ^**************************************^
E   /home/greg/dev/nethermind/warp/tests/semantic/solidity/test/libsolidity/semanticTests/tryCatch/assert.cairo.temp:253:9: (pc=0:2725)
E           __warp_block_5()
E           ^**************^
E   /home/greg/dev/nethermind/warp/tests/semantic/solidity/test/libsolidity/semanticTests/tryCatch/assert.cairo.temp:203:41: (pc=0:2546)
E       let (ret__warp_mangled : Uint256) = fun_f(__warp_subexpr_0)
E                                           ^*********************^
E   /home/greg/dev/nethermind/warp/tests/semantic/solidity/test/libsolidity/semanticTests/tryCatch/assert.cairo.temp:181:43: (pc=0:2480)
E       let (trySuccessCondition : Uint256) = staticcall(
E                                             ^*********^
E   /home/greg/dev/nethermind/warp/warp/cairo-src/evm/yul_api.cairo:52:12: (pc=0:1874)
E       return warp_call(gas, address, Uint256(0, 0), in_offset, in_size, out_offset, out_size)
E              ^******************************************************************************^
E   /home/greg/dev/nethermind/warp/warp/cairo-src/evm/yul_api.cairo:42:21: (pc=0:1848)
E       let (success) = general_call(
E                       ^***********^
E   /home/greg/dev/nethermind/warp/warp/cairo-src/evm/calls.cairo:84:5: (pc=0:1724)
E       call abs call_function
E       ^********************^
E   
E   Error in the called contract (0x39faa2d7cc1ab12a39bd1bca773a646421efa5cc372a3aac88e3201364a5f63):
E   /home/greg/dev/nethermind/warp/tests/semantic/solidity/test/libsolidity/semanticTests/tryCatch/assert.cairo.temp:218:9: Error at pc=0:2618:
E   An ASSERT_EQ instruction failed: 1 != 0.
E           assert 0 = 1
E           ^**********^
E   Cairo traceback (most recent call last):
E   /home/greg/dev/nethermind/warp/tests/semantic/solidity/test/libsolidity/semanticTests/tryCatch/assert.cairo.temp:39:6: (pc=0:2073)
E   func __main{bitwise_ptr : BitwiseBuiltin*, range_check_ptr, syscall_ptr : felt*}(
E        ^****^
E   /home/greg/dev/nethermind/warp/tests/semantic/solidity/test/libsolidity/semanticTests/tryCatch/assert.cairo.temp:52:9: (pc=0:2015)
E           __main_meat()
E           ^***********^
E   /home/greg/dev/nethermind/warp/tests/semantic/solidity/test/libsolidity/semanticTests/tryCatch/assert.cairo.temp:301:5: (pc=0:2852)
E       __warp_if_1(__warp_subexpr_0)
E       ^***************************^
E   /home/greg/dev/nethermind/warp/tests/semantic/solidity/test/libsolidity/semanticTests/tryCatch/assert.cairo.temp:286:9: (pc=0:2807)
E           __warp_block_3()
E           ^**************^
E   /home/greg/dev/nethermind/warp/tests/semantic/solidity/test/libsolidity/semanticTests/tryCatch/assert.cairo.temp:276:5: (pc=0:2784)
E       __warp_block_4(match_var)
E       ^***********************^
E   /home/greg/dev/nethermind/warp/tests/semantic/solidity/test/libsolidity/semanticTests/tryCatch/assert.cairo.temp:266:5: (pc=0:2750)
E       __warp_if_2(__warp_subexpr_0, match_var)
E       ^**************************************^
E   /home/greg/dev/nethermind/warp/tests/semantic/solidity/test/libsolidity/semanticTests/tryCatch/assert.cairo.temp:256:9: (pc=0:2708)
E           __warp_block_6(match_var)
E           ^***********************^
E   /home/greg/dev/nethermind/warp/tests/semantic/solidity/test/libsolidity/semanticTests/tryCatch/assert.cairo.temp:243:5: (pc=0:2692)
E       __warp_if_3(__warp_subexpr_0)
E       ^***************************^
E   /home/greg/dev/nethermind/warp/tests/semantic/solidity/test/libsolidity/semanticTests/tryCatch/assert.cairo.temp:231:9: (pc=0:2670)
E           __warp_block_7()
E           ^**************^

During handling of the above exception, another exception occurred:
tests/semantic/test_semantics.py:161: in test_semantics
    res = await invoke_method_evm_calldata(starknet, contract_address, argument)
../../../warp_dev/lib/python3.7/site-packages/sol_warp-0.2.12-py3.7.egg/yul/starknet_utils.py:30: in invoke_method_evm_calldata
    caller_address=0,
../../../warp_dev/lib/python3.7/site-packages/cairo_lang-0.6.2-py3.7.egg/starkware/starknet/testing/state.py:153: in invoke_raw
    state=state_copy, general_config=self.general_config
../../../warp_dev/lib/python3.7/site-packages/cairo_lang-0.6.2-py3.7.egg/starkware/starknet/business_logic/internal_transaction_interface.py:213: in apply_state_updates
    state=state_to_update, general_config=general_config
../../../warp_dev/lib/python3.7/site-packages/cairo_lang-0.6.2-py3.7.egg/starkware/starknet/business_logic/internal_transaction.py:405: in _apply_specific_state_updates
    func=_synchronous_apply_specific_state_updates,
/usr/lib/python3.7/concurrent/futures/thread.py:57: in run
    result = self.fn(*self.args, **self.kwargs)
../../../warp_dev/lib/python3.7/site-packages/cairo_lang-0.6.2-py3.7.egg/starkware/starknet/business_logic/internal_transaction.py:433: in _synchronous_apply_specific_state_updates
    run_resources=run_resources,
../../../warp_dev/lib/python3.7/site-packages/cairo_lang-0.6.2-py3.7.egg/starkware/starknet/business_logic/internal_transaction.py:559: in _run
    raise StarkException(code=code, message=str(exception))
E   starkware.starkware_utils.error_handling.StarkException: (500, {'code': <StarknetErrorCode.TRANSACTION_FAILED: 28>, 'message': '/home/greg/warp_dev/lib/python3.7/site-packages/cairo_lang-0.6.2-py3.7.egg/starkware/starknet/common/syscalls.cairo:50:5: Error at pc=0:148:\nGot an exception while executing a hint.\n    %{ syscall_handler.call_contract(segments=segments, syscall_ptr=ids.syscall_ptr) %}\n    ^*********************************************************************************^\nCairo traceback (most recent call last):\n/home/greg/dev/nethermind/warp/tests/semantic/solidity/test/libsolidity/semanticTests/tryCatch/assert.cairo.temp:39:6: (pc=0:2073)\nfunc __main{bitwise_ptr : BitwiseBuiltin*, range_check_ptr, syscall_ptr : felt*}(\n     ^****^\n/home/greg/dev/nethermind/warp/tests/semantic/solidity/test/libsolidity/semanticTests/tryCatch/assert.cairo.temp:52:9: (pc=0:2015)\n        __main_meat()\n        ^***********^\n/home/greg/dev/nethermind/warp/tests/semantic/solidity/test/libsolidity/semanticTests/tryCatch/assert.cairo.temp:301:5: (pc=0:2852)\n    __warp_if_1(__warp_subexpr_0)\n    ^***************************^\n/home/greg/dev/nethermind/warp/tests/semantic/solidity/test/libsolidity/semanticTests/tryCatch/assert.cairo.temp:286:9: (pc=0:2807)\n        __warp_block_3()\n        ^**************^\n/home/greg/dev/nethermind/warp/tests/semantic/solidity/test/libsolidity/semanticTests/tryCatch/assert.cairo.temp:276:5: (pc=0:2784)\n    __warp_block_4(match_var)\n    ^***********************^\n/home/greg/dev/nethermind/warp/tests/semantic/solidity/test/libsolidity/semanticTests/tryCatch/assert.cairo.temp:266:5: (pc=0:2750)\n    __warp_if_2(__warp_subexpr_0, match_var)\n    ^**************************************^\n/home/greg/dev/nethermind/warp/tests/semantic/solidity/test/libsolidity/semanticTests/tryCatch/assert.cairo.temp:253:9: (pc=0:2725)\n        __warp_block_5()\n        ^**************^\n/home/greg/dev/nethermind/warp/tests/semantic/solidity/test/libsolidity/semanticTests/tryCatch/assert.cairo.temp:203:41: (pc=0:2546)\n    let (ret__warp_mangled : Uint256) = fun_f(__warp_subexpr_0)\n                                        ^*********************^\n/home/greg/dev/nethermind/warp/tests/semantic/solidity/test/libsolidity/semanticTests/tryCatch/assert.cairo.temp:181:43: (pc=0:2480)\n    let (trySuccessCondition : Uint256) = staticcall(\n                                          ^*********^\n/home/greg/dev/nethermind/warp/warp/cairo-src/evm/yul_api.cairo:52:12: (pc=0:1874)\n    return warp_call(gas, address, Uint256(0, 0), in_offset, in_size, out_offset, out_size)\n           ^******************************************************************************^\n/home/greg/dev/nethermind/warp/warp/cairo-src/evm/yul_api.cairo:42:21: (pc=0:1848)\n    let (success) = general_call(\n                    ^***********^\n/home/greg/dev/nethermind/warp/warp/cairo-src/evm/calls.cairo:84:5: (pc=0:1724)\n    call abs call_function\n    ^********************^\n\nError in the called contract (0x39faa2d7cc1ab12a39bd1bca773a646421efa5cc372a3aac88e3201364a5f63):\n/home/greg/dev/nethermind/warp/tests/semantic/solidity/test/libsolidity/semanticTests/tryCatch/assert.cairo.temp:218:9: Error at pc=0:2618:\nAn ASSERT_EQ instruction failed: 1 != 0.\n        assert 0 = 1\n        ^**********^\nCairo traceback (most recent call last):\n/home/greg/dev/nethermind/warp/tests/semantic/solidity/test/libsolidity/semanticTests/tryCatch/assert.cairo.temp:39:6: (pc=0:2073)\nfunc __main{bitwise_ptr : BitwiseBuiltin*, range_check_ptr, syscall_ptr : felt*}(\n     ^****^\n/home/greg/dev/nethermind/warp/tests/semantic/solidity/test/libsolidity/semanticTests/tryCatch/assert.cairo.temp:52:9: (pc=0:2015)\n        __main_meat()\n        ^***********^\n/home/greg/dev/nethermind/warp/tests/semantic/solidity/test/libsolidity/semanticTests/tryCatch/assert.cairo.temp:301:5: (pc=0:2852)\n    __warp_if_1(__warp_subexpr_0)\n    ^***************************^\n/home/greg/dev/nethermind/warp/tests/semantic/solidity/test/libsolidity/semanticTests/tryCatch/assert.cairo.temp:286:9: (pc=0:2807)\n        __warp_block_3()\n        ^**************^\n/home/greg/dev/nethermind/warp/tests/semantic/solidity/test/libsolidity/semanticTests/tryCatch/assert.cairo.temp:276:5: (pc=0:2784)\n    __warp_block_4(match_var)\n    ^***********************^\n/home/greg/dev/nethermind/warp/tests/semantic/solidity/test/libsolidity/semanticTests/tryCatch/assert.cairo.temp:266:5: (pc=0:2750)\n    __warp_if_2(__warp_subexpr_0, match_var)\n    ^**************************************^\n/home/greg/dev/nethermind/warp/tests/semantic/solidity/test/libsolidity/semanticTests/tryCatch/assert.cairo.temp:256:9: (pc=0:2708)\n        __warp_block_6(match_var)\n        ^***********************^\n/home/greg/dev/nethermind/warp/tests/semantic/solidity/test/libsolidity/semanticTests/tryCatch/assert.cairo.temp:243:5: (pc=0:2692)\n    __warp_if_3(__warp_subexpr_0)\n    ^***************************^\n/home/greg/dev/nethermind/warp/tests/semantic/solidity/test/libsolidity/semanticTests/tryCatch/assert.cairo.temp:231:9: (pc=0:2670)\n        __warp_block_7()\n        ^**************^'})
------------------------------------------------------------------------------------------------------------------- Captured stdout call -------------------------------------------------------------------------------------------------------------------
{'callData': '0x98c3a6c10000000000000000000000000000000000000000000000000000000000000001', 'expectations': '0x0000000000000000000000000000000000000000000000000000000000000001', 'failure': False, 'signature': 'f(bool)'}
{'callData': '0x98c3a6c10000000000000000000000000000000000000000000000000000000000000000', 'expectations': '0x0000000000000000000000000000000000000000000000000000000000000002', 'failure': False, 'signature': 'f(bool)'}
------------------------------------------------------------------------------------------------------------------- Captured stderr call -------------------------------------------------------------------------------------------------------------------
Warning: SPDX license identifier not provided in source file. Before publishing, consider adding a comment containing "SPDX-License-Identifier: <SPDX-License>" to each source file. Use "SPDX-License-Identifier: UNLICENSED" for non-open-source code. Please see https://spdx.org for more information.
--> tests/semantic/solidity/test/libsolidity/semanticTests/inheritance/derived_overload_base_function_direct_marked.sol

Warning: Function state mutability can be restricted to pure
 --> tests/semantic/solidity/test/libsolidity/semanticTests/inheritance/derived_overload_base_function_direct_marked.sol:3:5:
  |
3 |     function f() public returns (uint256) {
  |     ^ (Relevant source part starts here and spans across multiple lines).

Warning: Function state mutability can be restricted to pure
 --> tests/semantic/solidity/test/libsolidity/semanticTests/inheritance/derived_overload_base_function_direct_marked.sol:8:5:
  |
8 |     function f(uint256 i) public returns (uint256) {
  |     ^ (Relevant source part starts here and spans across multiple lines).

Warning: SPDX license identifier not provided in source file. Before publishing, consider adding a comment containing "SPDX-License-Identifier: <SPDX-License>" to each source file. Use "SPDX-License-Identifier: UNLICENSED" for non-open-source code. Please see https://spdx.org for more information.
--> tests/semantic/solidity/test/libsolidity/semanticTests/inheritance/pass_dynamic_arguments_to_the_base_marked.sol

_____________________________________________________________ test_semantics[/home/greg/dev/nethermind/warp/tests/semantic/solidity/test/libsolidity/semanticTests/tryCatch/super_trivial.sol] _____________________________________________________________
../../../warp_dev/lib/python3.7/site-packages/cairo_lang-0.6.2-py3.7.egg/starkware/starknet/business_logic/internal_transaction.py:539: in _run
    verify_secure=True,
../../../warp_dev/lib/python3.7/site-packages/cairo_lang-0.6.2-py3.7.egg/starkware/cairo/common/cairo_function_runner.py:199: in run_from_entrypoint
    self.run_until_pc(addr=end, run_resources=run_resources)
../../../warp_dev/lib/python3.7/site-packages/cairo_lang-0.6.2-py3.7.egg/starkware/cairo/lang/vm/cairo_runner.py:284: in run_until_pc
    self.vm_step()
../../../warp_dev/lib/python3.7/site-packages/cairo_lang-0.6.2-py3.7.egg/starkware/cairo/lang/vm/cairo_runner.py:298: in vm_step
    self.vm.step()
../../../warp_dev/lib/python3.7/site-packages/cairo_lang-0.6.2-py3.7.egg/starkware/cairo/lang/vm/virtual_machine_base.py:241: in step
    self.exec_hint(hint.compiled, exec_locals, hint_index=hint_index)
../../../warp_dev/lib/python3.7/site-packages/cairo_lang-0.6.2-py3.7.egg/starkware/cairo/lang/vm/virtual_machine_base.py:281: in exec_hint
    ) from None
E   starkware.cairo.lang.vm.vm_exceptions.VmException: /home/greg/warp_dev/lib/python3.7/site-packages/cairo_lang-0.6.2-py3.7.egg/starkware/starknet/common/syscalls.cairo:50:5: Error at pc=0:148:
E   Got an exception while executing a hint.
E       %{ syscall_handler.call_contract(segments=segments, syscall_ptr=ids.syscall_ptr) %}
E       ^*********************************************************************************^
E   Cairo traceback (most recent call last):
E   /home/greg/dev/nethermind/warp/tests/semantic/solidity/test/libsolidity/semanticTests/tryCatch/super_trivial.cairo.temp:43:6: (pc=0:2078)
E   func __main{bitwise_ptr : BitwiseBuiltin*, range_check_ptr, syscall_ptr : felt*}(
E        ^****^
E   /home/greg/dev/nethermind/warp/tests/semantic/solidity/test/libsolidity/semanticTests/tryCatch/super_trivial.cairo.temp:56:9: (pc=0:2020)
E           __main_meat()
E           ^***********^
E   /home/greg/dev/nethermind/warp/tests/semantic/solidity/test/libsolidity/semanticTests/tryCatch/super_trivial.cairo.temp:306:5: (pc=0:2857)
E       __warp_if_1(__warp_subexpr_0)
E       ^***************************^
E   /home/greg/dev/nethermind/warp/tests/semantic/solidity/test/libsolidity/semanticTests/tryCatch/super_trivial.cairo.temp:291:9: (pc=0:2812)
E           __warp_block_3()
E           ^**************^
E   /home/greg/dev/nethermind/warp/tests/semantic/solidity/test/libsolidity/semanticTests/tryCatch/super_trivial.cairo.temp:281:5: (pc=0:2789)
E       __warp_block_4(match_var)
E       ^***********************^
E   /home/greg/dev/nethermind/warp/tests/semantic/solidity/test/libsolidity/semanticTests/tryCatch/super_trivial.cairo.temp:271:5: (pc=0:2755)
E       __warp_if_2(__warp_subexpr_0, match_var)
E       ^**************************************^
E   /home/greg/dev/nethermind/warp/tests/semantic/solidity/test/libsolidity/semanticTests/tryCatch/super_trivial.cairo.temp:258:9: (pc=0:2730)
E           __warp_block_5()
E           ^**************^
E   /home/greg/dev/nethermind/warp/tests/semantic/solidity/test/libsolidity/semanticTests/tryCatch/super_trivial.cairo.temp:208:41: (pc=0:2551)
E       let (ret__warp_mangled : Uint256) = fun_f(__warp_subexpr_0)
E                                           ^*********************^
E   /home/greg/dev/nethermind/warp/tests/semantic/solidity/test/libsolidity/semanticTests/tryCatch/super_trivial.cairo.temp:186:43: (pc=0:2485)
E       let (trySuccessCondition : Uint256) = staticcall(
E                                             ^*********^
E   /home/greg/dev/nethermind/warp/warp/cairo-src/evm/yul_api.cairo:52:12: (pc=0:1874)
E       return warp_call(gas, address, Uint256(0, 0), in_offset, in_size, out_offset, out_size)
E              ^******************************************************************************^
E   /home/greg/dev/nethermind/warp/warp/cairo-src/evm/yul_api.cairo:42:21: (pc=0:1848)
E       let (success) = general_call(
E                       ^***********^
E   /home/greg/dev/nethermind/warp/warp/cairo-src/evm/calls.cairo:84:5: (pc=0:1724)
E       call abs call_function
E       ^********************^
E   
E   Error in the called contract (0x5645e3d50f27473d645bd737e7b995114b62331e0cf252bae22ae5cc8ad8ec1):
E   /home/greg/dev/nethermind/warp/tests/semantic/solidity/test/libsolidity/semanticTests/tryCatch/super_trivial.cairo.temp:223:9: Error at pc=0:2623:
E   An ASSERT_EQ instruction failed: 1 != 0.
E           assert 0 = 1
E           ^**********^
E   Cairo traceback (most recent call last):
E   /home/greg/dev/nethermind/warp/tests/semantic/solidity/test/libsolidity/semanticTests/tryCatch/super_trivial.cairo.temp:43:6: (pc=0:2078)
E   func __main{bitwise_ptr : BitwiseBuiltin*, range_check_ptr, syscall_ptr : felt*}(
E        ^****^
E   /home/greg/dev/nethermind/warp/tests/semantic/solidity/test/libsolidity/semanticTests/tryCatch/super_trivial.cairo.temp:56:9: (pc=0:2020)
E           __main_meat()
E           ^***********^
E   /home/greg/dev/nethermind/warp/tests/semantic/solidity/test/libsolidity/semanticTests/tryCatch/super_trivial.cairo.temp:306:5: (pc=0:2857)
E       __warp_if_1(__warp_subexpr_0)
E       ^***************************^
E   /home/greg/dev/nethermind/warp/tests/semantic/solidity/test/libsolidity/semanticTests/tryCatch/super_trivial.cairo.temp:291:9: (pc=0:2812)
E           __warp_block_3()
E           ^**************^
E   /home/greg/dev/nethermind/warp/tests/semantic/solidity/test/libsolidity/semanticTests/tryCatch/super_trivial.cairo.temp:281:5: (pc=0:2789)
E       __warp_block_4(match_var)
E       ^***********************^
E   /home/greg/dev/nethermind/warp/tests/semantic/solidity/test/libsolidity/semanticTests/tryCatch/super_trivial.cairo.temp:271:5: (pc=0:2755)
E       __warp_if_2(__warp_subexpr_0, match_var)
E       ^**************************************^
E   /home/greg/dev/nethermind/warp/tests/semantic/solidity/test/libsolidity/semanticTests/tryCatch/super_trivial.cairo.temp:261:9: (pc=0:2713)
E           __warp_block_6(match_var)
E           ^***********************^
E   /home/greg/dev/nethermind/warp/tests/semantic/solidity/test/libsolidity/semanticTests/tryCatch/super_trivial.cairo.temp:248:5: (pc=0:2697)
E       __warp_if_3(__warp_subexpr_0)
E       ^***************************^
E   /home/greg/dev/nethermind/warp/tests/semantic/solidity/test/libsolidity/semanticTests/tryCatch/super_trivial.cairo.temp:236:9: (pc=0:2675)
E           __warp_block_7()
E           ^**************^

During handling of the above exception, another exception occurred:
tests/semantic/test_semantics.py:161: in test_semantics
    res = await invoke_method_evm_calldata(starknet, contract_address, argument)
../../../warp_dev/lib/python3.7/site-packages/sol_warp-0.2.12-py3.7.egg/yul/starknet_utils.py:30: in invoke_method_evm_calldata
    caller_address=0,
../../../warp_dev/lib/python3.7/site-packages/cairo_lang-0.6.2-py3.7.egg/starkware/starknet/testing/state.py:153: in invoke_raw
    state=state_copy, general_config=self.general_config
../../../warp_dev/lib/python3.7/site-packages/cairo_lang-0.6.2-py3.7.egg/starkware/starknet/business_logic/internal_transaction_interface.py:213: in apply_state_updates
    state=state_to_update, general_config=general_config
../../../warp_dev/lib/python3.7/site-packages/cairo_lang-0.6.2-py3.7.egg/starkware/starknet/business_logic/internal_transaction.py:405: in _apply_specific_state_updates
    func=_synchronous_apply_specific_state_updates,
/usr/lib/python3.7/concurrent/futures/thread.py:57: in run
    result = self.fn(*self.args, **self.kwargs)
../../../warp_dev/lib/python3.7/site-packages/cairo_lang-0.6.2-py3.7.egg/starkware/starknet/business_logic/internal_transaction.py:433: in _synchronous_apply_specific_state_updates
    run_resources=run_resources,
../../../warp_dev/lib/python3.7/site-packages/cairo_lang-0.6.2-py3.7.egg/starkware/starknet/business_logic/internal_transaction.py:559: in _run
    raise StarkException(code=code, message=str(exception))
E   starkware.starkware_utils.error_handling.StarkException: (500, {'code': <StarknetErrorCode.TRANSACTION_FAILED: 28>, 'message': '/home/greg/warp_dev/lib/python3.7/site-packages/cairo_lang-0.6.2-py3.7.egg/starkware/starknet/common/syscalls.cairo:50:5: Error at pc=0:148:\nGot an exception while executing a hint.\n    %{ syscall_handler.call_contract(segments=segments, syscall_ptr=ids.syscall_ptr) %}\n    ^*********************************************************************************^\nCairo traceback (most recent call last):\n/home/greg/dev/nethermind/warp/tests/semantic/solidity/test/libsolidity/semanticTests/tryCatch/super_trivial.cairo.temp:43:6: (pc=0:2078)\nfunc __main{bitwise_ptr : BitwiseBuiltin*, range_check_ptr, syscall_ptr : felt*}(\n     ^****^\n/home/greg/dev/nethermind/warp/tests/semantic/solidity/test/libsolidity/semanticTests/tryCatch/super_trivial.cairo.temp:56:9: (pc=0:2020)\n        __main_meat()\n        ^***********^\n/home/greg/dev/nethermind/warp/tests/semantic/solidity/test/libsolidity/semanticTests/tryCatch/super_trivial.cairo.temp:306:5: (pc=0:2857)\n    __warp_if_1(__warp_subexpr_0)\n    ^***************************^\n/home/greg/dev/nethermind/warp/tests/semantic/solidity/test/libsolidity/semanticTests/tryCatch/super_trivial.cairo.temp:291:9: (pc=0:2812)\n        __warp_block_3()\n        ^**************^\n/home/greg/dev/nethermind/warp/tests/semantic/solidity/test/libsolidity/semanticTests/tryCatch/super_trivial.cairo.temp:281:5: (pc=0:2789)\n    __warp_block_4(match_var)\n    ^***********************^\n/home/greg/dev/nethermind/warp/tests/semantic/solidity/test/libsolidity/semanticTests/tryCatch/super_trivial.cairo.temp:271:5: (pc=0:2755)\n    __warp_if_2(__warp_subexpr_0, match_var)\n    ^**************************************^\n/home/greg/dev/nethermind/warp/tests/semantic/solidity/test/libsolidity/semanticTests/tryCatch/super_trivial.cairo.temp:258:9: (pc=0:2730)\n        __warp_block_5()\n        ^**************^\n/home/greg/dev/nethermind/warp/tests/semantic/solidity/test/libsolidity/semanticTests/tryCatch/super_trivial.cairo.temp:208:41: (pc=0:2551)\n    let (ret__warp_mangled : Uint256) = fun_f(__warp_subexpr_0)\n                                        ^*********************^\n/home/greg/dev/nethermind/warp/tests/semantic/solidity/test/libsolidity/semanticTests/tryCatch/super_trivial.cairo.temp:186:43: (pc=0:2485)\n    let (trySuccessCondition : Uint256) = staticcall(\n                                          ^*********^\n/home/greg/dev/nethermind/warp/warp/cairo-src/evm/yul_api.cairo:52:12: (pc=0:1874)\n    return warp_call(gas, address, Uint256(0, 0), in_offset, in_size, out_offset, out_size)\n           ^******************************************************************************^\n/home/greg/dev/nethermind/warp/warp/cairo-src/evm/yul_api.cairo:42:21: (pc=0:1848)\n    let (success) = general_call(\n                    ^***********^\n/home/greg/dev/nethermind/warp/warp/cairo-src/evm/calls.cairo:84:5: (pc=0:1724)\n    call abs call_function\n    ^********************^\n\nError in the called contract (0x5645e3d50f27473d645bd737e7b995114b62331e0cf252bae22ae5cc8ad8ec1):\n/home/greg/dev/nethermind/warp/tests/semantic/solidity/test/libsolidity/semanticTests/tryCatch/super_trivial.cairo.temp:223:9: Error at pc=0:2623:\nAn ASSERT_EQ instruction failed: 1 != 0.\n        assert 0 = 1\n        ^**********^\nCairo traceback (most recent call last):\n/home/greg/dev/nethermind/warp/tests/semantic/solidity/test/libsolidity/semanticTests/tryCatch/super_trivial.cairo.temp:43:6: (pc=0:2078)\nfunc __main{bitwise_ptr : BitwiseBuiltin*, range_check_ptr, syscall_ptr : felt*}(\n     ^****^\n/home/greg/dev/nethermind/warp/tests/semantic/solidity/test/libsolidity/semanticTests/tryCatch/super_trivial.cairo.temp:56:9: (pc=0:2020)\n        __main_meat()\n        ^***********^\n/home/greg/dev/nethermind/warp/tests/semantic/solidity/test/libsolidity/semanticTests/tryCatch/super_trivial.cairo.temp:306:5: (pc=0:2857)\n    __warp_if_1(__warp_subexpr_0)\n    ^***************************^\n/home/greg/dev/nethermind/warp/tests/semantic/solidity/test/libsolidity/semanticTests/tryCatch/super_trivial.cairo.temp:291:9: (pc=0:2812)\n        __warp_block_3()\n        ^**************^\n/home/greg/dev/nethermind/warp/tests/semantic/solidity/test/libsolidity/semanticTests/tryCatch/super_trivial.cairo.temp:281:5: (pc=0:2789)\n    __warp_block_4(match_var)\n    ^***********************^\n/home/greg/dev/nethermind/warp/tests/semantic/solidity/test/libsolidity/semanticTests/tryCatch/super_trivial.cairo.temp:271:5: (pc=0:2755)\n    __warp_if_2(__warp_subexpr_0, match_var)\n    ^**************************************^\n/home/greg/dev/nethermind/warp/tests/semantic/solidity/test/libsolidity/semanticTests/tryCatch/super_trivial.cairo.temp:261:9: (pc=0:2713)\n        __warp_block_6(match_var)\n        ^***********************^\n/home/greg/dev/nethermind/warp/tests/semantic/solidity/test/libsolidity/semanticTests/tryCatch/super_trivial.cairo.temp:248:5: (pc=0:2697)\n    __warp_if_3(__warp_subexpr_0)\n    ^***************************^\n/home/greg/dev/nethermind/warp/tests/semantic/solidity/test/libsolidity/semanticTests/tryCatch/super_trivial.cairo.temp:236:9: (pc=0:2675)\n        __warp_block_7()\n        ^**************^'})
------------------------------------------------------------------------------------------------------------------- Captured stdout call -------------------------------------------------------------------------------------------------------------------
{'callData': '0x98c3a6c10000000000000000000000000000000000000000000000000000000000000001', 'expectations': '0x0000000000000000000000000000000000000000000000000000000000000001', 'failure': False, 'signature': 'f(bool)'}
{'callData': '0x98c3a6c10000000000000000000000000000000000000000000000000000000000000000', 'expectations': '0x0000000000000000000000000000000000000000000000000000000000000002', 'failure': False, 'signature': 'f(bool)'}
------------------------------------------------------------------------------------------------------------------- Captured stderr call -------------------------------------------------------------------------------------------------------------------
Warning: SPDX license identifier not provided in source file. Before publishing, consider adding a comment containing "SPDX-License-Identifier: <SPDX-License>" to each source file. Use "SPDX-License-Identifier: UNLICENSED" for non-open-source code. Please see https://spdx.org for more information.
--> tests/semantic/solidity/test/libsolidity/semanticTests/inheritance/pass_dynamic_arguments_to_the_base_base_with_gap_marked.sol

____________________________________________________________ test_semantics[/home/greg/dev/nethermind/warp/tests/semantic/solidity/test/libsolidity/semanticTests/tryCatch/simple_notuple.sol] _____________________________________________________________
../../../warp_dev/lib/python3.7/site-packages/cairo_lang-0.6.2-py3.7.egg/starkware/starknet/business_logic/internal_transaction.py:539: in _run
    verify_secure=True,
../../../warp_dev/lib/python3.7/site-packages/cairo_lang-0.6.2-py3.7.egg/starkware/cairo/common/cairo_function_runner.py:199: in run_from_entrypoint
    self.run_until_pc(addr=end, run_resources=run_resources)
../../../warp_dev/lib/python3.7/site-packages/cairo_lang-0.6.2-py3.7.egg/starkware/cairo/lang/vm/cairo_runner.py:284: in run_until_pc
    self.vm_step()
../../../warp_dev/lib/python3.7/site-packages/cairo_lang-0.6.2-py3.7.egg/starkware/cairo/lang/vm/cairo_runner.py:298: in vm_step
    self.vm.step()
../../../warp_dev/lib/python3.7/site-packages/cairo_lang-0.6.2-py3.7.egg/starkware/cairo/lang/vm/virtual_machine_base.py:241: in step
    self.exec_hint(hint.compiled, exec_locals, hint_index=hint_index)
../../../warp_dev/lib/python3.7/site-packages/cairo_lang-0.6.2-py3.7.egg/starkware/cairo/lang/vm/virtual_machine_base.py:281: in exec_hint
    ) from None
E   starkware.cairo.lang.vm.vm_exceptions.VmException: /home/greg/warp_dev/lib/python3.7/site-packages/cairo_lang-0.6.2-py3.7.egg/starkware/starknet/common/syscalls.cairo:50:5: Error at pc=0:148:
E   Got an exception while executing a hint.
E       %{ syscall_handler.call_contract(segments=segments, syscall_ptr=ids.syscall_ptr) %}
E       ^*********************************************************************************^
E   Cairo traceback (most recent call last):
E   /home/greg/dev/nethermind/warp/tests/semantic/solidity/test/libsolidity/semanticTests/tryCatch/simple_notuple.cairo.temp:43:6: (pc=0:2078)
E   func __main{bitwise_ptr : BitwiseBuiltin*, range_check_ptr, syscall_ptr : felt*}(
E        ^****^
E   /home/greg/dev/nethermind/warp/tests/semantic/solidity/test/libsolidity/semanticTests/tryCatch/simple_notuple.cairo.temp:56:9: (pc=0:2020)
E           __main_meat()
E           ^***********^
E   /home/greg/dev/nethermind/warp/tests/semantic/solidity/test/libsolidity/semanticTests/tryCatch/simple_notuple.cairo.temp:316:5: (pc=0:2889)
E       __warp_if_0(__warp_subexpr_0)
E       ^***************************^
E   /home/greg/dev/nethermind/warp/tests/semantic/solidity/test/libsolidity/semanticTests/tryCatch/simple_notuple.cairo.temp:301:9: (pc=0:2844)
E           __warp_block_0()
E           ^**************^
E   /home/greg/dev/nethermind/warp/tests/semantic/solidity/test/libsolidity/semanticTests/tryCatch/simple_notuple.cairo.temp:291:5: (pc=0:2821)
E       __warp_block_1(match_var)
E       ^***********************^
E   /home/greg/dev/nethermind/warp/tests/semantic/solidity/test/libsolidity/semanticTests/tryCatch/simple_notuple.cairo.temp:281:5: (pc=0:2787)
E       __warp_if_1(__warp_subexpr_0, match_var)
E       ^**************************************^
E   /home/greg/dev/nethermind/warp/tests/semantic/solidity/test/libsolidity/semanticTests/tryCatch/simple_notuple.cairo.temp:268:9: (pc=0:2762)
E           __warp_block_2()
E           ^**************^
E   /home/greg/dev/nethermind/warp/tests/semantic/solidity/test/libsolidity/semanticTests/tryCatch/simple_notuple.cairo.temp:210:43: (pc=0:2553)
E       let (trySuccessCondition : Uint256) = staticcall(
E                                             ^*********^
E   /home/greg/dev/nethermind/warp/warp/cairo-src/evm/yul_api.cairo:52:12: (pc=0:1874)
E       return warp_call(gas, address, Uint256(0, 0), in_offset, in_size, out_offset, out_size)
E              ^******************************************************************************^
E   /home/greg/dev/nethermind/warp/warp/cairo-src/evm/yul_api.cairo:42:21: (pc=0:1848)
E       let (success) = general_call(
E                       ^***********^
E   /home/greg/dev/nethermind/warp/warp/cairo-src/evm/calls.cairo:84:5: (pc=0:1724)
E       call abs call_function
E       ^********************^
E   
E   Error in the called contract (0x652a2ffa54446ffb46ccf4b8855403860d164ac56793ce3df623058b0dbda50):
E   /home/greg/dev/nethermind/warp/tests/semantic/solidity/test/libsolidity/semanticTests/tryCatch/simple_notuple.cairo.temp:127:9: Error at pc=0:2283:
E   An ASSERT_EQ instruction failed: 1 != 0.
E           assert 0 = 1
E           ^**********^
E   Cairo traceback (most recent call last):
E   /home/greg/dev/nethermind/warp/tests/semantic/solidity/test/libsolidity/semanticTests/tryCatch/simple_notuple.cairo.temp:43:6: (pc=0:2078)
E   func __main{bitwise_ptr : BitwiseBuiltin*, range_check_ptr, syscall_ptr : felt*}(
E        ^****^
E   /home/greg/dev/nethermind/warp/tests/semantic/solidity/test/libsolidity/semanticTests/tryCatch/simple_notuple.cairo.temp:56:9: (pc=0:2020)
E           __main_meat()
E           ^***********^
E   /home/greg/dev/nethermind/warp/tests/semantic/solidity/test/libsolidity/semanticTests/tryCatch/simple_notuple.cairo.temp:316:5: (pc=0:2889)
E       __warp_if_0(__warp_subexpr_0)
E       ^***************************^
E   /home/greg/dev/nethermind/warp/tests/semantic/solidity/test/libsolidity/semanticTests/tryCatch/simple_notuple.cairo.temp:301:9: (pc=0:2844)
E           __warp_block_0()
E           ^**************^
E   /home/greg/dev/nethermind/warp/tests/semantic/solidity/test/libsolidity/semanticTests/tryCatch/simple_notuple.cairo.temp:291:5: (pc=0:2821)
E       __warp_block_1(match_var)
E       ^***********************^
E   /home/greg/dev/nethermind/warp/tests/semantic/solidity/test/libsolidity/semanticTests/tryCatch/simple_notuple.cairo.temp:281:5: (pc=0:2787)
E       __warp_if_1(__warp_subexpr_0, match_var)
E       ^**************************************^
E   /home/greg/dev/nethermind/warp/tests/semantic/solidity/test/libsolidity/semanticTests/tryCatch/simple_notuple.cairo.temp:271:9: (pc=0:2745)
E           __warp_block_6(match_var)
E           ^***********************^
E   /home/greg/dev/nethermind/warp/tests/semantic/solidity/test/libsolidity/semanticTests/tryCatch/simple_notuple.cairo.temp:258:5: (pc=0:2729)
E       __warp_if_4(__warp_subexpr_0)
E       ^***************************^
E   /home/greg/dev/nethermind/warp/tests/semantic/solidity/test/libsolidity/semanticTests/tryCatch/simple_notuple.cairo.temp:246:9: (pc=0:2707)
E           __warp_block_7()
E           ^**************^
E   /home/greg/dev/nethermind/warp/tests/semantic/solidity/test/libsolidity/semanticTests/tryCatch/simple_notuple.cairo.temp:233:41: (pc=0:2641)
E       let (ret__warp_mangled : Uint256) = fun_g(__warp_subexpr_0)
E                                           ^*********************^

During handling of the above exception, another exception occurred:
tests/semantic/test_semantics.py:161: in test_semantics
    res = await invoke_method_evm_calldata(starknet, contract_address, argument)
../../../warp_dev/lib/python3.7/site-packages/sol_warp-0.2.12-py3.7.egg/yul/starknet_utils.py:30: in invoke_method_evm_calldata
    caller_address=0,
../../../warp_dev/lib/python3.7/site-packages/cairo_lang-0.6.2-py3.7.egg/starkware/starknet/testing/state.py:153: in invoke_raw
    state=state_copy, general_config=self.general_config
../../../warp_dev/lib/python3.7/site-packages/cairo_lang-0.6.2-py3.7.egg/starkware/starknet/business_logic/internal_transaction_interface.py:213: in apply_state_updates
    state=state_to_update, general_config=general_config
../../../warp_dev/lib/python3.7/site-packages/cairo_lang-0.6.2-py3.7.egg/starkware/starknet/business_logic/internal_transaction.py:405: in _apply_specific_state_updates
    func=_synchronous_apply_specific_state_updates,
/usr/lib/python3.7/concurrent/futures/thread.py:57: in run
    result = self.fn(*self.args, **self.kwargs)
../../../warp_dev/lib/python3.7/site-packages/cairo_lang-0.6.2-py3.7.egg/starkware/starknet/business_logic/internal_transaction.py:433: in _synchronous_apply_specific_state_updates
    run_resources=run_resources,
../../../warp_dev/lib/python3.7/site-packages/cairo_lang-0.6.2-py3.7.egg/starkware/starknet/business_logic/internal_transaction.py:559: in _run
    raise StarkException(code=code, message=str(exception))
E   starkware.starkware_utils.error_handling.StarkException: (500, {'code': <StarknetErrorCode.TRANSACTION_FAILED: 28>, 'message': '/home/greg/warp_dev/lib/python3.7/site-packages/cairo_lang-0.6.2-py3.7.egg/starkware/starknet/common/syscalls.cairo:50:5: Error at pc=0:148:\nGot an exception while executing a hint.\n    %{ syscall_handler.call_contract(segments=segments, syscall_ptr=ids.syscall_ptr) %}\n    ^*********************************************************************************^\nCairo traceback (most recent call last):\n/home/greg/dev/nethermind/warp/tests/semantic/solidity/test/libsolidity/semanticTests/tryCatch/simple_notuple.cairo.temp:43:6: (pc=0:2078)\nfunc __main{bitwise_ptr : BitwiseBuiltin*, range_check_ptr, syscall_ptr : felt*}(\n     ^****^\n/home/greg/dev/nethermind/warp/tests/semantic/solidity/test/libsolidity/semanticTests/tryCatch/simple_notuple.cairo.temp:56:9: (pc=0:2020)\n        __main_meat()\n        ^***********^\n/home/greg/dev/nethermind/warp/tests/semantic/solidity/test/libsolidity/semanticTests/tryCatch/simple_notuple.cairo.temp:316:5: (pc=0:2889)\n    __warp_if_0(__warp_subexpr_0)\n    ^***************************^\n/home/greg/dev/nethermind/warp/tests/semantic/solidity/test/libsolidity/semanticTests/tryCatch/simple_notuple.cairo.temp:301:9: (pc=0:2844)\n        __warp_block_0()\n        ^**************^\n/home/greg/dev/nethermind/warp/tests/semantic/solidity/test/libsolidity/semanticTests/tryCatch/simple_notuple.cairo.temp:291:5: (pc=0:2821)\n    __warp_block_1(match_var)\n    ^***********************^\n/home/greg/dev/nethermind/warp/tests/semantic/solidity/test/libsolidity/semanticTests/tryCatch/simple_notuple.cairo.temp:281:5: (pc=0:2787)\n    __warp_if_1(__warp_subexpr_0, match_var)\n    ^**************************************^\n/home/greg/dev/nethermind/warp/tests/semantic/solidity/test/libsolidity/semanticTests/tryCatch/simple_notuple.cairo.temp:268:9: (pc=0:2762)\n        __warp_block_2()\n        ^**************^\n/home/greg/dev/nethermind/warp/tests/semantic/solidity/test/libsolidity/semanticTests/tryCatch/simple_notuple.cairo.temp:210:43: (pc=0:2553)\n    let (trySuccessCondition : Uint256) = staticcall(\n                                          ^*********^\n/home/greg/dev/nethermind/warp/warp/cairo-src/evm/yul_api.cairo:52:12: (pc=0:1874)\n    return warp_call(gas, address, Uint256(0, 0), in_offset, in_size, out_offset, out_size)\n           ^******************************************************************************^\n/home/greg/dev/nethermind/warp/warp/cairo-src/evm/yul_api.cairo:42:21: (pc=0:1848)\n    let (success) = general_call(\n                    ^***********^\n/home/greg/dev/nethermind/warp/warp/cairo-src/evm/calls.cairo:84:5: (pc=0:1724)\n    call abs call_function\n    ^********************^\n\nError in the called contract (0x652a2ffa54446ffb46ccf4b8855403860d164ac56793ce3df623058b0dbda50):\n/home/greg/dev/nethermind/warp/tests/semantic/solidity/test/libsolidity/semanticTests/tryCatch/simple_notuple.cairo.temp:127:9: Error at pc=0:2283:\nAn ASSERT_EQ instruction failed: 1 != 0.\n        assert 0 = 1\n        ^**********^\nCairo traceback (most recent call last):\n/home/greg/dev/nethermind/warp/tests/semantic/solidity/test/libsolidity/semanticTests/tryCatch/simple_notuple.cairo.temp:43:6: (pc=0:2078)\nfunc __main{bitwise_ptr : BitwiseBuiltin*, range_check_ptr, syscall_ptr : felt*}(\n     ^****^\n/home/greg/dev/nethermind/warp/tests/semantic/solidity/test/libsolidity/semanticTests/tryCatch/simple_notuple.cairo.temp:56:9: (pc=0:2020)\n        __main_meat()\n        ^***********^\n/home/greg/dev/nethermind/warp/tests/semantic/solidity/test/libsolidity/semanticTests/tryCatch/simple_notuple.cairo.temp:316:5: (pc=0:2889)\n    __warp_if_0(__warp_subexpr_0)\n    ^***************************^\n/home/greg/dev/nethermind/warp/tests/semantic/solidity/test/libsolidity/semanticTests/tryCatch/simple_notuple.cairo.temp:301:9: (pc=0:2844)\n        __warp_block_0()\n        ^**************^\n/home/greg/dev/nethermind/warp/tests/semantic/solidity/test/libsolidity/semanticTests/tryCatch/simple_notuple.cairo.temp:291:5: (pc=0:2821)\n    __warp_block_1(match_var)\n    ^***********************^\n/home/greg/dev/nethermind/warp/tests/semantic/solidity/test/libsolidity/semanticTests/tryCatch/simple_notuple.cairo.temp:281:5: (pc=0:2787)\n    __warp_if_1(__warp_subexpr_0, match_var)\n    ^**************************************^\n/home/greg/dev/nethermind/warp/tests/semantic/solidity/test/libsolidity/semanticTests/tryCatch/simple_notuple.cairo.temp:271:9: (pc=0:2745)\n        __warp_block_6(match_var)\n        ^***********************^\n/home/greg/dev/nethermind/warp/tests/semantic/solidity/test/libsolidity/semanticTests/tryCatch/simple_notuple.cairo.temp:258:5: (pc=0:2729)\n    __warp_if_4(__warp_subexpr_0)\n    ^***************************^\n/home/greg/dev/nethermind/warp/tests/semantic/solidity/test/libsolidity/semanticTests/tryCatch/simple_notuple.cairo.temp:246:9: (pc=0:2707)\n        __warp_block_7()\n        ^**************^\n/home/greg/dev/nethermind/warp/tests/semantic/solidity/test/libsolidity/semanticTests/tryCatch/simple_notuple.cairo.temp:233:41: (pc=0:2641)\n    let (ret__warp_mangled : Uint256) = fun_g(__warp_subexpr_0)\n                                        ^*********************^'})
____________________________________________________ test_semantics[/home/greg/dev/nethermind/warp/tests/semantic/solidity/test/libsolidity/semanticTests/inheritance/address_overload_resolution.sol] _____________________________________________________
tests/semantic/test_semantics.py:126: in test_semantics
    contract_file, get_last_contract(contract_file)
../../../warp_dev/lib/python3.7/site-packages/sol_warp-0.2.12-py3.7.egg/yul/main.py:53: in transpile_from_solidity
    codes = json.loads(result.stdout)
/usr/lib/python3.7/json/__init__.py:348: in loads
    return _default_decoder.decode(s)
/usr/lib/python3.7/json/decoder.py:337: in decode
    obj, end = self.raw_decode(s, idx=_w(s, 0).end())
/usr/lib/python3.7/json/decoder.py:355: in raw_decode
    raise JSONDecodeError("Expecting value", s, err.value) from None
E   json.decoder.JSONDecodeError: Expecting value: line 1 column 1 (char 0)
------------------------------------------------------------------------------------------------------------------- Captured stderr call -------------------------------------------------------------------------------------------------------------------
Warning: SPDX license identifier not provided in source file. Before publishing, consider adding a comment containing "SPDX-License-Identifier: <SPDX-License>" to each source file. Use "SPDX-License-Identifier: UNLICENSED" for non-open-source code. Please see https://spdx.org for more information.
--> tests/semantic/solidity/test/libsolidity/semanticTests/inheritance/inherited_function_calldata_memory_marked.sol

Warning: Function state mutability can be restricted to pure
 --> tests/semantic/solidity/test/libsolidity/semanticTests/inheritance/inherited_function_calldata_memory_marked.sol:8:5:
  |
8 |     function f(uint256[] memory a) public override returns (uint256) {
  |     ^ (Relevant source part starts here and spans across multiple lines).

Warning: SPDX license identifier not provided in source file. Before publishing, consider adding a comment containing "SPDX-License-Identifier: <SPDX-License>" to each source file. Use "SPDX-License-Identifier: UNLICENSED" for non-open-source code. Please see https://spdx.org for more information.
--> tests/semantic/solidity/test/libsolidity/semanticTests/inheritance/derived_overload_base_function_indirect_marked.sol

Warning: Function state mutability can be restricted to pure
 --> tests/semantic/solidity/test/libsolidity/semanticTests/inheritance/derived_overload_base_function_indirect_marked.sol:3:5:
  |
3 |     function f(uint256 a) public returns (uint256) {
  |     ^ (Relevant source part starts here and spans across multiple lines).

Warning: Function state mutability can be restricted to pure
 --> tests/semantic/solidity/test/libsolidity/semanticTests/inheritance/derived_overload_base_function_indirect_marked.sol:8:5:
  |
8 |     function f() public returns (uint256) {
  |     ^ (Relevant source part starts here and spans across multiple lines).

Warning: SPDX license identifier not provided in source file. Before publishing, consider adding a comment containing "SPDX-License-Identifier: <SPDX-License>" to each source file. Use "SPDX-License-Identifier: UNLICENSED" for non-open-source code. Please see https://spdx.org for more information.
--> tests/semantic/solidity/test/libsolidity/semanticTests/inheritance/address_overload_resolution_marked.sol

Warning: Function state mutability can be restricted to pure
 --> tests/semantic/solidity/test/libsolidity/semanticTests/inheritance/address_overload_resolution_marked.sol:3:5:
  |
3 |     function balance() public returns (uint256) {
  |     ^ (Relevant source part starts here and spans across multiple lines).

Warning: Function state mutability can be restricted to pure
 --> tests/semantic/solidity/test/libsolidity/semanticTests/inheritance/address_overload_resolution_marked.sol:6:5:
  |
6 |     function transfer(uint256 amount) public returns (uint256) {
  |     ^ (Relevant source part starts here and spans across multiple lines).

___________________________________________________________ test_semantics[/home/greg/dev/nethermind/warp/tests/semantic/solidity/test/libsolidity/semanticTests/tryCatch/malformed_panic_2.sol] ___________________________________________________________
../../../warp_dev/lib/python3.7/site-packages/cairo_lang-0.6.2-py3.7.egg/starkware/starknet/business_logic/internal_transaction.py:539: in _run
    verify_secure=True,
../../../warp_dev/lib/python3.7/site-packages/cairo_lang-0.6.2-py3.7.egg/starkware/cairo/common/cairo_function_runner.py:199: in run_from_entrypoint
    self.run_until_pc(addr=end, run_resources=run_resources)
../../../warp_dev/lib/python3.7/site-packages/cairo_lang-0.6.2-py3.7.egg/starkware/cairo/lang/vm/cairo_runner.py:284: in run_until_pc
    self.vm_step()
../../../warp_dev/lib/python3.7/site-packages/cairo_lang-0.6.2-py3.7.egg/starkware/cairo/lang/vm/cairo_runner.py:298: in vm_step
    self.vm.step()
../../../warp_dev/lib/python3.7/site-packages/cairo_lang-0.6.2-py3.7.egg/starkware/cairo/lang/vm/virtual_machine_base.py:241: in step
    self.exec_hint(hint.compiled, exec_locals, hint_index=hint_index)
../../../warp_dev/lib/python3.7/site-packages/cairo_lang-0.6.2-py3.7.egg/starkware/cairo/lang/vm/virtual_machine_base.py:281: in exec_hint
    ) from None
E   starkware.cairo.lang.vm.vm_exceptions.VmException: /home/greg/warp_dev/lib/python3.7/site-packages/cairo_lang-0.6.2-py3.7.egg/starkware/starknet/common/syscalls.cairo:50:5: Error at pc=0:148:
E   Got an exception while executing a hint.
E       %{ syscall_handler.call_contract(segments=segments, syscall_ptr=ids.syscall_ptr) %}
E       ^*********************************************************************************^
E   Cairo traceback (most recent call last):
E   /home/greg/dev/nethermind/warp/tests/semantic/solidity/test/libsolidity/semanticTests/tryCatch/malformed_panic_2.cairo.temp:43:6: (pc=0:2093)
E   func __main{bitwise_ptr : BitwiseBuiltin*, range_check_ptr, syscall_ptr : felt*}(
E        ^****^
E   /home/greg/dev/nethermind/warp/tests/semantic/solidity/test/libsolidity/semanticTests/tryCatch/malformed_panic_2.cairo.temp:56:9: (pc=0:2035)
E           __main_meat()
E           ^***********^
E   /home/greg/dev/nethermind/warp/tests/semantic/solidity/test/libsolidity/semanticTests/tryCatch/malformed_panic_2.cairo.temp:620:5: (pc=0:3833)
E       __warp_if_6(__warp_subexpr_0)
E       ^***************************^
E   /home/greg/dev/nethermind/warp/tests/semantic/solidity/test/libsolidity/semanticTests/tryCatch/malformed_panic_2.cairo.temp:605:9: (pc=0:3788)
E           __warp_block_11()
E           ^***************^
E   /home/greg/dev/nethermind/warp/tests/semantic/solidity/test/libsolidity/semanticTests/tryCatch/malformed_panic_2.cairo.temp:595:5: (pc=0:3765)
E       __warp_block_12(match_var)
E       ^************************^
E   /home/greg/dev/nethermind/warp/tests/semantic/solidity/test/libsolidity/semanticTests/tryCatch/malformed_panic_2.cairo.temp:584:9: (pc=0:3725)
E           __warp_block_13(match_var)
E           ^************************^
E   /home/greg/dev/nethermind/warp/tests/semantic/solidity/test/libsolidity/semanticTests/tryCatch/malformed_panic_2.cairo.temp:570:9: (pc=0:3693)
E           __warp_block_14(match_var)
E           ^************************^
E   /home/greg/dev/nethermind/warp/tests/semantic/solidity/test/libsolidity/semanticTests/tryCatch/malformed_panic_2.cairo.temp:557:5: (pc=0:3667)
E       __warp_if_7(__warp_subexpr_0, match_var)
E       ^**************************************^
E   /home/greg/dev/nethermind/warp/tests/semantic/solidity/test/libsolidity/semanticTests/tryCatch/malformed_panic_2.cairo.temp:547:9: (pc=0:3632)
E           __warp_block_16(match_var)
E           ^************************^
E   /home/greg/dev/nethermind/warp/tests/semantic/solidity/test/libsolidity/semanticTests/tryCatch/malformed_panic_2.cairo.temp:533:9: (pc=0:3609)
E           __warp_block_17(match_var)
E           ^************************^
E   /home/greg/dev/nethermind/warp/tests/semantic/solidity/test/libsolidity/semanticTests/tryCatch/malformed_panic_2.cairo.temp:520:5: (pc=0:3583)
E       __warp_if_8(__warp_subexpr_0)
E       ^***************************^
E   /home/greg/dev/nethermind/warp/tests/semantic/solidity/test/libsolidity/semanticTests/tryCatch/malformed_panic_2.cairo.temp:508:9: (pc=0:3560)
E           __warp_block_18()
E           ^***************^
E   /home/greg/dev/nethermind/warp/tests/semantic/solidity/test/libsolidity/semanticTests/tryCatch/malformed_panic_2.cairo.temp:494:29: (pc=0:3489)
E       let (ret_3 : Uint256) = fun_c()
E                               ^*****^
E   /home/greg/dev/nethermind/warp/tests/semantic/solidity/test/libsolidity/semanticTests/tryCatch/malformed_panic_2.cairo.temp:457:43: (pc=0:3354)
E       let (trySuccessCondition : Uint256) = staticcall(
E                                             ^*********^
E   /home/greg/dev/nethermind/warp/warp/cairo-src/evm/yul_api.cairo:52:12: (pc=0:1889)
E       return warp_call(gas, address, Uint256(0, 0), in_offset, in_size, out_offset, out_size)
E              ^******************************************************************************^
E   /home/greg/dev/nethermind/warp/warp/cairo-src/evm/yul_api.cairo:42:21: (pc=0:1863)
E       let (success) = general_call(
E                       ^***********^
E   /home/greg/dev/nethermind/warp/warp/cairo-src/evm/calls.cairo:84:5: (pc=0:1739)
E       call abs call_function
E       ^********************^
E   
E   Error in the called contract (0x2040baa8caea22f508b2b463719c4246c2cbc9bde3de89e3c8543099bc58ab3):
E   /home/greg/dev/nethermind/warp/tests/semantic/solidity/test/libsolidity/semanticTests/tryCatch/malformed_panic_2.cairo.temp:530:9: Error at pc=0:3614:
E   An ASSERT_EQ instruction failed: 1 != 0.
E           assert 0 = 1
E           ^**********^
E   Cairo traceback (most recent call last):
E   /home/greg/dev/nethermind/warp/tests/semantic/solidity/test/libsolidity/semanticTests/tryCatch/malformed_panic_2.cairo.temp:43:6: (pc=0:2093)
E   func __main{bitwise_ptr : BitwiseBuiltin*, range_check_ptr, syscall_ptr : felt*}(
E        ^****^
E   /home/greg/dev/nethermind/warp/tests/semantic/solidity/test/libsolidity/semanticTests/tryCatch/malformed_panic_2.cairo.temp:56:9: (pc=0:2035)
E           __main_meat()
E           ^***********^
E   /home/greg/dev/nethermind/warp/tests/semantic/solidity/test/libsolidity/semanticTests/tryCatch/malformed_panic_2.cairo.temp:620:5: (pc=0:3833)
E       __warp_if_6(__warp_subexpr_0)
E       ^***************************^
E   /home/greg/dev/nethermind/warp/tests/semantic/solidity/test/libsolidity/semanticTests/tryCatch/malformed_panic_2.cairo.temp:605:9: (pc=0:3788)
E           __warp_block_11()
E           ^***************^
E   /home/greg/dev/nethermind/warp/tests/semantic/solidity/test/libsolidity/semanticTests/tryCatch/malformed_panic_2.cairo.temp:595:5: (pc=0:3765)
E       __warp_block_12(match_var)
E       ^************************^
E   /home/greg/dev/nethermind/warp/tests/semantic/solidity/test/libsolidity/semanticTests/tryCatch/malformed_panic_2.cairo.temp:584:9: (pc=0:3725)
E           __warp_block_13(match_var)
E           ^************************^
E   /home/greg/dev/nethermind/warp/tests/semantic/solidity/test/libsolidity/semanticTests/tryCatch/malformed_panic_2.cairo.temp:570:9: (pc=0:3693)
E           __warp_block_14(match_var)
E           ^************************^
E   /home/greg/dev/nethermind/warp/tests/semantic/solidity/test/libsolidity/semanticTests/tryCatch/malformed_panic_2.cairo.temp:557:5: (pc=0:3667)
E       __warp_if_7(__warp_subexpr_0, match_var)
E       ^**************************************^
E   /home/greg/dev/nethermind/warp/tests/semantic/solidity/test/libsolidity/semanticTests/tryCatch/malformed_panic_2.cairo.temp:547:9: (pc=0:3632)
E           __warp_block_16(match_var)
E           ^************************^

During handling of the above exception, another exception occurred:
tests/semantic/test_semantics.py:161: in test_semantics
    res = await invoke_method_evm_calldata(starknet, contract_address, argument)
../../../warp_dev/lib/python3.7/site-packages/sol_warp-0.2.12-py3.7.egg/yul/starknet_utils.py:30: in invoke_method_evm_calldata
    caller_address=0,
../../../warp_dev/lib/python3.7/site-packages/cairo_lang-0.6.2-py3.7.egg/starkware/starknet/testing/state.py:153: in invoke_raw
    state=state_copy, general_config=self.general_config
../../../warp_dev/lib/python3.7/site-packages/cairo_lang-0.6.2-py3.7.egg/starkware/starknet/business_logic/internal_transaction_interface.py:213: in apply_state_updates
    state=state_to_update, general_config=general_config
../../../warp_dev/lib/python3.7/site-packages/cairo_lang-0.6.2-py3.7.egg/starkware/starknet/business_logic/internal_transaction.py:405: in _apply_specific_state_updates
    func=_synchronous_apply_specific_state_updates,
/usr/lib/python3.7/concurrent/futures/thread.py:57: in run
    result = self.fn(*self.args, **self.kwargs)
../../../warp_dev/lib/python3.7/site-packages/cairo_lang-0.6.2-py3.7.egg/starkware/starknet/business_logic/internal_transaction.py:433: in _synchronous_apply_specific_state_updates
    run_resources=run_resources,
../../../warp_dev/lib/python3.7/site-packages/cairo_lang-0.6.2-py3.7.egg/starkware/starknet/business_logic/internal_transaction.py:559: in _run
    raise StarkException(code=code, message=str(exception))
E   starkware.starkware_utils.error_handling.StarkException: (500, {'code': <StarknetErrorCode.TRANSACTION_FAILED: 28>, 'message': '/home/greg/warp_dev/lib/python3.7/site-packages/cairo_lang-0.6.2-py3.7.egg/starkware/starknet/common/syscalls.cairo:50:5: Error at pc=0:148:\nGot an exception while executing a hint.\n    %{ syscall_handler.call_contract(segments=segments, syscall_ptr=ids.syscall_ptr) %}\n    ^*********************************************************************************^\nCairo traceback (most recent call last):\n/home/greg/dev/nethermind/warp/tests/semantic/solidity/test/libsolidity/semanticTests/tryCatch/malformed_panic_2.cairo.temp:43:6: (pc=0:2093)\nfunc __main{bitwise_ptr : BitwiseBuiltin*, range_check_ptr, syscall_ptr : felt*}(\n     ^****^\n/home/greg/dev/nethermind/warp/tests/semantic/solidity/test/libsolidity/semanticTests/tryCatch/malformed_panic_2.cairo.temp:56:9: (pc=0:2035)\n        __main_meat()\n        ^***********^\n/home/greg/dev/nethermind/warp/tests/semantic/solidity/test/libsolidity/semanticTests/tryCatch/malformed_panic_2.cairo.temp:620:5: (pc=0:3833)\n    __warp_if_6(__warp_subexpr_0)\n    ^***************************^\n/home/greg/dev/nethermind/warp/tests/semantic/solidity/test/libsolidity/semanticTests/tryCatch/malformed_panic_2.cairo.temp:605:9: (pc=0:3788)\n        __warp_block_11()\n        ^***************^\n/home/greg/dev/nethermind/warp/tests/semantic/solidity/test/libsolidity/semanticTests/tryCatch/malformed_panic_2.cairo.temp:595:5: (pc=0:3765)\n    __warp_block_12(match_var)\n    ^************************^\n/home/greg/dev/nethermind/warp/tests/semantic/solidity/test/libsolidity/semanticTests/tryCatch/malformed_panic_2.cairo.temp:584:9: (pc=0:3725)\n        __warp_block_13(match_var)\n        ^************************^\n/home/greg/dev/nethermind/warp/tests/semantic/solidity/test/libsolidity/semanticTests/tryCatch/malformed_panic_2.cairo.temp:570:9: (pc=0:3693)\n        __warp_block_14(match_var)\n        ^************************^\n/home/greg/dev/nethermind/warp/tests/semantic/solidity/test/libsolidity/semanticTests/tryCatch/malformed_panic_2.cairo.temp:557:5: (pc=0:3667)\n    __warp_if_7(__warp_subexpr_0, match_var)\n    ^**************************************^\n/home/greg/dev/nethermind/warp/tests/semantic/solidity/test/libsolidity/semanticTests/tryCatch/malformed_panic_2.cairo.temp:547:9: (pc=0:3632)\n        __warp_block_16(match_var)\n        ^************************^\n/home/greg/dev/nethermind/warp/tests/semantic/solidity/test/libsolidity/semanticTests/tryCatch/malformed_panic_2.cairo.temp:533:9: (pc=0:3609)\n        __warp_block_17(match_var)\n        ^************************^\n/home/greg/dev/nethermind/warp/tests/semantic/solidity/test/libsolidity/semanticTests/tryCatch/malformed_panic_2.cairo.temp:520:5: (pc=0:3583)\n    __warp_if_8(__warp_subexpr_0)\n    ^***************************^\n/home/greg/dev/nethermind/warp/tests/semantic/solidity/test/libsolidity/semanticTests/tryCatch/malformed_panic_2.cairo.temp:508:9: (pc=0:3560)\n        __warp_block_18()\n        ^***************^\n/home/greg/dev/nethermind/warp/tests/semantic/solidity/test/libsolidity/semanticTests/tryCatch/malformed_panic_2.cairo.temp:494:29: (pc=0:3489)\n    let (ret_3 : Uint256) = fun_c()\n                            ^*****^\n/home/greg/dev/nethermind/warp/tests/semantic/solidity/test/libsolidity/semanticTests/tryCatch/malformed_panic_2.cairo.temp:457:43: (pc=0:3354)\n    let (trySuccessCondition : Uint256) = staticcall(\n                                          ^*********^\n/home/greg/dev/nethermind/warp/warp/cairo-src/evm/yul_api.cairo:52:12: (pc=0:1889)\n    return warp_call(gas, address, Uint256(0, 0), in_offset, in_size, out_offset, out_size)\n           ^******************************************************************************^\n/home/greg/dev/nethermind/warp/warp/cairo-src/evm/yul_api.cairo:42:21: (pc=0:1863)\n    let (success) = general_call(\n                    ^***********^\n/home/greg/dev/nethermind/warp/warp/cairo-src/evm/calls.cairo:84:5: (pc=0:1739)\n    call abs call_function\n    ^********************^\n\nError in the called contract (0x2040baa8caea22f508b2b463719c4246c2cbc9bde3de89e3c8543099bc58ab3):\n/home/greg/dev/nethermind/warp/tests/semantic/solidity/test/libsolidity/semanticTests/tryCatch/malformed_panic_2.cairo.temp:530:9: Error at pc=0:3614:\nAn ASSERT_EQ instruction failed: 1 != 0.\n        assert 0 = 1\n        ^**********^\nCairo traceback (most recent call last):\n/home/greg/dev/nethermind/warp/tests/semantic/solidity/test/libsolidity/semanticTests/tryCatch/malformed_panic_2.cairo.temp:43:6: (pc=0:2093)\nfunc __main{bitwise_ptr : BitwiseBuiltin*, range_check_ptr, syscall_ptr : felt*}(\n     ^****^\n/home/greg/dev/nethermind/warp/tests/semantic/solidity/test/libsolidity/semanticTests/tryCatch/malformed_panic_2.cairo.temp:56:9: (pc=0:2035)\n        __main_meat()\n        ^***********^\n/home/greg/dev/nethermind/warp/tests/semantic/solidity/test/libsolidity/semanticTests/tryCatch/malformed_panic_2.cairo.temp:620:5: (pc=0:3833)\n    __warp_if_6(__warp_subexpr_0)\n    ^***************************^\n/home/greg/dev/nethermind/warp/tests/semantic/solidity/test/libsolidity/semanticTests/tryCatch/malformed_panic_2.cairo.temp:605:9: (pc=0:3788)\n        __warp_block_11()\n        ^***************^\n/home/greg/dev/nethermind/warp/tests/semantic/solidity/test/libsolidity/semanticTests/tryCatch/malformed_panic_2.cairo.temp:595:5: (pc=0:3765)\n    __warp_block_12(match_var)\n    ^************************^\n/home/greg/dev/nethermind/warp/tests/semantic/solidity/test/libsolidity/semanticTests/tryCatch/malformed_panic_2.cairo.temp:584:9: (pc=0:3725)\n        __warp_block_13(match_var)\n        ^************************^\n/home/greg/dev/nethermind/warp/tests/semantic/solidity/test/libsolidity/semanticTests/tryCatch/malformed_panic_2.cairo.temp:570:9: (pc=0:3693)\n        __warp_block_14(match_var)\n        ^************************^\n/home/greg/dev/nethermind/warp/tests/semantic/solidity/test/libsolidity/semanticTests/tryCatch/malformed_panic_2.cairo.temp:557:5: (pc=0:3667)\n    __warp_if_7(__warp_subexpr_0, match_var)\n    ^**************************************^\n/home/greg/dev/nethermind/warp/tests/semantic/solidity/test/libsolidity/semanticTests/tryCatch/malformed_panic_2.cairo.temp:547:9: (pc=0:3632)\n        __warp_block_16(match_var)\n        ^************************^'})
_______________________________________________ test_semantics[/home/greg/dev/nethermind/warp/tests/semantic/solidity/test/libsolidity/semanticTests/inheritance/base_access_to_function_type_variables.sol] _______________________________________________
../../../warp_dev/lib/python3.7/site-packages/cairo_lang-0.6.2-py3.7.egg/starkware/starknet/business_logic/internal_transaction.py:539: in _run
    verify_secure=True,
../../../warp_dev/lib/python3.7/site-packages/cairo_lang-0.6.2-py3.7.egg/starkware/cairo/common/cairo_function_runner.py:199: in run_from_entrypoint
    self.run_until_pc(addr=end, run_resources=run_resources)
../../../warp_dev/lib/python3.7/site-packages/cairo_lang-0.6.2-py3.7.egg/starkware/cairo/lang/vm/cairo_runner.py:284: in run_until_pc
    self.vm_step()
../../../warp_dev/lib/python3.7/site-packages/cairo_lang-0.6.2-py3.7.egg/starkware/cairo/lang/vm/cairo_runner.py:298: in vm_step
    self.vm.step()
../../../warp_dev/lib/python3.7/site-packages/cairo_lang-0.6.2-py3.7.egg/starkware/cairo/lang/vm/virtual_machine_base.py:255: in step
    self.run_instruction(instruction)
../../../warp_dev/lib/python3.7/site-packages/cairo_lang-0.6.2-py3.7.egg/starkware/cairo/lang/vm/vm_core.py:422: in run_instruction
    raise self.as_vm_exception(exc) from None
E   starkware.cairo.lang.vm.vm_exceptions.VmException: /home/greg/dev/nethermind/warp/tests/semantic/solidity/test/libsolidity/semanticTests/inheritance/base_access_to_function_type_variables.cairo.temp:133:9: Error at pc=0:2063:
E   An ASSERT_EQ instruction failed: 1 != 0.
E           assert 0 = 1
E           ^**********^
E   Cairo traceback (most recent call last):
E   /home/greg/dev/nethermind/warp/tests/semantic/solidity/test/libsolidity/semanticTests/inheritance/base_access_to_function_type_variables.cairo.temp:51:6: (pc=0:1869)
E   func __main{
E        ^****^
E   /home/greg/dev/nethermind/warp/tests/semantic/solidity/test/libsolidity/semanticTests/inheritance/base_access_to_function_type_variables.cairo.temp:65:9: (pc=0:1808)
E           __main_meat()
E           ^***********^
E   /home/greg/dev/nethermind/warp/tests/semantic/solidity/test/libsolidity/semanticTests/inheritance/base_access_to_function_type_variables.cairo.temp:307:5: (pc=0:2576)
E       __warp_if_0(__warp_subexpr_0)
E       ^***************************^
E   /home/greg/dev/nethermind/warp/tests/semantic/solidity/test/libsolidity/semanticTests/inheritance/base_access_to_function_type_variables.cairo.temp:291:9: (pc=0:2530)
E           __warp_block_0()
E           ^**************^
E   /home/greg/dev/nethermind/warp/tests/semantic/solidity/test/libsolidity/semanticTests/inheritance/base_access_to_function_type_variables.cairo.temp:281:5: (pc=0:2505)
E       __warp_block_1()
E       ^**************^
E   /home/greg/dev/nethermind/warp/tests/semantic/solidity/test/libsolidity/semanticTests/inheritance/base_access_to_function_type_variables.cairo.temp:272:5: (pc=0:2492)
E       __warp_block_2(match_var)
E       ^***********************^
E   /home/greg/dev/nethermind/warp/tests/semantic/solidity/test/libsolidity/semanticTests/inheritance/base_access_to_function_type_variables.cairo.temp:261:5: (pc=0:2457)
E       __warp_if_1(__warp_subexpr_0, match_var)
E       ^**************************************^
E   /home/greg/dev/nethermind/warp/tests/semantic/solidity/test/libsolidity/semanticTests/inheritance/base_access_to_function_type_variables.cairo.temp:247:9: (pc=0:2431)
E           __warp_block_3()
E           ^**************^
E   /home/greg/dev/nethermind/warp/tests/semantic/solidity/test/libsolidity/semanticTests/inheritance/base_access_to_function_type_variables.cairo.temp:162:27: (pc=0:2145)
E       let (out : Uint256) = __warp_block_4(_2, out)
E                             ^*********************^
E   /home/greg/dev/nethermind/warp/tests/semantic/solidity/test/libsolidity/semanticTests/inheritance/base_access_to_function_type_variables.cairo.temp:141:27: (pc=0:2080)
E       let (out : Uint256) = __warp_block_5(match_var, out)
E                             ^****************************^

During handling of the above exception, another exception occurred:
tests/semantic/test_semantics.py:161: in test_semantics
    res = await invoke_method_evm_calldata(starknet, contract_address, argument)
../../../warp_dev/lib/python3.7/site-packages/sol_warp-0.2.12-py3.7.egg/yul/starknet_utils.py:30: in invoke_method_evm_calldata
    caller_address=0,
../../../warp_dev/lib/python3.7/site-packages/cairo_lang-0.6.2-py3.7.egg/starkware/starknet/testing/state.py:153: in invoke_raw
    state=state_copy, general_config=self.general_config
../../../warp_dev/lib/python3.7/site-packages/cairo_lang-0.6.2-py3.7.egg/starkware/starknet/business_logic/internal_transaction_interface.py:213: in apply_state_updates
    state=state_to_update, general_config=general_config
../../../warp_dev/lib/python3.7/site-packages/cairo_lang-0.6.2-py3.7.egg/starkware/starknet/business_logic/internal_transaction.py:405: in _apply_specific_state_updates
    func=_synchronous_apply_specific_state_updates,
/usr/lib/python3.7/concurrent/futures/thread.py:57: in run
    result = self.fn(*self.args, **self.kwargs)
../../../warp_dev/lib/python3.7/site-packages/cairo_lang-0.6.2-py3.7.egg/starkware/starknet/business_logic/internal_transaction.py:433: in _synchronous_apply_specific_state_updates
    run_resources=run_resources,
../../../warp_dev/lib/python3.7/site-packages/cairo_lang-0.6.2-py3.7.egg/starkware/starknet/business_logic/internal_transaction.py:559: in _run
    raise StarkException(code=code, message=str(exception))
E   starkware.starkware_utils.error_handling.StarkException: (500, {'code': <StarknetErrorCode.TRANSACTION_FAILED: 28>, 'message': '/home/greg/dev/nethermind/warp/tests/semantic/solidity/test/libsolidity/semanticTests/inheritance/base_access_to_function_type_variables.cairo.temp:133:9: Error at pc=0:2063:\nAn ASSERT_EQ instruction failed: 1 != 0.\n        assert 0 = 1\n        ^**********^\nCairo traceback (most recent call last):\n/home/greg/dev/nethermind/warp/tests/semantic/solidity/test/libsolidity/semanticTests/inheritance/base_access_to_function_type_variables.cairo.temp:51:6: (pc=0:1869)\nfunc __main{\n     ^****^\n/home/greg/dev/nethermind/warp/tests/semantic/solidity/test/libsolidity/semanticTests/inheritance/base_access_to_function_type_variables.cairo.temp:65:9: (pc=0:1808)\n        __main_meat()\n        ^***********^\n/home/greg/dev/nethermind/warp/tests/semantic/solidity/test/libsolidity/semanticTests/inheritance/base_access_to_function_type_variables.cairo.temp:307:5: (pc=0:2576)\n    __warp_if_0(__warp_subexpr_0)\n    ^***************************^\n/home/greg/dev/nethermind/warp/tests/semantic/solidity/test/libsolidity/semanticTests/inheritance/base_access_to_function_type_variables.cairo.temp:291:9: (pc=0:2530)\n        __warp_block_0()\n        ^**************^\n/home/greg/dev/nethermind/warp/tests/semantic/solidity/test/libsolidity/semanticTests/inheritance/base_access_to_function_type_variables.cairo.temp:281:5: (pc=0:2505)\n    __warp_block_1()\n    ^**************^\n/home/greg/dev/nethermind/warp/tests/semantic/solidity/test/libsolidity/semanticTests/inheritance/base_access_to_function_type_variables.cairo.temp:272:5: (pc=0:2492)\n    __warp_block_2(match_var)\n    ^***********************^\n/home/greg/dev/nethermind/warp/tests/semantic/solidity/test/libsolidity/semanticTests/inheritance/base_access_to_function_type_variables.cairo.temp:261:5: (pc=0:2457)\n    __warp_if_1(__warp_subexpr_0, match_var)\n    ^**************************************^\n/home/greg/dev/nethermind/warp/tests/semantic/solidity/test/libsolidity/semanticTests/inheritance/base_access_to_function_type_variables.cairo.temp:247:9: (pc=0:2431)\n        __warp_block_3()\n        ^**************^\n/home/greg/dev/nethermind/warp/tests/semantic/solidity/test/libsolidity/semanticTests/inheritance/base_access_to_function_type_variables.cairo.temp:162:27: (pc=0:2145)\n    let (out : Uint256) = __warp_block_4(_2, out)\n                          ^*********************^\n/home/greg/dev/nethermind/warp/tests/semantic/solidity/test/libsolidity/semanticTests/inheritance/base_access_to_function_type_variables.cairo.temp:141:27: (pc=0:2080)\n    let (out : Uint256) = __warp_block_5(match_var, out)\n                          ^****************************^'})
------------------------------------------------------------------------------------------------------------------- Captured stdout call -------------------------------------------------------------------------------------------------------------------
{'callData': '0xe2179b8e', 'expectations': '0x0000000000000000000000000000000000000000000000000000000000000002', 'failure': False, 'signature': 'g()'}
{'callData': '0xb8c9d365', 'expectations': '0x4e487b710000000000000000000000000000000000000000000000000000000000000051', 'failure': True, 'signature': 'h()'}
{'callData': '0xb8e010de', 'expectations': '0x', 'failure': False, 'signature': 'set()'}
{'callData': '0xb8c9d365', 'expectations': '0x0000000000000000000000000000000000000000000000000000000000000002', 'failure': False, 'signature': 'h()'}
------------------------------------------------------------------------------------------------------------------- Captured stderr call -------------------------------------------------------------------------------------------------------------------
Warning: SPDX license identifier not provided in source file. Before publishing, consider adding a comment containing "SPDX-License-Identifier: <SPDX-License>" to each source file. Use "SPDX-License-Identifier: UNLICENSED" for non-open-source code. Please see https://spdx.org for more information.
--> tests/semantic/solidity/test/libsolidity/semanticTests/errors/error_in_library_and_interface_marked.sol

Warning: This declaration shadows an existing declaration.
 --> tests/semantic/solidity/test/libsolidity/semanticTests/errors/error_in_library_and_interface_marked.sol:4:5:
  |
4 |     error E(uint a, uint b);
  |     ^^^^^^^^^^^^^^^^^^^^^^^^
Note: The shadowed declaration is here:
 --> tests/semantic/solidity/test/libsolidity/semanticTests/errors/error_in_library_and_interface_marked.sol:2:1:
  |
2 | error E(uint a);
  | ^^^^^^^^^^^^^^^^

Warning: This declaration shadows an existing declaration.
 --> tests/semantic/solidity/test/libsolidity/semanticTests/errors/error_in_library_and_interface_marked.sol:7:5:
  |
7 |     error E(uint a, uint b, uint c);
  |     ^^^^^^^^^^^^^^^^^^^^^^^^^^^^^^^^
Note: The shadowed declaration is here:
 --> tests/semantic/solidity/test/libsolidity/semanticTests/errors/error_in_library_and_interface_marked.sol:2:1:
  |
2 | error E(uint a);
  | ^^^^^^^^^^^^^^^^

Warning: SPDX license identifier not provided in source file. Before publishing, consider adding a comment containing "SPDX-License-Identifier: <SPDX-License>" to each source file. Use "SPDX-License-Identifier: UNLICENSED" for non-open-source code. Please see https://spdx.org for more information.
--> tests/semantic/solidity/test/libsolidity/semanticTests/errors/named_parameters_shadowing_types_marked.sol

Warning: Function state mutability can be restricted to pure
  --> tests/semantic/solidity/test/libsolidity/semanticTests/errors/named_parameters_shadowing_types_marked.sol:10:5:
   |
10 |     function f() public {
   |     ^ (Relevant source part starts here and spans across multiple lines).

Warning: Function state mutability can be restricted to pure
  --> tests/semantic/solidity/test/libsolidity/semanticTests/errors/named_parameters_shadowing_types_marked.sol:13:5:
   |
13 |     function g() public {
   |     ^ (Relevant source part starts here and spans across multiple lines).

_______________________________________________________________ test_semantics[/home/greg/dev/nethermind/warp/tests/semantic/solidity/test/libsolidity/semanticTests/errors/via_import.sol] ________________________________________________________________
tests/semantic/test_semantics.py:126: in test_semantics
    contract_file, get_last_contract(contract_file)
../../../warp_dev/lib/python3.7/site-packages/sol_warp-0.2.12-py3.7.egg/yul/main.py:49: in transpile_from_solidity
    output = get_for_contract(sol_src_path_modified, main_contract, ["abi"])
../../../warp_dev/lib/python3.7/site-packages/sol_warp-0.2.12-py3.7.egg/yul/utils.py:136: in get_for_contract
    get_source_version(sol_source)
../../../warp_dev/lib/python3.7/site-packages/sol_warp-0.2.12-py3.7.egg/yul/utils.py:146: in get_source_version
    with open(sol_source) as f:
E   FileNotFoundError: [Errno 2] No such file or directory: '/home/greg/dev/nethermind/warp/tests/semantic/solidity/test/libsolidity/semanticTests/errors/via_import_marked.sol'
------------------------------------------------------------------------------------------------------------------- Captured stdout call -------------------------------------------------------------------------------------------------------------------
{'callData': '0x0dbe671f', 'expectations': '0x0000000000000000000000000000000000000000000000000000000000000000', 'failure': False, 'signature': 'a()'}
____________________________________________________________ test_semantics[/home/greg/dev/nethermind/warp/tests/semantic/solidity/test/libsolidity/semanticTests/tryCatch/malformed_panic.sol] ____________________________________________________________
../../../warp_dev/lib/python3.7/site-packages/cairo_lang-0.6.2-py3.7.egg/starkware/starknet/business_logic/internal_transaction.py:539: in _run
    verify_secure=True,
../../../warp_dev/lib/python3.7/site-packages/cairo_lang-0.6.2-py3.7.egg/starkware/cairo/common/cairo_function_runner.py:199: in run_from_entrypoint
    self.run_until_pc(addr=end, run_resources=run_resources)
../../../warp_dev/lib/python3.7/site-packages/cairo_lang-0.6.2-py3.7.egg/starkware/cairo/lang/vm/cairo_runner.py:284: in run_until_pc
    self.vm_step()
../../../warp_dev/lib/python3.7/site-packages/cairo_lang-0.6.2-py3.7.egg/starkware/cairo/lang/vm/cairo_runner.py:298: in vm_step
    self.vm.step()
../../../warp_dev/lib/python3.7/site-packages/cairo_lang-0.6.2-py3.7.egg/starkware/cairo/lang/vm/virtual_machine_base.py:241: in step
    self.exec_hint(hint.compiled, exec_locals, hint_index=hint_index)
../../../warp_dev/lib/python3.7/site-packages/cairo_lang-0.6.2-py3.7.egg/starkware/cairo/lang/vm/virtual_machine_base.py:281: in exec_hint
    ) from None
E   starkware.cairo.lang.vm.vm_exceptions.VmException: /home/greg/warp_dev/lib/python3.7/site-packages/cairo_lang-0.6.2-py3.7.egg/starkware/starknet/common/syscalls.cairo:50:5: Error at pc=0:148:
E   Got an exception while executing a hint.
E       %{ syscall_handler.call_contract(segments=segments, syscall_ptr=ids.syscall_ptr) %}
E       ^*********************************************************************************^
E   Cairo traceback (most recent call last):
E   /home/greg/dev/nethermind/warp/tests/semantic/solidity/test/libsolidity/semanticTests/tryCatch/malformed_panic.cairo.temp:43:6: (pc=0:2093)
E   func __main{bitwise_ptr : BitwiseBuiltin*, range_check_ptr, syscall_ptr : felt*}(
E        ^****^
E   /home/greg/dev/nethermind/warp/tests/semantic/solidity/test/libsolidity/semanticTests/tryCatch/malformed_panic.cairo.temp:56:9: (pc=0:2035)
E           __main_meat()
E           ^***********^
E   /home/greg/dev/nethermind/warp/tests/semantic/solidity/test/libsolidity/semanticTests/tryCatch/malformed_panic.cairo.temp:889:5: (pc=0:4605)
E       __warp_if_10(__warp_subexpr_0)
E       ^****************************^
E   /home/greg/dev/nethermind/warp/tests/semantic/solidity/test/libsolidity/semanticTests/tryCatch/malformed_panic.cairo.temp:874:9: (pc=0:4560)
E           __warp_block_21()
E           ^***************^
E   /home/greg/dev/nethermind/warp/tests/semantic/solidity/test/libsolidity/semanticTests/tryCatch/malformed_panic.cairo.temp:864:5: (pc=0:4537)
E       __warp_block_22(match_var)
E       ^************************^
E   /home/greg/dev/nethermind/warp/tests/semantic/solidity/test/libsolidity/semanticTests/tryCatch/malformed_panic.cairo.temp:854:5: (pc=0:4503)
E       __warp_if_11(__warp_subexpr_0, match_var)
E       ^***************************************^
E   /home/greg/dev/nethermind/warp/tests/semantic/solidity/test/libsolidity/semanticTests/tryCatch/malformed_panic.cairo.temp:841:9: (pc=0:4478)
E           __warp_block_23()
E           ^***************^
E   /home/greg/dev/nethermind/warp/tests/semantic/solidity/test/libsolidity/semanticTests/tryCatch/malformed_panic.cairo.temp:703:41: (pc=0:4014)
E       let (ret__warp_mangled : Uint256) = fun_a()
E                                           ^*****^
E   /home/greg/dev/nethermind/warp/tests/semantic/solidity/test/libsolidity/semanticTests/tryCatch/malformed_panic.cairo.temp:267:43: (pc=0:2714)
E       let (trySuccessCondition : Uint256) = staticcall(
E                                             ^*********^
E   /home/greg/dev/nethermind/warp/warp/cairo-src/evm/yul_api.cairo:52:12: (pc=0:1889)
E       return warp_call(gas, address, Uint256(0, 0), in_offset, in_size, out_offset, out_size)
E              ^******************************************************************************^
E   /home/greg/dev/nethermind/warp/warp/cairo-src/evm/yul_api.cairo:42:21: (pc=0:1863)
E       let (success) = general_call(
E                       ^***********^
E   /home/greg/dev/nethermind/warp/warp/cairo-src/evm/calls.cairo:84:5: (pc=0:1739)
E       call abs call_function
E       ^********************^
E   
E   Error in the called contract (0x7069a55736cc9365614f404cbe2eb272c36618c0db8b41690fca6c5151c5a90):
E   /home/greg/dev/nethermind/warp/tests/semantic/solidity/test/libsolidity/semanticTests/tryCatch/malformed_panic.cairo.temp:781:9: Error at pc=0:4346:
E   An ASSERT_EQ instruction failed: 1 != 0.
E           assert 0 = 1
E           ^**********^
E   Cairo traceback (most recent call last):
E   /home/greg/dev/nethermind/warp/tests/semantic/solidity/test/libsolidity/semanticTests/tryCatch/malformed_panic.cairo.temp:43:6: (pc=0:2093)
E   func __main{bitwise_ptr : BitwiseBuiltin*, range_check_ptr, syscall_ptr : felt*}(
E        ^****^
E   /home/greg/dev/nethermind/warp/tests/semantic/solidity/test/libsolidity/semanticTests/tryCatch/malformed_panic.cairo.temp:56:9: (pc=0:2035)
E           __main_meat()
E           ^***********^
E   /home/greg/dev/nethermind/warp/tests/semantic/solidity/test/libsolidity/semanticTests/tryCatch/malformed_panic.cairo.temp:889:5: (pc=0:4605)
E       __warp_if_10(__warp_subexpr_0)
E       ^****************************^
E   /home/greg/dev/nethermind/warp/tests/semantic/solidity/test/libsolidity/semanticTests/tryCatch/malformed_panic.cairo.temp:874:9: (pc=0:4560)
E           __warp_block_21()
E           ^***************^
E   /home/greg/dev/nethermind/warp/tests/semantic/solidity/test/libsolidity/semanticTests/tryCatch/malformed_panic.cairo.temp:864:5: (pc=0:4537)
E       __warp_block_22(match_var)
E       ^************************^
E   /home/greg/dev/nethermind/warp/tests/semantic/solidity/test/libsolidity/semanticTests/tryCatch/malformed_panic.cairo.temp:854:5: (pc=0:4503)
E       __warp_if_11(__warp_subexpr_0, match_var)
E       ^***************************************^
E   /home/greg/dev/nethermind/warp/tests/semantic/solidity/test/libsolidity/semanticTests/tryCatch/malformed_panic.cairo.temp:844:9: (pc=0:4468)
E           __warp_block_24(match_var)
E           ^************************^
E   /home/greg/dev/nethermind/warp/tests/semantic/solidity/test/libsolidity/semanticTests/tryCatch/malformed_panic.cairo.temp:831:5: (pc=0:4451)
E       __warp_if_12(__warp_subexpr_0, match_var)
E       ^***************************************^
E   /home/greg/dev/nethermind/warp/tests/semantic/solidity/test/libsolidity/semanticTests/tryCatch/malformed_panic.cairo.temp:821:9: (pc=0:4416)
E           __warp_block_26(match_var)
E           ^************************^
E   /home/greg/dev/nethermind/warp/tests/semantic/solidity/test/libsolidity/semanticTests/tryCatch/malformed_panic.cairo.temp:808:5: (pc=0:4399)
E       __warp_if_13(__warp_subexpr_0, match_var)
E       ^***************************************^
E   /home/greg/dev/nethermind/warp/tests/semantic/solidity/test/libsolidity/semanticTests/tryCatch/malformed_panic.cairo.temp:798:9: (pc=0:4364)
E           __warp_block_28(match_var)
E           ^************************^

During handling of the above exception, another exception occurred:
tests/semantic/test_semantics.py:161: in test_semantics
    res = await invoke_method_evm_calldata(starknet, contract_address, argument)
../../../warp_dev/lib/python3.7/site-packages/sol_warp-0.2.12-py3.7.egg/yul/starknet_utils.py:30: in invoke_method_evm_calldata
    caller_address=0,
../../../warp_dev/lib/python3.7/site-packages/cairo_lang-0.6.2-py3.7.egg/starkware/starknet/testing/state.py:153: in invoke_raw
    state=state_copy, general_config=self.general_config
../../../warp_dev/lib/python3.7/site-packages/cairo_lang-0.6.2-py3.7.egg/starkware/starknet/business_logic/internal_transaction_interface.py:213: in apply_state_updates
    state=state_to_update, general_config=general_config
../../../warp_dev/lib/python3.7/site-packages/cairo_lang-0.6.2-py3.7.egg/starkware/starknet/business_logic/internal_transaction.py:405: in _apply_specific_state_updates
    func=_synchronous_apply_specific_state_updates,
/usr/lib/python3.7/concurrent/futures/thread.py:57: in run
    result = self.fn(*self.args, **self.kwargs)
../../../warp_dev/lib/python3.7/site-packages/cairo_lang-0.6.2-py3.7.egg/starkware/starknet/business_logic/internal_transaction.py:433: in _synchronous_apply_specific_state_updates
    run_resources=run_resources,
../../../warp_dev/lib/python3.7/site-packages/cairo_lang-0.6.2-py3.7.egg/starkware/starknet/business_logic/internal_transaction.py:559: in _run
    raise StarkException(code=code, message=str(exception))
E   starkware.starkware_utils.error_handling.StarkException: (500, {'code': <StarknetErrorCode.TRANSACTION_FAILED: 28>, 'message': '/home/greg/warp_dev/lib/python3.7/site-packages/cairo_lang-0.6.2-py3.7.egg/starkware/starknet/common/syscalls.cairo:50:5: Error at pc=0:148:\nGot an exception while executing a hint.\n    %{ syscall_handler.call_contract(segments=segments, syscall_ptr=ids.syscall_ptr) %}\n    ^*********************************************************************************^\nCairo traceback (most recent call last):\n/home/greg/dev/nethermind/warp/tests/semantic/solidity/test/libsolidity/semanticTests/tryCatch/malformed_panic.cairo.temp:43:6: (pc=0:2093)\nfunc __main{bitwise_ptr : BitwiseBuiltin*, range_check_ptr, syscall_ptr : felt*}(\n     ^****^\n/home/greg/dev/nethermind/warp/tests/semantic/solidity/test/libsolidity/semanticTests/tryCatch/malformed_panic.cairo.temp:56:9: (pc=0:2035)\n        __main_meat()\n        ^***********^\n/home/greg/dev/nethermind/warp/tests/semantic/solidity/test/libsolidity/semanticTests/tryCatch/malformed_panic.cairo.temp:889:5: (pc=0:4605)\n    __warp_if_10(__warp_subexpr_0)\n    ^****************************^\n/home/greg/dev/nethermind/warp/tests/semantic/solidity/test/libsolidity/semanticTests/tryCatch/malformed_panic.cairo.temp:874:9: (pc=0:4560)\n        __warp_block_21()\n        ^***************^\n/home/greg/dev/nethermind/warp/tests/semantic/solidity/test/libsolidity/semanticTests/tryCatch/malformed_panic.cairo.temp:864:5: (pc=0:4537)\n    __warp_block_22(match_var)\n    ^************************^\n/home/greg/dev/nethermind/warp/tests/semantic/solidity/test/libsolidity/semanticTests/tryCatch/malformed_panic.cairo.temp:854:5: (pc=0:4503)\n    __warp_if_11(__warp_subexpr_0, match_var)\n    ^***************************************^\n/home/greg/dev/nethermind/warp/tests/semantic/solidity/test/libsolidity/semanticTests/tryCatch/malformed_panic.cairo.temp:841:9: (pc=0:4478)\n        __warp_block_23()\n        ^***************^\n/home/greg/dev/nethermind/warp/tests/semantic/solidity/test/libsolidity/semanticTests/tryCatch/malformed_panic.cairo.temp:703:41: (pc=0:4014)\n    let (ret__warp_mangled : Uint256) = fun_a()\n                                        ^*****^\n/home/greg/dev/nethermind/warp/tests/semantic/solidity/test/libsolidity/semanticTests/tryCatch/malformed_panic.cairo.temp:267:43: (pc=0:2714)\n    let (trySuccessCondition : Uint256) = staticcall(\n                                          ^*********^\n/home/greg/dev/nethermind/warp/warp/cairo-src/evm/yul_api.cairo:52:12: (pc=0:1889)\n    return warp_call(gas, address, Uint256(0, 0), in_offset, in_size, out_offset, out_size)\n           ^******************************************************************************^\n/home/greg/dev/nethermind/warp/warp/cairo-src/evm/yul_api.cairo:42:21: (pc=0:1863)\n    let (success) = general_call(\n                    ^***********^\n/home/greg/dev/nethermind/warp/warp/cairo-src/evm/calls.cairo:84:5: (pc=0:1739)\n    call abs call_function\n    ^********************^\n\nError in the called contract (0x7069a55736cc9365614f404cbe2eb272c36618c0db8b41690fca6c5151c5a90):\n/home/greg/dev/nethermind/warp/tests/semantic/solidity/test/libsolidity/semanticTests/tryCatch/malformed_panic.cairo.temp:781:9: Error at pc=0:4346:\nAn ASSERT_EQ instruction failed: 1 != 0.\n        assert 0 = 1\n        ^**********^\nCairo traceback (most recent call last):\n/home/greg/dev/nethermind/warp/tests/semantic/solidity/test/libsolidity/semanticTests/tryCatch/malformed_panic.cairo.temp:43:6: (pc=0:2093)\nfunc __main{bitwise_ptr : BitwiseBuiltin*, range_check_ptr, syscall_ptr : felt*}(\n     ^****^\n/home/greg/dev/nethermind/warp/tests/semantic/solidity/test/libsolidity/semanticTests/tryCatch/malformed_panic.cairo.temp:56:9: (pc=0:2035)\n        __main_meat()\n        ^***********^\n/home/greg/dev/nethermind/warp/tests/semantic/solidity/test/libsolidity/semanticTests/tryCatch/malformed_panic.cairo.temp:889:5: (pc=0:4605)\n    __warp_if_10(__warp_subexpr_0)\n    ^****************************^\n/home/greg/dev/nethermind/warp/tests/semantic/solidity/test/libsolidity/semanticTests/tryCatch/malformed_panic.cairo.temp:874:9: (pc=0:4560)\n        __warp_block_21()\n        ^***************^\n/home/greg/dev/nethermind/warp/tests/semantic/solidity/test/libsolidity/semanticTests/tryCatch/malformed_panic.cairo.temp:864:5: (pc=0:4537)\n    __warp_block_22(match_var)\n    ^************************^\n/home/greg/dev/nethermind/warp/tests/semantic/solidity/test/libsolidity/semanticTests/tryCatch/malformed_panic.cairo.temp:854:5: (pc=0:4503)\n    __warp_if_11(__warp_subexpr_0, match_var)\n    ^***************************************^\n/home/greg/dev/nethermind/warp/tests/semantic/solidity/test/libsolidity/semanticTests/tryCatch/malformed_panic.cairo.temp:844:9: (pc=0:4468)\n        __warp_block_24(match_var)\n        ^************************^\n/home/greg/dev/nethermind/warp/tests/semantic/solidity/test/libsolidity/semanticTests/tryCatch/malformed_panic.cairo.temp:831:5: (pc=0:4451)\n    __warp_if_12(__warp_subexpr_0, match_var)\n    ^***************************************^\n/home/greg/dev/nethermind/warp/tests/semantic/solidity/test/libsolidity/semanticTests/tryCatch/malformed_panic.cairo.temp:821:9: (pc=0:4416)\n        __warp_block_26(match_var)\n        ^************************^\n/home/greg/dev/nethermind/warp/tests/semantic/solidity/test/libsolidity/semanticTests/tryCatch/malformed_panic.cairo.temp:808:5: (pc=0:4399)\n    __warp_if_13(__warp_subexpr_0, match_var)\n    ^***************************************^\n/home/greg/dev/nethermind/warp/tests/semantic/solidity/test/libsolidity/semanticTests/tryCatch/malformed_panic.cairo.temp:798:9: (pc=0:4364)\n        __warp_block_28(match_var)\n        ^************************^'})
------------------------------------------------------------------------------------------------------------------- Captured stderr call -------------------------------------------------------------------------------------------------------------------
Warning: SPDX license identifier not provided in source file. Before publishing, consider adding a comment containing "SPDX-License-Identifier: <SPDX-License>" to each source file. Use "SPDX-License-Identifier: UNLICENSED" for non-open-source code. Please see https://spdx.org for more information.
--> tests/semantic/solidity/test/libsolidity/semanticTests/errors/simple_marked.sol

____________________________________________________________ test_semantics[/home/greg/dev/nethermind/warp/tests/semantic/solidity/test/libsolidity/semanticTests/tryCatch/return_function.sol] ____________________________________________________________
FAILURE: /home/greg/dev/nethermind/warp/tests/semantic/solidity/test/libsolidity/semanticTests/tryCatch/return_function.cairo.temp
assert '0x0000000000...0000000000009' == '0x0000000000...0000000000009'
  - 0x00000000000000000000000000000000000000000000000000000000000000010fdd67305928fcac8d213d1e47bfa6165cd0b87b946644cd00000000000000000000000000000000000000000000000000000000000000000000000000000009
  + 0x000000000000000000000000000000000000000000000000000000000000000158d53c7de086b88a839a158bd2bd523f1d43d28d946644cd000000000000000000000000000000000000000000000000000000000000000000000000000000000000000000000000000000000000000000000000000000000000000000000009
tests/semantic/test_semantics.py:173 in test_semantics() -> check.equal(final_res, expected_result, cairo_file_path)
------------------------------------------------------------
Failed Checks: 1
------------------------------------------------------------------------------------------------------------------- Captured stdout call -------------------------------------------------------------------------------------------------------------------
{'callData': '0x26121ff0', 'expectations': '0x00000000000000000000000000000000000000000000000000000000000000010fdd67305928fcac8d213d1e47bfa6165cd0b87b946644cd00000000000000000000000000000000000000000000000000000000000000000000000000000009', 'failure': False, 'signature': 'f()'}
------------------------------------------------------------------------------------------------------------------- Captured stderr call -------------------------------------------------------------------------------------------------------------------
Warning: SPDX license identifier not provided in source file. Before publishing, consider adding a comment containing "SPDX-License-Identifier: <SPDX-License>" to each source file. Use "SPDX-License-Identifier: UNLICENSED" for non-open-source code. Please see https://spdx.org for more information.
--> tests/semantic/solidity/test/libsolidity/semanticTests/errors/revert_conversion_marked.sol

Warning: SPDX license identifier not provided in source file. Before publishing, consider adding a comment containing "SPDX-License-Identifier: <SPDX-License>" to each source file. Use "SPDX-License-Identifier: UNLICENSED" for non-open-source code. Please see https://spdx.org for more information.
--> tests/semantic/solidity/test/libsolidity/semanticTests/errors/via_contract_type_marked.sol

____________________________________________________________ test_semantics[/home/greg/dev/nethermind/warp/tests/semantic/solidity/test/libsolidity/semanticTests/errors/panic_via_import.sol] _____________________________________________________________
tests/semantic/test_semantics.py:126: in test_semantics
    contract_file, get_last_contract(contract_file)
../../../warp_dev/lib/python3.7/site-packages/sol_warp-0.2.12-py3.7.egg/yul/main.py:49: in transpile_from_solidity
    output = get_for_contract(sol_src_path_modified, main_contract, ["abi"])
../../../warp_dev/lib/python3.7/site-packages/sol_warp-0.2.12-py3.7.egg/yul/utils.py:136: in get_for_contract
    get_source_version(sol_source)
../../../warp_dev/lib/python3.7/site-packages/sol_warp-0.2.12-py3.7.egg/yul/utils.py:146: in get_source_version
    with open(sol_source) as f:
E   FileNotFoundError: [Errno 2] No such file or directory: '/home/greg/dev/nethermind/warp/tests/semantic/solidity/test/libsolidity/semanticTests/errors/panic_via_import_marked.sol'
_______________________________________________________________ test_semantics[/home/greg/dev/nethermind/warp/tests/semantic/solidity/test/libsolidity/semanticTests/tryCatch/lowLevel.sol] ________________________________________________________________
../../../warp_dev/lib/python3.7/site-packages/cairo_lang-0.6.2-py3.7.egg/starkware/starknet/business_logic/internal_transaction.py:539: in _run
    verify_secure=True,
../../../warp_dev/lib/python3.7/site-packages/cairo_lang-0.6.2-py3.7.egg/starkware/cairo/common/cairo_function_runner.py:199: in run_from_entrypoint
    self.run_until_pc(addr=end, run_resources=run_resources)
../../../warp_dev/lib/python3.7/site-packages/cairo_lang-0.6.2-py3.7.egg/starkware/cairo/lang/vm/cairo_runner.py:284: in run_until_pc
    self.vm_step()
../../../warp_dev/lib/python3.7/site-packages/cairo_lang-0.6.2-py3.7.egg/starkware/cairo/lang/vm/cairo_runner.py:298: in vm_step
    self.vm.step()
../../../warp_dev/lib/python3.7/site-packages/cairo_lang-0.6.2-py3.7.egg/starkware/cairo/lang/vm/virtual_machine_base.py:241: in step
    self.exec_hint(hint.compiled, exec_locals, hint_index=hint_index)
../../../warp_dev/lib/python3.7/site-packages/cairo_lang-0.6.2-py3.7.egg/starkware/cairo/lang/vm/virtual_machine_base.py:281: in exec_hint
    ) from None
E   starkware.cairo.lang.vm.vm_exceptions.VmException: /home/greg/warp_dev/lib/python3.7/site-packages/cairo_lang-0.6.2-py3.7.egg/starkware/starknet/common/syscalls.cairo:50:5: Error at pc=0:148:
E   Got an exception while executing a hint.
E       %{ syscall_handler.call_contract(segments=segments, syscall_ptr=ids.syscall_ptr) %}
E       ^*********************************************************************************^
E   Cairo traceback (most recent call last):
E   /home/greg/dev/nethermind/warp/tests/semantic/solidity/test/libsolidity/semanticTests/tryCatch/lowLevel.cairo.temp:43:6: (pc=0:2093)
E   func __main{bitwise_ptr : BitwiseBuiltin*, range_check_ptr, syscall_ptr : felt*}(
E        ^****^
E   /home/greg/dev/nethermind/warp/tests/semantic/solidity/test/libsolidity/semanticTests/tryCatch/lowLevel.cairo.temp:56:9: (pc=0:2035)
E           __main_meat()
E           ^***********^
E   /home/greg/dev/nethermind/warp/tests/semantic/solidity/test/libsolidity/semanticTests/tryCatch/lowLevel.cairo.temp:513:5: (pc=0:3593)
E       __warp_if_1(__warp_subexpr_0)
E       ^***************************^
E   /home/greg/dev/nethermind/warp/tests/semantic/solidity/test/libsolidity/semanticTests/tryCatch/lowLevel.cairo.temp:498:9: (pc=0:3548)
E           __warp_block_1()
E           ^**************^
E   /home/greg/dev/nethermind/warp/tests/semantic/solidity/test/libsolidity/semanticTests/tryCatch/lowLevel.cairo.temp:488:5: (pc=0:3525)
E       __warp_block_2()
E       ^**************^
E   /home/greg/dev/nethermind/warp/tests/semantic/solidity/test/libsolidity/semanticTests/tryCatch/lowLevel.cairo.temp:480:5: (pc=0:3513)
E       __warp_block_3(match_var)
E       ^***********************^
E   /home/greg/dev/nethermind/warp/tests/semantic/solidity/test/libsolidity/semanticTests/tryCatch/lowLevel.cairo.temp:470:5: (pc=0:3479)
E       __warp_if_2(__warp_subexpr_0, match_var)
E       ^**************************************^
E   /home/greg/dev/nethermind/warp/tests/semantic/solidity/test/libsolidity/semanticTests/tryCatch/lowLevel.cairo.temp:457:9: (pc=0:3454)
E           __warp_block_4()
E           ^**************^
E   /home/greg/dev/nethermind/warp/tests/semantic/solidity/test/libsolidity/semanticTests/tryCatch/lowLevel.cairo.temp:394:43: (pc=0:3220)
E       let (trySuccessCondition : Uint256) = staticcall(
E                                             ^*********^
E   /home/greg/dev/nethermind/warp/warp/cairo-src/evm/yul_api.cairo:52:12: (pc=0:1889)
E       return warp_call(gas, address, Uint256(0, 0), in_offset, in_size, out_offset, out_size)
E              ^******************************************************************************^
E   /home/greg/dev/nethermind/warp/warp/cairo-src/evm/yul_api.cairo:42:21: (pc=0:1863)
E       let (success) = general_call(
E                       ^***********^
E   /home/greg/dev/nethermind/warp/warp/cairo-src/evm/calls.cairo:84:5: (pc=0:1739)
E       call abs call_function
E       ^********************^
E   
E   Error in the called contract (0x67f6e08711d8a3fd05942e4a0dd70a248c6d8cbb704f899b3fd6b15fafc9d3e):
E   /home/greg/dev/nethermind/warp/tests/semantic/solidity/test/libsolidity/semanticTests/tryCatch/lowLevel.cairo.temp:218:9: Error at pc=0:2706:
E   An ASSERT_EQ instruction failed: 1 != 0.
E           assert 0 = 1
E           ^**********^
E   Cairo traceback (most recent call last):
E   /home/greg/dev/nethermind/warp/tests/semantic/solidity/test/libsolidity/semanticTests/tryCatch/lowLevel.cairo.temp:43:6: (pc=0:2093)
E   func __main{bitwise_ptr : BitwiseBuiltin*, range_check_ptr, syscall_ptr : felt*}(
E        ^****^
E   /home/greg/dev/nethermind/warp/tests/semantic/solidity/test/libsolidity/semanticTests/tryCatch/lowLevel.cairo.temp:56:9: (pc=0:2035)
E           __main_meat()
E           ^***********^
E   /home/greg/dev/nethermind/warp/tests/semantic/solidity/test/libsolidity/semanticTests/tryCatch/lowLevel.cairo.temp:513:5: (pc=0:3593)
E       __warp_if_1(__warp_subexpr_0)
E       ^***************************^
E   /home/greg/dev/nethermind/warp/tests/semantic/solidity/test/libsolidity/semanticTests/tryCatch/lowLevel.cairo.temp:498:9: (pc=0:3548)
E           __warp_block_1()
E           ^**************^
E   /home/greg/dev/nethermind/warp/tests/semantic/solidity/test/libsolidity/semanticTests/tryCatch/lowLevel.cairo.temp:488:5: (pc=0:3525)
E       __warp_block_2()
E       ^**************^
E   /home/greg/dev/nethermind/warp/tests/semantic/solidity/test/libsolidity/semanticTests/tryCatch/lowLevel.cairo.temp:480:5: (pc=0:3513)
E       __warp_block_3(match_var)
E       ^***********************^
E   /home/greg/dev/nethermind/warp/tests/semantic/solidity/test/libsolidity/semanticTests/tryCatch/lowLevel.cairo.temp:470:5: (pc=0:3479)
E       __warp_if_2(__warp_subexpr_0, match_var)
E       ^**************************************^
E   /home/greg/dev/nethermind/warp/tests/semantic/solidity/test/libsolidity/semanticTests/tryCatch/lowLevel.cairo.temp:460:9: (pc=0:3437)
E           __warp_block_12(match_var)
E           ^************************^
E   /home/greg/dev/nethermind/warp/tests/semantic/solidity/test/libsolidity/semanticTests/tryCatch/lowLevel.cairo.temp:447:5: (pc=0:3421)
E       __warp_if_6(__warp_subexpr_0)
E       ^***************************^
E   /home/greg/dev/nethermind/warp/tests/semantic/solidity/test/libsolidity/semanticTests/tryCatch/lowLevel.cairo.temp:435:9: (pc=0:3399)
E           __warp_block_13()
E           ^***************^
E   /home/greg/dev/nethermind/warp/tests/semantic/solidity/test/libsolidity/semanticTests/tryCatch/lowLevel.cairo.temp:421:58: (pc=0:3329)
E       let (ret__warp_mangled : Uint256, ret_1 : Uint256) = fun_g(__warp_subexpr_0)
E                                                            ^*********************^

During handling of the above exception, another exception occurred:
tests/semantic/test_semantics.py:161: in test_semantics
    res = await invoke_method_evm_calldata(starknet, contract_address, argument)
../../../warp_dev/lib/python3.7/site-packages/sol_warp-0.2.12-py3.7.egg/yul/starknet_utils.py:30: in invoke_method_evm_calldata
    caller_address=0,
../../../warp_dev/lib/python3.7/site-packages/cairo_lang-0.6.2-py3.7.egg/starkware/starknet/testing/state.py:153: in invoke_raw
    state=state_copy, general_config=self.general_config
../../../warp_dev/lib/python3.7/site-packages/cairo_lang-0.6.2-py3.7.egg/starkware/starknet/business_logic/internal_transaction_interface.py:213: in apply_state_updates
    state=state_to_update, general_config=general_config
../../../warp_dev/lib/python3.7/site-packages/cairo_lang-0.6.2-py3.7.egg/starkware/starknet/business_logic/internal_transaction.py:405: in _apply_specific_state_updates
    func=_synchronous_apply_specific_state_updates,
/usr/lib/python3.7/concurrent/futures/thread.py:57: in run
    result = self.fn(*self.args, **self.kwargs)
../../../warp_dev/lib/python3.7/site-packages/cairo_lang-0.6.2-py3.7.egg/starkware/starknet/business_logic/internal_transaction.py:433: in _synchronous_apply_specific_state_updates
    run_resources=run_resources,
../../../warp_dev/lib/python3.7/site-packages/cairo_lang-0.6.2-py3.7.egg/starkware/starknet/business_logic/internal_transaction.py:559: in _run
    raise StarkException(code=code, message=str(exception))
E   starkware.starkware_utils.error_handling.StarkException: (500, {'code': <StarknetErrorCode.TRANSACTION_FAILED: 28>, 'message': '/home/greg/warp_dev/lib/python3.7/site-packages/cairo_lang-0.6.2-py3.7.egg/starkware/starknet/common/syscalls.cairo:50:5: Error at pc=0:148:\nGot an exception while executing a hint.\n    %{ syscall_handler.call_contract(segments=segments, syscall_ptr=ids.syscall_ptr) %}\n    ^*********************************************************************************^\nCairo traceback (most recent call last):\n/home/greg/dev/nethermind/warp/tests/semantic/solidity/test/libsolidity/semanticTests/tryCatch/lowLevel.cairo.temp:43:6: (pc=0:2093)\nfunc __main{bitwise_ptr : BitwiseBuiltin*, range_check_ptr, syscall_ptr : felt*}(\n     ^****^\n/home/greg/dev/nethermind/warp/tests/semantic/solidity/test/libsolidity/semanticTests/tryCatch/lowLevel.cairo.temp:56:9: (pc=0:2035)\n        __main_meat()\n        ^***********^\n/home/greg/dev/nethermind/warp/tests/semantic/solidity/test/libsolidity/semanticTests/tryCatch/lowLevel.cairo.temp:513:5: (pc=0:3593)\n    __warp_if_1(__warp_subexpr_0)\n    ^***************************^\n/home/greg/dev/nethermind/warp/tests/semantic/solidity/test/libsolidity/semanticTests/tryCatch/lowLevel.cairo.temp:498:9: (pc=0:3548)\n        __warp_block_1()\n        ^**************^\n/home/greg/dev/nethermind/warp/tests/semantic/solidity/test/libsolidity/semanticTests/tryCatch/lowLevel.cairo.temp:488:5: (pc=0:3525)\n    __warp_block_2()\n    ^**************^\n/home/greg/dev/nethermind/warp/tests/semantic/solidity/test/libsolidity/semanticTests/tryCatch/lowLevel.cairo.temp:480:5: (pc=0:3513)\n    __warp_block_3(match_var)\n    ^***********************^\n/home/greg/dev/nethermind/warp/tests/semantic/solidity/test/libsolidity/semanticTests/tryCatch/lowLevel.cairo.temp:470:5: (pc=0:3479)\n    __warp_if_2(__warp_subexpr_0, match_var)\n    ^**************************************^\n/home/greg/dev/nethermind/warp/tests/semantic/solidity/test/libsolidity/semanticTests/tryCatch/lowLevel.cairo.temp:457:9: (pc=0:3454)\n        __warp_block_4()\n        ^**************^\n/home/greg/dev/nethermind/warp/tests/semantic/solidity/test/libsolidity/semanticTests/tryCatch/lowLevel.cairo.temp:394:43: (pc=0:3220)\n    let (trySuccessCondition : Uint256) = staticcall(\n                                          ^*********^\n/home/greg/dev/nethermind/warp/warp/cairo-src/evm/yul_api.cairo:52:12: (pc=0:1889)\n    return warp_call(gas, address, Uint256(0, 0), in_offset, in_size, out_offset, out_size)\n           ^******************************************************************************^\n/home/greg/dev/nethermind/warp/warp/cairo-src/evm/yul_api.cairo:42:21: (pc=0:1863)\n    let (success) = general_call(\n                    ^***********^\n/home/greg/dev/nethermind/warp/warp/cairo-src/evm/calls.cairo:84:5: (pc=0:1739)\n    call abs call_function\n    ^********************^\n\nError in the called contract (0x67f6e08711d8a3fd05942e4a0dd70a248c6d8cbb704f899b3fd6b15fafc9d3e):\n/home/greg/dev/nethermind/warp/tests/semantic/solidity/test/libsolidity/semanticTests/tryCatch/lowLevel.cairo.temp:218:9: Error at pc=0:2706:\nAn ASSERT_EQ instruction failed: 1 != 0.\n        assert 0 = 1\n        ^**********^\nCairo traceback (most recent call last):\n/home/greg/dev/nethermind/warp/tests/semantic/solidity/test/libsolidity/semanticTests/tryCatch/lowLevel.cairo.temp:43:6: (pc=0:2093)\nfunc __main{bitwise_ptr : BitwiseBuiltin*, range_check_ptr, syscall_ptr : felt*}(\n     ^****^\n/home/greg/dev/nethermind/warp/tests/semantic/solidity/test/libsolidity/semanticTests/tryCatch/lowLevel.cairo.temp:56:9: (pc=0:2035)\n        __main_meat()\n        ^***********^\n/home/greg/dev/nethermind/warp/tests/semantic/solidity/test/libsolidity/semanticTests/tryCatch/lowLevel.cairo.temp:513:5: (pc=0:3593)\n    __warp_if_1(__warp_subexpr_0)\n    ^***************************^\n/home/greg/dev/nethermind/warp/tests/semantic/solidity/test/libsolidity/semanticTests/tryCatch/lowLevel.cairo.temp:498:9: (pc=0:3548)\n        __warp_block_1()\n        ^**************^\n/home/greg/dev/nethermind/warp/tests/semantic/solidity/test/libsolidity/semanticTests/tryCatch/lowLevel.cairo.temp:488:5: (pc=0:3525)\n    __warp_block_2()\n    ^**************^\n/home/greg/dev/nethermind/warp/tests/semantic/solidity/test/libsolidity/semanticTests/tryCatch/lowLevel.cairo.temp:480:5: (pc=0:3513)\n    __warp_block_3(match_var)\n    ^***********************^\n/home/greg/dev/nethermind/warp/tests/semantic/solidity/test/libsolidity/semanticTests/tryCatch/lowLevel.cairo.temp:470:5: (pc=0:3479)\n    __warp_if_2(__warp_subexpr_0, match_var)\n    ^**************************************^\n/home/greg/dev/nethermind/warp/tests/semantic/solidity/test/libsolidity/semanticTests/tryCatch/lowLevel.cairo.temp:460:9: (pc=0:3437)\n        __warp_block_12(match_var)\n        ^************************^\n/home/greg/dev/nethermind/warp/tests/semantic/solidity/test/libsolidity/semanticTests/tryCatch/lowLevel.cairo.temp:447:5: (pc=0:3421)\n    __warp_if_6(__warp_subexpr_0)\n    ^***************************^\n/home/greg/dev/nethermind/warp/tests/semantic/solidity/test/libsolidity/semanticTests/tryCatch/lowLevel.cairo.temp:435:9: (pc=0:3399)\n        __warp_block_13()\n        ^***************^\n/home/greg/dev/nethermind/warp/tests/semantic/solidity/test/libsolidity/semanticTests/tryCatch/lowLevel.cairo.temp:421:58: (pc=0:3329)\n    let (ret__warp_mangled : Uint256, ret_1 : Uint256) = fun_g(__warp_subexpr_0)\n                                                         ^*********************^'})
------------------------------------------------------------------------------------------------------------------- Captured stdout call -------------------------------------------------------------------------------------------------------------------
{'callData': '0x98c3a6c10000000000000000000000000000000000000000000000000000000000000000', 'expectations': '0x000000000000000000000000000000000000000000000000000000000000000000000000000000000000000000000000000000000000000000000000000000000000000000000000000000000000000000000000000000000000000000000060000000000000000000000000000000000000000000000000000000000000006408c379a0000000000000000000000000000000000000000000000000000000000000002000000000000000000000000000000000000000000000000000000000000000076d6573736167650000000000000000000000000000000000000000000000000000000000000000000000000000000000000000000000000000000000', 'failure': False, 'signature': 'f(bool)'}
------------------------------------------------------------------------------------------------------------------- Captured stderr call -------------------------------------------------------------------------------------------------------------------
Warning: SPDX license identifier not provided in source file. Before publishing, consider adding a comment containing "SPDX-License-Identifier: <SPDX-License>" to each source file. Use "SPDX-License-Identifier: UNLICENSED" for non-open-source code. Please see https://spdx.org for more information.
--> tests/semantic/solidity/test/libsolidity/semanticTests/errors/named_error_args_marked.sol

_________________________________________________________ test_semantics[/home/greg/dev/nethermind/warp/tests/semantic/solidity/test/libsolidity/semanticTests/freeFunctions/free_runtimecode.sol] _________________________________________________________
tests/semantic/test_semantics.py:126: in test_semantics
    contract_file, get_last_contract(contract_file)
../../../warp_dev/lib/python3.7/site-packages/sol_warp-0.2.12-py3.7.egg/yul/main.py:53: in transpile_from_solidity
    codes = json.loads(result.stdout)
/usr/lib/python3.7/json/__init__.py:348: in loads
    return _default_decoder.decode(s)
/usr/lib/python3.7/json/decoder.py:337: in decode
    obj, end = self.raw_decode(s, idx=_w(s, 0).end())
/usr/lib/python3.7/json/decoder.py:355: in raw_decode
    raise JSONDecodeError("Expecting value", s, err.value) from None
E   json.decoder.JSONDecodeError: Expecting value: line 1 column 1 (char 0)
------------------------------------------------------------------------------------------------------------------- Captured stderr call -------------------------------------------------------------------------------------------------------------------
Warning: SPDX license identifier not provided in source file. Before publishing, consider adding a comment containing "SPDX-License-Identifier: <SPDX-License>" to each source file. Use "SPDX-License-Identifier: UNLICENSED" for non-open-source code. Please see https://spdx.org for more information.
--> tests/semantic/solidity/test/libsolidity/semanticTests/freeFunctions/free_namesake_contract_function_marked.sol

Warning: This declaration shadows an existing declaration.
 --> tests/semantic/solidity/test/libsolidity/semanticTests/freeFunctions/free_namesake_contract_function_marked.sol:4:3:
  |
4 |   function f() public pure returns (uint) {
  |   ^ (Relevant source part starts here and spans across multiple lines).
Note: The shadowed declaration is here:
 --> tests/semantic/solidity/test/libsolidity/semanticTests/freeFunctions/free_namesake_contract_function_marked.sol:2:1:
  |
2 | function f() pure returns (uint) { return 1337; }
  | ^^^^^^^^^^^^^^^^^^^^^^^^^^^^^^^^^^^^^^^^^^^^^^^^^

Warning: SPDX license identifier not provided in source file. Before publishing, consider adding a comment containing "SPDX-License-Identifier: <SPDX-License>" to each source file. Use "SPDX-License-Identifier: UNLICENSED" for non-open-source code. Please see https://spdx.org for more information.
--> tests/semantic/solidity/test/libsolidity/semanticTests/freeFunctions/free_runtimecode_marked.sol

Warning: Function state mutability can be restricted to pure
 --> tests/semantic/solidity/test/libsolidity/semanticTests/freeFunctions/free_runtimecode_marked.sol:5:1:
  |
5 | function test() returns (bool) {
  | ^ (Relevant source part starts here and spans across multiple lines).

_______________________________________________________ test_semantics[/home/greg/dev/nethermind/warp/tests/semantic/solidity/test/libsolidity/semanticTests/freeFunctions/libraries_from_free.sol] ________________________________________________________
tests/semantic/test_semantics.py:126: in test_semantics
    contract_file, get_last_contract(contract_file)
../../../warp_dev/lib/python3.7/site-packages/sol_warp-0.2.12-py3.7.egg/yul/main.py:55: in transpile_from_solidity
    cairo_code = transpile_from_yul(yul_ast)
../../../warp_dev/lib/python3.7/site-packages/sol_warp-0.2.12-py3.7.egg/yul/main.py:86: in transpile_from_yul
    return parse_file(cairo_visitor.translate(yul_ast)).format()
../../../warp_dev/lib/python3.7/site-packages/cairo_lang-0.6.2-py3.7.egg/starkware/cairo/lang/compiler/parser.py:239: in parse_file
    return parse(filename, code, "cairo_file", CairoFile, parser_context=parser_context)
../../../warp_dev/lib/python3.7/site-packages/cairo_lang-0.6.2-py3.7.egg/starkware/cairo/lang/compiler/parser.py:205: in parse
    raise wrap_lark_error(err, input_file) from None
E   starkware.cairo.lang.compiler.parser_transformer.ParserError: <string>:161:156: Unexpected token Token('MINUS', '-'). Expected one of: "(", "[", "cast", NONDET, identifier, integer, integer, register, short string.
E   let (__warp_subexpr_4 : Uint256) = linkersymbol(Uint256(low='olidity/test/libsolidity/semanticTests/freeFunctions/libraries_from_free_marked.sol:L' * 256**-69, high='tests/semantic/s' * 256**0))
E                                                                                                                                                              ^
______________________________________________________________ test_semantics[/home/greg/dev/nethermind/warp/tests/semantic/solidity/test/libsolidity/semanticTests/freeFunctions/import.sol] ______________________________________________________________
tests/semantic/test_semantics.py:126: in test_semantics
    contract_file, get_last_contract(contract_file)
../../../warp_dev/lib/python3.7/site-packages/sol_warp-0.2.12-py3.7.egg/yul/main.py:49: in transpile_from_solidity
    output = get_for_contract(sol_src_path_modified, main_contract, ["abi"])
../../../warp_dev/lib/python3.7/site-packages/sol_warp-0.2.12-py3.7.egg/yul/utils.py:136: in get_for_contract
    get_source_version(sol_source)
../../../warp_dev/lib/python3.7/site-packages/sol_warp-0.2.12-py3.7.egg/yul/utils.py:146: in get_source_version
    with open(sol_source) as f:
E   FileNotFoundError: [Errno 2] No such file or directory: '/home/greg/dev/nethermind/warp/tests/semantic/solidity/test/libsolidity/semanticTests/freeFunctions/import_marked.sol'
------------------------------------------------------------------------------------------------------------------- Captured stderr call -------------------------------------------------------------------------------------------------------------------
Warning: SPDX license identifier not provided in source file. Before publishing, consider adding a comment containing "SPDX-License-Identifier: <SPDX-License>" to each source file. Use "SPDX-License-Identifier: UNLICENSED" for non-open-source code. Please see https://spdx.org for more information.
--> tests/semantic/solidity/test/libsolidity/semanticTests/freeFunctions/storage_calldata_refs_marked.sol

___________________________________________________________ test_semantics[/home/greg/dev/nethermind/warp/tests/semantic/solidity/test/libsolidity/semanticTests/freeFunctions/new_operator.sol] ___________________________________________________________
tests/semantic/test_semantics.py:126: in test_semantics
    contract_file, get_last_contract(contract_file)
../../../warp_dev/lib/python3.7/site-packages/sol_warp-0.2.12-py3.7.egg/yul/main.py:53: in transpile_from_solidity
    codes = json.loads(result.stdout)
/usr/lib/python3.7/json/__init__.py:348: in loads
    return _default_decoder.decode(s)
/usr/lib/python3.7/json/decoder.py:337: in decode
    obj, end = self.raw_decode(s, idx=_w(s, 0).end())
/usr/lib/python3.7/json/decoder.py:355: in raw_decode
    raise JSONDecodeError("Expecting value", s, err.value) from None
E   json.decoder.JSONDecodeError: Expecting value: line 1 column 1 (char 0)
------------------------------------------------------------------------------------------------------------------- Captured stderr call -------------------------------------------------------------------------------------------------------------------
Warning: SPDX license identifier not provided in source file. Before publishing, consider adding a comment containing "SPDX-License-Identifier: <SPDX-License>" to each source file. Use "SPDX-License-Identifier: UNLICENSED" for non-open-source code. Please see https://spdx.org for more information.
--> tests/semantic/solidity/test/libsolidity/semanticTests/freeFunctions/easy_marked.sol

Warning: SPDX license identifier not provided in source file. Before publishing, consider adding a comment containing "SPDX-License-Identifier: <SPDX-License>" to each source file. Use "SPDX-License-Identifier: UNLICENSED" for non-open-source code. Please see https://spdx.org for more information.
--> tests/semantic/solidity/test/libsolidity/semanticTests/freeFunctions/new_operator_marked.sol

__________________________________________________ test_semantics[/home/greg/dev/nethermind/warp/tests/semantic/solidity/test/libsolidity/semanticTests/inheritance/super_in_constructor_assignment.sol] ___________________________________________________
FAILURE: /home/greg/dev/nethermind/warp/tests/semantic/solidity/test/libsolidity/semanticTests/inheritance/super_in_constructor_assignment.cairo.temp
assert '0xffffffffff...ffffffffffff3' == '0x0000000000...000000000000f'
  - 0x000000000000000000000000000000000000000000000000000000000000000f
  + 0xfffffffffffffffffffffffffffffffffffffffffffffffffffffffffffffff3
tests/semantic/test_semantics.py:173 in test_semantics() -> check.equal(final_res, expected_result, cairo_file_path)
------------------------------------------------------------
Failed Checks: 1
_____________________________________________________________ test_semantics[/home/greg/dev/nethermind/warp/tests/semantic/solidity/test/libsolidity/semanticTests/optimizer/shift_bytes.sol] ______________________________________________________________
FAILURE: /home/greg/dev/nethermind/warp/tests/semantic/solidity/test/libsolidity/semanticTests/optimizer/shift_bytes.cairo.temp
assert '0x0000000000...0000000000000' == '0x0000000000...0000000000003'
  - 0x000000000000000000000000000000000000000000000000000000000000001f000000000000000000000000000000000000000000000000000000000000001f0000000000000000000000000000000000000000000000000000000000000003
  ?                                                                                                                                                                                                  ^
  + 0x000000000000000000000000000000000000000000000000000000000000001f000000000000000000000000000000000000000000000000000000000000001f0000000000000000000000000000000000000000000000000000...
  
  ...Full output truncated (2 lines hidden), use '-vv' to show
tests/semantic/test_semantics.py:173 in test_semantics() -> check.equal(final_res, expected_result, cairo_file_path)
FAILURE: /home/greg/dev/nethermind/warp/tests/semantic/solidity/test/libsolidity/semanticTests/optimizer/shift_bytes.cairo.temp
assert '0x0000000000...0000000000000' == '0x0000000000...0000000000005'
  - 0x000000000000000000000000000000000000000000000000000000000000000100000000000000000000000000000000000000000000000000000000000000030000000000000000000000000000000000000000000000000000000000000005
  ?                                                                                                                                  -                                                               ^
  + 0x000000000000000000000000000000000000000000000000000000000000000100000000000000000000000000000000000000000000000000000000000000000000000000000000000000000000000000000000000000000000...
  
  ...Full output truncated (2 lines hidden), use '-vv' to show
tests/semantic/test_semantics.py:173 in test_semantics() -> check.equal(final_res, expected_result, cairo_file_path)
------------------------------------------------------------
Failed Checks: 2
------------------------------------------------------------------------------------------------------------------- Captured stdout call -------------------------------------------------------------------------------------------------------------------
{'callData': '0xe420264a000102030405060708090a0b0c0d0e0f101112131415161718191a1b1c1d1e1f', 'expectations': '0x000000000000000000000000000000000000000000000000000000000000000100000000000000000000000000000000000000000000000000000000000000030000000000000000000000000000000000000000000000000000000000000005', 'failure': False, 'signature': 'g(uint256)'}
_______________________________________________________ test_semantics[/home/greg/dev/nethermind/warp/tests/semantic/solidity/test/libsolidity/semanticTests/viaYul/detect_sub_overflow_signed.sol] ________________________________________________________
../../../warp_dev/lib/python3.7/site-packages/cairo_lang-0.6.2-py3.7.egg/starkware/starknet/business_logic/internal_transaction.py:539: in _run
    verify_secure=True,
../../../warp_dev/lib/python3.7/site-packages/cairo_lang-0.6.2-py3.7.egg/starkware/cairo/common/cairo_function_runner.py:199: in run_from_entrypoint
    self.run_until_pc(addr=end, run_resources=run_resources)
../../../warp_dev/lib/python3.7/site-packages/cairo_lang-0.6.2-py3.7.egg/starkware/cairo/lang/vm/cairo_runner.py:284: in run_until_pc
    self.vm_step()
../../../warp_dev/lib/python3.7/site-packages/cairo_lang-0.6.2-py3.7.egg/starkware/cairo/lang/vm/cairo_runner.py:298: in vm_step
    self.vm.step()
../../../warp_dev/lib/python3.7/site-packages/cairo_lang-0.6.2-py3.7.egg/starkware/cairo/lang/vm/virtual_machine_base.py:255: in step
    self.run_instruction(instruction)
../../../warp_dev/lib/python3.7/site-packages/cairo_lang-0.6.2-py3.7.egg/starkware/cairo/lang/vm/vm_core.py:422: in run_instruction
    raise self.as_vm_exception(exc) from None
E   starkware.cairo.lang.vm.vm_exceptions.VmException: /home/greg/dev/nethermind/warp/tests/semantic/solidity/test/libsolidity/semanticTests/viaYul/detect_sub_overflow_signed.cairo.temp:174:9: Error at pc=0:2628:
E   An ASSERT_EQ instruction failed: 1 != 0.
E           assert 0 = 1
E           ^**********^
E   Cairo traceback (most recent call last):
E   /home/greg/dev/nethermind/warp/tests/semantic/solidity/test/libsolidity/semanticTests/viaYul/detect_sub_overflow_signed.cairo.temp:35:6: (pc=0:2137)
E   func __main{bitwise_ptr : BitwiseBuiltin*, range_check_ptr}(
E        ^****^
E   /home/greg/dev/nethermind/warp/tests/semantic/solidity/test/libsolidity/semanticTests/viaYul/detect_sub_overflow_signed.cairo.temp:48:9: (pc=0:2082)
E           __main_meat()
E           ^***********^
E   /home/greg/dev/nethermind/warp/tests/semantic/solidity/test/libsolidity/semanticTests/viaYul/detect_sub_overflow_signed.cairo.temp:273:5: (pc=0:2938)
E       __warp_if_0(__warp_subexpr_0)
E       ^***************************^
E   /home/greg/dev/nethermind/warp/tests/semantic/solidity/test/libsolidity/semanticTests/viaYul/detect_sub_overflow_signed.cairo.temp:258:9: (pc=0:2894)
E           __warp_block_0()
E           ^**************^
E   /home/greg/dev/nethermind/warp/tests/semantic/solidity/test/libsolidity/semanticTests/viaYul/detect_sub_overflow_signed.cairo.temp:249:5: (pc=0:2873)
E       __warp_block_1(match_var)
E       ^***********************^
E   /home/greg/dev/nethermind/warp/tests/semantic/solidity/test/libsolidity/semanticTests/viaYul/detect_sub_overflow_signed.cairo.temp:239:5: (pc=0:2840)
E       __warp_if_1(__warp_subexpr_0, match_var)
E       ^**************************************^
E   /home/greg/dev/nethermind/warp/tests/semantic/solidity/test/libsolidity/semanticTests/viaYul/detect_sub_overflow_signed.cairo.temp:226:9: (pc=0:2816)
E           __warp_block_2()
E           ^**************^

During handling of the above exception, another exception occurred:
tests/semantic/test_semantics.py:161: in test_semantics
    res = await invoke_method_evm_calldata(starknet, contract_address, argument)
../../../warp_dev/lib/python3.7/site-packages/sol_warp-0.2.12-py3.7.egg/yul/starknet_utils.py:30: in invoke_method_evm_calldata
    caller_address=0,
../../../warp_dev/lib/python3.7/site-packages/cairo_lang-0.6.2-py3.7.egg/starkware/starknet/testing/state.py:153: in invoke_raw
    state=state_copy, general_config=self.general_config
../../../warp_dev/lib/python3.7/site-packages/cairo_lang-0.6.2-py3.7.egg/starkware/starknet/business_logic/internal_transaction_interface.py:213: in apply_state_updates
    state=state_to_update, general_config=general_config
../../../warp_dev/lib/python3.7/site-packages/cairo_lang-0.6.2-py3.7.egg/starkware/starknet/business_logic/internal_transaction.py:405: in _apply_specific_state_updates
    func=_synchronous_apply_specific_state_updates,
/usr/lib/python3.7/concurrent/futures/thread.py:57: in run
    result = self.fn(*self.args, **self.kwargs)
../../../warp_dev/lib/python3.7/site-packages/cairo_lang-0.6.2-py3.7.egg/starkware/starknet/business_logic/internal_transaction.py:433: in _synchronous_apply_specific_state_updates
    run_resources=run_resources,
../../../warp_dev/lib/python3.7/site-packages/cairo_lang-0.6.2-py3.7.egg/starkware/starknet/business_logic/internal_transaction.py:559: in _run
    raise StarkException(code=code, message=str(exception))
E   starkware.starkware_utils.error_handling.StarkException: (500, {'code': <StarknetErrorCode.TRANSACTION_FAILED: 28>, 'message': '/home/greg/dev/nethermind/warp/tests/semantic/solidity/test/libsolidity/semanticTests/viaYul/detect_sub_overflow_signed.cairo.temp:174:9: Error at pc=0:2628:\nAn ASSERT_EQ instruction failed: 1 != 0.\n        assert 0 = 1\n        ^**********^\nCairo traceback (most recent call last):\n/home/greg/dev/nethermind/warp/tests/semantic/solidity/test/libsolidity/semanticTests/viaYul/detect_sub_overflow_signed.cairo.temp:35:6: (pc=0:2137)\nfunc __main{bitwise_ptr : BitwiseBuiltin*, range_check_ptr}(\n     ^****^\n/home/greg/dev/nethermind/warp/tests/semantic/solidity/test/libsolidity/semanticTests/viaYul/detect_sub_overflow_signed.cairo.temp:48:9: (pc=0:2082)\n        __main_meat()\n        ^***********^\n/home/greg/dev/nethermind/warp/tests/semantic/solidity/test/libsolidity/semanticTests/viaYul/detect_sub_overflow_signed.cairo.temp:273:5: (pc=0:2938)\n    __warp_if_0(__warp_subexpr_0)\n    ^***************************^\n/home/greg/dev/nethermind/warp/tests/semantic/solidity/test/libsolidity/semanticTests/viaYul/detect_sub_overflow_signed.cairo.temp:258:9: (pc=0:2894)\n        __warp_block_0()\n        ^**************^\n/home/greg/dev/nethermind/warp/tests/semantic/solidity/test/libsolidity/semanticTests/viaYul/detect_sub_overflow_signed.cairo.temp:249:5: (pc=0:2873)\n    __warp_block_1(match_var)\n    ^***********************^\n/home/greg/dev/nethermind/warp/tests/semantic/solidity/test/libsolidity/semanticTests/viaYul/detect_sub_overflow_signed.cairo.temp:239:5: (pc=0:2840)\n    __warp_if_1(__warp_subexpr_0, match_var)\n    ^**************************************^\n/home/greg/dev/nethermind/warp/tests/semantic/solidity/test/libsolidity/semanticTests/viaYul/detect_sub_overflow_signed.cairo.temp:226:9: (pc=0:2816)\n        __warp_block_2()\n        ^**************^'})
------------------------------------------------------------------------------------------------------------------- Captured stdout call -------------------------------------------------------------------------------------------------------------------
{'callData': '0x0afdb4ea7ffffffffffffffffffffffffffffffffffffffffffffffffffffffffffffff0fffffffffffffffffffffffffffffffffffffffffffffffffffffffffffffff1', 'expectations': '0x7fffffffffffffffffffffffffffffffffffffffffffffffffffffffffffffff', 'failure': False, 'signature': 'f(int256,int256)'}
_________________________________________________________ test_semantics[/home/greg/dev/nethermind/warp/tests/semantic/solidity/test/libsolidity/semanticTests/viaYul/array_function_pointers.sol] _________________________________________________________
tests/semantic/test_semantics.py:126: in test_semantics
    contract_file, get_last_contract(contract_file)
../../../warp_dev/lib/python3.7/site-packages/sol_warp-0.2.12-py3.7.egg/yul/main.py:53: in transpile_from_solidity
    codes = json.loads(result.stdout)
/usr/lib/python3.7/json/__init__.py:348: in loads
    return _default_decoder.decode(s)
/usr/lib/python3.7/json/decoder.py:337: in decode
    obj, end = self.raw_decode(s, idx=_w(s, 0).end())
/usr/lib/python3.7/json/decoder.py:355: in raw_decode
    raise JSONDecodeError("Expecting value", s, err.value) from None
E   json.decoder.JSONDecodeError: Expecting value: line 1 column 1 (char 0)
------------------------------------------------------------------------------------------------------------------- Captured stdout call -------------------------------------------------------------------------------------------------------------------
{'callData': '0xc276103100000000000000000000000000000000000000000000000000000000000000030000000000000000000000000000000000000000000000000000000000000001', 'expectations': '0x00000000000000000000000000000000000000000000000000000000000000030000000000000000000000000000000000000000000000000000000000000064', 'failure': False, 'signature': 'k(uint256,uint256)'}
{'callData': '0xc276103100000000000000000000000000000000000000000000000000000000000000030000000000000000000000000000000000000000000000000000000000000003', 'expectations': '0x00000000000000000000000000000000000000000000000000000000000000630000000000000000000000000000000000000000000000000000000000000063', 'failure': False, 'signature': 'k(uint256,uint256)'}
------------------------------------------------------------------------------------------------------------------- Captured stderr call -------------------------------------------------------------------------------------------------------------------
Warning: SPDX license identifier not provided in source file. Before publishing, consider adding a comment containing "SPDX-License-Identifier: <SPDX-License>" to each source file. Use "SPDX-License-Identifier: UNLICENSED" for non-open-source code. Please see https://spdx.org for more information.
--> tests/semantic/solidity/test/libsolidity/semanticTests/viaYul/calldata_array_three_dimensional_marked.sol

Warning: Function state mutability can be restricted to pure
 --> tests/semantic/solidity/test/libsolidity/semanticTests/viaYul/calldata_array_three_dimensional_marked.sol:4:2:
  |
4 |     function f(uint256[][2][] calldata x, uint256 i, uint256 j, uint256 k) external returns (uint256 a, uint256 b, uint256 c, uint256 d) {
  |     ^ (Relevant source part starts here and spans across multiple lines).

Warning: SPDX license identifier not provided in source file. Before publishing, consider adding a comment containing "SPDX-License-Identifier: <SPDX-License>" to each source file. Use "SPDX-License-Identifier: UNLICENSED" for non-open-source code. Please see https://spdx.org for more information.
--> tests/semantic/solidity/test/libsolidity/semanticTests/viaYul/array_function_pointers_marked.sol

_______________________________________________________ test_semantics[/home/greg/dev/nethermind/warp/tests/semantic/solidity/test/libsolidity/semanticTests/viaYul/detect_add_overflow_signed.sol] ________________________________________________________
../../../warp_dev/lib/python3.7/site-packages/cairo_lang-0.6.2-py3.7.egg/starkware/starknet/business_logic/internal_transaction.py:539: in _run
    verify_secure=True,
../../../warp_dev/lib/python3.7/site-packages/cairo_lang-0.6.2-py3.7.egg/starkware/cairo/common/cairo_function_runner.py:199: in run_from_entrypoint
    self.run_until_pc(addr=end, run_resources=run_resources)
../../../warp_dev/lib/python3.7/site-packages/cairo_lang-0.6.2-py3.7.egg/starkware/cairo/lang/vm/cairo_runner.py:284: in run_until_pc
    self.vm_step()
../../../warp_dev/lib/python3.7/site-packages/cairo_lang-0.6.2-py3.7.egg/starkware/cairo/lang/vm/cairo_runner.py:298: in vm_step
    self.vm.step()
../../../warp_dev/lib/python3.7/site-packages/cairo_lang-0.6.2-py3.7.egg/starkware/cairo/lang/vm/virtual_machine_base.py:255: in step
    self.run_instruction(instruction)
../../../warp_dev/lib/python3.7/site-packages/cairo_lang-0.6.2-py3.7.egg/starkware/cairo/lang/vm/vm_core.py:422: in run_instruction
    raise self.as_vm_exception(exc) from None
E   starkware.cairo.lang.vm.vm_exceptions.VmException: /home/greg/dev/nethermind/warp/tests/semantic/solidity/test/libsolidity/semanticTests/viaYul/detect_add_overflow_signed.cairo.temp:166:9: Error at pc=0:2593:
E   An ASSERT_EQ instruction failed: 1 != 0.
E           assert 0 = 1
E           ^**********^
E   Cairo traceback (most recent call last):
E   /home/greg/dev/nethermind/warp/tests/semantic/solidity/test/libsolidity/semanticTests/viaYul/detect_add_overflow_signed.cairo.temp:35:6: (pc=0:2137)
E   func __main{bitwise_ptr : BitwiseBuiltin*, range_check_ptr}(
E        ^****^
E   /home/greg/dev/nethermind/warp/tests/semantic/solidity/test/libsolidity/semanticTests/viaYul/detect_add_overflow_signed.cairo.temp:48:9: (pc=0:2082)
E           __main_meat()
E           ^***********^
E   /home/greg/dev/nethermind/warp/tests/semantic/solidity/test/libsolidity/semanticTests/viaYul/detect_add_overflow_signed.cairo.temp:273:5: (pc=0:2938)
E       __warp_if_0(__warp_subexpr_0)
E       ^***************************^
E   /home/greg/dev/nethermind/warp/tests/semantic/solidity/test/libsolidity/semanticTests/viaYul/detect_add_overflow_signed.cairo.temp:258:9: (pc=0:2894)
E           __warp_block_0()
E           ^**************^
E   /home/greg/dev/nethermind/warp/tests/semantic/solidity/test/libsolidity/semanticTests/viaYul/detect_add_overflow_signed.cairo.temp:249:5: (pc=0:2873)
E       __warp_block_1(match_var)
E       ^***********************^
E   /home/greg/dev/nethermind/warp/tests/semantic/solidity/test/libsolidity/semanticTests/viaYul/detect_add_overflow_signed.cairo.temp:239:5: (pc=0:2840)
E       __warp_if_1(__warp_subexpr_0, match_var)
E       ^**************************************^
E   /home/greg/dev/nethermind/warp/tests/semantic/solidity/test/libsolidity/semanticTests/viaYul/detect_add_overflow_signed.cairo.temp:226:9: (pc=0:2816)
E           __warp_block_2()
E           ^**************^

During handling of the above exception, another exception occurred:
tests/semantic/test_semantics.py:161: in test_semantics
    res = await invoke_method_evm_calldata(starknet, contract_address, argument)
../../../warp_dev/lib/python3.7/site-packages/sol_warp-0.2.12-py3.7.egg/yul/starknet_utils.py:30: in invoke_method_evm_calldata
    caller_address=0,
../../../warp_dev/lib/python3.7/site-packages/cairo_lang-0.6.2-py3.7.egg/starkware/starknet/testing/state.py:153: in invoke_raw
    state=state_copy, general_config=self.general_config
../../../warp_dev/lib/python3.7/site-packages/cairo_lang-0.6.2-py3.7.egg/starkware/starknet/business_logic/internal_transaction_interface.py:213: in apply_state_updates
    state=state_to_update, general_config=general_config
../../../warp_dev/lib/python3.7/site-packages/cairo_lang-0.6.2-py3.7.egg/starkware/starknet/business_logic/internal_transaction.py:405: in _apply_specific_state_updates
    func=_synchronous_apply_specific_state_updates,
/usr/lib/python3.7/concurrent/futures/thread.py:57: in run
    result = self.fn(*self.args, **self.kwargs)
../../../warp_dev/lib/python3.7/site-packages/cairo_lang-0.6.2-py3.7.egg/starkware/starknet/business_logic/internal_transaction.py:433: in _synchronous_apply_specific_state_updates
    run_resources=run_resources,
../../../warp_dev/lib/python3.7/site-packages/cairo_lang-0.6.2-py3.7.egg/starkware/starknet/business_logic/internal_transaction.py:559: in _run
    raise StarkException(code=code, message=str(exception))
E   starkware.starkware_utils.error_handling.StarkException: (500, {'code': <StarknetErrorCode.TRANSACTION_FAILED: 28>, 'message': '/home/greg/dev/nethermind/warp/tests/semantic/solidity/test/libsolidity/semanticTests/viaYul/detect_add_overflow_signed.cairo.temp:166:9: Error at pc=0:2593:\nAn ASSERT_EQ instruction failed: 1 != 0.\n        assert 0 = 1\n        ^**********^\nCairo traceback (most recent call last):\n/home/greg/dev/nethermind/warp/tests/semantic/solidity/test/libsolidity/semanticTests/viaYul/detect_add_overflow_signed.cairo.temp:35:6: (pc=0:2137)\nfunc __main{bitwise_ptr : BitwiseBuiltin*, range_check_ptr}(\n     ^****^\n/home/greg/dev/nethermind/warp/tests/semantic/solidity/test/libsolidity/semanticTests/viaYul/detect_add_overflow_signed.cairo.temp:48:9: (pc=0:2082)\n        __main_meat()\n        ^***********^\n/home/greg/dev/nethermind/warp/tests/semantic/solidity/test/libsolidity/semanticTests/viaYul/detect_add_overflow_signed.cairo.temp:273:5: (pc=0:2938)\n    __warp_if_0(__warp_subexpr_0)\n    ^***************************^\n/home/greg/dev/nethermind/warp/tests/semantic/solidity/test/libsolidity/semanticTests/viaYul/detect_add_overflow_signed.cairo.temp:258:9: (pc=0:2894)\n        __warp_block_0()\n        ^**************^\n/home/greg/dev/nethermind/warp/tests/semantic/solidity/test/libsolidity/semanticTests/viaYul/detect_add_overflow_signed.cairo.temp:249:5: (pc=0:2873)\n    __warp_block_1(match_var)\n    ^***********************^\n/home/greg/dev/nethermind/warp/tests/semantic/solidity/test/libsolidity/semanticTests/viaYul/detect_add_overflow_signed.cairo.temp:239:5: (pc=0:2840)\n    __warp_if_1(__warp_subexpr_0, match_var)\n    ^**************************************^\n/home/greg/dev/nethermind/warp/tests/semantic/solidity/test/libsolidity/semanticTests/viaYul/detect_add_overflow_signed.cairo.temp:226:9: (pc=0:2816)\n        __warp_block_2()\n        ^**************^'})
------------------------------------------------------------------------------------------------------------------- Captured stdout call -------------------------------------------------------------------------------------------------------------------
{'callData': '0x0afdb4ea00000000000000000000000000000000000000000000000000000000000000050000000000000000000000000000000000000000000000000000000000000006', 'expectations': '0x000000000000000000000000000000000000000000000000000000000000000b', 'failure': False, 'signature': 'f(int256,int256)'}
{'callData': '0x0afdb4eafffffffffffffffffffffffffffffffffffffffffffffffffffffffffffffffe0000000000000000000000000000000000000000000000000000000000000001', 'expectations': '0xffffffffffffffffffffffffffffffffffffffffffffffffffffffffffffffff', 'failure': False, 'signature': 'f(int256,int256)'}
{'callData': '0x0afdb4eafffffffffffffffffffffffffffffffffffffffffffffffffffffffffffffffe0000000000000000000000000000000000000000000000000000000000000002', 'expectations': '0x0000000000000000000000000000000000000000000000000000000000000000', 'failure': False, 'signature': 'f(int256,int256)'}
{'callData': '0x26121ff0', 'expectations': '0x0000000000000000000000000fdd67305928fcac8d213d1e47bfa6165cd0b87b', 'failure': False, 'signature': 'f()'}
{'callData': '0x0afdb4ea0000000000000000000000000000000000000000000000000000000000000002fffffffffffffffffffffffffffffffffffffffffffffffffffffffffffffffe', 'expectations': '0x0000000000000000000000000000000000000000000000000000000000000000', 'failure': False, 'signature': 'f(int256,int256)'}
{'callData': '0xe2179b8e', 'expectations': '0x0000000000000000000000000000000000000000000000000000000000000001', 'failure': False, 'signature': 'g()'}
{'callData': '0x0afdb4eafffffffffffffffffffffffffffffffffffffffffffffffffffffffffffffffbfffffffffffffffffffffffffffffffffffffffffffffffffffffffffffffffa', 'expectations': '0xfffffffffffffffffffffffffffffffffffffffffffffffffffffffffffffff5', 'failure': False, 'signature': 'f(int256,int256)'}
{'callData': '0x0afdb4ea7ffffffffffffffffffffffffffffffffffffffffffffffffffffffffffffff0000000000000000000000000000000000000000000000000000000000000000f', 'expectations': '0x7fffffffffffffffffffffffffffffffffffffffffffffffffffffffffffffff', 'failure': False, 'signature': 'f(int256,int256)'}
------------------------------------------------------------------------------------------------------------------- Captured stderr call -------------------------------------------------------------------------------------------------------------------
Warning: SPDX license identifier not provided in source file. Before publishing, consider adding a comment containing "SPDX-License-Identifier: <SPDX-License>" to each source file. Use "SPDX-License-Identifier: UNLICENSED" for non-open-source code. Please see https://spdx.org for more information.
--> tests/semantic/solidity/test/libsolidity/semanticTests/viaYul/array_storage_index_boundary_test_marked.sol

Warning: SPDX license identifier not provided in source file. Before publishing, consider adding a comment containing "SPDX-License-Identifier: <SPDX-License>" to each source file. Use "SPDX-License-Identifier: UNLICENSED" for non-open-source code. Please see https://spdx.org for more information.
--> tests/semantic/solidity/test/libsolidity/semanticTests/viaYul/detect_add_overflow_marked.sol

____________________________________________________________ test_semantics[/home/greg/dev/nethermind/warp/tests/semantic/solidity/test/libsolidity/semanticTests/viaYul/function_address.sol] _____________________________________________________________
FAILURE: /home/greg/dev/nethermind/warp/tests/semantic/solidity/test/libsolidity/semanticTests/viaYul/function_address.cairo.temp
assert '0x072295f52e...8ea316c1bfa34' == '0x0000000000...fa6165cd0b87b'
  - 0x0000000000000000000000000fdd67305928fcac8d213d1e47bfa6165cd0b87b
  + 0x072295f52e00195567ca1a20600d365597f312545dee633dbc18ea316c1bfa34
tests/semantic/test_semantics.py:173 in test_semantics() -> check.equal(final_res, expected_result, cairo_file_path)
------------------------------------------------------------
Failed Checks: 1
------------------------------------------------------------
../../../warp_dev/lib/python3.7/site-packages/cairo_lang-0.6.2-py3.7.egg/starkware/starknet/business_logic/internal_transaction.py:539: in _run
    verify_secure=True,
../../../warp_dev/lib/python3.7/site-packages/cairo_lang-0.6.2-py3.7.egg/starkware/cairo/common/cairo_function_runner.py:199: in run_from_entrypoint
    self.run_until_pc(addr=end, run_resources=run_resources)
../../../warp_dev/lib/python3.7/site-packages/cairo_lang-0.6.2-py3.7.egg/starkware/cairo/lang/vm/cairo_runner.py:284: in run_until_pc
    self.vm_step()
../../../warp_dev/lib/python3.7/site-packages/cairo_lang-0.6.2-py3.7.egg/starkware/cairo/lang/vm/cairo_runner.py:298: in vm_step
    self.vm.step()
../../../warp_dev/lib/python3.7/site-packages/cairo_lang-0.6.2-py3.7.egg/starkware/cairo/lang/vm/virtual_machine_base.py:255: in step
    self.run_instruction(instruction)
../../../warp_dev/lib/python3.7/site-packages/cairo_lang-0.6.2-py3.7.egg/starkware/cairo/lang/vm/vm_core.py:422: in run_instruction
    raise self.as_vm_exception(exc) from None
E   starkware.cairo.lang.vm.vm_exceptions.VmException: /home/greg/dev/nethermind/warp/tests/semantic/solidity/test/libsolidity/semanticTests/viaYul/function_address.cairo.temp:75:9: Error at pc=0:1804:
E   An ASSERT_EQ instruction failed: 1 != 0.
E           assert 0 = 1
E           ^**********^
E   Cairo traceback (most recent call last):
E   /home/greg/dev/nethermind/warp/tests/semantic/solidity/test/libsolidity/semanticTests/viaYul/function_address.cairo.temp:35:6: (pc=0:1736)
E   func __main{bitwise_ptr : BitwiseBuiltin*, range_check_ptr, syscall_ptr : felt*}(
E        ^****^
E   /home/greg/dev/nethermind/warp/tests/semantic/solidity/test/libsolidity/semanticTests/viaYul/function_address.cairo.temp:48:9: (pc=0:1678)
E           __main_meat()
E           ^***********^
E   /home/greg/dev/nethermind/warp/tests/semantic/solidity/test/libsolidity/semanticTests/viaYul/function_address.cairo.temp:260:5: (pc=0:2385)
E       __warp_if_0(__warp_subexpr_0)
E       ^***************************^
E   /home/greg/dev/nethermind/warp/tests/semantic/solidity/test/libsolidity/semanticTests/viaYul/function_address.cairo.temp:245:9: (pc=0:2340)
E           __warp_block_0()
E           ^**************^
E   /home/greg/dev/nethermind/warp/tests/semantic/solidity/test/libsolidity/semanticTests/viaYul/function_address.cairo.temp:235:5: (pc=0:2317)
E       __warp_block_1()
E       ^**************^
E   /home/greg/dev/nethermind/warp/tests/semantic/solidity/test/libsolidity/semanticTests/viaYul/function_address.cairo.temp:227:5: (pc=0:2305)
E       __warp_block_2(match_var)
E       ^***********************^
E   /home/greg/dev/nethermind/warp/tests/semantic/solidity/test/libsolidity/semanticTests/viaYul/function_address.cairo.temp:217:5: (pc=0:2271)
E       __warp_if_1(__warp_subexpr_0, match_var)
E       ^**************************************^
E   /home/greg/dev/nethermind/warp/tests/semantic/solidity/test/libsolidity/semanticTests/viaYul/function_address.cairo.temp:207:9: (pc=0:2229)
E           __warp_block_4(match_var)
E           ^***********************^
E   /home/greg/dev/nethermind/warp/tests/semantic/solidity/test/libsolidity/semanticTests/viaYul/function_address.cairo.temp:194:5: (pc=0:2213)
E       __warp_if_2(__warp_subexpr_0, match_var)
E       ^**************************************^
E   /home/greg/dev/nethermind/warp/tests/semantic/solidity/test/libsolidity/semanticTests/viaYul/function_address.cairo.temp:184:9: (pc=0:2180)
E           __warp_block_6(match_var)
E           ^***********************^
E   /home/greg/dev/nethermind/warp/tests/semantic/solidity/test/libsolidity/semanticTests/viaYul/function_address.cairo.temp:171:5: (pc=0:2164)
E       __warp_if_3(__warp_subexpr_0)
E       ^***************************^
E   /home/greg/dev/nethermind/warp/tests/semantic/solidity/test/libsolidity/semanticTests/viaYul/function_address.cairo.temp:159:9: (pc=0:2142)
E           __warp_block_7()
E           ^**************^
E   /home/greg/dev/nethermind/warp/tests/semantic/solidity/test/libsolidity/semanticTests/viaYul/function_address.cairo.temp:145:48: (pc=0:2075)
E       let (param : Uint256, param_1 : Uint256) = abi_decode_function_external_nonpayable_returns(
E                                                  ^**********************************************^

During handling of the above exception, another exception occurred:
tests/semantic/test_semantics.py:161: in test_semantics
    res = await invoke_method_evm_calldata(starknet, contract_address, argument)
../../../warp_dev/lib/python3.7/site-packages/sol_warp-0.2.12-py3.7.egg/yul/starknet_utils.py:30: in invoke_method_evm_calldata
    caller_address=0,
../../../warp_dev/lib/python3.7/site-packages/cairo_lang-0.6.2-py3.7.egg/starkware/starknet/testing/state.py:153: in invoke_raw
    state=state_copy, general_config=self.general_config
../../../warp_dev/lib/python3.7/site-packages/cairo_lang-0.6.2-py3.7.egg/starkware/starknet/business_logic/internal_transaction_interface.py:213: in apply_state_updates
    state=state_to_update, general_config=general_config
../../../warp_dev/lib/python3.7/site-packages/cairo_lang-0.6.2-py3.7.egg/starkware/starknet/business_logic/internal_transaction.py:405: in _apply_specific_state_updates
    func=_synchronous_apply_specific_state_updates,
/usr/lib/python3.7/concurrent/futures/thread.py:57: in run
    result = self.fn(*self.args, **self.kwargs)
../../../warp_dev/lib/python3.7/site-packages/cairo_lang-0.6.2-py3.7.egg/starkware/starknet/business_logic/internal_transaction.py:433: in _synchronous_apply_specific_state_updates
    run_resources=run_resources,
../../../warp_dev/lib/python3.7/site-packages/cairo_lang-0.6.2-py3.7.egg/starkware/starknet/business_logic/internal_transaction.py:559: in _run
    raise StarkException(code=code, message=str(exception))
E   starkware.starkware_utils.error_handling.StarkException: (500, {'code': <StarknetErrorCode.TRANSACTION_FAILED: 28>, 'message': '/home/greg/dev/nethermind/warp/tests/semantic/solidity/test/libsolidity/semanticTests/viaYul/function_address.cairo.temp:75:9: Error at pc=0:1804:\nAn ASSERT_EQ instruction failed: 1 != 0.\n        assert 0 = 1\n        ^**********^\nCairo traceback (most recent call last):\n/home/greg/dev/nethermind/warp/tests/semantic/solidity/test/libsolidity/semanticTests/viaYul/function_address.cairo.temp:35:6: (pc=0:1736)\nfunc __main{bitwise_ptr : BitwiseBuiltin*, range_check_ptr, syscall_ptr : felt*}(\n     ^****^\n/home/greg/dev/nethermind/warp/tests/semantic/solidity/test/libsolidity/semanticTests/viaYul/function_address.cairo.temp:48:9: (pc=0:1678)\n        __main_meat()\n        ^***********^\n/home/greg/dev/nethermind/warp/tests/semantic/solidity/test/libsolidity/semanticTests/viaYul/function_address.cairo.temp:260:5: (pc=0:2385)\n    __warp_if_0(__warp_subexpr_0)\n    ^***************************^\n/home/greg/dev/nethermind/warp/tests/semantic/solidity/test/libsolidity/semanticTests/viaYul/function_address.cairo.temp:245:9: (pc=0:2340)\n        __warp_block_0()\n        ^**************^\n/home/greg/dev/nethermind/warp/tests/semantic/solidity/test/libsolidity/semanticTests/viaYul/function_address.cairo.temp:235:5: (pc=0:2317)\n    __warp_block_1()\n    ^**************^\n/home/greg/dev/nethermind/warp/tests/semantic/solidity/test/libsolidity/semanticTests/viaYul/function_address.cairo.temp:227:5: (pc=0:2305)\n    __warp_block_2(match_var)\n    ^***********************^\n/home/greg/dev/nethermind/warp/tests/semantic/solidity/test/libsolidity/semanticTests/viaYul/function_address.cairo.temp:217:5: (pc=0:2271)\n    __warp_if_1(__warp_subexpr_0, match_var)\n    ^**************************************^\n/home/greg/dev/nethermind/warp/tests/semantic/solidity/test/libsolidity/semanticTests/viaYul/function_address.cairo.temp:207:9: (pc=0:2229)\n        __warp_block_4(match_var)\n        ^***********************^\n/home/greg/dev/nethermind/warp/tests/semantic/solidity/test/libsolidity/semanticTests/viaYul/function_address.cairo.temp:194:5: (pc=0:2213)\n    __warp_if_2(__warp_subexpr_0, match_var)\n    ^**************************************^\n/home/greg/dev/nethermind/warp/tests/semantic/solidity/test/libsolidity/semanticTests/viaYul/function_address.cairo.temp:184:9: (pc=0:2180)\n        __warp_block_6(match_var)\n        ^***********************^\n/home/greg/dev/nethermind/warp/tests/semantic/solidity/test/libsolidity/semanticTests/viaYul/function_address.cairo.temp:171:5: (pc=0:2164)\n    __warp_if_3(__warp_subexpr_0)\n    ^***************************^\n/home/greg/dev/nethermind/warp/tests/semantic/solidity/test/libsolidity/semanticTests/viaYul/function_address.cairo.temp:159:9: (pc=0:2142)\n        __warp_block_7()\n        ^**************^\n/home/greg/dev/nethermind/warp/tests/semantic/solidity/test/libsolidity/semanticTests/viaYul/function_address.cairo.temp:145:48: (pc=0:2075)\n    let (param : Uint256, param_1 : Uint256) = abi_decode_function_external_nonpayable_returns(\n                                               ^**********************************************^'})
------------------------------------------------------------------------------------------------------------------- Captured stdout call -------------------------------------------------------------------------------------------------------------------
{'callData': '0xf46552a51122334400112233445566778899aabbccddeeff424242420000000000000000', 'expectations': '0x0000000000000000000000001122334400112233445566778899aabbccddeeff', 'failure': False, 'signature': 'h(function)'}
__________________________________________________________ test_semantics[/home/greg/dev/nethermind/warp/tests/semantic/solidity/test/libsolidity/semanticTests/viaYul/exp_literals_success.sol] ___________________________________________________________
../../../warp_dev/lib/python3.7/site-packages/cairo_lang-0.6.2-py3.7.egg/starkware/cairo/lang/compiler/preprocessor/identifier_collector.py:241: in visit_CodeElementImport
    self.identifiers.get_scope(alias_dst)
../../../warp_dev/lib/python3.7/site-packages/cairo_lang-0.6.2-py3.7.egg/starkware/cairo/lang/compiler/identifier_manager.py:170: in get_scope
    return self.root.get_scope(current_identifier)
../../../warp_dev/lib/python3.7/site-packages/cairo_lang-0.6.2-py3.7.egg/starkware/cairo/lang/compiler/identifier_manager.py:334: in get_scope
    return scope.get_scope(non_parsed)
../../../warp_dev/lib/python3.7/site-packages/cairo_lang-0.6.2-py3.7.egg/starkware/cairo/lang/compiler/identifier_manager.py:334: in get_scope
    return scope.get_scope(non_parsed)
../../../warp_dev/lib/python3.7/site-packages/cairo_lang-0.6.2-py3.7.egg/starkware/cairo/lang/compiler/identifier_manager.py:334: in get_scope
    return scope.get_scope(non_parsed)
../../../warp_dev/lib/python3.7/site-packages/cairo_lang-0.6.2-py3.7.egg/starkware/cairo/lang/compiler/identifier_manager.py:334: in get_scope
    return scope.get_scope(non_parsed)
../../../warp_dev/lib/python3.7/site-packages/cairo_lang-0.6.2-py3.7.egg/starkware/cairo/lang/compiler/identifier_manager.py:339: in get_scope
    raise MissingIdentifierError(fullname=fullname)
E   starkware.cairo.lang.compiler.identifier_manager.MissingIdentifierError: Unknown identifier 'starkware.cairo.common.uint256.uint256_exp'.

During handling of the above exception, another exception occurred:
tests/semantic/test_semantics.py:135: in test_semantics
    contract_definition = await starknet_compile(cairo_file_path)
tests/semantic/test_semantics.py:71: in starknet_compile
    [contract_file], debug_info=True, cairo_path=[cairo_path]
../../../warp_dev/lib/python3.7/site-packages/cairo_lang-0.6.2-py3.7.egg/starkware/starknet/compiler/compile.py:107: in compile_starknet_files
    cairo_path=cairo_path,
../../../warp_dev/lib/python3.7/site-packages/cairo_lang-0.6.2-py3.7.egg/starkware/starknet/compiler/compile.py:128: in compile_starknet_codes
    code=codes, debug_info=debug_info, pass_manager=pass_manager
../../../warp_dev/lib/python3.7/site-packages/cairo_lang-0.6.2-py3.7.egg/starkware/cairo/lang/compiler/cairo_compile.py:230: in compile_cairo_ex
    codes=codes_with_filenames, pass_manager=pass_manager, main_scope=main_scope
../../../warp_dev/lib/python3.7/site-packages/cairo_lang-0.6.2-py3.7.egg/starkware/cairo/lang/compiler/preprocessor/preprocess_codes.py:24: in preprocess_codes
    pass_manager.run(context)
../../../warp_dev/lib/python3.7/site-packages/cairo_lang-0.6.2-py3.7.egg/starkware/cairo/lang/compiler/preprocessor/pass_manager.py:53: in run
    stage.run(context)
../../../warp_dev/lib/python3.7/site-packages/cairo_lang-0.6.2-py3.7.egg/starkware/cairo/lang/compiler/preprocessor/pass_manager.py:104: in run
    modified_modules.append(visitor.visit(module))
../../../warp_dev/lib/python3.7/site-packages/cairo_lang-0.6.2-py3.7.egg/starkware/cairo/lang/compiler/preprocessor/identifier_collector.py:117: in visit
    return super().visit(obj)
../../../warp_dev/lib/python3.7/site-packages/cairo_lang-0.6.2-py3.7.egg/starkware/cairo/lang/compiler/ast/visitor.py:40: in visit
    return getattr(self, f"visit_{type(obj).__name__}", self._visit_default)(obj)
../../../warp_dev/lib/python3.7/site-packages/cairo_lang-0.6.2-py3.7.egg/starkware/cairo/lang/compiler/ast/visitor.py:63: in visit_CairoModule
    cairo_file=CairoFile(code_block=self.visit(module.cairo_file.code_block)),
../../../warp_dev/lib/python3.7/site-packages/cairo_lang-0.6.2-py3.7.egg/starkware/cairo/lang/compiler/preprocessor/identifier_collector.py:117: in visit
    return super().visit(obj)
../../../warp_dev/lib/python3.7/site-packages/cairo_lang-0.6.2-py3.7.egg/starkware/cairo/lang/compiler/ast/visitor.py:40: in visit
    return getattr(self, f"visit_{type(obj).__name__}", self._visit_default)(obj)
../../../warp_dev/lib/python3.7/site-packages/cairo_lang-0.6.2-py3.7.egg/starkware/cairo/lang/compiler/preprocessor/identifier_collector.py:231: in visit_CodeBlock
    self.visit(elm.code_elm)
../../../warp_dev/lib/python3.7/site-packages/cairo_lang-0.6.2-py3.7.egg/starkware/cairo/lang/compiler/preprocessor/identifier_collector.py:117: in visit
    return super().visit(obj)
../../../warp_dev/lib/python3.7/site-packages/cairo_lang-0.6.2-py3.7.egg/starkware/cairo/lang/compiler/ast/visitor.py:40: in visit
    return getattr(self, f"visit_{type(obj).__name__}", self._visit_default)(obj)
../../../warp_dev/lib/python3.7/site-packages/cairo_lang-0.6.2-py3.7.egg/starkware/cairo/lang/compiler/preprocessor/identifier_collector.py:246: in visit_CodeElementImport
    location=import_item.orig_identifier.location,
E   starkware.cairo.lang.compiler.preprocessor.preprocessor_error.PreprocessorError: /home/greg/dev/nethermind/warp/tests/semantic/solidity/test/libsolidity/semanticTests/viaYul/exp_literals_success.cairo.temp:14:66: Cannot import 'uint256_exp' from 'starkware.cairo.common.uint256'.
E   from starkware.cairo.common.uint256 import Uint256, uint256_and, uint256_exp, uint256_sub
E                                                                    ^*********^
------------------------------------------------------------------------------------------------------------------- Captured stderr call -------------------------------------------------------------------------------------------------------------------
Warning: SPDX license identifier not provided in source file. Before publishing, consider adding a comment containing "SPDX-License-Identifier: <SPDX-License>" to each source file. Use "SPDX-License-Identifier: UNLICENSED" for non-open-source code. Please see https://spdx.org for more information.
--> tests/semantic/solidity/test/libsolidity/semanticTests/viaYul/return_marked.sol

Warning: Unreachable code.
 --> tests/semantic/solidity/test/libsolidity/semanticTests/viaYul/return_marked.sol:5:9:
  |
5 |         x = 3;
  |         ^^^^^

Warning: SPDX license identifier not provided in source file. Before publishing, consider adding a comment containing "SPDX-License-Identifier: <SPDX-License>" to each source file. Use "SPDX-License-Identifier: UNLICENSED" for non-open-source code. Please see https://spdx.org for more information.
--> tests/semantic/solidity/test/libsolidity/semanticTests/viaYul/exp_literals_success_marked.sol

Warning: Function state mutability can be restricted to pure
 --> tests/semantic/solidity/test/libsolidity/semanticTests/viaYul/exp_literals_success_marked.sol:3:5:
  |
3 |     function exp_2(uint y) public returns (uint) {
  |     ^ (Relevant source part starts here and spans across multiple lines).

Warning: Function state mutability can be restricted to pure
 --> tests/semantic/solidity/test/libsolidity/semanticTests/viaYul/exp_literals_success_marked.sol:6:5:
  |
6 |     function exp_minus_2(uint y) public returns (int) {
  |     ^ (Relevant source part starts here and spans across multiple lines).

Warning: Function state mutability can be restricted to pure
 --> tests/semantic/solidity/test/libsolidity/semanticTests/viaYul/exp_literals_success_marked.sol:9:5:
  |
9 |     function exp_uint_max(uint y) public returns (uint) {
  |     ^ (Relevant source part starts here and spans across multiple lines).

Warning: Function state mutability can be restricted to pure
  --> tests/semantic/solidity/test/libsolidity/semanticTests/viaYul/exp_literals_success_marked.sol:12:5:
   |
12 |     function exp_int_max(uint y) public returns (int) {
   |     ^ (Relevant source part starts here and spans across multiple lines).

Warning: Function state mutability can be restricted to pure
  --> tests/semantic/solidity/test/libsolidity/semanticTests/viaYul/exp_literals_success_marked.sol:15:5:
   |
15 |     function exp_5(uint y) public returns (uint) {
   |     ^ (Relevant source part starts here and spans across multiple lines).

Warning: Function state mutability can be restricted to pure
  --> tests/semantic/solidity/test/libsolidity/semanticTests/viaYul/exp_literals_success_marked.sol:18:5:
   |
18 |     function exp_minus_5(uint y) public returns (int) {
   |     ^ (Relevant source part starts here and spans across multiple lines).

Warning: Function state mutability can be restricted to pure
  --> tests/semantic/solidity/test/libsolidity/semanticTests/viaYul/exp_literals_success_marked.sol:21:5:
   |
21 |     function exp_256(uint y) public returns (uint) {
   |     ^ (Relevant source part starts here and spans across multiple lines).

Warning: Function state mutability can be restricted to pure
  --> tests/semantic/solidity/test/libsolidity/semanticTests/viaYul/exp_literals_success_marked.sol:24:5:
   |
24 |     function exp_minus_256(uint y) public returns (int) {
   |     ^ (Relevant source part starts here and spans across multiple lines).

______________________________________________________________ test_semantics[/home/greg/dev/nethermind/warp/tests/semantic/solidity/test/libsolidity/semanticTests/viaYul/exp_overflow.sol] _______________________________________________________________
../../../warp_dev/lib/python3.7/site-packages/cairo_lang-0.6.2-py3.7.egg/starkware/cairo/lang/compiler/preprocessor/identifier_collector.py:241: in visit_CodeElementImport
    self.identifiers.get_scope(alias_dst)
../../../warp_dev/lib/python3.7/site-packages/cairo_lang-0.6.2-py3.7.egg/starkware/cairo/lang/compiler/identifier_manager.py:170: in get_scope
    return self.root.get_scope(current_identifier)
../../../warp_dev/lib/python3.7/site-packages/cairo_lang-0.6.2-py3.7.egg/starkware/cairo/lang/compiler/identifier_manager.py:334: in get_scope
    return scope.get_scope(non_parsed)
../../../warp_dev/lib/python3.7/site-packages/cairo_lang-0.6.2-py3.7.egg/starkware/cairo/lang/compiler/identifier_manager.py:334: in get_scope
    return scope.get_scope(non_parsed)
../../../warp_dev/lib/python3.7/site-packages/cairo_lang-0.6.2-py3.7.egg/starkware/cairo/lang/compiler/identifier_manager.py:334: in get_scope
    return scope.get_scope(non_parsed)
../../../warp_dev/lib/python3.7/site-packages/cairo_lang-0.6.2-py3.7.egg/starkware/cairo/lang/compiler/identifier_manager.py:334: in get_scope
    return scope.get_scope(non_parsed)
../../../warp_dev/lib/python3.7/site-packages/cairo_lang-0.6.2-py3.7.egg/starkware/cairo/lang/compiler/identifier_manager.py:339: in get_scope
    raise MissingIdentifierError(fullname=fullname)
E   starkware.cairo.lang.compiler.identifier_manager.MissingIdentifierError: Unknown identifier 'starkware.cairo.common.uint256.uint256_exp'.

During handling of the above exception, another exception occurred:
tests/semantic/test_semantics.py:135: in test_semantics
    contract_definition = await starknet_compile(cairo_file_path)
tests/semantic/test_semantics.py:71: in starknet_compile
    [contract_file], debug_info=True, cairo_path=[cairo_path]
../../../warp_dev/lib/python3.7/site-packages/cairo_lang-0.6.2-py3.7.egg/starkware/starknet/compiler/compile.py:107: in compile_starknet_files
    cairo_path=cairo_path,
../../../warp_dev/lib/python3.7/site-packages/cairo_lang-0.6.2-py3.7.egg/starkware/starknet/compiler/compile.py:128: in compile_starknet_codes
    code=codes, debug_info=debug_info, pass_manager=pass_manager
../../../warp_dev/lib/python3.7/site-packages/cairo_lang-0.6.2-py3.7.egg/starkware/cairo/lang/compiler/cairo_compile.py:230: in compile_cairo_ex
    codes=codes_with_filenames, pass_manager=pass_manager, main_scope=main_scope
../../../warp_dev/lib/python3.7/site-packages/cairo_lang-0.6.2-py3.7.egg/starkware/cairo/lang/compiler/preprocessor/preprocess_codes.py:24: in preprocess_codes
    pass_manager.run(context)
../../../warp_dev/lib/python3.7/site-packages/cairo_lang-0.6.2-py3.7.egg/starkware/cairo/lang/compiler/preprocessor/pass_manager.py:53: in run
    stage.run(context)
../../../warp_dev/lib/python3.7/site-packages/cairo_lang-0.6.2-py3.7.egg/starkware/cairo/lang/compiler/preprocessor/pass_manager.py:104: in run
    modified_modules.append(visitor.visit(module))
../../../warp_dev/lib/python3.7/site-packages/cairo_lang-0.6.2-py3.7.egg/starkware/cairo/lang/compiler/preprocessor/identifier_collector.py:117: in visit
    return super().visit(obj)
../../../warp_dev/lib/python3.7/site-packages/cairo_lang-0.6.2-py3.7.egg/starkware/cairo/lang/compiler/ast/visitor.py:40: in visit
    return getattr(self, f"visit_{type(obj).__name__}", self._visit_default)(obj)
../../../warp_dev/lib/python3.7/site-packages/cairo_lang-0.6.2-py3.7.egg/starkware/cairo/lang/compiler/ast/visitor.py:63: in visit_CairoModule
    cairo_file=CairoFile(code_block=self.visit(module.cairo_file.code_block)),
../../../warp_dev/lib/python3.7/site-packages/cairo_lang-0.6.2-py3.7.egg/starkware/cairo/lang/compiler/preprocessor/identifier_collector.py:117: in visit
    return super().visit(obj)
../../../warp_dev/lib/python3.7/site-packages/cairo_lang-0.6.2-py3.7.egg/starkware/cairo/lang/compiler/ast/visitor.py:40: in visit
    return getattr(self, f"visit_{type(obj).__name__}", self._visit_default)(obj)
../../../warp_dev/lib/python3.7/site-packages/cairo_lang-0.6.2-py3.7.egg/starkware/cairo/lang/compiler/preprocessor/identifier_collector.py:231: in visit_CodeBlock
    self.visit(elm.code_elm)
../../../warp_dev/lib/python3.7/site-packages/cairo_lang-0.6.2-py3.7.egg/starkware/cairo/lang/compiler/preprocessor/identifier_collector.py:117: in visit
    return super().visit(obj)
../../../warp_dev/lib/python3.7/site-packages/cairo_lang-0.6.2-py3.7.egg/starkware/cairo/lang/compiler/ast/visitor.py:40: in visit
    return getattr(self, f"visit_{type(obj).__name__}", self._visit_default)(obj)
../../../warp_dev/lib/python3.7/site-packages/cairo_lang-0.6.2-py3.7.egg/starkware/cairo/lang/compiler/preprocessor/identifier_collector.py:246: in visit_CodeElementImport
    location=import_item.orig_identifier.location,
E   starkware.cairo.lang.compiler.preprocessor.preprocessor_error.PreprocessorError: /home/greg/dev/nethermind/warp/tests/semantic/solidity/test/libsolidity/semanticTests/viaYul/exp_overflow.cairo.temp:15:66: Cannot import 'uint256_exp' from 'starkware.cairo.common.uint256'.
E   from starkware.cairo.common.uint256 import Uint256, uint256_and, uint256_exp, uint256_sub
E                                                                    ^*********^
------------------------------------------------------------------------------------------------------------------- Captured stdout call -------------------------------------------------------------------------------------------------------------------
{'callData': '0x81bc254900000000000000000000000000000000000000000000000000000000000000ff', 'expectations': '0x00000000000000000000000000000000000000000000000000000000000000ff', 'failure': False, 'signature': 'set_get_length(uint256)'}
{'callData': '0x2ae426860000000000000000000000000000000000000000000000000000000000000000', 'expectations': '0x0000000000000000000000000000000000000000000000000000000000000000', 'failure': False, 'signature': 'm1(uint256)'}
{'callData': '0x2ae426860000000000000000000000000000000000000000000000000000000000000001', 'expectations': '0x0000000000000000000000000000000000000000000000000000000000000000', 'failure': False, 'signature': 'm1(uint256)'}
{'callData': '0x2ae4268600000000000000000000000000000000000000000000000000000000000000a7', 'expectations': '0x0000000000000000000000000000000000000000000000000000000000000000', 'failure': False, 'signature': 'm1(uint256)'}
{'callData': '0x1ab06ee5000000000000000000000000000000000000000000000000000000000000000100000000000000000000000000000000000000000000000000000000000000a1', 'expectations': '0x', 'failure': False, 'signature': 'set(uint256,uint256)'}
{'callData': '0x2ae426860000000000000000000000000000000000000000000000000000000000000000', 'expectations': '0x0000000000000000000000000000000000000000000000000000000000000000', 'failure': False, 'signature': 'm1(uint256)'}
------------------------------------------------------------------------------------------------------------------- Captured stderr call -------------------------------------------------------------------------------------------------------------------
Warning: SPDX license identifier not provided in source file. Before publishing, consider adding a comment containing "SPDX-License-Identifier: <SPDX-License>" to each source file. Use "SPDX-License-Identifier: UNLICENSED" for non-open-source code. Please see https://spdx.org for more information.
--> tests/semantic/solidity/test/libsolidity/semanticTests/viaYul/exp_overflow_marked.sol

Warning: Function state mutability can be restricted to pure
 --> tests/semantic/solidity/test/libsolidity/semanticTests/viaYul/exp_overflow_marked.sol:3:5:
  |
3 |     function f(uint8 x, uint8 y) public returns (uint) {
  |     ^ (Relevant source part starts here and spans across multiple lines).

Warning: Function state mutability can be restricted to pure
 --> tests/semantic/solidity/test/libsolidity/semanticTests/viaYul/exp_overflow_marked.sol:6:5:
  |
6 |     function g(uint x, uint y) public returns (uint) {
  |     ^ (Relevant source part starts here and spans across multiple lines).

Warning: SPDX license identifier not provided in source file. Before publishing, consider adding a comment containing "SPDX-License-Identifier: <SPDX-License>" to each source file. Use "SPDX-License-Identifier: UNLICENSED" for non-open-source code. Please see https://spdx.org for more information.
--> tests/semantic/solidity/test/libsolidity/semanticTests/viaYul/array_3d_assignment_marked.sol

----------------------------------------------------------------------------------------------------------------- Captured stdout teardown -----------------------------------------------------------------------------------------------------------------
{'callData': '0x2ae426860000000000000000000000000000000000000000000000000000000000000001', 'expectations': '0x00000000000000000000000000000000000000000000000000000000000000a1', 'failure': False, 'signature': 'm1(uint256)'}
______________________________________________________________ test_semantics[/home/greg/dev/nethermind/warp/tests/semantic/solidity/test/libsolidity/semanticTests/viaYul/string_format.sol] ______________________________________________________________
tests/semantic/test_semantics.py:126: in test_semantics
    contract_file, get_last_contract(contract_file)
../../../warp_dev/lib/python3.7/site-packages/sol_warp-0.2.12-py3.7.egg/yul/main.py:54: in transpile_from_solidity
    yul_ast = parse_to_normalized_ast(codes)
../../../warp_dev/lib/python3.7/site-packages/sol_warp-0.2.12-py3.7.egg/yul/parse_object.py:12: in parse_to_normalized_ast
    runtime_code = parse_node(codes["runtimeCode"])
../../../warp_dev/lib/python3.7/site-packages/sol_warp-0.2.12-py3.7.egg/yul/parse.py:38: in parse_node
    return parser(yul_ast)
../../../warp_dev/lib/python3.7/site-packages/sol_warp-0.2.12-py3.7.egg/yul/parse.py:125: in parse_block
    statements = [parse_statement(x) for x in yul_ast["statements"]]
../../../warp_dev/lib/python3.7/site-packages/sol_warp-0.2.12-py3.7.egg/yul/parse.py:125: in <listcomp>
    statements = [parse_statement(x) for x in yul_ast["statements"]]
../../../warp_dev/lib/python3.7/site-packages/sol_warp-0.2.12-py3.7.egg/yul/parse.py:51: in parse_statement
    node = parse_node(yul_ast)
../../../warp_dev/lib/python3.7/site-packages/sol_warp-0.2.12-py3.7.egg/yul/parse.py:38: in parse_node
    return parser(yul_ast)
../../../warp_dev/lib/python3.7/site-packages/sol_warp-0.2.12-py3.7.egg/yul/parse.py:125: in parse_block
    statements = [parse_statement(x) for x in yul_ast["statements"]]
../../../warp_dev/lib/python3.7/site-packages/sol_warp-0.2.12-py3.7.egg/yul/parse.py:125: in <listcomp>
    statements = [parse_statement(x) for x in yul_ast["statements"]]
../../../warp_dev/lib/python3.7/site-packages/sol_warp-0.2.12-py3.7.egg/yul/parse.py:51: in parse_statement
    node = parse_node(yul_ast)
../../../warp_dev/lib/python3.7/site-packages/sol_warp-0.2.12-py3.7.egg/yul/parse.py:38: in parse_node
    return parser(yul_ast)
../../../warp_dev/lib/python3.7/site-packages/sol_warp-0.2.12-py3.7.egg/yul/parse.py:141: in parse_if
    body = parse_block(yul_ast["body"])
../../../warp_dev/lib/python3.7/site-packages/sol_warp-0.2.12-py3.7.egg/yul/parse.py:27: in inner
    return parser(yul_ast)
../../../warp_dev/lib/python3.7/site-packages/sol_warp-0.2.12-py3.7.egg/yul/parse.py:125: in parse_block
    statements = [parse_statement(x) for x in yul_ast["statements"]]
../../../warp_dev/lib/python3.7/site-packages/sol_warp-0.2.12-py3.7.egg/yul/parse.py:125: in <listcomp>
    statements = [parse_statement(x) for x in yul_ast["statements"]]
../../../warp_dev/lib/python3.7/site-packages/sol_warp-0.2.12-py3.7.egg/yul/parse.py:51: in parse_statement
    node = parse_node(yul_ast)
../../../warp_dev/lib/python3.7/site-packages/sol_warp-0.2.12-py3.7.egg/yul/parse.py:38: in parse_node
    return parser(yul_ast)
../../../warp_dev/lib/python3.7/site-packages/sol_warp-0.2.12-py3.7.egg/yul/parse.py:157: in parse_switch
    [parse_case(x) for x in yul_ast["cases"]],
../../../warp_dev/lib/python3.7/site-packages/sol_warp-0.2.12-py3.7.egg/yul/parse.py:157: in <listcomp>
    [parse_case(x) for x in yul_ast["cases"]],
../../../warp_dev/lib/python3.7/site-packages/sol_warp-0.2.12-py3.7.egg/yul/parse.py:27: in inner
    return parser(yul_ast)
../../../warp_dev/lib/python3.7/site-packages/sol_warp-0.2.12-py3.7.egg/yul/parse.py:149: in parse_case
    parse_block(yul_ast["body"]),
../../../warp_dev/lib/python3.7/site-packages/sol_warp-0.2.12-py3.7.egg/yul/parse.py:27: in inner
    return parser(yul_ast)
../../../warp_dev/lib/python3.7/site-packages/sol_warp-0.2.12-py3.7.egg/yul/parse.py:125: in parse_block
    statements = [parse_statement(x) for x in yul_ast["statements"]]
../../../warp_dev/lib/python3.7/site-packages/sol_warp-0.2.12-py3.7.egg/yul/parse.py:125: in <listcomp>
    statements = [parse_statement(x) for x in yul_ast["statements"]]
../../../warp_dev/lib/python3.7/site-packages/sol_warp-0.2.12-py3.7.egg/yul/parse.py:51: in parse_statement
    node = parse_node(yul_ast)
../../../warp_dev/lib/python3.7/site-packages/sol_warp-0.2.12-py3.7.egg/yul/parse.py:38: in parse_node
    return parser(yul_ast)
../../../warp_dev/lib/python3.7/site-packages/sol_warp-0.2.12-py3.7.egg/yul/parse.py:113: in parse_expression_statement
    return ast.ExpressionStatement(parse_expression(yul_ast["expression"]))
../../../warp_dev/lib/python3.7/site-packages/sol_warp-0.2.12-py3.7.egg/yul/parse.py:47: in parse_expression
    return parse_function_call(yul_ast)
../../../warp_dev/lib/python3.7/site-packages/sol_warp-0.2.12-py3.7.egg/yul/parse.py:27: in inner
    return parser(yul_ast)
../../../warp_dev/lib/python3.7/site-packages/sol_warp-0.2.12-py3.7.egg/yul/parse.py:107: in parse_function_call
    args = [parse_expression(x) for x in yul_ast["arguments"]]
../../../warp_dev/lib/python3.7/site-packages/sol_warp-0.2.12-py3.7.egg/yul/parse.py:107: in <listcomp>
    args = [parse_expression(x) for x in yul_ast["arguments"]]
../../../warp_dev/lib/python3.7/site-packages/sol_warp-0.2.12-py3.7.egg/yul/parse.py:45: in parse_expression
    return parse_literal(yul_ast)
../../../warp_dev/lib/python3.7/site-packages/sol_warp-0.2.12-py3.7.egg/yul/parse.py:27: in inner
    return parser(yul_ast)
../../../warp_dev/lib/python3.7/site-packages/sol_warp-0.2.12-py3.7.egg/yul/parse.py:81: in parse_literal
    parsed_string = literal_eval(f"'{yul_string}'")
/usr/lib/python3.7/ast.py:46: in literal_eval
    node_or_string = parse(node_or_string, mode='eval')
/usr/lib/python3.7/ast.py:35: in parse
    return compile(source, filename, mode, PyCF_ONLY_AST)
E     File "<unknown>", line 1
E       '()[{]}|;:',<.>?'
E                   ^
E   SyntaxError: invalid syntax
------------------------------------------------------------------------------------------------------------------- Captured stdout call -------------------------------------------------------------------------------------------------------------------
{'callData': '0xb5c728f600000000000000000000000000000000000000000000000000000000000000000000000000000000000000000000000000000000000000000000000000000001', 'expectations': '0x0000000000000000000000000000000000000000000000000000000000000000', 'failure': False, 'signature': 'm2(uint256,uint256)'}
{'callData': '0xb5c728f600000000000000000000000000000000000000000000000000000000000000a70000000000000000000000000000000000000000000000000000000000000000', 'expectations': '0x0000000000000000000000000000000000000000000000000000000000000000', 'failure': False, 'signature': 'm2(uint256,uint256)'}
{'callData': '0x7c6ed9ef00000000000000000000000000000000000000000000000000000000000000060000000000000000000000000000000000000000000000000000000000000005', 'expectations': '0x0000000000000000000000000000000000000000000000000000000000000001', 'failure': False, 'signature': 'neq(uint256,uint256)'}
{'callData': '0x42a08c38ffffffffffffffffffffffffffffffffffffffffffffffffffffffffffffffff0000000000000000000000000000000000000000000000000000000000000000', 'expectations': '0x0000000000000000000000000000000000000000000000000000000000000001', 'failure': False, 'signature': 'slt(int256,int256)'}
{'callData': '0xb5c728f600000000000000000000000000000000000000000000000000000000000000a70000000000000000000000000000000000000000000000000000000000000001', 'expectations': '0x0000000000000000000000000000000000000000000000000000000000000023', 'failure': False, 'signature': 'm2(uint256,uint256)'}
------------------------------------------------------------------------------------------------------------------- Captured stderr call -------------------------------------------------------------------------------------------------------------------
Warning: SPDX license identifier not provided in source file. Before publishing, consider adding a comment containing "SPDX-License-Identifier: <SPDX-License>" to each source file. Use "SPDX-License-Identifier: UNLICENSED" for non-open-source code. Please see https://spdx.org for more information.
--> tests/semantic/solidity/test/libsolidity/semanticTests/viaYul/string_format_marked.sol

_______________________________________________________________ test_semantics[/home/greg/dev/nethermind/warp/tests/semantic/solidity/test/libsolidity/semanticTests/viaYul/exp_various.sol] _______________________________________________________________
../../../warp_dev/lib/python3.7/site-packages/cairo_lang-0.6.2-py3.7.egg/starkware/cairo/lang/compiler/preprocessor/identifier_collector.py:241: in visit_CodeElementImport
    self.identifiers.get_scope(alias_dst)
../../../warp_dev/lib/python3.7/site-packages/cairo_lang-0.6.2-py3.7.egg/starkware/cairo/lang/compiler/identifier_manager.py:170: in get_scope
    return self.root.get_scope(current_identifier)
../../../warp_dev/lib/python3.7/site-packages/cairo_lang-0.6.2-py3.7.egg/starkware/cairo/lang/compiler/identifier_manager.py:334: in get_scope
    return scope.get_scope(non_parsed)
../../../warp_dev/lib/python3.7/site-packages/cairo_lang-0.6.2-py3.7.egg/starkware/cairo/lang/compiler/identifier_manager.py:334: in get_scope
    return scope.get_scope(non_parsed)
../../../warp_dev/lib/python3.7/site-packages/cairo_lang-0.6.2-py3.7.egg/starkware/cairo/lang/compiler/identifier_manager.py:334: in get_scope
    return scope.get_scope(non_parsed)
../../../warp_dev/lib/python3.7/site-packages/cairo_lang-0.6.2-py3.7.egg/starkware/cairo/lang/compiler/identifier_manager.py:334: in get_scope
    return scope.get_scope(non_parsed)
../../../warp_dev/lib/python3.7/site-packages/cairo_lang-0.6.2-py3.7.egg/starkware/cairo/lang/compiler/identifier_manager.py:339: in get_scope
    raise MissingIdentifierError(fullname=fullname)
E   starkware.cairo.lang.compiler.identifier_manager.MissingIdentifierError: Unknown identifier 'starkware.cairo.common.uint256.uint256_exp'.

During handling of the above exception, another exception occurred:
tests/semantic/test_semantics.py:135: in test_semantics
    contract_definition = await starknet_compile(cairo_file_path)
tests/semantic/test_semantics.py:71: in starknet_compile
    [contract_file], debug_info=True, cairo_path=[cairo_path]
../../../warp_dev/lib/python3.7/site-packages/cairo_lang-0.6.2-py3.7.egg/starkware/starknet/compiler/compile.py:107: in compile_starknet_files
    cairo_path=cairo_path,
../../../warp_dev/lib/python3.7/site-packages/cairo_lang-0.6.2-py3.7.egg/starkware/starknet/compiler/compile.py:128: in compile_starknet_codes
    code=codes, debug_info=debug_info, pass_manager=pass_manager
../../../warp_dev/lib/python3.7/site-packages/cairo_lang-0.6.2-py3.7.egg/starkware/cairo/lang/compiler/cairo_compile.py:230: in compile_cairo_ex
    codes=codes_with_filenames, pass_manager=pass_manager, main_scope=main_scope
../../../warp_dev/lib/python3.7/site-packages/cairo_lang-0.6.2-py3.7.egg/starkware/cairo/lang/compiler/preprocessor/preprocess_codes.py:24: in preprocess_codes
    pass_manager.run(context)
../../../warp_dev/lib/python3.7/site-packages/cairo_lang-0.6.2-py3.7.egg/starkware/cairo/lang/compiler/preprocessor/pass_manager.py:53: in run
    stage.run(context)
../../../warp_dev/lib/python3.7/site-packages/cairo_lang-0.6.2-py3.7.egg/starkware/cairo/lang/compiler/preprocessor/pass_manager.py:104: in run
    modified_modules.append(visitor.visit(module))
../../../warp_dev/lib/python3.7/site-packages/cairo_lang-0.6.2-py3.7.egg/starkware/cairo/lang/compiler/preprocessor/identifier_collector.py:117: in visit
    return super().visit(obj)
../../../warp_dev/lib/python3.7/site-packages/cairo_lang-0.6.2-py3.7.egg/starkware/cairo/lang/compiler/ast/visitor.py:40: in visit
    return getattr(self, f"visit_{type(obj).__name__}", self._visit_default)(obj)
../../../warp_dev/lib/python3.7/site-packages/cairo_lang-0.6.2-py3.7.egg/starkware/cairo/lang/compiler/ast/visitor.py:63: in visit_CairoModule
    cairo_file=CairoFile(code_block=self.visit(module.cairo_file.code_block)),
../../../warp_dev/lib/python3.7/site-packages/cairo_lang-0.6.2-py3.7.egg/starkware/cairo/lang/compiler/preprocessor/identifier_collector.py:117: in visit
    return super().visit(obj)
../../../warp_dev/lib/python3.7/site-packages/cairo_lang-0.6.2-py3.7.egg/starkware/cairo/lang/compiler/ast/visitor.py:40: in visit
    return getattr(self, f"visit_{type(obj).__name__}", self._visit_default)(obj)
../../../warp_dev/lib/python3.7/site-packages/cairo_lang-0.6.2-py3.7.egg/starkware/cairo/lang/compiler/preprocessor/identifier_collector.py:231: in visit_CodeBlock
    self.visit(elm.code_elm)
../../../warp_dev/lib/python3.7/site-packages/cairo_lang-0.6.2-py3.7.egg/starkware/cairo/lang/compiler/preprocessor/identifier_collector.py:117: in visit
    return super().visit(obj)
../../../warp_dev/lib/python3.7/site-packages/cairo_lang-0.6.2-py3.7.egg/starkware/cairo/lang/compiler/ast/visitor.py:40: in visit
    return getattr(self, f"visit_{type(obj).__name__}", self._visit_default)(obj)
../../../warp_dev/lib/python3.7/site-packages/cairo_lang-0.6.2-py3.7.egg/starkware/cairo/lang/compiler/preprocessor/identifier_collector.py:246: in visit_CodeElementImport
    location=import_item.orig_identifier.location,
E   starkware.cairo.lang.compiler.preprocessor.preprocessor_error.PreprocessorError: /home/greg/dev/nethermind/warp/tests/semantic/solidity/test/libsolidity/semanticTests/viaYul/exp_various.cairo.temp:15:66: Cannot import 'uint256_exp' from 'starkware.cairo.common.uint256'.
E   from starkware.cairo.common.uint256 import Uint256, uint256_and, uint256_exp, uint256_sub
E                                                                    ^*********^
------------------------------------------------------------------------------------------------------------------- Captured stdout call -------------------------------------------------------------------------------------------------------------------
{'callData': '0xe272a16e000000000000000000000000000000000000000000000000000000000000008000000000000000000000000000000000000000000000000000000000000000000000000000000000000000000000000000000000000000000000000000000000000000000000000000000000000000000000000000000000000000000000000000000000000000000000000000000000000000000000000000000000000000010000000000000000000000000000000000000000000000000000000000000020000000000000000000000000000000000000000000000000000000000000004000000000000000000000000000000000000000000000000000000000000000800000000000000000000000000000000000000000000000000000000000000001000000000000000000000000000000000000000000000000000000000000002a00000000000000000000000000000000000000000000000000000000000000010000000000000000000000000000000000000000000000000000000000000017', 'expectations': '0x000000000000000000000000000000000000000000000000000000000000000100000000000000000000000000000000000000000000000000000000000000020000000000000000000000000000000000000000000000000000000000000001000000000000000000000000000000000000000000000000000000000000002a', 'failure': False, 'signature': 'f(uint256[][2][],uint256,uint256,uint256)'}
----------------------------------------------------------------------------------------------------------------- Captured stdout teardown -----------------------------------------------------------------------------------------------------------------
{'callData': '0xe9cc3a6200000000000000000000000000000000000000000000000000000000000000010000000000000000000000000000000000000000000000000000000000000000', 'expectations': '0x0000000000000000000000000000000000000000000000000000000000000000', 'failure': False, 'signature': 'slte(int256,int256)'}
_______________________________________________________________ test_semantics[/home/greg/dev/nethermind/warp/tests/semantic/solidity/test/libsolidity/semanticTests/viaYul/comparison.sol] ________________________________________________________________
FAILURE: /home/greg/dev/nethermind/warp/tests/semantic/solidity/test/libsolidity/semanticTests/viaYul/comparison.cairo.temp
assert '0x0000000000...0000000000001' == '0x0000000000...0000000000000'
  - 0x0000000000000000000000000000000000000000000000000000000000000000
  ?                                                                  ^
  + 0x0000000000000000000000000000000000000000000000000000000000000001
  ?                                                                  ^
tests/semantic/test_semantics.py:173 in test_semantics() -> check.equal(final_res, expected_result, cairo_file_path)
FAILURE: /home/greg/dev/nethermind/warp/tests/semantic/solidity/test/libsolidity/semanticTests/viaYul/comparison.cairo.temp
assert '0x0000000000...0000000000000' == '0x0000000000...0000000000001'
  - 0x0000000000000000000000000000000000000000000000000000000000000001
  ?                                                                  ^
  + 0x0000000000000000000000000000000000000000000000000000000000000000
  ?                                                                  ^
tests/semantic/test_semantics.py:173 in test_semantics() -> check.equal(final_res, expected_result, cairo_file_path)
------------------------------------------------------------
Failed Checks: 2
------------------------------------------------------------------------------------------------------------------- Captured stdout call -------------------------------------------------------------------------------------------------------------------
{'callData': '0xa8f0171800000000000000000000000000000000000000000000000000000000000000010000000000000000000000000000000000000000000000000000000000000000', 'expectations': '0x0000000000000000000000000000000000000000000000000000000000000001', 'failure': False, 'signature': 'sgte(int256,int256)'}
------------------------------------------------------------------------------------------------------------------- Captured stderr call -------------------------------------------------------------------------------------------------------------------
Warning: SPDX license identifier not provided in source file. Before publishing, consider adding a comment containing "SPDX-License-Identifier: <SPDX-License>" to each source file. Use "SPDX-License-Identifier: UNLICENSED" for non-open-source code. Please see https://spdx.org for more information.
--> tests/semantic/solidity/test/libsolidity/semanticTests/viaYul/keccak_marked.sol

____________________________________________________ test_semantics[/home/greg/dev/nethermind/warp/tests/semantic/solidity/test/libsolidity/semanticTests/viaYul/calldata_array_three_dimensional.sol] _____________________________________________________
../../../warp_dev/lib/python3.7/site-packages/cairo_lang-0.6.2-py3.7.egg/starkware/starknet/business_logic/internal_transaction.py:539: in _run
    verify_secure=True,
../../../warp_dev/lib/python3.7/site-packages/cairo_lang-0.6.2-py3.7.egg/starkware/cairo/common/cairo_function_runner.py:199: in run_from_entrypoint
    self.run_until_pc(addr=end, run_resources=run_resources)
../../../warp_dev/lib/python3.7/site-packages/cairo_lang-0.6.2-py3.7.egg/starkware/cairo/lang/vm/cairo_runner.py:284: in run_until_pc
    self.vm_step()
../../../warp_dev/lib/python3.7/site-packages/cairo_lang-0.6.2-py3.7.egg/starkware/cairo/lang/vm/cairo_runner.py:298: in vm_step
    self.vm.step()
../../../warp_dev/lib/python3.7/site-packages/cairo_lang-0.6.2-py3.7.egg/starkware/cairo/lang/vm/virtual_machine_base.py:255: in step
    self.run_instruction(instruction)
../../../warp_dev/lib/python3.7/site-packages/cairo_lang-0.6.2-py3.7.egg/starkware/cairo/lang/vm/vm_core.py:422: in run_instruction
    raise self.as_vm_exception(exc) from None
E   starkware.cairo.lang.vm.vm_exceptions.VmException: /home/greg/dev/nethermind/warp/tests/semantic/solidity/test/libsolidity/semanticTests/viaYul/calldata_array_three_dimensional.cairo.temp:131:9: Error at pc=0:2252:
E   An ASSERT_EQ instruction failed: 1 != 0.
E           assert 0 = 1
E           ^**********^
E   Cairo traceback (most recent call last):
E   /home/greg/dev/nethermind/warp/tests/semantic/solidity/test/libsolidity/semanticTests/viaYul/calldata_array_three_dimensional.cairo.temp:35:6: (pc=0:1936)
E   func __main{bitwise_ptr : BitwiseBuiltin*, range_check_ptr}(
E        ^****^
E   /home/greg/dev/nethermind/warp/tests/semantic/solidity/test/libsolidity/semanticTests/viaYul/calldata_array_three_dimensional.cairo.temp:48:9: (pc=0:1881)
E           __main_meat()
E           ^***********^
E   /home/greg/dev/nethermind/warp/tests/semantic/solidity/test/libsolidity/semanticTests/viaYul/calldata_array_three_dimensional.cairo.temp:290:5: (pc=0:2874)
E       __warp_if_0(__warp_subexpr_0)
E       ^***************************^
E   /home/greg/dev/nethermind/warp/tests/semantic/solidity/test/libsolidity/semanticTests/viaYul/calldata_array_three_dimensional.cairo.temp:275:9: (pc=0:2830)
E           __warp_block_0()
E           ^**************^
E   /home/greg/dev/nethermind/warp/tests/semantic/solidity/test/libsolidity/semanticTests/viaYul/calldata_array_three_dimensional.cairo.temp:266:5: (pc=0:2809)
E       __warp_if_1(__warp_subexpr_0)
E       ^***************************^
E   /home/greg/dev/nethermind/warp/tests/semantic/solidity/test/libsolidity/semanticTests/viaYul/calldata_array_three_dimensional.cairo.temp:252:9: (pc=0:2766)
E           __warp_block_1()
E           ^**************^
E   /home/greg/dev/nethermind/warp/tests/semantic/solidity/test/libsolidity/semanticTests/viaYul/calldata_array_three_dimensional.cairo.temp:237:92: (pc=0:2687)
E       let (ret__warp_mangled : Uint256, ret_1 : Uint256, ret_2 : Uint256, ret_3 : Uint256) = fun_f(
E                                                                                              ^****^
E   /home/greg/dev/nethermind/warp/tests/semantic/solidity/test/libsolidity/semanticTests/viaYul/calldata_array_three_dimensional.cairo.temp:153:34: (pc=0:2290)
E           expr_length : Uint256) = calldata_array_index_access_uint256_dyn_calldata_calldata(
E                                    ^********************************************************^

During handling of the above exception, another exception occurred:
tests/semantic/test_semantics.py:161: in test_semantics
    res = await invoke_method_evm_calldata(starknet, contract_address, argument)
../../../warp_dev/lib/python3.7/site-packages/sol_warp-0.2.12-py3.7.egg/yul/starknet_utils.py:30: in invoke_method_evm_calldata
    caller_address=0,
../../../warp_dev/lib/python3.7/site-packages/cairo_lang-0.6.2-py3.7.egg/starkware/starknet/testing/state.py:153: in invoke_raw
    state=state_copy, general_config=self.general_config
../../../warp_dev/lib/python3.7/site-packages/cairo_lang-0.6.2-py3.7.egg/starkware/starknet/business_logic/internal_transaction_interface.py:213: in apply_state_updates
    state=state_to_update, general_config=general_config
../../../warp_dev/lib/python3.7/site-packages/cairo_lang-0.6.2-py3.7.egg/starkware/starknet/business_logic/internal_transaction.py:405: in _apply_specific_state_updates
    func=_synchronous_apply_specific_state_updates,
/usr/lib/python3.7/concurrent/futures/thread.py:57: in run
    result = self.fn(*self.args, **self.kwargs)
../../../warp_dev/lib/python3.7/site-packages/cairo_lang-0.6.2-py3.7.egg/starkware/starknet/business_logic/internal_transaction.py:433: in _synchronous_apply_specific_state_updates
    run_resources=run_resources,
../../../warp_dev/lib/python3.7/site-packages/cairo_lang-0.6.2-py3.7.egg/starkware/starknet/business_logic/internal_transaction.py:559: in _run
    raise StarkException(code=code, message=str(exception))
E   starkware.starkware_utils.error_handling.StarkException: (500, {'code': <StarknetErrorCode.TRANSACTION_FAILED: 28>, 'message': '/home/greg/dev/nethermind/warp/tests/semantic/solidity/test/libsolidity/semanticTests/viaYul/calldata_array_three_dimensional.cairo.temp:131:9: Error at pc=0:2252:\nAn ASSERT_EQ instruction failed: 1 != 0.\n        assert 0 = 1\n        ^**********^\nCairo traceback (most recent call last):\n/home/greg/dev/nethermind/warp/tests/semantic/solidity/test/libsolidity/semanticTests/viaYul/calldata_array_three_dimensional.cairo.temp:35:6: (pc=0:1936)\nfunc __main{bitwise_ptr : BitwiseBuiltin*, range_check_ptr}(\n     ^****^\n/home/greg/dev/nethermind/warp/tests/semantic/solidity/test/libsolidity/semanticTests/viaYul/calldata_array_three_dimensional.cairo.temp:48:9: (pc=0:1881)\n        __main_meat()\n        ^***********^\n/home/greg/dev/nethermind/warp/tests/semantic/solidity/test/libsolidity/semanticTests/viaYul/calldata_array_three_dimensional.cairo.temp:290:5: (pc=0:2874)\n    __warp_if_0(__warp_subexpr_0)\n    ^***************************^\n/home/greg/dev/nethermind/warp/tests/semantic/solidity/test/libsolidity/semanticTests/viaYul/calldata_array_three_dimensional.cairo.temp:275:9: (pc=0:2830)\n        __warp_block_0()\n        ^**************^\n/home/greg/dev/nethermind/warp/tests/semantic/solidity/test/libsolidity/semanticTests/viaYul/calldata_array_three_dimensional.cairo.temp:266:5: (pc=0:2809)\n    __warp_if_1(__warp_subexpr_0)\n    ^***************************^\n/home/greg/dev/nethermind/warp/tests/semantic/solidity/test/libsolidity/semanticTests/viaYul/calldata_array_three_dimensional.cairo.temp:252:9: (pc=0:2766)\n        __warp_block_1()\n        ^**************^\n/home/greg/dev/nethermind/warp/tests/semantic/solidity/test/libsolidity/semanticTests/viaYul/calldata_array_three_dimensional.cairo.temp:237:92: (pc=0:2687)\n    let (ret__warp_mangled : Uint256, ret_1 : Uint256, ret_2 : Uint256, ret_3 : Uint256) = fun_f(\n                                                                                           ^****^\n/home/greg/dev/nethermind/warp/tests/semantic/solidity/test/libsolidity/semanticTests/viaYul/calldata_array_three_dimensional.cairo.temp:153:34: (pc=0:2290)\n        expr_length : Uint256) = calldata_array_index_access_uint256_dyn_calldata_calldata(\n                                 ^********************************************************^'})
------------------------------------------------------------------------------------------------------------------- Captured stdout call -------------------------------------------------------------------------------------------------------------------
{'callData': '0xa8f0171800000000000000000000000000000000000000000000000000000000000000000000000000000000000000000000000000000000000000000000000000000000', 'expectations': '0x0000000000000000000000000000000000000000000000000000000000000001', 'failure': False, 'signature': 'sgte(int256,int256)'}
------------------------------------------------------------------------------------------------------------------- Captured stderr call -------------------------------------------------------------------------------------------------------------------
Warning: SPDX license identifier not provided in source file. Before publishing, consider adding a comment containing "SPDX-License-Identifier: <SPDX-License>" to each source file. Use "SPDX-License-Identifier: UNLICENSED" for non-open-source code. Please see https://spdx.org for more information.
--> tests/semantic/solidity/test/libsolidity/semanticTests/viaYul/mapping_enum_key_getter_marked.sol

Warning: SPDX license identifier not provided in source file. Before publishing, consider adding a comment containing "SPDX-License-Identifier: <SPDX-License>" to each source file. Use "SPDX-License-Identifier: UNLICENSED" for non-open-source code. Please see https://spdx.org for more information.
--> tests/semantic/solidity/test/libsolidity/semanticTests/viaYul/various_inline_asm_marked.sol

_________________________________________________________________ test_semantics[/home/greg/dev/nethermind/warp/tests/semantic/solidity/test/libsolidity/semanticTests/viaYul/keccak.sol] __________________________________________________________________
../../../warp_dev/lib/python3.7/site-packages/cairo_lang-0.6.2-py3.7.egg/starkware/cairo/lang/compiler/preprocessor/preprocessor.py:365: in search_identifier
    result = self.identifiers.search(self.accessible_scopes, ScopedName.from_string(name))
../../../warp_dev/lib/python3.7/site-packages/cairo_lang-0.6.2-py3.7.egg/starkware/cairo/lang/compiler/identifier_manager.py:225: in search
    res = self._search(accessible_scopes=accessible_scopes, name=name, get_scope=False)
../../../warp_dev/lib/python3.7/site-packages/cairo_lang-0.6.2-py3.7.egg/starkware/cairo/lang/compiler/identifier_manager.py:217: in _search
    raise MissingIdentifierError(name[:1])
E   starkware.cairo.lang.compiler.identifier_manager.MissingIdentifierError: Unknown identifier 'bitwise_ptr'.

During handling of the above exception, another exception occurred:
tests/semantic/test_semantics.py:135: in test_semantics
    contract_definition = await starknet_compile(cairo_file_path)
tests/semantic/test_semantics.py:71: in starknet_compile
    [contract_file], debug_info=True, cairo_path=[cairo_path]
../../../warp_dev/lib/python3.7/site-packages/cairo_lang-0.6.2-py3.7.egg/starkware/starknet/compiler/compile.py:107: in compile_starknet_files
    cairo_path=cairo_path,
../../../warp_dev/lib/python3.7/site-packages/cairo_lang-0.6.2-py3.7.egg/starkware/starknet/compiler/compile.py:128: in compile_starknet_codes
    code=codes, debug_info=debug_info, pass_manager=pass_manager
../../../warp_dev/lib/python3.7/site-packages/cairo_lang-0.6.2-py3.7.egg/starkware/cairo/lang/compiler/cairo_compile.py:230: in compile_cairo_ex
    codes=codes_with_filenames, pass_manager=pass_manager, main_scope=main_scope
../../../warp_dev/lib/python3.7/site-packages/cairo_lang-0.6.2-py3.7.egg/starkware/cairo/lang/compiler/preprocessor/preprocess_codes.py:24: in preprocess_codes
    pass_manager.run(context)
../../../warp_dev/lib/python3.7/site-packages/cairo_lang-0.6.2-py3.7.egg/starkware/cairo/lang/compiler/preprocessor/pass_manager.py:53: in run
    stage.run(context)
../../../warp_dev/lib/python3.7/site-packages/cairo_lang-0.6.2-py3.7.egg/starkware/cairo/lang/compiler/preprocessor/default_pass_manager.py:89: in run
    preprocessor.visit(module)
../../../warp_dev/lib/python3.7/site-packages/cairo_lang-0.6.2-py3.7.egg/starkware/cairo/lang/compiler/ast/visitor.py:40: in visit
    return getattr(self, f"visit_{type(obj).__name__}", self._visit_default)(obj)
../../../warp_dev/lib/python3.7/site-packages/cairo_lang-0.6.2-py3.7.egg/starkware/cairo/lang/compiler/preprocessor/preprocessor.py:427: in visit_CairoModule
    super().visit_CairoModule(module)
../../../warp_dev/lib/python3.7/site-packages/cairo_lang-0.6.2-py3.7.egg/starkware/cairo/lang/compiler/ast/visitor.py:63: in visit_CairoModule
    cairo_file=CairoFile(code_block=self.visit(module.cairo_file.code_block)),
../../../warp_dev/lib/python3.7/site-packages/cairo_lang-0.6.2-py3.7.egg/starkware/cairo/lang/compiler/ast/visitor.py:40: in visit
    return getattr(self, f"visit_{type(obj).__name__}", self._visit_default)(obj)
../../../warp_dev/lib/python3.7/site-packages/cairo_lang-0.6.2-py3.7.egg/starkware/cairo/lang/compiler/preprocessor/preprocessor.py:415: in visit_CodeBlock
    self.visit_uncommented_code_block([x.code_elm for x in code_block.code_elements])
../../../warp_dev/lib/python3.7/site-packages/cairo_lang-0.6.2-py3.7.egg/starkware/cairo/lang/compiler/preprocessor/preprocessor.py:397: in visit_uncommented_code_block
    self.visit(elm)
../../../warp_dev/lib/python3.7/site-packages/cairo_lang-0.6.2-py3.7.egg/starkware/cairo/lang/compiler/ast/visitor.py:40: in visit
    return getattr(self, f"visit_{type(obj).__name__}", self._visit_default)(obj)
../../../warp_dev/lib/python3.7/site-packages/cairo_lang-0.6.2-py3.7.egg/starkware/starknet/compiler/starknet_preprocessor.py:172: in visit_CodeElementFunction
    super().visit_CodeElementFunction(elm)
../../../warp_dev/lib/python3.7/site-packages/cairo_lang-0.6.2-py3.7.egg/starkware/cairo/lang/compiler/preprocessor/preprocessor.py:615: in visit_CodeElementFunction
    code_block=elm.code_block, location=elm.identifier.location
../../../warp_dev/lib/python3.7/site-packages/cairo_lang-0.6.2-py3.7.egg/starkware/cairo/lang/compiler/preprocessor/preprocessor.py:671: in visit_function_body_with_retries
    self.visit_uncommented_code_block(code_elements)
../../../warp_dev/lib/python3.7/site-packages/cairo_lang-0.6.2-py3.7.egg/starkware/cairo/lang/compiler/preprocessor/preprocessor.py:397: in visit_uncommented_code_block
    self.visit(elm)
../../../warp_dev/lib/python3.7/site-packages/cairo_lang-0.6.2-py3.7.egg/starkware/cairo/lang/compiler/ast/visitor.py:40: in visit
    return getattr(self, f"visit_{type(obj).__name__}", self._visit_default)(obj)
../../../warp_dev/lib/python3.7/site-packages/cairo_lang-0.6.2-py3.7.egg/starkware/cairo/lang/compiler/preprocessor/preprocessor.py:1757: in visit_CodeElementUnpackBinding
    self.visit(CodeElementFuncCall(func_call=elm.rvalue))
../../../warp_dev/lib/python3.7/site-packages/cairo_lang-0.6.2-py3.7.egg/starkware/cairo/lang/compiler/ast/visitor.py:40: in visit
    return getattr(self, f"visit_{type(obj).__name__}", self._visit_default)(obj)
../../../warp_dev/lib/python3.7/site-packages/cairo_lang-0.6.2-py3.7.egg/starkware/cairo/lang/compiler/preprocessor/preprocessor.py:1616: in visit_CodeElementFuncCall
    location=elm.func_call.location,
../../../warp_dev/lib/python3.7/site-packages/cairo_lang-0.6.2-py3.7.egg/starkware/cairo/lang/compiler/preprocessor/preprocessor.py:1391: in push_arguments
    location=location,
../../../warp_dev/lib/python3.7/site-packages/cairo_lang-0.6.2-py3.7.egg/starkware/cairo/lang/compiler/preprocessor/preprocessor.py:1314: in process_implicit_arguments
    felt_expr_list = self.simplify_expr_to_felt_expr_list(expr, member_def.cairo_type)
../../../warp_dev/lib/python3.7/site-packages/cairo_lang-0.6.2-py3.7.egg/starkware/cairo/lang/compiler/preprocessor/preprocessor.py:2083: in simplify_expr_to_felt_expr_list
    expr, expr_type = self.simplify_expr(expr)
../../../warp_dev/lib/python3.7/site-packages/cairo_lang-0.6.2-py3.7.egg/starkware/cairo/lang/compiler/preprocessor/preprocessor.py:2054: in simplify_expr
    resolve_type_callback=self.resolve_type,
../../../warp_dev/lib/python3.7/site-packages/cairo_lang-0.6.2-py3.7.egg/starkware/cairo/lang/compiler/substitute_identifiers.py:113: in substitute_identifiers
    ).visit(expr)
../../../warp_dev/lib/python3.7/site-packages/cairo_lang-0.6.2-py3.7.egg/starkware/cairo/lang/compiler/expression_transformer.py:47: in visit
    return getattr(self, funcname)(expr)
../../../warp_dev/lib/python3.7/site-packages/cairo_lang-0.6.2-py3.7.egg/starkware/cairo/lang/compiler/substitute_identifiers.py:38: in visit_ExprIdentifier
    val = self.get_identifier_callback(expr)
../../../warp_dev/lib/python3.7/site-packages/cairo_lang-0.6.2-py3.7.egg/starkware/cairo/lang/compiler/preprocessor/preprocessor.py:2185: in get_variable
    identifier_definition = self.search_identifier(var.name, var.location)
../../../warp_dev/lib/python3.7/site-packages/cairo_lang-0.6.2-py3.7.egg/starkware/cairo/lang/compiler/preprocessor/preprocessor.py:368: in search_identifier
    raise PreprocessorError(str(exc), location=location)
E   starkware.cairo.lang.compiler.preprocessor.preprocessor_error.PreprocessorError: /home/greg/dev/nethermind/warp/warp/cairo-src/evm/hashing.cairo:14:20: While trying to retrieve the implicit argument 'bitwise_ptr' in:
E       let (memval) = array_create_from_memory(offset, size)
E                      ^************************************^
E   /home/greg/dev/nethermind/warp/warp/cairo-src/evm/array.cairo:16:53: Unknown identifier 'bitwise_ptr'.
E           memory_dict : DictAccess*, range_check_ptr, bitwise_ptr : BitwiseBuiltin*}(
E                                                       ^***************************^
------------------------------------------------------------------------------------------------------------------- Captured stdout call -------------------------------------------------------------------------------------------------------------------
{'callData': '0x7bc5bbbf00000000000000000000000000000000000000000000000000000000000000200000000000000000000000000000000000000000000000000000000000000000', 'expectations': '0x0000000000000000000000000000000000000000000000000000000000000000', 'failure': False, 'signature': 'f(uint256[])'}
{'callData': '0x7bc5bbbf000000000000000000000000000000000000000000000000000000000000002000000000000000000000000000000000000000000000000000000000000000010000000000000000000000000000000000000000000000000000000000000017', 'expectations': '0x0000000000000000000000000000000000000000000000000000000000000001', 'failure': False, 'signature': 'f(uint256[])'}
{'callData': '0x7bc5bbbf000000000000000000000000000000000000000000000000000000000000002000000000000000000000000000000000000000000000000000000000000000020000000000000000000000000000000000000000000000000000000000000017000000000000000000000000000000000000000000000000000000000000002a', 'expectations': '0x0000000000000000000000000000000000000000000000000000000000000002', 'failure': False, 'signature': 'f(uint256[])'}
{'callData': '0x7bc5bbbf000000000000000000000000000000000000000000000000000000000000002000000000000000000000000000000000000000000000000000000000000000030000000000000000000000000000000000000000000000000000000000000017000000000000000000000000000000000000000000000000000000000000002a0000000000000000000000000000000000000000000000000000000000000011', 'expectations': '0x0000000000000000000000000000000000000000000000000000000000000003', 'failure': False, 'signature': 'f(uint256[])'}
{'callData': '0x585bda9b0000000000000000000000000000000000000000000000000000000000000017000000000000000000000000000000000000000000000000000000000000002a', 'expectations': '0x0000000000000000000000000000000000000000000000000000000000000002', 'failure': False, 'signature': 'f(uint256[2])'}
{'callData': '0x0afdb4ea000000000000000000000000000000000000000000000000000000000000000a0000000000000000000000000000000000000000000000000000000000000003', 'expectations': '0x0000000000000000000000000000000000000000000000000000000000000001', 'failure': False, 'signature': 'f(int256,int256)'}
{'callData': '0xc26b6b9a00000000000000000000000000000000000000000000000000000000000000200000000000000000000000000000000000000000000000000000000000000000', 'expectations': '0x000000000000000000000000000000000000000000000000000000000000000000000000000000000000000000000000000000000000000000000000000000000000000000000000000000000000000000000000000000000000000000000000', 'failure': False, 'signature': 'f(uint256[][])'}
{'callData': '0x0afdb4ea000000000000000000000000000000000000000000000000000000000000000a0000000000000000000000000000000000000000000000000000000000000002', 'expectations': '0x0000000000000000000000000000000000000000000000000000000000000000', 'failure': False, 'signature': 'f(int256,int256)'}
------------------------------------------------------------------------------------------------------------------- Captured stderr call -------------------------------------------------------------------------------------------------------------------
Warning: SPDX license identifier not provided in source file. Before publishing, consider adding a comment containing "SPDX-License-Identifier: <SPDX-License>" to each source file. Use "SPDX-License-Identifier: UNLICENSED" for non-open-source code. Please see https://spdx.org for more information.
--> tests/semantic/solidity/test/libsolidity/semanticTests/viaYul/tuple_evaluation_order_marked.sol

Warning: SPDX license identifier not provided in source file. Before publishing, consider adding a comment containing "SPDX-License-Identifier: <SPDX-License>" to each source file. Use "SPDX-License-Identifier: UNLICENSED" for non-open-source code. Please see https://spdx.org for more information.
--> tests/semantic/solidity/test/libsolidity/semanticTests/viaYul/short_circuit_marked.sol

Warning: Function state mutability can be restricted to pure
 --> tests/semantic/solidity/test/libsolidity/semanticTests/viaYul/short_circuit_marked.sol:3:5:
  |
3 |     function or(uint x) public returns (bool t, uint y) {
  |     ^ (Relevant source part starts here and spans across multiple lines).

Warning: Function state mutability can be restricted to pure
 --> tests/semantic/solidity/test/libsolidity/semanticTests/viaYul/short_circuit_marked.sol:7:5:
  |
7 |     function and(uint x) public returns (bool t, uint y) {
  |     ^ (Relevant source part starts here and spans across multiple lines).

Warning: SPDX license identifier not provided in source file. Before publishing, consider adding a comment containing "SPDX-License-Identifier: <SPDX-License>" to each source file. Use "SPDX-License-Identifier: UNLICENSED" for non-open-source code. Please see https://spdx.org for more information.
--> tests/semantic/solidity/test/libsolidity/semanticTests/viaYul/exp_neg_overflow_marked.sol

Warning: The result type of the exponentiation operation is equal to the type of the first operand (int8) ignoring the (larger) type of the second operand (uint256) which might be unexpected. Silence this warning by either converting the first or the second operand to the type of the other.
 --> tests/semantic/solidity/test/libsolidity/semanticTests/viaYul/exp_neg_overflow_marked.sol:4:16:
  |
4 |         return x**y;
  |                ^^^^

Warning: Function state mutability can be restricted to pure
 --> tests/semantic/solidity/test/libsolidity/semanticTests/viaYul/exp_neg_overflow_marked.sol:3:5:
  |
3 |     function f(int8 x, uint y) public returns (int) {
  |     ^ (Relevant source part starts here and spans across multiple lines).

Warning: Function state mutability can be restricted to pure
 --> tests/semantic/solidity/test/libsolidity/semanticTests/viaYul/exp_neg_overflow_marked.sol:6:5:
  |
6 |     function g(int256 x, uint y) public returns (int) {
  |     ^ (Relevant source part starts here and spans across multiple lines).

----------------------------------------------------------------------------------------------------------------- Captured stdout teardown -----------------------------------------------------------------------------------------------------------------
{'callData': '0x0afdb4ea000000000000000000000000000000000000000000000000000000000000000b0000000000000000000000000000000000000000000000000000000000000002', 'expectations': '0x0000000000000000000000000000000000000000000000000000000000000001', 'failure': False, 'signature': 'f(int256,int256)'}
{'callData': '0xc26b6b9a0000000000000000000000000000000000000000000000000000000000000020000000000000000000000000000000000000000000000000000000000000000100000000000000000000000000000000000000000000000000000000000000200000000000000000000000000000000000000000000000000000000000000000', 'expectations': '0x000000000000000000000000000000000000000000000000000000000000000100000000000000000000000000000000000000000000000000000000000000000000000000000000000000000000000000000000000000000000000000000000', 'failure': False, 'signature': 'f(uint256[][])'}
__________________________________________________________ test_semantics[/home/greg/dev/nethermind/warp/tests/semantic/solidity/test/libsolidity/semanticTests/viaYul/calldata_array_length.sol] __________________________________________________________
../../../warp_dev/lib/python3.7/site-packages/cairo_lang-0.6.2-py3.7.egg/starkware/starknet/business_logic/internal_transaction.py:539: in _run
    verify_secure=True,
../../../warp_dev/lib/python3.7/site-packages/cairo_lang-0.6.2-py3.7.egg/starkware/cairo/common/cairo_function_runner.py:199: in run_from_entrypoint
    self.run_until_pc(addr=end, run_resources=run_resources)
../../../warp_dev/lib/python3.7/site-packages/cairo_lang-0.6.2-py3.7.egg/starkware/cairo/lang/vm/cairo_runner.py:284: in run_until_pc
    self.vm_step()
../../../warp_dev/lib/python3.7/site-packages/cairo_lang-0.6.2-py3.7.egg/starkware/cairo/lang/vm/cairo_runner.py:298: in vm_step
    self.vm.step()
../../../warp_dev/lib/python3.7/site-packages/cairo_lang-0.6.2-py3.7.egg/starkware/cairo/lang/vm/virtual_machine_base.py:255: in step
    self.run_instruction(instruction)
../../../warp_dev/lib/python3.7/site-packages/cairo_lang-0.6.2-py3.7.egg/starkware/cairo/lang/vm/vm_core.py:422: in run_instruction
    raise self.as_vm_exception(exc) from None
E   starkware.cairo.lang.vm.vm_exceptions.VmException: /home/greg/dev/nethermind/warp/tests/semantic/solidity/test/libsolidity/semanticTests/viaYul/calldata_array_length.cairo.temp:161:9: Error at pc=0:2353:
E   An ASSERT_EQ instruction failed: 1 != 0.
E           assert 0 = 1
E           ^**********^
E   Cairo traceback (most recent call last):
E   /home/greg/dev/nethermind/warp/tests/semantic/solidity/test/libsolidity/semanticTests/viaYul/calldata_array_length.cairo.temp:35:6: (pc=0:1936)
E   func __main{bitwise_ptr : BitwiseBuiltin*, range_check_ptr}(
E        ^****^
E   /home/greg/dev/nethermind/warp/tests/semantic/solidity/test/libsolidity/semanticTests/viaYul/calldata_array_length.cairo.temp:48:9: (pc=0:1881)
E           __main_meat()
E           ^***********^
E   /home/greg/dev/nethermind/warp/tests/semantic/solidity/test/libsolidity/semanticTests/viaYul/calldata_array_length.cairo.temp:417:5: (pc=0:3158)
E       __warp_if_2(__warp_subexpr_0)
E       ^***************************^
E   /home/greg/dev/nethermind/warp/tests/semantic/solidity/test/libsolidity/semanticTests/viaYul/calldata_array_length.cairo.temp:402:9: (pc=0:3114)
E           __warp_block_2()
E           ^**************^
E   /home/greg/dev/nethermind/warp/tests/semantic/solidity/test/libsolidity/semanticTests/viaYul/calldata_array_length.cairo.temp:393:5: (pc=0:3093)
E       __warp_block_3(match_var)
E       ^***********************^
E   /home/greg/dev/nethermind/warp/tests/semantic/solidity/test/libsolidity/semanticTests/viaYul/calldata_array_length.cairo.temp:383:5: (pc=0:3060)
E       __warp_if_3(__warp_subexpr_0, match_var)
E       ^**************************************^
E   /home/greg/dev/nethermind/warp/tests/semantic/solidity/test/libsolidity/semanticTests/viaYul/calldata_array_length.cairo.temp:373:9: (pc=0:3027)
E           __warp_block_5(match_var)
E           ^***********************^
E   /home/greg/dev/nethermind/warp/tests/semantic/solidity/test/libsolidity/semanticTests/viaYul/calldata_array_length.cairo.temp:360:5: (pc=0:3011)
E       __warp_if_4(__warp_subexpr_0, match_var)
E       ^**************************************^
E   /home/greg/dev/nethermind/warp/tests/semantic/solidity/test/libsolidity/semanticTests/viaYul/calldata_array_length.cairo.temp:350:9: (pc=0:2978)
E           __warp_block_7(match_var)
E           ^***********************^
E   /home/greg/dev/nethermind/warp/tests/semantic/solidity/test/libsolidity/semanticTests/viaYul/calldata_array_length.cairo.temp:337:5: (pc=0:2962)
E       __warp_if_5(__warp_subexpr_0)
E       ^***************************^
E   /home/greg/dev/nethermind/warp/tests/semantic/solidity/test/libsolidity/semanticTests/viaYul/calldata_array_length.cairo.temp:325:9: (pc=0:2940)
E           __warp_block_8()
E           ^**************^
E   /home/greg/dev/nethermind/warp/tests/semantic/solidity/test/libsolidity/semanticTests/viaYul/calldata_array_length.cairo.temp:311:75: (pc=0:2865)
E       let (ret__warp_mangled : Uint256, ret_1 : Uint256, ret_2 : Uint256) = fun_f(param_2, param_3)
E                                                                             ^*********************^
E   /home/greg/dev/nethermind/warp/tests/semantic/solidity/test/libsolidity/semanticTests/viaYul/calldata_array_length.cairo.temp:244:30: (pc=0:2599)
E       let (var_l2 : Uint256) = __warp_if_0(_1, __warp_subexpr_0, var_l2, var_x_offset)
E                                ^*****************************************************^
E   /home/greg/dev/nethermind/warp/tests/semantic/solidity/test/libsolidity/semanticTests/viaYul/calldata_array_length.cairo.temp:173:34: (pc=0:2381)
E           let (var_l2 : Uint256) = __warp_block_0(_1, var_x_offset)
E                                    ^******************************^

During handling of the above exception, another exception occurred:
tests/semantic/test_semantics.py:161: in test_semantics
    res = await invoke_method_evm_calldata(starknet, contract_address, argument)
../../../warp_dev/lib/python3.7/site-packages/sol_warp-0.2.12-py3.7.egg/yul/starknet_utils.py:30: in invoke_method_evm_calldata
    caller_address=0,
../../../warp_dev/lib/python3.7/site-packages/cairo_lang-0.6.2-py3.7.egg/starkware/starknet/testing/state.py:153: in invoke_raw
    state=state_copy, general_config=self.general_config
../../../warp_dev/lib/python3.7/site-packages/cairo_lang-0.6.2-py3.7.egg/starkware/starknet/business_logic/internal_transaction_interface.py:213: in apply_state_updates
    state=state_to_update, general_config=general_config
../../../warp_dev/lib/python3.7/site-packages/cairo_lang-0.6.2-py3.7.egg/starkware/starknet/business_logic/internal_transaction.py:405: in _apply_specific_state_updates
    func=_synchronous_apply_specific_state_updates,
/usr/lib/python3.7/concurrent/futures/thread.py:57: in run
    result = self.fn(*self.args, **self.kwargs)
../../../warp_dev/lib/python3.7/site-packages/cairo_lang-0.6.2-py3.7.egg/starkware/starknet/business_logic/internal_transaction.py:433: in _synchronous_apply_specific_state_updates
    run_resources=run_resources,
../../../warp_dev/lib/python3.7/site-packages/cairo_lang-0.6.2-py3.7.egg/starkware/starknet/business_logic/internal_transaction.py:559: in _run
    raise StarkException(code=code, message=str(exception))
E   starkware.starkware_utils.error_handling.StarkException: (500, {'code': <StarknetErrorCode.TRANSACTION_FAILED: 28>, 'message': '/home/greg/dev/nethermind/warp/tests/semantic/solidity/test/libsolidity/semanticTests/viaYul/calldata_array_length.cairo.temp:161:9: Error at pc=0:2353:\nAn ASSERT_EQ instruction failed: 1 != 0.\n        assert 0 = 1\n        ^**********^\nCairo traceback (most recent call last):\n/home/greg/dev/nethermind/warp/tests/semantic/solidity/test/libsolidity/semanticTests/viaYul/calldata_array_length.cairo.temp:35:6: (pc=0:1936)\nfunc __main{bitwise_ptr : BitwiseBuiltin*, range_check_ptr}(\n     ^****^\n/home/greg/dev/nethermind/warp/tests/semantic/solidity/test/libsolidity/semanticTests/viaYul/calldata_array_length.cairo.temp:48:9: (pc=0:1881)\n        __main_meat()\n        ^***********^\n/home/greg/dev/nethermind/warp/tests/semantic/solidity/test/libsolidity/semanticTests/viaYul/calldata_array_length.cairo.temp:417:5: (pc=0:3158)\n    __warp_if_2(__warp_subexpr_0)\n    ^***************************^\n/home/greg/dev/nethermind/warp/tests/semantic/solidity/test/libsolidity/semanticTests/viaYul/calldata_array_length.cairo.temp:402:9: (pc=0:3114)\n        __warp_block_2()\n        ^**************^\n/home/greg/dev/nethermind/warp/tests/semantic/solidity/test/libsolidity/semanticTests/viaYul/calldata_array_length.cairo.temp:393:5: (pc=0:3093)\n    __warp_block_3(match_var)\n    ^***********************^\n/home/greg/dev/nethermind/warp/tests/semantic/solidity/test/libsolidity/semanticTests/viaYul/calldata_array_length.cairo.temp:383:5: (pc=0:3060)\n    __warp_if_3(__warp_subexpr_0, match_var)\n    ^**************************************^\n/home/greg/dev/nethermind/warp/tests/semantic/solidity/test/libsolidity/semanticTests/viaYul/calldata_array_length.cairo.temp:373:9: (pc=0:3027)\n        __warp_block_5(match_var)\n        ^***********************^\n/home/greg/dev/nethermind/warp/tests/semantic/solidity/test/libsolidity/semanticTests/viaYul/calldata_array_length.cairo.temp:360:5: (pc=0:3011)\n    __warp_if_4(__warp_subexpr_0, match_var)\n    ^**************************************^\n/home/greg/dev/nethermind/warp/tests/semantic/solidity/test/libsolidity/semanticTests/viaYul/calldata_array_length.cairo.temp:350:9: (pc=0:2978)\n        __warp_block_7(match_var)\n        ^***********************^\n/home/greg/dev/nethermind/warp/tests/semantic/solidity/test/libsolidity/semanticTests/viaYul/calldata_array_length.cairo.temp:337:5: (pc=0:2962)\n    __warp_if_5(__warp_subexpr_0)\n    ^***************************^\n/home/greg/dev/nethermind/warp/tests/semantic/solidity/test/libsolidity/semanticTests/viaYul/calldata_array_length.cairo.temp:325:9: (pc=0:2940)\n        __warp_block_8()\n        ^**************^\n/home/greg/dev/nethermind/warp/tests/semantic/solidity/test/libsolidity/semanticTests/viaYul/calldata_array_length.cairo.temp:311:75: (pc=0:2865)\n    let (ret__warp_mangled : Uint256, ret_1 : Uint256, ret_2 : Uint256) = fun_f(param_2, param_3)\n                                                                          ^*********************^\n/home/greg/dev/nethermind/warp/tests/semantic/solidity/test/libsolidity/semanticTests/viaYul/calldata_array_length.cairo.temp:244:30: (pc=0:2599)\n    let (var_l2 : Uint256) = __warp_if_0(_1, __warp_subexpr_0, var_l2, var_x_offset)\n                             ^*****************************************************^\n/home/greg/dev/nethermind/warp/tests/semantic/solidity/test/libsolidity/semanticTests/viaYul/calldata_array_length.cairo.temp:173:34: (pc=0:2381)\n        let (var_l2 : Uint256) = __warp_block_0(_1, var_x_offset)\n                                 ^******************************^'})
------------------------------------------------------------------------------------------------------------------- Captured stdout call -------------------------------------------------------------------------------------------------------------------
{'callData': '0x0afdb4eafffffffffffffffffffffffffffffffffffffffffffffffffffffffffffffff60000000000000000000000000000000000000000000000000000000000000003', 'expectations': '0xffffffffffffffffffffffffffffffffffffffffffffffffffffffffffffffff', 'failure': False, 'signature': 'f(int256,int256)'}
{'callData': '0x98c3a6c10000000000000000000000000000000000000000000000000000000000000001', 'expectations': '0x0000000000000000000000000000000000000000000000000000000000000001', 'failure': False, 'signature': 'f(bool)'}
{'callData': '0x0afdb4ea000000000000000000000000000000000000000000000000000000000000000afffffffffffffffffffffffffffffffffffffffffffffffffffffffffffffffd', 'expectations': '0x0000000000000000000000000000000000000000000000000000000000000001', 'failure': False, 'signature': 'f(int256,int256)'}
{'callData': '0x4ba5fc3c000000000000000000000000000000000000000000000000000000000000000a000000000000000000000000000000000000000000000000000000000000000b', 'expectations': '0x4e487b710000000000000000000000000000000000000000000000000000000000000032', 'failure': True, 'signature': 'test_boundary_check(uint256,uint256)'}
{'callData': '0x98c3a6c10000000000000000000000000000000000000000000000000000000000000000', 'expectations': '0x', 'failure': True, 'signature': 'f(bool)'}
----------------------------------------------------------------------------------------------------------------- Captured stdout teardown -----------------------------------------------------------------------------------------------------------------
{'callData': '0x0afdb4eafffffffffffffffffffffffffffffffffffffffffffffffffffffffffffffff6fffffffffffffffffffffffffffffffffffffffffffffffffffffffffffffffd', 'expectations': '0xffffffffffffffffffffffffffffffffffffffffffffffffffffffffffffffff', 'failure': False, 'signature': 'f(int256,int256)'}
{'callData': '0xa9cc4718', 'expectations': '0x', 'failure': True, 'signature': 'fail()'}
_________________________________________________________ test_semantics[/home/greg/dev/nethermind/warp/tests/semantic/solidity/test/libsolidity/semanticTests/viaYul/detect_mod_zero_signed.sol] __________________________________________________________
../../../warp_dev/lib/python3.7/site-packages/cairo_lang-0.6.2-py3.7.egg/starkware/starknet/business_logic/internal_transaction.py:539: in _run
    verify_secure=True,
../../../warp_dev/lib/python3.7/site-packages/cairo_lang-0.6.2-py3.7.egg/starkware/cairo/common/cairo_function_runner.py:199: in run_from_entrypoint
    self.run_until_pc(addr=end, run_resources=run_resources)
../../../warp_dev/lib/python3.7/site-packages/cairo_lang-0.6.2-py3.7.egg/starkware/cairo/lang/vm/cairo_runner.py:284: in run_until_pc
    self.vm_step()
../../../warp_dev/lib/python3.7/site-packages/cairo_lang-0.6.2-py3.7.egg/starkware/cairo/lang/vm/cairo_runner.py:298: in vm_step
    self.vm.step()
../../../warp_dev/lib/python3.7/site-packages/cairo_lang-0.6.2-py3.7.egg/starkware/cairo/lang/vm/virtual_machine_base.py:255: in step
    self.run_instruction(instruction)
../../../warp_dev/lib/python3.7/site-packages/cairo_lang-0.6.2-py3.7.egg/starkware/cairo/lang/vm/vm_core.py:422: in run_instruction
    raise self.as_vm_exception(exc) from None
E   starkware.cairo.lang.vm.vm_exceptions.VmException: /home/greg/dev/nethermind/warp/tests/semantic/solidity/test/libsolidity/semanticTests/viaYul/detect_mod_zero_signed.cairo.temp:133:9: Error at pc=0:2435:
E   An ASSERT_EQ instruction failed: 1 != 0.
E           assert 0 = 1
E           ^**********^
E   Cairo traceback (most recent call last):
E   /home/greg/dev/nethermind/warp/tests/semantic/solidity/test/libsolidity/semanticTests/viaYul/detect_mod_zero_signed.cairo.temp:35:6: (pc=0:2119)
E   func __main{bitwise_ptr : BitwiseBuiltin*, range_check_ptr}(
E        ^****^
E   /home/greg/dev/nethermind/warp/tests/semantic/solidity/test/libsolidity/semanticTests/viaYul/detect_mod_zero_signed.cairo.temp:48:9: (pc=0:2064)
E           __main_meat()
E           ^***********^
E   /home/greg/dev/nethermind/warp/tests/semantic/solidity/test/libsolidity/semanticTests/viaYul/detect_mod_zero_signed.cairo.temp:234:5: (pc=0:2732)
E       __warp_if_0(__warp_subexpr_0)
E       ^***************************^
E   /home/greg/dev/nethermind/warp/tests/semantic/solidity/test/libsolidity/semanticTests/viaYul/detect_mod_zero_signed.cairo.temp:219:9: (pc=0:2688)
E           __warp_block_0()
E           ^**************^
E   /home/greg/dev/nethermind/warp/tests/semantic/solidity/test/libsolidity/semanticTests/viaYul/detect_mod_zero_signed.cairo.temp:210:5: (pc=0:2667)
E       __warp_block_1()
E       ^**************^
E   /home/greg/dev/nethermind/warp/tests/semantic/solidity/test/libsolidity/semanticTests/viaYul/detect_mod_zero_signed.cairo.temp:202:5: (pc=0:2656)
E       __warp_block_2(match_var)
E       ^***********************^
E   /home/greg/dev/nethermind/warp/tests/semantic/solidity/test/libsolidity/semanticTests/viaYul/detect_mod_zero_signed.cairo.temp:192:5: (pc=0:2623)
E       __warp_if_1(__warp_subexpr_0, match_var)
E       ^**************************************^
E   /home/greg/dev/nethermind/warp/tests/semantic/solidity/test/libsolidity/semanticTests/viaYul/detect_mod_zero_signed.cairo.temp:182:9: (pc=0:2590)
E           __warp_block_4(match_var)
E           ^***********************^
E   /home/greg/dev/nethermind/warp/tests/semantic/solidity/test/libsolidity/semanticTests/viaYul/detect_mod_zero_signed.cairo.temp:169:5: (pc=0:2574)
E       __warp_if_2(__warp_subexpr_0)
E       ^***************************^
E   /home/greg/dev/nethermind/warp/tests/semantic/solidity/test/libsolidity/semanticTests/viaYul/detect_mod_zero_signed.cairo.temp:157:9: (pc=0:2552)
E           __warp_block_5()
E           ^**************^

During handling of the above exception, another exception occurred:
tests/semantic/test_semantics.py:161: in test_semantics
    res = await invoke_method_evm_calldata(starknet, contract_address, argument)
../../../warp_dev/lib/python3.7/site-packages/sol_warp-0.2.12-py3.7.egg/yul/starknet_utils.py:30: in invoke_method_evm_calldata
    caller_address=0,
../../../warp_dev/lib/python3.7/site-packages/cairo_lang-0.6.2-py3.7.egg/starkware/starknet/testing/state.py:153: in invoke_raw
    state=state_copy, general_config=self.general_config
../../../warp_dev/lib/python3.7/site-packages/cairo_lang-0.6.2-py3.7.egg/starkware/starknet/business_logic/internal_transaction_interface.py:213: in apply_state_updates
    state=state_to_update, general_config=general_config
../../../warp_dev/lib/python3.7/site-packages/cairo_lang-0.6.2-py3.7.egg/starkware/starknet/business_logic/internal_transaction.py:405: in _apply_specific_state_updates
    func=_synchronous_apply_specific_state_updates,
/usr/lib/python3.7/concurrent/futures/thread.py:57: in run
    result = self.fn(*self.args, **self.kwargs)
../../../warp_dev/lib/python3.7/site-packages/cairo_lang-0.6.2-py3.7.egg/starkware/starknet/business_logic/internal_transaction.py:433: in _synchronous_apply_specific_state_updates
    run_resources=run_resources,
../../../warp_dev/lib/python3.7/site-packages/cairo_lang-0.6.2-py3.7.egg/starkware/starknet/business_logic/internal_transaction.py:559: in _run
    raise StarkException(code=code, message=str(exception))
E   starkware.starkware_utils.error_handling.StarkException: (500, {'code': <StarknetErrorCode.TRANSACTION_FAILED: 28>, 'message': '/home/greg/dev/nethermind/warp/tests/semantic/solidity/test/libsolidity/semanticTests/viaYul/detect_mod_zero_signed.cairo.temp:133:9: Error at pc=0:2435:\nAn ASSERT_EQ instruction failed: 1 != 0.\n        assert 0 = 1\n        ^**********^\nCairo traceback (most recent call last):\n/home/greg/dev/nethermind/warp/tests/semantic/solidity/test/libsolidity/semanticTests/viaYul/detect_mod_zero_signed.cairo.temp:35:6: (pc=0:2119)\nfunc __main{bitwise_ptr : BitwiseBuiltin*, range_check_ptr}(\n     ^****^\n/home/greg/dev/nethermind/warp/tests/semantic/solidity/test/libsolidity/semanticTests/viaYul/detect_mod_zero_signed.cairo.temp:48:9: (pc=0:2064)\n        __main_meat()\n        ^***********^\n/home/greg/dev/nethermind/warp/tests/semantic/solidity/test/libsolidity/semanticTests/viaYul/detect_mod_zero_signed.cairo.temp:234:5: (pc=0:2732)\n    __warp_if_0(__warp_subexpr_0)\n    ^***************************^\n/home/greg/dev/nethermind/warp/tests/semantic/solidity/test/libsolidity/semanticTests/viaYul/detect_mod_zero_signed.cairo.temp:219:9: (pc=0:2688)\n        __warp_block_0()\n        ^**************^\n/home/greg/dev/nethermind/warp/tests/semantic/solidity/test/libsolidity/semanticTests/viaYul/detect_mod_zero_signed.cairo.temp:210:5: (pc=0:2667)\n    __warp_block_1()\n    ^**************^\n/home/greg/dev/nethermind/warp/tests/semantic/solidity/test/libsolidity/semanticTests/viaYul/detect_mod_zero_signed.cairo.temp:202:5: (pc=0:2656)\n    __warp_block_2(match_var)\n    ^***********************^\n/home/greg/dev/nethermind/warp/tests/semantic/solidity/test/libsolidity/semanticTests/viaYul/detect_mod_zero_signed.cairo.temp:192:5: (pc=0:2623)\n    __warp_if_1(__warp_subexpr_0, match_var)\n    ^**************************************^\n/home/greg/dev/nethermind/warp/tests/semantic/solidity/test/libsolidity/semanticTests/viaYul/detect_mod_zero_signed.cairo.temp:182:9: (pc=0:2590)\n        __warp_block_4(match_var)\n        ^***********************^\n/home/greg/dev/nethermind/warp/tests/semantic/solidity/test/libsolidity/semanticTests/viaYul/detect_mod_zero_signed.cairo.temp:169:5: (pc=0:2574)\n    __warp_if_2(__warp_subexpr_0)\n    ^***************************^\n/home/greg/dev/nethermind/warp/tests/semantic/solidity/test/libsolidity/semanticTests/viaYul/detect_mod_zero_signed.cairo.temp:157:9: (pc=0:2552)\n        __warp_block_5()\n        ^**************^'})
------------------------------------------------------------------------------------------------------------------- Captured stdout call -------------------------------------------------------------------------------------------------------------------
{'callData': '0xacf495f3', 'expectations': '0x0000000000000000000000000000000000000000000000000000000000000001', 'failure': False, 'signature': 'succeed()'}
{'callData': '0x0afdb4ea00000000000000000000000000000000000000000000000000000000000000020000000000000000000000000000000000000000000000000000000000000002', 'expectations': '0x0000000000000000000000000000000000000000000000000000000000000000', 'failure': False, 'signature': 'f(int256,int256)'}
{'callData': '0xa6cd97990000000000000000000000000000000000000000000000000000000000000001', 'expectations': '0x0000000000000000000000000000000000000000000000000000000000000001', 'failure': False, 'signature': 'f2(bool)'}
{'callData': '0x0afdb4ea00000000000000000000000000000000000000000000000000000000000000010000000000000000000000000000000000000000000000000000000000000000', 'expectations': '0x4e487b710000000000000000000000000000000000000000000000000000000000000012', 'failure': True, 'signature': 'f(int256,int256)'}
{'callData': '0xa6cd97990000000000000000000000000000000000000000000000000000000000000000', 'expectations': '0x08c379a00000000000000000000000000000000000000000000000000000000000000020000000000000000000000000000000000000000000000000000000000000000e66616e6379206d65737361676521000000000000000000000000000000000000', 'failure': True, 'signature': 'f2(bool)'}
{'callData': '0x4ba5fc3c000000000000000000000000000000000000000000000000000000000000000a0000000000000000000000000000000000000000000000000000000000000009', 'expectations': '0x0000000000000000000000000000000000000000000000000000000000000000', 'failure': False, 'signature': 'test_boundary_check(uint256,uint256)'}
{'callData': '0x6fd0223e0000000000000000000000000000000000000000000000000000000000000001', 'expectations': '0x0000000000000000000000000000000000000000000000000000000000000001', 'failure': False, 'signature': 'f3(bool)'}
{'callData': '0x0afdb4eaffffffffffffffffffffffffffffffffffffffffffffffffffffffffffffffff0000000000000000000000000000000000000000000000000000000000000000', 'expectations': '0x4e487b710000000000000000000000000000000000000000000000000000000000000012', 'failure': True, 'signature': 'f(int256,int256)'}
{'callData': '0x0afdb4ea00000000000000000000000000000000000000000000000000000000000000000000000000000000000000000000000000000000000000000000000000000000', 'expectations': '0x4e487b710000000000000000000000000000000000000000000000000000000000000012', 'failure': True, 'signature': 'f(int256,int256)'}
{'callData': '0x0afdb4ea00000000000000000000000000000000000000000000000000000000000000000000000000000000000000000000000000000000000000000000000000000001', 'expectations': '0x0000000000000000000000000000000000000000000000000000000000000000', 'failure': False, 'signature': 'f(int256,int256)'}
{'callData': '0x6fd0223e0000000000000000000000000000000000000000000000000000000000000000', 'expectations': '0x08c379a0000000000000000000000000000000000000000000000000000000000000002000000000000000000000000000000000000000000000000000000000000000036d73670000000000000000000000000000000000000000000000000000000000', 'failure': True, 'signature': 'f3(bool)'}
{'callData': '0x0afdb4ea0000000000000000000000000000000000000000000000000000000000000000ffffffffffffffffffffffffffffffffffffffffffffffffffffffffffffffff', 'expectations': '0x0000000000000000000000000000000000000000000000000000000000000000', 'failure': False, 'signature': 'f(int256,int256)'}
{'callData': '0xdd1b79fc0000000000000000000000000000000000000000000000000000000000000001', 'expectations': '0x0000000000000000000000000000000000000000000000000000000000000001', 'failure': False, 'signature': 'f4(bool)'}
{'callData': '0x459026f5000000000000000000000000000000000000000000000000000000000000000a0000000000000000000000000000000000000000000000000000000000000003', 'expectations': '0x0000000000000000000000000000000000000000000000000000000000000001', 'failure': False, 'signature': 'g(int8,int8)'}
------------------------------------------------------------------------------------------------------------------- Captured stderr call -------------------------------------------------------------------------------------------------------------------
Warning: SPDX license identifier not provided in source file. Before publishing, consider adding a comment containing "SPDX-License-Identifier: <SPDX-License>" to each source file. Use "SPDX-License-Identifier: UNLICENSED" for non-open-source code. Please see https://spdx.org for more information.
--> tests/semantic/solidity/test/libsolidity/semanticTests/viaYul/virtual_functions_marked.sol

Warning: Function state mutability can be restricted to pure
  --> tests/semantic/solidity/test/libsolidity/semanticTests/viaYul/virtual_functions_marked.sol:19:5:
   |
19 |     function g() public override returns (uint x) {
   |     ^ (Relevant source part starts here and spans across multiple lines).

Warning: SPDX license identifier not provided in source file. Before publishing, consider adding a comment containing "SPDX-License-Identifier: <SPDX-License>" to each source file. Use "SPDX-License-Identifier: UNLICENSED" for non-open-source code. Please see https://spdx.org for more information.
--> tests/semantic/solidity/test/libsolidity/semanticTests/viaYul/local_address_assignment_marked.sol

----------------------------------------------------------------------------------------------------------------- Captured stdout teardown -----------------------------------------------------------------------------------------------------------------
{'callData': '0x6393ab24', 'expectations': '0x4e487b710000000000000000000000000000000000000000000000000000000000000051', 'failure': True, 'signature': 'call_deleted_internal_func()'}
______________________________________________________________ test_semantics[/home/greg/dev/nethermind/warp/tests/semantic/solidity/test/libsolidity/semanticTests/viaYul/negation_bug.sol] _______________________________________________________________
tests/semantic/test_semantics.py:123: in test_semantics
    constructor_args, contract_expectations = get_expectations(contract_file)
tests/semantic/test_semantics.py:102: in get_expectations
    expectations = test_calldata[contract_path]
E   KeyError: './scripts/../test/libsolidity/semanticTests/viaYul/negation_bug.sol'
____________________________________________________________ test_semantics[/home/greg/dev/nethermind/warp/tests/semantic/solidity/test/libsolidity/semanticTests/viaYul/function_selector.sol] ____________________________________________________________
../../../warp_dev/lib/python3.7/site-packages/cairo_lang-0.6.2-py3.7.egg/starkware/starknet/business_logic/internal_transaction.py:539: in _run
    verify_secure=True,
../../../warp_dev/lib/python3.7/site-packages/cairo_lang-0.6.2-py3.7.egg/starkware/cairo/common/cairo_function_runner.py:199: in run_from_entrypoint
    self.run_until_pc(addr=end, run_resources=run_resources)
../../../warp_dev/lib/python3.7/site-packages/cairo_lang-0.6.2-py3.7.egg/starkware/cairo/lang/vm/cairo_runner.py:284: in run_until_pc
    self.vm_step()
../../../warp_dev/lib/python3.7/site-packages/cairo_lang-0.6.2-py3.7.egg/starkware/cairo/lang/vm/cairo_runner.py:298: in vm_step
    self.vm.step()
../../../warp_dev/lib/python3.7/site-packages/cairo_lang-0.6.2-py3.7.egg/starkware/cairo/lang/vm/virtual_machine_base.py:255: in step
    self.run_instruction(instruction)
../../../warp_dev/lib/python3.7/site-packages/cairo_lang-0.6.2-py3.7.egg/starkware/cairo/lang/vm/vm_core.py:422: in run_instruction
    raise self.as_vm_exception(exc) from None
E   starkware.cairo.lang.vm.vm_exceptions.VmException: /home/greg/dev/nethermind/warp/tests/semantic/solidity/test/libsolidity/semanticTests/viaYul/function_selector.cairo.temp:107:9: Error at pc=0:2107:
E   An ASSERT_EQ instruction failed: 1 != 0.
E           assert 0 = 1
E           ^**********^
E   Cairo traceback (most recent call last):
E   /home/greg/dev/nethermind/warp/tests/semantic/solidity/test/libsolidity/semanticTests/viaYul/function_selector.cairo.temp:35:6: (pc=0:1927)
E   func __main{bitwise_ptr : BitwiseBuiltin*, range_check_ptr}(
E        ^****^
E   /home/greg/dev/nethermind/warp/tests/semantic/solidity/test/libsolidity/semanticTests/viaYul/function_selector.cairo.temp:48:9: (pc=0:1872)
E           __main_meat()
E           ^***********^
E   /home/greg/dev/nethermind/warp/tests/semantic/solidity/test/libsolidity/semanticTests/viaYul/function_selector.cairo.temp:212:5: (pc=0:2418)
E       __warp_if_0(__warp_subexpr_0)
E       ^***************************^
E   /home/greg/dev/nethermind/warp/tests/semantic/solidity/test/libsolidity/semanticTests/viaYul/function_selector.cairo.temp:197:9: (pc=0:2374)
E           __warp_block_0()
E           ^**************^
E   /home/greg/dev/nethermind/warp/tests/semantic/solidity/test/libsolidity/semanticTests/viaYul/function_selector.cairo.temp:188:5: (pc=0:2353)
E       __warp_block_1()
E       ^**************^
E   /home/greg/dev/nethermind/warp/tests/semantic/solidity/test/libsolidity/semanticTests/viaYul/function_selector.cairo.temp:180:5: (pc=0:2342)
E       __warp_block_2(match_var)
E       ^***********************^
E   /home/greg/dev/nethermind/warp/tests/semantic/solidity/test/libsolidity/semanticTests/viaYul/function_selector.cairo.temp:170:5: (pc=0:2309)
E       __warp_if_1(__warp_subexpr_0, match_var)
E       ^**************************************^
E   /home/greg/dev/nethermind/warp/tests/semantic/solidity/test/libsolidity/semanticTests/viaYul/function_selector.cairo.temp:160:9: (pc=0:2276)
E           __warp_block_4(match_var)
E           ^***********************^
E   /home/greg/dev/nethermind/warp/tests/semantic/solidity/test/libsolidity/semanticTests/viaYul/function_selector.cairo.temp:147:5: (pc=0:2260)
E       __warp_if_2(__warp_subexpr_0)
E       ^***************************^
E   /home/greg/dev/nethermind/warp/tests/semantic/solidity/test/libsolidity/semanticTests/viaYul/function_selector.cairo.temp:135:9: (pc=0:2238)
E           __warp_block_5()
E           ^**************^

During handling of the above exception, another exception occurred:
tests/semantic/test_semantics.py:161: in test_semantics
    res = await invoke_method_evm_calldata(starknet, contract_address, argument)
../../../warp_dev/lib/python3.7/site-packages/sol_warp-0.2.12-py3.7.egg/yul/starknet_utils.py:30: in invoke_method_evm_calldata
    caller_address=0,
../../../warp_dev/lib/python3.7/site-packages/cairo_lang-0.6.2-py3.7.egg/starkware/starknet/testing/state.py:153: in invoke_raw
    state=state_copy, general_config=self.general_config
../../../warp_dev/lib/python3.7/site-packages/cairo_lang-0.6.2-py3.7.egg/starkware/starknet/business_logic/internal_transaction_interface.py:213: in apply_state_updates
    state=state_to_update, general_config=general_config
../../../warp_dev/lib/python3.7/site-packages/cairo_lang-0.6.2-py3.7.egg/starkware/starknet/business_logic/internal_transaction.py:405: in _apply_specific_state_updates
    func=_synchronous_apply_specific_state_updates,
/usr/lib/python3.7/concurrent/futures/thread.py:57: in run
    result = self.fn(*self.args, **self.kwargs)
../../../warp_dev/lib/python3.7/site-packages/cairo_lang-0.6.2-py3.7.egg/starkware/starknet/business_logic/internal_transaction.py:433: in _synchronous_apply_specific_state_updates
    run_resources=run_resources,
../../../warp_dev/lib/python3.7/site-packages/cairo_lang-0.6.2-py3.7.egg/starkware/starknet/business_logic/internal_transaction.py:559: in _run
    raise StarkException(code=code, message=str(exception))
E   starkware.starkware_utils.error_handling.StarkException: (500, {'code': <StarknetErrorCode.TRANSACTION_FAILED: 28>, 'message': '/home/greg/dev/nethermind/warp/tests/semantic/solidity/test/libsolidity/semanticTests/viaYul/function_selector.cairo.temp:107:9: Error at pc=0:2107:\nAn ASSERT_EQ instruction failed: 1 != 0.\n        assert 0 = 1\n        ^**********^\nCairo traceback (most recent call last):\n/home/greg/dev/nethermind/warp/tests/semantic/solidity/test/libsolidity/semanticTests/viaYul/function_selector.cairo.temp:35:6: (pc=0:1927)\nfunc __main{bitwise_ptr : BitwiseBuiltin*, range_check_ptr}(\n     ^****^\n/home/greg/dev/nethermind/warp/tests/semantic/solidity/test/libsolidity/semanticTests/viaYul/function_selector.cairo.temp:48:9: (pc=0:1872)\n        __main_meat()\n        ^***********^\n/home/greg/dev/nethermind/warp/tests/semantic/solidity/test/libsolidity/semanticTests/viaYul/function_selector.cairo.temp:212:5: (pc=0:2418)\n    __warp_if_0(__warp_subexpr_0)\n    ^***************************^\n/home/greg/dev/nethermind/warp/tests/semantic/solidity/test/libsolidity/semanticTests/viaYul/function_selector.cairo.temp:197:9: (pc=0:2374)\n        __warp_block_0()\n        ^**************^\n/home/greg/dev/nethermind/warp/tests/semantic/solidity/test/libsolidity/semanticTests/viaYul/function_selector.cairo.temp:188:5: (pc=0:2353)\n    __warp_block_1()\n    ^**************^\n/home/greg/dev/nethermind/warp/tests/semantic/solidity/test/libsolidity/semanticTests/viaYul/function_selector.cairo.temp:180:5: (pc=0:2342)\n    __warp_block_2(match_var)\n    ^***********************^\n/home/greg/dev/nethermind/warp/tests/semantic/solidity/test/libsolidity/semanticTests/viaYul/function_selector.cairo.temp:170:5: (pc=0:2309)\n    __warp_if_1(__warp_subexpr_0, match_var)\n    ^**************************************^\n/home/greg/dev/nethermind/warp/tests/semantic/solidity/test/libsolidity/semanticTests/viaYul/function_selector.cairo.temp:160:9: (pc=0:2276)\n        __warp_block_4(match_var)\n        ^***********************^\n/home/greg/dev/nethermind/warp/tests/semantic/solidity/test/libsolidity/semanticTests/viaYul/function_selector.cairo.temp:147:5: (pc=0:2260)\n    __warp_if_2(__warp_subexpr_0)\n    ^***************************^\n/home/greg/dev/nethermind/warp/tests/semantic/solidity/test/libsolidity/semanticTests/viaYul/function_selector.cairo.temp:135:9: (pc=0:2238)\n        __warp_block_5()\n        ^**************^'})
------------------------------------------------------------------------------------------------------------------- Captured stdout call -------------------------------------------------------------------------------------------------------------------
{'callData': '0xf46552a51122334400112233445566778899aabbccddeeff424242420000000000000000', 'expectations': '0x4242424200000000000000000000000000000000000000000000000000000000', 'failure': False, 'signature': 'h(function)'}
___________________________________________________________________ test_semantics[/home/greg/dev/nethermind/warp/tests/semantic/solidity/test/libsolidity/semanticTests/viaYul/exp.sol] ___________________________________________________________________
../../../warp_dev/lib/python3.7/site-packages/cairo_lang-0.6.2-py3.7.egg/starkware/cairo/lang/compiler/preprocessor/identifier_collector.py:241: in visit_CodeElementImport
    self.identifiers.get_scope(alias_dst)
../../../warp_dev/lib/python3.7/site-packages/cairo_lang-0.6.2-py3.7.egg/starkware/cairo/lang/compiler/identifier_manager.py:170: in get_scope
    return self.root.get_scope(current_identifier)
../../../warp_dev/lib/python3.7/site-packages/cairo_lang-0.6.2-py3.7.egg/starkware/cairo/lang/compiler/identifier_manager.py:334: in get_scope
    return scope.get_scope(non_parsed)
../../../warp_dev/lib/python3.7/site-packages/cairo_lang-0.6.2-py3.7.egg/starkware/cairo/lang/compiler/identifier_manager.py:334: in get_scope
    return scope.get_scope(non_parsed)
../../../warp_dev/lib/python3.7/site-packages/cairo_lang-0.6.2-py3.7.egg/starkware/cairo/lang/compiler/identifier_manager.py:334: in get_scope
    return scope.get_scope(non_parsed)
../../../warp_dev/lib/python3.7/site-packages/cairo_lang-0.6.2-py3.7.egg/starkware/cairo/lang/compiler/identifier_manager.py:334: in get_scope
    return scope.get_scope(non_parsed)
../../../warp_dev/lib/python3.7/site-packages/cairo_lang-0.6.2-py3.7.egg/starkware/cairo/lang/compiler/identifier_manager.py:339: in get_scope
    raise MissingIdentifierError(fullname=fullname)
E   starkware.cairo.lang.compiler.identifier_manager.MissingIdentifierError: Unknown identifier 'starkware.cairo.common.uint256.uint256_exp'.

During handling of the above exception, another exception occurred:
tests/semantic/test_semantics.py:135: in test_semantics
    contract_definition = await starknet_compile(cairo_file_path)
tests/semantic/test_semantics.py:71: in starknet_compile
    [contract_file], debug_info=True, cairo_path=[cairo_path]
../../../warp_dev/lib/python3.7/site-packages/cairo_lang-0.6.2-py3.7.egg/starkware/starknet/compiler/compile.py:107: in compile_starknet_files
    cairo_path=cairo_path,
../../../warp_dev/lib/python3.7/site-packages/cairo_lang-0.6.2-py3.7.egg/starkware/starknet/compiler/compile.py:128: in compile_starknet_codes
    code=codes, debug_info=debug_info, pass_manager=pass_manager
../../../warp_dev/lib/python3.7/site-packages/cairo_lang-0.6.2-py3.7.egg/starkware/cairo/lang/compiler/cairo_compile.py:230: in compile_cairo_ex
    codes=codes_with_filenames, pass_manager=pass_manager, main_scope=main_scope
../../../warp_dev/lib/python3.7/site-packages/cairo_lang-0.6.2-py3.7.egg/starkware/cairo/lang/compiler/preprocessor/preprocess_codes.py:24: in preprocess_codes
    pass_manager.run(context)
../../../warp_dev/lib/python3.7/site-packages/cairo_lang-0.6.2-py3.7.egg/starkware/cairo/lang/compiler/preprocessor/pass_manager.py:53: in run
    stage.run(context)
../../../warp_dev/lib/python3.7/site-packages/cairo_lang-0.6.2-py3.7.egg/starkware/cairo/lang/compiler/preprocessor/pass_manager.py:104: in run
    modified_modules.append(visitor.visit(module))
../../../warp_dev/lib/python3.7/site-packages/cairo_lang-0.6.2-py3.7.egg/starkware/cairo/lang/compiler/preprocessor/identifier_collector.py:117: in visit
    return super().visit(obj)
../../../warp_dev/lib/python3.7/site-packages/cairo_lang-0.6.2-py3.7.egg/starkware/cairo/lang/compiler/ast/visitor.py:40: in visit
    return getattr(self, f"visit_{type(obj).__name__}", self._visit_default)(obj)
../../../warp_dev/lib/python3.7/site-packages/cairo_lang-0.6.2-py3.7.egg/starkware/cairo/lang/compiler/ast/visitor.py:63: in visit_CairoModule
    cairo_file=CairoFile(code_block=self.visit(module.cairo_file.code_block)),
../../../warp_dev/lib/python3.7/site-packages/cairo_lang-0.6.2-py3.7.egg/starkware/cairo/lang/compiler/preprocessor/identifier_collector.py:117: in visit
    return super().visit(obj)
../../../warp_dev/lib/python3.7/site-packages/cairo_lang-0.6.2-py3.7.egg/starkware/cairo/lang/compiler/ast/visitor.py:40: in visit
    return getattr(self, f"visit_{type(obj).__name__}", self._visit_default)(obj)
../../../warp_dev/lib/python3.7/site-packages/cairo_lang-0.6.2-py3.7.egg/starkware/cairo/lang/compiler/preprocessor/identifier_collector.py:231: in visit_CodeBlock
    self.visit(elm.code_elm)
../../../warp_dev/lib/python3.7/site-packages/cairo_lang-0.6.2-py3.7.egg/starkware/cairo/lang/compiler/preprocessor/identifier_collector.py:117: in visit
    return super().visit(obj)
../../../warp_dev/lib/python3.7/site-packages/cairo_lang-0.6.2-py3.7.egg/starkware/cairo/lang/compiler/ast/visitor.py:40: in visit
    return getattr(self, f"visit_{type(obj).__name__}", self._visit_default)(obj)
../../../warp_dev/lib/python3.7/site-packages/cairo_lang-0.6.2-py3.7.egg/starkware/cairo/lang/compiler/preprocessor/identifier_collector.py:246: in visit_CodeElementImport
    location=import_item.orig_identifier.location,
E   starkware.cairo.lang.compiler.preprocessor.preprocessor_error.PreprocessorError: /home/greg/dev/nethermind/warp/tests/semantic/solidity/test/libsolidity/semanticTests/viaYul/exp.cairo.temp:15:66: Cannot import 'uint256_exp' from 'starkware.cairo.common.uint256'.
E   from starkware.cairo.common.uint256 import Uint256, uint256_and, uint256_exp, uint256_sub
E                                                                    ^*********^
------------------------------------------------------------------------------------------------------------------- Captured stdout call -------------------------------------------------------------------------------------------------------------------
{'callData': '0xb3de648b000000000000000000000000000000000000000000000000000000000000002a', 'expectations': '0x000000000000000000000000000000000000000000000000000000000000002a', 'failure': False, 'signature': 'f(uint256)'}
------------------------------------------------------------------------------------------------------------------- Captured stderr call -------------------------------------------------------------------------------------------------------------------
Warning: SPDX license identifier not provided in source file. Before publishing, consider adding a comment containing "SPDX-License-Identifier: <SPDX-License>" to each source file. Use "SPDX-License-Identifier: UNLICENSED" for non-open-source code. Please see https://spdx.org for more information.
--> tests/semantic/solidity/test/libsolidity/semanticTests/viaYul/struct_member_access_marked.sol

Warning: SPDX license identifier not provided in source file. Before publishing, consider adding a comment containing "SPDX-License-Identifier: <SPDX-License>" to each source file. Use "SPDX-License-Identifier: UNLICENSED" for non-open-source code. Please see https://spdx.org for more information.
--> tests/semantic/solidity/test/libsolidity/semanticTests/viaYul/assign_tuple_from_function_call_marked.sol

_______________________________________________________ test_semantics[/home/greg/dev/nethermind/warp/tests/semantic/solidity/test/libsolidity/semanticTests/viaYul/calldata_bytes_array_bounds.sol] _______________________________________________________
../../../warp_dev/lib/python3.7/site-packages/cairo_lang-0.6.2-py3.7.egg/starkware/starknet/business_logic/internal_transaction.py:539: in _run
    verify_secure=True,
../../../warp_dev/lib/python3.7/site-packages/cairo_lang-0.6.2-py3.7.egg/starkware/cairo/common/cairo_function_runner.py:199: in run_from_entrypoint
    self.run_until_pc(addr=end, run_resources=run_resources)
../../../warp_dev/lib/python3.7/site-packages/cairo_lang-0.6.2-py3.7.egg/starkware/cairo/lang/vm/cairo_runner.py:284: in run_until_pc
    self.vm_step()
../../../warp_dev/lib/python3.7/site-packages/cairo_lang-0.6.2-py3.7.egg/starkware/cairo/lang/vm/cairo_runner.py:298: in vm_step
    self.vm.step()
../../../warp_dev/lib/python3.7/site-packages/cairo_lang-0.6.2-py3.7.egg/starkware/cairo/lang/vm/virtual_machine_base.py:255: in step
    self.run_instruction(instruction)
../../../warp_dev/lib/python3.7/site-packages/cairo_lang-0.6.2-py3.7.egg/starkware/cairo/lang/vm/vm_core.py:422: in run_instruction
    raise self.as_vm_exception(exc) from None
E   starkware.cairo.lang.vm.vm_exceptions.VmException: /home/greg/dev/nethermind/warp/tests/semantic/solidity/test/libsolidity/semanticTests/viaYul/calldata_bytes_array_bounds.cairo.temp:98:9: Error at pc=0:2117:
E   An ASSERT_EQ instruction failed: 1 != 0.
E           assert 0 = 1
E           ^**********^
E   Cairo traceback (most recent call last):
E   /home/greg/dev/nethermind/warp/tests/semantic/solidity/test/libsolidity/semanticTests/viaYul/calldata_bytes_array_bounds.cairo.temp:35:6: (pc=0:1936)
E   func __main{bitwise_ptr : BitwiseBuiltin*, range_check_ptr}(
E        ^****^
E   /home/greg/dev/nethermind/warp/tests/semantic/solidity/test/libsolidity/semanticTests/viaYul/calldata_bytes_array_bounds.cairo.temp:48:9: (pc=0:1881)
E           __main_meat()
E           ^***********^
E   /home/greg/dev/nethermind/warp/tests/semantic/solidity/test/libsolidity/semanticTests/viaYul/calldata_bytes_array_bounds.cairo.temp:219:5: (pc=0:2590)
E       __warp_if_0(__warp_subexpr_0)
E       ^***************************^
E   /home/greg/dev/nethermind/warp/tests/semantic/solidity/test/libsolidity/semanticTests/viaYul/calldata_bytes_array_bounds.cairo.temp:204:9: (pc=0:2546)
E           __warp_block_0()
E           ^**************^
E   /home/greg/dev/nethermind/warp/tests/semantic/solidity/test/libsolidity/semanticTests/viaYul/calldata_bytes_array_bounds.cairo.temp:195:5: (pc=0:2525)
E       __warp_if_1(__warp_subexpr_0)
E       ^***************************^
E   /home/greg/dev/nethermind/warp/tests/semantic/solidity/test/libsolidity/semanticTests/viaYul/calldata_bytes_array_bounds.cairo.temp:181:9: (pc=0:2482)
E           __warp_block_1()
E           ^**************^
E   /home/greg/dev/nethermind/warp/tests/semantic/solidity/test/libsolidity/semanticTests/viaYul/calldata_bytes_array_bounds.cairo.temp:168:41: (pc=0:2415)
E       let (ret__warp_mangled : Uint256) = fun_f(__warp_subexpr_15, length, __warp_subexpr_16)
E                                           ^*************************************************^

During handling of the above exception, another exception occurred:
tests/semantic/test_semantics.py:161: in test_semantics
    res = await invoke_method_evm_calldata(starknet, contract_address, argument)
../../../warp_dev/lib/python3.7/site-packages/sol_warp-0.2.12-py3.7.egg/yul/starknet_utils.py:30: in invoke_method_evm_calldata
    caller_address=0,
../../../warp_dev/lib/python3.7/site-packages/cairo_lang-0.6.2-py3.7.egg/starkware/starknet/testing/state.py:153: in invoke_raw
    state=state_copy, general_config=self.general_config
../../../warp_dev/lib/python3.7/site-packages/cairo_lang-0.6.2-py3.7.egg/starkware/starknet/business_logic/internal_transaction_interface.py:213: in apply_state_updates
    state=state_to_update, general_config=general_config
../../../warp_dev/lib/python3.7/site-packages/cairo_lang-0.6.2-py3.7.egg/starkware/starknet/business_logic/internal_transaction.py:405: in _apply_specific_state_updates
    func=_synchronous_apply_specific_state_updates,
/usr/lib/python3.7/concurrent/futures/thread.py:57: in run
    result = self.fn(*self.args, **self.kwargs)
../../../warp_dev/lib/python3.7/site-packages/cairo_lang-0.6.2-py3.7.egg/starkware/starknet/business_logic/internal_transaction.py:433: in _synchronous_apply_specific_state_updates
    run_resources=run_resources,
../../../warp_dev/lib/python3.7/site-packages/cairo_lang-0.6.2-py3.7.egg/starkware/starknet/business_logic/internal_transaction.py:559: in _run
    raise StarkException(code=code, message=str(exception))
E   starkware.starkware_utils.error_handling.StarkException: (500, {'code': <StarknetErrorCode.TRANSACTION_FAILED: 28>, 'message': '/home/greg/dev/nethermind/warp/tests/semantic/solidity/test/libsolidity/semanticTests/viaYul/calldata_bytes_array_bounds.cairo.temp:98:9: Error at pc=0:2117:\nAn ASSERT_EQ instruction failed: 1 != 0.\n        assert 0 = 1\n        ^**********^\nCairo traceback (most recent call last):\n/home/greg/dev/nethermind/warp/tests/semantic/solidity/test/libsolidity/semanticTests/viaYul/calldata_bytes_array_bounds.cairo.temp:35:6: (pc=0:1936)\nfunc __main{bitwise_ptr : BitwiseBuiltin*, range_check_ptr}(\n     ^****^\n/home/greg/dev/nethermind/warp/tests/semantic/solidity/test/libsolidity/semanticTests/viaYul/calldata_bytes_array_bounds.cairo.temp:48:9: (pc=0:1881)\n        __main_meat()\n        ^***********^\n/home/greg/dev/nethermind/warp/tests/semantic/solidity/test/libsolidity/semanticTests/viaYul/calldata_bytes_array_bounds.cairo.temp:219:5: (pc=0:2590)\n    __warp_if_0(__warp_subexpr_0)\n    ^***************************^\n/home/greg/dev/nethermind/warp/tests/semantic/solidity/test/libsolidity/semanticTests/viaYul/calldata_bytes_array_bounds.cairo.temp:204:9: (pc=0:2546)\n        __warp_block_0()\n        ^**************^\n/home/greg/dev/nethermind/warp/tests/semantic/solidity/test/libsolidity/semanticTests/viaYul/calldata_bytes_array_bounds.cairo.temp:195:5: (pc=0:2525)\n    __warp_if_1(__warp_subexpr_0)\n    ^***************************^\n/home/greg/dev/nethermind/warp/tests/semantic/solidity/test/libsolidity/semanticTests/viaYul/calldata_bytes_array_bounds.cairo.temp:181:9: (pc=0:2482)\n        __warp_block_1()\n        ^**************^\n/home/greg/dev/nethermind/warp/tests/semantic/solidity/test/libsolidity/semanticTests/viaYul/calldata_bytes_array_bounds.cairo.temp:168:41: (pc=0:2415)\n    let (ret__warp_mangled : Uint256) = fun_f(__warp_subexpr_15, length, __warp_subexpr_16)\n                                        ^*************************************************^'})
------------------------------------------------------------------------------------------------------------------- Captured stdout call -------------------------------------------------------------------------------------------------------------------
{'callData': '0x66c632870000000000000000000000000000000000000000000000000000000000000000', 'expectations': '0x0000000000000000000000000000000000000000000000000000000000000000', 'failure': False, 'signature': 'table(uint8)'}
{'callData': '0x07b18d8d000000000000000000000000000000000000000000000000000000000000004000000000000000000000000000000000000000000000000000000000000000000000000000000000000000000000000000000000000000000000000000000001000000000000000000000000000000000000000000000000000000000000002000000000000000000000000000000000000000000000000000000000000000026162', 'expectations': '0x0000000000000000000000000000000000000000000000000000000000000061', 'failure': False, 'signature': 'f(bytes[],uint256)'}
{'callData': '0x66c632870000000000000000000000000000000000000000000000000000000000000001', 'expectations': '0x0000000000000000000000000000000000000000000000000000000000000000', 'failure': False, 'signature': 'table(uint8)'}
------------------------------------------------------------------------------------------------------------------- Captured stderr call -------------------------------------------------------------------------------------------------------------------
Warning: SPDX license identifier not provided in source file. Before publishing, consider adding a comment containing "SPDX-License-Identifier: <SPDX-License>" to each source file. Use "SPDX-License-Identifier: UNLICENSED" for non-open-source code. Please see https://spdx.org for more information.
--> tests/semantic/solidity/test/libsolidity/semanticTests/viaYul/dirty_calldata_struct_marked.sol

----------------------------------------------------------------------------------------------------------------- Captured stdout teardown -----------------------------------------------------------------------------------------------------------------
{'callData': '0x66c6328700000000000000000000000000000000000000000000000000000000000000a7', 'expectations': '0x', 'failure': True, 'signature': 'table(uint8)'}
_________________________________________________________ test_semantics[/home/greg/dev/nethermind/warp/tests/semantic/solidity/test/libsolidity/semanticTests/viaYul/mapping_enum_key_getter.sol] _________________________________________________________
FAILURE: /home/greg/dev/nethermind/warp/tests/semantic/solidity/test/libsolidity/semanticTests/viaYul/mapping_enum_key_getter.cairo.temp
assert '0x0000000000...000000000005f' == '0x0000000000...00000000000a1'
  - 0x00000000000000000000000000000000000000000000000000000000000000a1
  ?                                                                 ^^
  + 0x000000000000000000000000000000000000000000000000000000000000005f
  ?                                                                 ^^
tests/semantic/test_semantics.py:173 in test_semantics() -> check.equal(final_res, expected_result, cairo_file_path)
FAILURE: /home/greg/dev/nethermind/warp/tests/semantic/solidity/test/libsolidity/semanticTests/viaYul/mapping_enum_key_getter.cairo.temp
assert '0x0000000000...0000000000011' == '0x0000000000...00000000000ef'
  - 0x00000000000000000000000000000000000000000000000000000000000000ef
  ?                                                                 ^^
  + 0x0000000000000000000000000000000000000000000000000000000000000011
  ?                                                                 ^^
tests/semantic/test_semantics.py:173 in test_semantics() -> check.equal(final_res, expected_result, cairo_file_path)
FAILURE: /home/greg/dev/nethermind/warp/tests/semantic/solidity/test/libsolidity/semanticTests/viaYul/mapping_enum_key_getter.cairo.temp
assert '0x0000000000...000000000005f' == '0x0000000000...00000000000a1'
  - 0x00000000000000000000000000000000000000000000000000000000000000a1
  ?                                                                 ^^
  + 0x000000000000000000000000000000000000000000000000000000000000005f
  ?                                                                 ^^
tests/semantic/test_semantics.py:173 in test_semantics() -> check.equal(final_res, expected_result, cairo_file_path)
FAILURE: /home/greg/dev/nethermind/warp/tests/semantic/solidity/test/libsolidity/semanticTests/viaYul/mapping_enum_key_getter.cairo.temp
assert '0x0000000000...0000000000011' == '0x0000000000...00000000000ef'
  - 0x00000000000000000000000000000000000000000000000000000000000000ef
  ?                                                                 ^^
  + 0x0000000000000000000000000000000000000000000000000000000000000011
  ?                                                                 ^^
tests/semantic/test_semantics.py:173 in test_semantics() -> check.equal(final_res, expected_result, cairo_file_path)
FAILURE: /home/greg/dev/nethermind/warp/tests/semantic/solidity/test/libsolidity/semanticTests/viaYul/mapping_enum_key_getter.cairo.temp
assert '0x0000000000...00000000000fb' == '0x0000000000...0000000000005'
  - 0x0000000000000000000000000000000000000000000000000000000000000005
  ?                                                                 ^^
  + 0x00000000000000000000000000000000000000000000000000000000000000fb
  ?                                                                 ^^
tests/semantic/test_semantics.py:173 in test_semantics() -> check.equal(final_res, expected_result, cairo_file_path)
------------------------------------------------------------
Failed Checks: 5
------------------------------------------------------------------------------------------------------------------- Captured stdout call -------------------------------------------------------------------------------------------------------------------
{'callData': '0x66c6328700000000000000000000000000000000000000000000000000000000000000a7', 'expectations': '0x', 'failure': True, 'signature': 'table(uint8)'}
{'callData': '0x13d1aa2e00000000000000000000000000000000000000000000000000000000000000050000000000000000000000000000000000000000000000000000000000000006', 'expectations': '0x000000000000000000000000000000000000000000000000000000000000001e', 'failure': False, 'signature': 'f(uint256,uint256)'}
{'callData': '0xebc2f80b00000000000000000000000000000000000000000000000000000000000000010000000000000000000000000000000000000000000000000000000000000005', 'expectations': '0x', 'failure': False, 'signature': 'set(uint8,uint8)'}
{'callData': '0x81bc2549000000000000000000000000000000000000000000000000000000000000000a', 'expectations': '0x000000000000000000000000000000000000000000000000000000000000000a', 'failure': False, 'signature': 'set_get_length(uint256)'}
{'callData': '0x13d1aa2effffffffffffffffffffffffffffffffffffffffffffffffffffffffffffffff0000000000000000000000000000000000000000000000000000000000000001', 'expectations': '0xffffffffffffffffffffffffffffffffffffffffffffffffffffffffffffffff', 'failure': False, 'signature': 'f(uint256,uint256)'}
{'callData': '0x66c632870000000000000000000000000000000000000000000000000000000000000000', 'expectations': '0x00000000000000000000000000000000000000000000000000000000000000ef', 'failure': False, 'signature': 'table(uint8)'}
{'callData': '0x66c632870000000000000000000000000000000000000000000000000000000000000001', 'expectations': '0x0000000000000000000000000000000000000000000000000000000000000005', 'failure': False, 'signature': 'table(uint8)'}
{'callData': '0x13d1aa2effffffffffffffffffffffffffffffffffffffffffffffffffffffffffffffff0000000000000000000000000000000000000000000000000000000000000002', 'expectations': '0x4e487b710000000000000000000000000000000000000000000000000000000000000011', 'failure': True, 'signature': 'f(uint256,uint256)'}
{'callData': '0x13d1aa2e80000000000000000000000000000000000000000000000000000000000000000000000000000000000000000000000000000000000000000000000000000002', 'expectations': '0x4e487b710000000000000000000000000000000000000000000000000000000000000011', 'failure': True, 'signature': 'f(uint256,uint256)'}
{'callData': '0x66c6328700000000000000000000000000000000000000000000000000000000000000a7', 'expectations': '0x', 'failure': True, 'signature': 'table(uint8)'}
{'callData': '0x13d1aa2e7fffffffffffffffffffffffffffffffffffffffffffffffffffffffffffffff0000000000000000000000000000000000000000000000000000000000000002', 'expectations': '0xfffffffffffffffffffffffffffffffffffffffffffffffffffffffffffffffe', 'failure': False, 'signature': 'f(uint256,uint256)'}
------------------------------------------------------------------------------------------------------------------- Captured stderr call -------------------------------------------------------------------------------------------------------------------
Warning: SPDX license identifier not provided in source file. Before publishing, consider adding a comment containing "SPDX-License-Identifier: <SPDX-License>" to each source file. Use "SPDX-License-Identifier: UNLICENSED" for non-open-source code. Please see https://spdx.org for more information.
--> tests/semantic/solidity/test/libsolidity/semanticTests/viaYul/array_storage_index_access_marked.sol

_____________________________________________________ test_semantics[/home/greg/dev/nethermind/warp/tests/semantic/solidity/test/libsolidity/semanticTests/viaYul/array_storage_index_zeroed_test.sol] _____________________________________________________
../../../warp_dev/lib/python3.7/site-packages/cairo_lang-0.6.2-py3.7.egg/starkware/cairo/lang/compiler/preprocessor/preprocessor.py:365: in search_identifier
    result = self.identifiers.search(self.accessible_scopes, ScopedName.from_string(name))
../../../warp_dev/lib/python3.7/site-packages/cairo_lang-0.6.2-py3.7.egg/starkware/cairo/lang/compiler/identifier_manager.py:225: in search
    res = self._search(accessible_scopes=accessible_scopes, name=name, get_scope=False)
../../../warp_dev/lib/python3.7/site-packages/cairo_lang-0.6.2-py3.7.egg/starkware/cairo/lang/compiler/identifier_manager.py:217: in _search
    raise MissingIdentifierError(name[:1])
E   starkware.cairo.lang.compiler.identifier_manager.MissingIdentifierError: Unknown identifier 'bitwise_ptr'.

During handling of the above exception, another exception occurred:
tests/semantic/test_semantics.py:135: in test_semantics
    contract_definition = await starknet_compile(cairo_file_path)
tests/semantic/test_semantics.py:71: in starknet_compile
    [contract_file], debug_info=True, cairo_path=[cairo_path]
../../../warp_dev/lib/python3.7/site-packages/cairo_lang-0.6.2-py3.7.egg/starkware/starknet/compiler/compile.py:107: in compile_starknet_files
    cairo_path=cairo_path,
../../../warp_dev/lib/python3.7/site-packages/cairo_lang-0.6.2-py3.7.egg/starkware/starknet/compiler/compile.py:128: in compile_starknet_codes
    code=codes, debug_info=debug_info, pass_manager=pass_manager
../../../warp_dev/lib/python3.7/site-packages/cairo_lang-0.6.2-py3.7.egg/starkware/cairo/lang/compiler/cairo_compile.py:230: in compile_cairo_ex
    codes=codes_with_filenames, pass_manager=pass_manager, main_scope=main_scope
../../../warp_dev/lib/python3.7/site-packages/cairo_lang-0.6.2-py3.7.egg/starkware/cairo/lang/compiler/preprocessor/preprocess_codes.py:24: in preprocess_codes
    pass_manager.run(context)
../../../warp_dev/lib/python3.7/site-packages/cairo_lang-0.6.2-py3.7.egg/starkware/cairo/lang/compiler/preprocessor/pass_manager.py:53: in run
    stage.run(context)
../../../warp_dev/lib/python3.7/site-packages/cairo_lang-0.6.2-py3.7.egg/starkware/cairo/lang/compiler/preprocessor/default_pass_manager.py:89: in run
    preprocessor.visit(module)
../../../warp_dev/lib/python3.7/site-packages/cairo_lang-0.6.2-py3.7.egg/starkware/cairo/lang/compiler/ast/visitor.py:40: in visit
    return getattr(self, f"visit_{type(obj).__name__}", self._visit_default)(obj)
../../../warp_dev/lib/python3.7/site-packages/cairo_lang-0.6.2-py3.7.egg/starkware/cairo/lang/compiler/preprocessor/preprocessor.py:427: in visit_CairoModule
    super().visit_CairoModule(module)
../../../warp_dev/lib/python3.7/site-packages/cairo_lang-0.6.2-py3.7.egg/starkware/cairo/lang/compiler/ast/visitor.py:63: in visit_CairoModule
    cairo_file=CairoFile(code_block=self.visit(module.cairo_file.code_block)),
../../../warp_dev/lib/python3.7/site-packages/cairo_lang-0.6.2-py3.7.egg/starkware/cairo/lang/compiler/ast/visitor.py:40: in visit
    return getattr(self, f"visit_{type(obj).__name__}", self._visit_default)(obj)
../../../warp_dev/lib/python3.7/site-packages/cairo_lang-0.6.2-py3.7.egg/starkware/cairo/lang/compiler/preprocessor/preprocessor.py:415: in visit_CodeBlock
    self.visit_uncommented_code_block([x.code_elm for x in code_block.code_elements])
../../../warp_dev/lib/python3.7/site-packages/cairo_lang-0.6.2-py3.7.egg/starkware/cairo/lang/compiler/preprocessor/preprocessor.py:397: in visit_uncommented_code_block
    self.visit(elm)
../../../warp_dev/lib/python3.7/site-packages/cairo_lang-0.6.2-py3.7.egg/starkware/cairo/lang/compiler/ast/visitor.py:40: in visit
    return getattr(self, f"visit_{type(obj).__name__}", self._visit_default)(obj)
../../../warp_dev/lib/python3.7/site-packages/cairo_lang-0.6.2-py3.7.egg/starkware/starknet/compiler/starknet_preprocessor.py:172: in visit_CodeElementFunction
    super().visit_CodeElementFunction(elm)
../../../warp_dev/lib/python3.7/site-packages/cairo_lang-0.6.2-py3.7.egg/starkware/cairo/lang/compiler/preprocessor/preprocessor.py:615: in visit_CodeElementFunction
    code_block=elm.code_block, location=elm.identifier.location
../../../warp_dev/lib/python3.7/site-packages/cairo_lang-0.6.2-py3.7.egg/starkware/cairo/lang/compiler/preprocessor/preprocessor.py:671: in visit_function_body_with_retries
    self.visit_uncommented_code_block(code_elements)
../../../warp_dev/lib/python3.7/site-packages/cairo_lang-0.6.2-py3.7.egg/starkware/cairo/lang/compiler/preprocessor/preprocessor.py:397: in visit_uncommented_code_block
    self.visit(elm)
../../../warp_dev/lib/python3.7/site-packages/cairo_lang-0.6.2-py3.7.egg/starkware/cairo/lang/compiler/ast/visitor.py:40: in visit
    return getattr(self, f"visit_{type(obj).__name__}", self._visit_default)(obj)
../../../warp_dev/lib/python3.7/site-packages/cairo_lang-0.6.2-py3.7.egg/starkware/cairo/lang/compiler/preprocessor/preprocessor.py:1757: in visit_CodeElementUnpackBinding
    self.visit(CodeElementFuncCall(func_call=elm.rvalue))
../../../warp_dev/lib/python3.7/site-packages/cairo_lang-0.6.2-py3.7.egg/starkware/cairo/lang/compiler/ast/visitor.py:40: in visit
    return getattr(self, f"visit_{type(obj).__name__}", self._visit_default)(obj)
../../../warp_dev/lib/python3.7/site-packages/cairo_lang-0.6.2-py3.7.egg/starkware/cairo/lang/compiler/preprocessor/preprocessor.py:1616: in visit_CodeElementFuncCall
    location=elm.func_call.location,
../../../warp_dev/lib/python3.7/site-packages/cairo_lang-0.6.2-py3.7.egg/starkware/cairo/lang/compiler/preprocessor/preprocessor.py:1391: in push_arguments
    location=location,
../../../warp_dev/lib/python3.7/site-packages/cairo_lang-0.6.2-py3.7.egg/starkware/cairo/lang/compiler/preprocessor/preprocessor.py:1314: in process_implicit_arguments
    felt_expr_list = self.simplify_expr_to_felt_expr_list(expr, member_def.cairo_type)
../../../warp_dev/lib/python3.7/site-packages/cairo_lang-0.6.2-py3.7.egg/starkware/cairo/lang/compiler/preprocessor/preprocessor.py:2083: in simplify_expr_to_felt_expr_list
    expr, expr_type = self.simplify_expr(expr)
../../../warp_dev/lib/python3.7/site-packages/cairo_lang-0.6.2-py3.7.egg/starkware/cairo/lang/compiler/preprocessor/preprocessor.py:2054: in simplify_expr
    resolve_type_callback=self.resolve_type,
../../../warp_dev/lib/python3.7/site-packages/cairo_lang-0.6.2-py3.7.egg/starkware/cairo/lang/compiler/substitute_identifiers.py:113: in substitute_identifiers
    ).visit(expr)
../../../warp_dev/lib/python3.7/site-packages/cairo_lang-0.6.2-py3.7.egg/starkware/cairo/lang/compiler/expression_transformer.py:47: in visit
    return getattr(self, funcname)(expr)
../../../warp_dev/lib/python3.7/site-packages/cairo_lang-0.6.2-py3.7.egg/starkware/cairo/lang/compiler/substitute_identifiers.py:38: in visit_ExprIdentifier
    val = self.get_identifier_callback(expr)
../../../warp_dev/lib/python3.7/site-packages/cairo_lang-0.6.2-py3.7.egg/starkware/cairo/lang/compiler/preprocessor/preprocessor.py:2185: in get_variable
    identifier_definition = self.search_identifier(var.name, var.location)
../../../warp_dev/lib/python3.7/site-packages/cairo_lang-0.6.2-py3.7.egg/starkware/cairo/lang/compiler/preprocessor/preprocessor.py:368: in search_identifier
    raise PreprocessorError(str(exc), location=location)
E   starkware.cairo.lang.compiler.preprocessor.preprocessor_error.PreprocessorError: /home/greg/dev/nethermind/warp/warp/cairo-src/evm/hashing.cairo:14:20: While trying to retrieve the implicit argument 'bitwise_ptr' in:
E       let (memval) = array_create_from_memory(offset, size)
E                      ^************************************^
E   /home/greg/dev/nethermind/warp/warp/cairo-src/evm/array.cairo:16:53: Unknown identifier 'bitwise_ptr'.
E           memory_dict : DictAccess*, range_check_ptr, bitwise_ptr : BitwiseBuiltin*}(
E                                                       ^***************************^
------------------------------------------------------------------------------------------------------------------- Captured stdout call -------------------------------------------------------------------------------------------------------------------
{'callData': '0x13d1aa2e00000000000000000000000000000000000000000000000000000000000000028000000000000000000000000000000000000000000000000000000000000000', 'expectations': '0x4e487b710000000000000000000000000000000000000000000000000000000000000011', 'failure': True, 'signature': 'f(uint256,uint256)'}
{'callData': '0x13d1aa2e00000000000000000000000000000000000000000000000000000000000000027fffffffffffffffffffffffffffffffffffffffffffffffffffffffffffffff', 'expectations': '0xfffffffffffffffffffffffffffffffffffffffffffffffffffffffffffffffe', 'failure': False, 'signature': 'f(uint256,uint256)'}
{'callData': '0x81bc25490000000000000000000000000000000000000000000000000000000000000014', 'expectations': '0x0000000000000000000000000000000000000000000000000000000000000014', 'failure': False, 'signature': 'set_get_length(uint256)'}
{'callData': '0x13d1aa2e00000000000000000000000000000001000000000000000000000000000000000000000000000000000000000000000100000000000000000000000000000000', 'expectations': '0x4e487b710000000000000000000000000000000000000000000000000000000000000011', 'failure': True, 'signature': 'f(uint256,uint256)'}
------------------------------------------------------------------------------------------------------------------- Captured stderr call -------------------------------------------------------------------------------------------------------------------
Warning: SPDX license identifier not provided in source file. Before publishing, consider adding a comment containing "SPDX-License-Identifier: <SPDX-License>" to each source file. Use "SPDX-License-Identifier: UNLICENSED" for non-open-source code. Please see https://spdx.org for more information.
--> tests/semantic/solidity/test/libsolidity/semanticTests/viaYul/exp_literals_marked.sol

Warning: Function state mutability can be restricted to pure
 --> tests/semantic/solidity/test/libsolidity/semanticTests/viaYul/exp_literals_marked.sol:3:5:
  |
3 |     function exp_2(uint y) public returns (uint) {
  |     ^ (Relevant source part starts here and spans across multiple lines).

Warning: Function state mutability can be restricted to pure
 --> tests/semantic/solidity/test/libsolidity/semanticTests/viaYul/exp_literals_marked.sol:6:5:
  |
6 |     function exp_minus_2(uint y) public returns (int) {
  |     ^ (Relevant source part starts here and spans across multiple lines).

Warning: Function state mutability can be restricted to pure
 --> tests/semantic/solidity/test/libsolidity/semanticTests/viaYul/exp_literals_marked.sol:9:5:
  |
9 |     function exp_uint_max(uint y) public returns (uint) {
  |     ^ (Relevant source part starts here and spans across multiple lines).

Warning: Function state mutability can be restricted to pure
  --> tests/semantic/solidity/test/libsolidity/semanticTests/viaYul/exp_literals_marked.sol:12:5:
   |
12 |     function exp_int_max(uint y) public returns (int) {
   |     ^ (Relevant source part starts here and spans across multiple lines).

Warning: Function state mutability can be restricted to pure
  --> tests/semantic/solidity/test/libsolidity/semanticTests/viaYul/exp_literals_marked.sol:15:5:
   |
15 |     function exp_5(uint y) public returns (uint) {
   |     ^ (Relevant source part starts here and spans across multiple lines).

Warning: Function state mutability can be restricted to pure
  --> tests/semantic/solidity/test/libsolidity/semanticTests/viaYul/exp_literals_marked.sol:18:5:
   |
18 |     function exp_minus_5(uint y) public returns (int) {
   |     ^ (Relevant source part starts here and spans across multiple lines).

Warning: Function state mutability can be restricted to pure
  --> tests/semantic/solidity/test/libsolidity/semanticTests/viaYul/exp_literals_marked.sol:21:5:
   |
21 |     function exp_256(uint y) public returns (uint) {
   |     ^ (Relevant source part starts here and spans across multiple lines).

Warning: Function state mutability can be restricted to pure
  --> tests/semantic/solidity/test/libsolidity/semanticTests/viaYul/exp_literals_marked.sol:24:5:
   |
24 |     function exp_minus_256(uint y) public returns (int) {
   |     ^ (Relevant source part starts here and spans across multiple lines).

----------------------------------------------------------------------------------------------------------------- Captured stdout teardown -----------------------------------------------------------------------------------------------------------------
{'callData': '0x13d1aa2e000000000000000000000000000000010000000000000000000000000000000000000000000000000000000000000000ffffffffffffffffffffffffffffffff', 'expectations': '0xffffffffffffffffffffffffffffffff00000000000000000000000000000000', 'failure': False, 'signature': 'f(uint256,uint256)'}
______________________________________________________________ test_semantics[/home/greg/dev/nethermind/warp/tests/semantic/solidity/test/libsolidity/semanticTests/viaYul/exp_literals.sol] _______________________________________________________________
../../../warp_dev/lib/python3.7/site-packages/cairo_lang-0.6.2-py3.7.egg/starkware/cairo/lang/compiler/preprocessor/identifier_collector.py:241: in visit_CodeElementImport
    self.identifiers.get_scope(alias_dst)
../../../warp_dev/lib/python3.7/site-packages/cairo_lang-0.6.2-py3.7.egg/starkware/cairo/lang/compiler/identifier_manager.py:170: in get_scope
    return self.root.get_scope(current_identifier)
../../../warp_dev/lib/python3.7/site-packages/cairo_lang-0.6.2-py3.7.egg/starkware/cairo/lang/compiler/identifier_manager.py:334: in get_scope
    return scope.get_scope(non_parsed)
../../../warp_dev/lib/python3.7/site-packages/cairo_lang-0.6.2-py3.7.egg/starkware/cairo/lang/compiler/identifier_manager.py:334: in get_scope
    return scope.get_scope(non_parsed)
../../../warp_dev/lib/python3.7/site-packages/cairo_lang-0.6.2-py3.7.egg/starkware/cairo/lang/compiler/identifier_manager.py:334: in get_scope
    return scope.get_scope(non_parsed)
../../../warp_dev/lib/python3.7/site-packages/cairo_lang-0.6.2-py3.7.egg/starkware/cairo/lang/compiler/identifier_manager.py:334: in get_scope
    return scope.get_scope(non_parsed)
../../../warp_dev/lib/python3.7/site-packages/cairo_lang-0.6.2-py3.7.egg/starkware/cairo/lang/compiler/identifier_manager.py:339: in get_scope
    raise MissingIdentifierError(fullname=fullname)
E   starkware.cairo.lang.compiler.identifier_manager.MissingIdentifierError: Unknown identifier 'starkware.cairo.common.uint256.uint256_exp'.

During handling of the above exception, another exception occurred:
tests/semantic/test_semantics.py:135: in test_semantics
    contract_definition = await starknet_compile(cairo_file_path)
tests/semantic/test_semantics.py:71: in starknet_compile
    [contract_file], debug_info=True, cairo_path=[cairo_path]
../../../warp_dev/lib/python3.7/site-packages/cairo_lang-0.6.2-py3.7.egg/starkware/starknet/compiler/compile.py:107: in compile_starknet_files
    cairo_path=cairo_path,
../../../warp_dev/lib/python3.7/site-packages/cairo_lang-0.6.2-py3.7.egg/starkware/starknet/compiler/compile.py:128: in compile_starknet_codes
    code=codes, debug_info=debug_info, pass_manager=pass_manager
../../../warp_dev/lib/python3.7/site-packages/cairo_lang-0.6.2-py3.7.egg/starkware/cairo/lang/compiler/cairo_compile.py:230: in compile_cairo_ex
    codes=codes_with_filenames, pass_manager=pass_manager, main_scope=main_scope
../../../warp_dev/lib/python3.7/site-packages/cairo_lang-0.6.2-py3.7.egg/starkware/cairo/lang/compiler/preprocessor/preprocess_codes.py:24: in preprocess_codes
    pass_manager.run(context)
../../../warp_dev/lib/python3.7/site-packages/cairo_lang-0.6.2-py3.7.egg/starkware/cairo/lang/compiler/preprocessor/pass_manager.py:53: in run
    stage.run(context)
../../../warp_dev/lib/python3.7/site-packages/cairo_lang-0.6.2-py3.7.egg/starkware/cairo/lang/compiler/preprocessor/pass_manager.py:104: in run
    modified_modules.append(visitor.visit(module))
../../../warp_dev/lib/python3.7/site-packages/cairo_lang-0.6.2-py3.7.egg/starkware/cairo/lang/compiler/preprocessor/identifier_collector.py:117: in visit
    return super().visit(obj)
../../../warp_dev/lib/python3.7/site-packages/cairo_lang-0.6.2-py3.7.egg/starkware/cairo/lang/compiler/ast/visitor.py:40: in visit
    return getattr(self, f"visit_{type(obj).__name__}", self._visit_default)(obj)
../../../warp_dev/lib/python3.7/site-packages/cairo_lang-0.6.2-py3.7.egg/starkware/cairo/lang/compiler/ast/visitor.py:63: in visit_CairoModule
    cairo_file=CairoFile(code_block=self.visit(module.cairo_file.code_block)),
../../../warp_dev/lib/python3.7/site-packages/cairo_lang-0.6.2-py3.7.egg/starkware/cairo/lang/compiler/preprocessor/identifier_collector.py:117: in visit
    return super().visit(obj)
../../../warp_dev/lib/python3.7/site-packages/cairo_lang-0.6.2-py3.7.egg/starkware/cairo/lang/compiler/ast/visitor.py:40: in visit
    return getattr(self, f"visit_{type(obj).__name__}", self._visit_default)(obj)
../../../warp_dev/lib/python3.7/site-packages/cairo_lang-0.6.2-py3.7.egg/starkware/cairo/lang/compiler/preprocessor/identifier_collector.py:231: in visit_CodeBlock
    self.visit(elm.code_elm)
../../../warp_dev/lib/python3.7/site-packages/cairo_lang-0.6.2-py3.7.egg/starkware/cairo/lang/compiler/preprocessor/identifier_collector.py:117: in visit
    return super().visit(obj)
../../../warp_dev/lib/python3.7/site-packages/cairo_lang-0.6.2-py3.7.egg/starkware/cairo/lang/compiler/ast/visitor.py:40: in visit
    return getattr(self, f"visit_{type(obj).__name__}", self._visit_default)(obj)
../../../warp_dev/lib/python3.7/site-packages/cairo_lang-0.6.2-py3.7.egg/starkware/cairo/lang/compiler/preprocessor/identifier_collector.py:246: in visit_CodeElementImport
    location=import_item.orig_identifier.location,
E   starkware.cairo.lang.compiler.preprocessor.preprocessor_error.PreprocessorError: /home/greg/dev/nethermind/warp/tests/semantic/solidity/test/libsolidity/semanticTests/viaYul/exp_literals.cairo.temp:14:66: Cannot import 'uint256_exp' from 'starkware.cairo.common.uint256'.
E   from starkware.cairo.common.uint256 import Uint256, uint256_and, uint256_exp, uint256_sub
E                                                                    ^*********^
------------------------------------------------------------------------------------------------------------------- Captured stdout call -------------------------------------------------------------------------------------------------------------------
{'callData': '0x13d1aa2e00000000000000000000000000000000ffffffffffffffffffffffffffffffff0000000000000000000000000000000100000000000000000000000000000001', 'expectations': '0xffffffffffffffffffffffffffffffffffffffffffffffffffffffffffffffff', 'failure': False, 'signature': 'f(uint256,uint256)'}
{'callData': '0x13d1aa2e000000000000000000000000000000010000000000000000000000000000000200000000000000000000000000000000ffffffffffffffffffffffffffffffff', 'expectations': '0x4e487b710000000000000000000000000000000000000000000000000000000000000011', 'failure': True, 'signature': 'f(uint256,uint256)'}
{'callData': '0x81bc25490000000000000000000000000000000000000000000000000000000000000000', 'expectations': '0x0000000000000000000000000000000000000000000000000000000000000000', 'failure': False, 'signature': 'set_get_length(uint256)'}
{'callData': '0x13d1aa2e00000000000000000000000000000000ffffffffffffffffffffffffffffffff0000000000000000000000000000000100000000000000000000000000000002', 'expectations': '0x4e487b710000000000000000000000000000000000000000000000000000000000000011', 'failure': True, 'signature': 'f(uint256,uint256)'}
{'callData': '0x13d1aa2effffffffffffffffffffffffffffffffffffffffffffffffffffffffffffffff0000000000000000000000000000000000000000000000000000000000000000', 'expectations': '0x0000000000000000000000000000000000000000000000000000000000000000', 'failure': False, 'signature': 'f(uint256,uint256)'}
------------------------------------------------------------------------------------------------------------------- Captured stderr call -------------------------------------------------------------------------------------------------------------------
Warning: SPDX license identifier not provided in source file. Before publishing, consider adding a comment containing "SPDX-License-Identifier: <SPDX-License>" to each source file. Use "SPDX-License-Identifier: UNLICENSED" for non-open-source code. Please see https://spdx.org for more information.
--> tests/semantic/solidity/test/libsolidity/semanticTests/viaYul/unary_operations_marked.sol

Warning: SPDX license identifier not provided in source file. Before publishing, consider adding a comment containing "SPDX-License-Identifier: <SPDX-License>" to each source file. Use "SPDX-License-Identifier: UNLICENSED" for non-open-source code. Please see https://spdx.org for more information.
--> tests/semantic/solidity/test/libsolidity/semanticTests/viaYul/calldata_array_access_marked.sol

Warning: Function state mutability can be restricted to pure
 --> tests/semantic/solidity/test/libsolidity/semanticTests/viaYul/calldata_array_access_marked.sol:4:5:
  |
4 |     function f(uint256[] calldata x, uint256 i) external returns (uint256) {
  |     ^ (Relevant source part starts here and spans across multiple lines).

Warning: Function state mutability can be restricted to pure
 --> tests/semantic/solidity/test/libsolidity/semanticTests/viaYul/calldata_array_access_marked.sol:7:5:
  |
7 |     function f(uint256[][] calldata x, uint256 i, uint256 j) external returns (uint256) {
  |     ^ (Relevant source part starts here and spans across multiple lines).

----------------------------------------------------------------------------------------------------------------- Captured stdout teardown -----------------------------------------------------------------------------------------------------------------
{'callData': '0x13d1aa2e0000000000000000000000000000000000000000000000000000000000000000ffffffffffffffffffffffffffffffffffffffffffffffffffffffffffffffff', 'expectations': '0x0000000000000000000000000000000000000000000000000000000000000000', 'failure': False, 'signature': 'f(uint256,uint256)'}
____________________________________________________________ test_semantics[/home/greg/dev/nethermind/warp/tests/semantic/solidity/test/libsolidity/semanticTests/viaYul/exp_neg_overflow.sol] _____________________________________________________________
../../../warp_dev/lib/python3.7/site-packages/cairo_lang-0.6.2-py3.7.egg/starkware/starknet/business_logic/internal_transaction.py:539: in _run
    verify_secure=True,
../../../warp_dev/lib/python3.7/site-packages/cairo_lang-0.6.2-py3.7.egg/starkware/cairo/common/cairo_function_runner.py:199: in run_from_entrypoint
    self.run_until_pc(addr=end, run_resources=run_resources)
../../../warp_dev/lib/python3.7/site-packages/cairo_lang-0.6.2-py3.7.egg/starkware/cairo/lang/vm/cairo_runner.py:284: in run_until_pc
    self.vm_step()
../../../warp_dev/lib/python3.7/site-packages/cairo_lang-0.6.2-py3.7.egg/starkware/cairo/lang/vm/cairo_runner.py:298: in vm_step
    self.vm.step()
../../../warp_dev/lib/python3.7/site-packages/cairo_lang-0.6.2-py3.7.egg/starkware/cairo/lang/vm/virtual_machine_base.py:255: in step
    self.run_instruction(instruction)
../../../warp_dev/lib/python3.7/site-packages/cairo_lang-0.6.2-py3.7.egg/starkware/cairo/lang/vm/vm_core.py:422: in run_instruction
    raise self.as_vm_exception(exc) from None
E   starkware.cairo.lang.vm.vm_exceptions.VmException: /home/greg/dev/nethermind/warp/tests/semantic/solidity/test/libsolidity/semanticTests/viaYul/exp_neg_overflow.cairo.temp:585:9: Error at pc=0:3776:
E   An ASSERT_EQ instruction failed: 1 != 0.
E           assert 0 = 1
E           ^**********^
E   Cairo traceback (most recent call last):
E   /home/greg/dev/nethermind/warp/tests/semantic/solidity/test/libsolidity/semanticTests/viaYul/exp_neg_overflow.cairo.temp:37:6: (pc=0:2180)
E   func __main{bitwise_ptr : BitwiseBuiltin*, range_check_ptr}(
E        ^****^
E   /home/greg/dev/nethermind/warp/tests/semantic/solidity/test/libsolidity/semanticTests/viaYul/exp_neg_overflow.cairo.temp:50:9: (pc=0:2125)
E           __main_meat()
E           ^***********^
E   /home/greg/dev/nethermind/warp/tests/semantic/solidity/test/libsolidity/semanticTests/viaYul/exp_neg_overflow.cairo.temp:680:5: (pc=0:4052)
E       __warp_if_8(__warp_subexpr_0)
E       ^***************************^
E   /home/greg/dev/nethermind/warp/tests/semantic/solidity/test/libsolidity/semanticTests/viaYul/exp_neg_overflow.cairo.temp:665:9: (pc=0:4008)
E           __warp_block_16()
E           ^***************^
E   /home/greg/dev/nethermind/warp/tests/semantic/solidity/test/libsolidity/semanticTests/viaYul/exp_neg_overflow.cairo.temp:656:5: (pc=0:3987)
E       __warp_block_17()
E       ^***************^
E   /home/greg/dev/nethermind/warp/tests/semantic/solidity/test/libsolidity/semanticTests/viaYul/exp_neg_overflow.cairo.temp:648:5: (pc=0:3976)
E       __warp_block_18(match_var)
E       ^************************^
E   /home/greg/dev/nethermind/warp/tests/semantic/solidity/test/libsolidity/semanticTests/viaYul/exp_neg_overflow.cairo.temp:638:5: (pc=0:3943)
E       __warp_if_9(__warp_subexpr_0, match_var)
E       ^**************************************^
E   /home/greg/dev/nethermind/warp/tests/semantic/solidity/test/libsolidity/semanticTests/viaYul/exp_neg_overflow.cairo.temp:628:9: (pc=0:3910)
E           __warp_block_20(match_var)
E           ^************************^
E   /home/greg/dev/nethermind/warp/tests/semantic/solidity/test/libsolidity/semanticTests/viaYul/exp_neg_overflow.cairo.temp:615:5: (pc=0:3894)
E       __warp_if_10(__warp_subexpr_0)
E       ^****************************^
E   /home/greg/dev/nethermind/warp/tests/semantic/solidity/test/libsolidity/semanticTests/viaYul/exp_neg_overflow.cairo.temp:603:9: (pc=0:3872)
E           __warp_block_21()
E           ^***************^

During handling of the above exception, another exception occurred:
tests/semantic/test_semantics.py:161: in test_semantics
    res = await invoke_method_evm_calldata(starknet, contract_address, argument)
../../../warp_dev/lib/python3.7/site-packages/sol_warp-0.2.12-py3.7.egg/yul/starknet_utils.py:30: in invoke_method_evm_calldata
    caller_address=0,
../../../warp_dev/lib/python3.7/site-packages/cairo_lang-0.6.2-py3.7.egg/starkware/starknet/testing/state.py:153: in invoke_raw
    state=state_copy, general_config=self.general_config
../../../warp_dev/lib/python3.7/site-packages/cairo_lang-0.6.2-py3.7.egg/starkware/starknet/business_logic/internal_transaction_interface.py:213: in apply_state_updates
    state=state_to_update, general_config=general_config
../../../warp_dev/lib/python3.7/site-packages/cairo_lang-0.6.2-py3.7.egg/starkware/starknet/business_logic/internal_transaction.py:405: in _apply_specific_state_updates
    func=_synchronous_apply_specific_state_updates,
/usr/lib/python3.7/concurrent/futures/thread.py:57: in run
    result = self.fn(*self.args, **self.kwargs)
../../../warp_dev/lib/python3.7/site-packages/cairo_lang-0.6.2-py3.7.egg/starkware/starknet/business_logic/internal_transaction.py:433: in _synchronous_apply_specific_state_updates
    run_resources=run_resources,
../../../warp_dev/lib/python3.7/site-packages/cairo_lang-0.6.2-py3.7.egg/starkware/starknet/business_logic/internal_transaction.py:559: in _run
    raise StarkException(code=code, message=str(exception))
E   starkware.starkware_utils.error_handling.StarkException: (500, {'code': <StarknetErrorCode.TRANSACTION_FAILED: 28>, 'message': '/home/greg/dev/nethermind/warp/tests/semantic/solidity/test/libsolidity/semanticTests/viaYul/exp_neg_overflow.cairo.temp:585:9: Error at pc=0:3776:\nAn ASSERT_EQ instruction failed: 1 != 0.\n        assert 0 = 1\n        ^**********^\nCairo traceback (most recent call last):\n/home/greg/dev/nethermind/warp/tests/semantic/solidity/test/libsolidity/semanticTests/viaYul/exp_neg_overflow.cairo.temp:37:6: (pc=0:2180)\nfunc __main{bitwise_ptr : BitwiseBuiltin*, range_check_ptr}(\n     ^****^\n/home/greg/dev/nethermind/warp/tests/semantic/solidity/test/libsolidity/semanticTests/viaYul/exp_neg_overflow.cairo.temp:50:9: (pc=0:2125)\n        __main_meat()\n        ^***********^\n/home/greg/dev/nethermind/warp/tests/semantic/solidity/test/libsolidity/semanticTests/viaYul/exp_neg_overflow.cairo.temp:680:5: (pc=0:4052)\n    __warp_if_8(__warp_subexpr_0)\n    ^***************************^\n/home/greg/dev/nethermind/warp/tests/semantic/solidity/test/libsolidity/semanticTests/viaYul/exp_neg_overflow.cairo.temp:665:9: (pc=0:4008)\n        __warp_block_16()\n        ^***************^\n/home/greg/dev/nethermind/warp/tests/semantic/solidity/test/libsolidity/semanticTests/viaYul/exp_neg_overflow.cairo.temp:656:5: (pc=0:3987)\n    __warp_block_17()\n    ^***************^\n/home/greg/dev/nethermind/warp/tests/semantic/solidity/test/libsolidity/semanticTests/viaYul/exp_neg_overflow.cairo.temp:648:5: (pc=0:3976)\n    __warp_block_18(match_var)\n    ^************************^\n/home/greg/dev/nethermind/warp/tests/semantic/solidity/test/libsolidity/semanticTests/viaYul/exp_neg_overflow.cairo.temp:638:5: (pc=0:3943)\n    __warp_if_9(__warp_subexpr_0, match_var)\n    ^**************************************^\n/home/greg/dev/nethermind/warp/tests/semantic/solidity/test/libsolidity/semanticTests/viaYul/exp_neg_overflow.cairo.temp:628:9: (pc=0:3910)\n        __warp_block_20(match_var)\n        ^************************^\n/home/greg/dev/nethermind/warp/tests/semantic/solidity/test/libsolidity/semanticTests/viaYul/exp_neg_overflow.cairo.temp:615:5: (pc=0:3894)\n    __warp_if_10(__warp_subexpr_0)\n    ^****************************^\n/home/greg/dev/nethermind/warp/tests/semantic/solidity/test/libsolidity/semanticTests/viaYul/exp_neg_overflow.cairo.temp:603:9: (pc=0:3872)\n        __warp_block_21()\n        ^***************^'})
------------------------------------------------------------------------------------------------------------------- Captured stdout call -------------------------------------------------------------------------------------------------------------------
{'callData': '0xa4797c9b00000000000000000000000000000000000000000000000000000000000000020000000000000000000000000000000000000000000000000000000000000006', 'expectations': '0x0000000000000000000000000000000000000000000000000000000000000040', 'failure': False, 'signature': 'f(int8,uint256)'}
------------------------------------------------------------------------------------------------------------------- Captured stderr call -------------------------------------------------------------------------------------------------------------------
Warning: SPDX license identifier not provided in source file. Before publishing, consider adding a comment containing "SPDX-License-Identifier: <SPDX-License>" to each source file. Use "SPDX-License-Identifier: UNLICENSED" for non-open-source code. Please see https://spdx.org for more information.
--> tests/semantic/solidity/test/libsolidity/semanticTests/viaYul/calldata_array_index_range_access_marked.sol

Warning: Function state mutability can be restricted to pure
 --> tests/semantic/solidity/test/libsolidity/semanticTests/viaYul/calldata_array_index_range_access_marked.sol:4:5:
  |
4 |     function f(uint256[] calldata x, uint256 s, uint256 e) external returns (uint256) {
  |     ^ (Relevant source part starts here and spans across multiple lines).

Warning: Function state mutability can be restricted to pure
 --> tests/semantic/solidity/test/libsolidity/semanticTests/viaYul/calldata_array_index_range_access_marked.sol:7:5:
  |
7 |     function f(uint256[] calldata x, uint256 s, uint256 e, uint256 ss, uint256 ee) external returns (uint256) {
  |     ^ (Relevant source part starts here and spans across multiple lines).

Warning: Function state mutability can be restricted to pure
  --> tests/semantic/solidity/test/libsolidity/semanticTests/viaYul/calldata_array_index_range_access_marked.sol:10:5:
   |
10 |     function f_s_only(uint256[] calldata x, uint256 s) external returns (uint256) {
   |     ^ (Relevant source part starts here and spans across multiple lines).

Warning: Function state mutability can be restricted to pure
  --> tests/semantic/solidity/test/libsolidity/semanticTests/viaYul/calldata_array_index_range_access_marked.sol:13:5:
   |
13 |     function f_e_only(uint256[] calldata x, uint256 e) external returns (uint256) {
   |     ^ (Relevant source part starts here and spans across multiple lines).

Warning: Function state mutability can be restricted to pure
  --> tests/semantic/solidity/test/libsolidity/semanticTests/viaYul/calldata_array_index_range_access_marked.sol:16:5:
   |
16 |     function g(uint256[] calldata x, uint256 s, uint256 e, uint256 idx) external returns (uint256) {
   |     ^ (Relevant source part starts here and spans across multiple lines).

Warning: Function state mutability can be restricted to pure
  --> tests/semantic/solidity/test/libsolidity/semanticTests/viaYul/calldata_array_index_range_access_marked.sol:19:5:
   |
19 |     function gg(uint256[] calldata x, uint256 s, uint256 e, uint256 idx) external returns (uint256) {
   |     ^ (Relevant source part starts here and spans across multiple lines).

Warning: Function state mutability can be restricted to pure
  --> tests/semantic/solidity/test/libsolidity/semanticTests/viaYul/calldata_array_index_range_access_marked.sol:22:5:
   |
22 |     function gg_s_only(uint256[] calldata x, uint256 s, uint256 idx) external returns (uint256) {
   |     ^ (Relevant source part starts here and spans across multiple lines).

Warning: Function state mutability can be restricted to pure
  --> tests/semantic/solidity/test/libsolidity/semanticTests/viaYul/calldata_array_index_range_access_marked.sol:25:5:
   |
25 |     function gg_e_only(uint256[] calldata x, uint256 e, uint256 idx) external returns (uint256) {
   |     ^ (Relevant source part starts here and spans across multiple lines).

Warning: SPDX license identifier not provided in source file. Before publishing, consider adding a comment containing "SPDX-License-Identifier: <SPDX-License>" to each source file. Use "SPDX-License-Identifier: UNLICENSED" for non-open-source code. Please see https://spdx.org for more information.
--> tests/semantic/solidity/test/libsolidity/semanticTests/viaYul/simple_assignment_marked.sol

___________________________________________________________ test_semantics[/home/greg/dev/nethermind/warp/tests/semantic/solidity/test/libsolidity/semanticTests/viaYul/detect_div_overflow.sol] ___________________________________________________________
../../../warp_dev/lib/python3.7/site-packages/cairo_lang-0.6.2-py3.7.egg/starkware/starknet/business_logic/internal_transaction.py:539: in _run
    verify_secure=True,
../../../warp_dev/lib/python3.7/site-packages/cairo_lang-0.6.2-py3.7.egg/starkware/cairo/common/cairo_function_runner.py:199: in run_from_entrypoint
    self.run_until_pc(addr=end, run_resources=run_resources)
../../../warp_dev/lib/python3.7/site-packages/cairo_lang-0.6.2-py3.7.egg/starkware/cairo/lang/vm/cairo_runner.py:284: in run_until_pc
    self.vm_step()
../../../warp_dev/lib/python3.7/site-packages/cairo_lang-0.6.2-py3.7.egg/starkware/cairo/lang/vm/cairo_runner.py:298: in vm_step
    self.vm.step()
../../../warp_dev/lib/python3.7/site-packages/cairo_lang-0.6.2-py3.7.egg/starkware/cairo/lang/vm/virtual_machine_base.py:255: in step
    self.run_instruction(instruction)
../../../warp_dev/lib/python3.7/site-packages/cairo_lang-0.6.2-py3.7.egg/starkware/cairo/lang/vm/vm_core.py:422: in run_instruction
    raise self.as_vm_exception(exc) from None
E   starkware.cairo.lang.vm.vm_exceptions.VmException: /home/greg/dev/nethermind/warp/tests/semantic/solidity/test/libsolidity/semanticTests/viaYul/detect_div_overflow.cairo.temp:103:9: Error at pc=0:2308:
E   An ASSERT_EQ instruction failed: 1 != 0.
E           assert 0 = 1
E           ^**********^
E   Cairo traceback (most recent call last):
E   /home/greg/dev/nethermind/warp/tests/semantic/solidity/test/libsolidity/semanticTests/viaYul/detect_div_overflow.cairo.temp:36:6: (pc=0:2145)
E   func __main{bitwise_ptr : BitwiseBuiltin*, range_check_ptr}(
E        ^****^
E   /home/greg/dev/nethermind/warp/tests/semantic/solidity/test/libsolidity/semanticTests/viaYul/detect_div_overflow.cairo.temp:49:9: (pc=0:2090)
E           __main_meat()
E           ^***********^
E   /home/greg/dev/nethermind/warp/tests/semantic/solidity/test/libsolidity/semanticTests/viaYul/detect_div_overflow.cairo.temp:318:5: (pc=0:3022)
E       __warp_if_0(__warp_subexpr_0)
E       ^***************************^
E   /home/greg/dev/nethermind/warp/tests/semantic/solidity/test/libsolidity/semanticTests/viaYul/detect_div_overflow.cairo.temp:303:9: (pc=0:2978)
E           __warp_block_0()
E           ^**************^
E   /home/greg/dev/nethermind/warp/tests/semantic/solidity/test/libsolidity/semanticTests/viaYul/detect_div_overflow.cairo.temp:294:5: (pc=0:2957)
E       __warp_block_1(match_var)
E       ^***********************^
E   /home/greg/dev/nethermind/warp/tests/semantic/solidity/test/libsolidity/semanticTests/viaYul/detect_div_overflow.cairo.temp:284:5: (pc=0:2924)
E       __warp_if_1(__warp_subexpr_0, match_var)
E       ^**************************************^
E   /home/greg/dev/nethermind/warp/tests/semantic/solidity/test/libsolidity/semanticTests/viaYul/detect_div_overflow.cairo.temp:274:9: (pc=0:2891)
E           __warp_block_3(match_var)
E           ^***********************^
E   /home/greg/dev/nethermind/warp/tests/semantic/solidity/test/libsolidity/semanticTests/viaYul/detect_div_overflow.cairo.temp:261:5: (pc=0:2875)
E       __warp_if_2(__warp_subexpr_0, match_var)
E       ^**************************************^
E   /home/greg/dev/nethermind/warp/tests/semantic/solidity/test/libsolidity/semanticTests/viaYul/detect_div_overflow.cairo.temp:248:9: (pc=0:2851)
E           __warp_block_4()
E           ^**************^
E   /home/greg/dev/nethermind/warp/tests/semantic/solidity/test/libsolidity/semanticTests/viaYul/detect_div_overflow.cairo.temp:198:48: (pc=0:2666)
E       let (param : Uint256, param_1 : Uint256) = abi_decode_int8t_int8(__warp_subexpr_0)
E                                                  ^*************************************^

During handling of the above exception, another exception occurred:
tests/semantic/test_semantics.py:161: in test_semantics
    res = await invoke_method_evm_calldata(starknet, contract_address, argument)
../../../warp_dev/lib/python3.7/site-packages/sol_warp-0.2.12-py3.7.egg/yul/starknet_utils.py:30: in invoke_method_evm_calldata
    caller_address=0,
../../../warp_dev/lib/python3.7/site-packages/cairo_lang-0.6.2-py3.7.egg/starkware/starknet/testing/state.py:153: in invoke_raw
    state=state_copy, general_config=self.general_config
../../../warp_dev/lib/python3.7/site-packages/cairo_lang-0.6.2-py3.7.egg/starkware/starknet/business_logic/internal_transaction_interface.py:213: in apply_state_updates
    state=state_to_update, general_config=general_config
../../../warp_dev/lib/python3.7/site-packages/cairo_lang-0.6.2-py3.7.egg/starkware/starknet/business_logic/internal_transaction.py:405: in _apply_specific_state_updates
    func=_synchronous_apply_specific_state_updates,
/usr/lib/python3.7/concurrent/futures/thread.py:57: in run
    result = self.fn(*self.args, **self.kwargs)
../../../warp_dev/lib/python3.7/site-packages/cairo_lang-0.6.2-py3.7.egg/starkware/starknet/business_logic/internal_transaction.py:433: in _synchronous_apply_specific_state_updates
    run_resources=run_resources,
../../../warp_dev/lib/python3.7/site-packages/cairo_lang-0.6.2-py3.7.egg/starkware/starknet/business_logic/internal_transaction.py:559: in _run
    raise StarkException(code=code, message=str(exception))
E   starkware.starkware_utils.error_handling.StarkException: (500, {'code': <StarknetErrorCode.TRANSACTION_FAILED: 28>, 'message': '/home/greg/dev/nethermind/warp/tests/semantic/solidity/test/libsolidity/semanticTests/viaYul/detect_div_overflow.cairo.temp:103:9: Error at pc=0:2308:\nAn ASSERT_EQ instruction failed: 1 != 0.\n        assert 0 = 1\n        ^**********^\nCairo traceback (most recent call last):\n/home/greg/dev/nethermind/warp/tests/semantic/solidity/test/libsolidity/semanticTests/viaYul/detect_div_overflow.cairo.temp:36:6: (pc=0:2145)\nfunc __main{bitwise_ptr : BitwiseBuiltin*, range_check_ptr}(\n     ^****^\n/home/greg/dev/nethermind/warp/tests/semantic/solidity/test/libsolidity/semanticTests/viaYul/detect_div_overflow.cairo.temp:49:9: (pc=0:2090)\n        __main_meat()\n        ^***********^\n/home/greg/dev/nethermind/warp/tests/semantic/solidity/test/libsolidity/semanticTests/viaYul/detect_div_overflow.cairo.temp:318:5: (pc=0:3022)\n    __warp_if_0(__warp_subexpr_0)\n    ^***************************^\n/home/greg/dev/nethermind/warp/tests/semantic/solidity/test/libsolidity/semanticTests/viaYul/detect_div_overflow.cairo.temp:303:9: (pc=0:2978)\n        __warp_block_0()\n        ^**************^\n/home/greg/dev/nethermind/warp/tests/semantic/solidity/test/libsolidity/semanticTests/viaYul/detect_div_overflow.cairo.temp:294:5: (pc=0:2957)\n    __warp_block_1(match_var)\n    ^***********************^\n/home/greg/dev/nethermind/warp/tests/semantic/solidity/test/libsolidity/semanticTests/viaYul/detect_div_overflow.cairo.temp:284:5: (pc=0:2924)\n    __warp_if_1(__warp_subexpr_0, match_var)\n    ^**************************************^\n/home/greg/dev/nethermind/warp/tests/semantic/solidity/test/libsolidity/semanticTests/viaYul/detect_div_overflow.cairo.temp:274:9: (pc=0:2891)\n        __warp_block_3(match_var)\n        ^***********************^\n/home/greg/dev/nethermind/warp/tests/semantic/solidity/test/libsolidity/semanticTests/viaYul/detect_div_overflow.cairo.temp:261:5: (pc=0:2875)\n    __warp_if_2(__warp_subexpr_0, match_var)\n    ^**************************************^\n/home/greg/dev/nethermind/warp/tests/semantic/solidity/test/libsolidity/semanticTests/viaYul/detect_div_overflow.cairo.temp:248:9: (pc=0:2851)\n        __warp_block_4()\n        ^**************^\n/home/greg/dev/nethermind/warp/tests/semantic/solidity/test/libsolidity/semanticTests/viaYul/detect_div_overflow.cairo.temp:198:48: (pc=0:2666)\n    let (param : Uint256, param_1 : Uint256) = abi_decode_int8t_int8(__warp_subexpr_0)\n                                               ^*************************************^'})
------------------------------------------------------------------------------------------------------------------- Captured stdout call -------------------------------------------------------------------------------------------------------------------
{'callData': '0x13d1aa2e000000000000000000000000000000000000000000000000000000000000000a0000000000000000000000000000000000000000000000000000000000000003', 'expectations': '0x0000000000000000000000000000000000000000000000000000000000000003', 'failure': False, 'signature': 'f(uint256,uint256)'}
{'callData': '0x13d1aa2e00000000000000000000000000000000000000000000000000000000000000010000000000000000000000000000000000000000000000000000000000000000', 'expectations': '0x4e487b710000000000000000000000000000000000000000000000000000000000000012', 'failure': True, 'signature': 'f(uint256,uint256)'}
{'callData': '0x13d1aa2e00000000000000000000000000000000000000000000000000000000000000000000000000000000000000000000000000000000000000000000000000000000', 'expectations': '0x4e487b710000000000000000000000000000000000000000000000000000000000000012', 'failure': True, 'signature': 'f(uint256,uint256)'}
{'callData': '0x13d1aa2e00000000000000000000000000000000000000000000000000000000000000000000000000000000000000000000000000000000000000000000000000000001', 'expectations': '0x0000000000000000000000000000000000000000000000000000000000000000', 'failure': False, 'signature': 'f(uint256,uint256)'}
{'callData': '0x459026f5fffffffffffffffffffffffffffffffffffffffffffffffffffffffffffffff60000000000000000000000000000000000000000000000000000000000000003', 'expectations': '0xfffffffffffffffffffffffffffffffffffffffffffffffffffffffffffffffd', 'failure': False, 'signature': 'g(int8,int8)'}
------------------------------------------------------------------------------------------------------------------- Captured stderr call -------------------------------------------------------------------------------------------------------------------
Warning: SPDX license identifier not provided in source file. Before publishing, consider adding a comment containing "SPDX-License-Identifier: <SPDX-License>" to each source file. Use "SPDX-License-Identifier: UNLICENSED" for non-open-source code. Please see https://spdx.org for more information.
--> tests/semantic/solidity/test/libsolidity/semanticTests/viaYul/cleanup/comparison_marked.sol

__________________________________________________________ test_semantics[/home/greg/dev/nethermind/warp/tests/semantic/solidity/test/libsolidity/semanticTests/viaYul/dirty_calldata_struct.sol] __________________________________________________________
../../../warp_dev/lib/python3.7/site-packages/cairo_lang-0.6.2-py3.7.egg/starkware/starknet/business_logic/internal_transaction.py:539: in _run
    verify_secure=True,
../../../warp_dev/lib/python3.7/site-packages/cairo_lang-0.6.2-py3.7.egg/starkware/cairo/common/cairo_function_runner.py:199: in run_from_entrypoint
    self.run_until_pc(addr=end, run_resources=run_resources)
../../../warp_dev/lib/python3.7/site-packages/cairo_lang-0.6.2-py3.7.egg/starkware/cairo/lang/vm/cairo_runner.py:284: in run_until_pc
    self.vm_step()
../../../warp_dev/lib/python3.7/site-packages/cairo_lang-0.6.2-py3.7.egg/starkware/cairo/lang/vm/cairo_runner.py:298: in vm_step
    self.vm.step()
../../../warp_dev/lib/python3.7/site-packages/cairo_lang-0.6.2-py3.7.egg/starkware/cairo/lang/vm/virtual_machine_base.py:255: in step
    self.run_instruction(instruction)
../../../warp_dev/lib/python3.7/site-packages/cairo_lang-0.6.2-py3.7.egg/starkware/cairo/lang/vm/vm_core.py:422: in run_instruction
    raise self.as_vm_exception(exc) from None
E   starkware.cairo.lang.vm.vm_exceptions.VmException: /home/greg/dev/nethermind/warp/tests/semantic/solidity/test/libsolidity/semanticTests/viaYul/dirty_calldata_struct.cairo.temp:152:9: Error at pc=0:2420:
E   An ASSERT_EQ instruction failed: 1 != 0.
E           assert 0 = 1
E           ^**********^
E   Cairo traceback (most recent call last):
E   /home/greg/dev/nethermind/warp/tests/semantic/solidity/test/libsolidity/semanticTests/viaYul/dirty_calldata_struct.cairo.temp:36:6: (pc=0:2038)
E   func __main{bitwise_ptr : BitwiseBuiltin*, range_check_ptr}(
E        ^****^
E   /home/greg/dev/nethermind/warp/tests/semantic/solidity/test/libsolidity/semanticTests/viaYul/dirty_calldata_struct.cairo.temp:49:9: (pc=0:1983)
E           __main_meat()
E           ^***********^
E   /home/greg/dev/nethermind/warp/tests/semantic/solidity/test/libsolidity/semanticTests/viaYul/dirty_calldata_struct.cairo.temp:216:5: (pc=0:2625)
E       __warp_if_0(__warp_subexpr_0)
E       ^***************************^
E   /home/greg/dev/nethermind/warp/tests/semantic/solidity/test/libsolidity/semanticTests/viaYul/dirty_calldata_struct.cairo.temp:201:9: (pc=0:2581)
E           __warp_block_0()
E           ^**************^
E   /home/greg/dev/nethermind/warp/tests/semantic/solidity/test/libsolidity/semanticTests/viaYul/dirty_calldata_struct.cairo.temp:192:5: (pc=0:2560)
E       __warp_if_1(__warp_subexpr_0)
E       ^***************************^
E   /home/greg/dev/nethermind/warp/tests/semantic/solidity/test/libsolidity/semanticTests/viaYul/dirty_calldata_struct.cairo.temp:178:9: (pc=0:2517)
E           __warp_block_1()
E           ^**************^

During handling of the above exception, another exception occurred:
tests/semantic/test_semantics.py:161: in test_semantics
    res = await invoke_method_evm_calldata(starknet, contract_address, argument)
../../../warp_dev/lib/python3.7/site-packages/sol_warp-0.2.12-py3.7.egg/yul/starknet_utils.py:30: in invoke_method_evm_calldata
    caller_address=0,
../../../warp_dev/lib/python3.7/site-packages/cairo_lang-0.6.2-py3.7.egg/starkware/starknet/testing/state.py:153: in invoke_raw
    state=state_copy, general_config=self.general_config
../../../warp_dev/lib/python3.7/site-packages/cairo_lang-0.6.2-py3.7.egg/starkware/starknet/business_logic/internal_transaction_interface.py:213: in apply_state_updates
    state=state_to_update, general_config=general_config
../../../warp_dev/lib/python3.7/site-packages/cairo_lang-0.6.2-py3.7.egg/starkware/starknet/business_logic/internal_transaction.py:405: in _apply_specific_state_updates
    func=_synchronous_apply_specific_state_updates,
/usr/lib/python3.7/concurrent/futures/thread.py:57: in run
    result = self.fn(*self.args, **self.kwargs)
../../../warp_dev/lib/python3.7/site-packages/cairo_lang-0.6.2-py3.7.egg/starkware/starknet/business_logic/internal_transaction.py:433: in _synchronous_apply_specific_state_updates
    run_resources=run_resources,
../../../warp_dev/lib/python3.7/site-packages/cairo_lang-0.6.2-py3.7.egg/starkware/starknet/business_logic/internal_transaction.py:559: in _run
    raise StarkException(code=code, message=str(exception))
E   starkware.starkware_utils.error_handling.StarkException: (500, {'code': <StarknetErrorCode.TRANSACTION_FAILED: 28>, 'message': '/home/greg/dev/nethermind/warp/tests/semantic/solidity/test/libsolidity/semanticTests/viaYul/dirty_calldata_struct.cairo.temp:152:9: Error at pc=0:2420:\nAn ASSERT_EQ instruction failed: 1 != 0.\n        assert 0 = 1\n        ^**********^\nCairo traceback (most recent call last):\n/home/greg/dev/nethermind/warp/tests/semantic/solidity/test/libsolidity/semanticTests/viaYul/dirty_calldata_struct.cairo.temp:36:6: (pc=0:2038)\nfunc __main{bitwise_ptr : BitwiseBuiltin*, range_check_ptr}(\n     ^****^\n/home/greg/dev/nethermind/warp/tests/semantic/solidity/test/libsolidity/semanticTests/viaYul/dirty_calldata_struct.cairo.temp:49:9: (pc=0:1983)\n        __main_meat()\n        ^***********^\n/home/greg/dev/nethermind/warp/tests/semantic/solidity/test/libsolidity/semanticTests/viaYul/dirty_calldata_struct.cairo.temp:216:5: (pc=0:2625)\n    __warp_if_0(__warp_subexpr_0)\n    ^***************************^\n/home/greg/dev/nethermind/warp/tests/semantic/solidity/test/libsolidity/semanticTests/viaYul/dirty_calldata_struct.cairo.temp:201:9: (pc=0:2581)\n        __warp_block_0()\n        ^**************^\n/home/greg/dev/nethermind/warp/tests/semantic/solidity/test/libsolidity/semanticTests/viaYul/dirty_calldata_struct.cairo.temp:192:5: (pc=0:2560)\n    __warp_if_1(__warp_subexpr_0)\n    ^***************************^\n/home/greg/dev/nethermind/warp/tests/semantic/solidity/test/libsolidity/semanticTests/viaYul/dirty_calldata_struct.cairo.temp:178:9: (pc=0:2517)\n        __warp_block_1()\n        ^**************^'})
------------------------------------------------------------------------------------------------------------------- Captured stdout call -------------------------------------------------------------------------------------------------------------------
{'callData': '0x7a33e3b00000000000000000000000000000000000000000000000000000000000000001', 'expectations': '0x4e487b710000000000000000000000000000000000000000000000000000000000000032', 'failure': True, 'signature': 'fetch(uint256)'}
{'callData': '0x29e99f070000000000000000000000000000000000000000000000000000000000000017', 'expectations': '0x', 'failure': False, 'signature': 'test(uint256)'}
{'callData': '0x0afdb4ea00000000000000000000000000000000000000000000000000000000000000023fffffffffffffffffffffffffffffffffffffffffffffffffffffffffffffff', 'expectations': '0x7ffffffffffffffffffffffffffffffffffffffffffffffffffffffffffffffe', 'failure': False, 'signature': 'f(int256,int256)'}
{'callData': '0xbe1c766b', 'expectations': '0x0000000000000000000000000000000000000000000000000000000000000002', 'failure': False, 'signature': 'getLength()'}
{'callData': '0x0afdb4ea00000000000000000000000000000000000000000000000000000000000000024000000000000000000000000000000000000000000000000000000000000000', 'expectations': '0x4e487b710000000000000000000000000000000000000000000000000000000000000011', 'failure': True, 'signature': 'f(int256,int256)'}
{'callData': '0x4ba5fc3c0000000000000000000000000000000000000000000000000000000000000100000000000000000000000000000000000000000000000000000000000000ffff', 'expectations': '0x4e487b710000000000000000000000000000000000000000000000000000000000000032', 'failure': True, 'signature': 'test_boundary_check(uint256,uint256)'}
{'callData': '0x0afdb4ea00000000000000000000000000000000000000000000000000000000000000024000000000000000000000000000000000000000000000000000000000000000', 'expectations': '0x4e487b710000000000000000000000000000000000000000000000000000000000000011', 'failure': True, 'signature': 'f(int256,int256)'}
{'callData': '0x88bdc9370000000000000000000000000000000000000000000000000000000000000020000000000000000000000000000000000000000000000000000000000000002000000000000000000000000000000000000000000000000000000000000000010000000000000000000000000000000000000000000000000000000000000180', 'expectations': '0x0000000000000000000000000000000000000000000000000000000000000001', 'failure': False, 'signature': 'f((uint16[]))'}
{'callData': '0x4ba5fc3c00000000000000000000000000000000000000000000000000000000000001000000000000000000000000000000000000000000000000000000000000000002', 'expectations': '0x0000000000000000000000000000000000000000000000000000000000000000', 'failure': False, 'signature': 'test_boundary_check(uint256,uint256)'}
{'callData': '0x0afdb4ea00000000000000000000000000000000000000000000000000000000000000024000000000000000000000000000000000000000000000000000000000000000', 'expectations': '0x4e487b710000000000000000000000000000000000000000000000000000000000000011', 'failure': True, 'signature': 'f(int256,int256)'}
{'callData': '0x7a33e3b00000000000000000000000000000000000000000000000000000000000000000', 'expectations': '0x000000000000000000000000000000000000000000000000000000000000002a', 'failure': False, 'signature': 'fetch(uint256)'}
{'callData': '0x0afdb4ea4000000000000000000000000000000000000000000000000000000000000000fffffffffffffffffffffffffffffffffffffffffffffffffffffffffffffffe', 'expectations': '0x8000000000000000000000000000000000000000000000000000000000000000', 'failure': False, 'signature': 'f(int256,int256)'}
------------------------------------------------------------------------------------------------------------------- Captured stderr call -------------------------------------------------------------------------------------------------------------------
Warning: SPDX license identifier not provided in source file. Before publishing, consider adding a comment containing "SPDX-License-Identifier: <SPDX-License>" to each source file. Use "SPDX-License-Identifier: UNLICENSED" for non-open-source code. Please see https://spdx.org for more information.
--> tests/semantic/solidity/test/libsolidity/semanticTests/viaYul/storage/dirty_storage_bytes_marked.sol

_______________________________________________________ test_semantics[/home/greg/dev/nethermind/warp/tests/semantic/solidity/test/libsolidity/semanticTests/viaYul/array_push_return_reference.sol] _______________________________________________________
FAILURE: /home/greg/dev/nethermind/warp/tests/semantic/solidity/test/libsolidity/semanticTests/viaYul/array_push_return_reference.cairo.temp
assert '0xffffffffff...fffffffffffd6' == '0x0000000000...000000000002a'
  - 0x000000000000000000000000000000000000000000000000000000000000002a
  + 0xffffffffffffffffffffffffffffffffffffffffffffffffffffffffffffffd6
tests/semantic/test_semantics.py:173 in test_semantics() -> check.equal(final_res, expected_result, cairo_file_path)
FAILURE: /home/greg/dev/nethermind/warp/tests/semantic/solidity/test/libsolidity/semanticTests/viaYul/array_push_return_reference.cairo.temp
assert '0xffffffffff...fffffffffffd6' == '0x0000000000...000000000002a'
  - 0x000000000000000000000000000000000000000000000000000000000000002a
  + 0xffffffffffffffffffffffffffffffffffffffffffffffffffffffffffffffd6
tests/semantic/test_semantics.py:173 in test_semantics() -> check.equal(final_res, expected_result, cairo_file_path)
FAILURE: /home/greg/dev/nethermind/warp/tests/semantic/solidity/test/libsolidity/semanticTests/viaYul/array_push_return_reference.cairo.temp
assert '0xffffffffff...fffffffffffe9' == '0x0000000000...0000000000017'
  - 0x0000000000000000000000000000000000000000000000000000000000000017
  + 0xffffffffffffffffffffffffffffffffffffffffffffffffffffffffffffffe9
tests/semantic/test_semantics.py:173 in test_semantics() -> check.equal(final_res, expected_result, cairo_file_path)
------------------------------------------------------------
Failed Checks: 3
------------------------------------------------------------------------------------------------------------------- Captured stdout call -------------------------------------------------------------------------------------------------------------------
{'callData': '0x7a33e3b00000000000000000000000000000000000000000000000000000000000000001', 'expectations': '0x0000000000000000000000000000000000000000000000000000000000000017', 'failure': False, 'signature': 'fetch(uint256)'}
{'callData': '0x0afdb4ea4000000000000000000000000000000000000000000000000000000000000001fffffffffffffffffffffffffffffffffffffffffffffffffffffffffffffffe', 'expectations': '0x4e487b710000000000000000000000000000000000000000000000000000000000000011', 'failure': True, 'signature': 'f(int256,int256)'}
{'callData': '0x7a33e3b00000000000000000000000000000000000000000000000000000000000000002', 'expectations': '0x4e487b710000000000000000000000000000000000000000000000000000000000000032', 'failure': True, 'signature': 'fetch(uint256)'}
___________________________________________________ test_semantics[/home/greg/dev/nethermind/warp/tests/semantic/solidity/test/libsolidity/semanticTests/viaYul/storage/dirty_storage_dynamic_array.sol] ___________________________________________________
../../../warp_dev/lib/python3.7/site-packages/cairo_lang-0.6.2-py3.7.egg/starkware/cairo/lang/compiler/preprocessor/preprocessor.py:365: in search_identifier
    result = self.identifiers.search(self.accessible_scopes, ScopedName.from_string(name))
../../../warp_dev/lib/python3.7/site-packages/cairo_lang-0.6.2-py3.7.egg/starkware/cairo/lang/compiler/identifier_manager.py:225: in search
    res = self._search(accessible_scopes=accessible_scopes, name=name, get_scope=False)
../../../warp_dev/lib/python3.7/site-packages/cairo_lang-0.6.2-py3.7.egg/starkware/cairo/lang/compiler/identifier_manager.py:217: in _search
    raise MissingIdentifierError(name[:1])
E   starkware.cairo.lang.compiler.identifier_manager.MissingIdentifierError: Unknown identifier 'bitwise_ptr'.

During handling of the above exception, another exception occurred:
tests/semantic/test_semantics.py:135: in test_semantics
    contract_definition = await starknet_compile(cairo_file_path)
tests/semantic/test_semantics.py:71: in starknet_compile
    [contract_file], debug_info=True, cairo_path=[cairo_path]
../../../warp_dev/lib/python3.7/site-packages/cairo_lang-0.6.2-py3.7.egg/starkware/starknet/compiler/compile.py:107: in compile_starknet_files
    cairo_path=cairo_path,
../../../warp_dev/lib/python3.7/site-packages/cairo_lang-0.6.2-py3.7.egg/starkware/starknet/compiler/compile.py:128: in compile_starknet_codes
    code=codes, debug_info=debug_info, pass_manager=pass_manager
../../../warp_dev/lib/python3.7/site-packages/cairo_lang-0.6.2-py3.7.egg/starkware/cairo/lang/compiler/cairo_compile.py:230: in compile_cairo_ex
    codes=codes_with_filenames, pass_manager=pass_manager, main_scope=main_scope
../../../warp_dev/lib/python3.7/site-packages/cairo_lang-0.6.2-py3.7.egg/starkware/cairo/lang/compiler/preprocessor/preprocess_codes.py:24: in preprocess_codes
    pass_manager.run(context)
../../../warp_dev/lib/python3.7/site-packages/cairo_lang-0.6.2-py3.7.egg/starkware/cairo/lang/compiler/preprocessor/pass_manager.py:53: in run
    stage.run(context)
../../../warp_dev/lib/python3.7/site-packages/cairo_lang-0.6.2-py3.7.egg/starkware/cairo/lang/compiler/preprocessor/default_pass_manager.py:89: in run
    preprocessor.visit(module)
../../../warp_dev/lib/python3.7/site-packages/cairo_lang-0.6.2-py3.7.egg/starkware/cairo/lang/compiler/ast/visitor.py:40: in visit
    return getattr(self, f"visit_{type(obj).__name__}", self._visit_default)(obj)
../../../warp_dev/lib/python3.7/site-packages/cairo_lang-0.6.2-py3.7.egg/starkware/cairo/lang/compiler/preprocessor/preprocessor.py:427: in visit_CairoModule
    super().visit_CairoModule(module)
../../../warp_dev/lib/python3.7/site-packages/cairo_lang-0.6.2-py3.7.egg/starkware/cairo/lang/compiler/ast/visitor.py:63: in visit_CairoModule
    cairo_file=CairoFile(code_block=self.visit(module.cairo_file.code_block)),
../../../warp_dev/lib/python3.7/site-packages/cairo_lang-0.6.2-py3.7.egg/starkware/cairo/lang/compiler/ast/visitor.py:40: in visit
    return getattr(self, f"visit_{type(obj).__name__}", self._visit_default)(obj)
../../../warp_dev/lib/python3.7/site-packages/cairo_lang-0.6.2-py3.7.egg/starkware/cairo/lang/compiler/preprocessor/preprocessor.py:415: in visit_CodeBlock
    self.visit_uncommented_code_block([x.code_elm for x in code_block.code_elements])
../../../warp_dev/lib/python3.7/site-packages/cairo_lang-0.6.2-py3.7.egg/starkware/cairo/lang/compiler/preprocessor/preprocessor.py:397: in visit_uncommented_code_block
    self.visit(elm)
../../../warp_dev/lib/python3.7/site-packages/cairo_lang-0.6.2-py3.7.egg/starkware/cairo/lang/compiler/ast/visitor.py:40: in visit
    return getattr(self, f"visit_{type(obj).__name__}", self._visit_default)(obj)
../../../warp_dev/lib/python3.7/site-packages/cairo_lang-0.6.2-py3.7.egg/starkware/starknet/compiler/starknet_preprocessor.py:172: in visit_CodeElementFunction
    super().visit_CodeElementFunction(elm)
../../../warp_dev/lib/python3.7/site-packages/cairo_lang-0.6.2-py3.7.egg/starkware/cairo/lang/compiler/preprocessor/preprocessor.py:615: in visit_CodeElementFunction
    code_block=elm.code_block, location=elm.identifier.location
../../../warp_dev/lib/python3.7/site-packages/cairo_lang-0.6.2-py3.7.egg/starkware/cairo/lang/compiler/preprocessor/preprocessor.py:671: in visit_function_body_with_retries
    self.visit_uncommented_code_block(code_elements)
../../../warp_dev/lib/python3.7/site-packages/cairo_lang-0.6.2-py3.7.egg/starkware/cairo/lang/compiler/preprocessor/preprocessor.py:397: in visit_uncommented_code_block
    self.visit(elm)
../../../warp_dev/lib/python3.7/site-packages/cairo_lang-0.6.2-py3.7.egg/starkware/cairo/lang/compiler/ast/visitor.py:40: in visit
    return getattr(self, f"visit_{type(obj).__name__}", self._visit_default)(obj)
../../../warp_dev/lib/python3.7/site-packages/cairo_lang-0.6.2-py3.7.egg/starkware/cairo/lang/compiler/preprocessor/preprocessor.py:1757: in visit_CodeElementUnpackBinding
    self.visit(CodeElementFuncCall(func_call=elm.rvalue))
../../../warp_dev/lib/python3.7/site-packages/cairo_lang-0.6.2-py3.7.egg/starkware/cairo/lang/compiler/ast/visitor.py:40: in visit
    return getattr(self, f"visit_{type(obj).__name__}", self._visit_default)(obj)
../../../warp_dev/lib/python3.7/site-packages/cairo_lang-0.6.2-py3.7.egg/starkware/cairo/lang/compiler/preprocessor/preprocessor.py:1616: in visit_CodeElementFuncCall
    location=elm.func_call.location,
../../../warp_dev/lib/python3.7/site-packages/cairo_lang-0.6.2-py3.7.egg/starkware/cairo/lang/compiler/preprocessor/preprocessor.py:1391: in push_arguments
    location=location,
../../../warp_dev/lib/python3.7/site-packages/cairo_lang-0.6.2-py3.7.egg/starkware/cairo/lang/compiler/preprocessor/preprocessor.py:1314: in process_implicit_arguments
    felt_expr_list = self.simplify_expr_to_felt_expr_list(expr, member_def.cairo_type)
../../../warp_dev/lib/python3.7/site-packages/cairo_lang-0.6.2-py3.7.egg/starkware/cairo/lang/compiler/preprocessor/preprocessor.py:2083: in simplify_expr_to_felt_expr_list
    expr, expr_type = self.simplify_expr(expr)
../../../warp_dev/lib/python3.7/site-packages/cairo_lang-0.6.2-py3.7.egg/starkware/cairo/lang/compiler/preprocessor/preprocessor.py:2054: in simplify_expr
    resolve_type_callback=self.resolve_type,
../../../warp_dev/lib/python3.7/site-packages/cairo_lang-0.6.2-py3.7.egg/starkware/cairo/lang/compiler/substitute_identifiers.py:113: in substitute_identifiers
    ).visit(expr)
../../../warp_dev/lib/python3.7/site-packages/cairo_lang-0.6.2-py3.7.egg/starkware/cairo/lang/compiler/expression_transformer.py:47: in visit
    return getattr(self, funcname)(expr)
../../../warp_dev/lib/python3.7/site-packages/cairo_lang-0.6.2-py3.7.egg/starkware/cairo/lang/compiler/substitute_identifiers.py:38: in visit_ExprIdentifier
    val = self.get_identifier_callback(expr)
../../../warp_dev/lib/python3.7/site-packages/cairo_lang-0.6.2-py3.7.egg/starkware/cairo/lang/compiler/preprocessor/preprocessor.py:2185: in get_variable
    identifier_definition = self.search_identifier(var.name, var.location)
../../../warp_dev/lib/python3.7/site-packages/cairo_lang-0.6.2-py3.7.egg/starkware/cairo/lang/compiler/preprocessor/preprocessor.py:368: in search_identifier
    raise PreprocessorError(str(exc), location=location)
E   starkware.cairo.lang.compiler.preprocessor.preprocessor_error.PreprocessorError: /home/greg/dev/nethermind/warp/warp/cairo-src/evm/hashing.cairo:14:20: While trying to retrieve the implicit argument 'bitwise_ptr' in:
E       let (memval) = array_create_from_memory(offset, size)
E                      ^************************************^
E   /home/greg/dev/nethermind/warp/warp/cairo-src/evm/array.cairo:16:53: Unknown identifier 'bitwise_ptr'.
E           memory_dict : DictAccess*, range_check_ptr, bitwise_ptr : BitwiseBuiltin*}(
E                                                       ^***************************^
------------------------------------------------------------------------------------------------------------------- Captured stdout call -------------------------------------------------------------------------------------------------------------------
{'callData': '0x0afdb4ea0000000000000000000000000000000000000000000000000000000000000002c000000000000000000000000000000000000000000000000000000000000000', 'expectations': '0x8000000000000000000000000000000000000000000000000000000000000000', 'failure': False, 'signature': 'f(int256,int256)'}
{'callData': '0xa446202fff00ff00ff00ff00ff00ff00ff00ff00ff00ff00ff00ff00ff00000000000000', 'expectations': '0xff00ff00ff00ff00ff00ff00ff00ff00ffffffffffffffffffffffffffffffff', 'failure': False, 'signature': 'conv(bytes25)'}
{'callData': '0xd00f9c64ff00ff00ff00ff00ff00ff00ff00ff00ff00ff00ff00ff00ff00000000000000', 'expectations': '0x00ff00ff00ff00ff00ff00ff00ff00ff00ff00ff00ff00ff0000000000000000', 'failure': False, 'signature': 'upcast(bytes25)'}
{'callData': '0xef8fd134ff00ff00ff00ff00ff00ff00ff00ff00ff00ff00ff00ff00ff00000000000000', 'expectations': '0x00ff00ff00ff00ff00ff00ff0000000000000000000000000000000000000000', 'failure': False, 'signature': 'downcast(bytes25)'}
{'callData': '0x0afdb4ea0000000000000000000000000000000000000000000000000000000000000002bfffffffffffffffffffffffffffffffffffffffffffffffffffffffffffffff', 'expectations': '0x4e487b710000000000000000000000000000000000000000000000000000000000000011', 'failure': True, 'signature': 'f(int256,int256)'}
{'callData': '0x0afdb4ea0000000000000000000000000000000000000000000000000000000000000002bfffffffffffffffffffffffffffffffffffffffffffffffffffffffffffffff', 'expectations': '0x4e487b710000000000000000000000000000000000000000000000000000000000000011', 'failure': True, 'signature': 'f(int256,int256)'}
{'callData': '0x4bf60c4d', 'expectations': '0x00ff00ff00ff00ff00ff00ff00ff00ff00ff00ff00ff00ff00ff00ff00ff00ff', 'failure': False, 'signature': 'r_b32()'}
{'callData': '0x0afdb4ea0000000000000000000000000000000000000000000000000000000000000002bfffffffffffffffffffffffffffffffffffffffffffffffffffffffffffffff', 'expectations': '0x4e487b710000000000000000000000000000000000000000000000000000000000000011', 'failure': True, 'signature': 'f(int256,int256)'}
{'callData': '0x436c732a', 'expectations': '0x00ff00ff00ff00ff00ff00ff00ff00ff00ff00ff00ff00ff0000000000000000', 'failure': False, 'signature': 'r_b25()'}
{'callData': '0x0afdb4eafffffffffffffffffffffffffffffffffffffffffffffffffffffffffffffffe4000000000000000000000000000000000000000000000000000000000000000', 'expectations': '0x8000000000000000000000000000000000000000000000000000000000000000', 'failure': False, 'signature': 'f(int256,int256)'}
{'callData': '0xedfce9e9', 'expectations': '0x00ff00ff00ff00ff00ff00ff00ff00ff00000000000000000000000000000000', 'failure': False, 'signature': 'r_b16()'}
{'callData': '0x6309b37e', 'expectations': '0x00ff00ff00ff00ff000000000000000000000000000000000000000000000000', 'failure': False, 'signature': 'r_b8()'}
{'callData': '0x0afdb4eafffffffffffffffffffffffffffffffffffffffffffffffffffffffffffffffe4000000000000000000000000000000000000000000000000000000000000001', 'expectations': '0x4e487b710000000000000000000000000000000000000000000000000000000000000011', 'failure': True, 'signature': 'f(int256,int256)'}
{'callData': '0xa8b6fbec', 'expectations': '0x00ff00ff00000000000000000000000000000000000000000000000000000000', 'failure': False, 'signature': 'r_b4()'}
{'callData': '0x0afdb4eac0000000000000000000000000000000000000000000000000000000000000000000000000000000000000000000000000000000000000000000000000000002', 'expectations': '0x8000000000000000000000000000000000000000000000000000000000000000', 'failure': False, 'signature': 'f(int256,int256)'}
{'callData': '0x52f19cbe', 'expectations': '0xaa00000000000000000000000000000000000000000000000000000000000000', 'failure': False, 'signature': 'r_b1()'}
{'callData': '0xa2934ffb', 'expectations': '0x00ff00ff00ff00ff00ff00ff00ff00ff00ff00ff00ff00ff00ff00ff00ff00ff', 'failure': False, 'signature': 'a_b32()'}
{'callData': '0xd0575cf9', 'expectations': '0x00ff00ff00ff00ff00ff00ff00ff00ff00ff00ff00ff00ff0000000000000000', 'failure': False, 'signature': 'a_b25()'}
{'callData': '0x99fd50c7', 'expectations': '0x00ff00ff00ff00ff00ff00ff00ff00ff00000000000000000000000000000000', 'failure': False, 'signature': 'a_b16()'}
{'callData': '0x0afdb4eabfffffffffffffffffffffffffffffffffffffffffffffffffffffffffffffff0000000000000000000000000000000000000000000000000000000000000002', 'expectations': '0x4e487b710000000000000000000000000000000000000000000000000000000000000011', 'failure': True, 'signature': 'f(int256,int256)'}
{'callData': '0x0afdb4eabfffffffffffffffffffffffffffffffffffffffffffffffffffffffffffffff0000000000000000000000000000000000000000000000000000000000000002', 'expectations': '0x4e487b710000000000000000000000000000000000000000000000000000000000000011', 'failure': True, 'signature': 'f(int256,int256)'}
{'callData': '0x3e6b7a14', 'expectations': '0x00ff00ff00ff00ff000000000000000000000000000000000000000000000000', 'failure': False, 'signature': 'a_b8()'}
{'callData': '0x0afdb4eabfffffffffffffffffffffffffffffffffffffffffffffffffffffffffffffff0000000000000000000000000000000000000000000000000000000000000002', 'expectations': '0x4e487b710000000000000000000000000000000000000000000000000000000000000011', 'failure': True, 'signature': 'f(int256,int256)'}
{'callData': '0x134abb08', 'expectations': '0x00ff00ff00000000000000000000000000000000000000000000000000000000', 'failure': False, 'signature': 'a_b4()'}
{'callData': '0x984a43a1', 'expectations': '0xaa00000000000000000000000000000000000000000000000000000000000000', 'failure': False, 'signature': 'a_b1()'}
------------------------------------------------------------------------------------------------------------------- Captured stderr call -------------------------------------------------------------------------------------------------------------------
Warning: SPDX license identifier not provided in source file. Before publishing, consider adding a comment containing "SPDX-License-Identifier: <SPDX-License>" to each source file. Use "SPDX-License-Identifier: UNLICENSED" for non-open-source code. Please see https://spdx.org for more information.
--> tests/semantic/solidity/test/libsolidity/semanticTests/viaYul/storage/simple_storage_marked.sol

Warning: SPDX license identifier not provided in source file. Before publishing, consider adding a comment containing "SPDX-License-Identifier: <SPDX-License>" to each source file. Use "SPDX-License-Identifier: UNLICENSED" for non-open-source code. Please see https://spdx.org for more information.
--> tests/semantic/solidity/test/libsolidity/semanticTests/viaYul/storage/packed_storage_marked.sol

Warning: SPDX license identifier not provided in source file. Before publishing, consider adding a comment containing "SPDX-License-Identifier: <SPDX-License>" to each source file. Use "SPDX-License-Identifier: UNLICENSED" for non-open-source code. Please see https://spdx.org for more information.
--> tests/semantic/solidity/test/libsolidity/semanticTests/viaYul/storage/dirty_storage_dynamic_array_marked.sol

_______________________________________________________ test_semantics[/home/greg/dev/nethermind/warp/tests/semantic/solidity/test/libsolidity/semanticTests/viaYul/detect_mul_overflow_signed.sol] ________________________________________________________
../../../warp_dev/lib/python3.7/site-packages/cairo_lang-0.6.2-py3.7.egg/starkware/starknet/business_logic/internal_transaction.py:539: in _run
    verify_secure=True,
../../../warp_dev/lib/python3.7/site-packages/cairo_lang-0.6.2-py3.7.egg/starkware/cairo/common/cairo_function_runner.py:199: in run_from_entrypoint
    self.run_until_pc(addr=end, run_resources=run_resources)
../../../warp_dev/lib/python3.7/site-packages/cairo_lang-0.6.2-py3.7.egg/starkware/cairo/lang/vm/cairo_runner.py:284: in run_until_pc
    self.vm_step()
../../../warp_dev/lib/python3.7/site-packages/cairo_lang-0.6.2-py3.7.egg/starkware/cairo/lang/vm/cairo_runner.py:298: in vm_step
    self.vm.step()
../../../warp_dev/lib/python3.7/site-packages/cairo_lang-0.6.2-py3.7.egg/starkware/cairo/lang/vm/virtual_machine_base.py:255: in step
    self.run_instruction(instruction)
../../../warp_dev/lib/python3.7/site-packages/cairo_lang-0.6.2-py3.7.egg/starkware/cairo/lang/vm/vm_core.py:422: in run_instruction
    raise self.as_vm_exception(exc) from None
E   starkware.cairo.lang.vm.vm_exceptions.VmException: /home/greg/dev/nethermind/warp/tests/semantic/solidity/test/libsolidity/semanticTests/viaYul/detect_mul_overflow_signed.cairo.temp:93:9: Error at pc=0:2317:
E   An ASSERT_EQ instruction failed: 1 != 0.
E           assert 0 = 1
E           ^**********^
E   Cairo traceback (most recent call last):
E   /home/greg/dev/nethermind/warp/tests/semantic/solidity/test/libsolidity/semanticTests/viaYul/detect_mul_overflow_signed.cairo.temp:37:6: (pc=0:2180)
E   func __main{bitwise_ptr : BitwiseBuiltin*, range_check_ptr}(
E        ^****^
E   /home/greg/dev/nethermind/warp/tests/semantic/solidity/test/libsolidity/semanticTests/viaYul/detect_mul_overflow_signed.cairo.temp:50:9: (pc=0:2125)
E           __main_meat()
E           ^***********^
E   /home/greg/dev/nethermind/warp/tests/semantic/solidity/test/libsolidity/semanticTests/viaYul/detect_mul_overflow_signed.cairo.temp:323:5: (pc=0:3224)
E       __warp_if_0(__warp_subexpr_0)
E       ^***************************^
E   /home/greg/dev/nethermind/warp/tests/semantic/solidity/test/libsolidity/semanticTests/viaYul/detect_mul_overflow_signed.cairo.temp:308:9: (pc=0:3180)
E           __warp_block_0()
E           ^**************^
E   /home/greg/dev/nethermind/warp/tests/semantic/solidity/test/libsolidity/semanticTests/viaYul/detect_mul_overflow_signed.cairo.temp:299:5: (pc=0:3159)
E       __warp_block_1()
E       ^**************^
E   /home/greg/dev/nethermind/warp/tests/semantic/solidity/test/libsolidity/semanticTests/viaYul/detect_mul_overflow_signed.cairo.temp:291:5: (pc=0:3148)
E       __warp_block_2(match_var)
E       ^***********************^
E   /home/greg/dev/nethermind/warp/tests/semantic/solidity/test/libsolidity/semanticTests/viaYul/detect_mul_overflow_signed.cairo.temp:281:5: (pc=0:3115)
E       __warp_if_1(__warp_subexpr_0, match_var)
E       ^**************************************^
E   /home/greg/dev/nethermind/warp/tests/semantic/solidity/test/libsolidity/semanticTests/viaYul/detect_mul_overflow_signed.cairo.temp:271:9: (pc=0:3082)
E           __warp_block_4(match_var)
E           ^***********************^
E   /home/greg/dev/nethermind/warp/tests/semantic/solidity/test/libsolidity/semanticTests/viaYul/detect_mul_overflow_signed.cairo.temp:258:5: (pc=0:3066)
E       __warp_if_2(__warp_subexpr_0)
E       ^***************************^
E   /home/greg/dev/nethermind/warp/tests/semantic/solidity/test/libsolidity/semanticTests/viaYul/detect_mul_overflow_signed.cairo.temp:246:9: (pc=0:3044)
E           __warp_block_5()
E           ^**************^
E   /home/greg/dev/nethermind/warp/tests/semantic/solidity/test/libsolidity/semanticTests/viaYul/detect_mul_overflow_signed.cairo.temp:232:48: (pc=0:2969)
E       let (param : Uint256, param_1 : Uint256) = abi_decode_int8t_int8(__warp_subexpr_0)
E                                                  ^*************************************^

During handling of the above exception, another exception occurred:
tests/semantic/test_semantics.py:161: in test_semantics
    res = await invoke_method_evm_calldata(starknet, contract_address, argument)
../../../warp_dev/lib/python3.7/site-packages/sol_warp-0.2.12-py3.7.egg/yul/starknet_utils.py:30: in invoke_method_evm_calldata
    caller_address=0,
../../../warp_dev/lib/python3.7/site-packages/cairo_lang-0.6.2-py3.7.egg/starkware/starknet/testing/state.py:153: in invoke_raw
    state=state_copy, general_config=self.general_config
../../../warp_dev/lib/python3.7/site-packages/cairo_lang-0.6.2-py3.7.egg/starkware/starknet/business_logic/internal_transaction_interface.py:213: in apply_state_updates
    state=state_to_update, general_config=general_config
../../../warp_dev/lib/python3.7/site-packages/cairo_lang-0.6.2-py3.7.egg/starkware/starknet/business_logic/internal_transaction.py:405: in _apply_specific_state_updates
    func=_synchronous_apply_specific_state_updates,
/usr/lib/python3.7/concurrent/futures/thread.py:57: in run
    result = self.fn(*self.args, **self.kwargs)
../../../warp_dev/lib/python3.7/site-packages/cairo_lang-0.6.2-py3.7.egg/starkware/starknet/business_logic/internal_transaction.py:433: in _synchronous_apply_specific_state_updates
    run_resources=run_resources,
../../../warp_dev/lib/python3.7/site-packages/cairo_lang-0.6.2-py3.7.egg/starkware/starknet/business_logic/internal_transaction.py:559: in _run
    raise StarkException(code=code, message=str(exception))
E   starkware.starkware_utils.error_handling.StarkException: (500, {'code': <StarknetErrorCode.TRANSACTION_FAILED: 28>, 'message': '/home/greg/dev/nethermind/warp/tests/semantic/solidity/test/libsolidity/semanticTests/viaYul/detect_mul_overflow_signed.cairo.temp:93:9: Error at pc=0:2317:\nAn ASSERT_EQ instruction failed: 1 != 0.\n        assert 0 = 1\n        ^**********^\nCairo traceback (most recent call last):\n/home/greg/dev/nethermind/warp/tests/semantic/solidity/test/libsolidity/semanticTests/viaYul/detect_mul_overflow_signed.cairo.temp:37:6: (pc=0:2180)\nfunc __main{bitwise_ptr : BitwiseBuiltin*, range_check_ptr}(\n     ^****^\n/home/greg/dev/nethermind/warp/tests/semantic/solidity/test/libsolidity/semanticTests/viaYul/detect_mul_overflow_signed.cairo.temp:50:9: (pc=0:2125)\n        __main_meat()\n        ^***********^\n/home/greg/dev/nethermind/warp/tests/semantic/solidity/test/libsolidity/semanticTests/viaYul/detect_mul_overflow_signed.cairo.temp:323:5: (pc=0:3224)\n    __warp_if_0(__warp_subexpr_0)\n    ^***************************^\n/home/greg/dev/nethermind/warp/tests/semantic/solidity/test/libsolidity/semanticTests/viaYul/detect_mul_overflow_signed.cairo.temp:308:9: (pc=0:3180)\n        __warp_block_0()\n        ^**************^\n/home/greg/dev/nethermind/warp/tests/semantic/solidity/test/libsolidity/semanticTests/viaYul/detect_mul_overflow_signed.cairo.temp:299:5: (pc=0:3159)\n    __warp_block_1()\n    ^**************^\n/home/greg/dev/nethermind/warp/tests/semantic/solidity/test/libsolidity/semanticTests/viaYul/detect_mul_overflow_signed.cairo.temp:291:5: (pc=0:3148)\n    __warp_block_2(match_var)\n    ^***********************^\n/home/greg/dev/nethermind/warp/tests/semantic/solidity/test/libsolidity/semanticTests/viaYul/detect_mul_overflow_signed.cairo.temp:281:5: (pc=0:3115)\n    __warp_if_1(__warp_subexpr_0, match_var)\n    ^**************************************^\n/home/greg/dev/nethermind/warp/tests/semantic/solidity/test/libsolidity/semanticTests/viaYul/detect_mul_overflow_signed.cairo.temp:271:9: (pc=0:3082)\n        __warp_block_4(match_var)\n        ^***********************^\n/home/greg/dev/nethermind/warp/tests/semantic/solidity/test/libsolidity/semanticTests/viaYul/detect_mul_overflow_signed.cairo.temp:258:5: (pc=0:3066)\n    __warp_if_2(__warp_subexpr_0)\n    ^***************************^\n/home/greg/dev/nethermind/warp/tests/semantic/solidity/test/libsolidity/semanticTests/viaYul/detect_mul_overflow_signed.cairo.temp:246:9: (pc=0:3044)\n        __warp_block_5()\n        ^**************^\n/home/greg/dev/nethermind/warp/tests/semantic/solidity/test/libsolidity/semanticTests/viaYul/detect_mul_overflow_signed.cairo.temp:232:48: (pc=0:2969)\n    let (param : Uint256, param_1 : Uint256) = abi_decode_int8t_int8(__warp_subexpr_0)\n                                               ^*************************************^'})
------------------------------------------------------------------------------------------------------------------- Captured stdout call -------------------------------------------------------------------------------------------------------------------
{'callData': '0x0afdb4eafffffffffffffffffffffffffffffffffffffffffffffffffffffffffffffffec000000000000000000000000000000000000000000000000000000000000000', 'expectations': '0x4e487b710000000000000000000000000000000000000000000000000000000000000011', 'failure': True, 'signature': 'f(int256,int256)'}
{'callData': '0x7a33e3b00000000000000000000000000000000000000000000000000000000000000001', 'expectations': '0x4e487b710000000000000000000000000000000000000000000000000000000000000032', 'failure': True, 'signature': 'fetch(uint256)'}
{'callData': '0x29e99f070000000000000000000000000000000000000000000000000000000000000017', 'expectations': '0x', 'failure': False, 'signature': 'test(uint256)'}
{'callData': '0x459026f500000000000000000000000000000000000000000000000000000000000000050000000000000000000000000000000000000000000000000000000000000006', 'expectations': '0x000000000000000000000000000000000000000000000000000000000000001e', 'failure': False, 'signature': 'g(int8,int8)'}
------------------------------------------------------------------------------------------------------------------- Captured stderr call -------------------------------------------------------------------------------------------------------------------
Warning: SPDX license identifier not provided in source file. Before publishing, consider adding a comment containing "SPDX-License-Identifier: <SPDX-License>" to each source file. Use "SPDX-License-Identifier: UNLICENSED" for non-open-source code. Please see https://spdx.org for more information.
--> tests/semantic/solidity/test/libsolidity/semanticTests/viaYul/storage/dirty_storage_struct_marked.sol

___________________________________________________________ test_semantics[/home/greg/dev/nethermind/warp/tests/semantic/solidity/test/libsolidity/semanticTests/viaYul/array_push_with_arg.sol] ___________________________________________________________
FAILURE: /home/greg/dev/nethermind/warp/tests/semantic/solidity/test/libsolidity/semanticTests/viaYul/array_push_with_arg.cairo.temp
assert '0xffffffffff...fffffffffffd6' == '0x0000000000...000000000002a'
  - 0x000000000000000000000000000000000000000000000000000000000000002a
  + 0xffffffffffffffffffffffffffffffffffffffffffffffffffffffffffffffd6
tests/semantic/test_semantics.py:173 in test_semantics() -> check.equal(final_res, expected_result, cairo_file_path)
FAILURE: /home/greg/dev/nethermind/warp/tests/semantic/solidity/test/libsolidity/semanticTests/viaYul/array_push_with_arg.cairo.temp
assert '0xffffffffff...fffffffffffd6' == '0x0000000000...000000000002a'
  - 0x000000000000000000000000000000000000000000000000000000000000002a
  + 0xffffffffffffffffffffffffffffffffffffffffffffffffffffffffffffffd6
tests/semantic/test_semantics.py:173 in test_semantics() -> check.equal(final_res, expected_result, cairo_file_path)
FAILURE: /home/greg/dev/nethermind/warp/tests/semantic/solidity/test/libsolidity/semanticTests/viaYul/array_push_with_arg.cairo.temp
assert '0xffffffffff...fffffffffffe9' == '0x0000000000...0000000000017'
  - 0x0000000000000000000000000000000000000000000000000000000000000017
  + 0xffffffffffffffffffffffffffffffffffffffffffffffffffffffffffffffe9
tests/semantic/test_semantics.py:173 in test_semantics() -> check.equal(final_res, expected_result, cairo_file_path)
------------------------------------------------------------
Failed Checks: 3
------------------------------------------------------------------------------------------------------------------- Captured stdout call -------------------------------------------------------------------------------------------------------------------
{'callData': '0x7a33e3b00000000000000000000000000000000000000000000000000000000000000002', 'expectations': '0x4e487b710000000000000000000000000000000000000000000000000000000000000032', 'failure': True, 'signature': 'fetch(uint256)'}
{'callData': '0x81bc25490000000000000000000000000000000000000000000000000000000000000001', 'expectations': '0x0000000000000000000000000000000000000000000000000000000000000000', 'failure': False, 'signature': 'set_get_length(uint256)'}
____________________________________________________ test_semantics[/home/greg/dev/nethermind/warp/tests/semantic/solidity/test/libsolidity/semanticTests/viaYul/storage/dirty_storage_bytes_long.sol] _____________________________________________________
../../../warp_dev/lib/python3.7/site-packages/cairo_lang-0.6.2-py3.7.egg/starkware/cairo/lang/compiler/preprocessor/preprocessor.py:365: in search_identifier
    result = self.identifiers.search(self.accessible_scopes, ScopedName.from_string(name))
../../../warp_dev/lib/python3.7/site-packages/cairo_lang-0.6.2-py3.7.egg/starkware/cairo/lang/compiler/identifier_manager.py:225: in search
    res = self._search(accessible_scopes=accessible_scopes, name=name, get_scope=False)
../../../warp_dev/lib/python3.7/site-packages/cairo_lang-0.6.2-py3.7.egg/starkware/cairo/lang/compiler/identifier_manager.py:217: in _search
    raise MissingIdentifierError(name[:1])
E   starkware.cairo.lang.compiler.identifier_manager.MissingIdentifierError: Unknown identifier 'bitwise_ptr'.

During handling of the above exception, another exception occurred:
tests/semantic/test_semantics.py:135: in test_semantics
    contract_definition = await starknet_compile(cairo_file_path)
tests/semantic/test_semantics.py:71: in starknet_compile
    [contract_file], debug_info=True, cairo_path=[cairo_path]
../../../warp_dev/lib/python3.7/site-packages/cairo_lang-0.6.2-py3.7.egg/starkware/starknet/compiler/compile.py:107: in compile_starknet_files
    cairo_path=cairo_path,
../../../warp_dev/lib/python3.7/site-packages/cairo_lang-0.6.2-py3.7.egg/starkware/starknet/compiler/compile.py:128: in compile_starknet_codes
    code=codes, debug_info=debug_info, pass_manager=pass_manager
../../../warp_dev/lib/python3.7/site-packages/cairo_lang-0.6.2-py3.7.egg/starkware/cairo/lang/compiler/cairo_compile.py:230: in compile_cairo_ex
    codes=codes_with_filenames, pass_manager=pass_manager, main_scope=main_scope
../../../warp_dev/lib/python3.7/site-packages/cairo_lang-0.6.2-py3.7.egg/starkware/cairo/lang/compiler/preprocessor/preprocess_codes.py:24: in preprocess_codes
    pass_manager.run(context)
../../../warp_dev/lib/python3.7/site-packages/cairo_lang-0.6.2-py3.7.egg/starkware/cairo/lang/compiler/preprocessor/pass_manager.py:53: in run
    stage.run(context)
../../../warp_dev/lib/python3.7/site-packages/cairo_lang-0.6.2-py3.7.egg/starkware/cairo/lang/compiler/preprocessor/default_pass_manager.py:89: in run
    preprocessor.visit(module)
../../../warp_dev/lib/python3.7/site-packages/cairo_lang-0.6.2-py3.7.egg/starkware/cairo/lang/compiler/ast/visitor.py:40: in visit
    return getattr(self, f"visit_{type(obj).__name__}", self._visit_default)(obj)
../../../warp_dev/lib/python3.7/site-packages/cairo_lang-0.6.2-py3.7.egg/starkware/cairo/lang/compiler/preprocessor/preprocessor.py:427: in visit_CairoModule
    super().visit_CairoModule(module)
../../../warp_dev/lib/python3.7/site-packages/cairo_lang-0.6.2-py3.7.egg/starkware/cairo/lang/compiler/ast/visitor.py:63: in visit_CairoModule
    cairo_file=CairoFile(code_block=self.visit(module.cairo_file.code_block)),
../../../warp_dev/lib/python3.7/site-packages/cairo_lang-0.6.2-py3.7.egg/starkware/cairo/lang/compiler/ast/visitor.py:40: in visit
    return getattr(self, f"visit_{type(obj).__name__}", self._visit_default)(obj)
../../../warp_dev/lib/python3.7/site-packages/cairo_lang-0.6.2-py3.7.egg/starkware/cairo/lang/compiler/preprocessor/preprocessor.py:415: in visit_CodeBlock
    self.visit_uncommented_code_block([x.code_elm for x in code_block.code_elements])
../../../warp_dev/lib/python3.7/site-packages/cairo_lang-0.6.2-py3.7.egg/starkware/cairo/lang/compiler/preprocessor/preprocessor.py:397: in visit_uncommented_code_block
    self.visit(elm)
../../../warp_dev/lib/python3.7/site-packages/cairo_lang-0.6.2-py3.7.egg/starkware/cairo/lang/compiler/ast/visitor.py:40: in visit
    return getattr(self, f"visit_{type(obj).__name__}", self._visit_default)(obj)
../../../warp_dev/lib/python3.7/site-packages/cairo_lang-0.6.2-py3.7.egg/starkware/starknet/compiler/starknet_preprocessor.py:172: in visit_CodeElementFunction
    super().visit_CodeElementFunction(elm)
../../../warp_dev/lib/python3.7/site-packages/cairo_lang-0.6.2-py3.7.egg/starkware/cairo/lang/compiler/preprocessor/preprocessor.py:615: in visit_CodeElementFunction
    code_block=elm.code_block, location=elm.identifier.location
../../../warp_dev/lib/python3.7/site-packages/cairo_lang-0.6.2-py3.7.egg/starkware/cairo/lang/compiler/preprocessor/preprocessor.py:671: in visit_function_body_with_retries
    self.visit_uncommented_code_block(code_elements)
../../../warp_dev/lib/python3.7/site-packages/cairo_lang-0.6.2-py3.7.egg/starkware/cairo/lang/compiler/preprocessor/preprocessor.py:397: in visit_uncommented_code_block
    self.visit(elm)
../../../warp_dev/lib/python3.7/site-packages/cairo_lang-0.6.2-py3.7.egg/starkware/cairo/lang/compiler/ast/visitor.py:40: in visit
    return getattr(self, f"visit_{type(obj).__name__}", self._visit_default)(obj)
../../../warp_dev/lib/python3.7/site-packages/cairo_lang-0.6.2-py3.7.egg/starkware/cairo/lang/compiler/preprocessor/preprocessor.py:1757: in visit_CodeElementUnpackBinding
    self.visit(CodeElementFuncCall(func_call=elm.rvalue))
../../../warp_dev/lib/python3.7/site-packages/cairo_lang-0.6.2-py3.7.egg/starkware/cairo/lang/compiler/ast/visitor.py:40: in visit
    return getattr(self, f"visit_{type(obj).__name__}", self._visit_default)(obj)
../../../warp_dev/lib/python3.7/site-packages/cairo_lang-0.6.2-py3.7.egg/starkware/cairo/lang/compiler/preprocessor/preprocessor.py:1616: in visit_CodeElementFuncCall
    location=elm.func_call.location,
../../../warp_dev/lib/python3.7/site-packages/cairo_lang-0.6.2-py3.7.egg/starkware/cairo/lang/compiler/preprocessor/preprocessor.py:1391: in push_arguments
    location=location,
../../../warp_dev/lib/python3.7/site-packages/cairo_lang-0.6.2-py3.7.egg/starkware/cairo/lang/compiler/preprocessor/preprocessor.py:1314: in process_implicit_arguments
    felt_expr_list = self.simplify_expr_to_felt_expr_list(expr, member_def.cairo_type)
../../../warp_dev/lib/python3.7/site-packages/cairo_lang-0.6.2-py3.7.egg/starkware/cairo/lang/compiler/preprocessor/preprocessor.py:2083: in simplify_expr_to_felt_expr_list
    expr, expr_type = self.simplify_expr(expr)
../../../warp_dev/lib/python3.7/site-packages/cairo_lang-0.6.2-py3.7.egg/starkware/cairo/lang/compiler/preprocessor/preprocessor.py:2054: in simplify_expr
    resolve_type_callback=self.resolve_type,
../../../warp_dev/lib/python3.7/site-packages/cairo_lang-0.6.2-py3.7.egg/starkware/cairo/lang/compiler/substitute_identifiers.py:113: in substitute_identifiers
    ).visit(expr)
../../../warp_dev/lib/python3.7/site-packages/cairo_lang-0.6.2-py3.7.egg/starkware/cairo/lang/compiler/expression_transformer.py:47: in visit
    return getattr(self, funcname)(expr)
../../../warp_dev/lib/python3.7/site-packages/cairo_lang-0.6.2-py3.7.egg/starkware/cairo/lang/compiler/substitute_identifiers.py:38: in visit_ExprIdentifier
    val = self.get_identifier_callback(expr)
../../../warp_dev/lib/python3.7/site-packages/cairo_lang-0.6.2-py3.7.egg/starkware/cairo/lang/compiler/preprocessor/preprocessor.py:2185: in get_variable
    identifier_definition = self.search_identifier(var.name, var.location)
../../../warp_dev/lib/python3.7/site-packages/cairo_lang-0.6.2-py3.7.egg/starkware/cairo/lang/compiler/preprocessor/preprocessor.py:368: in search_identifier
    raise PreprocessorError(str(exc), location=location)
E   starkware.cairo.lang.compiler.preprocessor.preprocessor_error.PreprocessorError: /home/greg/dev/nethermind/warp/warp/cairo-src/evm/hashing.cairo:14:20: While trying to retrieve the implicit argument 'bitwise_ptr' in:
E       let (memval) = array_create_from_memory(offset, size)
E                      ^************************************^
E   /home/greg/dev/nethermind/warp/warp/cairo-src/evm/array.cairo:16:53: Unknown identifier 'bitwise_ptr'.
E           memory_dict : DictAccess*, range_check_ptr, bitwise_ptr : BitwiseBuiltin*}(
E                                                       ^***************************^
------------------------------------------------------------------------------------------------------------------- Captured stdout call -------------------------------------------------------------------------------------------------------------------
{'callData': '0xbe1c766b', 'expectations': '0x0000000000000000000000000000000000000000000000000000000000000002', 'failure': False, 'signature': 'getLength()'}
{'callData': '0x23600d02000000000000000000000000000000000000000000000000000000000000004000000000000000000000000000000000000000000000000000000000000000000000000000000000000000000000000000000000000000000000000000000000', 'expectations': '0x4e487b710000000000000000000000000000000000000000000000000000000000000032', 'failure': True, 'signature': 'f(uint256[],uint256)'}
{'callData': '0x7a33e3b00000000000000000000000000000000000000000000000000000000000000000', 'expectations': '0x000000000000000000000000000000000000000000000000000000000000002a', 'failure': False, 'signature': 'fetch(uint256)'}
{'callData': '0x23600d020000000000000000000000000000000000000000000000000000000000000040000000000000000000000000000000000000000000000000000000000000000000000000000000000000000000000000000000000000000000000000000000010000000000000000000000000000000000000000000000000000000000000017', 'expectations': '0x0000000000000000000000000000000000000000000000000000000000000017', 'failure': False, 'signature': 'f(uint256[],uint256)'}
{'callData': '0x7a33e3b00000000000000000000000000000000000000000000000000000000000000001', 'expectations': '0x0000000000000000000000000000000000000000000000000000000000000017', 'failure': False, 'signature': 'fetch(uint256)'}
{'callData': '0x81bc25490000000000000000000000000000000000000000000000000000000000000000', 'expectations': '0x0000000000000000000000000000000000000000000000000000000000000000', 'failure': False, 'signature': 'set_get_length(uint256)'}
------------------------------------------------------------------------------------------------------------------- Captured stderr call -------------------------------------------------------------------------------------------------------------------
Warning: SPDX license identifier not provided in source file. Before publishing, consider adding a comment containing "SPDX-License-Identifier: <SPDX-License>" to each source file. Use "SPDX-License-Identifier: UNLICENSED" for non-open-source code. Please see https://spdx.org for more information.
--> tests/semantic/solidity/test/libsolidity/semanticTests/viaYul/conversion/explicit_cast_local_assignment_marked.sol

----------------------------------------------------------------------------------------------------------------- Captured stdout teardown -----------------------------------------------------------------------------------------------------------------
{'callData': '0x23600d020000000000000000000000000000000000000000000000000000000000000040000000000000000000000000000000000000000000000000000000000000000100000000000000000000000000000000000000000000000000000000000000010000000000000000000000000000000000000000000000000000000000000017', 'expectations': '0x4e487b710000000000000000000000000000000000000000000000000000000000000032', 'failure': True, 'signature': 'f(uint256[],uint256)'}
____________________________________________________________ test_semantics[/home/greg/dev/nethermind/warp/tests/semantic/solidity/test/libsolidity/semanticTests/viaYul/storage/mappings.sol] _____________________________________________________________
../../../warp_dev/lib/python3.7/site-packages/cairo_lang-0.6.2-py3.7.egg/starkware/cairo/lang/compiler/preprocessor/preprocessor.py:365: in search_identifier
    result = self.identifiers.search(self.accessible_scopes, ScopedName.from_string(name))
../../../warp_dev/lib/python3.7/site-packages/cairo_lang-0.6.2-py3.7.egg/starkware/cairo/lang/compiler/identifier_manager.py:225: in search
    res = self._search(accessible_scopes=accessible_scopes, name=name, get_scope=False)
../../../warp_dev/lib/python3.7/site-packages/cairo_lang-0.6.2-py3.7.egg/starkware/cairo/lang/compiler/identifier_manager.py:217: in _search
    raise MissingIdentifierError(name[:1])
E   starkware.cairo.lang.compiler.identifier_manager.MissingIdentifierError: Unknown identifier 'bitwise_ptr'.

During handling of the above exception, another exception occurred:
tests/semantic/test_semantics.py:135: in test_semantics
    contract_definition = await starknet_compile(cairo_file_path)
tests/semantic/test_semantics.py:71: in starknet_compile
    [contract_file], debug_info=True, cairo_path=[cairo_path]
../../../warp_dev/lib/python3.7/site-packages/cairo_lang-0.6.2-py3.7.egg/starkware/starknet/compiler/compile.py:107: in compile_starknet_files
    cairo_path=cairo_path,
../../../warp_dev/lib/python3.7/site-packages/cairo_lang-0.6.2-py3.7.egg/starkware/starknet/compiler/compile.py:128: in compile_starknet_codes
    code=codes, debug_info=debug_info, pass_manager=pass_manager
../../../warp_dev/lib/python3.7/site-packages/cairo_lang-0.6.2-py3.7.egg/starkware/cairo/lang/compiler/cairo_compile.py:230: in compile_cairo_ex
    codes=codes_with_filenames, pass_manager=pass_manager, main_scope=main_scope
../../../warp_dev/lib/python3.7/site-packages/cairo_lang-0.6.2-py3.7.egg/starkware/cairo/lang/compiler/preprocessor/preprocess_codes.py:24: in preprocess_codes
    pass_manager.run(context)
../../../warp_dev/lib/python3.7/site-packages/cairo_lang-0.6.2-py3.7.egg/starkware/cairo/lang/compiler/preprocessor/pass_manager.py:53: in run
    stage.run(context)
../../../warp_dev/lib/python3.7/site-packages/cairo_lang-0.6.2-py3.7.egg/starkware/cairo/lang/compiler/preprocessor/default_pass_manager.py:89: in run
    preprocessor.visit(module)
../../../warp_dev/lib/python3.7/site-packages/cairo_lang-0.6.2-py3.7.egg/starkware/cairo/lang/compiler/ast/visitor.py:40: in visit
    return getattr(self, f"visit_{type(obj).__name__}", self._visit_default)(obj)
../../../warp_dev/lib/python3.7/site-packages/cairo_lang-0.6.2-py3.7.egg/starkware/cairo/lang/compiler/preprocessor/preprocessor.py:427: in visit_CairoModule
    super().visit_CairoModule(module)
../../../warp_dev/lib/python3.7/site-packages/cairo_lang-0.6.2-py3.7.egg/starkware/cairo/lang/compiler/ast/visitor.py:63: in visit_CairoModule
    cairo_file=CairoFile(code_block=self.visit(module.cairo_file.code_block)),
../../../warp_dev/lib/python3.7/site-packages/cairo_lang-0.6.2-py3.7.egg/starkware/cairo/lang/compiler/ast/visitor.py:40: in visit
    return getattr(self, f"visit_{type(obj).__name__}", self._visit_default)(obj)
../../../warp_dev/lib/python3.7/site-packages/cairo_lang-0.6.2-py3.7.egg/starkware/cairo/lang/compiler/preprocessor/preprocessor.py:415: in visit_CodeBlock
    self.visit_uncommented_code_block([x.code_elm for x in code_block.code_elements])
../../../warp_dev/lib/python3.7/site-packages/cairo_lang-0.6.2-py3.7.egg/starkware/cairo/lang/compiler/preprocessor/preprocessor.py:397: in visit_uncommented_code_block
    self.visit(elm)
../../../warp_dev/lib/python3.7/site-packages/cairo_lang-0.6.2-py3.7.egg/starkware/cairo/lang/compiler/ast/visitor.py:40: in visit
    return getattr(self, f"visit_{type(obj).__name__}", self._visit_default)(obj)
../../../warp_dev/lib/python3.7/site-packages/cairo_lang-0.6.2-py3.7.egg/starkware/starknet/compiler/starknet_preprocessor.py:172: in visit_CodeElementFunction
    super().visit_CodeElementFunction(elm)
../../../warp_dev/lib/python3.7/site-packages/cairo_lang-0.6.2-py3.7.egg/starkware/cairo/lang/compiler/preprocessor/preprocessor.py:615: in visit_CodeElementFunction
    code_block=elm.code_block, location=elm.identifier.location
../../../warp_dev/lib/python3.7/site-packages/cairo_lang-0.6.2-py3.7.egg/starkware/cairo/lang/compiler/preprocessor/preprocessor.py:671: in visit_function_body_with_retries
    self.visit_uncommented_code_block(code_elements)
../../../warp_dev/lib/python3.7/site-packages/cairo_lang-0.6.2-py3.7.egg/starkware/cairo/lang/compiler/preprocessor/preprocessor.py:397: in visit_uncommented_code_block
    self.visit(elm)
../../../warp_dev/lib/python3.7/site-packages/cairo_lang-0.6.2-py3.7.egg/starkware/cairo/lang/compiler/ast/visitor.py:40: in visit
    return getattr(self, f"visit_{type(obj).__name__}", self._visit_default)(obj)
../../../warp_dev/lib/python3.7/site-packages/cairo_lang-0.6.2-py3.7.egg/starkware/cairo/lang/compiler/preprocessor/preprocessor.py:1757: in visit_CodeElementUnpackBinding
    self.visit(CodeElementFuncCall(func_call=elm.rvalue))
../../../warp_dev/lib/python3.7/site-packages/cairo_lang-0.6.2-py3.7.egg/starkware/cairo/lang/compiler/ast/visitor.py:40: in visit
    return getattr(self, f"visit_{type(obj).__name__}", self._visit_default)(obj)
../../../warp_dev/lib/python3.7/site-packages/cairo_lang-0.6.2-py3.7.egg/starkware/cairo/lang/compiler/preprocessor/preprocessor.py:1616: in visit_CodeElementFuncCall
    location=elm.func_call.location,
../../../warp_dev/lib/python3.7/site-packages/cairo_lang-0.6.2-py3.7.egg/starkware/cairo/lang/compiler/preprocessor/preprocessor.py:1391: in push_arguments
    location=location,
../../../warp_dev/lib/python3.7/site-packages/cairo_lang-0.6.2-py3.7.egg/starkware/cairo/lang/compiler/preprocessor/preprocessor.py:1314: in process_implicit_arguments
    felt_expr_list = self.simplify_expr_to_felt_expr_list(expr, member_def.cairo_type)
../../../warp_dev/lib/python3.7/site-packages/cairo_lang-0.6.2-py3.7.egg/starkware/cairo/lang/compiler/preprocessor/preprocessor.py:2083: in simplify_expr_to_felt_expr_list
    expr, expr_type = self.simplify_expr(expr)
../../../warp_dev/lib/python3.7/site-packages/cairo_lang-0.6.2-py3.7.egg/starkware/cairo/lang/compiler/preprocessor/preprocessor.py:2054: in simplify_expr
    resolve_type_callback=self.resolve_type,
../../../warp_dev/lib/python3.7/site-packages/cairo_lang-0.6.2-py3.7.egg/starkware/cairo/lang/compiler/substitute_identifiers.py:113: in substitute_identifiers
    ).visit(expr)
../../../warp_dev/lib/python3.7/site-packages/cairo_lang-0.6.2-py3.7.egg/starkware/cairo/lang/compiler/expression_transformer.py:47: in visit
    return getattr(self, funcname)(expr)
../../../warp_dev/lib/python3.7/site-packages/cairo_lang-0.6.2-py3.7.egg/starkware/cairo/lang/compiler/substitute_identifiers.py:38: in visit_ExprIdentifier
    val = self.get_identifier_callback(expr)
../../../warp_dev/lib/python3.7/site-packages/cairo_lang-0.6.2-py3.7.egg/starkware/cairo/lang/compiler/preprocessor/preprocessor.py:2185: in get_variable
    identifier_definition = self.search_identifier(var.name, var.location)
../../../warp_dev/lib/python3.7/site-packages/cairo_lang-0.6.2-py3.7.egg/starkware/cairo/lang/compiler/preprocessor/preprocessor.py:368: in search_identifier
    raise PreprocessorError(str(exc), location=location)
E   starkware.cairo.lang.compiler.preprocessor.preprocessor_error.PreprocessorError: /home/greg/dev/nethermind/warp/warp/cairo-src/evm/hashing.cairo:14:20: While trying to retrieve the implicit argument 'bitwise_ptr' in:
E       let (memval) = array_create_from_memory(offset, size)
E                      ^************************************^
E   /home/greg/dev/nethermind/warp/warp/cairo-src/evm/array.cairo:16:53: Unknown identifier 'bitwise_ptr'.
E           memory_dict : DictAccess*, range_check_ptr, bitwise_ptr : BitwiseBuiltin*}(
E                                                       ^***************************^
----------------------------------------------------------------------------------------------------------------- Captured stdout teardown -----------------------------------------------------------------------------------------------------------------
{'callData': '0x23600d020000000000000000000000000000000000000000000000000000000000000040000000000000000000000000000000000000000000000000000000000000000000000000000000000000000000000000000000000000000000000000000000020000000000000000000000000000000000000000000000000000000000000017000000000000000000000000000000000000000000000000000000000000002a', 'expectations': '0x0000000000000000000000000000000000000000000000000000000000000017', 'failure': False, 'signature': 'f(uint256[],uint256)'}
_______________________________________________________ test_semantics[/home/greg/dev/nethermind/warp/tests/semantic/solidity/test/libsolidity/semanticTests/viaYul/array_storage_index_access.sol] ________________________________________________________
../../../warp_dev/lib/python3.7/site-packages/cairo_lang-0.6.2-py3.7.egg/starkware/starknet/business_logic/internal_transaction.py:539: in _run
    verify_secure=True,
../../../warp_dev/lib/python3.7/site-packages/cairo_lang-0.6.2-py3.7.egg/starkware/cairo/common/cairo_function_runner.py:199: in run_from_entrypoint
    self.run_until_pc(addr=end, run_resources=run_resources)
../../../warp_dev/lib/python3.7/site-packages/cairo_lang-0.6.2-py3.7.egg/starkware/cairo/lang/vm/cairo_runner.py:284: in run_until_pc
    self.vm_step()
../../../warp_dev/lib/python3.7/site-packages/cairo_lang-0.6.2-py3.7.egg/starkware/cairo/lang/vm/cairo_runner.py:298: in vm_step
    self.vm.step()
../../../warp_dev/lib/python3.7/site-packages/cairo_lang-0.6.2-py3.7.egg/starkware/cairo/lang/vm/virtual_machine_base.py:255: in step
    self.run_instruction(instruction)
../../../warp_dev/lib/python3.7/site-packages/cairo_lang-0.6.2-py3.7.egg/starkware/cairo/lang/vm/vm_core.py:422: in run_instruction
    raise self.as_vm_exception(exc) from None
E   starkware.cairo.lang.vm.vm_exceptions.VmException: /home/greg/dev/nethermind/warp/tests/semantic/solidity/test/libsolidity/semanticTests/viaYul/array_storage_index_access.cairo.temp:312:9: Error at pc=0:3084:
E   An ASSERT_EQ instruction failed: 1 != 0.
E           assert 0 = 1
E           ^**********^
E   Cairo traceback (most recent call last):
E   /home/greg/dev/nethermind/warp/tests/semantic/solidity/test/libsolidity/semanticTests/viaYul/array_storage_index_access.cairo.temp:52:6: (pc=0:2188)
E   func __main{
E        ^****^
E   /home/greg/dev/nethermind/warp/tests/semantic/solidity/test/libsolidity/semanticTests/viaYul/array_storage_index_access.cairo.temp:66:9: (pc=0:2127)
E           __main_meat()
E           ^***********^
E   /home/greg/dev/nethermind/warp/tests/semantic/solidity/test/libsolidity/semanticTests/viaYul/array_storage_index_access.cairo.temp:422:5: (pc=0:3461)
E       __warp_if_0(__warp_subexpr_0)
E       ^***************************^
E   /home/greg/dev/nethermind/warp/tests/semantic/solidity/test/libsolidity/semanticTests/viaYul/array_storage_index_access.cairo.temp:406:9: (pc=0:3415)
E           __warp_block_0()
E           ^**************^
E   /home/greg/dev/nethermind/warp/tests/semantic/solidity/test/libsolidity/semanticTests/viaYul/array_storage_index_access.cairo.temp:396:5: (pc=0:3390)
E       __warp_if_1(__warp_subexpr_0)
E       ^***************************^
E   /home/greg/dev/nethermind/warp/tests/semantic/solidity/test/libsolidity/semanticTests/viaYul/array_storage_index_access.cairo.temp:381:9: (pc=0:3345)
E           __warp_block_1()
E           ^**************^
E   /home/greg/dev/nethermind/warp/tests/semantic/solidity/test/libsolidity/semanticTests/viaYul/array_storage_index_access.cairo.temp:369:31: (pc=0:3287)
E       let (var_i_1 : Uint256) = __warp_loop_3(value, var_i_1)
E                                 ^***************************^
E   /home/greg/dev/nethermind/warp/tests/semantic/solidity/test/libsolidity/semanticTests/viaYul/array_storage_index_access.cairo.temp:344:31: (pc=0:3185)
E       let (var_i_1 : Uint256) = __warp_loop_body_3(var_i_1)
E                                 ^*************************^
E   /home/greg/dev/nethermind/warp/tests/semantic/solidity/test/libsolidity/semanticTests/viaYul/array_storage_index_access.cairo.temp:329:5: (pc=0:3137)
E       require_helper(__warp_subexpr_1)
E       ^******************************^

During handling of the above exception, another exception occurred:
tests/semantic/test_semantics.py:161: in test_semantics
    res = await invoke_method_evm_calldata(starknet, contract_address, argument)
../../../warp_dev/lib/python3.7/site-packages/sol_warp-0.2.12-py3.7.egg/yul/starknet_utils.py:30: in invoke_method_evm_calldata
    caller_address=0,
../../../warp_dev/lib/python3.7/site-packages/cairo_lang-0.6.2-py3.7.egg/starkware/starknet/testing/state.py:153: in invoke_raw
    state=state_copy, general_config=self.general_config
../../../warp_dev/lib/python3.7/site-packages/cairo_lang-0.6.2-py3.7.egg/starkware/starknet/business_logic/internal_transaction_interface.py:213: in apply_state_updates
    state=state_to_update, general_config=general_config
../../../warp_dev/lib/python3.7/site-packages/cairo_lang-0.6.2-py3.7.egg/starkware/starknet/business_logic/internal_transaction.py:405: in _apply_specific_state_updates
    func=_synchronous_apply_specific_state_updates,
/usr/lib/python3.7/concurrent/futures/thread.py:57: in run
    result = self.fn(*self.args, **self.kwargs)
../../../warp_dev/lib/python3.7/site-packages/cairo_lang-0.6.2-py3.7.egg/starkware/starknet/business_logic/internal_transaction.py:433: in _synchronous_apply_specific_state_updates
    run_resources=run_resources,
../../../warp_dev/lib/python3.7/site-packages/cairo_lang-0.6.2-py3.7.egg/starkware/starknet/business_logic/internal_transaction.py:559: in _run
    raise StarkException(code=code, message=str(exception))
E   starkware.starkware_utils.error_handling.StarkException: (500, {'code': <StarknetErrorCode.TRANSACTION_FAILED: 28>, 'message': '/home/greg/dev/nethermind/warp/tests/semantic/solidity/test/libsolidity/semanticTests/viaYul/array_storage_index_access.cairo.temp:312:9: Error at pc=0:3084:\nAn ASSERT_EQ instruction failed: 1 != 0.\n        assert 0 = 1\n        ^**********^\nCairo traceback (most recent call last):\n/home/greg/dev/nethermind/warp/tests/semantic/solidity/test/libsolidity/semanticTests/viaYul/array_storage_index_access.cairo.temp:52:6: (pc=0:2188)\nfunc __main{\n     ^****^\n/home/greg/dev/nethermind/warp/tests/semantic/solidity/test/libsolidity/semanticTests/viaYul/array_storage_index_access.cairo.temp:66:9: (pc=0:2127)\n        __main_meat()\n        ^***********^\n/home/greg/dev/nethermind/warp/tests/semantic/solidity/test/libsolidity/semanticTests/viaYul/array_storage_index_access.cairo.temp:422:5: (pc=0:3461)\n    __warp_if_0(__warp_subexpr_0)\n    ^***************************^\n/home/greg/dev/nethermind/warp/tests/semantic/solidity/test/libsolidity/semanticTests/viaYul/array_storage_index_access.cairo.temp:406:9: (pc=0:3415)\n        __warp_block_0()\n        ^**************^\n/home/greg/dev/nethermind/warp/tests/semantic/solidity/test/libsolidity/semanticTests/viaYul/array_storage_index_access.cairo.temp:396:5: (pc=0:3390)\n    __warp_if_1(__warp_subexpr_0)\n    ^***************************^\n/home/greg/dev/nethermind/warp/tests/semantic/solidity/test/libsolidity/semanticTests/viaYul/array_storage_index_access.cairo.temp:381:9: (pc=0:3345)\n        __warp_block_1()\n        ^**************^\n/home/greg/dev/nethermind/warp/tests/semantic/solidity/test/libsolidity/semanticTests/viaYul/array_storage_index_access.cairo.temp:369:31: (pc=0:3287)\n    let (var_i_1 : Uint256) = __warp_loop_3(value, var_i_1)\n                              ^***************************^\n/home/greg/dev/nethermind/warp/tests/semantic/solidity/test/libsolidity/semanticTests/viaYul/array_storage_index_access.cairo.temp:344:31: (pc=0:3185)\n    let (var_i_1 : Uint256) = __warp_loop_body_3(var_i_1)\n                              ^*************************^\n/home/greg/dev/nethermind/warp/tests/semantic/solidity/test/libsolidity/semanticTests/viaYul/array_storage_index_access.cairo.temp:329:5: (pc=0:3137)\n    require_helper(__warp_subexpr_1)\n    ^******************************^'})
__________________________________________________________ test_semantics[/home/greg/dev/nethermind/warp/tests/semantic/solidity/test/libsolidity/semanticTests/viaYul/calldata_array_access.sol] __________________________________________________________
../../../warp_dev/lib/python3.7/site-packages/cairo_lang-0.6.2-py3.7.egg/starkware/starknet/business_logic/internal_transaction.py:539: in _run
    verify_secure=True,
../../../warp_dev/lib/python3.7/site-packages/cairo_lang-0.6.2-py3.7.egg/starkware/cairo/common/cairo_function_runner.py:199: in run_from_entrypoint
    self.run_until_pc(addr=end, run_resources=run_resources)
../../../warp_dev/lib/python3.7/site-packages/cairo_lang-0.6.2-py3.7.egg/starkware/cairo/lang/vm/cairo_runner.py:284: in run_until_pc
    self.vm_step()
../../../warp_dev/lib/python3.7/site-packages/cairo_lang-0.6.2-py3.7.egg/starkware/cairo/lang/vm/cairo_runner.py:298: in vm_step
    self.vm.step()
../../../warp_dev/lib/python3.7/site-packages/cairo_lang-0.6.2-py3.7.egg/starkware/cairo/lang/vm/virtual_machine_base.py:255: in step
    self.run_instruction(instruction)
../../../warp_dev/lib/python3.7/site-packages/cairo_lang-0.6.2-py3.7.egg/starkware/cairo/lang/vm/vm_core.py:422: in run_instruction
    raise self.as_vm_exception(exc) from None
E   starkware.cairo.lang.vm.vm_exceptions.VmException: /home/greg/dev/nethermind/warp/tests/semantic/solidity/test/libsolidity/semanticTests/viaYul/calldata_array_access.cairo.temp:184:9: Error at pc=0:2446:
E   An ASSERT_EQ instruction failed: 1 != 0.
E           assert 0 = 1
E           ^**********^
E   Cairo traceback (most recent call last):
E   /home/greg/dev/nethermind/warp/tests/semantic/solidity/test/libsolidity/semanticTests/viaYul/calldata_array_access.cairo.temp:35:6: (pc=0:1936)
E   func __main{bitwise_ptr : BitwiseBuiltin*, range_check_ptr}(
E        ^****^
E   /home/greg/dev/nethermind/warp/tests/semantic/solidity/test/libsolidity/semanticTests/viaYul/calldata_array_access.cairo.temp:48:9: (pc=0:1881)
E           __main_meat()
E           ^***********^
E   /home/greg/dev/nethermind/warp/tests/semantic/solidity/test/libsolidity/semanticTests/viaYul/calldata_array_access.cairo.temp:317:5: (pc=0:2887)
E       __warp_if_0(__warp_subexpr_0)
E       ^***************************^
E   /home/greg/dev/nethermind/warp/tests/semantic/solidity/test/libsolidity/semanticTests/viaYul/calldata_array_access.cairo.temp:302:9: (pc=0:2843)
E           __warp_block_0()
E           ^**************^
E   /home/greg/dev/nethermind/warp/tests/semantic/solidity/test/libsolidity/semanticTests/viaYul/calldata_array_access.cairo.temp:293:5: (pc=0:2822)
E       __warp_block_1(match_var)
E       ^***********************^
E   /home/greg/dev/nethermind/warp/tests/semantic/solidity/test/libsolidity/semanticTests/viaYul/calldata_array_access.cairo.temp:283:5: (pc=0:2789)
E       __warp_if_1(__warp_subexpr_0, match_var)
E       ^**************************************^
E   /home/greg/dev/nethermind/warp/tests/semantic/solidity/test/libsolidity/semanticTests/viaYul/calldata_array_access.cairo.temp:273:9: (pc=0:2756)
E           __warp_block_3(match_var)
E           ^***********************^
E   /home/greg/dev/nethermind/warp/tests/semantic/solidity/test/libsolidity/semanticTests/viaYul/calldata_array_access.cairo.temp:260:5: (pc=0:2740)
E       __warp_if_2(__warp_subexpr_0)
E       ^***************************^
E   /home/greg/dev/nethermind/warp/tests/semantic/solidity/test/libsolidity/semanticTests/viaYul/calldata_array_access.cairo.temp:248:9: (pc=0:2718)
E           __warp_block_4()
E           ^**************^
E   /home/greg/dev/nethermind/warp/tests/semantic/solidity/test/libsolidity/semanticTests/viaYul/calldata_array_access.cairo.temp:235:41: (pc=0:2651)
E       let (ret__warp_mangled : Uint256) = fun_f(param, param_1, param_2, param_3)
E                                           ^*************************************^

During handling of the above exception, another exception occurred:
tests/semantic/test_semantics.py:161: in test_semantics
    res = await invoke_method_evm_calldata(starknet, contract_address, argument)
../../../warp_dev/lib/python3.7/site-packages/sol_warp-0.2.12-py3.7.egg/yul/starknet_utils.py:30: in invoke_method_evm_calldata
    caller_address=0,
../../../warp_dev/lib/python3.7/site-packages/cairo_lang-0.6.2-py3.7.egg/starkware/starknet/testing/state.py:153: in invoke_raw
    state=state_copy, general_config=self.general_config
../../../warp_dev/lib/python3.7/site-packages/cairo_lang-0.6.2-py3.7.egg/starkware/starknet/business_logic/internal_transaction_interface.py:213: in apply_state_updates
    state=state_to_update, general_config=general_config
../../../warp_dev/lib/python3.7/site-packages/cairo_lang-0.6.2-py3.7.egg/starkware/starknet/business_logic/internal_transaction.py:405: in _apply_specific_state_updates
    func=_synchronous_apply_specific_state_updates,
/usr/lib/python3.7/concurrent/futures/thread.py:57: in run
    result = self.fn(*self.args, **self.kwargs)
../../../warp_dev/lib/python3.7/site-packages/cairo_lang-0.6.2-py3.7.egg/starkware/starknet/business_logic/internal_transaction.py:433: in _synchronous_apply_specific_state_updates
    run_resources=run_resources,
../../../warp_dev/lib/python3.7/site-packages/cairo_lang-0.6.2-py3.7.egg/starkware/starknet/business_logic/internal_transaction.py:559: in _run
    raise StarkException(code=code, message=str(exception))
E   starkware.starkware_utils.error_handling.StarkException: (500, {'code': <StarknetErrorCode.TRANSACTION_FAILED: 28>, 'message': '/home/greg/dev/nethermind/warp/tests/semantic/solidity/test/libsolidity/semanticTests/viaYul/calldata_array_access.cairo.temp:184:9: Error at pc=0:2446:\nAn ASSERT_EQ instruction failed: 1 != 0.\n        assert 0 = 1\n        ^**********^\nCairo traceback (most recent call last):\n/home/greg/dev/nethermind/warp/tests/semantic/solidity/test/libsolidity/semanticTests/viaYul/calldata_array_access.cairo.temp:35:6: (pc=0:1936)\nfunc __main{bitwise_ptr : BitwiseBuiltin*, range_check_ptr}(\n     ^****^\n/home/greg/dev/nethermind/warp/tests/semantic/solidity/test/libsolidity/semanticTests/viaYul/calldata_array_access.cairo.temp:48:9: (pc=0:1881)\n        __main_meat()\n        ^***********^\n/home/greg/dev/nethermind/warp/tests/semantic/solidity/test/libsolidity/semanticTests/viaYul/calldata_array_access.cairo.temp:317:5: (pc=0:2887)\n    __warp_if_0(__warp_subexpr_0)\n    ^***************************^\n/home/greg/dev/nethermind/warp/tests/semantic/solidity/test/libsolidity/semanticTests/viaYul/calldata_array_access.cairo.temp:302:9: (pc=0:2843)\n        __warp_block_0()\n        ^**************^\n/home/greg/dev/nethermind/warp/tests/semantic/solidity/test/libsolidity/semanticTests/viaYul/calldata_array_access.cairo.temp:293:5: (pc=0:2822)\n    __warp_block_1(match_var)\n    ^***********************^\n/home/greg/dev/nethermind/warp/tests/semantic/solidity/test/libsolidity/semanticTests/viaYul/calldata_array_access.cairo.temp:283:5: (pc=0:2789)\n    __warp_if_1(__warp_subexpr_0, match_var)\n    ^**************************************^\n/home/greg/dev/nethermind/warp/tests/semantic/solidity/test/libsolidity/semanticTests/viaYul/calldata_array_access.cairo.temp:273:9: (pc=0:2756)\n        __warp_block_3(match_var)\n        ^***********************^\n/home/greg/dev/nethermind/warp/tests/semantic/solidity/test/libsolidity/semanticTests/viaYul/calldata_array_access.cairo.temp:260:5: (pc=0:2740)\n    __warp_if_2(__warp_subexpr_0)\n    ^***************************^\n/home/greg/dev/nethermind/warp/tests/semantic/solidity/test/libsolidity/semanticTests/viaYul/calldata_array_access.cairo.temp:248:9: (pc=0:2718)\n        __warp_block_4()\n        ^**************^\n/home/greg/dev/nethermind/warp/tests/semantic/solidity/test/libsolidity/semanticTests/viaYul/calldata_array_access.cairo.temp:235:41: (pc=0:2651)\n    let (ret__warp_mangled : Uint256) = fun_f(param, param_1, param_2, param_3)\n                                        ^*************************************^'})
______________________________________________________ test_semantics[/home/greg/dev/nethermind/warp/tests/semantic/solidity/test/libsolidity/semanticTests/viaYul/storage/dirty_storage_struct.sol] _______________________________________________________
../../../warp_dev/lib/python3.7/site-packages/cairo_lang-0.6.2-py3.7.egg/starkware/cairo/lang/compiler/preprocessor/preprocessor.py:365: in search_identifier
    result = self.identifiers.search(self.accessible_scopes, ScopedName.from_string(name))
../../../warp_dev/lib/python3.7/site-packages/cairo_lang-0.6.2-py3.7.egg/starkware/cairo/lang/compiler/identifier_manager.py:225: in search
    res = self._search(accessible_scopes=accessible_scopes, name=name, get_scope=False)
../../../warp_dev/lib/python3.7/site-packages/cairo_lang-0.6.2-py3.7.egg/starkware/cairo/lang/compiler/identifier_manager.py:217: in _search
    raise MissingIdentifierError(name[:1])
E   starkware.cairo.lang.compiler.identifier_manager.MissingIdentifierError: Unknown identifier 'bitwise_ptr'.

During handling of the above exception, another exception occurred:
tests/semantic/test_semantics.py:135: in test_semantics
    contract_definition = await starknet_compile(cairo_file_path)
tests/semantic/test_semantics.py:71: in starknet_compile
    [contract_file], debug_info=True, cairo_path=[cairo_path]
../../../warp_dev/lib/python3.7/site-packages/cairo_lang-0.6.2-py3.7.egg/starkware/starknet/compiler/compile.py:107: in compile_starknet_files
    cairo_path=cairo_path,
../../../warp_dev/lib/python3.7/site-packages/cairo_lang-0.6.2-py3.7.egg/starkware/starknet/compiler/compile.py:128: in compile_starknet_codes
    code=codes, debug_info=debug_info, pass_manager=pass_manager
../../../warp_dev/lib/python3.7/site-packages/cairo_lang-0.6.2-py3.7.egg/starkware/cairo/lang/compiler/cairo_compile.py:230: in compile_cairo_ex
    codes=codes_with_filenames, pass_manager=pass_manager, main_scope=main_scope
../../../warp_dev/lib/python3.7/site-packages/cairo_lang-0.6.2-py3.7.egg/starkware/cairo/lang/compiler/preprocessor/preprocess_codes.py:24: in preprocess_codes
    pass_manager.run(context)
../../../warp_dev/lib/python3.7/site-packages/cairo_lang-0.6.2-py3.7.egg/starkware/cairo/lang/compiler/preprocessor/pass_manager.py:53: in run
    stage.run(context)
../../../warp_dev/lib/python3.7/site-packages/cairo_lang-0.6.2-py3.7.egg/starkware/cairo/lang/compiler/preprocessor/default_pass_manager.py:89: in run
    preprocessor.visit(module)
../../../warp_dev/lib/python3.7/site-packages/cairo_lang-0.6.2-py3.7.egg/starkware/cairo/lang/compiler/ast/visitor.py:40: in visit
    return getattr(self, f"visit_{type(obj).__name__}", self._visit_default)(obj)
../../../warp_dev/lib/python3.7/site-packages/cairo_lang-0.6.2-py3.7.egg/starkware/cairo/lang/compiler/preprocessor/preprocessor.py:427: in visit_CairoModule
    super().visit_CairoModule(module)
../../../warp_dev/lib/python3.7/site-packages/cairo_lang-0.6.2-py3.7.egg/starkware/cairo/lang/compiler/ast/visitor.py:63: in visit_CairoModule
    cairo_file=CairoFile(code_block=self.visit(module.cairo_file.code_block)),
../../../warp_dev/lib/python3.7/site-packages/cairo_lang-0.6.2-py3.7.egg/starkware/cairo/lang/compiler/ast/visitor.py:40: in visit
    return getattr(self, f"visit_{type(obj).__name__}", self._visit_default)(obj)
../../../warp_dev/lib/python3.7/site-packages/cairo_lang-0.6.2-py3.7.egg/starkware/cairo/lang/compiler/preprocessor/preprocessor.py:415: in visit_CodeBlock
    self.visit_uncommented_code_block([x.code_elm for x in code_block.code_elements])
../../../warp_dev/lib/python3.7/site-packages/cairo_lang-0.6.2-py3.7.egg/starkware/cairo/lang/compiler/preprocessor/preprocessor.py:397: in visit_uncommented_code_block
    self.visit(elm)
../../../warp_dev/lib/python3.7/site-packages/cairo_lang-0.6.2-py3.7.egg/starkware/cairo/lang/compiler/ast/visitor.py:40: in visit
    return getattr(self, f"visit_{type(obj).__name__}", self._visit_default)(obj)
../../../warp_dev/lib/python3.7/site-packages/cairo_lang-0.6.2-py3.7.egg/starkware/starknet/compiler/starknet_preprocessor.py:172: in visit_CodeElementFunction
    super().visit_CodeElementFunction(elm)
../../../warp_dev/lib/python3.7/site-packages/cairo_lang-0.6.2-py3.7.egg/starkware/cairo/lang/compiler/preprocessor/preprocessor.py:615: in visit_CodeElementFunction
    code_block=elm.code_block, location=elm.identifier.location
../../../warp_dev/lib/python3.7/site-packages/cairo_lang-0.6.2-py3.7.egg/starkware/cairo/lang/compiler/preprocessor/preprocessor.py:671: in visit_function_body_with_retries
    self.visit_uncommented_code_block(code_elements)
../../../warp_dev/lib/python3.7/site-packages/cairo_lang-0.6.2-py3.7.egg/starkware/cairo/lang/compiler/preprocessor/preprocessor.py:397: in visit_uncommented_code_block
    self.visit(elm)
../../../warp_dev/lib/python3.7/site-packages/cairo_lang-0.6.2-py3.7.egg/starkware/cairo/lang/compiler/ast/visitor.py:40: in visit
    return getattr(self, f"visit_{type(obj).__name__}", self._visit_default)(obj)
../../../warp_dev/lib/python3.7/site-packages/cairo_lang-0.6.2-py3.7.egg/starkware/cairo/lang/compiler/preprocessor/preprocessor.py:1757: in visit_CodeElementUnpackBinding
    self.visit(CodeElementFuncCall(func_call=elm.rvalue))
../../../warp_dev/lib/python3.7/site-packages/cairo_lang-0.6.2-py3.7.egg/starkware/cairo/lang/compiler/ast/visitor.py:40: in visit
    return getattr(self, f"visit_{type(obj).__name__}", self._visit_default)(obj)
../../../warp_dev/lib/python3.7/site-packages/cairo_lang-0.6.2-py3.7.egg/starkware/cairo/lang/compiler/preprocessor/preprocessor.py:1616: in visit_CodeElementFuncCall
    location=elm.func_call.location,
../../../warp_dev/lib/python3.7/site-packages/cairo_lang-0.6.2-py3.7.egg/starkware/cairo/lang/compiler/preprocessor/preprocessor.py:1391: in push_arguments
    location=location,
../../../warp_dev/lib/python3.7/site-packages/cairo_lang-0.6.2-py3.7.egg/starkware/cairo/lang/compiler/preprocessor/preprocessor.py:1314: in process_implicit_arguments
    felt_expr_list = self.simplify_expr_to_felt_expr_list(expr, member_def.cairo_type)
../../../warp_dev/lib/python3.7/site-packages/cairo_lang-0.6.2-py3.7.egg/starkware/cairo/lang/compiler/preprocessor/preprocessor.py:2083: in simplify_expr_to_felt_expr_list
    expr, expr_type = self.simplify_expr(expr)
../../../warp_dev/lib/python3.7/site-packages/cairo_lang-0.6.2-py3.7.egg/starkware/cairo/lang/compiler/preprocessor/preprocessor.py:2054: in simplify_expr
    resolve_type_callback=self.resolve_type,
../../../warp_dev/lib/python3.7/site-packages/cairo_lang-0.6.2-py3.7.egg/starkware/cairo/lang/compiler/substitute_identifiers.py:113: in substitute_identifiers
    ).visit(expr)
../../../warp_dev/lib/python3.7/site-packages/cairo_lang-0.6.2-py3.7.egg/starkware/cairo/lang/compiler/expression_transformer.py:47: in visit
    return getattr(self, funcname)(expr)
../../../warp_dev/lib/python3.7/site-packages/cairo_lang-0.6.2-py3.7.egg/starkware/cairo/lang/compiler/substitute_identifiers.py:38: in visit_ExprIdentifier
    val = self.get_identifier_callback(expr)
../../../warp_dev/lib/python3.7/site-packages/cairo_lang-0.6.2-py3.7.egg/starkware/cairo/lang/compiler/preprocessor/preprocessor.py:2185: in get_variable
    identifier_definition = self.search_identifier(var.name, var.location)
../../../warp_dev/lib/python3.7/site-packages/cairo_lang-0.6.2-py3.7.egg/starkware/cairo/lang/compiler/preprocessor/preprocessor.py:368: in search_identifier
    raise PreprocessorError(str(exc), location=location)
E   starkware.cairo.lang.compiler.preprocessor.preprocessor_error.PreprocessorError: /home/greg/dev/nethermind/warp/warp/cairo-src/evm/hashing.cairo:14:20: While trying to retrieve the implicit argument 'bitwise_ptr' in:
E       let (memval) = array_create_from_memory(offset, size)
E                      ^************************************^
E   /home/greg/dev/nethermind/warp/warp/cairo-src/evm/array.cairo:16:53: Unknown identifier 'bitwise_ptr'.
E           memory_dict : DictAccess*, range_check_ptr, bitwise_ptr : BitwiseBuiltin*}(
E                                                       ^***************************^
------------------------------------------------------------------------------------------------------------------- Captured stdout call -------------------------------------------------------------------------------------------------------------------
{'callData': '0x81bc2549000000000000000000000000000000000000000000000000000000000000000a', 'expectations': '0x0000000000000000000000000000000000000000000000000000000000000000', 'failure': False, 'signature': 'set_get_length(uint256)'}
{'callData': '0x23600d020000000000000000000000000000000000000000000000000000000000000040000000000000000000000000000000000000000000000000000000000000000100000000000000000000000000000000000000000000000000000000000000020000000000000000000000000000000000000000000000000000000000000017000000000000000000000000000000000000000000000000000000000000002a', 'expectations': '0x000000000000000000000000000000000000000000000000000000000000002a', 'failure': False, 'signature': 'f(uint256[],uint256)'}
{'callData': '0x23600d020000000000000000000000000000000000000000000000000000000000000040000000000000000000000000000000000000000000000000000000000000000200000000000000000000000000000000000000000000000000000000000000020000000000000000000000000000000000000000000000000000000000000017000000000000000000000000000000000000000000000000000000000000002a', 'expectations': '0x4e487b710000000000000000000000000000000000000000000000000000000000000032', 'failure': True, 'signature': 'f(uint256[],uint256)'}
{'callData': '0x92158ec7000000000000000000000000000000000000000000000000000000000000006000000000000000000000000000000000000000000000000000000000000000000000000000000000000000000000000000000000000000000000000000000000', 'expectations': '0x', 'failure': True, 'signature': 'f(uint256[][],uint256,uint256)'}
{'callData': '0x92158ec70000000000000000000000000000000000000000000000000000000000000060000000000000000000000000000000000000000000000000000000000000000000000000000000000000000000000000000000000000000000000000000000000000000000000000000000000000000000000000000000000000000000000001000000000000000000000000000000000000000000000000000000000000002000000000000000000000000000000000000000000000000000000000000000010000000000000000000000000000000000000000000000000000000000000017', 'expectations': '0x0000000000000000000000000000000000000000000000000000000000000017', 'failure': False, 'signature': 'f(uint256[][],uint256,uint256)'}
{'callData': '0xf086f0d00000000000000000000000000000000000000000000000000000000000000001', 'expectations': '0x', 'failure': False, 'signature': 'test_indices(uint256)'}
------------------------------------------------------------------------------------------------------------------- Captured stderr call -------------------------------------------------------------------------------------------------------------------
Warning: SPDX license identifier not provided in source file. Before publishing, consider adding a comment containing "SPDX-License-Identifier: <SPDX-License>" to each source file. Use "SPDX-License-Identifier: UNLICENSED" for non-open-source code. Please see https://spdx.org for more information.
--> tests/semantic/solidity/test/libsolidity/semanticTests/viaYul/conversion/explicit_cast_function_call_marked.sol

Warning: SPDX license identifier not provided in source file. Before publishing, consider adding a comment containing "SPDX-License-Identifier: <SPDX-License>" to each source file. Use "SPDX-License-Identifier: UNLICENSED" for non-open-source code. Please see https://spdx.org for more information.
--> tests/semantic/solidity/test/libsolidity/semanticTests/viaYul/conversion/function_cast_marked.sol

Warning: SPDX license identifier not provided in source file. Before publishing, consider adding a comment containing "SPDX-License-Identifier: <SPDX-License>" to each source file. Use "SPDX-License-Identifier: UNLICENSED" for non-open-source code. Please see https://spdx.org for more information.
--> tests/semantic/solidity/test/libsolidity/semanticTests/viaYul/conversion/explicit_cast_assignment_marked.sol

__________________________________________________________ test_semantics[/home/greg/dev/nethermind/warp/tests/semantic/solidity/test/libsolidity/semanticTests/viaYul/struct_member_access.sol] ___________________________________________________________
../../../warp_dev/lib/python3.7/site-packages/cairo_lang-0.6.2-py3.7.egg/starkware/starknet/business_logic/internal_transaction.py:539: in _run
    verify_secure=True,
../../../warp_dev/lib/python3.7/site-packages/cairo_lang-0.6.2-py3.7.egg/starkware/cairo/common/cairo_function_runner.py:199: in run_from_entrypoint
    self.run_until_pc(addr=end, run_resources=run_resources)
../../../warp_dev/lib/python3.7/site-packages/cairo_lang-0.6.2-py3.7.egg/starkware/cairo/lang/vm/cairo_runner.py:284: in run_until_pc
    self.vm_step()
../../../warp_dev/lib/python3.7/site-packages/cairo_lang-0.6.2-py3.7.egg/starkware/cairo/lang/vm/cairo_runner.py:298: in vm_step
    self.vm.step()
../../../warp_dev/lib/python3.7/site-packages/cairo_lang-0.6.2-py3.7.egg/starkware/cairo/lang/vm/virtual_machine_base.py:255: in step
    self.run_instruction(instruction)
../../../warp_dev/lib/python3.7/site-packages/cairo_lang-0.6.2-py3.7.egg/starkware/cairo/lang/vm/vm_core.py:422: in run_instruction
    raise self.as_vm_exception(exc) from None
E   starkware.cairo.lang.vm.vm_exceptions.VmException: /home/greg/dev/nethermind/warp/tests/semantic/solidity/test/libsolidity/semanticTests/viaYul/struct_member_access.cairo.temp:445:9: Error at pc=0:4000:
E   An ASSERT_EQ instruction failed: 1 != 0.
E           assert 0 = 1
E           ^**********^
E   Cairo traceback (most recent call last):
E   /home/greg/dev/nethermind/warp/tests/semantic/solidity/test/libsolidity/semanticTests/viaYul/struct_member_access.cairo.temp:54:6: (pc=0:2216)
E   func __main{
E        ^****^
E   /home/greg/dev/nethermind/warp/tests/semantic/solidity/test/libsolidity/semanticTests/viaYul/struct_member_access.cairo.temp:68:9: (pc=0:2155)
E           __main_meat()
E           ^***********^
E   /home/greg/dev/nethermind/warp/tests/semantic/solidity/test/libsolidity/semanticTests/viaYul/struct_member_access.cairo.temp:823:5: (pc=0:5482)
E       __warp_if_0(__warp_subexpr_0)
E       ^***************************^
E   /home/greg/dev/nethermind/warp/tests/semantic/solidity/test/libsolidity/semanticTests/viaYul/struct_member_access.cairo.temp:807:9: (pc=0:5436)
E           __warp_block_0()
E           ^**************^
E   /home/greg/dev/nethermind/warp/tests/semantic/solidity/test/libsolidity/semanticTests/viaYul/struct_member_access.cairo.temp:797:5: (pc=0:5411)
E       __warp_block_1(match_var)
E       ^***********************^
E   /home/greg/dev/nethermind/warp/tests/semantic/solidity/test/libsolidity/semanticTests/viaYul/struct_member_access.cairo.temp:786:5: (pc=0:5376)
E       __warp_if_1(__warp_subexpr_0, match_var)
E       ^**************************************^
E   /home/greg/dev/nethermind/warp/tests/semantic/solidity/test/libsolidity/semanticTests/viaYul/struct_member_access.cairo.temp:775:9: (pc=0:5333)
E           __warp_block_3(match_var)
E           ^***********************^
E   /home/greg/dev/nethermind/warp/tests/semantic/solidity/test/libsolidity/semanticTests/viaYul/struct_member_access.cairo.temp:762:5: (pc=0:5315)
E       __warp_if_2(__warp_subexpr_0, match_var)
E       ^**************************************^
E   /home/greg/dev/nethermind/warp/tests/semantic/solidity/test/libsolidity/semanticTests/viaYul/struct_member_access.cairo.temp:751:9: (pc=0:5272)
E           __warp_block_5(match_var)
E           ^***********************^
E   /home/greg/dev/nethermind/warp/tests/semantic/solidity/test/libsolidity/semanticTests/viaYul/struct_member_access.cairo.temp:738:5: (pc=0:5254)
E       __warp_if_3(__warp_subexpr_0, match_var)
E       ^**************************************^
E   /home/greg/dev/nethermind/warp/tests/semantic/solidity/test/libsolidity/semanticTests/viaYul/struct_member_access.cairo.temp:727:9: (pc=0:5209)
E           __warp_block_7(match_var)
E           ^***********************^
E   /home/greg/dev/nethermind/warp/tests/semantic/solidity/test/libsolidity/semanticTests/viaYul/struct_member_access.cairo.temp:714:5: (pc=0:5193)
E       __warp_if_4(__warp_subexpr_0)
E       ^***************************^
E   /home/greg/dev/nethermind/warp/tests/semantic/solidity/test/libsolidity/semanticTests/viaYul/struct_member_access.cairo.temp:702:9: (pc=0:5171)
E           __warp_block_8()
E           ^**************^
E   /home/greg/dev/nethermind/warp/tests/semantic/solidity/test/libsolidity/semanticTests/viaYul/struct_member_access.cairo.temp:688:29: (pc=0:5084)
E           ret_20 : Uint256) = fun_g(__warp_subexpr_0)
E                               ^*********************^
E   /home/greg/dev/nethermind/warp/tests/semantic/solidity/test/libsolidity/semanticTests/viaYul/struct_member_access.cairo.temp:593:37: (pc=0:4634)
E           expr_96_length : Uint256) = access_calldata_tail_array_uint256_dyn_calldata(
E                                       ^**********************************************^

During handling of the above exception, another exception occurred:
tests/semantic/test_semantics.py:161: in test_semantics
    res = await invoke_method_evm_calldata(starknet, contract_address, argument)
../../../warp_dev/lib/python3.7/site-packages/sol_warp-0.2.12-py3.7.egg/yul/starknet_utils.py:30: in invoke_method_evm_calldata
    caller_address=0,
../../../warp_dev/lib/python3.7/site-packages/cairo_lang-0.6.2-py3.7.egg/starkware/starknet/testing/state.py:153: in invoke_raw
    state=state_copy, general_config=self.general_config
../../../warp_dev/lib/python3.7/site-packages/cairo_lang-0.6.2-py3.7.egg/starkware/starknet/business_logic/internal_transaction_interface.py:213: in apply_state_updates
    state=state_to_update, general_config=general_config
../../../warp_dev/lib/python3.7/site-packages/cairo_lang-0.6.2-py3.7.egg/starkware/starknet/business_logic/internal_transaction.py:405: in _apply_specific_state_updates
    func=_synchronous_apply_specific_state_updates,
/usr/lib/python3.7/concurrent/futures/thread.py:57: in run
    result = self.fn(*self.args, **self.kwargs)
../../../warp_dev/lib/python3.7/site-packages/cairo_lang-0.6.2-py3.7.egg/starkware/starknet/business_logic/internal_transaction.py:433: in _synchronous_apply_specific_state_updates
    run_resources=run_resources,
../../../warp_dev/lib/python3.7/site-packages/cairo_lang-0.6.2-py3.7.egg/starkware/starknet/business_logic/internal_transaction.py:559: in _run
    raise StarkException(code=code, message=str(exception))
E   starkware.starkware_utils.error_handling.StarkException: (500, {'code': <StarknetErrorCode.TRANSACTION_FAILED: 28>, 'message': '/home/greg/dev/nethermind/warp/tests/semantic/solidity/test/libsolidity/semanticTests/viaYul/struct_member_access.cairo.temp:445:9: Error at pc=0:4000:\nAn ASSERT_EQ instruction failed: 1 != 0.\n        assert 0 = 1\n        ^**********^\nCairo traceback (most recent call last):\n/home/greg/dev/nethermind/warp/tests/semantic/solidity/test/libsolidity/semanticTests/viaYul/struct_member_access.cairo.temp:54:6: (pc=0:2216)\nfunc __main{\n     ^****^\n/home/greg/dev/nethermind/warp/tests/semantic/solidity/test/libsolidity/semanticTests/viaYul/struct_member_access.cairo.temp:68:9: (pc=0:2155)\n        __main_meat()\n        ^***********^\n/home/greg/dev/nethermind/warp/tests/semantic/solidity/test/libsolidity/semanticTests/viaYul/struct_member_access.cairo.temp:823:5: (pc=0:5482)\n    __warp_if_0(__warp_subexpr_0)\n    ^***************************^\n/home/greg/dev/nethermind/warp/tests/semantic/solidity/test/libsolidity/semanticTests/viaYul/struct_member_access.cairo.temp:807:9: (pc=0:5436)\n        __warp_block_0()\n        ^**************^\n/home/greg/dev/nethermind/warp/tests/semantic/solidity/test/libsolidity/semanticTests/viaYul/struct_member_access.cairo.temp:797:5: (pc=0:5411)\n    __warp_block_1(match_var)\n    ^***********************^\n/home/greg/dev/nethermind/warp/tests/semantic/solidity/test/libsolidity/semanticTests/viaYul/struct_member_access.cairo.temp:786:5: (pc=0:5376)\n    __warp_if_1(__warp_subexpr_0, match_var)\n    ^**************************************^\n/home/greg/dev/nethermind/warp/tests/semantic/solidity/test/libsolidity/semanticTests/viaYul/struct_member_access.cairo.temp:775:9: (pc=0:5333)\n        __warp_block_3(match_var)\n        ^***********************^\n/home/greg/dev/nethermind/warp/tests/semantic/solidity/test/libsolidity/semanticTests/viaYul/struct_member_access.cairo.temp:762:5: (pc=0:5315)\n    __warp_if_2(__warp_subexpr_0, match_var)\n    ^**************************************^\n/home/greg/dev/nethermind/warp/tests/semantic/solidity/test/libsolidity/semanticTests/viaYul/struct_member_access.cairo.temp:751:9: (pc=0:5272)\n        __warp_block_5(match_var)\n        ^***********************^\n/home/greg/dev/nethermind/warp/tests/semantic/solidity/test/libsolidity/semanticTests/viaYul/struct_member_access.cairo.temp:738:5: (pc=0:5254)\n    __warp_if_3(__warp_subexpr_0, match_var)\n    ^**************************************^\n/home/greg/dev/nethermind/warp/tests/semantic/solidity/test/libsolidity/semanticTests/viaYul/struct_member_access.cairo.temp:727:9: (pc=0:5209)\n        __warp_block_7(match_var)\n        ^***********************^\n/home/greg/dev/nethermind/warp/tests/semantic/solidity/test/libsolidity/semanticTests/viaYul/struct_member_access.cairo.temp:714:5: (pc=0:5193)\n    __warp_if_4(__warp_subexpr_0)\n    ^***************************^\n/home/greg/dev/nethermind/warp/tests/semantic/solidity/test/libsolidity/semanticTests/viaYul/struct_member_access.cairo.temp:702:9: (pc=0:5171)\n        __warp_block_8()\n        ^**************^\n/home/greg/dev/nethermind/warp/tests/semantic/solidity/test/libsolidity/semanticTests/viaYul/struct_member_access.cairo.temp:688:29: (pc=0:5084)\n        ret_20 : Uint256) = fun_g(__warp_subexpr_0)\n                            ^*********************^\n/home/greg/dev/nethermind/warp/tests/semantic/solidity/test/libsolidity/semanticTests/viaYul/struct_member_access.cairo.temp:593:37: (pc=0:4634)\n        expr_96_length : Uint256) = access_calldata_tail_array_uint256_dyn_calldata(\n                                    ^**********************************************^'})
------------------------------------------------------------------------------------------------------------------- Captured stdout call -------------------------------------------------------------------------------------------------------------------
{'callData': '0x2d29acb3000000000000000000000000000000000000000000000000000000000000006000000000000000000000000000000000000000000000000000000000000000020000000000000000000000000000000000000000000000000000000000000004000000000000000000000000000000000000000000000000000000000000000500000000000000000000000000000000000000000000000000000000000000010000000000000000000000000000000000000000000000000000000000000002000000000000000000000000000000000000000000000000000000000000000300000000000000000000000000000000000000000000000000000000000000040000000000000000000000000000000000000000000000000000000000000005', 'expectations': '0x0000000000000000000000000000000000000000000000000000000000000002', 'failure': False, 'signature': 'f(uint256[],uint256,uint256)'}
{'callData': '0x2d29acb3000000000000000000000000000000000000000000000000000000000000006000000000000000000000000000000000000000000000000000000000000000020000000000000000000000000000000000000000000000000000000000000006000000000000000000000000000000000000000000000000000000000000000500000000000000000000000000000000000000000000000000000000000000010000000000000000000000000000000000000000000000000000000000000002000000000000000000000000000000000000000000000000000000000000000300000000000000000000000000000000000000000000000000000000000000040000000000000000000000000000000000000000000000000000000000000005', 'expectations': '0x', 'failure': True, 'signature': 'f(uint256[],uint256,uint256)'}
{'callData': '0x2d29acb3000000000000000000000000000000000000000000000000000000000000006000000000000000000000000000000000000000000000000000000000000000030000000000000000000000000000000000000000000000000000000000000003000000000000000000000000000000000000000000000000000000000000000500000000000000000000000000000000000000000000000000000000000000010000000000000000000000000000000000000000000000000000000000000002000000000000000000000000000000000000000000000000000000000000000300000000000000000000000000000000000000000000000000000000000000040000000000000000000000000000000000000000000000000000000000000005', 'expectations': '0x0000000000000000000000000000000000000000000000000000000000000000', 'failure': False, 'signature': 'f(uint256[],uint256,uint256)'}
{'callData': '0x2d29acb3000000000000000000000000000000000000000000000000000000000000006000000000000000000000000000000000000000000000000000000000000000040000000000000000000000000000000000000000000000000000000000000003000000000000000000000000000000000000000000000000000000000000000500000000000000000000000000000000000000000000000000000000000000010000000000000000000000000000000000000000000000000000000000000002000000000000000000000000000000000000000000000000000000000000000300000000000000000000000000000000000000000000000000000000000000040000000000000000000000000000000000000000000000000000000000000005', 'expectations': '0x', 'failure': True, 'signature': 'f(uint256[],uint256,uint256)'}
{'callData': '0x2d29acb3000000000000000000000000000000000000000000000000000000000000006000000000000000000000000000000000000000000000000000000000000000000000000000000000000000000000000000000000000000000000000000000003000000000000000000000000000000000000000000000000000000000000000500000000000000000000000000000000000000000000000000000000000000010000000000000000000000000000000000000000000000000000000000000002000000000000000000000000000000000000000000000000000000000000000300000000000000000000000000000000000000000000000000000000000000040000000000000000000000000000000000000000000000000000000000000005', 'expectations': '0x0000000000000000000000000000000000000000000000000000000000000003', 'failure': False, 'signature': 'f(uint256[],uint256,uint256)'}
{'callData': '0x85b517c900000000000000000000000000000000000000000000000000000000000000a00000000000000000000000000000000000000000000000000000000000000001000000000000000000000000000000000000000000000000000000000000000300000000000000000000000000000000000000000000000000000000000000010000000000000000000000000000000000000000000000000000000000000002000000000000000000000000000000000000000000000000000000000000000500000000000000000000000000000000000000000000000000000000000000010000000000000000000000000000000000000000000000000000000000000002000000000000000000000000000000000000000000000000000000000000000300000000000000000000000000000000000000000000000000000000000000040000000000000000000000000000000000000000000000000000000000000005', 'expectations': '0x0000000000000000000000000000000000000000000000000000000000000001', 'failure': False, 'signature': 'f(uint256[],uint256,uint256,uint256,uint256)'}
{'callData': '0x85b517c900000000000000000000000000000000000000000000000000000000000000a00000000000000000000000000000000000000000000000000000000000000001000000000000000000000000000000000000000000000000000000000000000300000000000000000000000000000000000000000000000000000000000000010000000000000000000000000000000000000000000000000000000000000004000000000000000000000000000000000000000000000000000000000000000500000000000000000000000000000000000000000000000000000000000000010000000000000000000000000000000000000000000000000000000000000002000000000000000000000000000000000000000000000000000000000000000300000000000000000000000000000000000000000000000000000000000000040000000000000000000000000000000000000000000000000000000000000005', 'expectations': '0x', 'failure': True, 'signature': 'f(uint256[],uint256,uint256,uint256,uint256)'}
{'callData': '0x619895db00000000000000000000000000000000000000000000000000000000000000400000000000000000000000000000000000000000000000000000000000000002000000000000000000000000000000000000000000000000000000000000000500000000000000000000000000000000000000000000000000000000000000010000000000000000000000000000000000000000000000000000000000000002000000000000000000000000000000000000000000000000000000000000000300000000000000000000000000000000000000000000000000000000000000040000000000000000000000000000000000000000000000000000000000000005', 'expectations': '0x0000000000000000000000000000000000000000000000000000000000000003', 'failure': False, 'signature': 'f_s_only(uint256[],uint256)'}
{'callData': '0x619895db00000000000000000000000000000000000000000000000000000000000000400000000000000000000000000000000000000000000000000000000000000006000000000000000000000000000000000000000000000000000000000000000500000000000000000000000000000000000000000000000000000000000000010000000000000000000000000000000000000000000000000000000000000002000000000000000000000000000000000000000000000000000000000000000300000000000000000000000000000000000000000000000000000000000000040000000000000000000000000000000000000000000000000000000000000005', 'expectations': '0x', 'failure': True, 'signature': 'f_s_only(uint256[],uint256)'}
{'callData': '0x95f5d75100000000000000000000000000000000000000000000000000000000000000400000000000000000000000000000000000000000000000000000000000000003000000000000000000000000000000000000000000000000000000000000000500000000000000000000000000000000000000000000000000000000000000010000000000000000000000000000000000000000000000000000000000000002000000000000000000000000000000000000000000000000000000000000000300000000000000000000000000000000000000000000000000000000000000040000000000000000000000000000000000000000000000000000000000000005', 'expectations': '0x0000000000000000000000000000000000000000000000000000000000000003', 'failure': False, 'signature': 'f_e_only(uint256[],uint256)'}
{'callData': '0x95f5d75100000000000000000000000000000000000000000000000000000000000000400000000000000000000000000000000000000000000000000000000000000006000000000000000000000000000000000000000000000000000000000000000500000000000000000000000000000000000000000000000000000000000000010000000000000000000000000000000000000000000000000000000000000002000000000000000000000000000000000000000000000000000000000000000300000000000000000000000000000000000000000000000000000000000000040000000000000000000000000000000000000000000000000000000000000005', 'expectations': '0x', 'failure': True, 'signature': 'f_e_only(uint256[],uint256)'}
{'callData': '0x8d83e79a0000000000000000000000000000000000000000000000000000000000000080000000000000000000000000000000000000000000000000000000000000000200000000000000000000000000000000000000000000000000000000000000040000000000000000000000000000000000000000000000000000000000000001000000000000000000000000000000000000000000000000000000000000000500000000000000000000000000000000000000000000000000000000000000010000000000000000000000000000000000000000000000000000000000000002000000000000000000000000000000000000000000000000000000000000000300000000000000000000000000000000000000000000000000000000000000040000000000000000000000000000000000000000000000000000000000000005', 'expectations': '0x0000000000000000000000000000000000000000000000000000000000000004', 'failure': False, 'signature': 'g(uint256[],uint256,uint256,uint256)'}
{'callData': '0x1d10d0fb0000000000000000000000000000000000000000000000000000000000000020000000000000000000000000000000000000000000000000000000000000002a000000000000000000000000000000000000000000000000000000000000006000000000000000000000000000000000000000000000000000000000000000150000000000000000000000000000000000000000000000000000000000000003000000000000000000000000000000000000000000000000000000000000000100000000000000000000000000000000000000000000000000000000000000020000000000000000000000000000000000000000000000000000000000000003', 'expectations': '0x000000000000000000000000000000000000000000000000000000000000002a000000000000000000000000000000000000000000000000000000000000006000000000000000000000000000000000000000000000000000000000000000150000000000000000000000000000000000000000000000000000000000000003000000000000000000000000000000000000000000000000000000000000000100000000000000000000000000000000000000000000000000000000000000020000000000000000000000000000000000000000000000000000000000000003', 'failure': False, 'signature': 'f((uint256,uint256[],uint256))'}
{'callData': '0x4f2be91f', 'expectations': '0x00000000000000000000000000000000000000000000000000000000000000010000000000000000000000000000000000000000000000000000000000000001', 'failure': False, 'signature': 'add()'}
{'callData': '0x8d83e79a0000000000000000000000000000000000000000000000000000000000000080000000000000000000000000000000000000000000000000000000000000000200000000000000000000000000000000000000000000000000000000000000040000000000000000000000000000000000000000000000000000000000000003000000000000000000000000000000000000000000000000000000000000000500000000000000000000000000000000000000000000000000000000000000010000000000000000000000000000000000000000000000000000000000000002000000000000000000000000000000000000000000000000000000000000000300000000000000000000000000000000000000000000000000000000000000040000000000000000000000000000000000000000000000000000000000000005', 'expectations': '0x4e487b710000000000000000000000000000000000000000000000000000000000000032', 'failure': True, 'signature': 'g(uint256[],uint256,uint256,uint256)'}
{'callData': '0xc54124be', 'expectations': '0x00000000000000000000000000000000000000000000000000000000000000000000000000000000000000000000000000000000000000000000000000000000', 'failure': False, 'signature': 'sub()'}
{'callData': '0xb63643800000000000000000000000000000000000000000000000000000000000000080000000000000000000000000000000000000000000000000000000000000000200000000000000000000000000000000000000000000000000000000000000040000000000000000000000000000000000000000000000000000000000000001000000000000000000000000000000000000000000000000000000000000000500000000000000000000000000000000000000000000000000000000000000010000000000000000000000000000000000000000000000000000000000000002000000000000000000000000000000000000000000000000000000000000000300000000000000000000000000000000000000000000000000000000000000040000000000000000000000000000000000000000000000000000000000000005', 'expectations': '0x0000000000000000000000000000000000000000000000000000000000000004', 'failure': False, 'signature': 'gg(uint256[],uint256,uint256,uint256)'}
{'callData': '0x58931c46', 'expectations': '0x00000000000000000000000000000000000000000000000000000000000000010000000000000000000000000000000000000000000000000000000000000001', 'failure': False, 'signature': 'mul()'}
{'callData': '0xd2d4f9660000000000000000000000000000000000000000000000000000000000000020000000000000000000000000000000000000000000000000000000000000002a000000000000000000000000000000000000000000000000000000000000006000000000000000000000000000000000000000000000000000000000000000150000000000000000000000000000000000000000000000000000000000000003000000000000000000000000000000000000000000000000000000000000000100000000000000000000000000000000000000000000000000000000000000020000000000000000000000000000000000000000000000000000000000000003', 'expectations': '0x000000000000000000000000000000000000000000000000000000000000002a00000000000000000000000000000000000000000000000000000000000000030000000000000000000000000000000000000000000000000000000000000015000000000000000000000000000000000000000000000000000000000000000100000000000000000000000000000000000000000000000000000000000000020000000000000000000000000000000000000000000000000000000000000003', 'failure': False, 'signature': 'g((uint256,uint256[],uint256))'}
------------------------------------------------------------------------------------------------------------------- Captured stderr call -------------------------------------------------------------------------------------------------------------------
Warning: SPDX license identifier not provided in source file. Before publishing, consider adding a comment containing "SPDX-License-Identifier: <SPDX-License>" to each source file. Use "SPDX-License-Identifier: UNLICENSED" for non-open-source code. Please see https://spdx.org for more information.
--> tests/semantic/solidity/test/libsolidity/semanticTests/viaYul/conditional/conditional_with_variables_marked.sol

----------------------------------------------------------------------------------------------------------------- Captured stdout teardown -----------------------------------------------------------------------------------------------------------------
{'callData': '0x2986e054', 'expectations': '0x00000000000000000000000000000000000000000000000000000000000000010000000000000000000000000000000000000000000000000000000000000000', 'failure': False, 'signature': 'mod()'}
_______________________________________________________ test_semantics[/home/greg/dev/nethermind/warp/tests/semantic/solidity/test/libsolidity/semanticTests/viaYul/storage/dirty_storage_bytes.sol] _______________________________________________________
../../../warp_dev/lib/python3.7/site-packages/cairo_lang-0.6.2-py3.7.egg/starkware/starknet/business_logic/internal_transaction.py:539: in _run
    verify_secure=True,
../../../warp_dev/lib/python3.7/site-packages/cairo_lang-0.6.2-py3.7.egg/starkware/cairo/common/cairo_function_runner.py:199: in run_from_entrypoint
    self.run_until_pc(addr=end, run_resources=run_resources)
../../../warp_dev/lib/python3.7/site-packages/cairo_lang-0.6.2-py3.7.egg/starkware/cairo/lang/vm/cairo_runner.py:284: in run_until_pc
    self.vm_step()
../../../warp_dev/lib/python3.7/site-packages/cairo_lang-0.6.2-py3.7.egg/starkware/cairo/lang/vm/cairo_runner.py:298: in vm_step
    self.vm.step()
../../../warp_dev/lib/python3.7/site-packages/cairo_lang-0.6.2-py3.7.egg/starkware/cairo/lang/vm/virtual_machine_base.py:255: in step
    self.run_instruction(instruction)
../../../warp_dev/lib/python3.7/site-packages/cairo_lang-0.6.2-py3.7.egg/starkware/cairo/lang/vm/vm_core.py:422: in run_instruction
    raise self.as_vm_exception(exc) from None
E   starkware.cairo.lang.vm.vm_exceptions.VmException: /home/greg/dev/nethermind/warp/tests/semantic/solidity/test/libsolidity/semanticTests/viaYul/storage/dirty_storage_bytes.cairo.temp:175:9: Error at pc=0:2531:
E   An ASSERT_EQ instruction failed: 1 != 0.
E           assert 0 = 1
E           ^**********^
E   Cairo traceback (most recent call last):
E   /home/greg/dev/nethermind/warp/tests/semantic/solidity/test/libsolidity/semanticTests/viaYul/storage/dirty_storage_bytes.cairo.temp:52:6: (pc=0:2178)
E   func __main{
E        ^****^
E   /home/greg/dev/nethermind/warp/tests/semantic/solidity/test/libsolidity/semanticTests/viaYul/storage/dirty_storage_bytes.cairo.temp:66:9: (pc=0:2117)
E           __main_meat()
E           ^***********^
E   /home/greg/dev/nethermind/warp/tests/semantic/solidity/test/libsolidity/semanticTests/viaYul/storage/dirty_storage_bytes.cairo.temp:244:5: (pc=0:2781)
E       __warp_if_0(__warp_subexpr_0)
E       ^***************************^
E   /home/greg/dev/nethermind/warp/tests/semantic/solidity/test/libsolidity/semanticTests/viaYul/storage/dirty_storage_bytes.cairo.temp:228:9: (pc=0:2735)
E           __warp_block_0()
E           ^**************^
E   /home/greg/dev/nethermind/warp/tests/semantic/solidity/test/libsolidity/semanticTests/viaYul/storage/dirty_storage_bytes.cairo.temp:218:5: (pc=0:2710)
E       __warp_if_1(__warp_subexpr_0)
E       ^***************************^
E   /home/greg/dev/nethermind/warp/tests/semantic/solidity/test/libsolidity/semanticTests/viaYul/storage/dirty_storage_bytes.cairo.temp:203:9: (pc=0:2665)
E           __warp_block_1()
E           ^**************^

During handling of the above exception, another exception occurred:
tests/semantic/test_semantics.py:161: in test_semantics
    res = await invoke_method_evm_calldata(starknet, contract_address, argument)
../../../warp_dev/lib/python3.7/site-packages/sol_warp-0.2.12-py3.7.egg/yul/starknet_utils.py:30: in invoke_method_evm_calldata
    caller_address=0,
../../../warp_dev/lib/python3.7/site-packages/cairo_lang-0.6.2-py3.7.egg/starkware/starknet/testing/state.py:153: in invoke_raw
    state=state_copy, general_config=self.general_config
../../../warp_dev/lib/python3.7/site-packages/cairo_lang-0.6.2-py3.7.egg/starkware/starknet/business_logic/internal_transaction_interface.py:213: in apply_state_updates
    state=state_to_update, general_config=general_config
../../../warp_dev/lib/python3.7/site-packages/cairo_lang-0.6.2-py3.7.egg/starkware/starknet/business_logic/internal_transaction.py:405: in _apply_specific_state_updates
    func=_synchronous_apply_specific_state_updates,
/usr/lib/python3.7/concurrent/futures/thread.py:57: in run
    result = self.fn(*self.args, **self.kwargs)
../../../warp_dev/lib/python3.7/site-packages/cairo_lang-0.6.2-py3.7.egg/starkware/starknet/business_logic/internal_transaction.py:433: in _synchronous_apply_specific_state_updates
    run_resources=run_resources,
../../../warp_dev/lib/python3.7/site-packages/cairo_lang-0.6.2-py3.7.egg/starkware/starknet/business_logic/internal_transaction.py:559: in _run
    raise StarkException(code=code, message=str(exception))
E   starkware.starkware_utils.error_handling.StarkException: (500, {'code': <StarknetErrorCode.TRANSACTION_FAILED: 28>, 'message': '/home/greg/dev/nethermind/warp/tests/semantic/solidity/test/libsolidity/semanticTests/viaYul/storage/dirty_storage_bytes.cairo.temp:175:9: Error at pc=0:2531:\nAn ASSERT_EQ instruction failed: 1 != 0.\n        assert 0 = 1\n        ^**********^\nCairo traceback (most recent call last):\n/home/greg/dev/nethermind/warp/tests/semantic/solidity/test/libsolidity/semanticTests/viaYul/storage/dirty_storage_bytes.cairo.temp:52:6: (pc=0:2178)\nfunc __main{\n     ^****^\n/home/greg/dev/nethermind/warp/tests/semantic/solidity/test/libsolidity/semanticTests/viaYul/storage/dirty_storage_bytes.cairo.temp:66:9: (pc=0:2117)\n        __main_meat()\n        ^***********^\n/home/greg/dev/nethermind/warp/tests/semantic/solidity/test/libsolidity/semanticTests/viaYul/storage/dirty_storage_bytes.cairo.temp:244:5: (pc=0:2781)\n    __warp_if_0(__warp_subexpr_0)\n    ^***************************^\n/home/greg/dev/nethermind/warp/tests/semantic/solidity/test/libsolidity/semanticTests/viaYul/storage/dirty_storage_bytes.cairo.temp:228:9: (pc=0:2735)\n        __warp_block_0()\n        ^**************^\n/home/greg/dev/nethermind/warp/tests/semantic/solidity/test/libsolidity/semanticTests/viaYul/storage/dirty_storage_bytes.cairo.temp:218:5: (pc=0:2710)\n    __warp_if_1(__warp_subexpr_0)\n    ^***************************^\n/home/greg/dev/nethermind/warp/tests/semantic/solidity/test/libsolidity/semanticTests/viaYul/storage/dirty_storage_bytes.cairo.temp:203:9: (pc=0:2665)\n        __warp_block_1()\n        ^**************^'})
------------------------------------------------------------------------------------------------------------------- Captured stdout call -------------------------------------------------------------------------------------------------------------------
{'callData': '0x26121ff0', 'expectations': '0x0000000000000000000000000000000000000000000000000000000000000001', 'failure': False, 'signature': 'f()'}
------------------------------------------------------------------------------------------------------------------- Captured stderr call -------------------------------------------------------------------------------------------------------------------
Warning: SPDX license identifier not provided in source file. Before publishing, consider adding a comment containing "SPDX-License-Identifier: <SPDX-License>" to each source file. Use "SPDX-License-Identifier: UNLICENSED" for non-open-source code. Please see https://spdx.org for more information.
--> tests/semantic/solidity/test/libsolidity/semanticTests/viaYul/conditional/conditional_true_false_literal_marked.sol

----------------------------------------------------------------------------------------------------------------- Captured stderr teardown -----------------------------------------------------------------------------------------------------------------
Warning: SPDX license identifier not provided in source file. Before publishing, consider adding a comment containing "SPDX-License-Identifier: <SPDX-License>" to each source file. Use "SPDX-License-Identifier: UNLICENSED" for non-open-source code. Please see https://spdx.org for more information.
--> tests/semantic/solidity/test/libsolidity/semanticTests/viaYul/array_memory_allocation/array_zeroed_memory_index_access_marked.sol

_________________________________________________________ test_semantics[/home/greg/dev/nethermind/warp/tests/semantic/solidity/test/libsolidity/semanticTests/viaYul/storage/packed_storage.sol] __________________________________________________________
FAILURE: /home/greg/dev/nethermind/warp/tests/semantic/solidity/test/libsolidity/semanticTests/viaYul/storage/packed_storage.cairo.temp
assert '0x0000000000...00000000000f8' == '0x0000000000...0000000000009'
  - 0x0000000000000000000000000000000000000000000000000000000000000009
  ?                                                                 ^^
  + 0x00000000000000000000000000000000000000000000000000000000000000f8
  ?                                                                 ^^
tests/semantic/test_semantics.py:173 in test_semantics() -> check.equal(final_res, expected_result, cairo_file_path)
------------------------------------------------------------
Failed Checks: 1
------------------------------------------------------------------------------------------------------------------- Captured stdout call -------------------------------------------------------------------------------------------------------------------
{'callData': '0x3120d4340000000000000000000000000000000000000000000000000000000000000006', 'expectations': '0x0000000000000000000000000000000000000000000000000000000000000009', 'failure': False, 'signature': 'f(uint8)'}
------------------------------------------------------------------------------------------------------------------- Captured stderr call -------------------------------------------------------------------------------------------------------------------
Warning: SPDX license identifier not provided in source file. Before publishing, consider adding a comment containing "SPDX-License-Identifier: <SPDX-License>" to each source file. Use "SPDX-License-Identifier: UNLICENSED" for non-open-source code. Please see https://spdx.org for more information.
--> tests/semantic/solidity/test/libsolidity/semanticTests/viaYul/array_memory_allocation/array_2d_zeroed_memory_index_access_marked.sol

________________________________________ test_semantics[/home/greg/dev/nethermind/warp/tests/semantic/solidity/test/libsolidity/semanticTests/viaYul/array_memory_allocation/array_zeroed_memory_index_access.sol] _________________________________________
../../../warp_dev/lib/python3.7/site-packages/cairo_lang-0.6.2-py3.7.egg/starkware/cairo/lang/compiler/preprocessor/preprocessor.py:365: in search_identifier
    result = self.identifiers.search(self.accessible_scopes, ScopedName.from_string(name))
../../../warp_dev/lib/python3.7/site-packages/cairo_lang-0.6.2-py3.7.egg/starkware/cairo/lang/compiler/identifier_manager.py:225: in search
    res = self._search(accessible_scopes=accessible_scopes, name=name, get_scope=False)
../../../warp_dev/lib/python3.7/site-packages/cairo_lang-0.6.2-py3.7.egg/starkware/cairo/lang/compiler/identifier_manager.py:217: in _search
    raise MissingIdentifierError(name[:1])
E   starkware.cairo.lang.compiler.identifier_manager.MissingIdentifierError: Unknown identifier 'bitwise_ptr'.

During handling of the above exception, another exception occurred:
tests/semantic/test_semantics.py:135: in test_semantics
    contract_definition = await starknet_compile(cairo_file_path)
tests/semantic/test_semantics.py:71: in starknet_compile
    [contract_file], debug_info=True, cairo_path=[cairo_path]
../../../warp_dev/lib/python3.7/site-packages/cairo_lang-0.6.2-py3.7.egg/starkware/starknet/compiler/compile.py:107: in compile_starknet_files
    cairo_path=cairo_path,
../../../warp_dev/lib/python3.7/site-packages/cairo_lang-0.6.2-py3.7.egg/starkware/starknet/compiler/compile.py:128: in compile_starknet_codes
    code=codes, debug_info=debug_info, pass_manager=pass_manager
../../../warp_dev/lib/python3.7/site-packages/cairo_lang-0.6.2-py3.7.egg/starkware/cairo/lang/compiler/cairo_compile.py:230: in compile_cairo_ex
    codes=codes_with_filenames, pass_manager=pass_manager, main_scope=main_scope
../../../warp_dev/lib/python3.7/site-packages/cairo_lang-0.6.2-py3.7.egg/starkware/cairo/lang/compiler/preprocessor/preprocess_codes.py:24: in preprocess_codes
    pass_manager.run(context)
../../../warp_dev/lib/python3.7/site-packages/cairo_lang-0.6.2-py3.7.egg/starkware/cairo/lang/compiler/preprocessor/pass_manager.py:53: in run
    stage.run(context)
../../../warp_dev/lib/python3.7/site-packages/cairo_lang-0.6.2-py3.7.egg/starkware/cairo/lang/compiler/preprocessor/default_pass_manager.py:89: in run
    preprocessor.visit(module)
../../../warp_dev/lib/python3.7/site-packages/cairo_lang-0.6.2-py3.7.egg/starkware/cairo/lang/compiler/ast/visitor.py:40: in visit
    return getattr(self, f"visit_{type(obj).__name__}", self._visit_default)(obj)
../../../warp_dev/lib/python3.7/site-packages/cairo_lang-0.6.2-py3.7.egg/starkware/cairo/lang/compiler/preprocessor/preprocessor.py:427: in visit_CairoModule
    super().visit_CairoModule(module)
../../../warp_dev/lib/python3.7/site-packages/cairo_lang-0.6.2-py3.7.egg/starkware/cairo/lang/compiler/ast/visitor.py:63: in visit_CairoModule
    cairo_file=CairoFile(code_block=self.visit(module.cairo_file.code_block)),
../../../warp_dev/lib/python3.7/site-packages/cairo_lang-0.6.2-py3.7.egg/starkware/cairo/lang/compiler/ast/visitor.py:40: in visit
    return getattr(self, f"visit_{type(obj).__name__}", self._visit_default)(obj)
../../../warp_dev/lib/python3.7/site-packages/cairo_lang-0.6.2-py3.7.egg/starkware/cairo/lang/compiler/preprocessor/preprocessor.py:415: in visit_CodeBlock
    self.visit_uncommented_code_block([x.code_elm for x in code_block.code_elements])
../../../warp_dev/lib/python3.7/site-packages/cairo_lang-0.6.2-py3.7.egg/starkware/cairo/lang/compiler/preprocessor/preprocessor.py:397: in visit_uncommented_code_block
    self.visit(elm)
../../../warp_dev/lib/python3.7/site-packages/cairo_lang-0.6.2-py3.7.egg/starkware/cairo/lang/compiler/ast/visitor.py:40: in visit
    return getattr(self, f"visit_{type(obj).__name__}", self._visit_default)(obj)
../../../warp_dev/lib/python3.7/site-packages/cairo_lang-0.6.2-py3.7.egg/starkware/starknet/compiler/starknet_preprocessor.py:172: in visit_CodeElementFunction
    super().visit_CodeElementFunction(elm)
../../../warp_dev/lib/python3.7/site-packages/cairo_lang-0.6.2-py3.7.egg/starkware/cairo/lang/compiler/preprocessor/preprocessor.py:615: in visit_CodeElementFunction
    code_block=elm.code_block, location=elm.identifier.location
../../../warp_dev/lib/python3.7/site-packages/cairo_lang-0.6.2-py3.7.egg/starkware/cairo/lang/compiler/preprocessor/preprocessor.py:671: in visit_function_body_with_retries
    self.visit_uncommented_code_block(code_elements)
../../../warp_dev/lib/python3.7/site-packages/cairo_lang-0.6.2-py3.7.egg/starkware/cairo/lang/compiler/preprocessor/preprocessor.py:397: in visit_uncommented_code_block
    self.visit(elm)
../../../warp_dev/lib/python3.7/site-packages/cairo_lang-0.6.2-py3.7.egg/starkware/cairo/lang/compiler/ast/visitor.py:40: in visit
    return getattr(self, f"visit_{type(obj).__name__}", self._visit_default)(obj)
../../../warp_dev/lib/python3.7/site-packages/cairo_lang-0.6.2-py3.7.egg/starkware/cairo/lang/compiler/preprocessor/preprocessor.py:1757: in visit_CodeElementUnpackBinding
    self.visit(CodeElementFuncCall(func_call=elm.rvalue))
../../../warp_dev/lib/python3.7/site-packages/cairo_lang-0.6.2-py3.7.egg/starkware/cairo/lang/compiler/ast/visitor.py:40: in visit
    return getattr(self, f"visit_{type(obj).__name__}", self._visit_default)(obj)
../../../warp_dev/lib/python3.7/site-packages/cairo_lang-0.6.2-py3.7.egg/starkware/cairo/lang/compiler/preprocessor/preprocessor.py:1616: in visit_CodeElementFuncCall
    location=elm.func_call.location,
../../../warp_dev/lib/python3.7/site-packages/cairo_lang-0.6.2-py3.7.egg/starkware/cairo/lang/compiler/preprocessor/preprocessor.py:1391: in push_arguments
    location=location,
../../../warp_dev/lib/python3.7/site-packages/cairo_lang-0.6.2-py3.7.egg/starkware/cairo/lang/compiler/preprocessor/preprocessor.py:1314: in process_implicit_arguments
    felt_expr_list = self.simplify_expr_to_felt_expr_list(expr, member_def.cairo_type)
../../../warp_dev/lib/python3.7/site-packages/cairo_lang-0.6.2-py3.7.egg/starkware/cairo/lang/compiler/preprocessor/preprocessor.py:2083: in simplify_expr_to_felt_expr_list
    expr, expr_type = self.simplify_expr(expr)
../../../warp_dev/lib/python3.7/site-packages/cairo_lang-0.6.2-py3.7.egg/starkware/cairo/lang/compiler/preprocessor/preprocessor.py:2054: in simplify_expr
    resolve_type_callback=self.resolve_type,
../../../warp_dev/lib/python3.7/site-packages/cairo_lang-0.6.2-py3.7.egg/starkware/cairo/lang/compiler/substitute_identifiers.py:113: in substitute_identifiers
    ).visit(expr)
../../../warp_dev/lib/python3.7/site-packages/cairo_lang-0.6.2-py3.7.egg/starkware/cairo/lang/compiler/expression_transformer.py:47: in visit
    return getattr(self, funcname)(expr)
../../../warp_dev/lib/python3.7/site-packages/cairo_lang-0.6.2-py3.7.egg/starkware/cairo/lang/compiler/substitute_identifiers.py:38: in visit_ExprIdentifier
    val = self.get_identifier_callback(expr)
../../../warp_dev/lib/python3.7/site-packages/cairo_lang-0.6.2-py3.7.egg/starkware/cairo/lang/compiler/preprocessor/preprocessor.py:2185: in get_variable
    identifier_definition = self.search_identifier(var.name, var.location)
../../../warp_dev/lib/python3.7/site-packages/cairo_lang-0.6.2-py3.7.egg/starkware/cairo/lang/compiler/preprocessor/preprocessor.py:368: in search_identifier
    raise PreprocessorError(str(exc), location=location)
E   starkware.cairo.lang.compiler.preprocessor.preprocessor_error.PreprocessorError: /home/greg/dev/nethermind/warp/warp/cairo-src/evm/hashing.cairo:14:20: While trying to retrieve the implicit argument 'bitwise_ptr' in:
E       let (memval) = array_create_from_memory(offset, size)
E                      ^************************************^
E   /home/greg/dev/nethermind/warp/warp/cairo-src/evm/array.cairo:16:53: Unknown identifier 'bitwise_ptr'.
E           memory_dict : DictAccess*, range_check_ptr, bitwise_ptr : BitwiseBuiltin*}(
E                                                       ^***************************^
------------------------------------------------------------------------------------------------------------------- Captured stdout call -------------------------------------------------------------------------------------------------------------------
{'callData': '0xe2179b8e', 'expectations': '0x0000000000000000000000000000000000000000000000000000000000000078', 'failure': False, 'signature': 'g()'}
_______________________________________ test_semantics[/home/greg/dev/nethermind/warp/tests/semantic/solidity/test/libsolidity/semanticTests/viaYul/array_memory_allocation/array_2d_zeroed_memory_index_access.sol] _______________________________________
../../../warp_dev/lib/python3.7/site-packages/cairo_lang-0.6.2-py3.7.egg/starkware/cairo/lang/compiler/preprocessor/preprocessor.py:365: in search_identifier
    result = self.identifiers.search(self.accessible_scopes, ScopedName.from_string(name))
../../../warp_dev/lib/python3.7/site-packages/cairo_lang-0.6.2-py3.7.egg/starkware/cairo/lang/compiler/identifier_manager.py:225: in search
    res = self._search(accessible_scopes=accessible_scopes, name=name, get_scope=False)
../../../warp_dev/lib/python3.7/site-packages/cairo_lang-0.6.2-py3.7.egg/starkware/cairo/lang/compiler/identifier_manager.py:217: in _search
    raise MissingIdentifierError(name[:1])
E   starkware.cairo.lang.compiler.identifier_manager.MissingIdentifierError: Unknown identifier 'bitwise_ptr'.

During handling of the above exception, another exception occurred:
tests/semantic/test_semantics.py:135: in test_semantics
    contract_definition = await starknet_compile(cairo_file_path)
tests/semantic/test_semantics.py:71: in starknet_compile
    [contract_file], debug_info=True, cairo_path=[cairo_path]
../../../warp_dev/lib/python3.7/site-packages/cairo_lang-0.6.2-py3.7.egg/starkware/starknet/compiler/compile.py:107: in compile_starknet_files
    cairo_path=cairo_path,
../../../warp_dev/lib/python3.7/site-packages/cairo_lang-0.6.2-py3.7.egg/starkware/starknet/compiler/compile.py:128: in compile_starknet_codes
    code=codes, debug_info=debug_info, pass_manager=pass_manager
../../../warp_dev/lib/python3.7/site-packages/cairo_lang-0.6.2-py3.7.egg/starkware/cairo/lang/compiler/cairo_compile.py:230: in compile_cairo_ex
    codes=codes_with_filenames, pass_manager=pass_manager, main_scope=main_scope
../../../warp_dev/lib/python3.7/site-packages/cairo_lang-0.6.2-py3.7.egg/starkware/cairo/lang/compiler/preprocessor/preprocess_codes.py:24: in preprocess_codes
    pass_manager.run(context)
../../../warp_dev/lib/python3.7/site-packages/cairo_lang-0.6.2-py3.7.egg/starkware/cairo/lang/compiler/preprocessor/pass_manager.py:53: in run
    stage.run(context)
../../../warp_dev/lib/python3.7/site-packages/cairo_lang-0.6.2-py3.7.egg/starkware/cairo/lang/compiler/preprocessor/default_pass_manager.py:89: in run
    preprocessor.visit(module)
../../../warp_dev/lib/python3.7/site-packages/cairo_lang-0.6.2-py3.7.egg/starkware/cairo/lang/compiler/ast/visitor.py:40: in visit
    return getattr(self, f"visit_{type(obj).__name__}", self._visit_default)(obj)
../../../warp_dev/lib/python3.7/site-packages/cairo_lang-0.6.2-py3.7.egg/starkware/cairo/lang/compiler/preprocessor/preprocessor.py:427: in visit_CairoModule
    super().visit_CairoModule(module)
../../../warp_dev/lib/python3.7/site-packages/cairo_lang-0.6.2-py3.7.egg/starkware/cairo/lang/compiler/ast/visitor.py:63: in visit_CairoModule
    cairo_file=CairoFile(code_block=self.visit(module.cairo_file.code_block)),
../../../warp_dev/lib/python3.7/site-packages/cairo_lang-0.6.2-py3.7.egg/starkware/cairo/lang/compiler/ast/visitor.py:40: in visit
    return getattr(self, f"visit_{type(obj).__name__}", self._visit_default)(obj)
../../../warp_dev/lib/python3.7/site-packages/cairo_lang-0.6.2-py3.7.egg/starkware/cairo/lang/compiler/preprocessor/preprocessor.py:415: in visit_CodeBlock
    self.visit_uncommented_code_block([x.code_elm for x in code_block.code_elements])
../../../warp_dev/lib/python3.7/site-packages/cairo_lang-0.6.2-py3.7.egg/starkware/cairo/lang/compiler/preprocessor/preprocessor.py:397: in visit_uncommented_code_block
    self.visit(elm)
../../../warp_dev/lib/python3.7/site-packages/cairo_lang-0.6.2-py3.7.egg/starkware/cairo/lang/compiler/ast/visitor.py:40: in visit
    return getattr(self, f"visit_{type(obj).__name__}", self._visit_default)(obj)
../../../warp_dev/lib/python3.7/site-packages/cairo_lang-0.6.2-py3.7.egg/starkware/starknet/compiler/starknet_preprocessor.py:172: in visit_CodeElementFunction
    super().visit_CodeElementFunction(elm)
../../../warp_dev/lib/python3.7/site-packages/cairo_lang-0.6.2-py3.7.egg/starkware/cairo/lang/compiler/preprocessor/preprocessor.py:615: in visit_CodeElementFunction
    code_block=elm.code_block, location=elm.identifier.location
../../../warp_dev/lib/python3.7/site-packages/cairo_lang-0.6.2-py3.7.egg/starkware/cairo/lang/compiler/preprocessor/preprocessor.py:671: in visit_function_body_with_retries
    self.visit_uncommented_code_block(code_elements)
../../../warp_dev/lib/python3.7/site-packages/cairo_lang-0.6.2-py3.7.egg/starkware/cairo/lang/compiler/preprocessor/preprocessor.py:397: in visit_uncommented_code_block
    self.visit(elm)
../../../warp_dev/lib/python3.7/site-packages/cairo_lang-0.6.2-py3.7.egg/starkware/cairo/lang/compiler/ast/visitor.py:40: in visit
    return getattr(self, f"visit_{type(obj).__name__}", self._visit_default)(obj)
../../../warp_dev/lib/python3.7/site-packages/cairo_lang-0.6.2-py3.7.egg/starkware/cairo/lang/compiler/preprocessor/preprocessor.py:1757: in visit_CodeElementUnpackBinding
    self.visit(CodeElementFuncCall(func_call=elm.rvalue))
../../../warp_dev/lib/python3.7/site-packages/cairo_lang-0.6.2-py3.7.egg/starkware/cairo/lang/compiler/ast/visitor.py:40: in visit
    return getattr(self, f"visit_{type(obj).__name__}", self._visit_default)(obj)
../../../warp_dev/lib/python3.7/site-packages/cairo_lang-0.6.2-py3.7.egg/starkware/cairo/lang/compiler/preprocessor/preprocessor.py:1616: in visit_CodeElementFuncCall
    location=elm.func_call.location,
../../../warp_dev/lib/python3.7/site-packages/cairo_lang-0.6.2-py3.7.egg/starkware/cairo/lang/compiler/preprocessor/preprocessor.py:1391: in push_arguments
    location=location,
../../../warp_dev/lib/python3.7/site-packages/cairo_lang-0.6.2-py3.7.egg/starkware/cairo/lang/compiler/preprocessor/preprocessor.py:1314: in process_implicit_arguments
    felt_expr_list = self.simplify_expr_to_felt_expr_list(expr, member_def.cairo_type)
../../../warp_dev/lib/python3.7/site-packages/cairo_lang-0.6.2-py3.7.egg/starkware/cairo/lang/compiler/preprocessor/preprocessor.py:2083: in simplify_expr_to_felt_expr_list
    expr, expr_type = self.simplify_expr(expr)
../../../warp_dev/lib/python3.7/site-packages/cairo_lang-0.6.2-py3.7.egg/starkware/cairo/lang/compiler/preprocessor/preprocessor.py:2054: in simplify_expr
    resolve_type_callback=self.resolve_type,
../../../warp_dev/lib/python3.7/site-packages/cairo_lang-0.6.2-py3.7.egg/starkware/cairo/lang/compiler/substitute_identifiers.py:113: in substitute_identifiers
    ).visit(expr)
../../../warp_dev/lib/python3.7/site-packages/cairo_lang-0.6.2-py3.7.egg/starkware/cairo/lang/compiler/expression_transformer.py:47: in visit
    return getattr(self, funcname)(expr)
../../../warp_dev/lib/python3.7/site-packages/cairo_lang-0.6.2-py3.7.egg/starkware/cairo/lang/compiler/substitute_identifiers.py:38: in visit_ExprIdentifier
    val = self.get_identifier_callback(expr)
../../../warp_dev/lib/python3.7/site-packages/cairo_lang-0.6.2-py3.7.egg/starkware/cairo/lang/compiler/preprocessor/preprocessor.py:2185: in get_variable
    identifier_definition = self.search_identifier(var.name, var.location)
../../../warp_dev/lib/python3.7/site-packages/cairo_lang-0.6.2-py3.7.egg/starkware/cairo/lang/compiler/preprocessor/preprocessor.py:368: in search_identifier
    raise PreprocessorError(str(exc), location=location)
E   starkware.cairo.lang.compiler.preprocessor.preprocessor_error.PreprocessorError: /home/greg/dev/nethermind/warp/warp/cairo-src/evm/hashing.cairo:14:20: While trying to retrieve the implicit argument 'bitwise_ptr' in:
E       let (memval) = array_create_from_memory(offset, size)
E                      ^************************************^
E   /home/greg/dev/nethermind/warp/warp/cairo-src/evm/array.cairo:16:53: Unknown identifier 'bitwise_ptr'.
E           memory_dict : DictAccess*, range_check_ptr, bitwise_ptr : BitwiseBuiltin*}(
E                                                       ^***************************^
------------------------------------------------------------------------------------------------------------------- Captured stdout call -------------------------------------------------------------------------------------------------------------------
{'callData': '0x26121ff0', 'expectations': '0x0000000000000000000000000000000000000000000000000000000000000078', 'failure': False, 'signature': 'f()'}
----------------------------------------------------------------------------------------------------------------- Captured stderr teardown -----------------------------------------------------------------------------------------------------------------
Warning: SPDX license identifier not provided in source file. Before publishing, consider adding a comment containing "SPDX-License-Identifier: <SPDX-License>" to each source file. Use "SPDX-License-Identifier: UNLICENSED" for non-open-source code. Please see https://spdx.org for more information.
--> tests/semantic/solidity/test/libsolidity/semanticTests/viaYul/array_memory_allocation/array_array_static_marked.sol

Warning: SPDX license identifier not provided in source file. Before publishing, consider adding a comment containing "SPDX-License-Identifier: <SPDX-License>" to each source file. Use "SPDX-License-Identifier: UNLICENSED" for non-open-source code. Please see https://spdx.org for more information.
--> tests/semantic/solidity/test/libsolidity/semanticTests/viaYul/loops/continue_marked.sol

Warning: Unreachable code.
 --> tests/semantic/solidity/test/libsolidity/semanticTests/viaYul/loops/continue_marked.sol:8:13:
  |
8 |             x = x + x;
  |             ^^^^^^^^^

Warning: Unreachable code.
  --> tests/semantic/solidity/test/libsolidity/semanticTests/viaYul/loops/continue_marked.sol:18:13:
   |
18 |             x = x + x;
   |             ^^^^^^^^^

Warning: Unreachable code.
  --> tests/semantic/solidity/test/libsolidity/semanticTests/viaYul/loops/continue_marked.sol:28:13:
   |
28 |             x = x + x;
   |             ^^^^^^^^^

Warning: Function state mutability can be restricted to pure
 --> tests/semantic/solidity/test/libsolidity/semanticTests/viaYul/loops/continue_marked.sol:3:5:
  |
3 |     function f() public returns (uint x) {
  |     ^ (Relevant source part starts here and spans across multiple lines).

Warning: Function state mutability can be restricted to pure
  --> tests/semantic/solidity/test/libsolidity/semanticTests/viaYul/loops/continue_marked.sol:12:5:
   |
12 |     function g() public returns (uint x) {
   |     ^ (Relevant source part starts here and spans across multiple lines).

Warning: Function state mutability can be restricted to pure
  --> tests/semantic/solidity/test/libsolidity/semanticTests/viaYul/loops/continue_marked.sol:22:5:
   |
22 |     function h() public returns (uint x) {
   |     ^ (Relevant source part starts here and spans across multiple lines).

_____________________________________________________________ test_semantics[/home/greg/dev/nethermind/warp/tests/semantic/solidity/test/libsolidity/semanticTests/strings/return_string.sol] ______________________________________________________________
tests/semantic/test_semantics.py:123: in test_semantics
    constructor_args, contract_expectations = get_expectations(contract_file)
tests/semantic/test_semantics.py:102: in get_expectations
    expectations = test_calldata[contract_path]
E   KeyError: './scripts/../test/libsolidity/semanticTests/strings/return_string.sol'
_____________________________________ test_semantics[/home/greg/dev/nethermind/warp/tests/semantic/solidity/test/libsolidity/semanticTests/viaYul/array_memory_allocation/array_static_zeroed_memory_index_access.sol] _____________________________________
../../../warp_dev/lib/python3.7/site-packages/cairo_lang-0.6.2-py3.7.egg/starkware/cairo/lang/compiler/preprocessor/preprocessor.py:365: in search_identifier
    result = self.identifiers.search(self.accessible_scopes, ScopedName.from_string(name))
../../../warp_dev/lib/python3.7/site-packages/cairo_lang-0.6.2-py3.7.egg/starkware/cairo/lang/compiler/identifier_manager.py:225: in search
    res = self._search(accessible_scopes=accessible_scopes, name=name, get_scope=False)
../../../warp_dev/lib/python3.7/site-packages/cairo_lang-0.6.2-py3.7.egg/starkware/cairo/lang/compiler/identifier_manager.py:217: in _search
    raise MissingIdentifierError(name[:1])
E   starkware.cairo.lang.compiler.identifier_manager.MissingIdentifierError: Unknown identifier 'bitwise_ptr'.

During handling of the above exception, another exception occurred:
tests/semantic/test_semantics.py:135: in test_semantics
    contract_definition = await starknet_compile(cairo_file_path)
tests/semantic/test_semantics.py:71: in starknet_compile
    [contract_file], debug_info=True, cairo_path=[cairo_path]
../../../warp_dev/lib/python3.7/site-packages/cairo_lang-0.6.2-py3.7.egg/starkware/starknet/compiler/compile.py:107: in compile_starknet_files
    cairo_path=cairo_path,
../../../warp_dev/lib/python3.7/site-packages/cairo_lang-0.6.2-py3.7.egg/starkware/starknet/compiler/compile.py:128: in compile_starknet_codes
    code=codes, debug_info=debug_info, pass_manager=pass_manager
../../../warp_dev/lib/python3.7/site-packages/cairo_lang-0.6.2-py3.7.egg/starkware/cairo/lang/compiler/cairo_compile.py:230: in compile_cairo_ex
    codes=codes_with_filenames, pass_manager=pass_manager, main_scope=main_scope
../../../warp_dev/lib/python3.7/site-packages/cairo_lang-0.6.2-py3.7.egg/starkware/cairo/lang/compiler/preprocessor/preprocess_codes.py:24: in preprocess_codes
    pass_manager.run(context)
../../../warp_dev/lib/python3.7/site-packages/cairo_lang-0.6.2-py3.7.egg/starkware/cairo/lang/compiler/preprocessor/pass_manager.py:53: in run
    stage.run(context)
../../../warp_dev/lib/python3.7/site-packages/cairo_lang-0.6.2-py3.7.egg/starkware/cairo/lang/compiler/preprocessor/default_pass_manager.py:89: in run
    preprocessor.visit(module)
../../../warp_dev/lib/python3.7/site-packages/cairo_lang-0.6.2-py3.7.egg/starkware/cairo/lang/compiler/ast/visitor.py:40: in visit
    return getattr(self, f"visit_{type(obj).__name__}", self._visit_default)(obj)
../../../warp_dev/lib/python3.7/site-packages/cairo_lang-0.6.2-py3.7.egg/starkware/cairo/lang/compiler/preprocessor/preprocessor.py:427: in visit_CairoModule
    super().visit_CairoModule(module)
../../../warp_dev/lib/python3.7/site-packages/cairo_lang-0.6.2-py3.7.egg/starkware/cairo/lang/compiler/ast/visitor.py:63: in visit_CairoModule
    cairo_file=CairoFile(code_block=self.visit(module.cairo_file.code_block)),
../../../warp_dev/lib/python3.7/site-packages/cairo_lang-0.6.2-py3.7.egg/starkware/cairo/lang/compiler/ast/visitor.py:40: in visit
    return getattr(self, f"visit_{type(obj).__name__}", self._visit_default)(obj)
../../../warp_dev/lib/python3.7/site-packages/cairo_lang-0.6.2-py3.7.egg/starkware/cairo/lang/compiler/preprocessor/preprocessor.py:415: in visit_CodeBlock
    self.visit_uncommented_code_block([x.code_elm for x in code_block.code_elements])
../../../warp_dev/lib/python3.7/site-packages/cairo_lang-0.6.2-py3.7.egg/starkware/cairo/lang/compiler/preprocessor/preprocessor.py:397: in visit_uncommented_code_block
    self.visit(elm)
../../../warp_dev/lib/python3.7/site-packages/cairo_lang-0.6.2-py3.7.egg/starkware/cairo/lang/compiler/ast/visitor.py:40: in visit
    return getattr(self, f"visit_{type(obj).__name__}", self._visit_default)(obj)
../../../warp_dev/lib/python3.7/site-packages/cairo_lang-0.6.2-py3.7.egg/starkware/starknet/compiler/starknet_preprocessor.py:172: in visit_CodeElementFunction
    super().visit_CodeElementFunction(elm)
../../../warp_dev/lib/python3.7/site-packages/cairo_lang-0.6.2-py3.7.egg/starkware/cairo/lang/compiler/preprocessor/preprocessor.py:615: in visit_CodeElementFunction
    code_block=elm.code_block, location=elm.identifier.location
../../../warp_dev/lib/python3.7/site-packages/cairo_lang-0.6.2-py3.7.egg/starkware/cairo/lang/compiler/preprocessor/preprocessor.py:671: in visit_function_body_with_retries
    self.visit_uncommented_code_block(code_elements)
../../../warp_dev/lib/python3.7/site-packages/cairo_lang-0.6.2-py3.7.egg/starkware/cairo/lang/compiler/preprocessor/preprocessor.py:397: in visit_uncommented_code_block
    self.visit(elm)
../../../warp_dev/lib/python3.7/site-packages/cairo_lang-0.6.2-py3.7.egg/starkware/cairo/lang/compiler/ast/visitor.py:40: in visit
    return getattr(self, f"visit_{type(obj).__name__}", self._visit_default)(obj)
../../../warp_dev/lib/python3.7/site-packages/cairo_lang-0.6.2-py3.7.egg/starkware/cairo/lang/compiler/preprocessor/preprocessor.py:1757: in visit_CodeElementUnpackBinding
    self.visit(CodeElementFuncCall(func_call=elm.rvalue))
../../../warp_dev/lib/python3.7/site-packages/cairo_lang-0.6.2-py3.7.egg/starkware/cairo/lang/compiler/ast/visitor.py:40: in visit
    return getattr(self, f"visit_{type(obj).__name__}", self._visit_default)(obj)
../../../warp_dev/lib/python3.7/site-packages/cairo_lang-0.6.2-py3.7.egg/starkware/cairo/lang/compiler/preprocessor/preprocessor.py:1616: in visit_CodeElementFuncCall
    location=elm.func_call.location,
../../../warp_dev/lib/python3.7/site-packages/cairo_lang-0.6.2-py3.7.egg/starkware/cairo/lang/compiler/preprocessor/preprocessor.py:1391: in push_arguments
    location=location,
../../../warp_dev/lib/python3.7/site-packages/cairo_lang-0.6.2-py3.7.egg/starkware/cairo/lang/compiler/preprocessor/preprocessor.py:1314: in process_implicit_arguments
    felt_expr_list = self.simplify_expr_to_felt_expr_list(expr, member_def.cairo_type)
../../../warp_dev/lib/python3.7/site-packages/cairo_lang-0.6.2-py3.7.egg/starkware/cairo/lang/compiler/preprocessor/preprocessor.py:2083: in simplify_expr_to_felt_expr_list
    expr, expr_type = self.simplify_expr(expr)
../../../warp_dev/lib/python3.7/site-packages/cairo_lang-0.6.2-py3.7.egg/starkware/cairo/lang/compiler/preprocessor/preprocessor.py:2054: in simplify_expr
    resolve_type_callback=self.resolve_type,
../../../warp_dev/lib/python3.7/site-packages/cairo_lang-0.6.2-py3.7.egg/starkware/cairo/lang/compiler/substitute_identifiers.py:113: in substitute_identifiers
    ).visit(expr)
../../../warp_dev/lib/python3.7/site-packages/cairo_lang-0.6.2-py3.7.egg/starkware/cairo/lang/compiler/expression_transformer.py:47: in visit
    return getattr(self, funcname)(expr)
../../../warp_dev/lib/python3.7/site-packages/cairo_lang-0.6.2-py3.7.egg/starkware/cairo/lang/compiler/substitute_identifiers.py:38: in visit_ExprIdentifier
    val = self.get_identifier_callback(expr)
../../../warp_dev/lib/python3.7/site-packages/cairo_lang-0.6.2-py3.7.egg/starkware/cairo/lang/compiler/preprocessor/preprocessor.py:2185: in get_variable
    identifier_definition = self.search_identifier(var.name, var.location)
../../../warp_dev/lib/python3.7/site-packages/cairo_lang-0.6.2-py3.7.egg/starkware/cairo/lang/compiler/preprocessor/preprocessor.py:368: in search_identifier
    raise PreprocessorError(str(exc), location=location)
E   starkware.cairo.lang.compiler.preprocessor.preprocessor_error.PreprocessorError: /home/greg/dev/nethermind/warp/warp/cairo-src/evm/hashing.cairo:14:20: While trying to retrieve the implicit argument 'bitwise_ptr' in:
E       let (memval) = array_create_from_memory(offset, size)
E                      ^************************************^
E   /home/greg/dev/nethermind/warp/warp/cairo-src/evm/array.cairo:16:53: Unknown identifier 'bitwise_ptr'.
E           memory_dict : DictAccess*, range_check_ptr, bitwise_ptr : BitwiseBuiltin*}(
E                                                       ^***************************^
------------------------------------------------------------------------------------------------------------------- Captured stderr call -------------------------------------------------------------------------------------------------------------------
Warning: SPDX license identifier not provided in source file. Before publishing, consider adding a comment containing "SPDX-License-Identifier: <SPDX-License>" to each source file. Use "SPDX-License-Identifier: UNLICENSED" for non-open-source code. Please see https://spdx.org for more information.
--> tests/semantic/solidity/test/libsolidity/semanticTests/viaYul/loops/break_marked.sol

Warning: Unreachable code.
 --> tests/semantic/solidity/test/libsolidity/semanticTests/viaYul/loops/break_marked.sol:5:34:
  |
5 |         for (uint a = 0; a < 10; a = a + 1) {
  |                                  ^^^^^^^^^

Warning: Unreachable code.
  --> tests/semantic/solidity/test/libsolidity/semanticTests/viaYul/loops/break_marked.sol:16:13:
   |
16 |             a = a + 1;
   |             ^^^^^^^^^

Warning: Unreachable code.
  --> tests/semantic/solidity/test/libsolidity/semanticTests/viaYul/loops/break_marked.sol:24:18:
   |
24 |         } while (x < 3);
   |                  ^^^^^

Warning: Function state mutability can be restricted to pure
 --> tests/semantic/solidity/test/libsolidity/semanticTests/viaYul/loops/break_marked.sol:3:5:
  |
3 |     function f() public returns (uint x) {
  |     ^ (Relevant source part starts here and spans across multiple lines).

Warning: Function state mutability can be restricted to pure
  --> tests/semantic/solidity/test/libsolidity/semanticTests/viaYul/loops/break_marked.sol:10:5:
   |
10 |     function g() public returns (uint x) {
   |     ^ (Relevant source part starts here and spans across multiple lines).

Warning: Function state mutability can be restricted to pure
  --> tests/semantic/solidity/test/libsolidity/semanticTests/viaYul/loops/break_marked.sol:19:5:
   |
19 |     function h() public returns (uint x) {
   |     ^ (Relevant source part starts here and spans across multiple lines).

----------------------------------------------------------------------------------------------------------------- Captured stdout teardown -----------------------------------------------------------------------------------------------------------------
{'callData': '0x26121ff0', 'expectations': '0x0000000000000000000000000000000000000000000000000000000000000078', 'failure': False, 'signature': 'f()'}
----------------------------------------------------------------------------------------------------------------- Captured stderr teardown -----------------------------------------------------------------------------------------------------------------
Warning: SPDX license identifier not provided in source file. Before publishing, consider adding a comment containing "SPDX-License-Identifier: <SPDX-License>" to each source file. Use "SPDX-License-Identifier: UNLICENSED" for non-open-source code. Please see https://spdx.org for more information.
--> tests/semantic/solidity/test/libsolidity/semanticTests/viaYul/loops/simple_marked.sol

Warning: Function state mutability can be restricted to pure
 --> tests/semantic/solidity/test/libsolidity/semanticTests/viaYul/loops/simple_marked.sol:3:5:
  |
3 |     function f() public returns (uint x) {
  |     ^ (Relevant source part starts here and spans across multiple lines).

Warning: Function state mutability can be restricted to pure
 --> tests/semantic/solidity/test/libsolidity/semanticTests/viaYul/loops/simple_marked.sol:9:5:
  |
9 |     function g() public returns (uint x) {
  |     ^ (Relevant source part starts here and spans across multiple lines).

Warning: Function state mutability can be restricted to pure
  --> tests/semantic/solidity/test/libsolidity/semanticTests/viaYul/loops/simple_marked.sol:17:5:
   |
17 |     function h() public returns (uint x) {
   |     ^ (Relevant source part starts here and spans across multiple lines).

Warning: Function state mutability can be restricted to pure
  --> tests/semantic/solidity/test/libsolidity/semanticTests/viaYul/loops/simple_marked.sol:23:5:
   |
23 |     function i() public returns (uint x) {
   |     ^ (Relevant source part starts here and spans across multiple lines).

Warning: Function state mutability can be restricted to pure
  --> tests/semantic/solidity/test/libsolidity/semanticTests/viaYul/loops/simple_marked.sol:29:5:
   |
29 |     function j() public {
   |     ^ (Relevant source part starts here and spans across multiple lines).

______________________________________________________________ test_semantics[/home/greg/dev/nethermind/warp/tests/semantic/solidity/test/libsolidity/semanticTests/viaYul/loops/return.sol] _______________________________________________________________
tests/semantic/test_semantics.py:126: in test_semantics
    contract_file, get_last_contract(contract_file)
../../../warp_dev/lib/python3.7/site-packages/sol_warp-0.2.12-py3.7.egg/yul/main.py:55: in transpile_from_solidity
    cairo_code = transpile_from_yul(yul_ast)
../../../warp_dev/lib/python3.7/site-packages/sol_warp-0.2.12-py3.7.egg/yul/main.py:80: in transpile_from_yul
    yul_ast = DeadcodeEliminator().map(yul_ast)
../../../warp_dev/lib/python3.7/site-packages/sol_warp-0.2.12-py3.7.egg/yul/DeadcodeEliminator.py:29: in map
    assert not vs, "There should be no uninstantiated variables in the top scope."
E   AssertionError: There should be no uninstantiated variables in the top scope.
------------------------------------------------------------------------------------------------------------------- Captured stderr call -------------------------------------------------------------------------------------------------------------------
Warning: SPDX license identifier not provided in source file. Before publishing, consider adding a comment containing "SPDX-License-Identifier: <SPDX-License>" to each source file. Use "SPDX-License-Identifier: UNLICENSED" for non-open-source code. Please see https://spdx.org for more information.
--> tests/semantic/solidity/test/libsolidity/semanticTests/viaYul/loops/return_marked.sol

Warning: Unreachable code.
 --> tests/semantic/solidity/test/libsolidity/semanticTests/viaYul/loops/return_marked.sol:6:24:
  |
6 |         for (; a < 10; a = a + 1) {
  |                        ^^^^^^^^^

Warning: Unreachable code.
 --> tests/semantic/solidity/test/libsolidity/semanticTests/viaYul/loops/return_marked.sol:8:13:
  |
8 |             x = x + x;
  |             ^^^^^^^^^

Warning: Unreachable code.
  --> tests/semantic/solidity/test/libsolidity/semanticTests/viaYul/loops/return_marked.sol:17:13:
   |
17 |             x = x + x;
   |             ^ (Relevant source part starts here and spans across multiple lines).

Warning: Unreachable code.
  --> tests/semantic/solidity/test/libsolidity/semanticTests/viaYul/loops/return_marked.sol:27:18:
   |
27 |         } while (x < 3);
   |                  ^^^^^

Warning: Function state mutability can be restricted to pure
 --> tests/semantic/solidity/test/libsolidity/semanticTests/viaYul/loops/return_marked.sol:3:5:
  |
3 |     function f() public returns (uint x) {
  |     ^ (Relevant source part starts here and spans across multiple lines).

Warning: Function state mutability can be restricted to pure
  --> tests/semantic/solidity/test/libsolidity/semanticTests/viaYul/loops/return_marked.sol:12:5:
   |
12 |     function g() public returns (uint x) {
   |     ^ (Relevant source part starts here and spans across multiple lines).

Warning: Function state mutability can be restricted to pure
  --> tests/semantic/solidity/test/libsolidity/semanticTests/viaYul/loops/return_marked.sol:22:5:
   |
22 |     function h() public returns (uint x) {
   |     ^ (Relevant source part starts here and spans across multiple lines).

______________________________ test_semantics[/home/greg/dev/nethermind/warp/tests/semantic/solidity/test/libsolidity/semanticTests/viaYul/array_memory_allocation/array_static_return_param_zeroed_memory_index_access.sol] _______________________________
../../../warp_dev/lib/python3.7/site-packages/cairo_lang-0.6.2-py3.7.egg/starkware/cairo/lang/compiler/preprocessor/preprocessor.py:365: in search_identifier
    result = self.identifiers.search(self.accessible_scopes, ScopedName.from_string(name))
../../../warp_dev/lib/python3.7/site-packages/cairo_lang-0.6.2-py3.7.egg/starkware/cairo/lang/compiler/identifier_manager.py:225: in search
    res = self._search(accessible_scopes=accessible_scopes, name=name, get_scope=False)
../../../warp_dev/lib/python3.7/site-packages/cairo_lang-0.6.2-py3.7.egg/starkware/cairo/lang/compiler/identifier_manager.py:217: in _search
    raise MissingIdentifierError(name[:1])
E   starkware.cairo.lang.compiler.identifier_manager.MissingIdentifierError: Unknown identifier 'bitwise_ptr'.

During handling of the above exception, another exception occurred:
tests/semantic/test_semantics.py:135: in test_semantics
    contract_definition = await starknet_compile(cairo_file_path)
tests/semantic/test_semantics.py:71: in starknet_compile
    [contract_file], debug_info=True, cairo_path=[cairo_path]
../../../warp_dev/lib/python3.7/site-packages/cairo_lang-0.6.2-py3.7.egg/starkware/starknet/compiler/compile.py:107: in compile_starknet_files
    cairo_path=cairo_path,
../../../warp_dev/lib/python3.7/site-packages/cairo_lang-0.6.2-py3.7.egg/starkware/starknet/compiler/compile.py:128: in compile_starknet_codes
    code=codes, debug_info=debug_info, pass_manager=pass_manager
../../../warp_dev/lib/python3.7/site-packages/cairo_lang-0.6.2-py3.7.egg/starkware/cairo/lang/compiler/cairo_compile.py:230: in compile_cairo_ex
    codes=codes_with_filenames, pass_manager=pass_manager, main_scope=main_scope
../../../warp_dev/lib/python3.7/site-packages/cairo_lang-0.6.2-py3.7.egg/starkware/cairo/lang/compiler/preprocessor/preprocess_codes.py:24: in preprocess_codes
    pass_manager.run(context)
../../../warp_dev/lib/python3.7/site-packages/cairo_lang-0.6.2-py3.7.egg/starkware/cairo/lang/compiler/preprocessor/pass_manager.py:53: in run
    stage.run(context)
../../../warp_dev/lib/python3.7/site-packages/cairo_lang-0.6.2-py3.7.egg/starkware/cairo/lang/compiler/preprocessor/default_pass_manager.py:89: in run
    preprocessor.visit(module)
../../../warp_dev/lib/python3.7/site-packages/cairo_lang-0.6.2-py3.7.egg/starkware/cairo/lang/compiler/ast/visitor.py:40: in visit
    return getattr(self, f"visit_{type(obj).__name__}", self._visit_default)(obj)
../../../warp_dev/lib/python3.7/site-packages/cairo_lang-0.6.2-py3.7.egg/starkware/cairo/lang/compiler/preprocessor/preprocessor.py:427: in visit_CairoModule
    super().visit_CairoModule(module)
../../../warp_dev/lib/python3.7/site-packages/cairo_lang-0.6.2-py3.7.egg/starkware/cairo/lang/compiler/ast/visitor.py:63: in visit_CairoModule
    cairo_file=CairoFile(code_block=self.visit(module.cairo_file.code_block)),
../../../warp_dev/lib/python3.7/site-packages/cairo_lang-0.6.2-py3.7.egg/starkware/cairo/lang/compiler/ast/visitor.py:40: in visit
    return getattr(self, f"visit_{type(obj).__name__}", self._visit_default)(obj)
../../../warp_dev/lib/python3.7/site-packages/cairo_lang-0.6.2-py3.7.egg/starkware/cairo/lang/compiler/preprocessor/preprocessor.py:415: in visit_CodeBlock
    self.visit_uncommented_code_block([x.code_elm for x in code_block.code_elements])
../../../warp_dev/lib/python3.7/site-packages/cairo_lang-0.6.2-py3.7.egg/starkware/cairo/lang/compiler/preprocessor/preprocessor.py:397: in visit_uncommented_code_block
    self.visit(elm)
../../../warp_dev/lib/python3.7/site-packages/cairo_lang-0.6.2-py3.7.egg/starkware/cairo/lang/compiler/ast/visitor.py:40: in visit
    return getattr(self, f"visit_{type(obj).__name__}", self._visit_default)(obj)
../../../warp_dev/lib/python3.7/site-packages/cairo_lang-0.6.2-py3.7.egg/starkware/starknet/compiler/starknet_preprocessor.py:172: in visit_CodeElementFunction
    super().visit_CodeElementFunction(elm)
../../../warp_dev/lib/python3.7/site-packages/cairo_lang-0.6.2-py3.7.egg/starkware/cairo/lang/compiler/preprocessor/preprocessor.py:615: in visit_CodeElementFunction
    code_block=elm.code_block, location=elm.identifier.location
../../../warp_dev/lib/python3.7/site-packages/cairo_lang-0.6.2-py3.7.egg/starkware/cairo/lang/compiler/preprocessor/preprocessor.py:671: in visit_function_body_with_retries
    self.visit_uncommented_code_block(code_elements)
../../../warp_dev/lib/python3.7/site-packages/cairo_lang-0.6.2-py3.7.egg/starkware/cairo/lang/compiler/preprocessor/preprocessor.py:397: in visit_uncommented_code_block
    self.visit(elm)
../../../warp_dev/lib/python3.7/site-packages/cairo_lang-0.6.2-py3.7.egg/starkware/cairo/lang/compiler/ast/visitor.py:40: in visit
    return getattr(self, f"visit_{type(obj).__name__}", self._visit_default)(obj)
../../../warp_dev/lib/python3.7/site-packages/cairo_lang-0.6.2-py3.7.egg/starkware/cairo/lang/compiler/preprocessor/preprocessor.py:1757: in visit_CodeElementUnpackBinding
    self.visit(CodeElementFuncCall(func_call=elm.rvalue))
../../../warp_dev/lib/python3.7/site-packages/cairo_lang-0.6.2-py3.7.egg/starkware/cairo/lang/compiler/ast/visitor.py:40: in visit
    return getattr(self, f"visit_{type(obj).__name__}", self._visit_default)(obj)
../../../warp_dev/lib/python3.7/site-packages/cairo_lang-0.6.2-py3.7.egg/starkware/cairo/lang/compiler/preprocessor/preprocessor.py:1616: in visit_CodeElementFuncCall
    location=elm.func_call.location,
../../../warp_dev/lib/python3.7/site-packages/cairo_lang-0.6.2-py3.7.egg/starkware/cairo/lang/compiler/preprocessor/preprocessor.py:1391: in push_arguments
    location=location,
../../../warp_dev/lib/python3.7/site-packages/cairo_lang-0.6.2-py3.7.egg/starkware/cairo/lang/compiler/preprocessor/preprocessor.py:1314: in process_implicit_arguments
    felt_expr_list = self.simplify_expr_to_felt_expr_list(expr, member_def.cairo_type)
../../../warp_dev/lib/python3.7/site-packages/cairo_lang-0.6.2-py3.7.egg/starkware/cairo/lang/compiler/preprocessor/preprocessor.py:2083: in simplify_expr_to_felt_expr_list
    expr, expr_type = self.simplify_expr(expr)
../../../warp_dev/lib/python3.7/site-packages/cairo_lang-0.6.2-py3.7.egg/starkware/cairo/lang/compiler/preprocessor/preprocessor.py:2054: in simplify_expr
    resolve_type_callback=self.resolve_type,
../../../warp_dev/lib/python3.7/site-packages/cairo_lang-0.6.2-py3.7.egg/starkware/cairo/lang/compiler/substitute_identifiers.py:113: in substitute_identifiers
    ).visit(expr)
../../../warp_dev/lib/python3.7/site-packages/cairo_lang-0.6.2-py3.7.egg/starkware/cairo/lang/compiler/expression_transformer.py:47: in visit
    return getattr(self, funcname)(expr)
../../../warp_dev/lib/python3.7/site-packages/cairo_lang-0.6.2-py3.7.egg/starkware/cairo/lang/compiler/substitute_identifiers.py:38: in visit_ExprIdentifier
    val = self.get_identifier_callback(expr)
../../../warp_dev/lib/python3.7/site-packages/cairo_lang-0.6.2-py3.7.egg/starkware/cairo/lang/compiler/preprocessor/preprocessor.py:2185: in get_variable
    identifier_definition = self.search_identifier(var.name, var.location)
../../../warp_dev/lib/python3.7/site-packages/cairo_lang-0.6.2-py3.7.egg/starkware/cairo/lang/compiler/preprocessor/preprocessor.py:368: in search_identifier
    raise PreprocessorError(str(exc), location=location)
E   starkware.cairo.lang.compiler.preprocessor.preprocessor_error.PreprocessorError: /home/greg/dev/nethermind/warp/warp/cairo-src/evm/hashing.cairo:14:20: While trying to retrieve the implicit argument 'bitwise_ptr' in:
E       let (memval) = array_create_from_memory(offset, size)
E                      ^************************************^
E   /home/greg/dev/nethermind/warp/warp/cairo-src/evm/array.cairo:16:53: Unknown identifier 'bitwise_ptr'.
E           memory_dict : DictAccess*, range_check_ptr, bitwise_ptr : BitwiseBuiltin*}(
E                                                       ^***************************^
------------------------------------------------------------------------------------------------------------------- Captured stderr call -------------------------------------------------------------------------------------------------------------------
Warning: SPDX license identifier not provided in source file. Before publishing, consider adding a comment containing "SPDX-License-Identifier: <SPDX-License>" to each source file. Use "SPDX-License-Identifier: UNLICENSED" for non-open-source code. Please see https://spdx.org for more information.
--> tests/semantic/solidity/test/libsolidity/semanticTests/strings/empty_string_input_marked.sol

Warning: This declaration shadows a builtin symbol.
 --> tests/semantic/solidity/test/libsolidity/semanticTests/strings/empty_string_input_marked.sol:6:16:
  |
6 |     function g(string calldata msg) public pure returns (string memory) {
  |                ^^^^^^^^^^^^^^^^^^^

Warning: This declaration shadows a builtin symbol.
 --> tests/semantic/solidity/test/libsolidity/semanticTests/strings/empty_string_input_marked.sol:9:16:
  |
9 |     function h(string calldata msg, uint256 v) public pure returns (string memory, uint256) {
  |                ^^^^^^^^^^^^^^^^^^^

----------------------------------------------------------------------------------------------------------------- Captured stderr teardown -----------------------------------------------------------------------------------------------------------------
Warning: SPDX license identifier not provided in source file. Before publishing, consider adding a comment containing "SPDX-License-Identifier: <SPDX-License>" to each source file. Use "SPDX-License-Identifier: UNLICENSED" for non-open-source code. Please see https://spdx.org for more information.
--> tests/semantic/solidity/test/libsolidity/semanticTests/strings/string_escapes_marked.sol

Warning: SPDX license identifier not provided in source file. Before publishing, consider adding a comment containing "SPDX-License-Identifier: <SPDX-License>" to each source file. Use "SPDX-License-Identifier: UNLICENSED" for non-open-source code. Please see https://spdx.org for more information.
--> tests/semantic/solidity/test/libsolidity/semanticTests/strings/empty_string_marked.sol

________________________________________________________ test_semantics[/home/greg/dev/nethermind/warp/tests/semantic/solidity/test/libsolidity/semanticTests/strings/constant_string_literal.sol] _________________________________________________________
tests/semantic/test_semantics.py:123: in test_semantics
    constructor_args, contract_expectations = get_expectations(contract_file)
tests/semantic/test_semantics.py:102: in get_expectations
    expectations = test_calldata[contract_path]
E   KeyError: './scripts/../test/libsolidity/semanticTests/strings/constant_string_literal.sol'
_____________________________________________________________ test_semantics[/home/greg/dev/nethermind/warp/tests/semantic/solidity/test/libsolidity/semanticTests/viaYul/loops/continue.sol] ______________________________________________________________
../../../warp_dev/lib/python3.7/site-packages/cairo_lang-0.6.2-py3.7.egg/starkware/cairo/lang/compiler/preprocessor/preprocessor.py:2210: in get_variable
    flow_tracking_data=self.flow_tracking.data,
../../../warp_dev/lib/python3.7/site-packages/cairo_lang-0.6.2-py3.7.egg/starkware/cairo/lang/compiler/identifier_definition.py:134: in eval
    reference_manager=reference_manager, name=self.full_name
../../../warp_dev/lib/python3.7/site-packages/cairo_lang-0.6.2-py3.7.egg/starkware/cairo/lang/compiler/preprocessor/flow.py:115: in evaluate_reference
    raise MissingReferenceError(f"Missing reference {name}.")
E   starkware.cairo.lang.compiler.preprocessor.flow.MissingReferenceError: Missing reference __main__.__warp_loop_body_0.var_a.

During handling of the above exception, another exception occurred:
tests/semantic/test_semantics.py:135: in test_semantics
    contract_definition = await starknet_compile(cairo_file_path)
tests/semantic/test_semantics.py:71: in starknet_compile
    [contract_file], debug_info=True, cairo_path=[cairo_path]
../../../warp_dev/lib/python3.7/site-packages/cairo_lang-0.6.2-py3.7.egg/starkware/starknet/compiler/compile.py:107: in compile_starknet_files
    cairo_path=cairo_path,
../../../warp_dev/lib/python3.7/site-packages/cairo_lang-0.6.2-py3.7.egg/starkware/starknet/compiler/compile.py:128: in compile_starknet_codes
    code=codes, debug_info=debug_info, pass_manager=pass_manager
../../../warp_dev/lib/python3.7/site-packages/cairo_lang-0.6.2-py3.7.egg/starkware/cairo/lang/compiler/cairo_compile.py:230: in compile_cairo_ex
    codes=codes_with_filenames, pass_manager=pass_manager, main_scope=main_scope
../../../warp_dev/lib/python3.7/site-packages/cairo_lang-0.6.2-py3.7.egg/starkware/cairo/lang/compiler/preprocessor/preprocess_codes.py:24: in preprocess_codes
    pass_manager.run(context)
../../../warp_dev/lib/python3.7/site-packages/cairo_lang-0.6.2-py3.7.egg/starkware/cairo/lang/compiler/preprocessor/pass_manager.py:53: in run
    stage.run(context)
../../../warp_dev/lib/python3.7/site-packages/cairo_lang-0.6.2-py3.7.egg/starkware/cairo/lang/compiler/preprocessor/default_pass_manager.py:89: in run
    preprocessor.visit(module)
../../../warp_dev/lib/python3.7/site-packages/cairo_lang-0.6.2-py3.7.egg/starkware/cairo/lang/compiler/ast/visitor.py:40: in visit
    return getattr(self, f"visit_{type(obj).__name__}", self._visit_default)(obj)
../../../warp_dev/lib/python3.7/site-packages/cairo_lang-0.6.2-py3.7.egg/starkware/cairo/lang/compiler/preprocessor/preprocessor.py:427: in visit_CairoModule
    super().visit_CairoModule(module)
../../../warp_dev/lib/python3.7/site-packages/cairo_lang-0.6.2-py3.7.egg/starkware/cairo/lang/compiler/ast/visitor.py:63: in visit_CairoModule
    cairo_file=CairoFile(code_block=self.visit(module.cairo_file.code_block)),
../../../warp_dev/lib/python3.7/site-packages/cairo_lang-0.6.2-py3.7.egg/starkware/cairo/lang/compiler/ast/visitor.py:40: in visit
    return getattr(self, f"visit_{type(obj).__name__}", self._visit_default)(obj)
../../../warp_dev/lib/python3.7/site-packages/cairo_lang-0.6.2-py3.7.egg/starkware/cairo/lang/compiler/preprocessor/preprocessor.py:415: in visit_CodeBlock
    self.visit_uncommented_code_block([x.code_elm for x in code_block.code_elements])
../../../warp_dev/lib/python3.7/site-packages/cairo_lang-0.6.2-py3.7.egg/starkware/cairo/lang/compiler/preprocessor/preprocessor.py:397: in visit_uncommented_code_block
    self.visit(elm)
../../../warp_dev/lib/python3.7/site-packages/cairo_lang-0.6.2-py3.7.egg/starkware/cairo/lang/compiler/ast/visitor.py:40: in visit
    return getattr(self, f"visit_{type(obj).__name__}", self._visit_default)(obj)
../../../warp_dev/lib/python3.7/site-packages/cairo_lang-0.6.2-py3.7.egg/starkware/starknet/compiler/starknet_preprocessor.py:172: in visit_CodeElementFunction
    super().visit_CodeElementFunction(elm)
../../../warp_dev/lib/python3.7/site-packages/cairo_lang-0.6.2-py3.7.egg/starkware/cairo/lang/compiler/preprocessor/preprocessor.py:615: in visit_CodeElementFunction
    code_block=elm.code_block, location=elm.identifier.location
../../../warp_dev/lib/python3.7/site-packages/cairo_lang-0.6.2-py3.7.egg/starkware/cairo/lang/compiler/preprocessor/preprocessor.py:671: in visit_function_body_with_retries
    self.visit_uncommented_code_block(code_elements)
../../../warp_dev/lib/python3.7/site-packages/cairo_lang-0.6.2-py3.7.egg/starkware/cairo/lang/compiler/preprocessor/preprocessor.py:397: in visit_uncommented_code_block
    self.visit(elm)
../../../warp_dev/lib/python3.7/site-packages/cairo_lang-0.6.2-py3.7.egg/starkware/cairo/lang/compiler/ast/visitor.py:40: in visit
    return getattr(self, f"visit_{type(obj).__name__}", self._visit_default)(obj)
../../../warp_dev/lib/python3.7/site-packages/cairo_lang-0.6.2-py3.7.egg/starkware/cairo/lang/compiler/preprocessor/preprocessor.py:1757: in visit_CodeElementUnpackBinding
    self.visit(CodeElementFuncCall(func_call=elm.rvalue))
../../../warp_dev/lib/python3.7/site-packages/cairo_lang-0.6.2-py3.7.egg/starkware/cairo/lang/compiler/ast/visitor.py:40: in visit
    return getattr(self, f"visit_{type(obj).__name__}", self._visit_default)(obj)
../../../warp_dev/lib/python3.7/site-packages/cairo_lang-0.6.2-py3.7.egg/starkware/cairo/lang/compiler/preprocessor/preprocessor.py:1616: in visit_CodeElementFuncCall
    location=elm.func_call.location,
../../../warp_dev/lib/python3.7/site-packages/cairo_lang-0.6.2-py3.7.egg/starkware/cairo/lang/compiler/preprocessor/preprocessor.py:1385: in push_arguments
    exprs=arguments, struct_name=struct_name, location=location
../../../warp_dev/lib/python3.7/site-packages/cairo_lang-0.6.2-py3.7.egg/starkware/cairo/lang/compiler/preprocessor/preprocessor.py:1217: in process_expr_assignment_list
    expr_assignment.expr, member_def.cairo_type
../../../warp_dev/lib/python3.7/site-packages/cairo_lang-0.6.2-py3.7.egg/starkware/cairo/lang/compiler/preprocessor/preprocessor.py:2083: in simplify_expr_to_felt_expr_list
    expr, expr_type = self.simplify_expr(expr)
../../../warp_dev/lib/python3.7/site-packages/cairo_lang-0.6.2-py3.7.egg/starkware/cairo/lang/compiler/preprocessor/preprocessor.py:2054: in simplify_expr
    resolve_type_callback=self.resolve_type,
../../../warp_dev/lib/python3.7/site-packages/cairo_lang-0.6.2-py3.7.egg/starkware/cairo/lang/compiler/substitute_identifiers.py:113: in substitute_identifiers
    ).visit(expr)
../../../warp_dev/lib/python3.7/site-packages/cairo_lang-0.6.2-py3.7.egg/starkware/cairo/lang/compiler/expression_transformer.py:47: in visit
    return getattr(self, funcname)(expr)
../../../warp_dev/lib/python3.7/site-packages/cairo_lang-0.6.2-py3.7.egg/starkware/cairo/lang/compiler/substitute_identifiers.py:38: in visit_ExprIdentifier
    val = self.get_identifier_callback(expr)
../../../warp_dev/lib/python3.7/site-packages/cairo_lang-0.6.2-py3.7.egg/starkware/cairo/lang/compiler/preprocessor/preprocessor.py:2232: in get_variable
    f"Reference '{var.name}' was revoked.", location=var.location, notes=exc.notes
E   starkware.cairo.lang.compiler.preprocessor.preprocessor_error.PreprocessorError: /home/greg/dev/nethermind/warp/tests/semantic/solidity/test/libsolidity/semanticTests/viaYul/loops/continue.cairo.temp:82:53: Reference 'var_a' was revoked.
E       let (var_a : Uint256) = checked_add_uint256_277(var_a)
E                                                       ^***^
------------------------------------------------------------------------------------------------------------------- Captured stderr call -------------------------------------------------------------------------------------------------------------------
Warning: SPDX license identifier not provided in source file. Before publishing, consider adding a comment containing "SPDX-License-Identifier: <SPDX-License>" to each source file. Use "SPDX-License-Identifier: UNLICENSED" for non-open-source code. Please see https://spdx.org for more information.
--> tests/semantic/solidity/test/libsolidity/semanticTests/strings/unicode_string_marked.sol

Warning: SPDX license identifier not provided in source file. Before publishing, consider adding a comment containing "SPDX-License-Identifier: <SPDX-License>" to each source file. Use "SPDX-License-Identifier: UNLICENSED" for non-open-source code. Please see https://spdx.org for more information.
--> tests/semantic/solidity/test/libsolidity/semanticTests/strings/unicode_escapes_marked.sol

_______________________________________________ test_semantics[/home/greg/dev/nethermind/warp/tests/semantic/solidity/test/libsolidity/semanticTests/viaYul/array_memory_allocation/array_array_static.sol] ________________________________________________
../../../warp_dev/lib/python3.7/site-packages/cairo_lang-0.6.2-py3.7.egg/starkware/cairo/lang/compiler/preprocessor/preprocessor.py:365: in search_identifier
    result = self.identifiers.search(self.accessible_scopes, ScopedName.from_string(name))
../../../warp_dev/lib/python3.7/site-packages/cairo_lang-0.6.2-py3.7.egg/starkware/cairo/lang/compiler/identifier_manager.py:225: in search
    res = self._search(accessible_scopes=accessible_scopes, name=name, get_scope=False)
../../../warp_dev/lib/python3.7/site-packages/cairo_lang-0.6.2-py3.7.egg/starkware/cairo/lang/compiler/identifier_manager.py:217: in _search
    raise MissingIdentifierError(name[:1])
E   starkware.cairo.lang.compiler.identifier_manager.MissingIdentifierError: Unknown identifier 'bitwise_ptr'.

During handling of the above exception, another exception occurred:
tests/semantic/test_semantics.py:135: in test_semantics
    contract_definition = await starknet_compile(cairo_file_path)
tests/semantic/test_semantics.py:71: in starknet_compile
    [contract_file], debug_info=True, cairo_path=[cairo_path]
../../../warp_dev/lib/python3.7/site-packages/cairo_lang-0.6.2-py3.7.egg/starkware/starknet/compiler/compile.py:107: in compile_starknet_files
    cairo_path=cairo_path,
../../../warp_dev/lib/python3.7/site-packages/cairo_lang-0.6.2-py3.7.egg/starkware/starknet/compiler/compile.py:128: in compile_starknet_codes
    code=codes, debug_info=debug_info, pass_manager=pass_manager
../../../warp_dev/lib/python3.7/site-packages/cairo_lang-0.6.2-py3.7.egg/starkware/cairo/lang/compiler/cairo_compile.py:230: in compile_cairo_ex
    codes=codes_with_filenames, pass_manager=pass_manager, main_scope=main_scope
../../../warp_dev/lib/python3.7/site-packages/cairo_lang-0.6.2-py3.7.egg/starkware/cairo/lang/compiler/preprocessor/preprocess_codes.py:24: in preprocess_codes
    pass_manager.run(context)
../../../warp_dev/lib/python3.7/site-packages/cairo_lang-0.6.2-py3.7.egg/starkware/cairo/lang/compiler/preprocessor/pass_manager.py:53: in run
    stage.run(context)
../../../warp_dev/lib/python3.7/site-packages/cairo_lang-0.6.2-py3.7.egg/starkware/cairo/lang/compiler/preprocessor/default_pass_manager.py:89: in run
    preprocessor.visit(module)
../../../warp_dev/lib/python3.7/site-packages/cairo_lang-0.6.2-py3.7.egg/starkware/cairo/lang/compiler/ast/visitor.py:40: in visit
    return getattr(self, f"visit_{type(obj).__name__}", self._visit_default)(obj)
../../../warp_dev/lib/python3.7/site-packages/cairo_lang-0.6.2-py3.7.egg/starkware/cairo/lang/compiler/preprocessor/preprocessor.py:427: in visit_CairoModule
    super().visit_CairoModule(module)
../../../warp_dev/lib/python3.7/site-packages/cairo_lang-0.6.2-py3.7.egg/starkware/cairo/lang/compiler/ast/visitor.py:63: in visit_CairoModule
    cairo_file=CairoFile(code_block=self.visit(module.cairo_file.code_block)),
../../../warp_dev/lib/python3.7/site-packages/cairo_lang-0.6.2-py3.7.egg/starkware/cairo/lang/compiler/ast/visitor.py:40: in visit
    return getattr(self, f"visit_{type(obj).__name__}", self._visit_default)(obj)
../../../warp_dev/lib/python3.7/site-packages/cairo_lang-0.6.2-py3.7.egg/starkware/cairo/lang/compiler/preprocessor/preprocessor.py:415: in visit_CodeBlock
    self.visit_uncommented_code_block([x.code_elm for x in code_block.code_elements])
../../../warp_dev/lib/python3.7/site-packages/cairo_lang-0.6.2-py3.7.egg/starkware/cairo/lang/compiler/preprocessor/preprocessor.py:397: in visit_uncommented_code_block
    self.visit(elm)
../../../warp_dev/lib/python3.7/site-packages/cairo_lang-0.6.2-py3.7.egg/starkware/cairo/lang/compiler/ast/visitor.py:40: in visit
    return getattr(self, f"visit_{type(obj).__name__}", self._visit_default)(obj)
../../../warp_dev/lib/python3.7/site-packages/cairo_lang-0.6.2-py3.7.egg/starkware/starknet/compiler/starknet_preprocessor.py:172: in visit_CodeElementFunction
    super().visit_CodeElementFunction(elm)
../../../warp_dev/lib/python3.7/site-packages/cairo_lang-0.6.2-py3.7.egg/starkware/cairo/lang/compiler/preprocessor/preprocessor.py:615: in visit_CodeElementFunction
    code_block=elm.code_block, location=elm.identifier.location
../../../warp_dev/lib/python3.7/site-packages/cairo_lang-0.6.2-py3.7.egg/starkware/cairo/lang/compiler/preprocessor/preprocessor.py:671: in visit_function_body_with_retries
    self.visit_uncommented_code_block(code_elements)
../../../warp_dev/lib/python3.7/site-packages/cairo_lang-0.6.2-py3.7.egg/starkware/cairo/lang/compiler/preprocessor/preprocessor.py:397: in visit_uncommented_code_block
    self.visit(elm)
../../../warp_dev/lib/python3.7/site-packages/cairo_lang-0.6.2-py3.7.egg/starkware/cairo/lang/compiler/ast/visitor.py:40: in visit
    return getattr(self, f"visit_{type(obj).__name__}", self._visit_default)(obj)
../../../warp_dev/lib/python3.7/site-packages/cairo_lang-0.6.2-py3.7.egg/starkware/cairo/lang/compiler/preprocessor/preprocessor.py:1757: in visit_CodeElementUnpackBinding
    self.visit(CodeElementFuncCall(func_call=elm.rvalue))
../../../warp_dev/lib/python3.7/site-packages/cairo_lang-0.6.2-py3.7.egg/starkware/cairo/lang/compiler/ast/visitor.py:40: in visit
    return getattr(self, f"visit_{type(obj).__name__}", self._visit_default)(obj)
../../../warp_dev/lib/python3.7/site-packages/cairo_lang-0.6.2-py3.7.egg/starkware/cairo/lang/compiler/preprocessor/preprocessor.py:1616: in visit_CodeElementFuncCall
    location=elm.func_call.location,
../../../warp_dev/lib/python3.7/site-packages/cairo_lang-0.6.2-py3.7.egg/starkware/cairo/lang/compiler/preprocessor/preprocessor.py:1391: in push_arguments
    location=location,
../../../warp_dev/lib/python3.7/site-packages/cairo_lang-0.6.2-py3.7.egg/starkware/cairo/lang/compiler/preprocessor/preprocessor.py:1314: in process_implicit_arguments
    felt_expr_list = self.simplify_expr_to_felt_expr_list(expr, member_def.cairo_type)
../../../warp_dev/lib/python3.7/site-packages/cairo_lang-0.6.2-py3.7.egg/starkware/cairo/lang/compiler/preprocessor/preprocessor.py:2083: in simplify_expr_to_felt_expr_list
    expr, expr_type = self.simplify_expr(expr)
../../../warp_dev/lib/python3.7/site-packages/cairo_lang-0.6.2-py3.7.egg/starkware/cairo/lang/compiler/preprocessor/preprocessor.py:2054: in simplify_expr
    resolve_type_callback=self.resolve_type,
../../../warp_dev/lib/python3.7/site-packages/cairo_lang-0.6.2-py3.7.egg/starkware/cairo/lang/compiler/substitute_identifiers.py:113: in substitute_identifiers
    ).visit(expr)
../../../warp_dev/lib/python3.7/site-packages/cairo_lang-0.6.2-py3.7.egg/starkware/cairo/lang/compiler/expression_transformer.py:47: in visit
    return getattr(self, funcname)(expr)
../../../warp_dev/lib/python3.7/site-packages/cairo_lang-0.6.2-py3.7.egg/starkware/cairo/lang/compiler/substitute_identifiers.py:38: in visit_ExprIdentifier
    val = self.get_identifier_callback(expr)
../../../warp_dev/lib/python3.7/site-packages/cairo_lang-0.6.2-py3.7.egg/starkware/cairo/lang/compiler/preprocessor/preprocessor.py:2185: in get_variable
    identifier_definition = self.search_identifier(var.name, var.location)
../../../warp_dev/lib/python3.7/site-packages/cairo_lang-0.6.2-py3.7.egg/starkware/cairo/lang/compiler/preprocessor/preprocessor.py:368: in search_identifier
    raise PreprocessorError(str(exc), location=location)
E   starkware.cairo.lang.compiler.preprocessor.preprocessor_error.PreprocessorError: /home/greg/dev/nethermind/warp/warp/cairo-src/evm/hashing.cairo:14:20: While trying to retrieve the implicit argument 'bitwise_ptr' in:
E       let (memval) = array_create_from_memory(offset, size)
E                      ^************************************^
E   /home/greg/dev/nethermind/warp/warp/cairo-src/evm/array.cairo:16:53: Unknown identifier 'bitwise_ptr'.
E           memory_dict : DictAccess*, range_check_ptr, bitwise_ptr : BitwiseBuiltin*}(
E                                                       ^***************************^
----------------------------------------------------------------------------------------------------------------- Captured stderr teardown -----------------------------------------------------------------------------------------------------------------
Warning: SPDX license identifier not provided in source file. Before publishing, consider adding a comment containing "SPDX-License-Identifier: <SPDX-License>" to each source file. Use "SPDX-License-Identifier: UNLICENSED" for non-open-source code. Please see https://spdx.org for more information.
--> tests/semantic/solidity/test/libsolidity/semanticTests/functionTypes/mapping_of_functions_marked.sol

_______________________________________________________ test_semantics[/home/greg/dev/nethermind/warp/tests/semantic/solidity/test/libsolidity/semanticTests/viaYul/array_storage_length_access.sol] _______________________________________________________
../../../warp_dev/lib/python3.7/site-packages/cairo_lang-0.6.2-py3.7.egg/starkware/starknet/business_logic/internal_transaction.py:539: in _run
    verify_secure=True,
../../../warp_dev/lib/python3.7/site-packages/cairo_lang-0.6.2-py3.7.egg/starkware/cairo/common/cairo_function_runner.py:199: in run_from_entrypoint
    self.run_until_pc(addr=end, run_resources=run_resources)
../../../warp_dev/lib/python3.7/site-packages/cairo_lang-0.6.2-py3.7.egg/starkware/cairo/lang/vm/cairo_runner.py:289: in run_until_pc
    ResourcesError("Error: End of program was not reached"), self.vm.run_context.pc
E   starkware.cairo.lang.vm.vm_exceptions.VmException: /home/greg/dev/nethermind/warp/warp/cairo-src/evm/uint256.cairo:77:13: Error at pc=0:846:
E   Error: End of program was not reached
E               return (result=Uint256(0, 0))
E               ^***************************^

During handling of the above exception, another exception occurred:
tests/semantic/test_semantics.py:161: in test_semantics
    res = await invoke_method_evm_calldata(starknet, contract_address, argument)
../../../warp_dev/lib/python3.7/site-packages/sol_warp-0.2.12-py3.7.egg/yul/starknet_utils.py:30: in invoke_method_evm_calldata
    caller_address=0,
../../../warp_dev/lib/python3.7/site-packages/cairo_lang-0.6.2-py3.7.egg/starkware/starknet/testing/state.py:153: in invoke_raw
    state=state_copy, general_config=self.general_config
../../../warp_dev/lib/python3.7/site-packages/cairo_lang-0.6.2-py3.7.egg/starkware/starknet/business_logic/internal_transaction_interface.py:213: in apply_state_updates
    state=state_to_update, general_config=general_config
../../../warp_dev/lib/python3.7/site-packages/cairo_lang-0.6.2-py3.7.egg/starkware/starknet/business_logic/internal_transaction.py:405: in _apply_specific_state_updates
    func=_synchronous_apply_specific_state_updates,
/usr/lib/python3.7/concurrent/futures/thread.py:57: in run
    result = self.fn(*self.args, **self.kwargs)
../../../warp_dev/lib/python3.7/site-packages/cairo_lang-0.6.2-py3.7.egg/starkware/starknet/business_logic/internal_transaction.py:433: in _synchronous_apply_specific_state_updates
    run_resources=run_resources,
../../../warp_dev/lib/python3.7/site-packages/cairo_lang-0.6.2-py3.7.egg/starkware/starknet/business_logic/internal_transaction.py:559: in _run
    raise StarkException(code=code, message=str(exception))
E   starkware.starkware_utils.error_handling.StarkException: (500, {'code': <StarknetErrorCode.OUT_OF_RESOURCES: 26>, 'message': '/home/greg/dev/nethermind/warp/warp/cairo-src/evm/uint256.cairo:77:13: Error at pc=0:846:\nError: End of program was not reached\n            return (result=Uint256(0, 0))\n            ^***************************^'})
------------------------------------------------------------------------------------------------------------------- Captured stdout call -------------------------------------------------------------------------------------------------------------------
{'callData': '0x9aa168540000000000000000000000000000000000000000000000000000000000000080', 'expectations': '0x', 'failure': True, 'signature': 'postincr_s8(int8)'}
{'callData': '0x3425cdfe000000000000000000000000000000000000000000000000000000000000007f', 'expectations': '0x4e487b710000000000000000000000000000000000000000000000000000000000000011', 'failure': True, 'signature': 'preincr_s8(int8)'}
----------------------------------------------------------------------------------------------------------------- Captured stdout teardown -----------------------------------------------------------------------------------------------------------------
{'callData': '0x9aa16854000000000000000000000000000000000000000000000000000000000000007f', 'expectations': '0x4e487b710000000000000000000000000000000000000000000000000000000000000011', 'failure': True, 'signature': 'postincr_s8(int8)'}
____________________________________________________________ test_semantics[/home/greg/dev/nethermind/warp/tests/semantic/solidity/test/libsolidity/semanticTests/viaYul/unary_operations.sol] _____________________________________________________________
../../../warp_dev/lib/python3.7/site-packages/cairo_lang-0.6.2-py3.7.egg/starkware/starknet/business_logic/internal_transaction.py:539: in _run
    verify_secure=True,
../../../warp_dev/lib/python3.7/site-packages/cairo_lang-0.6.2-py3.7.egg/starkware/cairo/common/cairo_function_runner.py:199: in run_from_entrypoint
    self.run_until_pc(addr=end, run_resources=run_resources)
../../../warp_dev/lib/python3.7/site-packages/cairo_lang-0.6.2-py3.7.egg/starkware/cairo/lang/vm/cairo_runner.py:284: in run_until_pc
    self.vm_step()
../../../warp_dev/lib/python3.7/site-packages/cairo_lang-0.6.2-py3.7.egg/starkware/cairo/lang/vm/cairo_runner.py:298: in vm_step
    self.vm.step()
../../../warp_dev/lib/python3.7/site-packages/cairo_lang-0.6.2-py3.7.egg/starkware/cairo/lang/vm/virtual_machine_base.py:255: in step
    self.run_instruction(instruction)
../../../warp_dev/lib/python3.7/site-packages/cairo_lang-0.6.2-py3.7.egg/starkware/cairo/lang/vm/vm_core.py:422: in run_instruction
    raise self.as_vm_exception(exc) from None
E   starkware.cairo.lang.vm.vm_exceptions.VmException: /home/greg/dev/nethermind/warp/tests/semantic/solidity/test/libsolidity/semanticTests/viaYul/unary_operations.cairo.temp:243:9: Error at pc=0:2707:
E   An ASSERT_EQ instruction failed: 1 != 0.
E           assert 0 = 1
E           ^**********^
E   Cairo traceback (most recent call last):
E   /home/greg/dev/nethermind/warp/tests/semantic/solidity/test/libsolidity/semanticTests/viaYul/unary_operations.cairo.temp:35:6: (pc=0:2133)
E   func __main{bitwise_ptr : BitwiseBuiltin*, range_check_ptr}(
E        ^****^
E   /home/greg/dev/nethermind/warp/tests/semantic/solidity/test/libsolidity/semanticTests/viaYul/unary_operations.cairo.temp:48:9: (pc=0:2078)
E           __main_meat()
E           ^***********^
E   /home/greg/dev/nethermind/warp/tests/semantic/solidity/test/libsolidity/semanticTests/viaYul/unary_operations.cairo.temp:1206:5: (pc=0:5652)
E       __warp_if_0(__warp_subexpr_0)
E       ^***************************^
E   /home/greg/dev/nethermind/warp/tests/semantic/solidity/test/libsolidity/semanticTests/viaYul/unary_operations.cairo.temp:1191:9: (pc=0:5608)
E           __warp_block_0()
E           ^**************^
E   /home/greg/dev/nethermind/warp/tests/semantic/solidity/test/libsolidity/semanticTests/viaYul/unary_operations.cairo.temp:1182:5: (pc=0:5587)
E       __warp_block_1(match_var)
E       ^***********************^
E   /home/greg/dev/nethermind/warp/tests/semantic/solidity/test/libsolidity/semanticTests/viaYul/unary_operations.cairo.temp:1172:5: (pc=0:5554)
E       __warp_if_1(__warp_subexpr_0, match_var)
E       ^**************************************^
E   /home/greg/dev/nethermind/warp/tests/semantic/solidity/test/libsolidity/semanticTests/viaYul/unary_operations.cairo.temp:1162:9: (pc=0:5521)
E           __warp_block_3(match_var)
E           ^***********************^
E   /home/greg/dev/nethermind/warp/tests/semantic/solidity/test/libsolidity/semanticTests/viaYul/unary_operations.cairo.temp:1149:5: (pc=0:5505)
E       __warp_if_2(__warp_subexpr_0, match_var)
E       ^**************************************^
E   /home/greg/dev/nethermind/warp/tests/semantic/solidity/test/libsolidity/semanticTests/viaYul/unary_operations.cairo.temp:1139:9: (pc=0:5472)
E           __warp_block_5(match_var)
E           ^***********************^
E   /home/greg/dev/nethermind/warp/tests/semantic/solidity/test/libsolidity/semanticTests/viaYul/unary_operations.cairo.temp:1126:5: (pc=0:5456)
E       __warp_if_3(__warp_subexpr_0, match_var)
E       ^**************************************^
E   /home/greg/dev/nethermind/warp/tests/semantic/solidity/test/libsolidity/semanticTests/viaYul/unary_operations.cairo.temp:1116:9: (pc=0:5423)
E           __warp_block_7(match_var)
E           ^***********************^
E   /home/greg/dev/nethermind/warp/tests/semantic/solidity/test/libsolidity/semanticTests/viaYul/unary_operations.cairo.temp:1103:5: (pc=0:5407)
E       __warp_if_4(__warp_subexpr_0, match_var)
E       ^**************************************^
E   /home/greg/dev/nethermind/warp/tests/semantic/solidity/test/libsolidity/semanticTests/viaYul/unary_operations.cairo.temp:1093:9: (pc=0:5374)
E           __warp_block_9(match_var)
E           ^***********************^
E   /home/greg/dev/nethermind/warp/tests/semantic/solidity/test/libsolidity/semanticTests/viaYul/unary_operations.cairo.temp:1080:5: (pc=0:5358)
E       __warp_if_5(__warp_subexpr_0, match_var)
E       ^**************************************^
E   /home/greg/dev/nethermind/warp/tests/semantic/solidity/test/libsolidity/semanticTests/viaYul/unary_operations.cairo.temp:1070:9: (pc=0:5325)
E           __warp_block_11(match_var)
E           ^************************^
E   /home/greg/dev/nethermind/warp/tests/semantic/solidity/test/libsolidity/semanticTests/viaYul/unary_operations.cairo.temp:1057:5: (pc=0:5309)
E       __warp_if_6(__warp_subexpr_0, match_var)
E       ^**************************************^
E   /home/greg/dev/nethermind/warp/tests/semantic/solidity/test/libsolidity/semanticTests/viaYul/unary_operations.cairo.temp:1047:9: (pc=0:5276)
E           __warp_block_13(match_var)
E           ^************************^
E   /home/greg/dev/nethermind/warp/tests/semantic/solidity/test/libsolidity/semanticTests/viaYul/unary_operations.cairo.temp:1034:5: (pc=0:5260)
E       __warp_if_7(__warp_subexpr_0, match_var)
E       ^**************************************^
E   /home/greg/dev/nethermind/warp/tests/semantic/solidity/test/libsolidity/semanticTests/viaYul/unary_operations.cairo.temp:1021:9: (pc=0:5236)
E           __warp_block_14()
E           ^***************^
E   /home/greg/dev/nethermind/warp/tests/semantic/solidity/test/libsolidity/semanticTests/viaYul/unary_operations.cairo.temp:565:40: (pc=0:3810)
E       let (__warp_subexpr_0 : Uint256) = abi_decode_int8(__warp_subexpr_1)
E                                          ^*******************************^

During handling of the above exception, another exception occurred:
tests/semantic/test_semantics.py:161: in test_semantics
    res = await invoke_method_evm_calldata(starknet, contract_address, argument)
../../../warp_dev/lib/python3.7/site-packages/sol_warp-0.2.12-py3.7.egg/yul/starknet_utils.py:30: in invoke_method_evm_calldata
    caller_address=0,
../../../warp_dev/lib/python3.7/site-packages/cairo_lang-0.6.2-py3.7.egg/starkware/starknet/testing/state.py:153: in invoke_raw
    state=state_copy, general_config=self.general_config
../../../warp_dev/lib/python3.7/site-packages/cairo_lang-0.6.2-py3.7.egg/starkware/starknet/business_logic/internal_transaction_interface.py:213: in apply_state_updates
    state=state_to_update, general_config=general_config
../../../warp_dev/lib/python3.7/site-packages/cairo_lang-0.6.2-py3.7.egg/starkware/starknet/business_logic/internal_transaction.py:405: in _apply_specific_state_updates
    func=_synchronous_apply_specific_state_updates,
/usr/lib/python3.7/concurrent/futures/thread.py:57: in run
    result = self.fn(*self.args, **self.kwargs)
../../../warp_dev/lib/python3.7/site-packages/cairo_lang-0.6.2-py3.7.egg/starkware/starknet/business_logic/internal_transaction.py:433: in _synchronous_apply_specific_state_updates
    run_resources=run_resources,
../../../warp_dev/lib/python3.7/site-packages/cairo_lang-0.6.2-py3.7.egg/starkware/starknet/business_logic/internal_transaction.py:559: in _run
    raise StarkException(code=code, message=str(exception))
E   starkware.starkware_utils.error_handling.StarkException: (500, {'code': <StarknetErrorCode.TRANSACTION_FAILED: 28>, 'message': '/home/greg/dev/nethermind/warp/tests/semantic/solidity/test/libsolidity/semanticTests/viaYul/unary_operations.cairo.temp:243:9: Error at pc=0:2707:\nAn ASSERT_EQ instruction failed: 1 != 0.\n        assert 0 = 1\n        ^**********^\nCairo traceback (most recent call last):\n/home/greg/dev/nethermind/warp/tests/semantic/solidity/test/libsolidity/semanticTests/viaYul/unary_operations.cairo.temp:35:6: (pc=0:2133)\nfunc __main{bitwise_ptr : BitwiseBuiltin*, range_check_ptr}(\n     ^****^\n/home/greg/dev/nethermind/warp/tests/semantic/solidity/test/libsolidity/semanticTests/viaYul/unary_operations.cairo.temp:48:9: (pc=0:2078)\n        __main_meat()\n        ^***********^\n/home/greg/dev/nethermind/warp/tests/semantic/solidity/test/libsolidity/semanticTests/viaYul/unary_operations.cairo.temp:1206:5: (pc=0:5652)\n    __warp_if_0(__warp_subexpr_0)\n    ^***************************^\n/home/greg/dev/nethermind/warp/tests/semantic/solidity/test/libsolidity/semanticTests/viaYul/unary_operations.cairo.temp:1191:9: (pc=0:5608)\n        __warp_block_0()\n        ^**************^\n/home/greg/dev/nethermind/warp/tests/semantic/solidity/test/libsolidity/semanticTests/viaYul/unary_operations.cairo.temp:1182:5: (pc=0:5587)\n    __warp_block_1(match_var)\n    ^***********************^\n/home/greg/dev/nethermind/warp/tests/semantic/solidity/test/libsolidity/semanticTests/viaYul/unary_operations.cairo.temp:1172:5: (pc=0:5554)\n    __warp_if_1(__warp_subexpr_0, match_var)\n    ^**************************************^\n/home/greg/dev/nethermind/warp/tests/semantic/solidity/test/libsolidity/semanticTests/viaYul/unary_operations.cairo.temp:1162:9: (pc=0:5521)\n        __warp_block_3(match_var)\n        ^***********************^\n/home/greg/dev/nethermind/warp/tests/semantic/solidity/test/libsolidity/semanticTests/viaYul/unary_operations.cairo.temp:1149:5: (pc=0:5505)\n    __warp_if_2(__warp_subexpr_0, match_var)\n    ^**************************************^\n/home/greg/dev/nethermind/warp/tests/semantic/solidity/test/libsolidity/semanticTests/viaYul/unary_operations.cairo.temp:1139:9: (pc=0:5472)\n        __warp_block_5(match_var)\n        ^***********************^\n/home/greg/dev/nethermind/warp/tests/semantic/solidity/test/libsolidity/semanticTests/viaYul/unary_operations.cairo.temp:1126:5: (pc=0:5456)\n    __warp_if_3(__warp_subexpr_0, match_var)\n    ^**************************************^\n/home/greg/dev/nethermind/warp/tests/semantic/solidity/test/libsolidity/semanticTests/viaYul/unary_operations.cairo.temp:1116:9: (pc=0:5423)\n        __warp_block_7(match_var)\n        ^***********************^\n/home/greg/dev/nethermind/warp/tests/semantic/solidity/test/libsolidity/semanticTests/viaYul/unary_operations.cairo.temp:1103:5: (pc=0:5407)\n    __warp_if_4(__warp_subexpr_0, match_var)\n    ^**************************************^\n/home/greg/dev/nethermind/warp/tests/semantic/solidity/test/libsolidity/semanticTests/viaYul/unary_operations.cairo.temp:1093:9: (pc=0:5374)\n        __warp_block_9(match_var)\n        ^***********************^\n/home/greg/dev/nethermind/warp/tests/semantic/solidity/test/libsolidity/semanticTests/viaYul/unary_operations.cairo.temp:1080:5: (pc=0:5358)\n    __warp_if_5(__warp_subexpr_0, match_var)\n    ^**************************************^\n/home/greg/dev/nethermind/warp/tests/semantic/solidity/test/libsolidity/semanticTests/viaYul/unary_operations.cairo.temp:1070:9: (pc=0:5325)\n        __warp_block_11(match_var)\n        ^************************^\n/home/greg/dev/nethermind/warp/tests/semantic/solidity/test/libsolidity/semanticTests/viaYul/unary_operations.cairo.temp:1057:5: (pc=0:5309)\n    __warp_if_6(__warp_subexpr_0, match_var)\n    ^**************************************^\n/home/greg/dev/nethermind/warp/tests/semantic/solidity/test/libsolidity/semanticTests/viaYul/unary_operations.cairo.temp:1047:9: (pc=0:5276)\n        __warp_block_13(match_var)\n        ^************************^\n/home/greg/dev/nethermind/warp/tests/semantic/solidity/test/libsolidity/semanticTests/viaYul/unary_operations.cairo.temp:1034:5: (pc=0:5260)\n    __warp_if_7(__warp_subexpr_0, match_var)\n    ^**************************************^\n/home/greg/dev/nethermind/warp/tests/semantic/solidity/test/libsolidity/semanticTests/viaYul/unary_operations.cairo.temp:1021:9: (pc=0:5236)\n        __warp_block_14()\n        ^***************^\n/home/greg/dev/nethermind/warp/tests/semantic/solidity/test/libsolidity/semanticTests/viaYul/unary_operations.cairo.temp:565:40: (pc=0:3810)\n    let (__warp_subexpr_0 : Uint256) = abi_decode_int8(__warp_subexpr_1)\n                                       ^*******************************^'})
------------------------------------------------------------------------------------------------------------------- Captured stdout call -------------------------------------------------------------------------------------------------------------------
{'callData': '0x3425cdfe000000000000000000000000000000000000000000000000000000000000007e', 'expectations': '0x000000000000000000000000000000000000000000000000000000000000007f000000000000000000000000000000000000000000000000000000000000007f', 'failure': False, 'signature': 'preincr_s8(int8)'}
------------------------------------------------------------------------------------------------------------------- Captured stderr call -------------------------------------------------------------------------------------------------------------------
Warning: SPDX license identifier not provided in source file. Before publishing, consider adding a comment containing "SPDX-License-Identifier: <SPDX-License>" to each source file. Use "SPDX-License-Identifier: UNLICENSED" for non-open-source code. Please see https://spdx.org for more information.
--> tests/semantic/solidity/test/libsolidity/semanticTests/functionTypes/function_type_library_internal_marked.sol

Warning: Function state mutability can be restricted to pure
  --> tests/semantic/solidity/test/libsolidity/semanticTests/functionTypes/function_type_library_internal_marked.sol:13:5:
   |
13 |     function sum(uint256 a, uint256 b) internal returns (uint256) {
   |     ^ (Relevant source part starts here and spans across multiple lines).

__________________________________________________________ test_semantics[/home/greg/dev/nethermind/warp/tests/semantic/solidity/test/libsolidity/semanticTests/functionTypes/store_function.sol] __________________________________________________________
tests/semantic/test_semantics.py:126: in test_semantics
    contract_file, get_last_contract(contract_file)
../../../warp_dev/lib/python3.7/site-packages/sol_warp-0.2.12-py3.7.egg/yul/main.py:53: in transpile_from_solidity
    codes = json.loads(result.stdout)
/usr/lib/python3.7/json/__init__.py:348: in loads
    return _default_decoder.decode(s)
/usr/lib/python3.7/json/decoder.py:337: in decode
    obj, end = self.raw_decode(s, idx=_w(s, 0).end())
/usr/lib/python3.7/json/decoder.py:355: in raw_decode
    raise JSONDecodeError("Expecting value", s, err.value) from None
E   json.decoder.JSONDecodeError: Expecting value: line 1 column 1 (char 0)
------------------------------------------------------------------------------------------------------------------- Captured stderr call -------------------------------------------------------------------------------------------------------------------
Warning: SPDX license identifier not provided in source file. Before publishing, consider adding a comment containing "SPDX-License-Identifier: <SPDX-License>" to each source file. Use "SPDX-License-Identifier: UNLICENSED" for non-open-source code. Please see https://spdx.org for more information.
--> tests/semantic/solidity/test/libsolidity/semanticTests/functionTypes/store_function_marked.sol

Warning: Function state mutability can be restricted to pure
 --> tests/semantic/solidity/test/libsolidity/semanticTests/functionTypes/store_function_marked.sol:3:5:
  |
3 |     function addTwo(uint256 x) public returns (uint256) {
  |     ^ (Relevant source part starts here and spans across multiple lines).

__________________________________________________ test_semantics[/home/greg/dev/nethermind/warp/tests/semantic/solidity/test/libsolidity/semanticTests/functionTypes/struct_with_external_function.sol] ___________________________________________________
tests/semantic/test_semantics.py:126: in test_semantics
    contract_file, get_last_contract(contract_file)
../../../warp_dev/lib/python3.7/site-packages/sol_warp-0.2.12-py3.7.egg/yul/main.py:53: in transpile_from_solidity
    codes = json.loads(result.stdout)
/usr/lib/python3.7/json/__init__.py:348: in loads
    return _default_decoder.decode(s)
/usr/lib/python3.7/json/decoder.py:337: in decode
    obj, end = self.raw_decode(s, idx=_w(s, 0).end())
/usr/lib/python3.7/json/decoder.py:355: in raw_decode
    raise JSONDecodeError("Expecting value", s, err.value) from None
E   json.decoder.JSONDecodeError: Expecting value: line 1 column 1 (char 0)
------------------------------------------------------------------------------------------------------------------- Captured stdout call -------------------------------------------------------------------------------------------------------------------
{'callData': '0x26121ff0', 'expectations': '0x0000000000000000000000000000000000000000000000000000000000000006000000000000000000000000000000000000000000000000000000000000000100000000000000000000000000000000000000000000000000000000000000050000000000000000000000000000000000000000000000000000000000000005', 'failure': False, 'signature': 'f()'}
------------------------------------------------------------------------------------------------------------------- Captured stderr call -------------------------------------------------------------------------------------------------------------------
Warning: SPDX license identifier not provided in source file. Before publishing, consider adding a comment containing "SPDX-License-Identifier: <SPDX-License>" to each source file. Use "SPDX-License-Identifier: UNLICENSED" for non-open-source code. Please see https://spdx.org for more information.
--> tests/semantic/solidity/test/libsolidity/semanticTests/functionTypes/struct_with_external_function_marked.sol

Warning: "this" used in constructor. Note that external functions of a contract cannot be called while it is being constructed.
  --> tests/semantic/solidity/test/libsolidity/semanticTests/functionTypes/struct_with_external_function_marked.sol:18:18:
   |
18 |         t[1].x = this.Y;
   |                  ^^^^

Warning: "this" used in constructor. Note that external functions of a contract cannot be called while it is being constructed.
  --> tests/semantic/solidity/test/libsolidity/semanticTests/functionTypes/struct_with_external_function_marked.sol:21:18:
   |
21 |         t[0].x = this.X;
   |                  ^^^^

_________________________________________________ test_semantics[/home/greg/dev/nethermind/warp/tests/semantic/solidity/test/libsolidity/semanticTests/functionTypes/function_external_delete_storage.sol] _________________________________________________
tests/semantic/test_semantics.py:126: in test_semantics
    contract_file, get_last_contract(contract_file)
../../../warp_dev/lib/python3.7/site-packages/sol_warp-0.2.12-py3.7.egg/yul/main.py:53: in transpile_from_solidity
    codes = json.loads(result.stdout)
/usr/lib/python3.7/json/__init__.py:348: in loads
    return _default_decoder.decode(s)
/usr/lib/python3.7/json/decoder.py:337: in decode
    obj, end = self.raw_decode(s, idx=_w(s, 0).end())
/usr/lib/python3.7/json/decoder.py:355: in raw_decode
    raise JSONDecodeError("Expecting value", s, err.value) from None
E   json.decoder.JSONDecodeError: Expecting value: line 1 column 1 (char 0)
------------------------------------------------------------------------------------------------------------------- Captured stderr call -------------------------------------------------------------------------------------------------------------------
Warning: SPDX license identifier not provided in source file. Before publishing, consider adding a comment containing "SPDX-License-Identifier: <SPDX-License>" to each source file. Use "SPDX-License-Identifier: UNLICENSED" for non-open-source code. Please see https://spdx.org for more information.
--> tests/semantic/solidity/test/libsolidity/semanticTests/functionTypes/selector_2_marked.sol

Warning: Function state mutability can be restricted to pure
 --> tests/semantic/solidity/test/libsolidity/semanticTests/functionTypes/selector_2_marked.sol:7:5:
  |
7 |     function test() public returns (bytes4, bytes4) {
  |     ^ (Relevant source part starts here and spans across multiple lines).

Warning: SPDX license identifier not provided in source file. Before publishing, consider adding a comment containing "SPDX-License-Identifier: <SPDX-License>" to each source file. Use "SPDX-License-Identifier: UNLICENSED" for non-open-source code. Please see https://spdx.org for more information.
--> tests/semantic/solidity/test/libsolidity/semanticTests/functionTypes/function_external_delete_storage_marked.sol

________________________________________________________ test_semantics[/home/greg/dev/nethermind/warp/tests/semantic/solidity/test/libsolidity/semanticTests/viaYul/conversion/function_cast.sol] _________________________________________________________
../../../warp_dev/lib/python3.7/site-packages/cairo_lang-0.6.2-py3.7.egg/starkware/starknet/business_logic/internal_transaction.py:539: in _run
    verify_secure=True,
../../../warp_dev/lib/python3.7/site-packages/cairo_lang-0.6.2-py3.7.egg/starkware/cairo/common/cairo_function_runner.py:199: in run_from_entrypoint
    self.run_until_pc(addr=end, run_resources=run_resources)
../../../warp_dev/lib/python3.7/site-packages/cairo_lang-0.6.2-py3.7.egg/starkware/cairo/lang/vm/cairo_runner.py:284: in run_until_pc
    self.vm_step()
../../../warp_dev/lib/python3.7/site-packages/cairo_lang-0.6.2-py3.7.egg/starkware/cairo/lang/vm/cairo_runner.py:298: in vm_step
    self.vm.step()
../../../warp_dev/lib/python3.7/site-packages/cairo_lang-0.6.2-py3.7.egg/starkware/cairo/lang/vm/virtual_machine_base.py:241: in step
    self.exec_hint(hint.compiled, exec_locals, hint_index=hint_index)
../../../warp_dev/lib/python3.7/site-packages/cairo_lang-0.6.2-py3.7.egg/starkware/cairo/lang/vm/virtual_machine_base.py:281: in exec_hint
    ) from None
E   starkware.cairo.lang.vm.vm_exceptions.VmException: /home/greg/warp_dev/lib/python3.7/site-packages/cairo_lang-0.6.2-py3.7.egg/starkware/starknet/common/syscalls.cairo:50:5: Error at pc=0:148:
E   Got an exception while executing a hint.
E       %{ syscall_handler.call_contract(segments=segments, syscall_ptr=ids.syscall_ptr) %}
E       ^*********************************************************************************^
E   Cairo traceback (most recent call last):
E   /home/greg/dev/nethermind/warp/tests/semantic/solidity/test/libsolidity/semanticTests/viaYul/conversion/function_cast.cairo.temp:43:6: (pc=0:2300)
E   func __main{bitwise_ptr : BitwiseBuiltin*, range_check_ptr, syscall_ptr : felt*}(
E        ^****^
E   /home/greg/dev/nethermind/warp/tests/semantic/solidity/test/libsolidity/semanticTests/viaYul/conversion/function_cast.cairo.temp:56:9: (pc=0:2242)
E           __main_meat()
E           ^***********^
E   /home/greg/dev/nethermind/warp/tests/semantic/solidity/test/libsolidity/semanticTests/viaYul/conversion/function_cast.cairo.temp:525:5: (pc=0:3869)
E       __warp_if_2(__warp_subexpr_0)
E       ^***************************^
E   /home/greg/dev/nethermind/warp/tests/semantic/solidity/test/libsolidity/semanticTests/viaYul/conversion/function_cast.cairo.temp:510:9: (pc=0:3824)
E           __warp_block_2()
E           ^**************^
E   /home/greg/dev/nethermind/warp/tests/semantic/solidity/test/libsolidity/semanticTests/viaYul/conversion/function_cast.cairo.temp:500:5: (pc=0:3801)
E       __warp_block_3(match_var)
E       ^***********************^
E   /home/greg/dev/nethermind/warp/tests/semantic/solidity/test/libsolidity/semanticTests/viaYul/conversion/function_cast.cairo.temp:490:5: (pc=0:3767)
E       __warp_if_3(__warp_subexpr_0, match_var)
E       ^**************************************^
E   /home/greg/dev/nethermind/warp/tests/semantic/solidity/test/libsolidity/semanticTests/viaYul/conversion/function_cast.cairo.temp:480:9: (pc=0:3732)
E           __warp_block_5(match_var)
E           ^***********************^
E   /home/greg/dev/nethermind/warp/tests/semantic/solidity/test/libsolidity/semanticTests/viaYul/conversion/function_cast.cairo.temp:467:5: (pc=0:3715)
E       __warp_if_4(__warp_subexpr_0, match_var)
E       ^**************************************^
E   /home/greg/dev/nethermind/warp/tests/semantic/solidity/test/libsolidity/semanticTests/viaYul/conversion/function_cast.cairo.temp:457:9: (pc=0:3674)
E           __warp_block_7(match_var)
E           ^***********************^
E   /home/greg/dev/nethermind/warp/tests/semantic/solidity/test/libsolidity/semanticTests/viaYul/conversion/function_cast.cairo.temp:444:5: (pc=0:3657)
E       __warp_if_5(__warp_subexpr_0, match_var)
E       ^**************************************^
E   /home/greg/dev/nethermind/warp/tests/semantic/solidity/test/libsolidity/semanticTests/viaYul/conversion/function_cast.cairo.temp:431:9: (pc=0:3632)
E           __warp_block_8()
E           ^**************^
E   /home/greg/dev/nethermind/warp/tests/semantic/solidity/test/libsolidity/semanticTests/viaYul/conversion/function_cast.cairo.temp:380:29: (pc=0:3444)
E       let (ret_5 : Uint256) = fun_h(__warp_subexpr_0)
E                               ^*********************^
E   /home/greg/dev/nethermind/warp/tests/semantic/solidity/test/libsolidity/semanticTests/viaYul/conversion/function_cast.cairo.temp:303:26: (pc=0:3172)
E       let (_4 : Uint256) = warp_call(
E                            ^********^
E   /home/greg/dev/nethermind/warp/warp/cairo-src/evm/yul_api.cairo:42:21: (pc=0:2070)
E       let (success) = general_call(
E                       ^***********^
E   /home/greg/dev/nethermind/warp/warp/cairo-src/evm/calls.cairo:84:5: (pc=0:1946)
E       call abs call_function
E       ^********************^
E   
E   Error in the called contract (0x52f742ea618d654f034e51d677c2acd5bb205f5d):
E   Contract with address 473651356438206544810564443524003399973816262493 is not deployed.

During handling of the above exception, another exception occurred:
tests/semantic/test_semantics.py:161: in test_semantics
    res = await invoke_method_evm_calldata(starknet, contract_address, argument)
../../../warp_dev/lib/python3.7/site-packages/sol_warp-0.2.12-py3.7.egg/yul/starknet_utils.py:30: in invoke_method_evm_calldata
    caller_address=0,
../../../warp_dev/lib/python3.7/site-packages/cairo_lang-0.6.2-py3.7.egg/starkware/starknet/testing/state.py:153: in invoke_raw
    state=state_copy, general_config=self.general_config
../../../warp_dev/lib/python3.7/site-packages/cairo_lang-0.6.2-py3.7.egg/starkware/starknet/business_logic/internal_transaction_interface.py:213: in apply_state_updates
    state=state_to_update, general_config=general_config
../../../warp_dev/lib/python3.7/site-packages/cairo_lang-0.6.2-py3.7.egg/starkware/starknet/business_logic/internal_transaction.py:405: in _apply_specific_state_updates
    func=_synchronous_apply_specific_state_updates,
/usr/lib/python3.7/concurrent/futures/thread.py:57: in run
    result = self.fn(*self.args, **self.kwargs)
../../../warp_dev/lib/python3.7/site-packages/cairo_lang-0.6.2-py3.7.egg/starkware/starknet/business_logic/internal_transaction.py:433: in _synchronous_apply_specific_state_updates
    run_resources=run_resources,
../../../warp_dev/lib/python3.7/site-packages/cairo_lang-0.6.2-py3.7.egg/starkware/starknet/business_logic/internal_transaction.py:559: in _run
    raise StarkException(code=code, message=str(exception))
E   starkware.starkware_utils.error_handling.StarkException: (500, {'code': <StarknetErrorCode.UNINITIALIZED_CONTRACT: 32>, 'message': '/home/greg/warp_dev/lib/python3.7/site-packages/cairo_lang-0.6.2-py3.7.egg/starkware/starknet/common/syscalls.cairo:50:5: Error at pc=0:148:\nGot an exception while executing a hint.\n    %{ syscall_handler.call_contract(segments=segments, syscall_ptr=ids.syscall_ptr) %}\n    ^*********************************************************************************^\nCairo traceback (most recent call last):\n/home/greg/dev/nethermind/warp/tests/semantic/solidity/test/libsolidity/semanticTests/viaYul/conversion/function_cast.cairo.temp:43:6: (pc=0:2300)\nfunc __main{bitwise_ptr : BitwiseBuiltin*, range_check_ptr, syscall_ptr : felt*}(\n     ^****^\n/home/greg/dev/nethermind/warp/tests/semantic/solidity/test/libsolidity/semanticTests/viaYul/conversion/function_cast.cairo.temp:56:9: (pc=0:2242)\n        __main_meat()\n        ^***********^\n/home/greg/dev/nethermind/warp/tests/semantic/solidity/test/libsolidity/semanticTests/viaYul/conversion/function_cast.cairo.temp:525:5: (pc=0:3869)\n    __warp_if_2(__warp_subexpr_0)\n    ^***************************^\n/home/greg/dev/nethermind/warp/tests/semantic/solidity/test/libsolidity/semanticTests/viaYul/conversion/function_cast.cairo.temp:510:9: (pc=0:3824)\n        __warp_block_2()\n        ^**************^\n/home/greg/dev/nethermind/warp/tests/semantic/solidity/test/libsolidity/semanticTests/viaYul/conversion/function_cast.cairo.temp:500:5: (pc=0:3801)\n    __warp_block_3(match_var)\n    ^***********************^\n/home/greg/dev/nethermind/warp/tests/semantic/solidity/test/libsolidity/semanticTests/viaYul/conversion/function_cast.cairo.temp:490:5: (pc=0:3767)\n    __warp_if_3(__warp_subexpr_0, match_var)\n    ^**************************************^\n/home/greg/dev/nethermind/warp/tests/semantic/solidity/test/libsolidity/semanticTests/viaYul/conversion/function_cast.cairo.temp:480:9: (pc=0:3732)\n        __warp_block_5(match_var)\n        ^***********************^\n/home/greg/dev/nethermind/warp/tests/semantic/solidity/test/libsolidity/semanticTests/viaYul/conversion/function_cast.cairo.temp:467:5: (pc=0:3715)\n    __warp_if_4(__warp_subexpr_0, match_var)\n    ^**************************************^\n/home/greg/dev/nethermind/warp/tests/semantic/solidity/test/libsolidity/semanticTests/viaYul/conversion/function_cast.cairo.temp:457:9: (pc=0:3674)\n        __warp_block_7(match_var)\n        ^***********************^\n/home/greg/dev/nethermind/warp/tests/semantic/solidity/test/libsolidity/semanticTests/viaYul/conversion/function_cast.cairo.temp:444:5: (pc=0:3657)\n    __warp_if_5(__warp_subexpr_0, match_var)\n    ^**************************************^\n/home/greg/dev/nethermind/warp/tests/semantic/solidity/test/libsolidity/semanticTests/viaYul/conversion/function_cast.cairo.temp:431:9: (pc=0:3632)\n        __warp_block_8()\n        ^**************^\n/home/greg/dev/nethermind/warp/tests/semantic/solidity/test/libsolidity/semanticTests/viaYul/conversion/function_cast.cairo.temp:380:29: (pc=0:3444)\n    let (ret_5 : Uint256) = fun_h(__warp_subexpr_0)\n                            ^*********************^\n/home/greg/dev/nethermind/warp/tests/semantic/solidity/test/libsolidity/semanticTests/viaYul/conversion/function_cast.cairo.temp:303:26: (pc=0:3172)\n    let (_4 : Uint256) = warp_call(\n                         ^********^\n/home/greg/dev/nethermind/warp/warp/cairo-src/evm/yul_api.cairo:42:21: (pc=0:2070)\n    let (success) = general_call(\n                    ^***********^\n/home/greg/dev/nethermind/warp/warp/cairo-src/evm/calls.cairo:84:5: (pc=0:1946)\n    call abs call_function\n    ^********************^\n\nError in the called contract (0x52f742ea618d654f034e51d677c2acd5bb205f5d):\nContract with address 473651356438206544810564443524003399973816262493 is not deployed.'})
------------------------------------------------------------------------------------------------------------------- Captured stdout call -------------------------------------------------------------------------------------------------------------------
{'callData': '0xcb97492a0000000000000000000000000000000000000000000000000000000000000002', 'expectations': '0x0000000000000000000000000000000000000000000000000000000000000005', 'failure': False, 'signature': 'h(uint256)'}
_______________________________________________________ test_semantics[/home/greg/dev/nethermind/warp/tests/semantic/solidity/test/libsolidity/semanticTests/variables/storing_invalid_boolean.sol] ________________________________________________________
tests/semantic/test_semantics.py:123: in test_semantics
    constructor_args, contract_expectations = get_expectations(contract_file)
tests/semantic/test_semantics.py:102: in get_expectations
    expectations = test_calldata[contract_path]
E   KeyError: './scripts/../test/libsolidity/semanticTests/variables/storing_invalid_boolean.sol'
------------------------------------------------------------------------------------------------------------------ Captured stdout setup -------------------------------------------------------------------------------------------------------------------
{'callData': '0x293f7bbd', 'expectations': '0x000000000000000000000000000000000000000000000000000000000000002000000000000000000000000000000000000000000000000000000000000000076161612461616100000000000000000000000000000000000000000000000000', 'failure': False, 'signature': 'oneByteUTF8()'}
_______________________________________________________ test_semantics[/home/greg/dev/nethermind/warp/tests/semantic/solidity/test/libsolidity/semanticTests/functionTypes/mapping_of_functions.sol] _______________________________________________________
../../../warp_dev/lib/python3.7/site-packages/cairo_lang-0.6.2-py3.7.egg/starkware/starknet/business_logic/internal_transaction.py:539: in _run
    verify_secure=True,
../../../warp_dev/lib/python3.7/site-packages/cairo_lang-0.6.2-py3.7.egg/starkware/cairo/common/cairo_function_runner.py:199: in run_from_entrypoint
    self.run_until_pc(addr=end, run_resources=run_resources)
../../../warp_dev/lib/python3.7/site-packages/cairo_lang-0.6.2-py3.7.egg/starkware/cairo/lang/vm/cairo_runner.py:284: in run_until_pc
    self.vm_step()
../../../warp_dev/lib/python3.7/site-packages/cairo_lang-0.6.2-py3.7.egg/starkware/cairo/lang/vm/cairo_runner.py:298: in vm_step
    self.vm.step()
../../../warp_dev/lib/python3.7/site-packages/cairo_lang-0.6.2-py3.7.egg/starkware/cairo/lang/vm/virtual_machine_base.py:255: in step
    self.run_instruction(instruction)
../../../warp_dev/lib/python3.7/site-packages/cairo_lang-0.6.2-py3.7.egg/starkware/cairo/lang/vm/vm_core.py:422: in run_instruction
    raise self.as_vm_exception(exc) from None
E   starkware.cairo.lang.vm.vm_exceptions.VmException: /home/greg/dev/nethermind/warp/tests/semantic/solidity/test/libsolidity/semanticTests/functionTypes/mapping_of_functions.cairo.temp:184:9: Error at pc=0:2493:
E   An ASSERT_EQ instruction failed: 1 != 0.
E           assert 0 = 1
E           ^**********^
E   Cairo traceback (most recent call last):
E   /home/greg/dev/nethermind/warp/tests/semantic/solidity/test/libsolidity/semanticTests/functionTypes/mapping_of_functions.cairo.temp:54:6: (pc=0:1989)
E   func __main{
E        ^****^
E   /home/greg/dev/nethermind/warp/tests/semantic/solidity/test/libsolidity/semanticTests/functionTypes/mapping_of_functions.cairo.temp:68:9: (pc=0:1928)
E           __main_meat()
E           ^***********^
E   /home/greg/dev/nethermind/warp/tests/semantic/solidity/test/libsolidity/semanticTests/functionTypes/mapping_of_functions.cairo.temp:364:5: (pc=0:2987)
E       __warp_if_0(__warp_subexpr_0)
E       ^***************************^
E   /home/greg/dev/nethermind/warp/tests/semantic/solidity/test/libsolidity/semanticTests/functionTypes/mapping_of_functions.cairo.temp:348:9: (pc=0:2941)
E           __warp_block_0()
E           ^**************^
E   /home/greg/dev/nethermind/warp/tests/semantic/solidity/test/libsolidity/semanticTests/functionTypes/mapping_of_functions.cairo.temp:338:5: (pc=0:2916)
E       __warp_block_1()
E       ^**************^
E   /home/greg/dev/nethermind/warp/tests/semantic/solidity/test/libsolidity/semanticTests/functionTypes/mapping_of_functions.cairo.temp:329:5: (pc=0:2903)
E       __warp_block_2(match_var)
E       ^***********************^
E   /home/greg/dev/nethermind/warp/tests/semantic/solidity/test/libsolidity/semanticTests/functionTypes/mapping_of_functions.cairo.temp:318:5: (pc=0:2868)
E       __warp_if_1(__warp_subexpr_0, match_var)
E       ^**************************************^
E   /home/greg/dev/nethermind/warp/tests/semantic/solidity/test/libsolidity/semanticTests/functionTypes/mapping_of_functions.cairo.temp:307:9: (pc=0:2831)
E           __warp_block_4(match_var)
E           ^***********************^
E   /home/greg/dev/nethermind/warp/tests/semantic/solidity/test/libsolidity/semanticTests/functionTypes/mapping_of_functions.cairo.temp:294:5: (pc=0:2813)
E       __warp_if_2(__warp_subexpr_0)
E       ^***************************^
E   /home/greg/dev/nethermind/warp/tests/semantic/solidity/test/libsolidity/semanticTests/functionTypes/mapping_of_functions.cairo.temp:281:9: (pc=0:2789)
E           __warp_block_5()
E           ^**************^
E   /home/greg/dev/nethermind/warp/tests/semantic/solidity/test/libsolidity/semanticTests/functionTypes/mapping_of_functions.cairo.temp:267:5: (pc=0:2719)
E       __warp_block_6()
E       ^**************^
E   /home/greg/dev/nethermind/warp/tests/semantic/solidity/test/libsolidity/semanticTests/functionTypes/mapping_of_functions.cairo.temp:246:5: (pc=0:2651)
E       __warp_block_7(match_var)
E       ^***********************^
E   /home/greg/dev/nethermind/warp/tests/semantic/solidity/test/libsolidity/semanticTests/functionTypes/mapping_of_functions.cairo.temp:233:5: (pc=0:2603)
E       __warp_if_3(__warp_subexpr_0, match_var)
E       ^**************************************^
E   /home/greg/dev/nethermind/warp/tests/semantic/solidity/test/libsolidity/semanticTests/functionTypes/mapping_of_functions.cairo.temp:222:9: (pc=0:2570)
E           __warp_block_9(match_var)
E           ^***********************^
E   /home/greg/dev/nethermind/warp/tests/semantic/solidity/test/libsolidity/semanticTests/functionTypes/mapping_of_functions.cairo.temp:209:5: (pc=0:2554)
E       __warp_if_4(__warp_subexpr_0, match_var)
E       ^**************************************^
E   /home/greg/dev/nethermind/warp/tests/semantic/solidity/test/libsolidity/semanticTests/functionTypes/mapping_of_functions.cairo.temp:198:9: (pc=0:2515)
E           __warp_block_11(match_var)
E           ^************************^

During handling of the above exception, another exception occurred:
tests/semantic/test_semantics.py:161: in test_semantics
    res = await invoke_method_evm_calldata(starknet, contract_address, argument)
../../../warp_dev/lib/python3.7/site-packages/sol_warp-0.2.12-py3.7.egg/yul/starknet_utils.py:30: in invoke_method_evm_calldata
    caller_address=0,
../../../warp_dev/lib/python3.7/site-packages/cairo_lang-0.6.2-py3.7.egg/starkware/starknet/testing/state.py:153: in invoke_raw
    state=state_copy, general_config=self.general_config
../../../warp_dev/lib/python3.7/site-packages/cairo_lang-0.6.2-py3.7.egg/starkware/starknet/business_logic/internal_transaction_interface.py:213: in apply_state_updates
    state=state_to_update, general_config=general_config
../../../warp_dev/lib/python3.7/site-packages/cairo_lang-0.6.2-py3.7.egg/starkware/starknet/business_logic/internal_transaction.py:405: in _apply_specific_state_updates
    func=_synchronous_apply_specific_state_updates,
/usr/lib/python3.7/concurrent/futures/thread.py:57: in run
    result = self.fn(*self.args, **self.kwargs)
../../../warp_dev/lib/python3.7/site-packages/cairo_lang-0.6.2-py3.7.egg/starkware/starknet/business_logic/internal_transaction.py:433: in _synchronous_apply_specific_state_updates
    run_resources=run_resources,
../../../warp_dev/lib/python3.7/site-packages/cairo_lang-0.6.2-py3.7.egg/starkware/starknet/business_logic/internal_transaction.py:559: in _run
    raise StarkException(code=code, message=str(exception))
E   starkware.starkware_utils.error_handling.StarkException: (500, {'code': <StarknetErrorCode.TRANSACTION_FAILED: 28>, 'message': '/home/greg/dev/nethermind/warp/tests/semantic/solidity/test/libsolidity/semanticTests/functionTypes/mapping_of_functions.cairo.temp:184:9: Error at pc=0:2493:\nAn ASSERT_EQ instruction failed: 1 != 0.\n        assert 0 = 1\n        ^**********^\nCairo traceback (most recent call last):\n/home/greg/dev/nethermind/warp/tests/semantic/solidity/test/libsolidity/semanticTests/functionTypes/mapping_of_functions.cairo.temp:54:6: (pc=0:1989)\nfunc __main{\n     ^****^\n/home/greg/dev/nethermind/warp/tests/semantic/solidity/test/libsolidity/semanticTests/functionTypes/mapping_of_functions.cairo.temp:68:9: (pc=0:1928)\n        __main_meat()\n        ^***********^\n/home/greg/dev/nethermind/warp/tests/semantic/solidity/test/libsolidity/semanticTests/functionTypes/mapping_of_functions.cairo.temp:364:5: (pc=0:2987)\n    __warp_if_0(__warp_subexpr_0)\n    ^***************************^\n/home/greg/dev/nethermind/warp/tests/semantic/solidity/test/libsolidity/semanticTests/functionTypes/mapping_of_functions.cairo.temp:348:9: (pc=0:2941)\n        __warp_block_0()\n        ^**************^\n/home/greg/dev/nethermind/warp/tests/semantic/solidity/test/libsolidity/semanticTests/functionTypes/mapping_of_functions.cairo.temp:338:5: (pc=0:2916)\n    __warp_block_1()\n    ^**************^\n/home/greg/dev/nethermind/warp/tests/semantic/solidity/test/libsolidity/semanticTests/functionTypes/mapping_of_functions.cairo.temp:329:5: (pc=0:2903)\n    __warp_block_2(match_var)\n    ^***********************^\n/home/greg/dev/nethermind/warp/tests/semantic/solidity/test/libsolidity/semanticTests/functionTypes/mapping_of_functions.cairo.temp:318:5: (pc=0:2868)\n    __warp_if_1(__warp_subexpr_0, match_var)\n    ^**************************************^\n/home/greg/dev/nethermind/warp/tests/semantic/solidity/test/libsolidity/semanticTests/functionTypes/mapping_of_functions.cairo.temp:307:9: (pc=0:2831)\n        __warp_block_4(match_var)\n        ^***********************^\n/home/greg/dev/nethermind/warp/tests/semantic/solidity/test/libsolidity/semanticTests/functionTypes/mapping_of_functions.cairo.temp:294:5: (pc=0:2813)\n    __warp_if_2(__warp_subexpr_0)\n    ^***************************^\n/home/greg/dev/nethermind/warp/tests/semantic/solidity/test/libsolidity/semanticTests/functionTypes/mapping_of_functions.cairo.temp:281:9: (pc=0:2789)\n        __warp_block_5()\n        ^**************^\n/home/greg/dev/nethermind/warp/tests/semantic/solidity/test/libsolidity/semanticTests/functionTypes/mapping_of_functions.cairo.temp:267:5: (pc=0:2719)\n    __warp_block_6()\n    ^**************^\n/home/greg/dev/nethermind/warp/tests/semantic/solidity/test/libsolidity/semanticTests/functionTypes/mapping_of_functions.cairo.temp:246:5: (pc=0:2651)\n    __warp_block_7(match_var)\n    ^***********************^\n/home/greg/dev/nethermind/warp/tests/semantic/solidity/test/libsolidity/semanticTests/functionTypes/mapping_of_functions.cairo.temp:233:5: (pc=0:2603)\n    __warp_if_3(__warp_subexpr_0, match_var)\n    ^**************************************^\n/home/greg/dev/nethermind/warp/tests/semantic/solidity/test/libsolidity/semanticTests/functionTypes/mapping_of_functions.cairo.temp:222:9: (pc=0:2570)\n        __warp_block_9(match_var)\n        ^***********************^\n/home/greg/dev/nethermind/warp/tests/semantic/solidity/test/libsolidity/semanticTests/functionTypes/mapping_of_functions.cairo.temp:209:5: (pc=0:2554)\n    __warp_if_4(__warp_subexpr_0, match_var)\n    ^**************************************^\n/home/greg/dev/nethermind/warp/tests/semantic/solidity/test/libsolidity/semanticTests/functionTypes/mapping_of_functions.cairo.temp:198:9: (pc=0:2515)\n        __warp_block_11(match_var)\n        ^************************^'})
------------------------------------------------------------------------------------------------------------------- Captured stdout call -------------------------------------------------------------------------------------------------------------------
{'callData': '0x26121ff0', 'expectations': '0x0000000000000000000000000000000000000000000000000000000000000007', 'failure': False, 'signature': 'f()'}
------------------------------------------------------------------------------------------------------------------- Captured stderr call -------------------------------------------------------------------------------------------------------------------
Warning: SPDX license identifier not provided in source file. Before publishing, consider adding a comment containing "SPDX-License-Identifier: <SPDX-License>" to each source file. Use "SPDX-License-Identifier: UNLICENSED" for non-open-source code. Please see https://spdx.org for more information.
--> tests/semantic/solidity/test/libsolidity/semanticTests/variables/delete_local_marked.sol

Warning: Function state mutability can be restricted to pure
 --> tests/semantic/solidity/test/libsolidity/semanticTests/variables/delete_local_marked.sol:3:5:
  |
3 |     function delLocal() public returns (uint res){
  |     ^ (Relevant source part starts here and spans across multiple lines).

_____________________________________ test_semantics[/home/greg/dev/nethermind/warp/tests/semantic/solidity/test/libsolidity/semanticTests/functionTypes/same_function_in_construction_and_runtime_equality_check.sol] _____________________________________
FAILURE: /home/greg/dev/nethermind/warp/tests/semantic/solidity/test/libsolidity/semanticTests/functionTypes/same_function_in_construction_and_runtime_equality_check.cairo.temp
assert '0x0000000000...0000000000000' == '0x0000000000...0000000000001'
  - 0x0000000000000000000000000000000000000000000000000000000000000001
  ?                                                                  ^
  + 0x0000000000000000000000000000000000000000000000000000000000000000
  ?                                                                  ^
tests/semantic/test_semantics.py:173 in test_semantics() -> check.equal(final_res, expected_result, cairo_file_path)
------------------------------------------------------------
Failed Checks: 1
------------------------------------------------------------------------------------------------------------------- Captured stdout call -------------------------------------------------------------------------------------------------------------------
{'callData': '0xf8a8fd6d', 'expectations': '0x0000000000000000000000000000000000000000000000000000000000000001', 'failure': False, 'signature': 'test()'}
------------------------------------------------------------------------------------------------------------------- Captured stderr call -------------------------------------------------------------------------------------------------------------------
Warning: SPDX license identifier not provided in source file. Before publishing, consider adding a comment containing "SPDX-License-Identifier: <SPDX-License>" to each source file. Use "SPDX-License-Identifier: UNLICENSED" for non-open-source code. Please see https://spdx.org for more information.
--> tests/semantic/solidity/test/libsolidity/semanticTests/variables/mapping_local_tuple_assignment_marked.sol

Warning: SPDX license identifier not provided in source file. Before publishing, consider adding a comment containing "SPDX-License-Identifier: <SPDX-License>" to each source file. Use "SPDX-License-Identifier: UNLICENSED" for non-open-source code. Please see https://spdx.org for more information.
--> tests/semantic/solidity/test/libsolidity/semanticTests/variables/mapping_local_compound_assignment_marked.sol

__________________________________________________________ test_semantics[/home/greg/dev/nethermind/warp/tests/semantic/solidity/test/libsolidity/semanticTests/functionTypes/address_member.sol] __________________________________________________________
FAILURE: /home/greg/dev/nethermind/warp/tests/semantic/solidity/test/libsolidity/semanticTests/functionTypes/address_member.cairo.temp
assert '0x03b3cbd8bf...de6116ed399f9' == '0x0000000000...fa6165cd0b87b'
  - 0x0000000000000000000000000fdd67305928fcac8d213d1e47bfa6165cd0b87b0000000000000000000000000fdd67305928fcac8d213d1e47bfa6165cd0b87b
  + 0x03b3cbd8bf4327d4b211d4c7ecada31de5508552815360450b4de6116ed399f903b3cbd8bf4327d4b211d4c7ecada31de5508552815360450b4de6116ed399f9
tests/semantic/test_semantics.py:173 in test_semantics() -> check.equal(final_res, expected_result, cairo_file_path)
------------------------------------------------------------
Failed Checks: 1
------------------------------------------------------------------------------------------------------------------- Captured stdout call -------------------------------------------------------------------------------------------------------------------
{'callData': '0x26121ff0', 'expectations': '0x0000000000000000000000000fdd67305928fcac8d213d1e47bfa6165cd0b87b0000000000000000000000000fdd67305928fcac8d213d1e47bfa6165cd0b87b', 'failure': False, 'signature': 'f()'}
------------------------------------------------------------------------------------------------------------------- Captured stderr call -------------------------------------------------------------------------------------------------------------------
Warning: SPDX license identifier not provided in source file. Before publishing, consider adding a comment containing "SPDX-License-Identifier: <SPDX-License>" to each source file. Use "SPDX-License-Identifier: UNLICENSED" for non-open-source code. Please see https://spdx.org for more information.
--> tests/semantic/solidity/test/libsolidity/semanticTests/variables/public_state_overridding_mapping_to_dynamic_struct_marked.sol

_____________________________________________________ test_semantics[/home/greg/dev/nethermind/warp/tests/semantic/solidity/test/libsolidity/semanticTests/functionTypes/function_delete_storage.sol] ______________________________________________________
../../../warp_dev/lib/python3.7/site-packages/cairo_lang-0.6.2-py3.7.egg/starkware/starknet/business_logic/internal_transaction.py:539: in _run
    verify_secure=True,
../../../warp_dev/lib/python3.7/site-packages/cairo_lang-0.6.2-py3.7.egg/starkware/cairo/common/cairo_function_runner.py:199: in run_from_entrypoint
    self.run_until_pc(addr=end, run_resources=run_resources)
../../../warp_dev/lib/python3.7/site-packages/cairo_lang-0.6.2-py3.7.egg/starkware/cairo/lang/vm/cairo_runner.py:284: in run_until_pc
    self.vm_step()
../../../warp_dev/lib/python3.7/site-packages/cairo_lang-0.6.2-py3.7.egg/starkware/cairo/lang/vm/cairo_runner.py:298: in vm_step
    self.vm.step()
../../../warp_dev/lib/python3.7/site-packages/cairo_lang-0.6.2-py3.7.egg/starkware/cairo/lang/vm/virtual_machine_base.py:255: in step
    self.run_instruction(instruction)
../../../warp_dev/lib/python3.7/site-packages/cairo_lang-0.6.2-py3.7.egg/starkware/cairo/lang/vm/vm_core.py:422: in run_instruction
    raise self.as_vm_exception(exc) from None
E   starkware.cairo.lang.vm.vm_exceptions.VmException: /home/greg/dev/nethermind/warp/tests/semantic/solidity/test/libsolidity/semanticTests/functionTypes/function_delete_storage.cairo.temp:112:9: Error at pc=0:1981:
E   An ASSERT_EQ instruction failed: 1 != 0.
E           assert 0 = 1
E           ^**********^
E   Cairo traceback (most recent call last):
E   /home/greg/dev/nethermind/warp/tests/semantic/solidity/test/libsolidity/semanticTests/functionTypes/function_delete_storage.cairo.temp:51:6: (pc=0:1869)
E   func __main{
E        ^****^
E   /home/greg/dev/nethermind/warp/tests/semantic/solidity/test/libsolidity/semanticTests/functionTypes/function_delete_storage.cairo.temp:65:9: (pc=0:1808)
E           __main_meat()
E           ^***********^
E   /home/greg/dev/nethermind/warp/tests/semantic/solidity/test/libsolidity/semanticTests/functionTypes/function_delete_storage.cairo.temp:356:5: (pc=0:2723)
E       __warp_if_0(__warp_subexpr_0)
E       ^***************************^
E   /home/greg/dev/nethermind/warp/tests/semantic/solidity/test/libsolidity/semanticTests/functionTypes/function_delete_storage.cairo.temp:340:9: (pc=0:2677)
E           __warp_block_2()
E           ^**************^
E   /home/greg/dev/nethermind/warp/tests/semantic/solidity/test/libsolidity/semanticTests/functionTypes/function_delete_storage.cairo.temp:330:5: (pc=0:2652)
E       __warp_block_3(match_var)
E       ^***********************^
E   /home/greg/dev/nethermind/warp/tests/semantic/solidity/test/libsolidity/semanticTests/functionTypes/function_delete_storage.cairo.temp:319:5: (pc=0:2617)
E       __warp_if_1(__warp_subexpr_0, match_var)
E       ^**************************************^
E   /home/greg/dev/nethermind/warp/tests/semantic/solidity/test/libsolidity/semanticTests/functionTypes/function_delete_storage.cairo.temp:308:9: (pc=0:2574)
E           __warp_block_5(match_var)
E           ^***********************^
E   /home/greg/dev/nethermind/warp/tests/semantic/solidity/test/libsolidity/semanticTests/functionTypes/function_delete_storage.cairo.temp:295:5: (pc=0:2556)
E       __warp_if_2(__warp_subexpr_0, match_var)
E       ^**************************************^
E   /home/greg/dev/nethermind/warp/tests/semantic/solidity/test/libsolidity/semanticTests/functionTypes/function_delete_storage.cairo.temp:281:9: (pc=0:2530)
E           __warp_block_6()
E           ^**************^
E   /home/greg/dev/nethermind/warp/tests/semantic/solidity/test/libsolidity/semanticTests/functionTypes/function_delete_storage.cairo.temp:190:41: (pc=0:2214)
E       let (ret__warp_mangled : Uint256) = dispatch_internal_in_out(__warp_subexpr_1)
E                                           ^****************************************^
E   /home/greg/dev/nethermind/warp/tests/semantic/solidity/test/libsolidity/semanticTests/functionTypes/function_delete_storage.cairo.temp:127:27: (pc=0:2010)
E       let (out : Uint256) = __warp_block_0(fun, out)
E                             ^**********************^
E   /home/greg/dev/nethermind/warp/tests/semantic/solidity/test/libsolidity/semanticTests/functionTypes/function_delete_storage.cairo.temp:120:27: (pc=0:1998)
E       let (out : Uint256) = __warp_block_1(match_var, out)
E                             ^****************************^

During handling of the above exception, another exception occurred:
tests/semantic/test_semantics.py:161: in test_semantics
    res = await invoke_method_evm_calldata(starknet, contract_address, argument)
../../../warp_dev/lib/python3.7/site-packages/sol_warp-0.2.12-py3.7.egg/yul/starknet_utils.py:30: in invoke_method_evm_calldata
    caller_address=0,
../../../warp_dev/lib/python3.7/site-packages/cairo_lang-0.6.2-py3.7.egg/starkware/starknet/testing/state.py:153: in invoke_raw
    state=state_copy, general_config=self.general_config
../../../warp_dev/lib/python3.7/site-packages/cairo_lang-0.6.2-py3.7.egg/starkware/starknet/business_logic/internal_transaction_interface.py:213: in apply_state_updates
    state=state_to_update, general_config=general_config
../../../warp_dev/lib/python3.7/site-packages/cairo_lang-0.6.2-py3.7.egg/starkware/starknet/business_logic/internal_transaction.py:405: in _apply_specific_state_updates
    func=_synchronous_apply_specific_state_updates,
/usr/lib/python3.7/concurrent/futures/thread.py:57: in run
    result = self.fn(*self.args, **self.kwargs)
../../../warp_dev/lib/python3.7/site-packages/cairo_lang-0.6.2-py3.7.egg/starkware/starknet/business_logic/internal_transaction.py:433: in _synchronous_apply_specific_state_updates
    run_resources=run_resources,
../../../warp_dev/lib/python3.7/site-packages/cairo_lang-0.6.2-py3.7.egg/starkware/starknet/business_logic/internal_transaction.py:559: in _run
    raise StarkException(code=code, message=str(exception))
E   starkware.starkware_utils.error_handling.StarkException: (500, {'code': <StarknetErrorCode.TRANSACTION_FAILED: 28>, 'message': '/home/greg/dev/nethermind/warp/tests/semantic/solidity/test/libsolidity/semanticTests/functionTypes/function_delete_storage.cairo.temp:112:9: Error at pc=0:1981:\nAn ASSERT_EQ instruction failed: 1 != 0.\n        assert 0 = 1\n        ^**********^\nCairo traceback (most recent call last):\n/home/greg/dev/nethermind/warp/tests/semantic/solidity/test/libsolidity/semanticTests/functionTypes/function_delete_storage.cairo.temp:51:6: (pc=0:1869)\nfunc __main{\n     ^****^\n/home/greg/dev/nethermind/warp/tests/semantic/solidity/test/libsolidity/semanticTests/functionTypes/function_delete_storage.cairo.temp:65:9: (pc=0:1808)\n        __main_meat()\n        ^***********^\n/home/greg/dev/nethermind/warp/tests/semantic/solidity/test/libsolidity/semanticTests/functionTypes/function_delete_storage.cairo.temp:356:5: (pc=0:2723)\n    __warp_if_0(__warp_subexpr_0)\n    ^***************************^\n/home/greg/dev/nethermind/warp/tests/semantic/solidity/test/libsolidity/semanticTests/functionTypes/function_delete_storage.cairo.temp:340:9: (pc=0:2677)\n        __warp_block_2()\n        ^**************^\n/home/greg/dev/nethermind/warp/tests/semantic/solidity/test/libsolidity/semanticTests/functionTypes/function_delete_storage.cairo.temp:330:5: (pc=0:2652)\n    __warp_block_3(match_var)\n    ^***********************^\n/home/greg/dev/nethermind/warp/tests/semantic/solidity/test/libsolidity/semanticTests/functionTypes/function_delete_storage.cairo.temp:319:5: (pc=0:2617)\n    __warp_if_1(__warp_subexpr_0, match_var)\n    ^**************************************^\n/home/greg/dev/nethermind/warp/tests/semantic/solidity/test/libsolidity/semanticTests/functionTypes/function_delete_storage.cairo.temp:308:9: (pc=0:2574)\n        __warp_block_5(match_var)\n        ^***********************^\n/home/greg/dev/nethermind/warp/tests/semantic/solidity/test/libsolidity/semanticTests/functionTypes/function_delete_storage.cairo.temp:295:5: (pc=0:2556)\n    __warp_if_2(__warp_subexpr_0, match_var)\n    ^**************************************^\n/home/greg/dev/nethermind/warp/tests/semantic/solidity/test/libsolidity/semanticTests/functionTypes/function_delete_storage.cairo.temp:281:9: (pc=0:2530)\n        __warp_block_6()\n        ^**************^\n/home/greg/dev/nethermind/warp/tests/semantic/solidity/test/libsolidity/semanticTests/functionTypes/function_delete_storage.cairo.temp:190:41: (pc=0:2214)\n    let (ret__warp_mangled : Uint256) = dispatch_internal_in_out(__warp_subexpr_1)\n                                        ^****************************************^\n/home/greg/dev/nethermind/warp/tests/semantic/solidity/test/libsolidity/semanticTests/functionTypes/function_delete_storage.cairo.temp:127:27: (pc=0:2010)\n    let (out : Uint256) = __warp_block_0(fun, out)\n                          ^**********************^\n/home/greg/dev/nethermind/warp/tests/semantic/solidity/test/libsolidity/semanticTests/functionTypes/function_delete_storage.cairo.temp:120:27: (pc=0:1998)\n    let (out : Uint256) = __warp_block_1(match_var, out)\n                          ^****************************^'})
------------------------------------------------------------------------------------------------------------------- Captured stdout call -------------------------------------------------------------------------------------------------------------------
{'callData': '0xb8e010de', 'expectations': '0x0000000000000000000000000000000000000000000000000000000000000007', 'failure': False, 'signature': 'set()'}
{'callData': '0x7934fd96', 'expectations': '0x0000000000000000000000000000000000000000000000000000000000000007', 'failure': False, 'signature': 'ca()'}
------------------------------------------------------------------------------------------------------------------- Captured stderr call -------------------------------------------------------------------------------------------------------------------
Warning: SPDX license identifier not provided in source file. Before publishing, consider adding a comment containing "SPDX-License-Identifier: <SPDX-License>" to each source file. Use "SPDX-License-Identifier: UNLICENSED" for non-open-source code. Please see https://spdx.org for more information.
--> tests/semantic/solidity/test/libsolidity/semanticTests/abiencodedecode/abi_decode_simple_storage_marked.sol

Warning: SPDX license identifier not provided in source file. Before publishing, consider adding a comment containing "SPDX-License-Identifier: <SPDX-License>" to each source file. Use "SPDX-License-Identifier: UNLICENSED" for non-open-source code. Please see https://spdx.org for more information.
--> tests/semantic/solidity/test/libsolidity/semanticTests/abiencodedecode/contract_array_marked.sol

Warning: Function state mutability can be restricted to pure
 --> tests/semantic/solidity/test/libsolidity/semanticTests/abiencodedecode/contract_array_marked.sol:3:3:
  |
3 |   function f(bytes calldata x) public returns (C[] memory) {
  |   ^ (Relevant source part starts here and spans across multiple lines).

Warning: Function state mutability can be restricted to pure
 --> tests/semantic/solidity/test/libsolidity/semanticTests/abiencodedecode/contract_array_marked.sol:6:3:
  |
6 |   function g() public returns (bytes memory) {
  |   ^ (Relevant source part starts here and spans across multiple lines).

__________________________________________________ test_semantics[/home/greg/dev/nethermind/warp/tests/semantic/solidity/test/libsolidity/semanticTests/abiencodedecode/abi_encode_call_declaration.sol] ___________________________________________________
tests/semantic/test_semantics.py:123: in test_semantics
    constructor_args, contract_expectations = get_expectations(contract_file)
tests/semantic/test_semantics.py:102: in get_expectations
    expectations = test_calldata[contract_path]
E   KeyError: './scripts/../test/libsolidity/semanticTests/abiencodedecode/abi_encode_call_declaration.sol'
________________________________________________________ test_semantics[/home/greg/dev/nethermind/warp/tests/semantic/solidity/test/libsolidity/semanticTests/abiencodedecode/abi_encode_call.sol] _________________________________________________________
tests/semantic/test_semantics.py:123: in test_semantics
    constructor_args, contract_expectations = get_expectations(contract_file)
tests/semantic/test_semantics.py:102: in get_expectations
    expectations = test_calldata[contract_path]
E   KeyError: './scripts/../test/libsolidity/semanticTests/abiencodedecode/abi_encode_call.sol'
_________________________________________________ test_semantics[/home/greg/dev/nethermind/warp/tests/semantic/solidity/test/libsolidity/semanticTests/abiencodedecode/abi_encode_call_is_consistent.sol] __________________________________________________
tests/semantic/test_semantics.py:123: in test_semantics
    constructor_args, contract_expectations = get_expectations(contract_file)
tests/semantic/test_semantics.py:102: in get_expectations
    expectations = test_calldata[contract_path]
E   KeyError: './scripts/../test/libsolidity/semanticTests/abiencodedecode/abi_encode_call_is_consistent.sol'
______________________________________________________ test_semantics[/home/greg/dev/nethermind/warp/tests/semantic/solidity/test/libsolidity/semanticTests/functionTypes/struct_with_functions.sol] _______________________________________________________
../../../warp_dev/lib/python3.7/site-packages/cairo_lang-0.6.2-py3.7.egg/starkware/starknet/business_logic/internal_transaction.py:539: in _run
    verify_secure=True,
../../../warp_dev/lib/python3.7/site-packages/cairo_lang-0.6.2-py3.7.egg/starkware/cairo/common/cairo_function_runner.py:199: in run_from_entrypoint
    self.run_until_pc(addr=end, run_resources=run_resources)
../../../warp_dev/lib/python3.7/site-packages/cairo_lang-0.6.2-py3.7.egg/starkware/cairo/lang/vm/cairo_runner.py:284: in run_until_pc
    self.vm_step()
../../../warp_dev/lib/python3.7/site-packages/cairo_lang-0.6.2-py3.7.egg/starkware/cairo/lang/vm/cairo_runner.py:298: in vm_step
    self.vm.step()
../../../warp_dev/lib/python3.7/site-packages/cairo_lang-0.6.2-py3.7.egg/starkware/cairo/lang/vm/virtual_machine_base.py:255: in step
    self.run_instruction(instruction)
../../../warp_dev/lib/python3.7/site-packages/cairo_lang-0.6.2-py3.7.egg/starkware/cairo/lang/vm/vm_core.py:422: in run_instruction
    raise self.as_vm_exception(exc) from None
E   starkware.cairo.lang.vm.vm_exceptions.VmException: /home/greg/dev/nethermind/warp/tests/semantic/solidity/test/libsolidity/semanticTests/functionTypes/struct_with_functions.cairo.temp:126:9: Error at pc=0:2156:
E   An ASSERT_EQ instruction failed: 1 != 0.
E           assert 0 = 1
E           ^**********^
E   Cairo traceback (most recent call last):
E   /home/greg/dev/nethermind/warp/tests/semantic/solidity/test/libsolidity/semanticTests/functionTypes/struct_with_functions.cairo.temp:53:6: (pc=0:1883)
E   func __main{
E        ^****^
E   /home/greg/dev/nethermind/warp/tests/semantic/solidity/test/libsolidity/semanticTests/functionTypes/struct_with_functions.cairo.temp:67:9: (pc=0:1822)
E           __main_meat()
E           ^***********^
E   /home/greg/dev/nethermind/warp/tests/semantic/solidity/test/libsolidity/semanticTests/functionTypes/struct_with_functions.cairo.temp:242:5: (pc=0:2528)
E       __warp_if_1(__warp_subexpr_0)
E       ^***************************^
E   /home/greg/dev/nethermind/warp/tests/semantic/solidity/test/libsolidity/semanticTests/functionTypes/struct_with_functions.cairo.temp:226:9: (pc=0:2482)
E           __warp_block_3()
E           ^**************^
E   /home/greg/dev/nethermind/warp/tests/semantic/solidity/test/libsolidity/semanticTests/functionTypes/struct_with_functions.cairo.temp:216:5: (pc=0:2457)
E       __warp_if_2(__warp_subexpr_0)
E       ^***************************^
E   /home/greg/dev/nethermind/warp/tests/semantic/solidity/test/libsolidity/semanticTests/functionTypes/struct_with_functions.cairo.temp:201:9: (pc=0:2412)
E           __warp_block_4()
E           ^**************^
E   /home/greg/dev/nethermind/warp/tests/semantic/solidity/test/libsolidity/semanticTests/functionTypes/struct_with_functions.cairo.temp:182:28: (pc=0:2289)
E       let (expr : Uint256) = dispatch_internal_in_out(__warp_subexpr_3)
E                              ^****************************************^
E   /home/greg/dev/nethermind/warp/tests/semantic/solidity/test/libsolidity/semanticTests/functionTypes/struct_with_functions.cairo.temp:160:27: (pc=0:2222)
E       let (out : Uint256) = __warp_block_0(fun, out)
E                             ^**********************^
E   /home/greg/dev/nethermind/warp/tests/semantic/solidity/test/libsolidity/semanticTests/functionTypes/struct_with_functions.cairo.temp:153:27: (pc=0:2210)
E       let (out : Uint256) = __warp_block_1(match_var, out)
E                             ^****************************^
E   /home/greg/dev/nethermind/warp/tests/semantic/solidity/test/libsolidity/semanticTests/functionTypes/struct_with_functions.cairo.temp:146:27: (pc=0:2200)
E       let (out : Uint256) = __warp_if_0(__warp_subexpr_0, match_var, out)
E                             ^*******************************************^
E   /home/greg/dev/nethermind/warp/tests/semantic/solidity/test/libsolidity/semanticTests/functionTypes/struct_with_functions.cairo.temp:138:31: (pc=0:2176)
E           let (out : Uint256) = __warp_block_2(match_var, out)
E                                 ^****************************^

During handling of the above exception, another exception occurred:
tests/semantic/test_semantics.py:161: in test_semantics
    res = await invoke_method_evm_calldata(starknet, contract_address, argument)
../../../warp_dev/lib/python3.7/site-packages/sol_warp-0.2.12-py3.7.egg/yul/starknet_utils.py:30: in invoke_method_evm_calldata
    caller_address=0,
../../../warp_dev/lib/python3.7/site-packages/cairo_lang-0.6.2-py3.7.egg/starkware/starknet/testing/state.py:153: in invoke_raw
    state=state_copy, general_config=self.general_config
../../../warp_dev/lib/python3.7/site-packages/cairo_lang-0.6.2-py3.7.egg/starkware/starknet/business_logic/internal_transaction_interface.py:213: in apply_state_updates
    state=state_to_update, general_config=general_config
../../../warp_dev/lib/python3.7/site-packages/cairo_lang-0.6.2-py3.7.egg/starkware/starknet/business_logic/internal_transaction.py:405: in _apply_specific_state_updates
    func=_synchronous_apply_specific_state_updates,
/usr/lib/python3.7/concurrent/futures/thread.py:57: in run
    result = self.fn(*self.args, **self.kwargs)
../../../warp_dev/lib/python3.7/site-packages/cairo_lang-0.6.2-py3.7.egg/starkware/starknet/business_logic/internal_transaction.py:433: in _synchronous_apply_specific_state_updates
    run_resources=run_resources,
../../../warp_dev/lib/python3.7/site-packages/cairo_lang-0.6.2-py3.7.egg/starkware/starknet/business_logic/internal_transaction.py:559: in _run
    raise StarkException(code=code, message=str(exception))
E   starkware.starkware_utils.error_handling.StarkException: (500, {'code': <StarknetErrorCode.TRANSACTION_FAILED: 28>, 'message': '/home/greg/dev/nethermind/warp/tests/semantic/solidity/test/libsolidity/semanticTests/functionTypes/struct_with_functions.cairo.temp:126:9: Error at pc=0:2156:\nAn ASSERT_EQ instruction failed: 1 != 0.\n        assert 0 = 1\n        ^**********^\nCairo traceback (most recent call last):\n/home/greg/dev/nethermind/warp/tests/semantic/solidity/test/libsolidity/semanticTests/functionTypes/struct_with_functions.cairo.temp:53:6: (pc=0:1883)\nfunc __main{\n     ^****^\n/home/greg/dev/nethermind/warp/tests/semantic/solidity/test/libsolidity/semanticTests/functionTypes/struct_with_functions.cairo.temp:67:9: (pc=0:1822)\n        __main_meat()\n        ^***********^\n/home/greg/dev/nethermind/warp/tests/semantic/solidity/test/libsolidity/semanticTests/functionTypes/struct_with_functions.cairo.temp:242:5: (pc=0:2528)\n    __warp_if_1(__warp_subexpr_0)\n    ^***************************^\n/home/greg/dev/nethermind/warp/tests/semantic/solidity/test/libsolidity/semanticTests/functionTypes/struct_with_functions.cairo.temp:226:9: (pc=0:2482)\n        __warp_block_3()\n        ^**************^\n/home/greg/dev/nethermind/warp/tests/semantic/solidity/test/libsolidity/semanticTests/functionTypes/struct_with_functions.cairo.temp:216:5: (pc=0:2457)\n    __warp_if_2(__warp_subexpr_0)\n    ^***************************^\n/home/greg/dev/nethermind/warp/tests/semantic/solidity/test/libsolidity/semanticTests/functionTypes/struct_with_functions.cairo.temp:201:9: (pc=0:2412)\n        __warp_block_4()\n        ^**************^\n/home/greg/dev/nethermind/warp/tests/semantic/solidity/test/libsolidity/semanticTests/functionTypes/struct_with_functions.cairo.temp:182:28: (pc=0:2289)\n    let (expr : Uint256) = dispatch_internal_in_out(__warp_subexpr_3)\n                           ^****************************************^\n/home/greg/dev/nethermind/warp/tests/semantic/solidity/test/libsolidity/semanticTests/functionTypes/struct_with_functions.cairo.temp:160:27: (pc=0:2222)\n    let (out : Uint256) = __warp_block_0(fun, out)\n                          ^**********************^\n/home/greg/dev/nethermind/warp/tests/semantic/solidity/test/libsolidity/semanticTests/functionTypes/struct_with_functions.cairo.temp:153:27: (pc=0:2210)\n    let (out : Uint256) = __warp_block_1(match_var, out)\n                          ^****************************^\n/home/greg/dev/nethermind/warp/tests/semantic/solidity/test/libsolidity/semanticTests/functionTypes/struct_with_functions.cairo.temp:146:27: (pc=0:2200)\n    let (out : Uint256) = __warp_if_0(__warp_subexpr_0, match_var, out)\n                          ^*******************************************^\n/home/greg/dev/nethermind/warp/tests/semantic/solidity/test/libsolidity/semanticTests/functionTypes/struct_with_functions.cairo.temp:138:31: (pc=0:2176)\n        let (out : Uint256) = __warp_block_2(match_var, out)\n                              ^****************************^'})
------------------------------------------------------------------------------------------------------------------- Captured stdout call -------------------------------------------------------------------------------------------------------------------
{'callData': '0x26121ff0', 'expectations': '0x00000000000000000000000000000000000000000000000000000000000000010000000000000000000000000000000000000000000000000000000000000002', 'failure': False, 'signature': 'f()'}
------------------------------------------------------------------------------------------------------------------- Captured stderr call -------------------------------------------------------------------------------------------------------------------
Warning: SPDX license identifier not provided in source file. Before publishing, consider adding a comment containing "SPDX-License-Identifier: <SPDX-License>" to each source file. Use "SPDX-License-Identifier: UNLICENSED" for non-open-source code. Please see https://spdx.org for more information.
--> tests/semantic/solidity/test/libsolidity/semanticTests/abiencodedecode/offset_overflow_in_array_decoding_marked.sol

Warning: SPDX license identifier not provided in source file. Before publishing, consider adding a comment containing "SPDX-License-Identifier: <SPDX-License>" to each source file. Use "SPDX-License-Identifier: UNLICENSED" for non-open-source code. Please see https://spdx.org for more information.
--> tests/semantic/solidity/test/libsolidity/semanticTests/abiencodedecode/abi_encode_with_selector_marked.sol

__________________________________________________ test_semantics[/home/greg/dev/nethermind/warp/tests/semantic/solidity/test/libsolidity/semanticTests/functionTypes/pass_function_types_externally.sol] __________________________________________________
../../../warp_dev/lib/python3.7/site-packages/cairo_lang-0.6.2-py3.7.egg/starkware/starknet/business_logic/internal_transaction.py:539: in _run
    verify_secure=True,
../../../warp_dev/lib/python3.7/site-packages/cairo_lang-0.6.2-py3.7.egg/starkware/cairo/common/cairo_function_runner.py:199: in run_from_entrypoint
    self.run_until_pc(addr=end, run_resources=run_resources)
../../../warp_dev/lib/python3.7/site-packages/cairo_lang-0.6.2-py3.7.egg/starkware/cairo/lang/vm/cairo_runner.py:284: in run_until_pc
    self.vm_step()
../../../warp_dev/lib/python3.7/site-packages/cairo_lang-0.6.2-py3.7.egg/starkware/cairo/lang/vm/cairo_runner.py:298: in vm_step
    self.vm.step()
../../../warp_dev/lib/python3.7/site-packages/cairo_lang-0.6.2-py3.7.egg/starkware/cairo/lang/vm/virtual_machine_base.py:241: in step
    self.exec_hint(hint.compiled, exec_locals, hint_index=hint_index)
../../../warp_dev/lib/python3.7/site-packages/cairo_lang-0.6.2-py3.7.egg/starkware/cairo/lang/vm/virtual_machine_base.py:281: in exec_hint
    ) from None
E   starkware.cairo.lang.vm.vm_exceptions.VmException: /home/greg/warp_dev/lib/python3.7/site-packages/cairo_lang-0.6.2-py3.7.egg/starkware/starknet/common/syscalls.cairo:50:5: Error at pc=0:148:
E   Got an exception while executing a hint.
E       %{ syscall_handler.call_contract(segments=segments, syscall_ptr=ids.syscall_ptr) %}
E       ^*********************************************************************************^
E   Cairo traceback (most recent call last):
E   /home/greg/dev/nethermind/warp/tests/semantic/solidity/test/libsolidity/semanticTests/functionTypes/pass_function_types_externally.cairo.temp:43:6: (pc=0:2276)
E   func __main{bitwise_ptr : BitwiseBuiltin*, range_check_ptr, syscall_ptr : felt*}(
E        ^****^
E   /home/greg/dev/nethermind/warp/tests/semantic/solidity/test/libsolidity/semanticTests/functionTypes/pass_function_types_externally.cairo.temp:56:9: (pc=0:2218)
E           __main_meat()
E           ^***********^
E   /home/greg/dev/nethermind/warp/tests/semantic/solidity/test/libsolidity/semanticTests/functionTypes/pass_function_types_externally.cairo.temp:521:5: (pc=0:3866)
E       __warp_if_3(__warp_subexpr_0)
E       ^***************************^
E   /home/greg/dev/nethermind/warp/tests/semantic/solidity/test/libsolidity/semanticTests/functionTypes/pass_function_types_externally.cairo.temp:506:9: (pc=0:3821)
E           __warp_block_3()
E           ^**************^
E   /home/greg/dev/nethermind/warp/tests/semantic/solidity/test/libsolidity/semanticTests/functionTypes/pass_function_types_externally.cairo.temp:496:5: (pc=0:3798)
E       __warp_block_4(match_var)
E       ^***********************^
E   /home/greg/dev/nethermind/warp/tests/semantic/solidity/test/libsolidity/semanticTests/functionTypes/pass_function_types_externally.cairo.temp:486:5: (pc=0:3764)
E       __warp_if_4(__warp_subexpr_0, match_var)
E       ^**************************************^
E   /home/greg/dev/nethermind/warp/tests/semantic/solidity/test/libsolidity/semanticTests/functionTypes/pass_function_types_externally.cairo.temp:473:9: (pc=0:3739)
E           __warp_block_5()
E           ^**************^
E   /home/greg/dev/nethermind/warp/tests/semantic/solidity/test/libsolidity/semanticTests/functionTypes/pass_function_types_externally.cairo.temp:348:41: (pc=0:3300)
E       let (ret__warp_mangled : Uint256) = fun_f(__warp_subexpr_0)
E                                           ^*********************^
E   /home/greg/dev/nethermind/warp/tests/semantic/solidity/test/libsolidity/semanticTests/functionTypes/pass_function_types_externally.cairo.temp:165:26: (pc=0:2677)
E       let (_2 : Uint256) = warp_call(
E                            ^********^
E   /home/greg/dev/nethermind/warp/warp/cairo-src/evm/yul_api.cairo:42:21: (pc=0:2070)
E       let (success) = general_call(
E                       ^***********^
E   /home/greg/dev/nethermind/warp/warp/cairo-src/evm/calls.cairo:84:5: (pc=0:1946)
E       call abs call_function
E       ^********************^
E   
E   Error in the called contract (0x3e49960e99b649f61133abe746b48149861c6e82cc8f07768271356908121a4):
E   /home/greg/warp_dev/lib/python3.7/site-packages/cairo_lang-0.6.2-py3.7.egg/starkware/starknet/common/syscalls.cairo:50:5: Error at pc=0:148:
E   Got an exception while executing a hint.
E       %{ syscall_handler.call_contract(segments=segments, syscall_ptr=ids.syscall_ptr) %}
E       ^*********************************************************************************^
E   Cairo traceback (most recent call last):
E   /home/greg/dev/nethermind/warp/tests/semantic/solidity/test/libsolidity/semanticTests/functionTypes/pass_function_types_externally.cairo.temp:43:6: (pc=0:2276)
E   func __main{bitwise_ptr : BitwiseBuiltin*, range_check_ptr, syscall_ptr : felt*}(
E        ^****^
E   /home/greg/dev/nethermind/warp/tests/semantic/solidity/test/libsolidity/semanticTests/functionTypes/pass_function_types_externally.cairo.temp:56:9: (pc=0:2218)
E           __main_meat()
E           ^***********^
E   /home/greg/dev/nethermind/warp/tests/semantic/solidity/test/libsolidity/semanticTests/functionTypes/pass_function_types_externally.cairo.temp:521:5: (pc=0:3866)
E       __warp_if_3(__warp_subexpr_0)
E       ^***************************^
E   /home/greg/dev/nethermind/warp/tests/semantic/solidity/test/libsolidity/semanticTests/functionTypes/pass_function_types_externally.cairo.temp:506:9: (pc=0:3821)
E           __warp_block_3()
E           ^**************^
E   /home/greg/dev/nethermind/warp/tests/semantic/solidity/test/libsolidity/semanticTests/functionTypes/pass_function_types_externally.cairo.temp:496:5: (pc=0:3798)
E       __warp_block_4(match_var)
E       ^***********************^
E   /home/greg/dev/nethermind/warp/tests/semantic/solidity/test/libsolidity/semanticTests/functionTypes/pass_function_types_externally.cairo.temp:486:5: (pc=0:3764)
E       __warp_if_4(__warp_subexpr_0, match_var)
E       ^**************************************^
E   /home/greg/dev/nethermind/warp/tests/semantic/solidity/test/libsolidity/semanticTests/functionTypes/pass_function_types_externally.cairo.temp:476:9: (pc=0:3729)
E           __warp_block_6(match_var)
E           ^***********************^
E   /home/greg/dev/nethermind/warp/tests/semantic/solidity/test/libsolidity/semanticTests/functionTypes/pass_function_types_externally.cairo.temp:463:5: (pc=0:3712)
E       __warp_if_5(__warp_subexpr_0, match_var)
E       ^**************************************^
E   /home/greg/dev/nethermind/warp/tests/semantic/solidity/test/libsolidity/semanticTests/functionTypes/pass_function_types_externally.cairo.temp:453:9: (pc=0:3677)
E           __warp_block_8(match_var)
E           ^***********************^
E   /home/greg/dev/nethermind/warp/tests/semantic/solidity/test/libsolidity/semanticTests/functionTypes/pass_function_types_externally.cairo.temp:440:5: (pc=0:3660)
E       __warp_if_6(__warp_subexpr_0, match_var)
E       ^**************************************^
E   /home/greg/dev/nethermind/warp/tests/semantic/solidity/test/libsolidity/semanticTests/functionTypes/pass_function_types_externally.cairo.temp:427:9: (pc=0:3635)
E           __warp_block_9()
E           ^**************^
E   /home/greg/dev/nethermind/warp/tests/semantic/solidity/test/libsolidity/semanticTests/functionTypes/pass_function_types_externally.cairo.temp:378:29: (pc=0:3448)
E       let (ret_2 : Uint256) = fun_eval(param, param_1, param_2)
E                               ^*******************************^
E   /home/greg/dev/nethermind/warp/tests/semantic/solidity/test/libsolidity/semanticTests/functionTypes/pass_function_types_externally.cairo.temp:310:26: (pc=0:3204)
E       let (_2 : Uint256) = warp_call(
E                            ^********^
E   /home/greg/dev/nethermind/warp/warp/cairo-src/evm/yul_api.cairo:42:21: (pc=0:2070)
E       let (success) = general_call(
E                       ^***********^
E   /home/greg/dev/nethermind/warp/warp/cairo-src/evm/calls.cairo:84:5: (pc=0:1946)
E       call abs call_function
E       ^********************^
E   
E   Error in the called contract (0x746b48149861c6e82cc8f07768271356908121a3):
E   Contract with address 664635388244592929110197416336097374425938207139 is not deployed.

During handling of the above exception, another exception occurred:
tests/semantic/test_semantics.py:161: in test_semantics
    res = await invoke_method_evm_calldata(starknet, contract_address, argument)
../../../warp_dev/lib/python3.7/site-packages/sol_warp-0.2.12-py3.7.egg/yul/starknet_utils.py:30: in invoke_method_evm_calldata
    caller_address=0,
../../../warp_dev/lib/python3.7/site-packages/cairo_lang-0.6.2-py3.7.egg/starkware/starknet/testing/state.py:153: in invoke_raw
    state=state_copy, general_config=self.general_config
../../../warp_dev/lib/python3.7/site-packages/cairo_lang-0.6.2-py3.7.egg/starkware/starknet/business_logic/internal_transaction_interface.py:213: in apply_state_updates
    state=state_to_update, general_config=general_config
../../../warp_dev/lib/python3.7/site-packages/cairo_lang-0.6.2-py3.7.egg/starkware/starknet/business_logic/internal_transaction.py:405: in _apply_specific_state_updates
    func=_synchronous_apply_specific_state_updates,
/usr/lib/python3.7/concurrent/futures/thread.py:57: in run
    result = self.fn(*self.args, **self.kwargs)
../../../warp_dev/lib/python3.7/site-packages/cairo_lang-0.6.2-py3.7.egg/starkware/starknet/business_logic/internal_transaction.py:433: in _synchronous_apply_specific_state_updates
    run_resources=run_resources,
../../../warp_dev/lib/python3.7/site-packages/cairo_lang-0.6.2-py3.7.egg/starkware/starknet/business_logic/internal_transaction.py:559: in _run
    raise StarkException(code=code, message=str(exception))
E   starkware.starkware_utils.error_handling.StarkException: (500, {'code': <StarknetErrorCode.UNINITIALIZED_CONTRACT: 32>, 'message': '/home/greg/warp_dev/lib/python3.7/site-packages/cairo_lang-0.6.2-py3.7.egg/starkware/starknet/common/syscalls.cairo:50:5: Error at pc=0:148:\nGot an exception while executing a hint.\n    %{ syscall_handler.call_contract(segments=segments, syscall_ptr=ids.syscall_ptr) %}\n    ^*********************************************************************************^\nCairo traceback (most recent call last):\n/home/greg/dev/nethermind/warp/tests/semantic/solidity/test/libsolidity/semanticTests/functionTypes/pass_function_types_externally.cairo.temp:43:6: (pc=0:2276)\nfunc __main{bitwise_ptr : BitwiseBuiltin*, range_check_ptr, syscall_ptr : felt*}(\n     ^****^\n/home/greg/dev/nethermind/warp/tests/semantic/solidity/test/libsolidity/semanticTests/functionTypes/pass_function_types_externally.cairo.temp:56:9: (pc=0:2218)\n        __main_meat()\n        ^***********^\n/home/greg/dev/nethermind/warp/tests/semantic/solidity/test/libsolidity/semanticTests/functionTypes/pass_function_types_externally.cairo.temp:521:5: (pc=0:3866)\n    __warp_if_3(__warp_subexpr_0)\n    ^***************************^\n/home/greg/dev/nethermind/warp/tests/semantic/solidity/test/libsolidity/semanticTests/functionTypes/pass_function_types_externally.cairo.temp:506:9: (pc=0:3821)\n        __warp_block_3()\n        ^**************^\n/home/greg/dev/nethermind/warp/tests/semantic/solidity/test/libsolidity/semanticTests/functionTypes/pass_function_types_externally.cairo.temp:496:5: (pc=0:3798)\n    __warp_block_4(match_var)\n    ^***********************^\n/home/greg/dev/nethermind/warp/tests/semantic/solidity/test/libsolidity/semanticTests/functionTypes/pass_function_types_externally.cairo.temp:486:5: (pc=0:3764)\n    __warp_if_4(__warp_subexpr_0, match_var)\n    ^**************************************^\n/home/greg/dev/nethermind/warp/tests/semantic/solidity/test/libsolidity/semanticTests/functionTypes/pass_function_types_externally.cairo.temp:473:9: (pc=0:3739)\n        __warp_block_5()\n        ^**************^\n/home/greg/dev/nethermind/warp/tests/semantic/solidity/test/libsolidity/semanticTests/functionTypes/pass_function_types_externally.cairo.temp:348:41: (pc=0:3300)\n    let (ret__warp_mangled : Uint256) = fun_f(__warp_subexpr_0)\n                                        ^*********************^\n/home/greg/dev/nethermind/warp/tests/semantic/solidity/test/libsolidity/semanticTests/functionTypes/pass_function_types_externally.cairo.temp:165:26: (pc=0:2677)\n    let (_2 : Uint256) = warp_call(\n                         ^********^\n/home/greg/dev/nethermind/warp/warp/cairo-src/evm/yul_api.cairo:42:21: (pc=0:2070)\n    let (success) = general_call(\n                    ^***********^\n/home/greg/dev/nethermind/warp/warp/cairo-src/evm/calls.cairo:84:5: (pc=0:1946)\n    call abs call_function\n    ^********************^\n\nError in the called contract (0x3e49960e99b649f61133abe746b48149861c6e82cc8f07768271356908121a4):\n/home/greg/warp_dev/lib/python3.7/site-packages/cairo_lang-0.6.2-py3.7.egg/starkware/starknet/common/syscalls.cairo:50:5: Error at pc=0:148:\nGot an exception while executing a hint.\n    %{ syscall_handler.call_contract(segments=segments, syscall_ptr=ids.syscall_ptr) %}\n    ^*********************************************************************************^\nCairo traceback (most recent call last):\n/home/greg/dev/nethermind/warp/tests/semantic/solidity/test/libsolidity/semanticTests/functionTypes/pass_function_types_externally.cairo.temp:43:6: (pc=0:2276)\nfunc __main{bitwise_ptr : BitwiseBuiltin*, range_check_ptr, syscall_ptr : felt*}(\n     ^****^\n/home/greg/dev/nethermind/warp/tests/semantic/solidity/test/libsolidity/semanticTests/functionTypes/pass_function_types_externally.cairo.temp:56:9: (pc=0:2218)\n        __main_meat()\n        ^***********^\n/home/greg/dev/nethermind/warp/tests/semantic/solidity/test/libsolidity/semanticTests/functionTypes/pass_function_types_externally.cairo.temp:521:5: (pc=0:3866)\n    __warp_if_3(__warp_subexpr_0)\n    ^***************************^\n/home/greg/dev/nethermind/warp/tests/semantic/solidity/test/libsolidity/semanticTests/functionTypes/pass_function_types_externally.cairo.temp:506:9: (pc=0:3821)\n        __warp_block_3()\n        ^**************^\n/home/greg/dev/nethermind/warp/tests/semantic/solidity/test/libsolidity/semanticTests/functionTypes/pass_function_types_externally.cairo.temp:496:5: (pc=0:3798)\n    __warp_block_4(match_var)\n    ^***********************^\n/home/greg/dev/nethermind/warp/tests/semantic/solidity/test/libsolidity/semanticTests/functionTypes/pass_function_types_externally.cairo.temp:486:5: (pc=0:3764)\n    __warp_if_4(__warp_subexpr_0, match_var)\n    ^**************************************^\n/home/greg/dev/nethermind/warp/tests/semantic/solidity/test/libsolidity/semanticTests/functionTypes/pass_function_types_externally.cairo.temp:476:9: (pc=0:3729)\n        __warp_block_6(match_var)\n        ^***********************^\n/home/greg/dev/nethermind/warp/tests/semantic/solidity/test/libsolidity/semanticTests/functionTypes/pass_function_types_externally.cairo.temp:463:5: (pc=0:3712)\n    __warp_if_5(__warp_subexpr_0, match_var)\n    ^**************************************^\n/home/greg/dev/nethermind/warp/tests/semantic/solidity/test/libsolidity/semanticTests/functionTypes/pass_function_types_externally.cairo.temp:453:9: (pc=0:3677)\n        __warp_block_8(match_var)\n        ^***********************^\n/home/greg/dev/nethermind/warp/tests/semantic/solidity/test/libsolidity/semanticTests/functionTypes/pass_function_types_externally.cairo.temp:440:5: (pc=0:3660)\n    __warp_if_6(__warp_subexpr_0, match_var)\n    ^**************************************^\n/home/greg/dev/nethermind/warp/tests/semantic/solidity/test/libsolidity/semanticTests/functionTypes/pass_function_types_externally.cairo.temp:427:9: (pc=0:3635)\n        __warp_block_9()\n        ^**************^\n/home/greg/dev/nethermind/warp/tests/semantic/solidity/test/libsolidity/semanticTests/functionTypes/pass_function_types_externally.cairo.temp:378:29: (pc=0:3448)\n    let (ret_2 : Uint256) = fun_eval(param, param_1, param_2)\n                            ^*******************************^\n/home/greg/dev/nethermind/warp/tests/semantic/solidity/test/libsolidity/semanticTests/functionTypes/pass_function_types_externally.cairo.temp:310:26: (pc=0:3204)\n    let (_2 : Uint256) = warp_call(\n                         ^********^\n/home/greg/dev/nethermind/warp/warp/cairo-src/evm/yul_api.cairo:42:21: (pc=0:2070)\n    let (success) = general_call(\n                    ^***********^\n/home/greg/dev/nethermind/warp/warp/cairo-src/evm/calls.cairo:84:5: (pc=0:1946)\n    call abs call_function\n    ^********************^\n\nError in the called contract (0x746b48149861c6e82cc8f07768271356908121a3):\nContract with address 664635388244592929110197416336097374425938207139 is not deployed.'})
------------------------------------------------------------------------------------------------------------------- Captured stdout call -------------------------------------------------------------------------------------------------------------------
{'callData': '0xb3de648b0000000000000000000000000000000000000000000000000000000000000007', 'expectations': '0x0000000000000000000000000000000000000000000000000000000000000008', 'failure': False, 'signature': 'f(uint256)'}
------------------------------------------------------------------------------------------------------------------- Captured stderr call -------------------------------------------------------------------------------------------------------------------
Warning: SPDX license identifier not provided in source file. Before publishing, consider adding a comment containing "SPDX-License-Identifier: <SPDX-License>" to each source file. Use "SPDX-License-Identifier: UNLICENSED" for non-open-source code. Please see https://spdx.org for more information.
--> tests/semantic/solidity/test/libsolidity/semanticTests/abiencodedecode/abi_decode_calldata_marked.sol

Warning: SPDX license identifier not provided in source file. Before publishing, consider adding a comment containing "SPDX-License-Identifier: <SPDX-License>" to each source file. Use "SPDX-License-Identifier: UNLICENSED" for non-open-source code. Please see https://spdx.org for more information.
--> tests/semantic/solidity/test/libsolidity/semanticTests/abiencodedecode/abi_encode_with_signature_marked.sol

__________________________________________________ test_semantics[/home/greg/dev/nethermind/warp/tests/semantic/solidity/test/libsolidity/semanticTests/abiencodedecode/abi_encode_call_special_args.sol] __________________________________________________
tests/semantic/test_semantics.py:123: in test_semantics
    constructor_args, contract_expectations = get_expectations(contract_file)
tests/semantic/test_semantics.py:102: in get_expectations
    expectations = test_calldata[contract_path]
E   KeyError: './scripts/../test/libsolidity/semanticTests/abiencodedecode/abi_encode_call_special_args.sol'
_____________________________________________________ test_semantics[/home/greg/dev/nethermind/warp/tests/semantic/solidity/test/libsolidity/semanticTests/abiencodedecode/abi_encode_call_memory.sol] _____________________________________________________
tests/semantic/test_semantics.py:123: in test_semantics
    constructor_args, contract_expectations = get_expectations(contract_file)
tests/semantic/test_semantics.py:102: in get_expectations
    expectations = test_calldata[contract_path]
E   KeyError: './scripts/../test/libsolidity/semanticTests/abiencodedecode/abi_encode_call_memory.sol'
___________________________________________________ test_semantics[/home/greg/dev/nethermind/warp/tests/semantic/solidity/test/libsolidity/semanticTests/abiencodedecode/abi_encode_with_signature.sol] ____________________________________________________
../../../warp_dev/lib/python3.7/site-packages/cairo_lang-0.6.2-py3.7.egg/starkware/cairo/lang/compiler/preprocessor/preprocessor.py:365: in search_identifier
    result = self.identifiers.search(self.accessible_scopes, ScopedName.from_string(name))
../../../warp_dev/lib/python3.7/site-packages/cairo_lang-0.6.2-py3.7.egg/starkware/cairo/lang/compiler/identifier_manager.py:225: in search
    res = self._search(accessible_scopes=accessible_scopes, name=name, get_scope=False)
../../../warp_dev/lib/python3.7/site-packages/cairo_lang-0.6.2-py3.7.egg/starkware/cairo/lang/compiler/identifier_manager.py:217: in _search
    raise MissingIdentifierError(name[:1])
E   starkware.cairo.lang.compiler.identifier_manager.MissingIdentifierError: Unknown identifier 'bitwise_ptr'.

During handling of the above exception, another exception occurred:
tests/semantic/test_semantics.py:135: in test_semantics
    contract_definition = await starknet_compile(cairo_file_path)
tests/semantic/test_semantics.py:71: in starknet_compile
    [contract_file], debug_info=True, cairo_path=[cairo_path]
../../../warp_dev/lib/python3.7/site-packages/cairo_lang-0.6.2-py3.7.egg/starkware/starknet/compiler/compile.py:107: in compile_starknet_files
    cairo_path=cairo_path,
../../../warp_dev/lib/python3.7/site-packages/cairo_lang-0.6.2-py3.7.egg/starkware/starknet/compiler/compile.py:128: in compile_starknet_codes
    code=codes, debug_info=debug_info, pass_manager=pass_manager
../../../warp_dev/lib/python3.7/site-packages/cairo_lang-0.6.2-py3.7.egg/starkware/cairo/lang/compiler/cairo_compile.py:230: in compile_cairo_ex
    codes=codes_with_filenames, pass_manager=pass_manager, main_scope=main_scope
../../../warp_dev/lib/python3.7/site-packages/cairo_lang-0.6.2-py3.7.egg/starkware/cairo/lang/compiler/preprocessor/preprocess_codes.py:24: in preprocess_codes
    pass_manager.run(context)
../../../warp_dev/lib/python3.7/site-packages/cairo_lang-0.6.2-py3.7.egg/starkware/cairo/lang/compiler/preprocessor/pass_manager.py:53: in run
    stage.run(context)
../../../warp_dev/lib/python3.7/site-packages/cairo_lang-0.6.2-py3.7.egg/starkware/cairo/lang/compiler/preprocessor/default_pass_manager.py:89: in run
    preprocessor.visit(module)
../../../warp_dev/lib/python3.7/site-packages/cairo_lang-0.6.2-py3.7.egg/starkware/cairo/lang/compiler/ast/visitor.py:40: in visit
    return getattr(self, f"visit_{type(obj).__name__}", self._visit_default)(obj)
../../../warp_dev/lib/python3.7/site-packages/cairo_lang-0.6.2-py3.7.egg/starkware/cairo/lang/compiler/preprocessor/preprocessor.py:427: in visit_CairoModule
    super().visit_CairoModule(module)
../../../warp_dev/lib/python3.7/site-packages/cairo_lang-0.6.2-py3.7.egg/starkware/cairo/lang/compiler/ast/visitor.py:63: in visit_CairoModule
    cairo_file=CairoFile(code_block=self.visit(module.cairo_file.code_block)),
../../../warp_dev/lib/python3.7/site-packages/cairo_lang-0.6.2-py3.7.egg/starkware/cairo/lang/compiler/ast/visitor.py:40: in visit
    return getattr(self, f"visit_{type(obj).__name__}", self._visit_default)(obj)
../../../warp_dev/lib/python3.7/site-packages/cairo_lang-0.6.2-py3.7.egg/starkware/cairo/lang/compiler/preprocessor/preprocessor.py:415: in visit_CodeBlock
    self.visit_uncommented_code_block([x.code_elm for x in code_block.code_elements])
../../../warp_dev/lib/python3.7/site-packages/cairo_lang-0.6.2-py3.7.egg/starkware/cairo/lang/compiler/preprocessor/preprocessor.py:397: in visit_uncommented_code_block
    self.visit(elm)
../../../warp_dev/lib/python3.7/site-packages/cairo_lang-0.6.2-py3.7.egg/starkware/cairo/lang/compiler/ast/visitor.py:40: in visit
    return getattr(self, f"visit_{type(obj).__name__}", self._visit_default)(obj)
../../../warp_dev/lib/python3.7/site-packages/cairo_lang-0.6.2-py3.7.egg/starkware/starknet/compiler/starknet_preprocessor.py:172: in visit_CodeElementFunction
    super().visit_CodeElementFunction(elm)
../../../warp_dev/lib/python3.7/site-packages/cairo_lang-0.6.2-py3.7.egg/starkware/cairo/lang/compiler/preprocessor/preprocessor.py:615: in visit_CodeElementFunction
    code_block=elm.code_block, location=elm.identifier.location
../../../warp_dev/lib/python3.7/site-packages/cairo_lang-0.6.2-py3.7.egg/starkware/cairo/lang/compiler/preprocessor/preprocessor.py:671: in visit_function_body_with_retries
    self.visit_uncommented_code_block(code_elements)
../../../warp_dev/lib/python3.7/site-packages/cairo_lang-0.6.2-py3.7.egg/starkware/cairo/lang/compiler/preprocessor/preprocessor.py:397: in visit_uncommented_code_block
    self.visit(elm)
../../../warp_dev/lib/python3.7/site-packages/cairo_lang-0.6.2-py3.7.egg/starkware/cairo/lang/compiler/ast/visitor.py:40: in visit
    return getattr(self, f"visit_{type(obj).__name__}", self._visit_default)(obj)
../../../warp_dev/lib/python3.7/site-packages/cairo_lang-0.6.2-py3.7.egg/starkware/cairo/lang/compiler/preprocessor/preprocessor.py:1757: in visit_CodeElementUnpackBinding
    self.visit(CodeElementFuncCall(func_call=elm.rvalue))
../../../warp_dev/lib/python3.7/site-packages/cairo_lang-0.6.2-py3.7.egg/starkware/cairo/lang/compiler/ast/visitor.py:40: in visit
    return getattr(self, f"visit_{type(obj).__name__}", self._visit_default)(obj)
../../../warp_dev/lib/python3.7/site-packages/cairo_lang-0.6.2-py3.7.egg/starkware/cairo/lang/compiler/preprocessor/preprocessor.py:1616: in visit_CodeElementFuncCall
    location=elm.func_call.location,
../../../warp_dev/lib/python3.7/site-packages/cairo_lang-0.6.2-py3.7.egg/starkware/cairo/lang/compiler/preprocessor/preprocessor.py:1391: in push_arguments
    location=location,
../../../warp_dev/lib/python3.7/site-packages/cairo_lang-0.6.2-py3.7.egg/starkware/cairo/lang/compiler/preprocessor/preprocessor.py:1314: in process_implicit_arguments
    felt_expr_list = self.simplify_expr_to_felt_expr_list(expr, member_def.cairo_type)
../../../warp_dev/lib/python3.7/site-packages/cairo_lang-0.6.2-py3.7.egg/starkware/cairo/lang/compiler/preprocessor/preprocessor.py:2083: in simplify_expr_to_felt_expr_list
    expr, expr_type = self.simplify_expr(expr)
../../../warp_dev/lib/python3.7/site-packages/cairo_lang-0.6.2-py3.7.egg/starkware/cairo/lang/compiler/preprocessor/preprocessor.py:2054: in simplify_expr
    resolve_type_callback=self.resolve_type,
../../../warp_dev/lib/python3.7/site-packages/cairo_lang-0.6.2-py3.7.egg/starkware/cairo/lang/compiler/substitute_identifiers.py:113: in substitute_identifiers
    ).visit(expr)
../../../warp_dev/lib/python3.7/site-packages/cairo_lang-0.6.2-py3.7.egg/starkware/cairo/lang/compiler/expression_transformer.py:47: in visit
    return getattr(self, funcname)(expr)
../../../warp_dev/lib/python3.7/site-packages/cairo_lang-0.6.2-py3.7.egg/starkware/cairo/lang/compiler/substitute_identifiers.py:38: in visit_ExprIdentifier
    val = self.get_identifier_callback(expr)
../../../warp_dev/lib/python3.7/site-packages/cairo_lang-0.6.2-py3.7.egg/starkware/cairo/lang/compiler/preprocessor/preprocessor.py:2185: in get_variable
    identifier_definition = self.search_identifier(var.name, var.location)
../../../warp_dev/lib/python3.7/site-packages/cairo_lang-0.6.2-py3.7.egg/starkware/cairo/lang/compiler/preprocessor/preprocessor.py:368: in search_identifier
    raise PreprocessorError(str(exc), location=location)
E   starkware.cairo.lang.compiler.preprocessor.preprocessor_error.PreprocessorError: /home/greg/dev/nethermind/warp/warp/cairo-src/evm/hashing.cairo:14:20: While trying to retrieve the implicit argument 'bitwise_ptr' in:
E       let (memval) = array_create_from_memory(offset, size)
E                      ^************************************^
E   /home/greg/dev/nethermind/warp/warp/cairo-src/evm/array.cairo:16:53: Unknown identifier 'bitwise_ptr'.
E           memory_dict : DictAccess*, range_check_ptr, bitwise_ptr : BitwiseBuiltin*}(
E                                                       ^***************************^
------------------------------------------------------------------------------------------------------------------- Captured stderr call -------------------------------------------------------------------------------------------------------------------
Warning: SPDX license identifier not provided in source file. Before publishing, consider adding a comment containing "SPDX-License-Identifier: <SPDX-License>" to each source file. Use "SPDX-License-Identifier: UNLICENSED" for non-open-source code. Please see https://spdx.org for more information.
--> tests/semantic/solidity/test/libsolidity/semanticTests/abiencodedecode/contract_array_v2_marked.sol

Warning: Function state mutability can be restricted to pure
 --> tests/semantic/solidity/test/libsolidity/semanticTests/abiencodedecode/contract_array_v2_marked.sol:4:3:
  |
4 |   function f(bytes calldata x) public returns (C[] memory) {
  |   ^ (Relevant source part starts here and spans across multiple lines).

Warning: Function state mutability can be restricted to pure
 --> tests/semantic/solidity/test/libsolidity/semanticTests/abiencodedecode/contract_array_v2_marked.sol:7:3:
  |
7 |   function g() public returns (bytes memory) {
  |   ^ (Relevant source part starts here and spans across multiple lines).

Warning: SPDX license identifier not provided in source file. Before publishing, consider adding a comment containing "SPDX-License-Identifier: <SPDX-License>" to each source file. Use "SPDX-License-Identifier: UNLICENSED" for non-open-source code. Please see https://spdx.org for more information.
--> tests/semantic/solidity/test/libsolidity/semanticTests/abiEncoderV1/abi_decode_static_array_marked.sol

----------------------------------------------------------------------------------------------------------------- Captured stdout teardown -----------------------------------------------------------------------------------------------------------------
{'callData': '0x26121ff0', 'expectations': '0x000000000000000000000000000000000000000000000000000000000000002a000000000000000000000000000000000000000000000000000000000000000000000000000000000000000000000000000000000000000000000000000000000000000000000000000000000000000000000000000000000000000000000015', 'failure': False, 'signature': 'f()'}
____________________________________________________ test_semantics[/home/greg/dev/nethermind/warp/tests/semantic/solidity/test/libsolidity/semanticTests/variables/mapping_local_tuple_assignment.sol] ____________________________________________________
FAILURE: /home/greg/dev/nethermind/warp/tests/semantic/solidity/test/libsolidity/semanticTests/variables/mapping_local_tuple_assignment.cairo.temp
assert '0x0000000000...00000000000eb' == '0x0000000000...0000000000015'
  - 0x000000000000000000000000000000000000000000000000000000000000002a000000000000000000000000000000000000000000000000000000000000000000000000000000000000000000000000000000000000000000000000000000000000000000000000000000000000000000000000000000000000000000000015
  + 0x00000000000000000000000000000000000000000000000000000000000000d60000000000000000000000000000000000000000000000000000000000000000000000000000000000000000000000000000000000000000000000000000000000000000000000000000000000000000000000000000000000000000000000eb
tests/semantic/test_semantics.py:173 in test_semantics() -> check.equal(final_res, expected_result, cairo_file_path)
------------------------------------------------------------
Failed Checks: 1
------------------------------------------------------------------------------------------------------------------- Captured stdout call -------------------------------------------------------------------------------------------------------------------
{'callData': '0x81bc25490000000000000000000000000000000000000000000000000000000000000fff', 'expectations': '0x0000000000000000000000000000000000000000000000000000000000000000', 'failure': False, 'signature': 'set_get_length(uint256)'}
__________________________________________________ test_semantics[/home/greg/dev/nethermind/warp/tests/semantic/solidity/test/libsolidity/semanticTests/variables/mapping_local_compound_assignment.sol] ___________________________________________________
FAILURE: /home/greg/dev/nethermind/warp/tests/semantic/solidity/test/libsolidity/semanticTests/variables/mapping_local_compound_assignment.cairo.temp
assert '0x0000000000...00000000000eb' == '0x0000000000...0000000000015'
  - 0x000000000000000000000000000000000000000000000000000000000000002a000000000000000000000000000000000000000000000000000000000000000000000000000000000000000000000000000000000000000000000000000000000000000000000000000000000000000000000000000000000000000000000015
  + 0x00000000000000000000000000000000000000000000000000000000000000d60000000000000000000000000000000000000000000000000000000000000000000000000000000000000000000000000000000000000000000000000000000000000000000000000000000000000000000000000000000000000000000000eb
tests/semantic/test_semantics.py:173 in test_semantics() -> check.equal(final_res, expected_result, cairo_file_path)
------------------------------------------------------------
Failed Checks: 1
------------------------------------------------------------------------------------------------------------------- Captured stdout call -------------------------------------------------------------------------------------------------------------------
{'callData': '0x26121ff0', 'expectations': '0x000000000000000000000000000000000000000000000000000000000000002a000000000000000000000000000000000000000000000000000000000000000000000000000000000000000000000000000000000000000000000000000000000000000000000000000000000000000000000000000000000000000000000015', 'failure': False, 'signature': 'f()'}
------------------------------------------------------------------------------------------------------------------- Captured stderr call -------------------------------------------------------------------------------------------------------------------
Warning: SPDX license identifier not provided in source file. Before publishing, consider adding a comment containing "SPDX-License-Identifier: <SPDX-License>" to each source file. Use "SPDX-License-Identifier: UNLICENSED" for non-open-source code. Please see https://spdx.org for more information.
--> tests/semantic/solidity/test/libsolidity/semanticTests/abiEncoderV1/return_dynamic_types_cross_call_out_of_range_2_marked.sol

Warning: Unused function parameter. Remove or comment out the variable name to silence this warning.
 --> tests/semantic/solidity/test/libsolidity/semanticTests/abiEncoderV1/return_dynamic_types_cross_call_out_of_range_2_marked.sol:3:42:
  |
3 |     function dyn(uint x) public returns (bytes memory a) {
  |                                          ^^^^^^^^^^^^^^

Warning: Function state mutability can be restricted to pure
 --> tests/semantic/solidity/test/libsolidity/semanticTests/abiEncoderV1/return_dynamic_types_cross_call_out_of_range_2_marked.sol:3:5:
  |
3 |     function dyn(uint x) public returns (bytes memory a) {
  |     ^ (Relevant source part starts here and spans across multiple lines).

Warning: SPDX license identifier not provided in source file. Before publishing, consider adding a comment containing "SPDX-License-Identifier: <SPDX-License>" to each source file. Use "SPDX-License-Identifier: UNLICENSED" for non-open-source code. Please see https://spdx.org for more information.
--> tests/semantic/solidity/test/libsolidity/semanticTests/abiEncoderV1/abi_decode_v2_marked.sol

_______________________________________________________ test_semantics[/home/greg/dev/nethermind/warp/tests/semantic/solidity/test/libsolidity/semanticTests/variables/mapping_local_assignment.sol] _______________________________________________________
FAILURE: /home/greg/dev/nethermind/warp/tests/semantic/solidity/test/libsolidity/semanticTests/variables/mapping_local_assignment.cairo.temp
assert '0x0000000000...00000000000eb' == '0x0000000000...0000000000015'
  - 0x000000000000000000000000000000000000000000000000000000000000002a000000000000000000000000000000000000000000000000000000000000000000000000000000000000000000000000000000000000000000000000000000000000000000000000000000000000000000000000000000000000000000000015
  + 0x00000000000000000000000000000000000000000000000000000000000000d60000000000000000000000000000000000000000000000000000000000000000000000000000000000000000000000000000000000000000000000000000000000000000000000000000000000000000000000000000000000000000000000eb
tests/semantic/test_semantics.py:173 in test_semantics() -> check.equal(final_res, expected_result, cairo_file_path)
------------------------------------------------------------
Failed Checks: 1
------------------------------------------------------------------------------------------------------------------- Captured stdout call -------------------------------------------------------------------------------------------------------------------
{'callData': '0x26121ff0', 'expectations': '0x000000000000000000000000000000000000000000000000000000000000002a000000000000000000000000000000000000000000000000000000000000000000000000000000000000000000000000000000000000000000000000000000000000000000000000000000000000000000000000000000000000000000000015', 'failure': False, 'signature': 'f()'}
------------------------------------------------------------------------------------------------------------------- Captured stderr call -------------------------------------------------------------------------------------------------------------------
Warning: SPDX license identifier not provided in source file. Before publishing, consider adding a comment containing "SPDX-License-Identifier: <SPDX-License>" to each source file. Use "SPDX-License-Identifier: UNLICENSED" for non-open-source code. Please see https://spdx.org for more information.
--> tests/semantic/solidity/test/libsolidity/semanticTests/abiEncoderV1/abi_decode_static_array_v2_marked.sol

_________________________________________________ test_semantics[/home/greg/dev/nethermind/warp/tests/semantic/solidity/test/libsolidity/semanticTests/viaYul/array_storage_push_empty_length_address.sol] _________________________________________________
../../../warp_dev/lib/python3.7/site-packages/cairo_lang-0.6.2-py3.7.egg/starkware/starknet/business_logic/internal_transaction.py:539: in _run
    verify_secure=True,
../../../warp_dev/lib/python3.7/site-packages/cairo_lang-0.6.2-py3.7.egg/starkware/cairo/common/cairo_function_runner.py:199: in run_from_entrypoint
    self.run_until_pc(addr=end, run_resources=run_resources)
../../../warp_dev/lib/python3.7/site-packages/cairo_lang-0.6.2-py3.7.egg/starkware/cairo/lang/vm/cairo_runner.py:289: in run_until_pc
    ResourcesError("Error: End of program was not reached"), self.vm.run_context.pc
E   starkware.cairo.lang.vm.vm_exceptions.VmException: /home/greg/dev/nethermind/warp/tests/semantic/solidity/test/libsolidity/semanticTests/viaYul/array_storage_push_empty_length_address.cairo.temp:101:5: While trying to retrieve the implicit argument 'bitwise_ptr' in:
E       return (slot, offset)
E       ^*******************^
E   /home/greg/dev/nethermind/warp/tests/semantic/solidity/test/libsolidity/semanticTests/viaYul/array_storage_push_empty_length_address.cairo.temp:85:9: While expanding the reference 'bitwise_ptr' in:
E           bitwise_ptr : BitwiseBuiltin*, memory_dict : DictAccess*, msize,
E           ^***************************^
E   /home/greg/dev/nethermind/warp/tests/semantic/solidity/test/libsolidity/semanticTests/viaYul/array_storage_push_empty_length_address.cairo.temp:97:40: While trying to update the implicit return value 'bitwise_ptr' in:
E       let (__warp_subexpr_3 : Uint256) = uint256_pedersen(
E                                          ^***************^
E   /home/greg/dev/nethermind/warp/warp/cairo-src/evm/hashing.cairo:39:9: Error at pc=0:2301:
E   Error: End of program was not reached
E           bitwise_ptr : BitwiseBuiltin*}(offset : Uint256, size : Uint256) -> (res : Uint256):
E           ^***************************^

During handling of the above exception, another exception occurred:
tests/semantic/test_semantics.py:161: in test_semantics
    res = await invoke_method_evm_calldata(starknet, contract_address, argument)
../../../warp_dev/lib/python3.7/site-packages/sol_warp-0.2.12-py3.7.egg/yul/starknet_utils.py:30: in invoke_method_evm_calldata
    caller_address=0,
../../../warp_dev/lib/python3.7/site-packages/cairo_lang-0.6.2-py3.7.egg/starkware/starknet/testing/state.py:153: in invoke_raw
    state=state_copy, general_config=self.general_config
../../../warp_dev/lib/python3.7/site-packages/cairo_lang-0.6.2-py3.7.egg/starkware/starknet/business_logic/internal_transaction_interface.py:213: in apply_state_updates
    state=state_to_update, general_config=general_config
../../../warp_dev/lib/python3.7/site-packages/cairo_lang-0.6.2-py3.7.egg/starkware/starknet/business_logic/internal_transaction.py:405: in _apply_specific_state_updates
    func=_synchronous_apply_specific_state_updates,
/usr/lib/python3.7/concurrent/futures/thread.py:57: in run
    result = self.fn(*self.args, **self.kwargs)
../../../warp_dev/lib/python3.7/site-packages/cairo_lang-0.6.2-py3.7.egg/starkware/starknet/business_logic/internal_transaction.py:433: in _synchronous_apply_specific_state_updates
    run_resources=run_resources,
../../../warp_dev/lib/python3.7/site-packages/cairo_lang-0.6.2-py3.7.egg/starkware/starknet/business_logic/internal_transaction.py:559: in _run
    raise StarkException(code=code, message=str(exception))
E   starkware.starkware_utils.error_handling.StarkException: (500, {'code': <StarknetErrorCode.OUT_OF_RESOURCES: 26>, 'message': "/home/greg/dev/nethermind/warp/tests/semantic/solidity/test/libsolidity/semanticTests/viaYul/array_storage_push_empty_length_address.cairo.temp:101:5: While trying to retrieve the implicit argument 'bitwise_ptr' in:\n    return (slot, offset)\n    ^*******************^\n/home/greg/dev/nethermind/warp/tests/semantic/solidity/test/libsolidity/semanticTests/viaYul/array_storage_push_empty_length_address.cairo.temp:85:9: While expanding the reference 'bitwise_ptr' in:\n        bitwise_ptr : BitwiseBuiltin*, memory_dict : DictAccess*, msize,\n        ^***************************^\n/home/greg/dev/nethermind/warp/tests/semantic/solidity/test/libsolidity/semanticTests/viaYul/array_storage_push_empty_length_address.cairo.temp:97:40: While trying to update the implicit return value 'bitwise_ptr' in:\n    let (__warp_subexpr_3 : Uint256) = uint256_pedersen(\n                                       ^***************^\n/home/greg/dev/nethermind/warp/warp/cairo-src/evm/hashing.cairo:39:9: Error at pc=0:2301:\nError: End of program was not reached\n        bitwise_ptr : BitwiseBuiltin*}(offset : Uint256, size : Uint256) -> (res : Uint256):\n        ^***************************^"})
------------------------------------------------------------------------------------------------------------------- Captured stdout call -------------------------------------------------------------------------------------------------------------------
{'callData': '0x29e99f070000000000000000000000000000000000000000000000000000000000000000', 'expectations': '0x000000000000000000000000000000000000000000000000000000000000000000000000000000000000000000000000000000000000000000000000000000400000000000000000000000000000000000000000000000000000000000000000', 'failure': False, 'signature': 'test(uint256)'}
{'callData': '0x29e99f07000000000000000000000000000000000000000000000000000000000000002a', 'expectations': '0x000000000000000000000000000000000000000000000000000000000000000000000000000000000000000000000000000000000000000000000000000000400000000000000000000000000000000000000000000000000000000000000000', 'failure': False, 'signature': 'test(uint256)'}
{'callData': '0xf8a8fd6d', 'expectations': '0x000000000000000000000000000000000000000000000000000000000000000000000000000000000000000000000000000000000000000000000000000000400000000000000000000000000000000000000000000000000000000000000000', 'failure': False, 'signature': 'test()'}
{'callData': '0xb8e010de', 'expectations': '0x', 'failure': False, 'signature': 'set()'}
------------------------------------------------------------------------------------------------------------------- Captured stderr call -------------------------------------------------------------------------------------------------------------------
Warning: SPDX license identifier not provided in source file. Before publishing, consider adding a comment containing "SPDX-License-Identifier: <SPDX-License>" to each source file. Use "SPDX-License-Identifier: UNLICENSED" for non-open-source code. Please see https://spdx.org for more information.
--> tests/semantic/solidity/test/libsolidity/semanticTests/abiEncoderV1/abi_encode_call_marked.sol

Warning: SPDX license identifier not provided in source file. Before publishing, consider adding a comment containing "SPDX-License-Identifier: <SPDX-License>" to each source file. Use "SPDX-License-Identifier: UNLICENSED" for non-open-source code. Please see https://spdx.org for more information.
--> tests/semantic/solidity/test/libsolidity/semanticTests/abiEncoderV1/dynamic_arrays_marked.sol

_____________________________________________________ test_semantics[/home/greg/dev/nethermind/warp/tests/semantic/solidity/test/libsolidity/semanticTests/abiEncoderV1/struct/struct_storage_ptr.sol] _____________________________________________________
tests/semantic/test_semantics.py:126: in test_semantics
    contract_file, get_last_contract(contract_file)
../../../warp_dev/lib/python3.7/site-packages/sol_warp-0.2.12-py3.7.egg/yul/main.py:55: in transpile_from_solidity
    cairo_code = transpile_from_yul(yul_ast)
../../../warp_dev/lib/python3.7/site-packages/sol_warp-0.2.12-py3.7.egg/yul/main.py:86: in transpile_from_yul
    return parse_file(cairo_visitor.translate(yul_ast)).format()
../../../warp_dev/lib/python3.7/site-packages/cairo_lang-0.6.2-py3.7.egg/starkware/cairo/lang/compiler/parser.py:239: in parse_file
    return parse(filename, code, "cairo_file", CairoFile, parser_context=parser_context)
../../../warp_dev/lib/python3.7/site-packages/cairo_lang-0.6.2-py3.7.egg/starkware/cairo/lang/compiler/parser.py:205: in parse
    raise wrap_lark_error(err, input_file) from None
E   starkware.cairo.lang.compiler.parser_transformer.ParserError: <string>:444:161: Unexpected token Token('MINUS', '-'). Expected one of: "(", "[", "cast", NONDET, identifier, integer, integer, register, short string.
E   let (__warp_subexpr_5 : Uint256) = linkersymbol(Uint256(low='olidity/test/libsolidity/semanticTests/abiEncoderV1/struct/struct_storage_ptr_marked.sol:L' * 256**-74, high='tests/semantic/s' * 256**0))
E                                                                                                                                                                   ^
------------------------------------------------------------------------------------------------------------------- Captured stdout call -------------------------------------------------------------------------------------------------------------------
{'callData': '0xd45754f8000000000000000000000000000000000000000000000000000000000000002000000000000000000000000000000000000000000000000000000000000000a000000000000000000000000000000000000000000000000000000000000000200000000000000000000000000000000000000000000000000000000000000003000000000000000000000000000000000000000000000000000000000000000100000000000000000000000000000000000000000000000000000000000000020000000000000000000000000000000000000000000000000000000000000003', 'expectations': '0x00000000000000000000000000000000000000000000000000000000000000200000000000000000000000000000000000000000000000000000000000000003000000000000000000000000000000000000000000000000000000000000000100000000000000000000000000000000000000000000000000000000000000020000000000000000000000000000000000000000000000000000000000000003', 'failure': False, 'signature': 'f(bytes)'}
{'callData': '0xd45754f800000000000000000000000000000000000000000000000000000000000000200000000000000000000000000000000000000000000000000000000000000060000000000000000000000000000000000000000000000000000000000000002000000000000000000000000000000000000000000000000000000000000000010000000000000000000000000102030405060708090a0b0c0d0e0f1011121314', 'expectations': '0x000000000000000000000000000000000000000000000000000000000000002000000000000000000000000000000000000000000000000000000000000000010000000000000000000000000102030405060708090a0b0c0d0e0f1011121314', 'failure': False, 'signature': 'f(bytes)'}
------------------------------------------------------------------------------------------------------------------- Captured stderr call -------------------------------------------------------------------------------------------------------------------
Warning: SPDX license identifier not provided in source file. Before publishing, consider adding a comment containing "SPDX-License-Identifier: <SPDX-License>" to each source file. Use "SPDX-License-Identifier: UNLICENSED" for non-open-source code. Please see https://spdx.org for more information.
--> tests/semantic/solidity/test/libsolidity/semanticTests/abiEncoderV1/byte_arrays_marked.sol

Warning: SPDX license identifier not provided in source file. Before publishing, consider adding a comment containing "SPDX-License-Identifier: <SPDX-License>" to each source file. Use "SPDX-License-Identifier: UNLICENSED" for non-open-source code. Please see https://spdx.org for more information.
--> tests/semantic/solidity/test/libsolidity/semanticTests/abiEncoderV1/memory_params_in_external_function_marked.sol

Warning: Function state mutability can be restricted to view
  --> tests/semantic/solidity/test/libsolidity/semanticTests/abiEncoderV1/memory_params_in_external_function_marked.sol:10:5:
   |
10 |     function g() public returns (uint, bytes1, uint, bytes1, uint, uint) {
   |     ^ (Relevant source part starts here and spans across multiple lines).

Warning: SPDX license identifier not provided in source file. Before publishing, consider adding a comment containing "SPDX-License-Identifier: <SPDX-License>" to each source file. Use "SPDX-License-Identifier: UNLICENSED" for non-open-source code. Please see https://spdx.org for more information.
--> tests/semantic/solidity/test/libsolidity/semanticTests/abiEncoderV1/struct/struct_storage_ptr_marked.sol

_______________________________________________________ test_semantics[/home/greg/dev/nethermind/warp/tests/semantic/solidity/test/libsolidity/semanticTests/abiencodedecode/contract_array_v2.sol] ________________________________________________________
tests/semantic/test_semantics.py:159: in test_semantics
    await invoke_method_evm_calldata(starknet, contract_address, argument)
E   Failed: DID NOT RAISE <class 'Exception'>
------------------------------------------------------------------------------------------------------------------- Captured stdout call -------------------------------------------------------------------------------------------------------------------
{'callData': '0xd45754f8000000000000000000000000000000000000000000000000000000000000002000000000000000000000000000000000000000000000000000000000000000600000000000000000000000000000000000000000000000000000000000000020000000000000000000000000000000000000000000000000000000000000000100000000000000000000000102030405060708090a0b0c0d0e0f101112131415', 'expectations': '0x', 'failure': True, 'signature': 'f(bytes)'}
{'callData': '0xd45754f8000000000000000000000000000000000000000000000000000000000000002000000000000000000000000000000000000000000000000000000000000000200000000000000000000000000000000000000000000000000000000000000021', 'expectations': '0x0000000000000000000000000000000000000000000000000000000000000021', 'failure': False, 'signature': 'f(bytes)'}
------------------------------------------------------------------------------------------------------------------- Captured stderr call -------------------------------------------------------------------------------------------------------------------
Warning: SPDX license identifier not provided in source file. Before publishing, consider adding a comment containing "SPDX-License-Identifier: <SPDX-License>" to each source file. Use "SPDX-License-Identifier: UNLICENSED" for non-open-source code. Please see https://spdx.org for more information.
--> tests/semantic/solidity/test/libsolidity/semanticTests/expressions/bit_operators_marked.sol

Warning: This declaration shadows an existing declaration.
 --> tests/semantic/solidity/test/libsolidity/semanticTests/expressions/bit_operators_marked.sol:5:34:
  |
5 |     function f() public returns (uint x, uint y, uint z) {
  |                                  ^^^^^^
Note: The shadowed declaration is here:
 --> tests/semantic/solidity/test/libsolidity/semanticTests/expressions/bit_operators_marked.sol:3:5:
  |
3 |     uint8 x;
  |     ^^^^^^^

Warning: Function state mutability can be restricted to pure
 --> tests/semantic/solidity/test/libsolidity/semanticTests/expressions/bit_operators_marked.sol:5:5:
  |
5 |     function f() public returns (uint x, uint y, uint z) {
  |     ^ (Relevant source part starts here and spans across multiple lines).

_____________________________________________________________ test_semantics[/home/greg/dev/nethermind/warp/tests/semantic/solidity/test/libsolidity/semanticTests/state/blockhash_basic.sol] ______________________________________________________________
tests/semantic/test_semantics.py:126: in test_semantics
    contract_file, get_last_contract(contract_file)
../../../warp_dev/lib/python3.7/site-packages/sol_warp-0.2.12-py3.7.egg/yul/main.py:55: in transpile_from_solidity
    cairo_code = transpile_from_yul(yul_ast)
../../../warp_dev/lib/python3.7/site-packages/sol_warp-0.2.12-py3.7.egg/yul/main.py:75: in transpile_from_yul
    yul_ast = RevertNormalizer(builtins).map(yul_ast)
../../../warp_dev/lib/python3.7/site-packages/sol_warp-0.2.12-py3.7.egg/yul/RevertNormalizer.py:41: in map
    return self.visit(node)
../../../warp_dev/lib/python3.7/site-packages/sol_warp-0.2.12-py3.7.egg/yul/AstVisitor.py:59: in visit
    return method(node, *args, **kwargs)
../../../warp_dev/lib/python3.7/site-packages/sol_warp-0.2.12-py3.7.egg/yul/AstVisitor.py:43: in new_method
    res = method(node, *args, **kwargs)
../../../warp_dev/lib/python3.7/site-packages/sol_warp-0.2.12-py3.7.egg/yul/RevertNormalizer.py:71: in visit_block
    new_stmt = self.visit(stmt)
../../../warp_dev/lib/python3.7/site-packages/sol_warp-0.2.12-py3.7.egg/yul/AstVisitor.py:59: in visit
    return method(node, *args, **kwargs)
../../../warp_dev/lib/python3.7/site-packages/sol_warp-0.2.12-py3.7.egg/yul/AstVisitor.py:43: in new_method
    res = method(node, *args, **kwargs)
../../../warp_dev/lib/python3.7/site-packages/sol_warp-0.2.12-py3.7.egg/yul/RevertNormalizer.py:89: in visit_function_definition
    body = self.visit(node.body)
../../../warp_dev/lib/python3.7/site-packages/sol_warp-0.2.12-py3.7.egg/yul/AstVisitor.py:59: in visit
    return method(node, *args, **kwargs)
../../../warp_dev/lib/python3.7/site-packages/sol_warp-0.2.12-py3.7.egg/yul/AstVisitor.py:43: in new_method
    res = method(node, *args, **kwargs)
../../../warp_dev/lib/python3.7/site-packages/sol_warp-0.2.12-py3.7.egg/yul/RevertNormalizer.py:71: in visit_block
    new_stmt = self.visit(stmt)
../../../warp_dev/lib/python3.7/site-packages/sol_warp-0.2.12-py3.7.egg/yul/AstVisitor.py:59: in visit
    return method(node, *args, **kwargs)
../../../warp_dev/lib/python3.7/site-packages/sol_warp-0.2.12-py3.7.egg/yul/AstVisitor.py:43: in new_method
    res = method(node, *args, **kwargs)
../../../warp_dev/lib/python3.7/site-packages/sol_warp-0.2.12-py3.7.egg/yul/RevertNormalizer.py:60: in visit_variable_declaration
    value = self.visit(node.value) if node.value else None
../../../warp_dev/lib/python3.7/site-packages/sol_warp-0.2.12-py3.7.egg/yul/AstVisitor.py:59: in visit
    return method(node, *args, **kwargs)
../../../warp_dev/lib/python3.7/site-packages/sol_warp-0.2.12-py3.7.egg/yul/AstVisitor.py:43: in new_method
    res = method(node, *args, **kwargs)
../../../warp_dev/lib/python3.7/site-packages/sol_warp-0.2.12-py3.7.egg/yul/RevertNormalizer.py:54: in visit_function_call
    self.terminates_execution = self._is_function_terminating(name)
../../../warp_dev/lib/python3.7/site-packages/sol_warp-0.2.12-py3.7.egg/yul/RevertNormalizer.py:129: in _is_function_terminating
    return handler.is_terminating()
E   AttributeError: 'Number' object has no attribute 'is_terminating'
------------------------------------------------------------------------------------------------------------------- Captured stderr call -------------------------------------------------------------------------------------------------------------------
Warning: SPDX license identifier not provided in source file. Before publishing, consider adding a comment containing "SPDX-License-Identifier: <SPDX-License>" to each source file. Use "SPDX-License-Identifier: UNLICENSED" for non-open-source code. Please see https://spdx.org for more information.
--> tests/semantic/solidity/test/libsolidity/semanticTests/state/blockhash_basic_marked.sol

Warning: Function state mutability can be restricted to view
  --> tests/semantic/solidity/test/libsolidity/semanticTests/state/blockhash_basic_marked.sol:10:5:
   |
10 |     function f(uint blockNumber) public returns (bytes32) {
   |     ^ (Relevant source part starts here and spans across multiple lines).

______________________________________________________________ test_semantics[/home/greg/dev/nethermind/warp/tests/semantic/solidity/test/libsolidity/semanticTests/state/block_gaslimit.sol] ______________________________________________________________
tests/semantic/test_semantics.py:126: in test_semantics
    contract_file, get_last_contract(contract_file)
../../../warp_dev/lib/python3.7/site-packages/sol_warp-0.2.12-py3.7.egg/yul/main.py:55: in transpile_from_solidity
    cairo_code = transpile_from_yul(yul_ast)
../../../warp_dev/lib/python3.7/site-packages/sol_warp-0.2.12-py3.7.egg/yul/main.py:75: in transpile_from_yul
    yul_ast = RevertNormalizer(builtins).map(yul_ast)
../../../warp_dev/lib/python3.7/site-packages/sol_warp-0.2.12-py3.7.egg/yul/RevertNormalizer.py:41: in map
    return self.visit(node)
../../../warp_dev/lib/python3.7/site-packages/sol_warp-0.2.12-py3.7.egg/yul/AstVisitor.py:59: in visit
    return method(node, *args, **kwargs)
../../../warp_dev/lib/python3.7/site-packages/sol_warp-0.2.12-py3.7.egg/yul/AstVisitor.py:43: in new_method
    res = method(node, *args, **kwargs)
../../../warp_dev/lib/python3.7/site-packages/sol_warp-0.2.12-py3.7.egg/yul/RevertNormalizer.py:71: in visit_block
    new_stmt = self.visit(stmt)
../../../warp_dev/lib/python3.7/site-packages/sol_warp-0.2.12-py3.7.egg/yul/AstVisitor.py:59: in visit
    return method(node, *args, **kwargs)
../../../warp_dev/lib/python3.7/site-packages/sol_warp-0.2.12-py3.7.egg/yul/AstVisitor.py:43: in new_method
    res = method(node, *args, **kwargs)
../../../warp_dev/lib/python3.7/site-packages/sol_warp-0.2.12-py3.7.egg/yul/RevertNormalizer.py:89: in visit_function_definition
    body = self.visit(node.body)
../../../warp_dev/lib/python3.7/site-packages/sol_warp-0.2.12-py3.7.egg/yul/AstVisitor.py:59: in visit
    return method(node, *args, **kwargs)
../../../warp_dev/lib/python3.7/site-packages/sol_warp-0.2.12-py3.7.egg/yul/AstVisitor.py:43: in new_method
    res = method(node, *args, **kwargs)
../../../warp_dev/lib/python3.7/site-packages/sol_warp-0.2.12-py3.7.egg/yul/RevertNormalizer.py:71: in visit_block
    new_stmt = self.visit(stmt)
../../../warp_dev/lib/python3.7/site-packages/sol_warp-0.2.12-py3.7.egg/yul/AstVisitor.py:59: in visit
    return method(node, *args, **kwargs)
../../../warp_dev/lib/python3.7/site-packages/sol_warp-0.2.12-py3.7.egg/yul/AstVisitor.py:43: in new_method
    res = method(node, *args, **kwargs)
../../../warp_dev/lib/python3.7/site-packages/sol_warp-0.2.12-py3.7.egg/yul/RevertNormalizer.py:104: in visit_if
    body = self.visit(node.body)
../../../warp_dev/lib/python3.7/site-packages/sol_warp-0.2.12-py3.7.egg/yul/AstVisitor.py:59: in visit
    return method(node, *args, **kwargs)
../../../warp_dev/lib/python3.7/site-packages/sol_warp-0.2.12-py3.7.egg/yul/AstVisitor.py:43: in new_method
    res = method(node, *args, **kwargs)
../../../warp_dev/lib/python3.7/site-packages/sol_warp-0.2.12-py3.7.egg/yul/RevertNormalizer.py:71: in visit_block
    new_stmt = self.visit(stmt)
../../../warp_dev/lib/python3.7/site-packages/sol_warp-0.2.12-py3.7.egg/yul/AstVisitor.py:59: in visit
    return method(node, *args, **kwargs)
../../../warp_dev/lib/python3.7/site-packages/sol_warp-0.2.12-py3.7.egg/yul/AstVisitor.py:43: in new_method
    res = method(node, *args, **kwargs)
../../../warp_dev/lib/python3.7/site-packages/sol_warp-0.2.12-py3.7.egg/yul/RevertNormalizer.py:104: in visit_if
    body = self.visit(node.body)
../../../warp_dev/lib/python3.7/site-packages/sol_warp-0.2.12-py3.7.egg/yul/AstVisitor.py:59: in visit
    return method(node, *args, **kwargs)
../../../warp_dev/lib/python3.7/site-packages/sol_warp-0.2.12-py3.7.egg/yul/AstVisitor.py:43: in new_method
    res = method(node, *args, **kwargs)
../../../warp_dev/lib/python3.7/site-packages/sol_warp-0.2.12-py3.7.egg/yul/RevertNormalizer.py:71: in visit_block
    new_stmt = self.visit(stmt)
../../../warp_dev/lib/python3.7/site-packages/sol_warp-0.2.12-py3.7.egg/yul/AstVisitor.py:59: in visit
    return method(node, *args, **kwargs)
../../../warp_dev/lib/python3.7/site-packages/sol_warp-0.2.12-py3.7.egg/yul/AstVisitor.py:43: in new_method
    res = method(node, *args, **kwargs)
../../../warp_dev/lib/python3.7/site-packages/sol_warp-0.2.12-py3.7.egg/yul/RevertNormalizer.py:60: in visit_variable_declaration
    value = self.visit(node.value) if node.value else None
../../../warp_dev/lib/python3.7/site-packages/sol_warp-0.2.12-py3.7.egg/yul/AstVisitor.py:59: in visit
    return method(node, *args, **kwargs)
../../../warp_dev/lib/python3.7/site-packages/sol_warp-0.2.12-py3.7.egg/yul/AstVisitor.py:43: in new_method
    res = method(node, *args, **kwargs)
../../../warp_dev/lib/python3.7/site-packages/sol_warp-0.2.12-py3.7.egg/yul/RevertNormalizer.py:54: in visit_function_call
    self.terminates_execution = self._is_function_terminating(name)
../../../warp_dev/lib/python3.7/site-packages/sol_warp-0.2.12-py3.7.egg/yul/RevertNormalizer.py:129: in _is_function_terminating
    return handler.is_terminating()
E   AttributeError: 'GasLimit' object has no attribute 'is_terminating'
------------------------------------------------------------------------------------------------------------------- Captured stderr call -------------------------------------------------------------------------------------------------------------------
Warning: SPDX license identifier not provided in source file. Before publishing, consider adding a comment containing "SPDX-License-Identifier: <SPDX-License>" to each source file. Use "SPDX-License-Identifier: UNLICENSED" for non-open-source code. Please see https://spdx.org for more information.
--> tests/semantic/solidity/test/libsolidity/semanticTests/state/block_gaslimit_marked.sol

Warning: Function state mutability can be restricted to view
 --> tests/semantic/solidity/test/libsolidity/semanticTests/state/block_gaslimit_marked.sol:3:5:
  |
3 |     function f() public returns (uint) {
  |     ^ (Relevant source part starts here and spans across multiple lines).

______________________________________________________________ test_semantics[/home/greg/dev/nethermind/warp/tests/semantic/solidity/test/libsolidity/semanticTests/state/block_coinbase.sol] ______________________________________________________________
tests/semantic/test_semantics.py:126: in test_semantics
    contract_file, get_last_contract(contract_file)
../../../warp_dev/lib/python3.7/site-packages/sol_warp-0.2.12-py3.7.egg/yul/main.py:55: in transpile_from_solidity
    cairo_code = transpile_from_yul(yul_ast)
../../../warp_dev/lib/python3.7/site-packages/sol_warp-0.2.12-py3.7.egg/yul/main.py:75: in transpile_from_yul
    yul_ast = RevertNormalizer(builtins).map(yul_ast)
../../../warp_dev/lib/python3.7/site-packages/sol_warp-0.2.12-py3.7.egg/yul/RevertNormalizer.py:41: in map
    return self.visit(node)
../../../warp_dev/lib/python3.7/site-packages/sol_warp-0.2.12-py3.7.egg/yul/AstVisitor.py:59: in visit
    return method(node, *args, **kwargs)
../../../warp_dev/lib/python3.7/site-packages/sol_warp-0.2.12-py3.7.egg/yul/AstVisitor.py:43: in new_method
    res = method(node, *args, **kwargs)
../../../warp_dev/lib/python3.7/site-packages/sol_warp-0.2.12-py3.7.egg/yul/RevertNormalizer.py:71: in visit_block
    new_stmt = self.visit(stmt)
../../../warp_dev/lib/python3.7/site-packages/sol_warp-0.2.12-py3.7.egg/yul/AstVisitor.py:59: in visit
    return method(node, *args, **kwargs)
../../../warp_dev/lib/python3.7/site-packages/sol_warp-0.2.12-py3.7.egg/yul/AstVisitor.py:43: in new_method
    res = method(node, *args, **kwargs)
../../../warp_dev/lib/python3.7/site-packages/sol_warp-0.2.12-py3.7.egg/yul/RevertNormalizer.py:89: in visit_function_definition
    body = self.visit(node.body)
../../../warp_dev/lib/python3.7/site-packages/sol_warp-0.2.12-py3.7.egg/yul/AstVisitor.py:59: in visit
    return method(node, *args, **kwargs)
../../../warp_dev/lib/python3.7/site-packages/sol_warp-0.2.12-py3.7.egg/yul/AstVisitor.py:43: in new_method
    res = method(node, *args, **kwargs)
../../../warp_dev/lib/python3.7/site-packages/sol_warp-0.2.12-py3.7.egg/yul/RevertNormalizer.py:71: in visit_block
    new_stmt = self.visit(stmt)
../../../warp_dev/lib/python3.7/site-packages/sol_warp-0.2.12-py3.7.egg/yul/AstVisitor.py:59: in visit
    return method(node, *args, **kwargs)
../../../warp_dev/lib/python3.7/site-packages/sol_warp-0.2.12-py3.7.egg/yul/AstVisitor.py:43: in new_method
    res = method(node, *args, **kwargs)
../../../warp_dev/lib/python3.7/site-packages/sol_warp-0.2.12-py3.7.egg/yul/RevertNormalizer.py:104: in visit_if
    body = self.visit(node.body)
../../../warp_dev/lib/python3.7/site-packages/sol_warp-0.2.12-py3.7.egg/yul/AstVisitor.py:59: in visit
    return method(node, *args, **kwargs)
../../../warp_dev/lib/python3.7/site-packages/sol_warp-0.2.12-py3.7.egg/yul/AstVisitor.py:43: in new_method
    res = method(node, *args, **kwargs)
../../../warp_dev/lib/python3.7/site-packages/sol_warp-0.2.12-py3.7.egg/yul/RevertNormalizer.py:71: in visit_block
    new_stmt = self.visit(stmt)
../../../warp_dev/lib/python3.7/site-packages/sol_warp-0.2.12-py3.7.egg/yul/AstVisitor.py:59: in visit
    return method(node, *args, **kwargs)
../../../warp_dev/lib/python3.7/site-packages/sol_warp-0.2.12-py3.7.egg/yul/AstVisitor.py:43: in new_method
    res = method(node, *args, **kwargs)
../../../warp_dev/lib/python3.7/site-packages/sol_warp-0.2.12-py3.7.egg/yul/RevertNormalizer.py:104: in visit_if
    body = self.visit(node.body)
../../../warp_dev/lib/python3.7/site-packages/sol_warp-0.2.12-py3.7.egg/yul/AstVisitor.py:59: in visit
    return method(node, *args, **kwargs)
../../../warp_dev/lib/python3.7/site-packages/sol_warp-0.2.12-py3.7.egg/yul/AstVisitor.py:43: in new_method
    res = method(node, *args, **kwargs)
../../../warp_dev/lib/python3.7/site-packages/sol_warp-0.2.12-py3.7.egg/yul/RevertNormalizer.py:71: in visit_block
    new_stmt = self.visit(stmt)
../../../warp_dev/lib/python3.7/site-packages/sol_warp-0.2.12-py3.7.egg/yul/AstVisitor.py:59: in visit
    return method(node, *args, **kwargs)
../../../warp_dev/lib/python3.7/site-packages/sol_warp-0.2.12-py3.7.egg/yul/AstVisitor.py:43: in new_method
    res = method(node, *args, **kwargs)
../../../warp_dev/lib/python3.7/site-packages/sol_warp-0.2.12-py3.7.egg/yul/RevertNormalizer.py:60: in visit_variable_declaration
    value = self.visit(node.value) if node.value else None
../../../warp_dev/lib/python3.7/site-packages/sol_warp-0.2.12-py3.7.egg/yul/AstVisitor.py:59: in visit
    return method(node, *args, **kwargs)
../../../warp_dev/lib/python3.7/site-packages/sol_warp-0.2.12-py3.7.egg/yul/AstVisitor.py:43: in new_method
    res = method(node, *args, **kwargs)
../../../warp_dev/lib/python3.7/site-packages/sol_warp-0.2.12-py3.7.egg/yul/RevertNormalizer.py:54: in visit_function_call
    self.terminates_execution = self._is_function_terminating(name)
../../../warp_dev/lib/python3.7/site-packages/sol_warp-0.2.12-py3.7.egg/yul/RevertNormalizer.py:129: in _is_function_terminating
    return handler.is_terminating()
E   AttributeError: 'Coinbase' object has no attribute 'is_terminating'
------------------------------------------------------------------------------------------------------------------- Captured stderr call -------------------------------------------------------------------------------------------------------------------
Warning: SPDX license identifier not provided in source file. Before publishing, consider adding a comment containing "SPDX-License-Identifier: <SPDX-License>" to each source file. Use "SPDX-License-Identifier: UNLICENSED" for non-open-source code. Please see https://spdx.org for more information.
--> tests/semantic/solidity/test/libsolidity/semanticTests/state/msg_sender_marked.sol

Warning: Function state mutability can be restricted to view
 --> tests/semantic/solidity/test/libsolidity/semanticTests/state/msg_sender_marked.sol:3:5:
  |
3 |     function f() public returns (address) {
  |     ^ (Relevant source part starts here and spans across multiple lines).

Warning: SPDX license identifier not provided in source file. Before publishing, consider adding a comment containing "SPDX-License-Identifier: <SPDX-License>" to each source file. Use "SPDX-License-Identifier: UNLICENSED" for non-open-source code. Please see https://spdx.org for more information.
--> tests/semantic/solidity/test/libsolidity/semanticTests/state/block_coinbase_marked.sol

Warning: Function state mutability can be restricted to view
 --> tests/semantic/solidity/test/libsolidity/semanticTests/state/block_coinbase_marked.sol:3:5:
  |
3 |     function f() public returns (address payable) {
  |     ^ (Relevant source part starts here and spans across multiple lines).

______________________________________________________________ test_semantics[/home/greg/dev/nethermind/warp/tests/semantic/solidity/test/libsolidity/semanticTests/state/block_basefee.sol] _______________________________________________________________
tests/semantic/test_semantics.py:126: in test_semantics
    contract_file, get_last_contract(contract_file)
../../../warp_dev/lib/python3.7/site-packages/sol_warp-0.2.12-py3.7.egg/yul/main.py:55: in transpile_from_solidity
    cairo_code = transpile_from_yul(yul_ast)
../../../warp_dev/lib/python3.7/site-packages/sol_warp-0.2.12-py3.7.egg/yul/main.py:75: in transpile_from_yul
    yul_ast = RevertNormalizer(builtins).map(yul_ast)
../../../warp_dev/lib/python3.7/site-packages/sol_warp-0.2.12-py3.7.egg/yul/RevertNormalizer.py:41: in map
    return self.visit(node)
../../../warp_dev/lib/python3.7/site-packages/sol_warp-0.2.12-py3.7.egg/yul/AstVisitor.py:59: in visit
    return method(node, *args, **kwargs)
../../../warp_dev/lib/python3.7/site-packages/sol_warp-0.2.12-py3.7.egg/yul/AstVisitor.py:43: in new_method
    res = method(node, *args, **kwargs)
../../../warp_dev/lib/python3.7/site-packages/sol_warp-0.2.12-py3.7.egg/yul/RevertNormalizer.py:71: in visit_block
    new_stmt = self.visit(stmt)
../../../warp_dev/lib/python3.7/site-packages/sol_warp-0.2.12-py3.7.egg/yul/AstVisitor.py:59: in visit
    return method(node, *args, **kwargs)
../../../warp_dev/lib/python3.7/site-packages/sol_warp-0.2.12-py3.7.egg/yul/AstVisitor.py:43: in new_method
    res = method(node, *args, **kwargs)
../../../warp_dev/lib/python3.7/site-packages/sol_warp-0.2.12-py3.7.egg/yul/RevertNormalizer.py:89: in visit_function_definition
    body = self.visit(node.body)
../../../warp_dev/lib/python3.7/site-packages/sol_warp-0.2.12-py3.7.egg/yul/AstVisitor.py:59: in visit
    return method(node, *args, **kwargs)
../../../warp_dev/lib/python3.7/site-packages/sol_warp-0.2.12-py3.7.egg/yul/AstVisitor.py:43: in new_method
    res = method(node, *args, **kwargs)
../../../warp_dev/lib/python3.7/site-packages/sol_warp-0.2.12-py3.7.egg/yul/RevertNormalizer.py:71: in visit_block
    new_stmt = self.visit(stmt)
../../../warp_dev/lib/python3.7/site-packages/sol_warp-0.2.12-py3.7.egg/yul/AstVisitor.py:59: in visit
    return method(node, *args, **kwargs)
../../../warp_dev/lib/python3.7/site-packages/sol_warp-0.2.12-py3.7.egg/yul/AstVisitor.py:43: in new_method
    res = method(node, *args, **kwargs)
../../../warp_dev/lib/python3.7/site-packages/sol_warp-0.2.12-py3.7.egg/yul/RevertNormalizer.py:104: in visit_if
    body = self.visit(node.body)
../../../warp_dev/lib/python3.7/site-packages/sol_warp-0.2.12-py3.7.egg/yul/AstVisitor.py:59: in visit
    return method(node, *args, **kwargs)
../../../warp_dev/lib/python3.7/site-packages/sol_warp-0.2.12-py3.7.egg/yul/AstVisitor.py:43: in new_method
    res = method(node, *args, **kwargs)
../../../warp_dev/lib/python3.7/site-packages/sol_warp-0.2.12-py3.7.egg/yul/RevertNormalizer.py:71: in visit_block
    new_stmt = self.visit(stmt)
../../../warp_dev/lib/python3.7/site-packages/sol_warp-0.2.12-py3.7.egg/yul/AstVisitor.py:59: in visit
    return method(node, *args, **kwargs)
../../../warp_dev/lib/python3.7/site-packages/sol_warp-0.2.12-py3.7.egg/yul/AstVisitor.py:43: in new_method
    res = method(node, *args, **kwargs)
../../../warp_dev/lib/python3.7/site-packages/sol_warp-0.2.12-py3.7.egg/yul/RevertNormalizer.py:71: in visit_block
    new_stmt = self.visit(stmt)
../../../warp_dev/lib/python3.7/site-packages/sol_warp-0.2.12-py3.7.egg/yul/AstVisitor.py:59: in visit
    return method(node, *args, **kwargs)
../../../warp_dev/lib/python3.7/site-packages/sol_warp-0.2.12-py3.7.egg/yul/AstVisitor.py:43: in new_method
    res = method(node, *args, **kwargs)
../../../warp_dev/lib/python3.7/site-packages/sol_warp-0.2.12-py3.7.egg/yul/RevertNormalizer.py:71: in visit_block
    new_stmt = self.visit(stmt)
../../../warp_dev/lib/python3.7/site-packages/sol_warp-0.2.12-py3.7.egg/yul/AstVisitor.py:59: in visit
    return method(node, *args, **kwargs)
../../../warp_dev/lib/python3.7/site-packages/sol_warp-0.2.12-py3.7.egg/yul/AstVisitor.py:43: in new_method
    res = method(node, *args, **kwargs)
../../../warp_dev/lib/python3.7/site-packages/sol_warp-0.2.12-py3.7.egg/yul/RevertNormalizer.py:104: in visit_if
    body = self.visit(node.body)
../../../warp_dev/lib/python3.7/site-packages/sol_warp-0.2.12-py3.7.egg/yul/AstVisitor.py:59: in visit
    return method(node, *args, **kwargs)
../../../warp_dev/lib/python3.7/site-packages/sol_warp-0.2.12-py3.7.egg/yul/AstVisitor.py:43: in new_method
    res = method(node, *args, **kwargs)
../../../warp_dev/lib/python3.7/site-packages/sol_warp-0.2.12-py3.7.egg/yul/RevertNormalizer.py:71: in visit_block
    new_stmt = self.visit(stmt)
../../../warp_dev/lib/python3.7/site-packages/sol_warp-0.2.12-py3.7.egg/yul/AstVisitor.py:59: in visit
    return method(node, *args, **kwargs)
../../../warp_dev/lib/python3.7/site-packages/sol_warp-0.2.12-py3.7.egg/yul/AstVisitor.py:43: in new_method
    res = method(node, *args, **kwargs)
../../../warp_dev/lib/python3.7/site-packages/sol_warp-0.2.12-py3.7.egg/yul/RevertNormalizer.py:60: in visit_variable_declaration
    value = self.visit(node.value) if node.value else None
../../../warp_dev/lib/python3.7/site-packages/sol_warp-0.2.12-py3.7.egg/yul/AstVisitor.py:59: in visit
    return method(node, *args, **kwargs)
../../../warp_dev/lib/python3.7/site-packages/sol_warp-0.2.12-py3.7.egg/yul/AstVisitor.py:43: in new_method
    res = method(node, *args, **kwargs)
../../../warp_dev/lib/python3.7/site-packages/sol_warp-0.2.12-py3.7.egg/yul/RevertNormalizer.py:54: in visit_function_call
    self.terminates_execution = self._is_function_terminating(name)
../../../warp_dev/lib/python3.7/site-packages/sol_warp-0.2.12-py3.7.egg/yul/RevertNormalizer.py:129: in _is_function_terminating
    return handler.is_terminating()
E   AttributeError: 'BaseFee' object has no attribute 'is_terminating'
------------------------------------------------------------------------------------------------------------------- Captured stderr call -------------------------------------------------------------------------------------------------------------------
Warning: SPDX license identifier not provided in source file. Before publishing, consider adding a comment containing "SPDX-License-Identifier: <SPDX-License>" to each source file. Use "SPDX-License-Identifier: UNLICENSED" for non-open-source code. Please see https://spdx.org for more information.
--> tests/semantic/solidity/test/libsolidity/semanticTests/state/block_basefee_marked.sol

_______________________________________________________________ test_semantics[/home/greg/dev/nethermind/warp/tests/semantic/solidity/test/libsolidity/semanticTests/state/block_number.sol] _______________________________________________________________
tests/semantic/test_semantics.py:126: in test_semantics
    contract_file, get_last_contract(contract_file)
../../../warp_dev/lib/python3.7/site-packages/sol_warp-0.2.12-py3.7.egg/yul/main.py:55: in transpile_from_solidity
    cairo_code = transpile_from_yul(yul_ast)
../../../warp_dev/lib/python3.7/site-packages/sol_warp-0.2.12-py3.7.egg/yul/main.py:75: in transpile_from_yul
    yul_ast = RevertNormalizer(builtins).map(yul_ast)
../../../warp_dev/lib/python3.7/site-packages/sol_warp-0.2.12-py3.7.egg/yul/RevertNormalizer.py:41: in map
    return self.visit(node)
../../../warp_dev/lib/python3.7/site-packages/sol_warp-0.2.12-py3.7.egg/yul/AstVisitor.py:59: in visit
    return method(node, *args, **kwargs)
../../../warp_dev/lib/python3.7/site-packages/sol_warp-0.2.12-py3.7.egg/yul/AstVisitor.py:43: in new_method
    res = method(node, *args, **kwargs)
../../../warp_dev/lib/python3.7/site-packages/sol_warp-0.2.12-py3.7.egg/yul/RevertNormalizer.py:71: in visit_block
    new_stmt = self.visit(stmt)
../../../warp_dev/lib/python3.7/site-packages/sol_warp-0.2.12-py3.7.egg/yul/AstVisitor.py:59: in visit
    return method(node, *args, **kwargs)
../../../warp_dev/lib/python3.7/site-packages/sol_warp-0.2.12-py3.7.egg/yul/AstVisitor.py:43: in new_method
    res = method(node, *args, **kwargs)
../../../warp_dev/lib/python3.7/site-packages/sol_warp-0.2.12-py3.7.egg/yul/RevertNormalizer.py:89: in visit_function_definition
    body = self.visit(node.body)
../../../warp_dev/lib/python3.7/site-packages/sol_warp-0.2.12-py3.7.egg/yul/AstVisitor.py:59: in visit
    return method(node, *args, **kwargs)
../../../warp_dev/lib/python3.7/site-packages/sol_warp-0.2.12-py3.7.egg/yul/AstVisitor.py:43: in new_method
    res = method(node, *args, **kwargs)
../../../warp_dev/lib/python3.7/site-packages/sol_warp-0.2.12-py3.7.egg/yul/RevertNormalizer.py:71: in visit_block
    new_stmt = self.visit(stmt)
../../../warp_dev/lib/python3.7/site-packages/sol_warp-0.2.12-py3.7.egg/yul/AstVisitor.py:59: in visit
    return method(node, *args, **kwargs)
../../../warp_dev/lib/python3.7/site-packages/sol_warp-0.2.12-py3.7.egg/yul/AstVisitor.py:43: in new_method
    res = method(node, *args, **kwargs)
../../../warp_dev/lib/python3.7/site-packages/sol_warp-0.2.12-py3.7.egg/yul/RevertNormalizer.py:104: in visit_if
    body = self.visit(node.body)
../../../warp_dev/lib/python3.7/site-packages/sol_warp-0.2.12-py3.7.egg/yul/AstVisitor.py:59: in visit
    return method(node, *args, **kwargs)
../../../warp_dev/lib/python3.7/site-packages/sol_warp-0.2.12-py3.7.egg/yul/AstVisitor.py:43: in new_method
    res = method(node, *args, **kwargs)
../../../warp_dev/lib/python3.7/site-packages/sol_warp-0.2.12-py3.7.egg/yul/RevertNormalizer.py:71: in visit_block
    new_stmt = self.visit(stmt)
../../../warp_dev/lib/python3.7/site-packages/sol_warp-0.2.12-py3.7.egg/yul/AstVisitor.py:59: in visit
    return method(node, *args, **kwargs)
../../../warp_dev/lib/python3.7/site-packages/sol_warp-0.2.12-py3.7.egg/yul/AstVisitor.py:43: in new_method
    res = method(node, *args, **kwargs)
../../../warp_dev/lib/python3.7/site-packages/sol_warp-0.2.12-py3.7.egg/yul/RevertNormalizer.py:104: in visit_if
    body = self.visit(node.body)
../../../warp_dev/lib/python3.7/site-packages/sol_warp-0.2.12-py3.7.egg/yul/AstVisitor.py:59: in visit
    return method(node, *args, **kwargs)
../../../warp_dev/lib/python3.7/site-packages/sol_warp-0.2.12-py3.7.egg/yul/AstVisitor.py:43: in new_method
    res = method(node, *args, **kwargs)
../../../warp_dev/lib/python3.7/site-packages/sol_warp-0.2.12-py3.7.egg/yul/RevertNormalizer.py:71: in visit_block
    new_stmt = self.visit(stmt)
../../../warp_dev/lib/python3.7/site-packages/sol_warp-0.2.12-py3.7.egg/yul/AstVisitor.py:59: in visit
    return method(node, *args, **kwargs)
../../../warp_dev/lib/python3.7/site-packages/sol_warp-0.2.12-py3.7.egg/yul/AstVisitor.py:43: in new_method
    res = method(node, *args, **kwargs)
../../../warp_dev/lib/python3.7/site-packages/sol_warp-0.2.12-py3.7.egg/yul/RevertNormalizer.py:60: in visit_variable_declaration
    value = self.visit(node.value) if node.value else None
../../../warp_dev/lib/python3.7/site-packages/sol_warp-0.2.12-py3.7.egg/yul/AstVisitor.py:59: in visit
    return method(node, *args, **kwargs)
../../../warp_dev/lib/python3.7/site-packages/sol_warp-0.2.12-py3.7.egg/yul/AstVisitor.py:43: in new_method
    res = method(node, *args, **kwargs)
../../../warp_dev/lib/python3.7/site-packages/sol_warp-0.2.12-py3.7.egg/yul/RevertNormalizer.py:54: in visit_function_call
    self.terminates_execution = self._is_function_terminating(name)
../../../warp_dev/lib/python3.7/site-packages/sol_warp-0.2.12-py3.7.egg/yul/RevertNormalizer.py:129: in _is_function_terminating
    return handler.is_terminating()
E   AttributeError: 'Number' object has no attribute 'is_terminating'
------------------------------------------------------------------------------------------------------------------- Captured stderr call -------------------------------------------------------------------------------------------------------------------
Warning: SPDX license identifier not provided in source file. Before publishing, consider adding a comment containing "SPDX-License-Identifier: <SPDX-License>" to each source file. Use "SPDX-License-Identifier: UNLICENSED" for non-open-source code. Please see https://spdx.org for more information.
--> tests/semantic/solidity/test/libsolidity/semanticTests/state/block_number_marked.sol

Warning: Function state mutability can be restricted to view
 --> tests/semantic/solidity/test/libsolidity/semanticTests/state/block_number_marked.sol:4:5:
  |
4 |     function f() public returns (uint) {
  |     ^ (Relevant source part starts here and spans across multiple lines).

____________________________________________________________ test_semantics[/home/greg/dev/nethermind/warp/tests/semantic/solidity/test/libsolidity/semanticTests/state/uncalled_blockhash.sol] ____________________________________________________________
tests/semantic/test_semantics.py:126: in test_semantics
    contract_file, get_last_contract(contract_file)
../../../warp_dev/lib/python3.7/site-packages/sol_warp-0.2.12-py3.7.egg/yul/main.py:55: in transpile_from_solidity
    cairo_code = transpile_from_yul(yul_ast)
../../../warp_dev/lib/python3.7/site-packages/sol_warp-0.2.12-py3.7.egg/yul/main.py:75: in transpile_from_yul
    yul_ast = RevertNormalizer(builtins).map(yul_ast)
../../../warp_dev/lib/python3.7/site-packages/sol_warp-0.2.12-py3.7.egg/yul/RevertNormalizer.py:41: in map
    return self.visit(node)
../../../warp_dev/lib/python3.7/site-packages/sol_warp-0.2.12-py3.7.egg/yul/AstVisitor.py:59: in visit
    return method(node, *args, **kwargs)
../../../warp_dev/lib/python3.7/site-packages/sol_warp-0.2.12-py3.7.egg/yul/AstVisitor.py:43: in new_method
    res = method(node, *args, **kwargs)
../../../warp_dev/lib/python3.7/site-packages/sol_warp-0.2.12-py3.7.egg/yul/RevertNormalizer.py:71: in visit_block
    new_stmt = self.visit(stmt)
../../../warp_dev/lib/python3.7/site-packages/sol_warp-0.2.12-py3.7.egg/yul/AstVisitor.py:59: in visit
    return method(node, *args, **kwargs)
../../../warp_dev/lib/python3.7/site-packages/sol_warp-0.2.12-py3.7.egg/yul/AstVisitor.py:43: in new_method
    res = method(node, *args, **kwargs)
../../../warp_dev/lib/python3.7/site-packages/sol_warp-0.2.12-py3.7.egg/yul/RevertNormalizer.py:89: in visit_function_definition
    body = self.visit(node.body)
../../../warp_dev/lib/python3.7/site-packages/sol_warp-0.2.12-py3.7.egg/yul/AstVisitor.py:59: in visit
    return method(node, *args, **kwargs)
../../../warp_dev/lib/python3.7/site-packages/sol_warp-0.2.12-py3.7.egg/yul/AstVisitor.py:43: in new_method
    res = method(node, *args, **kwargs)
../../../warp_dev/lib/python3.7/site-packages/sol_warp-0.2.12-py3.7.egg/yul/RevertNormalizer.py:71: in visit_block
    new_stmt = self.visit(stmt)
../../../warp_dev/lib/python3.7/site-packages/sol_warp-0.2.12-py3.7.egg/yul/AstVisitor.py:59: in visit
    return method(node, *args, **kwargs)
../../../warp_dev/lib/python3.7/site-packages/sol_warp-0.2.12-py3.7.egg/yul/AstVisitor.py:43: in new_method
    res = method(node, *args, **kwargs)
../../../warp_dev/lib/python3.7/site-packages/sol_warp-0.2.12-py3.7.egg/yul/RevertNormalizer.py:104: in visit_if
    body = self.visit(node.body)
../../../warp_dev/lib/python3.7/site-packages/sol_warp-0.2.12-py3.7.egg/yul/AstVisitor.py:59: in visit
    return method(node, *args, **kwargs)
../../../warp_dev/lib/python3.7/site-packages/sol_warp-0.2.12-py3.7.egg/yul/AstVisitor.py:43: in new_method
    res = method(node, *args, **kwargs)
../../../warp_dev/lib/python3.7/site-packages/sol_warp-0.2.12-py3.7.egg/yul/RevertNormalizer.py:71: in visit_block
    new_stmt = self.visit(stmt)
../../../warp_dev/lib/python3.7/site-packages/sol_warp-0.2.12-py3.7.egg/yul/AstVisitor.py:59: in visit
    return method(node, *args, **kwargs)
../../../warp_dev/lib/python3.7/site-packages/sol_warp-0.2.12-py3.7.egg/yul/AstVisitor.py:43: in new_method
    res = method(node, *args, **kwargs)
../../../warp_dev/lib/python3.7/site-packages/sol_warp-0.2.12-py3.7.egg/yul/RevertNormalizer.py:104: in visit_if
    body = self.visit(node.body)
../../../warp_dev/lib/python3.7/site-packages/sol_warp-0.2.12-py3.7.egg/yul/AstVisitor.py:59: in visit
    return method(node, *args, **kwargs)
../../../warp_dev/lib/python3.7/site-packages/sol_warp-0.2.12-py3.7.egg/yul/AstVisitor.py:43: in new_method
    res = method(node, *args, **kwargs)
../../../warp_dev/lib/python3.7/site-packages/sol_warp-0.2.12-py3.7.egg/yul/RevertNormalizer.py:71: in visit_block
    new_stmt = self.visit(stmt)
../../../warp_dev/lib/python3.7/site-packages/sol_warp-0.2.12-py3.7.egg/yul/AstVisitor.py:59: in visit
    return method(node, *args, **kwargs)
../../../warp_dev/lib/python3.7/site-packages/sol_warp-0.2.12-py3.7.egg/yul/AstVisitor.py:43: in new_method
    res = method(node, *args, **kwargs)
../../../warp_dev/lib/python3.7/site-packages/sol_warp-0.2.12-py3.7.egg/yul/RevertNormalizer.py:60: in visit_variable_declaration
    value = self.visit(node.value) if node.value else None
../../../warp_dev/lib/python3.7/site-packages/sol_warp-0.2.12-py3.7.egg/yul/AstVisitor.py:59: in visit
    return method(node, *args, **kwargs)
../../../warp_dev/lib/python3.7/site-packages/sol_warp-0.2.12-py3.7.egg/yul/AstVisitor.py:43: in new_method
    res = method(node, *args, **kwargs)
../../../warp_dev/lib/python3.7/site-packages/sol_warp-0.2.12-py3.7.egg/yul/RevertNormalizer.py:54: in visit_function_call
    self.terminates_execution = self._is_function_terminating(name)
../../../warp_dev/lib/python3.7/site-packages/sol_warp-0.2.12-py3.7.egg/yul/RevertNormalizer.py:129: in _is_function_terminating
    return handler.is_terminating()
E   AttributeError: 'Number' object has no attribute 'is_terminating'
------------------------------------------------------------------------------------------------------------------- Captured stderr call -------------------------------------------------------------------------------------------------------------------
Warning: SPDX license identifier not provided in source file. Before publishing, consider adding a comment containing "SPDX-License-Identifier: <SPDX-License>" to each source file. Use "SPDX-License-Identifier: UNLICENSED" for non-open-source code. Please see https://spdx.org for more information.
--> tests/semantic/solidity/test/libsolidity/semanticTests/state/uncalled_blockhash_marked.sol

Warning: Function state mutability can be restricted to view
 --> tests/semantic/solidity/test/libsolidity/semanticTests/state/uncalled_blockhash_marked.sol:3:5:
  |
3 |     function f() public returns (bytes32) {
  |     ^ (Relevant source part starts here and spans across multiple lines).

----------------------------------------------------------------------------------------------------------------- Captured stdout teardown -----------------------------------------------------------------------------------------------------------------
{'callData': '0x26121ff0', 'expectations': '0x0000000000000000000000000000000000000000000000000000000000000080ffffffffffffffffffffffffffffffffffffffffffffffffffffffffffffffff00000000000000000000000000000000000000000000000000000000000000e00000000000000000000000000000000000000000000000000000000000001234000000000000000000000000000000000000000000000000000000000000002831323334353637383930313233343536373839303132333435363738393031323334353637383930000000000000000000000000000000000000000000000000000000000000000000000000000000000000000000000000000000000000000400000000000000000000000000000000000004d2000000000000000000000000000000000000000000000000000000000000000000000000000000000000000000000000000000000000000000000000000000000000000000000000000000000000000000000000000000000000000000001a85000000000000000000000000', 'failure': False, 'signature': 'f()'}
_____________________________________________________________ test_semantics[/home/greg/dev/nethermind/warp/tests/semantic/solidity/test/libsolidity/semanticTests/state/block_difficulty.sol] _____________________________________________________________
tests/semantic/test_semantics.py:126: in test_semantics
    contract_file, get_last_contract(contract_file)
../../../warp_dev/lib/python3.7/site-packages/sol_warp-0.2.12-py3.7.egg/yul/main.py:55: in transpile_from_solidity
    cairo_code = transpile_from_yul(yul_ast)
../../../warp_dev/lib/python3.7/site-packages/sol_warp-0.2.12-py3.7.egg/yul/main.py:75: in transpile_from_yul
    yul_ast = RevertNormalizer(builtins).map(yul_ast)
../../../warp_dev/lib/python3.7/site-packages/sol_warp-0.2.12-py3.7.egg/yul/RevertNormalizer.py:41: in map
    return self.visit(node)
../../../warp_dev/lib/python3.7/site-packages/sol_warp-0.2.12-py3.7.egg/yul/AstVisitor.py:59: in visit
    return method(node, *args, **kwargs)
../../../warp_dev/lib/python3.7/site-packages/sol_warp-0.2.12-py3.7.egg/yul/AstVisitor.py:43: in new_method
    res = method(node, *args, **kwargs)
../../../warp_dev/lib/python3.7/site-packages/sol_warp-0.2.12-py3.7.egg/yul/RevertNormalizer.py:71: in visit_block
    new_stmt = self.visit(stmt)
../../../warp_dev/lib/python3.7/site-packages/sol_warp-0.2.12-py3.7.egg/yul/AstVisitor.py:59: in visit
    return method(node, *args, **kwargs)
../../../warp_dev/lib/python3.7/site-packages/sol_warp-0.2.12-py3.7.egg/yul/AstVisitor.py:43: in new_method
    res = method(node, *args, **kwargs)
../../../warp_dev/lib/python3.7/site-packages/sol_warp-0.2.12-py3.7.egg/yul/RevertNormalizer.py:89: in visit_function_definition
    body = self.visit(node.body)
../../../warp_dev/lib/python3.7/site-packages/sol_warp-0.2.12-py3.7.egg/yul/AstVisitor.py:59: in visit
    return method(node, *args, **kwargs)
../../../warp_dev/lib/python3.7/site-packages/sol_warp-0.2.12-py3.7.egg/yul/AstVisitor.py:43: in new_method
    res = method(node, *args, **kwargs)
../../../warp_dev/lib/python3.7/site-packages/sol_warp-0.2.12-py3.7.egg/yul/RevertNormalizer.py:71: in visit_block
    new_stmt = self.visit(stmt)
../../../warp_dev/lib/python3.7/site-packages/sol_warp-0.2.12-py3.7.egg/yul/AstVisitor.py:59: in visit
    return method(node, *args, **kwargs)
../../../warp_dev/lib/python3.7/site-packages/sol_warp-0.2.12-py3.7.egg/yul/AstVisitor.py:43: in new_method
    res = method(node, *args, **kwargs)
../../../warp_dev/lib/python3.7/site-packages/sol_warp-0.2.12-py3.7.egg/yul/RevertNormalizer.py:104: in visit_if
    body = self.visit(node.body)
../../../warp_dev/lib/python3.7/site-packages/sol_warp-0.2.12-py3.7.egg/yul/AstVisitor.py:59: in visit
    return method(node, *args, **kwargs)
../../../warp_dev/lib/python3.7/site-packages/sol_warp-0.2.12-py3.7.egg/yul/AstVisitor.py:43: in new_method
    res = method(node, *args, **kwargs)
../../../warp_dev/lib/python3.7/site-packages/sol_warp-0.2.12-py3.7.egg/yul/RevertNormalizer.py:71: in visit_block
    new_stmt = self.visit(stmt)
../../../warp_dev/lib/python3.7/site-packages/sol_warp-0.2.12-py3.7.egg/yul/AstVisitor.py:59: in visit
    return method(node, *args, **kwargs)
../../../warp_dev/lib/python3.7/site-packages/sol_warp-0.2.12-py3.7.egg/yul/AstVisitor.py:43: in new_method
    res = method(node, *args, **kwargs)
../../../warp_dev/lib/python3.7/site-packages/sol_warp-0.2.12-py3.7.egg/yul/RevertNormalizer.py:104: in visit_if
    body = self.visit(node.body)
../../../warp_dev/lib/python3.7/site-packages/sol_warp-0.2.12-py3.7.egg/yul/AstVisitor.py:59: in visit
    return method(node, *args, **kwargs)
../../../warp_dev/lib/python3.7/site-packages/sol_warp-0.2.12-py3.7.egg/yul/AstVisitor.py:43: in new_method
    res = method(node, *args, **kwargs)
../../../warp_dev/lib/python3.7/site-packages/sol_warp-0.2.12-py3.7.egg/yul/RevertNormalizer.py:71: in visit_block
    new_stmt = self.visit(stmt)
../../../warp_dev/lib/python3.7/site-packages/sol_warp-0.2.12-py3.7.egg/yul/AstVisitor.py:59: in visit
    return method(node, *args, **kwargs)
../../../warp_dev/lib/python3.7/site-packages/sol_warp-0.2.12-py3.7.egg/yul/AstVisitor.py:43: in new_method
    res = method(node, *args, **kwargs)
../../../warp_dev/lib/python3.7/site-packages/sol_warp-0.2.12-py3.7.egg/yul/RevertNormalizer.py:60: in visit_variable_declaration
    value = self.visit(node.value) if node.value else None
../../../warp_dev/lib/python3.7/site-packages/sol_warp-0.2.12-py3.7.egg/yul/AstVisitor.py:59: in visit
    return method(node, *args, **kwargs)
../../../warp_dev/lib/python3.7/site-packages/sol_warp-0.2.12-py3.7.egg/yul/AstVisitor.py:43: in new_method
    res = method(node, *args, **kwargs)
../../../warp_dev/lib/python3.7/site-packages/sol_warp-0.2.12-py3.7.egg/yul/RevertNormalizer.py:54: in visit_function_call
    self.terminates_execution = self._is_function_terminating(name)
../../../warp_dev/lib/python3.7/site-packages/sol_warp-0.2.12-py3.7.egg/yul/RevertNormalizer.py:129: in _is_function_terminating
    return handler.is_terminating()
E   AttributeError: 'Difficulty' object has no attribute 'is_terminating'
------------------------------------------------------------------------------------------------------------------- Captured stderr call -------------------------------------------------------------------------------------------------------------------
Warning: SPDX license identifier not provided in source file. Before publishing, consider adding a comment containing "SPDX-License-Identifier: <SPDX-License>" to each source file. Use "SPDX-License-Identifier: UNLICENSED" for non-open-source code. Please see https://spdx.org for more information.
--> tests/semantic/solidity/test/libsolidity/semanticTests/state/block_difficulty_marked.sol

Warning: Function state mutability can be restricted to view
 --> tests/semantic/solidity/test/libsolidity/semanticTests/state/block_difficulty_marked.sol:3:5:
  |
3 |     function f() public returns (uint) {
  |     ^ (Relevant source part starts here and spans across multiple lines).

_______________________________________________________________ test_semantics[/home/greg/dev/nethermind/warp/tests/semantic/solidity/test/libsolidity/semanticTests/state/tx_gasprice.sol] ________________________________________________________________
tests/semantic/test_semantics.py:126: in test_semantics
    contract_file, get_last_contract(contract_file)
../../../warp_dev/lib/python3.7/site-packages/sol_warp-0.2.12-py3.7.egg/yul/main.py:55: in transpile_from_solidity
    cairo_code = transpile_from_yul(yul_ast)
../../../warp_dev/lib/python3.7/site-packages/sol_warp-0.2.12-py3.7.egg/yul/main.py:75: in transpile_from_yul
    yul_ast = RevertNormalizer(builtins).map(yul_ast)
../../../warp_dev/lib/python3.7/site-packages/sol_warp-0.2.12-py3.7.egg/yul/RevertNormalizer.py:41: in map
    return self.visit(node)
../../../warp_dev/lib/python3.7/site-packages/sol_warp-0.2.12-py3.7.egg/yul/AstVisitor.py:59: in visit
    return method(node, *args, **kwargs)
../../../warp_dev/lib/python3.7/site-packages/sol_warp-0.2.12-py3.7.egg/yul/AstVisitor.py:43: in new_method
    res = method(node, *args, **kwargs)
../../../warp_dev/lib/python3.7/site-packages/sol_warp-0.2.12-py3.7.egg/yul/RevertNormalizer.py:71: in visit_block
    new_stmt = self.visit(stmt)
../../../warp_dev/lib/python3.7/site-packages/sol_warp-0.2.12-py3.7.egg/yul/AstVisitor.py:59: in visit
    return method(node, *args, **kwargs)
../../../warp_dev/lib/python3.7/site-packages/sol_warp-0.2.12-py3.7.egg/yul/AstVisitor.py:43: in new_method
    res = method(node, *args, **kwargs)
../../../warp_dev/lib/python3.7/site-packages/sol_warp-0.2.12-py3.7.egg/yul/RevertNormalizer.py:89: in visit_function_definition
    body = self.visit(node.body)
../../../warp_dev/lib/python3.7/site-packages/sol_warp-0.2.12-py3.7.egg/yul/AstVisitor.py:59: in visit
    return method(node, *args, **kwargs)
../../../warp_dev/lib/python3.7/site-packages/sol_warp-0.2.12-py3.7.egg/yul/AstVisitor.py:43: in new_method
    res = method(node, *args, **kwargs)
../../../warp_dev/lib/python3.7/site-packages/sol_warp-0.2.12-py3.7.egg/yul/RevertNormalizer.py:71: in visit_block
    new_stmt = self.visit(stmt)
../../../warp_dev/lib/python3.7/site-packages/sol_warp-0.2.12-py3.7.egg/yul/AstVisitor.py:59: in visit
    return method(node, *args, **kwargs)
../../../warp_dev/lib/python3.7/site-packages/sol_warp-0.2.12-py3.7.egg/yul/AstVisitor.py:43: in new_method
    res = method(node, *args, **kwargs)
../../../warp_dev/lib/python3.7/site-packages/sol_warp-0.2.12-py3.7.egg/yul/RevertNormalizer.py:104: in visit_if
    body = self.visit(node.body)
../../../warp_dev/lib/python3.7/site-packages/sol_warp-0.2.12-py3.7.egg/yul/AstVisitor.py:59: in visit
    return method(node, *args, **kwargs)
../../../warp_dev/lib/python3.7/site-packages/sol_warp-0.2.12-py3.7.egg/yul/AstVisitor.py:43: in new_method
    res = method(node, *args, **kwargs)
../../../warp_dev/lib/python3.7/site-packages/sol_warp-0.2.12-py3.7.egg/yul/RevertNormalizer.py:71: in visit_block
    new_stmt = self.visit(stmt)
../../../warp_dev/lib/python3.7/site-packages/sol_warp-0.2.12-py3.7.egg/yul/AstVisitor.py:59: in visit
    return method(node, *args, **kwargs)
../../../warp_dev/lib/python3.7/site-packages/sol_warp-0.2.12-py3.7.egg/yul/AstVisitor.py:43: in new_method
    res = method(node, *args, **kwargs)
../../../warp_dev/lib/python3.7/site-packages/sol_warp-0.2.12-py3.7.egg/yul/RevertNormalizer.py:104: in visit_if
    body = self.visit(node.body)
../../../warp_dev/lib/python3.7/site-packages/sol_warp-0.2.12-py3.7.egg/yul/AstVisitor.py:59: in visit
    return method(node, *args, **kwargs)
../../../warp_dev/lib/python3.7/site-packages/sol_warp-0.2.12-py3.7.egg/yul/AstVisitor.py:43: in new_method
    res = method(node, *args, **kwargs)
../../../warp_dev/lib/python3.7/site-packages/sol_warp-0.2.12-py3.7.egg/yul/RevertNormalizer.py:71: in visit_block
    new_stmt = self.visit(stmt)
../../../warp_dev/lib/python3.7/site-packages/sol_warp-0.2.12-py3.7.egg/yul/AstVisitor.py:59: in visit
    return method(node, *args, **kwargs)
../../../warp_dev/lib/python3.7/site-packages/sol_warp-0.2.12-py3.7.egg/yul/AstVisitor.py:43: in new_method
    res = method(node, *args, **kwargs)
../../../warp_dev/lib/python3.7/site-packages/sol_warp-0.2.12-py3.7.egg/yul/RevertNormalizer.py:60: in visit_variable_declaration
    value = self.visit(node.value) if node.value else None
../../../warp_dev/lib/python3.7/site-packages/sol_warp-0.2.12-py3.7.egg/yul/AstVisitor.py:59: in visit
    return method(node, *args, **kwargs)
../../../warp_dev/lib/python3.7/site-packages/sol_warp-0.2.12-py3.7.egg/yul/AstVisitor.py:43: in new_method
    res = method(node, *args, **kwargs)
../../../warp_dev/lib/python3.7/site-packages/sol_warp-0.2.12-py3.7.egg/yul/RevertNormalizer.py:54: in visit_function_call
    self.terminates_execution = self._is_function_terminating(name)
../../../warp_dev/lib/python3.7/site-packages/sol_warp-0.2.12-py3.7.egg/yul/RevertNormalizer.py:129: in _is_function_terminating
    return handler.is_terminating()
E   AttributeError: 'GasPrice' object has no attribute 'is_terminating'
------------------------------------------------------------------------------------------------------------------- Captured stderr call -------------------------------------------------------------------------------------------------------------------
Warning: SPDX license identifier not provided in source file. Before publishing, consider adding a comment containing "SPDX-License-Identifier: <SPDX-License>" to each source file. Use "SPDX-License-Identifier: UNLICENSED" for non-open-source code. Please see https://spdx.org for more information.
--> tests/semantic/solidity/test/libsolidity/semanticTests/state/tx_gasprice_marked.sol

Warning: Function state mutability can be restricted to view
 --> tests/semantic/solidity/test/libsolidity/semanticTests/state/tx_gasprice_marked.sol:3:5:
  |
3 |     function f() public returns (uint) {
  |     ^ (Relevant source part starts here and spans across multiple lines).

________________________________________________________________ test_semantics[/home/greg/dev/nethermind/warp/tests/semantic/solidity/test/libsolidity/semanticTests/state/tx_origin.sol] _________________________________________________________________
../../../warp_dev/lib/python3.7/site-packages/cairo_lang-0.6.2-py3.7.egg/starkware/cairo/lang/compiler/preprocessor/dependency_graph.py:48: in add_identifier
    accessible_scopes=self.accessible_scopes, name=name
../../../warp_dev/lib/python3.7/site-packages/cairo_lang-0.6.2-py3.7.egg/starkware/cairo/lang/compiler/identifier_manager.py:225: in search
    res = self._search(accessible_scopes=accessible_scopes, name=name, get_scope=False)
../../../warp_dev/lib/python3.7/site-packages/cairo_lang-0.6.2-py3.7.egg/starkware/cairo/lang/compiler/identifier_manager.py:217: in _search
    raise MissingIdentifierError(name[:1])
E   starkware.cairo.lang.compiler.identifier_manager.MissingIdentifierError: Unknown identifier 'origin'.

During handling of the above exception, another exception occurred:
tests/semantic/test_semantics.py:135: in test_semantics
    contract_definition = await starknet_compile(cairo_file_path)
tests/semantic/test_semantics.py:71: in starknet_compile
    [contract_file], debug_info=True, cairo_path=[cairo_path]
../../../warp_dev/lib/python3.7/site-packages/cairo_lang-0.6.2-py3.7.egg/starkware/starknet/compiler/compile.py:107: in compile_starknet_files
    cairo_path=cairo_path,
../../../warp_dev/lib/python3.7/site-packages/cairo_lang-0.6.2-py3.7.egg/starkware/starknet/compiler/compile.py:128: in compile_starknet_codes
    code=codes, debug_info=debug_info, pass_manager=pass_manager
../../../warp_dev/lib/python3.7/site-packages/cairo_lang-0.6.2-py3.7.egg/starkware/cairo/lang/compiler/cairo_compile.py:230: in compile_cairo_ex
    codes=codes_with_filenames, pass_manager=pass_manager, main_scope=main_scope
../../../warp_dev/lib/python3.7/site-packages/cairo_lang-0.6.2-py3.7.egg/starkware/cairo/lang/compiler/preprocessor/preprocess_codes.py:24: in preprocess_codes
    pass_manager.run(context)
../../../warp_dev/lib/python3.7/site-packages/cairo_lang-0.6.2-py3.7.egg/starkware/cairo/lang/compiler/preprocessor/pass_manager.py:53: in run
    stage.run(context)
../../../warp_dev/lib/python3.7/site-packages/cairo_lang-0.6.2-py3.7.egg/starkware/cairo/lang/compiler/preprocessor/dependency_graph.py:181: in run
    scopes_to_compile={context.main_scope} | self.additional_scopes_to_compile,
../../../warp_dev/lib/python3.7/site-packages/cairo_lang-0.6.2-py3.7.egg/starkware/cairo/lang/compiler/preprocessor/dependency_graph.py:166: in get_functions_to_compile
    dependency_graph.visit(module)
../../../warp_dev/lib/python3.7/site-packages/cairo_lang-0.6.2-py3.7.egg/starkware/cairo/lang/compiler/ast/visitor.py:40: in visit
    return getattr(self, f"visit_{type(obj).__name__}", self._visit_default)(obj)
../../../warp_dev/lib/python3.7/site-packages/cairo_lang-0.6.2-py3.7.egg/starkware/cairo/lang/compiler/ast/visitor.py:63: in visit_CairoModule
    cairo_file=CairoFile(code_block=self.visit(module.cairo_file.code_block)),
../../../warp_dev/lib/python3.7/site-packages/cairo_lang-0.6.2-py3.7.egg/starkware/cairo/lang/compiler/ast/visitor.py:40: in visit
    return getattr(self, f"visit_{type(obj).__name__}", self._visit_default)(obj)
../../../warp_dev/lib/python3.7/site-packages/cairo_lang-0.6.2-py3.7.egg/starkware/cairo/lang/compiler/ast/visitor.py:82: in visit_CodeBlock
    for commented_code_elm in elm.code_elements
../../../warp_dev/lib/python3.7/site-packages/cairo_lang-0.6.2-py3.7.egg/starkware/cairo/lang/compiler/ast/visitor.py:82: in <listcomp>
    for commented_code_elm in elm.code_elements
../../../warp_dev/lib/python3.7/site-packages/cairo_lang-0.6.2-py3.7.egg/starkware/cairo/lang/compiler/ast/visitor.py:40: in visit
    return getattr(self, f"visit_{type(obj).__name__}", self._visit_default)(obj)
../../../warp_dev/lib/python3.7/site-packages/cairo_lang-0.6.2-py3.7.egg/starkware/cairo/lang/compiler/preprocessor/dependency_graph.py:76: in visit_CodeElementFunction
    super().visit_CodeElementFunction(elm)
../../../warp_dev/lib/python3.7/site-packages/cairo_lang-0.6.2-py3.7.egg/starkware/cairo/lang/compiler/ast/visitor.py:54: in visit_CodeElementFunction
    code_block=self.visit(elm.code_block),
../../../warp_dev/lib/python3.7/site-packages/cairo_lang-0.6.2-py3.7.egg/starkware/cairo/lang/compiler/ast/visitor.py:40: in visit
    return getattr(self, f"visit_{type(obj).__name__}", self._visit_default)(obj)
../../../warp_dev/lib/python3.7/site-packages/cairo_lang-0.6.2-py3.7.egg/starkware/cairo/lang/compiler/ast/visitor.py:82: in visit_CodeBlock
    for commented_code_elm in elm.code_elements
../../../warp_dev/lib/python3.7/site-packages/cairo_lang-0.6.2-py3.7.egg/starkware/cairo/lang/compiler/ast/visitor.py:82: in <listcomp>
    for commented_code_elm in elm.code_elements
../../../warp_dev/lib/python3.7/site-packages/cairo_lang-0.6.2-py3.7.egg/starkware/cairo/lang/compiler/ast/visitor.py:40: in visit
    return getattr(self, f"visit_{type(obj).__name__}", self._visit_default)(obj)
../../../warp_dev/lib/python3.7/site-packages/cairo_lang-0.6.2-py3.7.egg/starkware/cairo/lang/compiler/preprocessor/dependency_graph.py:36: in _visit_default
    self.visit(child)
../../../warp_dev/lib/python3.7/site-packages/cairo_lang-0.6.2-py3.7.egg/starkware/cairo/lang/compiler/ast/visitor.py:40: in visit
    return getattr(self, f"visit_{type(obj).__name__}", self._visit_default)(obj)
../../../warp_dev/lib/python3.7/site-packages/cairo_lang-0.6.2-py3.7.egg/starkware/cairo/lang/compiler/preprocessor/dependency_graph.py:36: in _visit_default
    self.visit(child)
../../../warp_dev/lib/python3.7/site-packages/cairo_lang-0.6.2-py3.7.egg/starkware/cairo/lang/compiler/ast/visitor.py:40: in visit
    return getattr(self, f"visit_{type(obj).__name__}", self._visit_default)(obj)
../../../warp_dev/lib/python3.7/site-packages/cairo_lang-0.6.2-py3.7.egg/starkware/cairo/lang/compiler/preprocessor/dependency_graph.py:87: in visit_ExprIdentifier
    self.add_identifier(ScopedName.from_string(expr.name), location=expr.location)
../../../warp_dev/lib/python3.7/site-packages/cairo_lang-0.6.2-py3.7.egg/starkware/cairo/lang/compiler/preprocessor/dependency_graph.py:56: in add_identifier
    raise PreprocessorError(str(e), location=location)
E   starkware.cairo.lang.compiler.preprocessor.preprocessor_error.PreprocessorError: /home/greg/dev/nethermind/warp/tests/semantic/solidity/test/libsolidity/semanticTests/state/tx_origin.cairo.temp:81:40: Unknown identifier 'origin'.
E       let (__warp_subexpr_3 : Uint256) = origin()
E                                          ^****^
______________________________________________ test_semantics[/home/greg/dev/nethermind/warp/tests/semantic/solidity/test/libsolidity/semanticTests/expressions/conditional_expression_storage_memory_2.sol] _______________________________________________
FAILURE: /home/greg/dev/nethermind/warp/tests/semantic/solidity/test/libsolidity/semanticTests/expressions/conditional_expression_storage_memory_2.cairo.temp
assert '0x0000000000...0000000000000' == '0x0000000000...0000000000002'
  - 0x0000000000000000000000000000000000000000000000000000000000000002
  ?                                                                  ^
  + 0x0000000000000000000000000000000000000000000000000000000000000000
  ?                                                                  ^
tests/semantic/test_semantics.py:173 in test_semantics() -> check.equal(final_res, expected_result, cairo_file_path)
------------------------------------------------------------
Failed Checks: 1
------------------------------------------------------------------------------------------------------------------- Captured stdout call -------------------------------------------------------------------------------------------------------------------
{'callData': '0x98c3a6c10000000000000000000000000000000000000000000000000000000000000000', 'expectations': '0x0000000000000000000000000000000000000000000000000000000000000002', 'failure': False, 'signature': 'f(bool)'}
_____________________________________________________________ test_semantics[/home/greg/dev/nethermind/warp/tests/semantic/solidity/test/libsolidity/semanticTests/state/block_timestamp.sol] ______________________________________________________________
tests/semantic/test_semantics.py:126: in test_semantics
    contract_file, get_last_contract(contract_file)
../../../warp_dev/lib/python3.7/site-packages/sol_warp-0.2.12-py3.7.egg/yul/main.py:55: in transpile_from_solidity
    cairo_code = transpile_from_yul(yul_ast)
../../../warp_dev/lib/python3.7/site-packages/sol_warp-0.2.12-py3.7.egg/yul/main.py:75: in transpile_from_yul
    yul_ast = RevertNormalizer(builtins).map(yul_ast)
../../../warp_dev/lib/python3.7/site-packages/sol_warp-0.2.12-py3.7.egg/yul/RevertNormalizer.py:41: in map
    return self.visit(node)
../../../warp_dev/lib/python3.7/site-packages/sol_warp-0.2.12-py3.7.egg/yul/AstVisitor.py:59: in visit
    return method(node, *args, **kwargs)
../../../warp_dev/lib/python3.7/site-packages/sol_warp-0.2.12-py3.7.egg/yul/AstVisitor.py:43: in new_method
    res = method(node, *args, **kwargs)
../../../warp_dev/lib/python3.7/site-packages/sol_warp-0.2.12-py3.7.egg/yul/RevertNormalizer.py:71: in visit_block
    new_stmt = self.visit(stmt)
../../../warp_dev/lib/python3.7/site-packages/sol_warp-0.2.12-py3.7.egg/yul/AstVisitor.py:59: in visit
    return method(node, *args, **kwargs)
../../../warp_dev/lib/python3.7/site-packages/sol_warp-0.2.12-py3.7.egg/yul/AstVisitor.py:43: in new_method
    res = method(node, *args, **kwargs)
../../../warp_dev/lib/python3.7/site-packages/sol_warp-0.2.12-py3.7.egg/yul/RevertNormalizer.py:89: in visit_function_definition
    body = self.visit(node.body)
../../../warp_dev/lib/python3.7/site-packages/sol_warp-0.2.12-py3.7.egg/yul/AstVisitor.py:59: in visit
    return method(node, *args, **kwargs)
../../../warp_dev/lib/python3.7/site-packages/sol_warp-0.2.12-py3.7.egg/yul/AstVisitor.py:43: in new_method
    res = method(node, *args, **kwargs)
../../../warp_dev/lib/python3.7/site-packages/sol_warp-0.2.12-py3.7.egg/yul/RevertNormalizer.py:71: in visit_block
    new_stmt = self.visit(stmt)
../../../warp_dev/lib/python3.7/site-packages/sol_warp-0.2.12-py3.7.egg/yul/AstVisitor.py:59: in visit
    return method(node, *args, **kwargs)
../../../warp_dev/lib/python3.7/site-packages/sol_warp-0.2.12-py3.7.egg/yul/AstVisitor.py:43: in new_method
    res = method(node, *args, **kwargs)
../../../warp_dev/lib/python3.7/site-packages/sol_warp-0.2.12-py3.7.egg/yul/RevertNormalizer.py:104: in visit_if
    body = self.visit(node.body)
../../../warp_dev/lib/python3.7/site-packages/sol_warp-0.2.12-py3.7.egg/yul/AstVisitor.py:59: in visit
    return method(node, *args, **kwargs)
../../../warp_dev/lib/python3.7/site-packages/sol_warp-0.2.12-py3.7.egg/yul/AstVisitor.py:43: in new_method
    res = method(node, *args, **kwargs)
../../../warp_dev/lib/python3.7/site-packages/sol_warp-0.2.12-py3.7.egg/yul/RevertNormalizer.py:71: in visit_block
    new_stmt = self.visit(stmt)
../../../warp_dev/lib/python3.7/site-packages/sol_warp-0.2.12-py3.7.egg/yul/AstVisitor.py:59: in visit
    return method(node, *args, **kwargs)
../../../warp_dev/lib/python3.7/site-packages/sol_warp-0.2.12-py3.7.egg/yul/AstVisitor.py:43: in new_method
    res = method(node, *args, **kwargs)
../../../warp_dev/lib/python3.7/site-packages/sol_warp-0.2.12-py3.7.egg/yul/RevertNormalizer.py:104: in visit_if
    body = self.visit(node.body)
../../../warp_dev/lib/python3.7/site-packages/sol_warp-0.2.12-py3.7.egg/yul/AstVisitor.py:59: in visit
    return method(node, *args, **kwargs)
../../../warp_dev/lib/python3.7/site-packages/sol_warp-0.2.12-py3.7.egg/yul/AstVisitor.py:43: in new_method
    res = method(node, *args, **kwargs)
../../../warp_dev/lib/python3.7/site-packages/sol_warp-0.2.12-py3.7.egg/yul/RevertNormalizer.py:71: in visit_block
    new_stmt = self.visit(stmt)
../../../warp_dev/lib/python3.7/site-packages/sol_warp-0.2.12-py3.7.egg/yul/AstVisitor.py:59: in visit
    return method(node, *args, **kwargs)
../../../warp_dev/lib/python3.7/site-packages/sol_warp-0.2.12-py3.7.egg/yul/AstVisitor.py:43: in new_method
    res = method(node, *args, **kwargs)
../../../warp_dev/lib/python3.7/site-packages/sol_warp-0.2.12-py3.7.egg/yul/RevertNormalizer.py:60: in visit_variable_declaration
    value = self.visit(node.value) if node.value else None
../../../warp_dev/lib/python3.7/site-packages/sol_warp-0.2.12-py3.7.egg/yul/AstVisitor.py:59: in visit
    return method(node, *args, **kwargs)
../../../warp_dev/lib/python3.7/site-packages/sol_warp-0.2.12-py3.7.egg/yul/AstVisitor.py:43: in new_method
    res = method(node, *args, **kwargs)
../../../warp_dev/lib/python3.7/site-packages/sol_warp-0.2.12-py3.7.egg/yul/RevertNormalizer.py:54: in visit_function_call
    self.terminates_execution = self._is_function_terminating(name)
../../../warp_dev/lib/python3.7/site-packages/sol_warp-0.2.12-py3.7.egg/yul/RevertNormalizer.py:129: in _is_function_terminating
    return handler.is_terminating()
E   AttributeError: 'Timestamp' object has no attribute 'is_terminating'
______________________________________________________________ test_semantics[/home/greg/dev/nethermind/warp/tests/semantic/solidity/test/libsolidity/semanticTests/state/block_chainid.sol] _______________________________________________________________
../../../warp_dev/lib/python3.7/site-packages/cairo_lang-0.6.2-py3.7.egg/starkware/cairo/lang/compiler/preprocessor/dependency_graph.py:48: in add_identifier
    accessible_scopes=self.accessible_scopes, name=name
../../../warp_dev/lib/python3.7/site-packages/cairo_lang-0.6.2-py3.7.egg/starkware/cairo/lang/compiler/identifier_manager.py:225: in search
    res = self._search(accessible_scopes=accessible_scopes, name=name, get_scope=False)
../../../warp_dev/lib/python3.7/site-packages/cairo_lang-0.6.2-py3.7.egg/starkware/cairo/lang/compiler/identifier_manager.py:217: in _search
    raise MissingIdentifierError(name[:1])
E   starkware.cairo.lang.compiler.identifier_manager.MissingIdentifierError: Unknown identifier 'chainid'.

During handling of the above exception, another exception occurred:
tests/semantic/test_semantics.py:135: in test_semantics
    contract_definition = await starknet_compile(cairo_file_path)
tests/semantic/test_semantics.py:71: in starknet_compile
    [contract_file], debug_info=True, cairo_path=[cairo_path]
../../../warp_dev/lib/python3.7/site-packages/cairo_lang-0.6.2-py3.7.egg/starkware/starknet/compiler/compile.py:107: in compile_starknet_files
    cairo_path=cairo_path,
../../../warp_dev/lib/python3.7/site-packages/cairo_lang-0.6.2-py3.7.egg/starkware/starknet/compiler/compile.py:128: in compile_starknet_codes
    code=codes, debug_info=debug_info, pass_manager=pass_manager
../../../warp_dev/lib/python3.7/site-packages/cairo_lang-0.6.2-py3.7.egg/starkware/cairo/lang/compiler/cairo_compile.py:230: in compile_cairo_ex
    codes=codes_with_filenames, pass_manager=pass_manager, main_scope=main_scope
../../../warp_dev/lib/python3.7/site-packages/cairo_lang-0.6.2-py3.7.egg/starkware/cairo/lang/compiler/preprocessor/preprocess_codes.py:24: in preprocess_codes
    pass_manager.run(context)
../../../warp_dev/lib/python3.7/site-packages/cairo_lang-0.6.2-py3.7.egg/starkware/cairo/lang/compiler/preprocessor/pass_manager.py:53: in run
    stage.run(context)
../../../warp_dev/lib/python3.7/site-packages/cairo_lang-0.6.2-py3.7.egg/starkware/cairo/lang/compiler/preprocessor/dependency_graph.py:181: in run
    scopes_to_compile={context.main_scope} | self.additional_scopes_to_compile,
../../../warp_dev/lib/python3.7/site-packages/cairo_lang-0.6.2-py3.7.egg/starkware/cairo/lang/compiler/preprocessor/dependency_graph.py:166: in get_functions_to_compile
    dependency_graph.visit(module)
../../../warp_dev/lib/python3.7/site-packages/cairo_lang-0.6.2-py3.7.egg/starkware/cairo/lang/compiler/ast/visitor.py:40: in visit
    return getattr(self, f"visit_{type(obj).__name__}", self._visit_default)(obj)
../../../warp_dev/lib/python3.7/site-packages/cairo_lang-0.6.2-py3.7.egg/starkware/cairo/lang/compiler/ast/visitor.py:63: in visit_CairoModule
    cairo_file=CairoFile(code_block=self.visit(module.cairo_file.code_block)),
../../../warp_dev/lib/python3.7/site-packages/cairo_lang-0.6.2-py3.7.egg/starkware/cairo/lang/compiler/ast/visitor.py:40: in visit
    return getattr(self, f"visit_{type(obj).__name__}", self._visit_default)(obj)
../../../warp_dev/lib/python3.7/site-packages/cairo_lang-0.6.2-py3.7.egg/starkware/cairo/lang/compiler/ast/visitor.py:82: in visit_CodeBlock
    for commented_code_elm in elm.code_elements
../../../warp_dev/lib/python3.7/site-packages/cairo_lang-0.6.2-py3.7.egg/starkware/cairo/lang/compiler/ast/visitor.py:82: in <listcomp>
    for commented_code_elm in elm.code_elements
../../../warp_dev/lib/python3.7/site-packages/cairo_lang-0.6.2-py3.7.egg/starkware/cairo/lang/compiler/ast/visitor.py:40: in visit
    return getattr(self, f"visit_{type(obj).__name__}", self._visit_default)(obj)
../../../warp_dev/lib/python3.7/site-packages/cairo_lang-0.6.2-py3.7.egg/starkware/cairo/lang/compiler/preprocessor/dependency_graph.py:76: in visit_CodeElementFunction
    super().visit_CodeElementFunction(elm)
../../../warp_dev/lib/python3.7/site-packages/cairo_lang-0.6.2-py3.7.egg/starkware/cairo/lang/compiler/ast/visitor.py:54: in visit_CodeElementFunction
    code_block=self.visit(elm.code_block),
../../../warp_dev/lib/python3.7/site-packages/cairo_lang-0.6.2-py3.7.egg/starkware/cairo/lang/compiler/ast/visitor.py:40: in visit
    return getattr(self, f"visit_{type(obj).__name__}", self._visit_default)(obj)
../../../warp_dev/lib/python3.7/site-packages/cairo_lang-0.6.2-py3.7.egg/starkware/cairo/lang/compiler/ast/visitor.py:82: in visit_CodeBlock
    for commented_code_elm in elm.code_elements
../../../warp_dev/lib/python3.7/site-packages/cairo_lang-0.6.2-py3.7.egg/starkware/cairo/lang/compiler/ast/visitor.py:82: in <listcomp>
    for commented_code_elm in elm.code_elements
../../../warp_dev/lib/python3.7/site-packages/cairo_lang-0.6.2-py3.7.egg/starkware/cairo/lang/compiler/ast/visitor.py:40: in visit
    return getattr(self, f"visit_{type(obj).__name__}", self._visit_default)(obj)
../../../warp_dev/lib/python3.7/site-packages/cairo_lang-0.6.2-py3.7.egg/starkware/cairo/lang/compiler/preprocessor/dependency_graph.py:36: in _visit_default
    self.visit(child)
../../../warp_dev/lib/python3.7/site-packages/cairo_lang-0.6.2-py3.7.egg/starkware/cairo/lang/compiler/ast/visitor.py:40: in visit
    return getattr(self, f"visit_{type(obj).__name__}", self._visit_default)(obj)
../../../warp_dev/lib/python3.7/site-packages/cairo_lang-0.6.2-py3.7.egg/starkware/cairo/lang/compiler/preprocessor/dependency_graph.py:36: in _visit_default
    self.visit(child)
../../../warp_dev/lib/python3.7/site-packages/cairo_lang-0.6.2-py3.7.egg/starkware/cairo/lang/compiler/ast/visitor.py:40: in visit
    return getattr(self, f"visit_{type(obj).__name__}", self._visit_default)(obj)
../../../warp_dev/lib/python3.7/site-packages/cairo_lang-0.6.2-py3.7.egg/starkware/cairo/lang/compiler/preprocessor/dependency_graph.py:87: in visit_ExprIdentifier
    self.add_identifier(ScopedName.from_string(expr.name), location=expr.location)
../../../warp_dev/lib/python3.7/site-packages/cairo_lang-0.6.2-py3.7.egg/starkware/cairo/lang/compiler/preprocessor/dependency_graph.py:56: in add_identifier
    raise PreprocessorError(str(e), location=location)
E   starkware.cairo.lang.compiler.preprocessor.preprocessor_error.PreprocessorError: /home/greg/dev/nethermind/warp/tests/semantic/solidity/test/libsolidity/semanticTests/state/block_chainid.cairo.temp:81:40: Unknown identifier 'chainid'.
E       let (__warp_subexpr_3 : Uint256) = chainid()
E                                          ^*****^
------------------------------------------------------------------------------------------------------------------- Captured stdout call -------------------------------------------------------------------------------------------------------------------
{'callData': '0x98c3a6c10000000000000000000000000000000000000000000000000000000000000000', 'expectations': '0x0000000000000000000000000000000000000000000000000000000000000002', 'failure': False, 'signature': 'f(bool)'}
----------------------------------------------------------------------------------------------------------------- Captured stderr teardown -----------------------------------------------------------------------------------------------------------------
Warning: SPDX license identifier not provided in source file. Before publishing, consider adding a comment containing "SPDX-License-Identifier: <SPDX-License>" to each source file. Use "SPDX-License-Identifier: UNLICENSED" for non-open-source code. Please see https://spdx.org for more information.
--> tests/semantic/solidity/test/libsolidity/semanticTests/fallback/fallback_argument_to_storage_marked.sol

______________________________________________ test_semantics[/home/greg/dev/nethermind/warp/tests/semantic/solidity/test/libsolidity/semanticTests/expressions/conditional_expression_storage_memory_1.sol] _______________________________________________
FAILURE: /home/greg/dev/nethermind/warp/tests/semantic/solidity/test/libsolidity/semanticTests/expressions/conditional_expression_storage_memory_1.cairo.temp
assert '0x0000000000...0000000000000' == '0x0000000000...0000000000001'
  - 0x0000000000000000000000000000000000000000000000000000000000000001
  ?                                                                  ^
  + 0x0000000000000000000000000000000000000000000000000000000000000000
  ?                                                                  ^
tests/semantic/test_semantics.py:173 in test_semantics() -> check.equal(final_res, expected_result, cairo_file_path)
FAILURE: /home/greg/dev/nethermind/warp/tests/semantic/solidity/test/libsolidity/semanticTests/expressions/conditional_expression_storage_memory_1.cairo.temp
assert '0x0000000000...0000000000000' == '0x0000000000...0000000000002'
  - 0x0000000000000000000000000000000000000000000000000000000000000002
  ?                                                                  ^
  + 0x0000000000000000000000000000000000000000000000000000000000000000
  ?                                                                  ^
tests/semantic/test_semantics.py:173 in test_semantics() -> check.equal(final_res, expected_result, cairo_file_path)
------------------------------------------------------------
Failed Checks: 2
__________________________________________________________ test_semantics[/home/greg/dev/nethermind/warp/tests/semantic/solidity/test/libsolidity/semanticTests/fallback/call_forward_bytes.sol] ___________________________________________________________
tests/semantic/test_semantics.py:123: in test_semantics
    constructor_args, contract_expectations = get_expectations(contract_file)
tests/semantic/test_semantics.py:102: in get_expectations
    expectations = test_calldata[contract_path]
E   KeyError: './scripts/../test/libsolidity/semanticTests/fallback/call_forward_bytes.sol'
___________________________________________________ test_semantics[/home/greg/dev/nethermind/warp/tests/semantic/solidity/test/libsolidity/semanticTests/libraries/mapping_returns_in_library_named.sol] ___________________________________________________
tests/semantic/test_semantics.py:123: in test_semantics
    constructor_args, contract_expectations = get_expectations(contract_file)
tests/semantic/test_semantics.py:102: in get_expectations
    expectations = test_calldata[contract_path]
E   KeyError: './scripts/../test/libsolidity/semanticTests/libraries/mapping_returns_in_library_named.sol'
______________________________________________ test_semantics[/home/greg/dev/nethermind/warp/tests/semantic/solidity/test/libsolidity/semanticTests/libraries/library_delegatecall_guard_view_staticcall.sol] ______________________________________________
tests/semantic/test_semantics.py:126: in test_semantics
    contract_file, get_last_contract(contract_file)
../../../warp_dev/lib/python3.7/site-packages/sol_warp-0.2.12-py3.7.egg/yul/main.py:53: in transpile_from_solidity
    codes = json.loads(result.stdout)
/usr/lib/python3.7/json/__init__.py:348: in loads
    return _default_decoder.decode(s)
/usr/lib/python3.7/json/decoder.py:337: in decode
    obj, end = self.raw_decode(s, idx=_w(s, 0).end())
/usr/lib/python3.7/json/decoder.py:355: in raw_decode
    raise JSONDecodeError("Expecting value", s, err.value) from None
E   json.decoder.JSONDecodeError: Expecting value: line 1 column 1 (char 0)
------------------------------------------------------------------------------------------------------------------- Captured stderr call -------------------------------------------------------------------------------------------------------------------
Warning: SPDX license identifier not provided in source file. Before publishing, consider adding a comment containing "SPDX-License-Identifier: <SPDX-License>" to each source file. Use "SPDX-License-Identifier: UNLICENSED" for non-open-source code. Please see https://spdx.org for more information.
--> tests/semantic/solidity/test/libsolidity/semanticTests/fallback/fallback_argument_marked.sol

Warning: SPDX license identifier not provided in source file. Before publishing, consider adding a comment containing "SPDX-License-Identifier: <SPDX-License>" to each source file. Use "SPDX-License-Identifier: UNLICENSED" for non-open-source code. Please see https://spdx.org for more information.
--> tests/semantic/solidity/test/libsolidity/semanticTests/libraries/internal_library_function_bound_to_literal_marked.sol

Warning: Function state mutability can be restricted to pure
  --> tests/semantic/solidity/test/libsolidity/semanticTests/libraries/internal_library_function_bound_to_literal_marked.sol:12:5:
   |
12 |     function double42() public returns (uint) {
   |     ^ (Relevant source part starts here and spans across multiple lines).

Warning: Function state mutability can be restricted to pure
  --> tests/semantic/solidity/test/libsolidity/semanticTests/libraries/internal_library_function_bound_to_literal_marked.sol:15:5:
   |
15 |     function doubleABC() public returns (bytes memory) {
   |     ^ (Relevant source part starts here and spans across multiple lines).

Warning: SPDX license identifier not provided in source file. Before publishing, consider adding a comment containing "SPDX-License-Identifier: <SPDX-License>" to each source file. Use "SPDX-License-Identifier: UNLICENSED" for non-open-source code. Please see https://spdx.org for more information.
--> tests/semantic/solidity/test/libsolidity/semanticTests/libraries/library_delegatecall_guard_view_staticcall_marked.sol

______________________________________________________ test_semantics[/home/greg/dev/nethermind/warp/tests/semantic/solidity/test/libsolidity/semanticTests/libraries/library_function_selectors.sol] ______________________________________________________
tests/semantic/test_semantics.py:126: in test_semantics
    contract_file, get_last_contract(contract_file)
../../../warp_dev/lib/python3.7/site-packages/sol_warp-0.2.12-py3.7.egg/yul/main.py:55: in transpile_from_solidity
    cairo_code = transpile_from_yul(yul_ast)
../../../warp_dev/lib/python3.7/site-packages/sol_warp-0.2.12-py3.7.egg/yul/main.py:86: in transpile_from_yul
    return parse_file(cairo_visitor.translate(yul_ast)).format()
../../../warp_dev/lib/python3.7/site-packages/cairo_lang-0.6.2-py3.7.egg/starkware/cairo/lang/compiler/parser.py:239: in parse_file
    return parse(filename, code, "cairo_file", CairoFile, parser_context=parser_context)
../../../warp_dev/lib/python3.7/site-packages/cairo_lang-0.6.2-py3.7.egg/starkware/cairo/lang/compiler/parser.py:205: in parse
    raise wrap_lark_error(err, input_file) from None
E   starkware.cairo.lang.compiler.parser_transformer.ParserError: <string>:335:159: Unexpected token Token('MINUS', '-'). Expected one of: "(", "[", "cast", NONDET, identifier, integer, integer, register, short string.
E   let (__warp_subexpr_4 : Uint256) = linkersymbol(Uint256(low='olidity/test/libsolidity/semanticTests/libraries/library_function_selectors_marked.sol:L' * 256**-72, high='tests/semantic/s' * 256**0))
E                                                                                                                                                                 ^
------------------------------------------------------------------------------------------------------------------- Captured stdout call -------------------------------------------------------------------------------------------------------------------
{'callData': '0x26121ff0', 'expectations': '0x00000000000000000000000000000000000000000000000000000000000000200000000000000000000000000000000000000000000000000000000000000008000000000000000000000000000000000000000000000000000000000000004000000000000000000000000000000000000000000000000000000000000000030000000000000000000000000000000000000000000000000000000000000009000000000000000000000000000000000000000000000000000000000000000a000000000000000000000000000000000000000000000000000000000000000b', 'failure': False, 'signature': 'f()'}
------------------------------------------------------------------------------------------------------------------- Captured stderr call -------------------------------------------------------------------------------------------------------------------
Warning: SPDX license identifier not provided in source file. Before publishing, consider adding a comment containing "SPDX-License-Identifier: <SPDX-License>" to each source file. Use "SPDX-License-Identifier: UNLICENSED" for non-open-source code. Please see https://spdx.org for more information.
--> tests/semantic/solidity/test/libsolidity/semanticTests/libraries/library_function_selectors_marked.sol

Warning: Function state mutability can be restricted to pure
 --> tests/semantic/solidity/test/libsolidity/semanticTests/libraries/library_function_selectors_marked.sol:3:5:
  |
3 |     function f(uint256 x) external returns (uint) { return x; }
  |     ^^^^^^^^^^^^^^^^^^^^^^^^^^^^^^^^^^^^^^^^^^^^^^^^^^^^^^^^^^^

Warning: Function state mutability can be restricted to view
 --> tests/semantic/solidity/test/libsolidity/semanticTests/libraries/library_function_selectors_marked.sol:4:5:
  |
4 |     function g(uint256[] storage s) external returns (uint) { return s.length; }
  |     ^^^^^^^^^^^^^^^^^^^^^^^^^^^^^^^^^^^^^^^^^^^^^^^^^^^^^^^^^^^^^^^^^^^^^^^^^^^^

Warning: Function state mutability can be restricted to pure
 --> tests/semantic/solidity/test/libsolidity/semanticTests/libraries/library_function_selectors_marked.sol:5:5:
  |
5 |     function h(uint256[] memory m) public returns (uint) { return m.length; }
  |     ^^^^^^^^^^^^^^^^^^^^^^^^^^^^^^^^^^^^^^^^^^^^^^^^^^^^^^^^^^^^^^^^^^^^^^^^^

Warning: SPDX license identifier not provided in source file. Before publishing, consider adding a comment containing "SPDX-License-Identifier: <SPDX-License>" to each source file. Use "SPDX-License-Identifier: UNLICENSED" for non-open-source code. Please see https://spdx.org for more information.
--> tests/semantic/solidity/test/libsolidity/semanticTests/libraries/internal_library_function_bound_to_fixed_bytes_marked.sol

Warning: Function state mutability can be restricted to pure
 --> tests/semantic/solidity/test/libsolidity/semanticTests/libraries/internal_library_function_bound_to_fixed_bytes_marked.sol:9:5:
  |
9 |     function sum(bytes2 a, bytes2 b) public returns (bytes2) {
  |     ^ (Relevant source part starts here and spans across multiple lines).

________________________________________________________________ test_semantics[/home/greg/dev/nethermind/warp/tests/semantic/solidity/test/libsolidity/semanticTests/state/msg_sender.sol] ________________________________________________________________
FAILURE: /home/greg/dev/nethermind/warp/tests/semantic/solidity/test/libsolidity/semanticTests/state/msg_sender.cairo.temp
assert '0x0000000000...0000000000000' == '0x0000000000...2120000000012'
  - 0x0000000000000000000000001212121212121212121212121212120000000012
  + 0x0000000000000000000000000000000000000000000000000000000000000000
tests/semantic/test_semantics.py:173 in test_semantics() -> check.equal(final_res, expected_result, cairo_file_path)
------------------------------------------------------------
Failed Checks: 1
------------------------------------------------------------------------------------------------------------------- Captured stdout call -------------------------------------------------------------------------------------------------------------------
{'callData': '0x26121ff0', 'expectations': '0x0000000000000000000000001212121212121212121212121212120000000012', 'failure': False, 'signature': 'f()'}
------------------------------------------------------------------------------------------------------------------- Captured stderr call -------------------------------------------------------------------------------------------------------------------
Warning: SPDX license identifier not provided in source file. Before publishing, consider adding a comment containing "SPDX-License-Identifier: <SPDX-License>" to each source file. Use "SPDX-License-Identifier: UNLICENSED" for non-open-source code. Please see https://spdx.org for more information.
--> tests/semantic/solidity/test/libsolidity/semanticTests/libraries/internal_library_function_bound_to_external_function_marked.sol

Warning: Function state mutability can be restricted to view
  --> tests/semantic/solidity/test/libsolidity/semanticTests/libraries/internal_library_function_bound_to_external_function_marked.sol:12:5:
   |
12 |     function test(uint value) public returns (uint) {
   |     ^ (Relevant source part starts here and spans across multiple lines).

_________________________________________________________ test_semantics[/home/greg/dev/nethermind/warp/tests/semantic/solidity/test/libsolidity/semanticTests/viaYul/array_storage_push_pop.sol] __________________________________________________________
../../../warp_dev/lib/python3.7/site-packages/cairo_lang-0.6.2-py3.7.egg/starkware/starknet/business_logic/internal_transaction.py:539: in _run
    verify_secure=True,
../../../warp_dev/lib/python3.7/site-packages/cairo_lang-0.6.2-py3.7.egg/starkware/cairo/common/cairo_function_runner.py:199: in run_from_entrypoint
    self.run_until_pc(addr=end, run_resources=run_resources)
../../../warp_dev/lib/python3.7/site-packages/cairo_lang-0.6.2-py3.7.egg/starkware/cairo/lang/vm/cairo_runner.py:289: in run_until_pc
    ResourcesError("Error: End of program was not reached"), self.vm.run_context.pc
E   starkware.cairo.lang.vm.vm_exceptions.VmException: /home/greg/dev/nethermind/warp/tests/semantic/solidity/test/libsolidity/semanticTests/viaYul/array_storage_push_pop.cairo.temp:101:5: While trying to retrieve the implicit argument 'msize' in:
E       return (slot, offset)
E       ^*******************^
E   /home/greg/dev/nethermind/warp/tests/semantic/solidity/test/libsolidity/semanticTests/viaYul/array_storage_push_pop.cairo.temp:85:67: While expanding the reference 'msize' in:
E           bitwise_ptr : BitwiseBuiltin*, memory_dict : DictAccess*, msize,
E                                                                     ^***^
E   /home/greg/dev/nethermind/warp/tests/semantic/solidity/test/libsolidity/semanticTests/viaYul/array_storage_push_pop.cairo.temp:97:40: While trying to update the implicit return value 'msize' in:
E       let (__warp_subexpr_3 : Uint256) = uint256_pedersen(
E                                          ^***************^
E   /home/greg/dev/nethermind/warp/warp/cairo-src/evm/hashing.cairo:38:82: Error at pc=0:2293:
E   Error: End of program was not reached
E           range_check_ptr, pedersen_ptr : HashBuiltin*, memory_dict : DictAccess*, msize,
E                                                                                    ^***^

During handling of the above exception, another exception occurred:
tests/semantic/test_semantics.py:161: in test_semantics
    res = await invoke_method_evm_calldata(starknet, contract_address, argument)
../../../warp_dev/lib/python3.7/site-packages/sol_warp-0.2.12-py3.7.egg/yul/starknet_utils.py:30: in invoke_method_evm_calldata
    caller_address=0,
../../../warp_dev/lib/python3.7/site-packages/cairo_lang-0.6.2-py3.7.egg/starkware/starknet/testing/state.py:153: in invoke_raw
    state=state_copy, general_config=self.general_config
../../../warp_dev/lib/python3.7/site-packages/cairo_lang-0.6.2-py3.7.egg/starkware/starknet/business_logic/internal_transaction_interface.py:213: in apply_state_updates
    state=state_to_update, general_config=general_config
../../../warp_dev/lib/python3.7/site-packages/cairo_lang-0.6.2-py3.7.egg/starkware/starknet/business_logic/internal_transaction.py:405: in _apply_specific_state_updates
    func=_synchronous_apply_specific_state_updates,
/usr/lib/python3.7/concurrent/futures/thread.py:57: in run
    result = self.fn(*self.args, **self.kwargs)
../../../warp_dev/lib/python3.7/site-packages/cairo_lang-0.6.2-py3.7.egg/starkware/starknet/business_logic/internal_transaction.py:433: in _synchronous_apply_specific_state_updates
    run_resources=run_resources,
../../../warp_dev/lib/python3.7/site-packages/cairo_lang-0.6.2-py3.7.egg/starkware/starknet/business_logic/internal_transaction.py:559: in _run
    raise StarkException(code=code, message=str(exception))
E   starkware.starkware_utils.error_handling.StarkException: (500, {'code': <StarknetErrorCode.OUT_OF_RESOURCES: 26>, 'message': "/home/greg/dev/nethermind/warp/tests/semantic/solidity/test/libsolidity/semanticTests/viaYul/array_storage_push_pop.cairo.temp:101:5: While trying to retrieve the implicit argument 'msize' in:\n    return (slot, offset)\n    ^*******************^\n/home/greg/dev/nethermind/warp/tests/semantic/solidity/test/libsolidity/semanticTests/viaYul/array_storage_push_pop.cairo.temp:85:67: While expanding the reference 'msize' in:\n        bitwise_ptr : BitwiseBuiltin*, memory_dict : DictAccess*, msize,\n                                                                  ^***^\n/home/greg/dev/nethermind/warp/tests/semantic/solidity/test/libsolidity/semanticTests/viaYul/array_storage_push_pop.cairo.temp:97:40: While trying to update the implicit return value 'msize' in:\n    let (__warp_subexpr_3 : Uint256) = uint256_pedersen(\n                                       ^***************^\n/home/greg/dev/nethermind/warp/warp/cairo-src/evm/hashing.cairo:38:82: Error at pc=0:2293:\nError: End of program was not reached\n        range_check_ptr, pedersen_ptr : HashBuiltin*, memory_dict : DictAccess*, msize,\n                                                                                 ^***^"})
------------------------------------------------------------------------------------------------------------------- Captured stderr call -------------------------------------------------------------------------------------------------------------------
Warning: SPDX license identifier not provided in source file. Before publishing, consider adding a comment containing "SPDX-License-Identifier: <SPDX-License>" to each source file. Use "SPDX-License-Identifier: UNLICENSED" for non-open-source code. Please see https://spdx.org for more information.
--> tests/semantic/solidity/test/libsolidity/semanticTests/libraries/internal_library_function_marked.sol

Warning: Function state mutability can be restricted to pure
 --> tests/semantic/solidity/test/libsolidity/semanticTests/libraries/internal_library_function_marked.sol:3:5:
  |
3 |     function f(uint256[] memory _data) internal {
  |     ^ (Relevant source part starts here and spans across multiple lines).

____________________________________________________________ test_semantics[/home/greg/dev/nethermind/warp/tests/semantic/solidity/test/libsolidity/semanticTests/fallback/falback_return.sol] _____________________________________________________________
FAILURE: /home/greg/dev/nethermind/warp/tests/semantic/solidity/test/libsolidity/semanticTests/fallback/falback_return.cairo.temp
assert '0x0000000000...0000000000000' == '0x0000000000...0000000000001'
  - 0x0000000000000000000000000000000000000000000000000000000000000001
  ?                                                                  ^
  + 0x0000000000000000000000000000000000000000000000000000000000000000
  ?                                                                  ^
tests/semantic/test_semantics.py:173 in test_semantics() -> check.equal(final_res, expected_result, cairo_file_path)
FAILURE: /home/greg/dev/nethermind/warp/tests/semantic/solidity/test/libsolidity/semanticTests/fallback/falback_return.cairo.temp
assert '0x0000000000...0000000000000' == '0x0000000000...0000000000002'
  - 0x0000000000000000000000000000000000000000000000000000000000000002
  ?                                                                  ^
  + 0x0000000000000000000000000000000000000000000000000000000000000000
  ?                                                                  ^
tests/semantic/test_semantics.py:173 in test_semantics() -> check.equal(final_res, expected_result, cairo_file_path)
FAILURE: /home/greg/dev/nethermind/warp/tests/semantic/solidity/test/libsolidity/semanticTests/fallback/falback_return.cairo.temp
assert '0x0000000000...0000000000000' == '0x0000000000...0000000000002'
  - 0x0000000000000000000000000000000000000000000000000000000000000002
  ?                                                                  ^
  + 0x0000000000000000000000000000000000000000000000000000000000000000
  ?                                                                  ^
tests/semantic/test_semantics.py:173 in test_semantics() -> check.equal(final_res, expected_result, cairo_file_path)
FAILURE: /home/greg/dev/nethermind/warp/tests/semantic/solidity/test/libsolidity/semanticTests/fallback/falback_return.cairo.temp
assert '0x0000000000...0000000000000' == '0x0000000000...0000000000002'
  - 0x0000000000000000000000000000000000000000000000000000000000000002
  ?                                                                  ^
  + 0x0000000000000000000000000000000000000000000000000000000000000000
  ?                                                                  ^
tests/semantic/test_semantics.py:173 in test_semantics() -> check.equal(final_res, expected_result, cairo_file_path)
------------------------------------------------------------
Failed Checks: 4
------------------------------------------------------------------------------------------------------------------- Captured stdout call -------------------------------------------------------------------------------------------------------------------
{'callData': '0x0c55699c', 'expectations': '0x0000000000000000000000000000000000000000000000000000000000000001', 'failure': False, 'signature': 'x()'}
{'callData': '0x0c55699c', 'expectations': '0x0000000000000000000000000000000000000000000000000000000000000002', 'failure': False, 'signature': 'x()'}
{'callData': '0x0c55699c', 'expectations': '0x0000000000000000000000000000000000000000000000000000000000000002', 'failure': False, 'signature': 'x()'}
{'callData': '0x0c55699c', 'expectations': '0x0000000000000000000000000000000000000000000000000000000000000002', 'failure': False, 'signature': 'x()'}
------------------------------------------------------------------------------------------------------------------- Captured stderr call -------------------------------------------------------------------------------------------------------------------
Warning: SPDX license identifier not provided in source file. Before publishing, consider adding a comment containing "SPDX-License-Identifier: <SPDX-License>" to each source file. Use "SPDX-License-Identifier: UNLICENSED" for non-open-source code. Please see https://spdx.org for more information.
--> tests/semantic/solidity/test/libsolidity/semanticTests/libraries/internal_library_function_bound_to_integer_marked.sol

Warning: Function state mutability can be restricted to pure
 --> tests/semantic/solidity/test/libsolidity/semanticTests/libraries/internal_library_function_bound_to_integer_marked.sol:9:5:
  |
9 |     function foo(uint256 a, uint256 b) public returns (uint256) {
  |     ^ (Relevant source part starts here and spans across multiple lines).

_________________________________________________________ test_semantics[/home/greg/dev/nethermind/warp/tests/semantic/solidity/test/libsolidity/semanticTests/libraries/library_stray_values.sol] _________________________________________________________
tests/semantic/test_semantics.py:123: in test_semantics
    constructor_args, contract_expectations = get_expectations(contract_file)
tests/semantic/test_semantics.py:102: in get_expectations
    expectations = test_calldata[contract_path]
E   KeyError: './scripts/../test/libsolidity/semanticTests/libraries/library_stray_values.sol'
______________________________________________________ test_semantics[/home/greg/dev/nethermind/warp/tests/semantic/solidity/test/libsolidity/semanticTests/libraries/using_for_function_on_int.sol] _______________________________________________________
tests/semantic/test_semantics.py:126: in test_semantics
    contract_file, get_last_contract(contract_file)
../../../warp_dev/lib/python3.7/site-packages/sol_warp-0.2.12-py3.7.egg/yul/main.py:55: in transpile_from_solidity
    cairo_code = transpile_from_yul(yul_ast)
../../../warp_dev/lib/python3.7/site-packages/sol_warp-0.2.12-py3.7.egg/yul/main.py:86: in transpile_from_yul
    return parse_file(cairo_visitor.translate(yul_ast)).format()
../../../warp_dev/lib/python3.7/site-packages/cairo_lang-0.6.2-py3.7.egg/starkware/cairo/lang/compiler/parser.py:239: in parse_file
    return parse(filename, code, "cairo_file", CairoFile, parser_context=parser_context)
../../../warp_dev/lib/python3.7/site-packages/cairo_lang-0.6.2-py3.7.egg/starkware/cairo/lang/compiler/parser.py:205: in parse
    raise wrap_lark_error(err, input_file) from None
E   starkware.cairo.lang.compiler.parser_transformer.ParserError: <string>:161:158: Unexpected token Token('MINUS', '-'). Expected one of: "(", "[", "cast", NONDET, identifier, integer, integer, register, short string.
E   let (__warp_subexpr_5 : Uint256) = linkersymbol(Uint256(low='olidity/test/libsolidity/semanticTests/libraries/using_for_function_on_int_marked.sol:D' * 256**-71, high='tests/semantic/s' * 256**0))
E                                                                                                                                                                ^
------------------------------------------------------------------------------------------------------------------- Captured stderr call -------------------------------------------------------------------------------------------------------------------
Warning: SPDX license identifier not provided in source file. Before publishing, consider adding a comment containing "SPDX-License-Identifier: <SPDX-License>" to each source file. Use "SPDX-License-Identifier: UNLICENSED" for non-open-source code. Please see https://spdx.org for more information.
--> tests/semantic/solidity/test/libsolidity/semanticTests/libraries/using_for_function_on_int_marked.sol

Warning: Function state mutability can be restricted to pure
 --> tests/semantic/solidity/test/libsolidity/semanticTests/libraries/using_for_function_on_int_marked.sol:3:2:
  |
3 |     function double(uint self) public returns (uint) { return 2 * self; }
  |     ^^^^^^^^^^^^^^^^^^^^^^^^^^^^^^^^^^^^^^^^^^^^^^^^^^^^^^^^^^^^^^^^^^^^^

_____________________________________________ test_semantics[/home/greg/dev/nethermind/warp/tests/semantic/solidity/test/libsolidity/semanticTests/libraries/internal_library_function_bound_to_interface.sol] _____________________________________________
tests/semantic/test_semantics.py:126: in test_semantics
    contract_file, get_last_contract(contract_file)
../../../warp_dev/lib/python3.7/site-packages/sol_warp-0.2.12-py3.7.egg/yul/main.py:53: in transpile_from_solidity
    codes = json.loads(result.stdout)
/usr/lib/python3.7/json/__init__.py:348: in loads
    return _default_decoder.decode(s)
/usr/lib/python3.7/json/decoder.py:337: in decode
    obj, end = self.raw_decode(s, idx=_w(s, 0).end())
/usr/lib/python3.7/json/decoder.py:355: in raw_decode
    raise JSONDecodeError("Expecting value", s, err.value) from None
E   json.decoder.JSONDecodeError: Expecting value: line 1 column 1 (char 0)
------------------------------------------------------------------------------------------------------------------- Captured stderr call -------------------------------------------------------------------------------------------------------------------
Warning: SPDX license identifier not provided in source file. Before publishing, consider adding a comment containing "SPDX-License-Identifier: <SPDX-License>" to each source file. Use "SPDX-License-Identifier: UNLICENSED" for non-open-source code. Please see https://spdx.org for more information.
--> tests/semantic/solidity/test/libsolidity/semanticTests/libraries/internal_library_function_bound_to_interface_marked.sol

Warning: Unused function parameter. Remove or comment out the variable name to silence this warning.
 --> tests/semantic/solidity/test/libsolidity/semanticTests/libraries/internal_library_function_bound_to_interface_marked.sol:5:18:
  |
5 |     function foo(I i) internal pure returns (uint) {
  |                  ^^^

______________________________________________________ test_semantics[/home/greg/dev/nethermind/warp/tests/semantic/solidity/test/libsolidity/semanticTests/libraries/library_address_homestead.sol] _______________________________________________________
tests/semantic/test_semantics.py:126: in test_semantics
    contract_file, get_last_contract(contract_file)
../../../warp_dev/lib/python3.7/site-packages/sol_warp-0.2.12-py3.7.egg/yul/main.py:55: in transpile_from_solidity
    cairo_code = transpile_from_yul(yul_ast)
../../../warp_dev/lib/python3.7/site-packages/sol_warp-0.2.12-py3.7.egg/yul/main.py:86: in transpile_from_yul
    return parse_file(cairo_visitor.translate(yul_ast)).format()
../../../warp_dev/lib/python3.7/site-packages/cairo_lang-0.6.2-py3.7.egg/starkware/cairo/lang/compiler/parser.py:239: in parse_file
    return parse(filename, code, "cairo_file", CairoFile, parser_context=parser_context)
../../../warp_dev/lib/python3.7/site-packages/cairo_lang-0.6.2-py3.7.egg/starkware/cairo/lang/compiler/parser.py:205: in parse
    raise wrap_lark_error(err, input_file) from None
E   starkware.cairo.lang.compiler.parser_transformer.ParserError: <string>:205:158: Unexpected token Token('MINUS', '-'). Expected one of: "(", "[", "cast", NONDET, identifier, integer, integer, register, short string.
E   let (__warp_subexpr_6 : Uint256) = linkersymbol(Uint256(low='olidity/test/libsolidity/semanticTests/libraries/library_address_homestead_marked.sol:L' * 256**-71, high='tests/semantic/s' * 256**0))
E                                                                                                                                                                ^
------------------------------------------------------------------------------------------------------------------- Captured stderr call -------------------------------------------------------------------------------------------------------------------
Warning: SPDX license identifier not provided in source file. Before publishing, consider adding a comment containing "SPDX-License-Identifier: <SPDX-License>" to each source file. Use "SPDX-License-Identifier: UNLICENSED" for non-open-source code. Please see https://spdx.org for more information.
--> tests/semantic/solidity/test/libsolidity/semanticTests/libraries/library_address_homestead_marked.sol

Warning: Function state mutability can be restricted to pure
 --> tests/semantic/solidity/test/libsolidity/semanticTests/libraries/library_address_homestead_marked.sol:3:5:
  |
3 |     function f(uint256 a, uint256 b) external {
  |     ^ (Relevant source part starts here and spans across multiple lines).

Warning: Function state mutability can be restricted to pure
 --> tests/semantic/solidity/test/libsolidity/semanticTests/libraries/library_address_homestead_marked.sol:8:5:
  |
8 |     function addr() public view returns (bool) {
  |     ^ (Relevant source part starts here and spans across multiple lines).

_______________________________________________________________ test_semantics[/home/greg/dev/nethermind/warp/tests/semantic/solidity/test/libsolidity/semanticTests/fallback/inherited.sol] _______________________________________________________________
FAILURE: /home/greg/dev/nethermind/warp/tests/semantic/solidity/test/libsolidity/semanticTests/fallback/inherited.cairo.temp
assert '0x0000000000...0000000000000' == '0x0000000000...0000000000001'
  - 0x0000000000000000000000000000000000000000000000000000000000000001
  ?                                                                  ^
  + 0x0000000000000000000000000000000000000000000000000000000000000000
  ?                                                                  ^
tests/semantic/test_semantics.py:173 in test_semantics() -> check.equal(final_res, expected_result, cairo_file_path)
------------------------------------------------------------
Failed Checks: 1
------------------------------------------------------------------------------------------------------------------- Captured stdout call -------------------------------------------------------------------------------------------------------------------
{'callData': '0x3bc5de30', 'expectations': '0x0000000000000000000000000000000000000000000000000000000000000000', 'failure': False, 'signature': 'getData()'}
{'callData': '0x3bc5de30', 'expectations': '0x0000000000000000000000000000000000000000000000000000000000000001', 'failure': False, 'signature': 'getData()'}
___________________________________________________ test_semantics[/home/greg/dev/nethermind/warp/tests/semantic/solidity/test/libsolidity/semanticTests/libraries/library_staticcall_delegatecall.sol] ____________________________________________________
tests/semantic/test_semantics.py:123: in test_semantics
    constructor_args, contract_expectations = get_expectations(contract_file)
tests/semantic/test_semantics.py:102: in get_expectations
    expectations = test_calldata[contract_path]
E   KeyError: './scripts/../test/libsolidity/semanticTests/libraries/library_staticcall_delegatecall.sol'
__________________________________________________________ test_semantics[/home/greg/dev/nethermind/warp/tests/semantic/solidity/test/libsolidity/semanticTests/libraries/using_for_by_name.sol] ___________________________________________________________
tests/semantic/test_semantics.py:123: in test_semantics
    constructor_args, contract_expectations = get_expectations(contract_file)
tests/semantic/test_semantics.py:102: in get_expectations
    expectations = test_calldata[contract_path]
E   KeyError: './scripts/../test/libsolidity/semanticTests/libraries/using_for_by_name.sol'
----------------------------------------------------------------------------------------------------------------- Captured stderr teardown -----------------------------------------------------------------------------------------------------------------
Warning: SPDX license identifier not provided in source file. Before publishing, consider adding a comment containing "SPDX-License-Identifier: <SPDX-License>" to each source file. Use "SPDX-License-Identifier: UNLICENSED" for non-open-source code. Please see https://spdx.org for more information.
--> tests/semantic/solidity/test/libsolidity/semanticTests/libraries/internal_library_function_bound_to_enum_marked.sol

Warning: Function state mutability can be restricted to pure
  --> tests/semantic/solidity/test/libsolidity/semanticTests/libraries/internal_library_function_bound_to_enum_marked.sol:10:5:
   |
10 |     function equalsA(uint choice) public returns (bool) {
   |     ^ (Relevant source part starts here and spans across multiple lines).

_______________________________________________________ test_semantics[/home/greg/dev/nethermind/warp/tests/semantic/solidity/test/libsolidity/semanticTests/fallback/short_data_calls_fallback.sol] _______________________________________________________
FAILURE: /home/greg/dev/nethermind/warp/tests/semantic/solidity/test/libsolidity/semanticTests/fallback/short_data_calls_fallback.cairo.temp
assert '0x0000000000...0000000000000' == '0x0000000000...0000000000002'
  - 0x0000000000000000000000000000000000000000000000000000000000000002
  ?                                                                  ^
  + 0x0000000000000000000000000000000000000000000000000000000000000000
  ?                                                                  ^
tests/semantic/test_semantics.py:173 in test_semantics() -> check.equal(final_res, expected_result, cairo_file_path)
FAILURE: /home/greg/dev/nethermind/warp/tests/semantic/solidity/test/libsolidity/semanticTests/fallback/short_data_calls_fallback.cairo.temp
assert '0x0000000000...0000000000000' == '0x0000000000...0000000000003'
  - 0x0000000000000000000000000000000000000000000000000000000000000003
  ?                                                                  ^
  + 0x0000000000000000000000000000000000000000000000000000000000000000
  ?                                                                  ^
tests/semantic/test_semantics.py:173 in test_semantics() -> check.equal(final_res, expected_result, cairo_file_path)
FAILURE: /home/greg/dev/nethermind/warp/tests/semantic/solidity/test/libsolidity/semanticTests/fallback/short_data_calls_fallback.cairo.temp
assert '0x0000000000...0000000000000' == '0x0000000000...0000000000002'
  - 0x0000000000000000000000000000000000000000000000000000000000000002
  ?                                                                  ^
  + 0x0000000000000000000000000000000000000000000000000000000000000000
  ?                                                                  ^
tests/semantic/test_semantics.py:173 in test_semantics() -> check.equal(final_res, expected_result, cairo_file_path)
FAILURE: /home/greg/dev/nethermind/warp/tests/semantic/solidity/test/libsolidity/semanticTests/fallback/short_data_calls_fallback.cairo.temp
assert '0x0000000000...0000000000000' == '0x0000000000...0000000000003'
  - 0x0000000000000000000000000000000000000000000000000000000000000003
  ?                                                                  ^
  + 0x0000000000000000000000000000000000000000000000000000000000000000
  ?                                                                  ^
tests/semantic/test_semantics.py:173 in test_semantics() -> check.equal(final_res, expected_result, cairo_file_path)
FAILURE: /home/greg/dev/nethermind/warp/tests/semantic/solidity/test/libsolidity/semanticTests/fallback/short_data_calls_fallback.cairo.temp
assert '0x0000000000...0000000000000' == '0x0000000000...0000000000002'
  - 0x0000000000000000000000000000000000000000000000000000000000000002
  ?                                                                  ^
  + 0x0000000000000000000000000000000000000000000000000000000000000000
  ?                                                                  ^
tests/semantic/test_semantics.py:173 in test_semantics() -> check.equal(final_res, expected_result, cairo_file_path)
------------------------------------------------------------
Failed Checks: 5
------------------------------------------------------------------------------------------------------------------- Captured stdout call -------------------------------------------------------------------------------------------------------------------
{'callData': '0x0c55699c', 'expectations': '0x0000000000000000000000000000000000000000000000000000000000000002', 'failure': False, 'signature': 'x()'}
{'callData': '0x0c55699c', 'expectations': '0x0000000000000000000000000000000000000000000000000000000000000003', 'failure': False, 'signature': 'x()'}
{'callData': '0x0c55699c', 'expectations': '0x0000000000000000000000000000000000000000000000000000000000000002', 'failure': False, 'signature': 'x()'}
{'callData': '0x0c55699c', 'expectations': '0x0000000000000000000000000000000000000000000000000000000000000003', 'failure': False, 'signature': 'x()'}
{'callData': '0x26121ff0', 'expectations': '0x000000000000000000000000000000000000000000000000000000000000000100000000000000000000000000000000000000000000000000000000000000400000000000000000000000000000000000000000000000000000000000000000', 'failure': False, 'signature': 'f()'}
{'callData': '0x26121ff0', 'expectations': '0x00000000000000000000000000000000000000000000000000000000000000010000000000000000000000000000000000000000000000000000000000000040000000000000000000000000000000000000000000000000000000000000000378797a0000000000000000000000000000000000000000000000000000000000', 'failure': False, 'signature': 'f()'}
{'callData': '0x0c55699c', 'expectations': '0x0000000000000000000000000000000000000000000000000000000000000002', 'failure': False, 'signature': 'x()'}
{'callData': '0xe2179b8e', 'expectations': '0x0000000000000000000000000000000000000000000000000000000000000042', 'failure': False, 'signature': 'g()'}
------------------------------------------------------------------------------------------------------------------- Captured stderr call -------------------------------------------------------------------------------------------------------------------
Warning: SPDX license identifier not provided in source file. Before publishing, consider adding a comment containing "SPDX-License-Identifier: <SPDX-License>" to each source file. Use "SPDX-License-Identifier: UNLICENSED" for non-open-source code. Please see https://spdx.org for more information.
--> tests/semantic/solidity/test/libsolidity/semanticTests/libraries/internal_library_function_bound_to_mapping_marked.sol

__________________________________________________________ test_semantics[/home/greg/dev/nethermind/warp/tests/semantic/solidity/test/libsolidity/semanticTests/libraries/using_for_overload.sol] __________________________________________________________
tests/semantic/test_semantics.py:123: in test_semantics
    constructor_args, contract_expectations = get_expectations(contract_file)
tests/semantic/test_semantics.py:102: in get_expectations
    expectations = test_calldata[contract_path]
E   KeyError: './scripts/../test/libsolidity/semanticTests/libraries/using_for_overload.sol'
______________________________________________________ test_semantics[/home/greg/dev/nethermind/warp/tests/semantic/solidity/test/libsolidity/semanticTests/libraries/internal_types_in_library.sol] _______________________________________________________
tests/semantic/test_semantics.py:123: in test_semantics
    constructor_args, contract_expectations = get_expectations(contract_file)
tests/semantic/test_semantics.py:102: in get_expectations
    expectations = test_calldata[contract_path]
E   KeyError: './scripts/../test/libsolidity/semanticTests/libraries/internal_types_in_library.sol'
______________________________________________________ test_semantics[/home/greg/dev/nethermind/warp/tests/semantic/solidity/test/libsolidity/semanticTests/libraries/library_call_in_homestead.sol] _______________________________________________________
tests/semantic/test_semantics.py:123: in test_semantics
    constructor_args, contract_expectations = get_expectations(contract_file)
tests/semantic/test_semantics.py:102: in get_expectations
    expectations = test_calldata[contract_path]
E   KeyError: './scripts/../test/libsolidity/semanticTests/libraries/library_call_in_homestead.sol'
______________________________________________________ test_semantics[/home/greg/dev/nethermind/warp/tests/semantic/solidity/test/libsolidity/semanticTests/libraries/bound_to_calldata_external.sol] ______________________________________________________
tests/semantic/test_semantics.py:126: in test_semantics
    contract_file, get_last_contract(contract_file)
../../../warp_dev/lib/python3.7/site-packages/sol_warp-0.2.12-py3.7.egg/yul/main.py:55: in transpile_from_solidity
    cairo_code = transpile_from_yul(yul_ast)
../../../warp_dev/lib/python3.7/site-packages/sol_warp-0.2.12-py3.7.egg/yul/main.py:86: in transpile_from_yul
    return parse_file(cairo_visitor.translate(yul_ast)).format()
../../../warp_dev/lib/python3.7/site-packages/cairo_lang-0.6.2-py3.7.egg/starkware/cairo/lang/compiler/parser.py:239: in parse_file
    return parse(filename, code, "cairo_file", CairoFile, parser_context=parser_context)
../../../warp_dev/lib/python3.7/site-packages/cairo_lang-0.6.2-py3.7.egg/starkware/cairo/lang/compiler/parser.py:205: in parse
    raise wrap_lark_error(err, input_file) from None
E   starkware.cairo.lang.compiler.parser_transformer.ParserError: <string>:268:155: Unexpected token Token('MINUS', '-'). Expected one of: "(", "[", "cast", NONDET, identifier, integer, integer, register, short string.
E   let (expr_address : Uint256) = linkersymbol(Uint256(low='olidity/test/libsolidity/semanticTests/libraries/bound_to_calldata_external_marked.sol:D' * 256**-72, high='tests/semantic/s' * 256**0))
E                                                                                                                                                             ^
------------------------------------------------------------------------------------------------------------------- Captured stderr call -------------------------------------------------------------------------------------------------------------------
Warning: SPDX license identifier not provided in source file. Before publishing, consider adding a comment containing "SPDX-License-Identifier: <SPDX-License>" to each source file. Use "SPDX-License-Identifier: UNLICENSED" for non-open-source code. Please see https://spdx.org for more information.
--> tests/semantic/solidity/test/libsolidity/semanticTests/libraries/external_call_with_function_pointer_parameter_marked.sol

Warning: Function state mutability can be restricted to pure
  --> tests/semantic/solidity/test/libsolidity/semanticTests/libraries/external_call_with_function_pointer_parameter_marked.sol:14:5:
   |
14 |     function double(uint256 _a) external returns (uint256) {
   |     ^ (Relevant source part starts here and spans across multiple lines).

Warning: SPDX license identifier not provided in source file. Before publishing, consider adding a comment containing "SPDX-License-Identifier: <SPDX-License>" to each source file. Use "SPDX-License-Identifier: UNLICENSED" for non-open-source code. Please see https://spdx.org for more information.
--> tests/semantic/solidity/test/libsolidity/semanticTests/libraries/bound_to_calldata_external_marked.sol

Warning: SPDX license identifier not provided in source file. Before publishing, consider adding a comment containing "SPDX-License-Identifier: <SPDX-License>" to each source file. Use "SPDX-License-Identifier: UNLICENSED" for non-open-source code. Please see https://spdx.org for more information.
--> tests/semantic/solidity/test/libsolidity/semanticTests/libraries/library_delegatecall_guard_view_not_needed_marked.sol

Warning: Unused function parameter. Remove or comment out the variable name to silence this warning.
 --> tests/semantic/solidity/test/libsolidity/semanticTests/libraries/library_delegatecall_guard_view_not_needed_marked.sol:3:16:
  |
3 |     function f(uint256[] storage x) public view returns (uint256) {
  |                ^^^^^^^^^^^^^^^^^^^

Warning: Function state mutability can be restricted to pure
 --> tests/semantic/solidity/test/libsolidity/semanticTests/libraries/library_delegatecall_guard_view_not_needed_marked.sol:3:5:
  |
3 |     function f(uint256[] storage x) public view returns (uint256) {
  |     ^ (Relevant source part starts here and spans across multiple lines).

Warning: SPDX license identifier not provided in source file. Before publishing, consider adding a comment containing "SPDX-License-Identifier: <SPDX-License>" to each source file. Use "SPDX-License-Identifier: UNLICENSED" for non-open-source code. Please see https://spdx.org for more information.
--> tests/semantic/solidity/test/libsolidity/semanticTests/libraries/bound_returning_calldata_marked.sol

____________________________________________ test_semantics[/home/greg/dev/nethermind/warp/tests/semantic/solidity/test/libsolidity/semanticTests/libraries/external_call_with_function_pointer_parameter.sol] _____________________________________________
tests/semantic/test_semantics.py:126: in test_semantics
    contract_file, get_last_contract(contract_file)
../../../warp_dev/lib/python3.7/site-packages/sol_warp-0.2.12-py3.7.egg/yul/main.py:55: in transpile_from_solidity
    cairo_code = transpile_from_yul(yul_ast)
../../../warp_dev/lib/python3.7/site-packages/sol_warp-0.2.12-py3.7.egg/yul/main.py:86: in transpile_from_yul
    return parse_file(cairo_visitor.translate(yul_ast)).format()
../../../warp_dev/lib/python3.7/site-packages/cairo_lang-0.6.2-py3.7.egg/starkware/cairo/lang/compiler/parser.py:239: in parse_file
    return parse(filename, code, "cairo_file", CairoFile, parser_context=parser_context)
../../../warp_dev/lib/python3.7/site-packages/cairo_lang-0.6.2-py3.7.egg/starkware/cairo/lang/compiler/parser.py:205: in parse
    raise wrap_lark_error(err, input_file) from None
E   starkware.cairo.lang.compiler.parser_transformer.ParserError: <string>:197:178: Unexpected token Token('MINUS', '-'). Expected one of: "(", "[", "cast", NONDET, identifier, integer, integer, register, short string.
E   let (__warp_subexpr_6 : Uint256) = linkersymbol(Uint256(low='olidity/test/libsolidity/semanticTests/libraries/external_call_with_function_pointer_parameter_marked.sol:L' * 256**-91, high='tests/semantic/s' * 256**0))
E                                                                                                                                                                                    ^
_____________________________________________________ test_semantics[/home/greg/dev/nethermind/warp/tests/semantic/solidity/test/libsolidity/semanticTests/libraries/mapping_arguments_in_library.sol] _____________________________________________________
tests/semantic/test_semantics.py:123: in test_semantics
    constructor_args, contract_expectations = get_expectations(contract_file)
tests/semantic/test_semantics.py:102: in get_expectations
    expectations = test_calldata[contract_path]
E   KeyError: './scripts/../test/libsolidity/semanticTests/libraries/mapping_arguments_in_library.sol'
______________________________________________ test_semantics[/home/greg/dev/nethermind/warp/tests/semantic/solidity/test/libsolidity/semanticTests/libraries/library_delegatecall_guard_view_not_needed.sol] ______________________________________________
tests/semantic/test_semantics.py:126: in test_semantics
    contract_file, get_last_contract(contract_file)
../../../warp_dev/lib/python3.7/site-packages/sol_warp-0.2.12-py3.7.egg/yul/main.py:55: in transpile_from_solidity
    cairo_code = transpile_from_yul(yul_ast)
../../../warp_dev/lib/python3.7/site-packages/sol_warp-0.2.12-py3.7.egg/yul/main.py:86: in transpile_from_yul
    return parse_file(cairo_visitor.translate(yul_ast)).format()
../../../warp_dev/lib/python3.7/site-packages/cairo_lang-0.6.2-py3.7.egg/starkware/cairo/lang/compiler/parser.py:239: in parse_file
    return parse(filename, code, "cairo_file", CairoFile, parser_context=parser_context)
../../../warp_dev/lib/python3.7/site-packages/cairo_lang-0.6.2-py3.7.egg/starkware/cairo/lang/compiler/parser.py:205: in parse
    raise wrap_lark_error(err, input_file) from None
E   starkware.cairo.lang.compiler.parser_transformer.ParserError: <string>:317:175: Unexpected token Token('MINUS', '-'). Expected one of: "(", "[", "cast", NONDET, identifier, integer, integer, register, short string.
E   let (__warp_subexpr_2 : Uint256) = linkersymbol(Uint256(low='olidity/test/libsolidity/semanticTests/libraries/library_delegatecall_guard_view_not_needed_marked.sol:L' * 256**-88, high='tests/semantic/s' * 256**0))
E                                                                                                                                                                                 ^
------------------------------------------------------------------------------------------------------------------- Captured stdout call -------------------------------------------------------------------------------------------------------------------
{'callData': '0x26121ff0', 'expectations': '0x000000000000000000000000000000000000000000000000000000000000000100000000000000000000000000000000000000000000000000000000000000400000000000000000000000000000000000000000000000000000000000000000', 'failure': False, 'signature': 'f()'}
______________________________________________ test_semantics[/home/greg/dev/nethermind/warp/tests/semantic/solidity/test/libsolidity/semanticTests/libraries/external_call_with_storage_array_parameter.sol] ______________________________________________
tests/semantic/test_semantics.py:126: in test_semantics
    contract_file, get_last_contract(contract_file)
../../../warp_dev/lib/python3.7/site-packages/sol_warp-0.2.12-py3.7.egg/yul/main.py:55: in transpile_from_solidity
    cairo_code = transpile_from_yul(yul_ast)
../../../warp_dev/lib/python3.7/site-packages/sol_warp-0.2.12-py3.7.egg/yul/main.py:86: in transpile_from_yul
    return parse_file(cairo_visitor.translate(yul_ast)).format()
../../../warp_dev/lib/python3.7/site-packages/cairo_lang-0.6.2-py3.7.egg/starkware/cairo/lang/compiler/parser.py:239: in parse_file
    return parse(filename, code, "cairo_file", CairoFile, parser_context=parser_context)
../../../warp_dev/lib/python3.7/site-packages/cairo_lang-0.6.2-py3.7.egg/starkware/cairo/lang/compiler/parser.py:205: in parse
    raise wrap_lark_error(err, input_file) from None
E   starkware.cairo.lang.compiler.parser_transformer.ParserError: <string>:179:175: Unexpected token Token('MINUS', '-'). Expected one of: "(", "[", "cast", NONDET, identifier, integer, integer, register, short string.
E   let (__warp_subexpr_4 : Uint256) = linkersymbol(Uint256(low='olidity/test/libsolidity/semanticTests/libraries/external_call_with_storage_array_parameter_marked.sol:L' * 256**-88, high='tests/semantic/s' * 256**0))
E                                                                                                                                                                                 ^
------------------------------------------------------------------------------------------------------------------- Captured stdout call -------------------------------------------------------------------------------------------------------------------
{'callData': '0xb3cedfcf00000000000000000000000000000000000000000000000000000000000000010000000000000000000000000000000000000000000000000000000000000001', 'expectations': '0x0000000000000000000000000000000000000000000000000000000000000000', 'failure': False, 'signature': 'foo(bool,bool)'}
{'callData': '0xb3cedfcf00000000000000000000000000000000000000000000000000000000000000010000000000000000000000000000000000000000000000000000000000000000', 'expectations': '0x0000000000000000000000000000000000000000000000000000000000000001', 'failure': False, 'signature': 'foo(bool,bool)'}
{'callData': '0xb3cedfcf00000000000000000000000000000000000000000000000000000000000000000000000000000000000000000000000000000000000000000000000000000001', 'expectations': '0x0000000000000000000000000000000000000000000000000000000000000001', 'failure': False, 'signature': 'foo(bool,bool)'}
------------------------------------------------------------------------------------------------------------------- Captured stderr call -------------------------------------------------------------------------------------------------------------------
Warning: SPDX license identifier not provided in source file. Before publishing, consider adding a comment containing "SPDX-License-Identifier: <SPDX-License>" to each source file. Use "SPDX-License-Identifier: UNLICENSED" for non-open-source code. Please see https://spdx.org for more information.
--> tests/semantic/solidity/test/libsolidity/semanticTests/libraries/internal_library_function_bound_to_fixed_array_marked.sol

Warning: Function state mutability can be restricted to pure
 --> tests/semantic/solidity/test/libsolidity/semanticTests/libraries/internal_library_function_bound_to_fixed_array_marked.sol:9:5:
  |
9 |     function secondItem() public returns (uint) {
  |     ^ (Relevant source part starts here and spans across multiple lines).

Warning: SPDX license identifier not provided in source file. Before publishing, consider adding a comment containing "SPDX-License-Identifier: <SPDX-License>" to each source file. Use "SPDX-License-Identifier: UNLICENSED" for non-open-source code. Please see https://spdx.org for more information.
--> tests/semantic/solidity/test/libsolidity/semanticTests/libraries/external_call_with_storage_array_parameter_marked.sol

Warning: Function state mutability can be restricted to view
 --> tests/semantic/solidity/test/libsolidity/semanticTests/libraries/external_call_with_storage_array_parameter_marked.sol:3:5:
  |
3 |     function f(uint256[2] storage _a) external returns (uint256) {
  |     ^ (Relevant source part starts here and spans across multiple lines).

----------------------------------------------------------------------------------------------------------------- Captured stderr teardown -----------------------------------------------------------------------------------------------------------------
Warning: SPDX license identifier not provided in source file. Before publishing, consider adding a comment containing "SPDX-License-Identifier: <SPDX-License>" to each source file. Use "SPDX-License-Identifier: UNLICENSED" for non-open-source code. Please see https://spdx.org for more information.
--> tests/semantic/solidity/test/libsolidity/semanticTests/libraries/bound_returning_calldata_external_marked.sol

______________________________________________________ test_semantics[/home/greg/dev/nethermind/warp/tests/semantic/solidity/test/libsolidity/semanticTests/libraries/mapping_returns_in_library.sol] ______________________________________________________
tests/semantic/test_semantics.py:123: in test_semantics
    constructor_args, contract_expectations = get_expectations(contract_file)
tests/semantic/test_semantics.py:102: in get_expectations
    expectations = test_calldata[contract_path]
E   KeyError: './scripts/../test/libsolidity/semanticTests/libraries/mapping_returns_in_library.sol'
____________________________________________________ test_semantics[/home/greg/dev/nethermind/warp/tests/semantic/solidity/test/libsolidity/semanticTests/libraries/payable_function_calls_library.sol] ____________________________________________________
tests/semantic/test_semantics.py:123: in test_semantics
    constructor_args, contract_expectations = get_expectations(contract_file)
tests/semantic/test_semantics.py:102: in get_expectations
    expectations = test_calldata[contract_path]
E   KeyError: './scripts/../test/libsolidity/semanticTests/libraries/payable_function_calls_library.sol'
______________________________________________________ test_semantics[/home/greg/dev/nethermind/warp/tests/semantic/solidity/test/libsolidity/semanticTests/libraries/library_address_via_module.sol] ______________________________________________________
tests/semantic/test_semantics.py:126: in test_semantics
    contract_file, get_last_contract(contract_file)
../../../warp_dev/lib/python3.7/site-packages/sol_warp-0.2.12-py3.7.egg/yul/main.py:49: in transpile_from_solidity
    output = get_for_contract(sol_src_path_modified, main_contract, ["abi"])
../../../warp_dev/lib/python3.7/site-packages/sol_warp-0.2.12-py3.7.egg/yul/utils.py:136: in get_for_contract
    get_source_version(sol_source)
../../../warp_dev/lib/python3.7/site-packages/sol_warp-0.2.12-py3.7.egg/yul/utils.py:146: in get_source_version
    with open(sol_source) as f:
E   FileNotFoundError: [Errno 2] No such file or directory: '/home/greg/dev/nethermind/warp/tests/semantic/solidity/test/libsolidity/semanticTests/libraries/library_address_via_module_marked.sol'
__________________________________________________ test_semantics[/home/greg/dev/nethermind/warp/tests/semantic/solidity/test/libsolidity/semanticTests/libraries/bound_returning_calldata_external.sol] ___________________________________________________
tests/semantic/test_semantics.py:126: in test_semantics
    contract_file, get_last_contract(contract_file)
../../../warp_dev/lib/python3.7/site-packages/sol_warp-0.2.12-py3.7.egg/yul/main.py:55: in transpile_from_solidity
    cairo_code = transpile_from_yul(yul_ast)
../../../warp_dev/lib/python3.7/site-packages/sol_warp-0.2.12-py3.7.egg/yul/main.py:86: in transpile_from_yul
    return parse_file(cairo_visitor.translate(yul_ast)).format()
../../../warp_dev/lib/python3.7/site-packages/cairo_lang-0.6.2-py3.7.egg/starkware/cairo/lang/compiler/parser.py:239: in parse_file
    return parse(filename, code, "cairo_file", CairoFile, parser_context=parser_context)
../../../warp_dev/lib/python3.7/site-packages/cairo_lang-0.6.2-py3.7.egg/starkware/cairo/lang/compiler/parser.py:205: in parse
    raise wrap_lark_error(err, input_file) from None
E   starkware.cairo.lang.compiler.parser_transformer.ParserError: <string>:324:162: Unexpected token Token('MINUS', '-'). Expected one of: "(", "[", "cast", NONDET, identifier, integer, integer, register, short string.
E   let (expr_address : Uint256) = linkersymbol(Uint256(low='olidity/test/libsolidity/semanticTests/libraries/bound_returning_calldata_external_marked.sol:D' * 256**-79, high='tests/semantic/s' * 256**0))
E                                                                                                                                                                    ^
__________________________________________________ test_semantics[/home/greg/dev/nethermind/warp/tests/semantic/solidity/test/libsolidity/semanticTests/libraries/library_return_struct_with_mapping.sol] __________________________________________________
tests/semantic/test_semantics.py:126: in test_semantics
    contract_file, get_last_contract(contract_file)
../../../warp_dev/lib/python3.7/site-packages/sol_warp-0.2.12-py3.7.egg/yul/main.py:55: in transpile_from_solidity
    cairo_code = transpile_from_yul(yul_ast)
../../../warp_dev/lib/python3.7/site-packages/sol_warp-0.2.12-py3.7.egg/yul/main.py:86: in transpile_from_yul
    return parse_file(cairo_visitor.translate(yul_ast)).format()
../../../warp_dev/lib/python3.7/site-packages/cairo_lang-0.6.2-py3.7.egg/starkware/cairo/lang/compiler/parser.py:239: in parse_file
    return parse(filename, code, "cairo_file", CairoFile, parser_context=parser_context)
../../../warp_dev/lib/python3.7/site-packages/cairo_lang-0.6.2-py3.7.egg/starkware/cairo/lang/compiler/parser.py:205: in parse
    raise wrap_lark_error(err, input_file) from None
E   starkware.cairo.lang.compiler.parser_transformer.ParserError: <string>:159:169: Unexpected token Token('MINUS', '-'). Expected one of: "(", "[", "cast", NONDET, identifier, integer, integer, register, short string.
E   let (__warp_subexpr_4 : Uint256) = linkersymbol(Uint256(low='olidity/test/libsolidity/semanticTests/libraries/library_return_struct_with_mapping_marked.sol:Lib' * 256**-82, high='tests/semantic/s' * 256**0))
E                                                                                                                                                                           ^
------------------------------------------------------------------------------------------------------------------- Captured stderr call -------------------------------------------------------------------------------------------------------------------
Warning: SPDX license identifier not provided in source file. Before publishing, consider adding a comment containing "SPDX-License-Identifier: <SPDX-License>" to each source file. Use "SPDX-License-Identifier: UNLICENSED" for non-open-source code. Please see https://spdx.org for more information.
--> tests/semantic/solidity/test/libsolidity/semanticTests/libraries/library_return_struct_with_mapping_marked.sol

Warning: Function state mutability can be restricted to pure
 --> tests/semantic/solidity/test/libsolidity/semanticTests/libraries/library_return_struct_with_mapping_marked.sol:7:5:
  |
7 |     function get() public returns (Items storage x) {
  |     ^ (Relevant source part starts here and spans across multiple lines).

___________________________________________________________ test_semantics[/home/greg/dev/nethermind/warp/tests/semantic/solidity/test/libsolidity/semanticTests/libraries/library_address.sol] ____________________________________________________________
tests/semantic/test_semantics.py:126: in test_semantics
    contract_file, get_last_contract(contract_file)
../../../warp_dev/lib/python3.7/site-packages/sol_warp-0.2.12-py3.7.egg/yul/main.py:55: in transpile_from_solidity
    cairo_code = transpile_from_yul(yul_ast)
../../../warp_dev/lib/python3.7/site-packages/sol_warp-0.2.12-py3.7.egg/yul/main.py:86: in transpile_from_yul
    return parse_file(cairo_visitor.translate(yul_ast)).format()
../../../warp_dev/lib/python3.7/site-packages/cairo_lang-0.6.2-py3.7.egg/starkware/cairo/lang/compiler/parser.py:239: in parse_file
    return parse(filename, code, "cairo_file", CairoFile, parser_context=parser_context)
../../../warp_dev/lib/python3.7/site-packages/cairo_lang-0.6.2-py3.7.egg/starkware/cairo/lang/compiler/parser.py:205: in parse
    raise wrap_lark_error(err, input_file) from None
E   starkware.cairo.lang.compiler.parser_transformer.ParserError: <string>:229:148: Unexpected token Token('MINUS', '-'). Expected one of: "(", "[", "cast", NONDET, identifier, integer, integer, register, short string.
E   let (__warp_subexpr_2 : Uint256) = linkersymbol(Uint256(low='olidity/test/libsolidity/semanticTests/libraries/library_address_marked.sol:L' * 256**-61, high='tests/semantic/s' * 256**0))
E                                                                                                                                                      ^
------------------------------------------------------------------------------------------------------------------- Captured stdout call -------------------------------------------------------------------------------------------------------------------
{'callData': '0x26121ff0', 'expectations': '0x0000000000000000000000000000000000000000000000000000000000000002', 'failure': False, 'signature': 'f()'}
{'callData': '0x04bc52f80000000000000000000000000000000000000000000000000000000000000008000000000000000000000000000000000000000000000000000000000000002a', 'expectations': '0x0000000000000000000000000000000000000000000000000000000000000032', 'failure': False, 'signature': 'foo(uint256,uint256)'}
------------------------------------------------------------------------------------------------------------------- Captured stderr call -------------------------------------------------------------------------------------------------------------------
Warning: SPDX license identifier not provided in source file. Before publishing, consider adding a comment containing "SPDX-License-Identifier: <SPDX-License>" to each source file. Use "SPDX-License-Identifier: UNLICENSED" for non-open-source code. Please see https://spdx.org for more information.
--> tests/semantic/solidity/test/libsolidity/semanticTests/libraries/library_address_marked.sol

Warning: Function state mutability can be restricted to pure
 --> tests/semantic/solidity/test/libsolidity/semanticTests/libraries/library_address_marked.sol:6:5:
  |
6 |     function g(uint256 v) external returns (uint) {
  |     ^ (Relevant source part starts here and spans across multiple lines).

Warning: Function state mutability can be restricted to pure
  --> tests/semantic/solidity/test/libsolidity/semanticTests/libraries/library_address_marked.sol:11:5:
   |
11 |     function addr() public view returns (bool) {
   |     ^ (Relevant source part starts here and spans across multiple lines).

Warning: Function state mutability can be restricted to pure
  --> tests/semantic/solidity/test/libsolidity/semanticTests/libraries/library_address_marked.sol:14:5:
   |
14 |     function g(uint256 v) public view returns (uint256) {
   |     ^ (Relevant source part starts here and spans across multiple lines).

__________________________________________________ test_semantics[/home/greg/dev/nethermind/warp/tests/semantic/solidity/test/libsolidity/semanticTests/libraries/library_function_selectors_struct.sol] ___________________________________________________
tests/semantic/test_semantics.py:126: in test_semantics
    contract_file, get_last_contract(contract_file)
../../../warp_dev/lib/python3.7/site-packages/sol_warp-0.2.12-py3.7.egg/yul/main.py:55: in transpile_from_solidity
    cairo_code = transpile_from_yul(yul_ast)
../../../warp_dev/lib/python3.7/site-packages/sol_warp-0.2.12-py3.7.egg/yul/main.py:86: in transpile_from_yul
    return parse_file(cairo_visitor.translate(yul_ast)).format()
../../../warp_dev/lib/python3.7/site-packages/cairo_lang-0.6.2-py3.7.egg/starkware/cairo/lang/compiler/parser.py:239: in parse_file
    return parse(filename, code, "cairo_file", CairoFile, parser_context=parser_context)
../../../warp_dev/lib/python3.7/site-packages/cairo_lang-0.6.2-py3.7.egg/starkware/cairo/lang/compiler/parser.py:205: in parse
    raise wrap_lark_error(err, input_file) from None
E   starkware.cairo.lang.compiler.parser_transformer.ParserError: <string>:248:166: Unexpected token Token('MINUS', '-'). Expected one of: "(", "[", "cast", NONDET, identifier, integer, integer, register, short string.
E   let (__warp_subexpr_9 : Uint256) = linkersymbol(Uint256(low='olidity/test/libsolidity/semanticTests/libraries/library_function_selectors_struct_marked.sol:L' * 256**-79, high='tests/semantic/s' * 256**0))
E                                                                                                                                                                        ^
------------------------------------------------------------------------------------------------------------------- Captured stderr call -------------------------------------------------------------------------------------------------------------------
Warning: SPDX license identifier not provided in source file. Before publishing, consider adding a comment containing "SPDX-License-Identifier: <SPDX-License>" to each source file. Use "SPDX-License-Identifier: UNLICENSED" for non-open-source code. Please see https://spdx.org for more information.
--> tests/semantic/solidity/test/libsolidity/semanticTests/libraries/library_function_selectors_struct_marked.sol

Warning: Function state mutability can be restricted to view
 --> tests/semantic/solidity/test/libsolidity/semanticTests/libraries/library_function_selectors_struct_marked.sol:5:5:
  |
5 |     function f(S storage s) external returns (uint) { return s.a; }
  |     ^^^^^^^^^^^^^^^^^^^^^^^^^^^^^^^^^^^^^^^^^^^^^^^^^^^^^^^^^^^^^^^

Warning: Function state mutability can be restricted to pure
 --> tests/semantic/solidity/test/libsolidity/semanticTests/libraries/library_function_selectors_struct_marked.sol:6:5:
  |
6 |     function g(S memory m) public returns (uint) { return m.a; }
  |     ^^^^^^^^^^^^^^^^^^^^^^^^^^^^^^^^^^^^^^^^^^^^^^^^^^^^^^^^^^^^

Warning: SPDX license identifier not provided in source file. Before publishing, consider adding a comment containing "SPDX-License-Identifier: <SPDX-License>" to each source file. Use "SPDX-License-Identifier: UNLICENSED" for non-open-source code. Please see https://spdx.org for more information.
--> tests/semantic/solidity/test/libsolidity/semanticTests/libraries/internal_library_function_bound_to_string_marked.sol

Warning: Function state mutability can be restricted to pure
 --> tests/semantic/solidity/test/libsolidity/semanticTests/libraries/internal_library_function_bound_to_string_marked.sol:9:5:
  |
9 |     function secondChar() public returns (uint8) {
  |     ^ (Relevant source part starts here and spans across multiple lines).

Warning: SPDX license identifier not provided in source file. Before publishing, consider adding a comment containing "SPDX-License-Identifier: <SPDX-License>" to each source file. Use "SPDX-License-Identifier: UNLICENSED" for non-open-source code. Please see https://spdx.org for more information.
--> tests/semantic/solidity/test/libsolidity/semanticTests/libraries/stub_marked.sol

Warning: Function state mutability can be restricted to pure
 --> tests/semantic/solidity/test/libsolidity/semanticTests/libraries/stub_marked.sol:3:5:
  |
3 |     function f(uint256 v) external returns (uint256) { return v*v; }
  |     ^^^^^^^^^^^^^^^^^^^^^^^^^^^^^^^^^^^^^^^^^^^^^^^^^^^^^^^^^^^^^^^^

Warning: SPDX license identifier not provided in source file. Before publishing, consider adding a comment containing "SPDX-License-Identifier: <SPDX-License>" to each source file. Use "SPDX-License-Identifier: UNLICENSED" for non-open-source code. Please see https://spdx.org for more information.
--> tests/semantic/solidity/test/libsolidity/semanticTests/libraries/library_enum_as_an_expression_marked.sol

Warning: Function state mutability can be restricted to pure
 --> tests/semantic/solidity/test/libsolidity/semanticTests/libraries/library_enum_as_an_expression_marked.sol:6:5:
  |
6 |     function f() public returns (uint256) {
  |     ^ (Relevant source part starts here and spans across multiple lines).

_________________________________________________________________ test_semantics[/home/greg/dev/nethermind/warp/tests/semantic/solidity/test/libsolidity/semanticTests/libraries/stub.sol] _________________________________________________________________
tests/semantic/test_semantics.py:126: in test_semantics
    contract_file, get_last_contract(contract_file)
../../../warp_dev/lib/python3.7/site-packages/sol_warp-0.2.12-py3.7.egg/yul/main.py:55: in transpile_from_solidity
    cairo_code = transpile_from_yul(yul_ast)
../../../warp_dev/lib/python3.7/site-packages/sol_warp-0.2.12-py3.7.egg/yul/main.py:86: in transpile_from_yul
    return parse_file(cairo_visitor.translate(yul_ast)).format()
../../../warp_dev/lib/python3.7/site-packages/cairo_lang-0.6.2-py3.7.egg/starkware/cairo/lang/compiler/parser.py:239: in parse_file
    return parse(filename, code, "cairo_file", CairoFile, parser_context=parser_context)
../../../warp_dev/lib/python3.7/site-packages/cairo_lang-0.6.2-py3.7.egg/starkware/cairo/lang/compiler/parser.py:205: in parse
    raise wrap_lark_error(err, input_file) from None
E   starkware.cairo.lang.compiler.parser_transformer.ParserError: <string>:161:137: Unexpected token Token('MINUS', '-'). Expected one of: "(", "[", "cast", NONDET, identifier, integer, integer, register, short string.
E   let (__warp_subexpr_5 : Uint256) = linkersymbol(Uint256(low='olidity/test/libsolidity/semanticTests/libraries/stub_marked.sol:L' * 256**-50, high='tests/semantic/s' * 256**0))
E                                                                                                                                           ^
____________________________________________________ test_semantics[/home/greg/dev/nethermind/warp/tests/semantic/solidity/test/libsolidity/semanticTests/libraries/using_library_mappings_return.sol] _____________________________________________________
tests/semantic/test_semantics.py:123: in test_semantics
    constructor_args, contract_expectations = get_expectations(contract_file)
tests/semantic/test_semantics.py:102: in get_expectations
    expectations = test_calldata[contract_path]
E   KeyError: './scripts/../test/libsolidity/semanticTests/libraries/using_library_mappings_return.sol'
________________________________________________ test_semantics[/home/greg/dev/nethermind/warp/tests/semantic/solidity/test/libsolidity/semanticTests/libraries/library_delegatecall_guard_view_needed.sol] ________________________________________________
tests/semantic/test_semantics.py:126: in test_semantics
    contract_file, get_last_contract(contract_file)
../../../warp_dev/lib/python3.7/site-packages/sol_warp-0.2.12-py3.7.egg/yul/main.py:55: in transpile_from_solidity
    cairo_code = transpile_from_yul(yul_ast)
../../../warp_dev/lib/python3.7/site-packages/sol_warp-0.2.12-py3.7.egg/yul/main.py:86: in transpile_from_yul
    return parse_file(cairo_visitor.translate(yul_ast)).format()
../../../warp_dev/lib/python3.7/site-packages/cairo_lang-0.6.2-py3.7.egg/starkware/cairo/lang/compiler/parser.py:239: in parse_file
    return parse(filename, code, "cairo_file", CairoFile, parser_context=parser_context)
../../../warp_dev/lib/python3.7/site-packages/cairo_lang-0.6.2-py3.7.egg/starkware/cairo/lang/compiler/parser.py:205: in parse
    raise wrap_lark_error(err, input_file) from None
E   starkware.cairo.lang.compiler.parser_transformer.ParserError: <string>:317:171: Unexpected token Token('MINUS', '-'). Expected one of: "(", "[", "cast", NONDET, identifier, integer, integer, register, short string.
E   let (__warp_subexpr_2 : Uint256) = linkersymbol(Uint256(low='olidity/test/libsolidity/semanticTests/libraries/library_delegatecall_guard_view_needed_marked.sol:L' * 256**-84, high='tests/semantic/s' * 256**0))
E                                                                                                                                                                             ^
------------------------------------------------------------------------------------------------------------------- Captured stderr call -------------------------------------------------------------------------------------------------------------------
Warning: SPDX license identifier not provided in source file. Before publishing, consider adding a comment containing "SPDX-License-Identifier: <SPDX-License>" to each source file. Use "SPDX-License-Identifier: UNLICENSED" for non-open-source code. Please see https://spdx.org for more information.
--> tests/semantic/solidity/test/libsolidity/semanticTests/libraries/library_delegatecall_guard_pure_marked.sol

Warning: Unused function parameter. Remove or comment out the variable name to silence this warning.
 --> tests/semantic/solidity/test/libsolidity/semanticTests/libraries/library_delegatecall_guard_pure_marked.sol:3:16:
  |
3 |     function f(uint256[] storage x) public pure returns (uint256) {
  |                ^^^^^^^^^^^^^^^^^^^

________________________________________________________ test_semantics[/home/greg/dev/nethermind/warp/tests/semantic/solidity/test/libsolidity/semanticTests/libraries/using_library_structs.sol] _________________________________________________________
tests/semantic/test_semantics.py:123: in test_semantics
    constructor_args, contract_expectations = get_expectations(contract_file)
tests/semantic/test_semantics.py:102: in get_expectations
    expectations = test_calldata[contract_path]
E   KeyError: './scripts/../test/libsolidity/semanticTests/libraries/using_library_structs.sol'
_____________________________________________ test_semantics[/home/greg/dev/nethermind/warp/tests/semantic/solidity/test/libsolidity/semanticTests/libraries/internal_library_function_bound_to_contract.sol] ______________________________________________
tests/semantic/test_semantics.py:126: in test_semantics
    contract_file, get_last_contract(contract_file)
../../../warp_dev/lib/python3.7/site-packages/sol_warp-0.2.12-py3.7.egg/yul/main.py:53: in transpile_from_solidity
    codes = json.loads(result.stdout)
/usr/lib/python3.7/json/__init__.py:348: in loads
    return _default_decoder.decode(s)
/usr/lib/python3.7/json/decoder.py:337: in decode
    obj, end = self.raw_decode(s, idx=_w(s, 0).end())
/usr/lib/python3.7/json/decoder.py:355: in raw_decode
    raise JSONDecodeError("Expecting value", s, err.value) from None
E   json.decoder.JSONDecodeError: Expecting value: line 1 column 1 (char 0)
------------------------------------------------------------------------------------------------------------------- Captured stderr call -------------------------------------------------------------------------------------------------------------------
Warning: SPDX license identifier not provided in source file. Before publishing, consider adding a comment containing "SPDX-License-Identifier: <SPDX-License>" to each source file. Use "SPDX-License-Identifier: UNLICENSED" for non-open-source code. Please see https://spdx.org for more information.
--> tests/semantic/solidity/test/libsolidity/semanticTests/libraries/library_struct_as_an_expression_marked.sol

Warning: Function state mutability can be restricted to pure
 --> tests/semantic/solidity/test/libsolidity/semanticTests/libraries/library_struct_as_an_expression_marked.sol:9:5:
  |
9 |     function f() public returns (uint256) {
  |     ^ (Relevant source part starts here and spans across multiple lines).

Warning: SPDX license identifier not provided in source file. Before publishing, consider adding a comment containing "SPDX-License-Identifier: <SPDX-License>" to each source file. Use "SPDX-License-Identifier: UNLICENSED" for non-open-source code. Please see https://spdx.org for more information.
--> tests/semantic/solidity/test/libsolidity/semanticTests/libraries/internal_library_function_bound_to_contract_marked.sol

Warning: Unused function parameter. Remove or comment out the variable name to silence this warning.
 --> tests/semantic/solidity/test/libsolidity/semanticTests/libraries/internal_library_function_bound_to_contract_marked.sol:4:18:
  |
4 |     function foo(E e) internal pure returns (uint) {
  |                  ^^^

Warning: SPDX license identifier not provided in source file. Before publishing, consider adding a comment containing "SPDX-License-Identifier: <SPDX-License>" to each source file. Use "SPDX-License-Identifier: UNLICENSED" for non-open-source code. Please see https://spdx.org for more information.
--> tests/semantic/solidity/test/libsolidity/semanticTests/libraries/bound_to_calldata_marked.sol

____________________________________________________ test_semantics[/home/greg/dev/nethermind/warp/tests/semantic/solidity/test/libsolidity/semanticTests/libraries/using_library_mappings_public.sol] _____________________________________________________
tests/semantic/test_semantics.py:123: in test_semantics
    constructor_args, contract_expectations = get_expectations(contract_file)
tests/semantic/test_semantics.py:102: in get_expectations
    expectations = test_calldata[contract_path]
E   KeyError: './scripts/../test/libsolidity/semanticTests/libraries/using_library_mappings_public.sol'
___________________________________________________ test_semantics[/home/greg/dev/nethermind/warp/tests/semantic/solidity/test/libsolidity/semanticTests/libraries/library_delegatecall_guard_pure.sol] ____________________________________________________
tests/semantic/test_semantics.py:126: in test_semantics
    contract_file, get_last_contract(contract_file)
../../../warp_dev/lib/python3.7/site-packages/sol_warp-0.2.12-py3.7.egg/yul/main.py:55: in transpile_from_solidity
    cairo_code = transpile_from_yul(yul_ast)
../../../warp_dev/lib/python3.7/site-packages/sol_warp-0.2.12-py3.7.egg/yul/main.py:86: in transpile_from_yul
    return parse_file(cairo_visitor.translate(yul_ast)).format()
../../../warp_dev/lib/python3.7/site-packages/cairo_lang-0.6.2-py3.7.egg/starkware/cairo/lang/compiler/parser.py:239: in parse_file
    return parse(filename, code, "cairo_file", CairoFile, parser_context=parser_context)
../../../warp_dev/lib/python3.7/site-packages/cairo_lang-0.6.2-py3.7.egg/starkware/cairo/lang/compiler/parser.py:205: in parse
    raise wrap_lark_error(err, input_file) from None
E   starkware.cairo.lang.compiler.parser_transformer.ParserError: <string>:317:164: Unexpected token Token('MINUS', '-'). Expected one of: "(", "[", "cast", NONDET, identifier, integer, integer, register, short string.
E   let (__warp_subexpr_2 : Uint256) = linkersymbol(Uint256(low='olidity/test/libsolidity/semanticTests/libraries/library_delegatecall_guard_pure_marked.sol:L' * 256**-77, high='tests/semantic/s' * 256**0))
E                                                                                                                                                                      ^
_____________________________________________ test_semantics[/home/greg/dev/nethermind/warp/tests/semantic/solidity/test/libsolidity/semanticTests/libraries/external_call_with_storage_mapping_parameter.sol] _____________________________________________
tests/semantic/test_semantics.py:126: in test_semantics
    contract_file, get_last_contract(contract_file)
../../../warp_dev/lib/python3.7/site-packages/sol_warp-0.2.12-py3.7.egg/yul/main.py:55: in transpile_from_solidity
    cairo_code = transpile_from_yul(yul_ast)
../../../warp_dev/lib/python3.7/site-packages/sol_warp-0.2.12-py3.7.egg/yul/main.py:86: in transpile_from_yul
    return parse_file(cairo_visitor.translate(yul_ast)).format()
../../../warp_dev/lib/python3.7/site-packages/cairo_lang-0.6.2-py3.7.egg/starkware/cairo/lang/compiler/parser.py:239: in parse_file
    return parse(filename, code, "cairo_file", CairoFile, parser_context=parser_context)
../../../warp_dev/lib/python3.7/site-packages/cairo_lang-0.6.2-py3.7.egg/starkware/cairo/lang/compiler/parser.py:205: in parse
    raise wrap_lark_error(err, input_file) from None
E   starkware.cairo.lang.compiler.parser_transformer.ParserError: <string>:186:177: Unexpected token Token('MINUS', '-'). Expected one of: "(", "[", "cast", NONDET, identifier, integer, integer, register, short string.
E   let (__warp_subexpr_6 : Uint256) = linkersymbol(Uint256(low='olidity/test/libsolidity/semanticTests/libraries/external_call_with_storage_mapping_parameter_marked.sol:L' * 256**-90, high='tests/semantic/s' * 256**0))
E                                                                                                                                                                                   ^
------------------------------------------------------------------------------------------------------------------- Captured stderr call -------------------------------------------------------------------------------------------------------------------
Warning: SPDX license identifier not provided in source file. Before publishing, consider adding a comment containing "SPDX-License-Identifier: <SPDX-License>" to each source file. Use "SPDX-License-Identifier: UNLICENSED" for non-open-source code. Please see https://spdx.org for more information.
--> tests/semantic/solidity/test/libsolidity/semanticTests/libraries/external_call_with_storage_mapping_parameter_marked.sol

Warning: Function state mutability can be restricted to view
 --> tests/semantic/solidity/test/libsolidity/semanticTests/libraries/external_call_with_storage_mapping_parameter_marked.sol:3:5:
  |
3 |     function f(mapping(uint256 => uint256) storage _a) external returns (uint256) {
  |     ^ (Relevant source part starts here and spans across multiple lines).

_____________________________________________________ test_semantics[/home/greg/dev/nethermind/warp/tests/semantic/solidity/test/libsolidity/semanticTests/fallback/fallback_argument_to_storage.sol] ______________________________________________________
../../../warp_dev/lib/python3.7/site-packages/cairo_lang-0.6.2-py3.7.egg/starkware/starknet/business_logic/internal_transaction.py:539: in _run
    verify_secure=True,
../../../warp_dev/lib/python3.7/site-packages/cairo_lang-0.6.2-py3.7.egg/starkware/cairo/common/cairo_function_runner.py:199: in run_from_entrypoint
    self.run_until_pc(addr=end, run_resources=run_resources)
../../../warp_dev/lib/python3.7/site-packages/cairo_lang-0.6.2-py3.7.egg/starkware/cairo/lang/vm/cairo_runner.py:284: in run_until_pc
    self.vm_step()
../../../warp_dev/lib/python3.7/site-packages/cairo_lang-0.6.2-py3.7.egg/starkware/cairo/lang/vm/cairo_runner.py:298: in vm_step
    self.vm.step()
../../../warp_dev/lib/python3.7/site-packages/cairo_lang-0.6.2-py3.7.egg/starkware/cairo/lang/vm/virtual_machine_base.py:255: in step
    self.run_instruction(instruction)
../../../warp_dev/lib/python3.7/site-packages/cairo_lang-0.6.2-py3.7.egg/starkware/cairo/lang/vm/vm_core.py:422: in run_instruction
    raise self.as_vm_exception(exc) from None
E   starkware.cairo.lang.vm.vm_exceptions.VmException: /home/greg/dev/nethermind/warp/tests/semantic/solidity/test/libsolidity/semanticTests/fallback/fallback_argument_to_storage.cairo.temp:113:9: Error at pc=0:2666:
E   An ASSERT_EQ instruction failed: 1 != 0.
E           assert 0 = 1
E           ^**********^
E   Cairo traceback (most recent call last):
E   /home/greg/dev/nethermind/warp/tests/semantic/solidity/test/libsolidity/semanticTests/fallback/fallback_argument_to_storage.cairo.temp:60:6: (pc=0:2530)
E   func __main{
E        ^****^
E   /home/greg/dev/nethermind/warp/tests/semantic/solidity/test/libsolidity/semanticTests/fallback/fallback_argument_to_storage.cairo.temp:74:9: (pc=0:2469)
E           __main_meat()
E           ^***********^
E   /home/greg/dev/nethermind/warp/tests/semantic/solidity/test/libsolidity/semanticTests/fallback/fallback_argument_to_storage.cairo.temp:916:5: (pc=0:5489)
E       __warp_if_9(__warp_subexpr_0)
E       ^***************************^
E   /home/greg/dev/nethermind/warp/tests/semantic/solidity/test/libsolidity/semanticTests/fallback/fallback_argument_to_storage.cairo.temp:900:9: (pc=0:5443)
E           __warp_block_11()
E           ^***************^
E   /home/greg/dev/nethermind/warp/tests/semantic/solidity/test/libsolidity/semanticTests/fallback/fallback_argument_to_storage.cairo.temp:890:5: (pc=0:5418)
E       __warp_block_12()
E       ^***************^
E   /home/greg/dev/nethermind/warp/tests/semantic/solidity/test/libsolidity/semanticTests/fallback/fallback_argument_to_storage.cairo.temp:881:5: (pc=0:5405)
E       __warp_block_13(match_var)
E       ^************************^
E   /home/greg/dev/nethermind/warp/tests/semantic/solidity/test/libsolidity/semanticTests/fallback/fallback_argument_to_storage.cairo.temp:870:5: (pc=0:5370)
E       __warp_if_10(__warp_subexpr_0, match_var)
E       ^***************************************^
E   /home/greg/dev/nethermind/warp/tests/semantic/solidity/test/libsolidity/semanticTests/fallback/fallback_argument_to_storage.cairo.temp:856:9: (pc=0:5344)
E           __warp_block_14()
E           ^***************^
E   /home/greg/dev/nethermind/warp/tests/semantic/solidity/test/libsolidity/semanticTests/fallback/fallback_argument_to_storage.cairo.temp:800:30: (pc=0:5097)
E       let (length : Uint256) = extract_byte_array_length(slotValue)
E                                ^**********************************^

During handling of the above exception, another exception occurred:
tests/semantic/test_semantics.py:161: in test_semantics
    res = await invoke_method_evm_calldata(starknet, contract_address, argument)
../../../warp_dev/lib/python3.7/site-packages/sol_warp-0.2.12-py3.7.egg/yul/starknet_utils.py:30: in invoke_method_evm_calldata
    caller_address=0,
../../../warp_dev/lib/python3.7/site-packages/cairo_lang-0.6.2-py3.7.egg/starkware/starknet/testing/state.py:153: in invoke_raw
    state=state_copy, general_config=self.general_config
../../../warp_dev/lib/python3.7/site-packages/cairo_lang-0.6.2-py3.7.egg/starkware/starknet/business_logic/internal_transaction_interface.py:213: in apply_state_updates
    state=state_to_update, general_config=general_config
../../../warp_dev/lib/python3.7/site-packages/cairo_lang-0.6.2-py3.7.egg/starkware/starknet/business_logic/internal_transaction.py:405: in _apply_specific_state_updates
    func=_synchronous_apply_specific_state_updates,
/usr/lib/python3.7/concurrent/futures/thread.py:57: in run
    result = self.fn(*self.args, **self.kwargs)
../../../warp_dev/lib/python3.7/site-packages/cairo_lang-0.6.2-py3.7.egg/starkware/starknet/business_logic/internal_transaction.py:433: in _synchronous_apply_specific_state_updates
    run_resources=run_resources,
../../../warp_dev/lib/python3.7/site-packages/cairo_lang-0.6.2-py3.7.egg/starkware/starknet/business_logic/internal_transaction.py:559: in _run
    raise StarkException(code=code, message=str(exception))
E   starkware.starkware_utils.error_handling.StarkException: (500, {'code': <StarknetErrorCode.TRANSACTION_FAILED: 28>, 'message': '/home/greg/dev/nethermind/warp/tests/semantic/solidity/test/libsolidity/semanticTests/fallback/fallback_argument_to_storage.cairo.temp:113:9: Error at pc=0:2666:\nAn ASSERT_EQ instruction failed: 1 != 0.\n        assert 0 = 1\n        ^**********^\nCairo traceback (most recent call last):\n/home/greg/dev/nethermind/warp/tests/semantic/solidity/test/libsolidity/semanticTests/fallback/fallback_argument_to_storage.cairo.temp:60:6: (pc=0:2530)\nfunc __main{\n     ^****^\n/home/greg/dev/nethermind/warp/tests/semantic/solidity/test/libsolidity/semanticTests/fallback/fallback_argument_to_storage.cairo.temp:74:9: (pc=0:2469)\n        __main_meat()\n        ^***********^\n/home/greg/dev/nethermind/warp/tests/semantic/solidity/test/libsolidity/semanticTests/fallback/fallback_argument_to_storage.cairo.temp:916:5: (pc=0:5489)\n    __warp_if_9(__warp_subexpr_0)\n    ^***************************^\n/home/greg/dev/nethermind/warp/tests/semantic/solidity/test/libsolidity/semanticTests/fallback/fallback_argument_to_storage.cairo.temp:900:9: (pc=0:5443)\n        __warp_block_11()\n        ^***************^\n/home/greg/dev/nethermind/warp/tests/semantic/solidity/test/libsolidity/semanticTests/fallback/fallback_argument_to_storage.cairo.temp:890:5: (pc=0:5418)\n    __warp_block_12()\n    ^***************^\n/home/greg/dev/nethermind/warp/tests/semantic/solidity/test/libsolidity/semanticTests/fallback/fallback_argument_to_storage.cairo.temp:881:5: (pc=0:5405)\n    __warp_block_13(match_var)\n    ^************************^\n/home/greg/dev/nethermind/warp/tests/semantic/solidity/test/libsolidity/semanticTests/fallback/fallback_argument_to_storage.cairo.temp:870:5: (pc=0:5370)\n    __warp_if_10(__warp_subexpr_0, match_var)\n    ^***************************************^\n/home/greg/dev/nethermind/warp/tests/semantic/solidity/test/libsolidity/semanticTests/fallback/fallback_argument_to_storage.cairo.temp:856:9: (pc=0:5344)\n        __warp_block_14()\n        ^***************^\n/home/greg/dev/nethermind/warp/tests/semantic/solidity/test/libsolidity/semanticTests/fallback/fallback_argument_to_storage.cairo.temp:800:30: (pc=0:5097)\n    let (length : Uint256) = extract_byte_array_length(slotValue)\n                             ^**********************************^'})
------------------------------------------------------------------------------------------------------------------- Captured stdout call -------------------------------------------------------------------------------------------------------------------
{'callData': '0x26121ff0', 'expectations': '0x0000000000000000000000000000000000000000000000000000000000000002', 'failure': False, 'signature': 'f()'}
{'callData': '0xd45754f8000000000000000000000000000000000000000000000000000000000000002000000000000000000000000000000000000000000000000000000000000000046162636400000000000000000000000000000000000000000000000000000000', 'expectations': '0x61000000000000000000000000000000000000000000000000000000000000006100000000000000000000000000000000000000000000000000000000000000', 'failure': False, 'signature': 'f(bytes)'}
______________________________________________________________ test_semantics[/home/greg/dev/nethermind/warp/tests/semantic/solidity/test/libsolidity/semanticTests/revertStrings/bubble.sol] ______________________________________________________________
tests/semantic/test_semantics.py:126: in test_semantics
    contract_file, get_last_contract(contract_file)
../../../warp_dev/lib/python3.7/site-packages/sol_warp-0.2.12-py3.7.egg/yul/main.py:53: in transpile_from_solidity
    codes = json.loads(result.stdout)
/usr/lib/python3.7/json/__init__.py:348: in loads
    return _default_decoder.decode(s)
/usr/lib/python3.7/json/decoder.py:337: in decode
    obj, end = self.raw_decode(s, idx=_w(s, 0).end())
/usr/lib/python3.7/json/decoder.py:355: in raw_decode
    raise JSONDecodeError("Expecting value", s, err.value) from None
E   json.decoder.JSONDecodeError: Expecting value: line 1 column 1 (char 0)
------------------------------------------------------------------------------------------------------------------- Captured stderr call -------------------------------------------------------------------------------------------------------------------
Warning: SPDX license identifier not provided in source file. Before publishing, consider adding a comment containing "SPDX-License-Identifier: <SPDX-License>" to each source file. Use "SPDX-License-Identifier: UNLICENSED" for non-open-source code. Please see https://spdx.org for more information.
--> tests/semantic/solidity/test/libsolidity/semanticTests/revertStrings/enum_v2_marked.sol

Warning: Function state mutability can be restricted to pure
 --> tests/semantic/solidity/test/libsolidity/semanticTests/revertStrings/enum_v2_marked.sol:5:2:
  |
5 |     function f(E[] calldata arr) external {
  |     ^ (Relevant source part starts here and spans across multiple lines).

Warning: SPDX license identifier not provided in source file. Before publishing, consider adding a comment containing "SPDX-License-Identifier: <SPDX-License>" to each source file. Use "SPDX-License-Identifier: UNLICENSED" for non-open-source code. Please see https://spdx.org for more information.
--> tests/semantic/solidity/test/libsolidity/semanticTests/revertStrings/bubble_marked.sol

Warning: Function state mutability can be restricted to pure
 --> tests/semantic/solidity/test/libsolidity/semanticTests/revertStrings/bubble_marked.sol:3:2:
  |
3 |     function g() public { revert("fail"); }
  |     ^^^^^^^^^^^^^^^^^^^^^^^^^^^^^^^^^^^^^^^

______________________________________________________ test_semantics[/home/greg/dev/nethermind/warp/tests/semantic/solidity/test/libsolidity/semanticTests/revertStrings/library_non_view_call.sol] _______________________________________________________
tests/semantic/test_semantics.py:126: in test_semantics
    contract_file, get_last_contract(contract_file)
../../../warp_dev/lib/python3.7/site-packages/sol_warp-0.2.12-py3.7.egg/yul/main.py:55: in transpile_from_solidity
    cairo_code = transpile_from_yul(yul_ast)
../../../warp_dev/lib/python3.7/site-packages/sol_warp-0.2.12-py3.7.egg/yul/main.py:86: in transpile_from_yul
    return parse_file(cairo_visitor.translate(yul_ast)).format()
../../../warp_dev/lib/python3.7/site-packages/cairo_lang-0.6.2-py3.7.egg/starkware/cairo/lang/compiler/parser.py:239: in parse_file
    return parse(filename, code, "cairo_file", CairoFile, parser_context=parser_context)
../../../warp_dev/lib/python3.7/site-packages/cairo_lang-0.6.2-py3.7.egg/starkware/cairo/lang/compiler/parser.py:205: in parse
    raise wrap_lark_error(err, input_file) from None
E   starkware.cairo.lang.compiler.parser_transformer.ParserError: <string>:252:158: Unexpected token Token('MINUS', '-'). Expected one of: "(", "[", "cast", NONDET, identifier, integer, integer, register, short string.
E   let (__warp_subexpr_4 : Uint256) = linkersymbol(Uint256(low='olidity/test/libsolidity/semanticTests/revertStrings/library_non_view_call_marked.sol:L' * 256**-71, high='tests/semantic/s' * 256**0))
E                                                                                                                                                                ^
------------------------------------------------------------------------------------------------------------------- Captured stderr call -------------------------------------------------------------------------------------------------------------------
Warning: SPDX license identifier not provided in source file. Before publishing, consider adding a comment containing "SPDX-License-Identifier: <SPDX-License>" to each source file. Use "SPDX-License-Identifier: UNLICENSED" for non-open-source code. Please see https://spdx.org for more information.
--> tests/semantic/solidity/test/libsolidity/semanticTests/revertStrings/library_non_view_call_marked.sol

Warning: SPDX license identifier not provided in source file. Before publishing, consider adding a comment containing "SPDX-License-Identifier: <SPDX-License>" to each source file. Use "SPDX-License-Identifier: UNLICENSED" for non-open-source code. Please see https://spdx.org for more information.
--> tests/semantic/solidity/test/libsolidity/semanticTests/revertStrings/calldata_array_dynamic_static_short_reencode_marked.sol

Warning: Unused function parameter. Remove or comment out the variable name to silence this warning.
 --> tests/semantic/solidity/test/libsolidity/semanticTests/revertStrings/calldata_array_dynamic_static_short_reencode_marked.sol:4:16:
  |
4 |     function f(uint256[][2][] calldata x) external returns (uint256) {
  |                ^^^^^^^^^^^^^^^^^^^^^^^^^

Warning: Function state mutability can be restricted to pure
 --> tests/semantic/solidity/test/libsolidity/semanticTests/revertStrings/calldata_array_dynamic_static_short_reencode_marked.sol:4:5:
  |
4 |     function f(uint256[][2][] calldata x) external returns (uint256) {
  |     ^ (Relevant source part starts here and spans across multiple lines).

Warning: SPDX license identifier not provided in source file. Before publishing, consider adding a comment containing "SPDX-License-Identifier: <SPDX-License>" to each source file. Use "SPDX-License-Identifier: UNLICENSED" for non-open-source code. Please see https://spdx.org for more information.
--> tests/semantic/solidity/test/libsolidity/semanticTests/revertStrings/calldata_array_dynamic_invalid_marked.sol

Warning: Unused function parameter. Remove or comment out the variable name to silence this warning.
 --> tests/semantic/solidity/test/libsolidity/semanticTests/revertStrings/calldata_array_dynamic_invalid_marked.sol:4:13:
  |
4 |     function f(uint256[][] calldata a) external returns (uint) {
  |                ^^^^^^^^^^^^^^^^^^^^^^

Warning: Function state mutability can be restricted to pure
 --> tests/semantic/solidity/test/libsolidity/semanticTests/revertStrings/calldata_array_dynamic_invalid_marked.sol:4:2:
  |
4 |     function f(uint256[][] calldata a) external returns (uint) {
  |     ^ (Relevant source part starts here and spans across multiple lines).

__________________________________________________________ test_semantics[/home/greg/dev/nethermind/warp/tests/semantic/solidity/test/libsolidity/semanticTests/reverts/invalid_instruction.sol] ___________________________________________________________
../../../warp_dev/lib/python3.7/site-packages/cairo_lang-0.6.2-py3.7.egg/starkware/cairo/lang/compiler/preprocessor/dependency_graph.py:48: in add_identifier
    accessible_scopes=self.accessible_scopes, name=name
../../../warp_dev/lib/python3.7/site-packages/cairo_lang-0.6.2-py3.7.egg/starkware/cairo/lang/compiler/identifier_manager.py:225: in search
    res = self._search(accessible_scopes=accessible_scopes, name=name, get_scope=False)
../../../warp_dev/lib/python3.7/site-packages/cairo_lang-0.6.2-py3.7.egg/starkware/cairo/lang/compiler/identifier_manager.py:217: in _search
    raise MissingIdentifierError(name[:1])
E   starkware.cairo.lang.compiler.identifier_manager.MissingIdentifierError: Unknown identifier 'invalid'.

During handling of the above exception, another exception occurred:
tests/semantic/test_semantics.py:135: in test_semantics
    contract_definition = await starknet_compile(cairo_file_path)
tests/semantic/test_semantics.py:71: in starknet_compile
    [contract_file], debug_info=True, cairo_path=[cairo_path]
../../../warp_dev/lib/python3.7/site-packages/cairo_lang-0.6.2-py3.7.egg/starkware/starknet/compiler/compile.py:107: in compile_starknet_files
    cairo_path=cairo_path,
../../../warp_dev/lib/python3.7/site-packages/cairo_lang-0.6.2-py3.7.egg/starkware/starknet/compiler/compile.py:128: in compile_starknet_codes
    code=codes, debug_info=debug_info, pass_manager=pass_manager
../../../warp_dev/lib/python3.7/site-packages/cairo_lang-0.6.2-py3.7.egg/starkware/cairo/lang/compiler/cairo_compile.py:230: in compile_cairo_ex
    codes=codes_with_filenames, pass_manager=pass_manager, main_scope=main_scope
../../../warp_dev/lib/python3.7/site-packages/cairo_lang-0.6.2-py3.7.egg/starkware/cairo/lang/compiler/preprocessor/preprocess_codes.py:24: in preprocess_codes
    pass_manager.run(context)
../../../warp_dev/lib/python3.7/site-packages/cairo_lang-0.6.2-py3.7.egg/starkware/cairo/lang/compiler/preprocessor/pass_manager.py:53: in run
    stage.run(context)
../../../warp_dev/lib/python3.7/site-packages/cairo_lang-0.6.2-py3.7.egg/starkware/cairo/lang/compiler/preprocessor/dependency_graph.py:181: in run
    scopes_to_compile={context.main_scope} | self.additional_scopes_to_compile,
../../../warp_dev/lib/python3.7/site-packages/cairo_lang-0.6.2-py3.7.egg/starkware/cairo/lang/compiler/preprocessor/dependency_graph.py:166: in get_functions_to_compile
    dependency_graph.visit(module)
../../../warp_dev/lib/python3.7/site-packages/cairo_lang-0.6.2-py3.7.egg/starkware/cairo/lang/compiler/ast/visitor.py:40: in visit
    return getattr(self, f"visit_{type(obj).__name__}", self._visit_default)(obj)
../../../warp_dev/lib/python3.7/site-packages/cairo_lang-0.6.2-py3.7.egg/starkware/cairo/lang/compiler/ast/visitor.py:63: in visit_CairoModule
    cairo_file=CairoFile(code_block=self.visit(module.cairo_file.code_block)),
../../../warp_dev/lib/python3.7/site-packages/cairo_lang-0.6.2-py3.7.egg/starkware/cairo/lang/compiler/ast/visitor.py:40: in visit
    return getattr(self, f"visit_{type(obj).__name__}", self._visit_default)(obj)
../../../warp_dev/lib/python3.7/site-packages/cairo_lang-0.6.2-py3.7.egg/starkware/cairo/lang/compiler/ast/visitor.py:82: in visit_CodeBlock
    for commented_code_elm in elm.code_elements
../../../warp_dev/lib/python3.7/site-packages/cairo_lang-0.6.2-py3.7.egg/starkware/cairo/lang/compiler/ast/visitor.py:82: in <listcomp>
    for commented_code_elm in elm.code_elements
../../../warp_dev/lib/python3.7/site-packages/cairo_lang-0.6.2-py3.7.egg/starkware/cairo/lang/compiler/ast/visitor.py:40: in visit
    return getattr(self, f"visit_{type(obj).__name__}", self._visit_default)(obj)
../../../warp_dev/lib/python3.7/site-packages/cairo_lang-0.6.2-py3.7.egg/starkware/cairo/lang/compiler/preprocessor/dependency_graph.py:76: in visit_CodeElementFunction
    super().visit_CodeElementFunction(elm)
../../../warp_dev/lib/python3.7/site-packages/cairo_lang-0.6.2-py3.7.egg/starkware/cairo/lang/compiler/ast/visitor.py:54: in visit_CodeElementFunction
    code_block=self.visit(elm.code_block),
../../../warp_dev/lib/python3.7/site-packages/cairo_lang-0.6.2-py3.7.egg/starkware/cairo/lang/compiler/ast/visitor.py:40: in visit
    return getattr(self, f"visit_{type(obj).__name__}", self._visit_default)(obj)
../../../warp_dev/lib/python3.7/site-packages/cairo_lang-0.6.2-py3.7.egg/starkware/cairo/lang/compiler/ast/visitor.py:82: in visit_CodeBlock
    for commented_code_elm in elm.code_elements
../../../warp_dev/lib/python3.7/site-packages/cairo_lang-0.6.2-py3.7.egg/starkware/cairo/lang/compiler/ast/visitor.py:82: in <listcomp>
    for commented_code_elm in elm.code_elements
../../../warp_dev/lib/python3.7/site-packages/cairo_lang-0.6.2-py3.7.egg/starkware/cairo/lang/compiler/ast/visitor.py:40: in visit
    return getattr(self, f"visit_{type(obj).__name__}", self._visit_default)(obj)
../../../warp_dev/lib/python3.7/site-packages/cairo_lang-0.6.2-py3.7.egg/starkware/cairo/lang/compiler/preprocessor/dependency_graph.py:36: in _visit_default
    self.visit(child)
../../../warp_dev/lib/python3.7/site-packages/cairo_lang-0.6.2-py3.7.egg/starkware/cairo/lang/compiler/ast/visitor.py:40: in visit
    return getattr(self, f"visit_{type(obj).__name__}", self._visit_default)(obj)
../../../warp_dev/lib/python3.7/site-packages/cairo_lang-0.6.2-py3.7.egg/starkware/cairo/lang/compiler/preprocessor/dependency_graph.py:36: in _visit_default
    self.visit(child)
../../../warp_dev/lib/python3.7/site-packages/cairo_lang-0.6.2-py3.7.egg/starkware/cairo/lang/compiler/ast/visitor.py:40: in visit
    return getattr(self, f"visit_{type(obj).__name__}", self._visit_default)(obj)
../../../warp_dev/lib/python3.7/site-packages/cairo_lang-0.6.2-py3.7.egg/starkware/cairo/lang/compiler/preprocessor/dependency_graph.py:87: in visit_ExprIdentifier
    self.add_identifier(ScopedName.from_string(expr.name), location=expr.location)
../../../warp_dev/lib/python3.7/site-packages/cairo_lang-0.6.2-py3.7.egg/starkware/cairo/lang/compiler/preprocessor/dependency_graph.py:56: in add_identifier
    raise PreprocessorError(str(e), location=location)
E   starkware.cairo.lang.compiler.preprocessor.preprocessor_error.PreprocessorError: /home/greg/dev/nethermind/warp/tests/semantic/solidity/test/libsolidity/semanticTests/reverts/invalid_instruction.cairo.temp:80:5: Unknown identifier 'invalid'.
E       invalid()
E       ^*****^
------------------------------------------------------------------------------------------------------------------- Captured stderr call -------------------------------------------------------------------------------------------------------------------
Warning: SPDX license identifier not provided in source file. Before publishing, consider adding a comment containing "SPDX-License-Identifier: <SPDX-License>" to each source file. Use "SPDX-License-Identifier: UNLICENSED" for non-open-source code. Please see https://spdx.org for more information.
--> tests/semantic/solidity/test/libsolidity/semanticTests/reverts/invalid_enum_as_external_arg_marked.sol

Warning: Unused function parameter. Remove or comment out the variable name to silence this warning.
 --> tests/semantic/solidity/test/libsolidity/semanticTests/reverts/invalid_enum_as_external_arg_marked.sol:4:21:
  |
4 |     function tested(X x) public returns (uint256) {
  |                     ^^^

Warning: Function state mutability can be restricted to pure
 --> tests/semantic/solidity/test/libsolidity/semanticTests/reverts/invalid_enum_as_external_arg_marked.sol:4:5:
  |
4 |     function tested(X x) public returns (uint256) {
  |     ^ (Relevant source part starts here and spans across multiple lines).

Warning: SPDX license identifier not provided in source file. Before publishing, consider adding a comment containing "SPDX-License-Identifier: <SPDX-License>" to each source file. Use "SPDX-License-Identifier: UNLICENSED" for non-open-source code. Please see https://spdx.org for more information.
--> tests/semantic/solidity/test/libsolidity/semanticTests/reverts/invalid_instruction_marked.sol

Warning: Function state mutability can be restricted to pure
 --> tests/semantic/solidity/test/libsolidity/semanticTests/reverts/invalid_instruction_marked.sol:3:5:
  |
3 |     function f() public {
  |     ^ (Relevant source part starts here and spans across multiple lines).

_________________________________________________ test_semantics[/home/greg/dev/nethermind/warp/tests/semantic/solidity/test/libsolidity/semanticTests/builtinFunctions/keccak256_multiple_arguments.sol] __________________________________________________
../../../warp_dev/lib/python3.7/site-packages/cairo_lang-0.6.2-py3.7.egg/starkware/cairo/lang/compiler/preprocessor/preprocessor.py:365: in search_identifier
    result = self.identifiers.search(self.accessible_scopes, ScopedName.from_string(name))
../../../warp_dev/lib/python3.7/site-packages/cairo_lang-0.6.2-py3.7.egg/starkware/cairo/lang/compiler/identifier_manager.py:225: in search
    res = self._search(accessible_scopes=accessible_scopes, name=name, get_scope=False)
../../../warp_dev/lib/python3.7/site-packages/cairo_lang-0.6.2-py3.7.egg/starkware/cairo/lang/compiler/identifier_manager.py:217: in _search
    raise MissingIdentifierError(name[:1])
E   starkware.cairo.lang.compiler.identifier_manager.MissingIdentifierError: Unknown identifier 'bitwise_ptr'.

During handling of the above exception, another exception occurred:
tests/semantic/test_semantics.py:135: in test_semantics
    contract_definition = await starknet_compile(cairo_file_path)
tests/semantic/test_semantics.py:71: in starknet_compile
    [contract_file], debug_info=True, cairo_path=[cairo_path]
../../../warp_dev/lib/python3.7/site-packages/cairo_lang-0.6.2-py3.7.egg/starkware/starknet/compiler/compile.py:107: in compile_starknet_files
    cairo_path=cairo_path,
../../../warp_dev/lib/python3.7/site-packages/cairo_lang-0.6.2-py3.7.egg/starkware/starknet/compiler/compile.py:128: in compile_starknet_codes
    code=codes, debug_info=debug_info, pass_manager=pass_manager
../../../warp_dev/lib/python3.7/site-packages/cairo_lang-0.6.2-py3.7.egg/starkware/cairo/lang/compiler/cairo_compile.py:230: in compile_cairo_ex
    codes=codes_with_filenames, pass_manager=pass_manager, main_scope=main_scope
../../../warp_dev/lib/python3.7/site-packages/cairo_lang-0.6.2-py3.7.egg/starkware/cairo/lang/compiler/preprocessor/preprocess_codes.py:24: in preprocess_codes
    pass_manager.run(context)
../../../warp_dev/lib/python3.7/site-packages/cairo_lang-0.6.2-py3.7.egg/starkware/cairo/lang/compiler/preprocessor/pass_manager.py:53: in run
    stage.run(context)
../../../warp_dev/lib/python3.7/site-packages/cairo_lang-0.6.2-py3.7.egg/starkware/cairo/lang/compiler/preprocessor/default_pass_manager.py:89: in run
    preprocessor.visit(module)
../../../warp_dev/lib/python3.7/site-packages/cairo_lang-0.6.2-py3.7.egg/starkware/cairo/lang/compiler/ast/visitor.py:40: in visit
    return getattr(self, f"visit_{type(obj).__name__}", self._visit_default)(obj)
../../../warp_dev/lib/python3.7/site-packages/cairo_lang-0.6.2-py3.7.egg/starkware/cairo/lang/compiler/preprocessor/preprocessor.py:427: in visit_CairoModule
    super().visit_CairoModule(module)
../../../warp_dev/lib/python3.7/site-packages/cairo_lang-0.6.2-py3.7.egg/starkware/cairo/lang/compiler/ast/visitor.py:63: in visit_CairoModule
    cairo_file=CairoFile(code_block=self.visit(module.cairo_file.code_block)),
../../../warp_dev/lib/python3.7/site-packages/cairo_lang-0.6.2-py3.7.egg/starkware/cairo/lang/compiler/ast/visitor.py:40: in visit
    return getattr(self, f"visit_{type(obj).__name__}", self._visit_default)(obj)
../../../warp_dev/lib/python3.7/site-packages/cairo_lang-0.6.2-py3.7.egg/starkware/cairo/lang/compiler/preprocessor/preprocessor.py:415: in visit_CodeBlock
    self.visit_uncommented_code_block([x.code_elm for x in code_block.code_elements])
../../../warp_dev/lib/python3.7/site-packages/cairo_lang-0.6.2-py3.7.egg/starkware/cairo/lang/compiler/preprocessor/preprocessor.py:397: in visit_uncommented_code_block
    self.visit(elm)
../../../warp_dev/lib/python3.7/site-packages/cairo_lang-0.6.2-py3.7.egg/starkware/cairo/lang/compiler/ast/visitor.py:40: in visit
    return getattr(self, f"visit_{type(obj).__name__}", self._visit_default)(obj)
../../../warp_dev/lib/python3.7/site-packages/cairo_lang-0.6.2-py3.7.egg/starkware/starknet/compiler/starknet_preprocessor.py:172: in visit_CodeElementFunction
    super().visit_CodeElementFunction(elm)
../../../warp_dev/lib/python3.7/site-packages/cairo_lang-0.6.2-py3.7.egg/starkware/cairo/lang/compiler/preprocessor/preprocessor.py:615: in visit_CodeElementFunction
    code_block=elm.code_block, location=elm.identifier.location
../../../warp_dev/lib/python3.7/site-packages/cairo_lang-0.6.2-py3.7.egg/starkware/cairo/lang/compiler/preprocessor/preprocessor.py:671: in visit_function_body_with_retries
    self.visit_uncommented_code_block(code_elements)
../../../warp_dev/lib/python3.7/site-packages/cairo_lang-0.6.2-py3.7.egg/starkware/cairo/lang/compiler/preprocessor/preprocessor.py:397: in visit_uncommented_code_block
    self.visit(elm)
../../../warp_dev/lib/python3.7/site-packages/cairo_lang-0.6.2-py3.7.egg/starkware/cairo/lang/compiler/ast/visitor.py:40: in visit
    return getattr(self, f"visit_{type(obj).__name__}", self._visit_default)(obj)
../../../warp_dev/lib/python3.7/site-packages/cairo_lang-0.6.2-py3.7.egg/starkware/cairo/lang/compiler/preprocessor/preprocessor.py:1757: in visit_CodeElementUnpackBinding
    self.visit(CodeElementFuncCall(func_call=elm.rvalue))
../../../warp_dev/lib/python3.7/site-packages/cairo_lang-0.6.2-py3.7.egg/starkware/cairo/lang/compiler/ast/visitor.py:40: in visit
    return getattr(self, f"visit_{type(obj).__name__}", self._visit_default)(obj)
../../../warp_dev/lib/python3.7/site-packages/cairo_lang-0.6.2-py3.7.egg/starkware/cairo/lang/compiler/preprocessor/preprocessor.py:1616: in visit_CodeElementFuncCall
    location=elm.func_call.location,
../../../warp_dev/lib/python3.7/site-packages/cairo_lang-0.6.2-py3.7.egg/starkware/cairo/lang/compiler/preprocessor/preprocessor.py:1391: in push_arguments
    location=location,
../../../warp_dev/lib/python3.7/site-packages/cairo_lang-0.6.2-py3.7.egg/starkware/cairo/lang/compiler/preprocessor/preprocessor.py:1314: in process_implicit_arguments
    felt_expr_list = self.simplify_expr_to_felt_expr_list(expr, member_def.cairo_type)
../../../warp_dev/lib/python3.7/site-packages/cairo_lang-0.6.2-py3.7.egg/starkware/cairo/lang/compiler/preprocessor/preprocessor.py:2083: in simplify_expr_to_felt_expr_list
    expr, expr_type = self.simplify_expr(expr)
../../../warp_dev/lib/python3.7/site-packages/cairo_lang-0.6.2-py3.7.egg/starkware/cairo/lang/compiler/preprocessor/preprocessor.py:2054: in simplify_expr
    resolve_type_callback=self.resolve_type,
../../../warp_dev/lib/python3.7/site-packages/cairo_lang-0.6.2-py3.7.egg/starkware/cairo/lang/compiler/substitute_identifiers.py:113: in substitute_identifiers
    ).visit(expr)
../../../warp_dev/lib/python3.7/site-packages/cairo_lang-0.6.2-py3.7.egg/starkware/cairo/lang/compiler/expression_transformer.py:47: in visit
    return getattr(self, funcname)(expr)
../../../warp_dev/lib/python3.7/site-packages/cairo_lang-0.6.2-py3.7.egg/starkware/cairo/lang/compiler/substitute_identifiers.py:38: in visit_ExprIdentifier
    val = self.get_identifier_callback(expr)
../../../warp_dev/lib/python3.7/site-packages/cairo_lang-0.6.2-py3.7.egg/starkware/cairo/lang/compiler/preprocessor/preprocessor.py:2185: in get_variable
    identifier_definition = self.search_identifier(var.name, var.location)
../../../warp_dev/lib/python3.7/site-packages/cairo_lang-0.6.2-py3.7.egg/starkware/cairo/lang/compiler/preprocessor/preprocessor.py:368: in search_identifier
    raise PreprocessorError(str(exc), location=location)
E   starkware.cairo.lang.compiler.preprocessor.preprocessor_error.PreprocessorError: /home/greg/dev/nethermind/warp/warp/cairo-src/evm/hashing.cairo:14:20: While trying to retrieve the implicit argument 'bitwise_ptr' in:
E       let (memval) = array_create_from_memory(offset, size)
E                      ^************************************^
E   /home/greg/dev/nethermind/warp/warp/cairo-src/evm/array.cairo:16:53: Unknown identifier 'bitwise_ptr'.
E           memory_dict : DictAccess*, range_check_ptr, bitwise_ptr : BitwiseBuiltin*}(
E                                                       ^***************************^
------------------------------------------------------------------------------------------------------------------- Captured stderr call -------------------------------------------------------------------------------------------------------------------
Warning: SPDX license identifier not provided in source file. Before publishing, consider adding a comment containing "SPDX-License-Identifier: <SPDX-License>" to each source file. Use "SPDX-License-Identifier: UNLICENSED" for non-open-source code. Please see https://spdx.org for more information.
--> tests/semantic/solidity/test/libsolidity/semanticTests/builtinFunctions/msg_sig_after_internal_call_is_same_marked.sol

Warning: Unused function parameter. Remove or comment out the variable name to silence this warning.
 --> tests/semantic/solidity/test/libsolidity/semanticTests/builtinFunctions/msg_sig_after_internal_call_is_same_marked.sol:6:18:
  |
6 |     function foo(uint256 a) public returns (bytes4 value) {
  |                  ^^^^^^^^^

Warning: Function state mutability can be restricted to pure
 --> tests/semantic/solidity/test/libsolidity/semanticTests/builtinFunctions/msg_sig_after_internal_call_is_same_marked.sol:3:5:
  |
3 |     function boo() public returns (bytes4 value) {
  |     ^ (Relevant source part starts here and spans across multiple lines).

----------------------------------------------------------------------------------------------------------------- Captured stdout teardown -----------------------------------------------------------------------------------------------------------------
{'callData': '0xcbdb45260000000000000000000000000000000000000000000000000000000000000020000000000000000000000000000000000000000000000000000000000000000200000000000000000000000000000000000000000000000000000000000000030000000000000000000000000000000000000000000000000000000000000003', 'expectations': '0x', 'failure': True, 'signature': 'f(uint8[])'}
----------------------------------------------------------------------------------------------------------------- Captured stderr teardown -----------------------------------------------------------------------------------------------------------------
Warning: SPDX license identifier not provided in source file. Before publishing, consider adding a comment containing "SPDX-License-Identifier: <SPDX-License>" to each source file. Use "SPDX-License-Identifier: UNLICENSED" for non-open-source code. Please see https://spdx.org for more information.
--> tests/semantic/solidity/test/libsolidity/semanticTests/builtinFunctions/keccak256_multiple_arguments_with_numeric_literals_marked.sol

Warning: Function state mutability can be restricted to pure
 --> tests/semantic/solidity/test/libsolidity/semanticTests/builtinFunctions/keccak256_multiple_arguments_with_numeric_literals_marked.sol:3:5:
  |
3 |     function foo(uint256 a, uint16 b) public returns (bytes32 d) {
  |     ^ (Relevant source part starts here and spans across multiple lines).

___________________________________________________________ test_semantics[/home/greg/dev/nethermind/warp/tests/semantic/solidity/test/libsolidity/semanticTests/builtinFunctions/blockhash.sol] ___________________________________________________________
tests/semantic/test_semantics.py:126: in test_semantics
    contract_file, get_last_contract(contract_file)
../../../warp_dev/lib/python3.7/site-packages/sol_warp-0.2.12-py3.7.egg/yul/main.py:55: in transpile_from_solidity
    cairo_code = transpile_from_yul(yul_ast)
../../../warp_dev/lib/python3.7/site-packages/sol_warp-0.2.12-py3.7.egg/yul/main.py:75: in transpile_from_yul
    yul_ast = RevertNormalizer(builtins).map(yul_ast)
../../../warp_dev/lib/python3.7/site-packages/sol_warp-0.2.12-py3.7.egg/yul/RevertNormalizer.py:41: in map
    return self.visit(node)
../../../warp_dev/lib/python3.7/site-packages/sol_warp-0.2.12-py3.7.egg/yul/AstVisitor.py:59: in visit
    return method(node, *args, **kwargs)
../../../warp_dev/lib/python3.7/site-packages/sol_warp-0.2.12-py3.7.egg/yul/AstVisitor.py:43: in new_method
    res = method(node, *args, **kwargs)
../../../warp_dev/lib/python3.7/site-packages/sol_warp-0.2.12-py3.7.egg/yul/RevertNormalizer.py:71: in visit_block
    new_stmt = self.visit(stmt)
../../../warp_dev/lib/python3.7/site-packages/sol_warp-0.2.12-py3.7.egg/yul/AstVisitor.py:59: in visit
    return method(node, *args, **kwargs)
../../../warp_dev/lib/python3.7/site-packages/sol_warp-0.2.12-py3.7.egg/yul/AstVisitor.py:43: in new_method
    res = method(node, *args, **kwargs)
../../../warp_dev/lib/python3.7/site-packages/sol_warp-0.2.12-py3.7.egg/yul/RevertNormalizer.py:89: in visit_function_definition
    body = self.visit(node.body)
../../../warp_dev/lib/python3.7/site-packages/sol_warp-0.2.12-py3.7.egg/yul/AstVisitor.py:59: in visit
    return method(node, *args, **kwargs)
../../../warp_dev/lib/python3.7/site-packages/sol_warp-0.2.12-py3.7.egg/yul/AstVisitor.py:43: in new_method
    res = method(node, *args, **kwargs)
../../../warp_dev/lib/python3.7/site-packages/sol_warp-0.2.12-py3.7.egg/yul/RevertNormalizer.py:71: in visit_block
    new_stmt = self.visit(stmt)
../../../warp_dev/lib/python3.7/site-packages/sol_warp-0.2.12-py3.7.egg/yul/AstVisitor.py:59: in visit
    return method(node, *args, **kwargs)
../../../warp_dev/lib/python3.7/site-packages/sol_warp-0.2.12-py3.7.egg/yul/AstVisitor.py:43: in new_method
    res = method(node, *args, **kwargs)
../../../warp_dev/lib/python3.7/site-packages/sol_warp-0.2.12-py3.7.egg/yul/RevertNormalizer.py:104: in visit_if
    body = self.visit(node.body)
../../../warp_dev/lib/python3.7/site-packages/sol_warp-0.2.12-py3.7.egg/yul/AstVisitor.py:59: in visit
    return method(node, *args, **kwargs)
../../../warp_dev/lib/python3.7/site-packages/sol_warp-0.2.12-py3.7.egg/yul/AstVisitor.py:43: in new_method
    res = method(node, *args, **kwargs)
../../../warp_dev/lib/python3.7/site-packages/sol_warp-0.2.12-py3.7.egg/yul/RevertNormalizer.py:71: in visit_block
    new_stmt = self.visit(stmt)
../../../warp_dev/lib/python3.7/site-packages/sol_warp-0.2.12-py3.7.egg/yul/AstVisitor.py:59: in visit
    return method(node, *args, **kwargs)
../../../warp_dev/lib/python3.7/site-packages/sol_warp-0.2.12-py3.7.egg/yul/AstVisitor.py:43: in new_method
    res = method(node, *args, **kwargs)
../../../warp_dev/lib/python3.7/site-packages/sol_warp-0.2.12-py3.7.egg/yul/RevertNormalizer.py:71: in visit_block
    new_stmt = self.visit(stmt)
../../../warp_dev/lib/python3.7/site-packages/sol_warp-0.2.12-py3.7.egg/yul/AstVisitor.py:59: in visit
    return method(node, *args, **kwargs)
../../../warp_dev/lib/python3.7/site-packages/sol_warp-0.2.12-py3.7.egg/yul/AstVisitor.py:43: in new_method
    res = method(node, *args, **kwargs)
../../../warp_dev/lib/python3.7/site-packages/sol_warp-0.2.12-py3.7.egg/yul/RevertNormalizer.py:71: in visit_block
    new_stmt = self.visit(stmt)
../../../warp_dev/lib/python3.7/site-packages/sol_warp-0.2.12-py3.7.egg/yul/AstVisitor.py:59: in visit
    return method(node, *args, **kwargs)
../../../warp_dev/lib/python3.7/site-packages/sol_warp-0.2.12-py3.7.egg/yul/AstVisitor.py:43: in new_method
    res = method(node, *args, **kwargs)
../../../warp_dev/lib/python3.7/site-packages/sol_warp-0.2.12-py3.7.egg/yul/RevertNormalizer.py:104: in visit_if
    body = self.visit(node.body)
../../../warp_dev/lib/python3.7/site-packages/sol_warp-0.2.12-py3.7.egg/yul/AstVisitor.py:59: in visit
    return method(node, *args, **kwargs)
../../../warp_dev/lib/python3.7/site-packages/sol_warp-0.2.12-py3.7.egg/yul/AstVisitor.py:43: in new_method
    res = method(node, *args, **kwargs)
../../../warp_dev/lib/python3.7/site-packages/sol_warp-0.2.12-py3.7.egg/yul/RevertNormalizer.py:71: in visit_block
    new_stmt = self.visit(stmt)
../../../warp_dev/lib/python3.7/site-packages/sol_warp-0.2.12-py3.7.egg/yul/AstVisitor.py:59: in visit
    return method(node, *args, **kwargs)
../../../warp_dev/lib/python3.7/site-packages/sol_warp-0.2.12-py3.7.egg/yul/AstVisitor.py:43: in new_method
    res = method(node, *args, **kwargs)
../../../warp_dev/lib/python3.7/site-packages/sol_warp-0.2.12-py3.7.egg/yul/RevertNormalizer.py:60: in visit_variable_declaration
    value = self.visit(node.value) if node.value else None
../../../warp_dev/lib/python3.7/site-packages/sol_warp-0.2.12-py3.7.egg/yul/AstVisitor.py:59: in visit
    return method(node, *args, **kwargs)
../../../warp_dev/lib/python3.7/site-packages/sol_warp-0.2.12-py3.7.egg/yul/AstVisitor.py:43: in new_method
    res = method(node, *args, **kwargs)
../../../warp_dev/lib/python3.7/site-packages/sol_warp-0.2.12-py3.7.egg/yul/RevertNormalizer.py:54: in visit_function_call
    self.terminates_execution = self._is_function_terminating(name)
../../../warp_dev/lib/python3.7/site-packages/sol_warp-0.2.12-py3.7.egg/yul/RevertNormalizer.py:129: in _is_function_terminating
    return handler.is_terminating()
E   AttributeError: 'BlockHash' object has no attribute 'is_terminating'
------------------------------------------------------------------------------------------------------------------- Captured stderr call -------------------------------------------------------------------------------------------------------------------
Warning: SPDX license identifier not provided in source file. Before publishing, consider adding a comment containing "SPDX-License-Identifier: <SPDX-License>" to each source file. Use "SPDX-License-Identifier: UNLICENSED" for non-open-source code. Please see https://spdx.org for more information.
--> tests/semantic/solidity/test/libsolidity/semanticTests/builtinFunctions/ripemd160_empty_marked.sol

Warning: Function state mutability can be restricted to pure
 --> tests/semantic/solidity/test/libsolidity/semanticTests/builtinFunctions/ripemd160_empty_marked.sol:3:5:
  |
3 |     function f() public returns (bytes20) {
  |     ^ (Relevant source part starts here and spans across multiple lines).

Warning: SPDX license identifier not provided in source file. Before publishing, consider adding a comment containing "SPDX-License-Identifier: <SPDX-License>" to each source file. Use "SPDX-License-Identifier: UNLICENSED" for non-open-source code. Please see https://spdx.org for more information.
--> tests/semantic/solidity/test/libsolidity/semanticTests/builtinFunctions/blockhash_marked.sol

Warning: Function state mutability can be restricted to view
 --> tests/semantic/solidity/test/libsolidity/semanticTests/builtinFunctions/blockhash_marked.sol:3:5:
  |
3 |     function f() public returns(bytes32) {
  |     ^ (Relevant source part starts here and spans across multiple lines).

Warning: Function state mutability can be restricted to view
 --> tests/semantic/solidity/test/libsolidity/semanticTests/builtinFunctions/blockhash_marked.sol:6:5:
  |
6 |     function g() public returns(bytes32) {
  |     ^ (Relevant source part starts here and spans across multiple lines).

Warning: Function state mutability can be restricted to view
 --> tests/semantic/solidity/test/libsolidity/semanticTests/builtinFunctions/blockhash_marked.sol:9:5:
  |
9 |     function h() public returns(bytes32) {
  |     ^ (Relevant source part starts here and spans across multiple lines).

______________________________________ test_semantics[/home/greg/dev/nethermind/warp/tests/semantic/solidity/test/libsolidity/semanticTests/builtinFunctions/keccak256_multiple_arguments_with_numeric_literals.sol] _______________________________________
../../../warp_dev/lib/python3.7/site-packages/cairo_lang-0.6.2-py3.7.egg/starkware/cairo/lang/compiler/preprocessor/preprocessor.py:365: in search_identifier
    result = self.identifiers.search(self.accessible_scopes, ScopedName.from_string(name))
../../../warp_dev/lib/python3.7/site-packages/cairo_lang-0.6.2-py3.7.egg/starkware/cairo/lang/compiler/identifier_manager.py:225: in search
    res = self._search(accessible_scopes=accessible_scopes, name=name, get_scope=False)
../../../warp_dev/lib/python3.7/site-packages/cairo_lang-0.6.2-py3.7.egg/starkware/cairo/lang/compiler/identifier_manager.py:217: in _search
    raise MissingIdentifierError(name[:1])
E   starkware.cairo.lang.compiler.identifier_manager.MissingIdentifierError: Unknown identifier 'bitwise_ptr'.

During handling of the above exception, another exception occurred:
tests/semantic/test_semantics.py:135: in test_semantics
    contract_definition = await starknet_compile(cairo_file_path)
tests/semantic/test_semantics.py:71: in starknet_compile
    [contract_file], debug_info=True, cairo_path=[cairo_path]
../../../warp_dev/lib/python3.7/site-packages/cairo_lang-0.6.2-py3.7.egg/starkware/starknet/compiler/compile.py:107: in compile_starknet_files
    cairo_path=cairo_path,
../../../warp_dev/lib/python3.7/site-packages/cairo_lang-0.6.2-py3.7.egg/starkware/starknet/compiler/compile.py:128: in compile_starknet_codes
    code=codes, debug_info=debug_info, pass_manager=pass_manager
../../../warp_dev/lib/python3.7/site-packages/cairo_lang-0.6.2-py3.7.egg/starkware/cairo/lang/compiler/cairo_compile.py:230: in compile_cairo_ex
    codes=codes_with_filenames, pass_manager=pass_manager, main_scope=main_scope
../../../warp_dev/lib/python3.7/site-packages/cairo_lang-0.6.2-py3.7.egg/starkware/cairo/lang/compiler/preprocessor/preprocess_codes.py:24: in preprocess_codes
    pass_manager.run(context)
../../../warp_dev/lib/python3.7/site-packages/cairo_lang-0.6.2-py3.7.egg/starkware/cairo/lang/compiler/preprocessor/pass_manager.py:53: in run
    stage.run(context)
../../../warp_dev/lib/python3.7/site-packages/cairo_lang-0.6.2-py3.7.egg/starkware/cairo/lang/compiler/preprocessor/default_pass_manager.py:89: in run
    preprocessor.visit(module)
../../../warp_dev/lib/python3.7/site-packages/cairo_lang-0.6.2-py3.7.egg/starkware/cairo/lang/compiler/ast/visitor.py:40: in visit
    return getattr(self, f"visit_{type(obj).__name__}", self._visit_default)(obj)
../../../warp_dev/lib/python3.7/site-packages/cairo_lang-0.6.2-py3.7.egg/starkware/cairo/lang/compiler/preprocessor/preprocessor.py:427: in visit_CairoModule
    super().visit_CairoModule(module)
../../../warp_dev/lib/python3.7/site-packages/cairo_lang-0.6.2-py3.7.egg/starkware/cairo/lang/compiler/ast/visitor.py:63: in visit_CairoModule
    cairo_file=CairoFile(code_block=self.visit(module.cairo_file.code_block)),
../../../warp_dev/lib/python3.7/site-packages/cairo_lang-0.6.2-py3.7.egg/starkware/cairo/lang/compiler/ast/visitor.py:40: in visit
    return getattr(self, f"visit_{type(obj).__name__}", self._visit_default)(obj)
../../../warp_dev/lib/python3.7/site-packages/cairo_lang-0.6.2-py3.7.egg/starkware/cairo/lang/compiler/preprocessor/preprocessor.py:415: in visit_CodeBlock
    self.visit_uncommented_code_block([x.code_elm for x in code_block.code_elements])
../../../warp_dev/lib/python3.7/site-packages/cairo_lang-0.6.2-py3.7.egg/starkware/cairo/lang/compiler/preprocessor/preprocessor.py:397: in visit_uncommented_code_block
    self.visit(elm)
../../../warp_dev/lib/python3.7/site-packages/cairo_lang-0.6.2-py3.7.egg/starkware/cairo/lang/compiler/ast/visitor.py:40: in visit
    return getattr(self, f"visit_{type(obj).__name__}", self._visit_default)(obj)
../../../warp_dev/lib/python3.7/site-packages/cairo_lang-0.6.2-py3.7.egg/starkware/starknet/compiler/starknet_preprocessor.py:172: in visit_CodeElementFunction
    super().visit_CodeElementFunction(elm)
../../../warp_dev/lib/python3.7/site-packages/cairo_lang-0.6.2-py3.7.egg/starkware/cairo/lang/compiler/preprocessor/preprocessor.py:615: in visit_CodeElementFunction
    code_block=elm.code_block, location=elm.identifier.location
../../../warp_dev/lib/python3.7/site-packages/cairo_lang-0.6.2-py3.7.egg/starkware/cairo/lang/compiler/preprocessor/preprocessor.py:671: in visit_function_body_with_retries
    self.visit_uncommented_code_block(code_elements)
../../../warp_dev/lib/python3.7/site-packages/cairo_lang-0.6.2-py3.7.egg/starkware/cairo/lang/compiler/preprocessor/preprocessor.py:397: in visit_uncommented_code_block
    self.visit(elm)
../../../warp_dev/lib/python3.7/site-packages/cairo_lang-0.6.2-py3.7.egg/starkware/cairo/lang/compiler/ast/visitor.py:40: in visit
    return getattr(self, f"visit_{type(obj).__name__}", self._visit_default)(obj)
../../../warp_dev/lib/python3.7/site-packages/cairo_lang-0.6.2-py3.7.egg/starkware/cairo/lang/compiler/preprocessor/preprocessor.py:1757: in visit_CodeElementUnpackBinding
    self.visit(CodeElementFuncCall(func_call=elm.rvalue))
../../../warp_dev/lib/python3.7/site-packages/cairo_lang-0.6.2-py3.7.egg/starkware/cairo/lang/compiler/ast/visitor.py:40: in visit
    return getattr(self, f"visit_{type(obj).__name__}", self._visit_default)(obj)
../../../warp_dev/lib/python3.7/site-packages/cairo_lang-0.6.2-py3.7.egg/starkware/cairo/lang/compiler/preprocessor/preprocessor.py:1616: in visit_CodeElementFuncCall
    location=elm.func_call.location,
../../../warp_dev/lib/python3.7/site-packages/cairo_lang-0.6.2-py3.7.egg/starkware/cairo/lang/compiler/preprocessor/preprocessor.py:1391: in push_arguments
    location=location,
../../../warp_dev/lib/python3.7/site-packages/cairo_lang-0.6.2-py3.7.egg/starkware/cairo/lang/compiler/preprocessor/preprocessor.py:1314: in process_implicit_arguments
    felt_expr_list = self.simplify_expr_to_felt_expr_list(expr, member_def.cairo_type)
../../../warp_dev/lib/python3.7/site-packages/cairo_lang-0.6.2-py3.7.egg/starkware/cairo/lang/compiler/preprocessor/preprocessor.py:2083: in simplify_expr_to_felt_expr_list
    expr, expr_type = self.simplify_expr(expr)
../../../warp_dev/lib/python3.7/site-packages/cairo_lang-0.6.2-py3.7.egg/starkware/cairo/lang/compiler/preprocessor/preprocessor.py:2054: in simplify_expr
    resolve_type_callback=self.resolve_type,
../../../warp_dev/lib/python3.7/site-packages/cairo_lang-0.6.2-py3.7.egg/starkware/cairo/lang/compiler/substitute_identifiers.py:113: in substitute_identifiers
    ).visit(expr)
../../../warp_dev/lib/python3.7/site-packages/cairo_lang-0.6.2-py3.7.egg/starkware/cairo/lang/compiler/expression_transformer.py:47: in visit
    return getattr(self, funcname)(expr)
../../../warp_dev/lib/python3.7/site-packages/cairo_lang-0.6.2-py3.7.egg/starkware/cairo/lang/compiler/substitute_identifiers.py:38: in visit_ExprIdentifier
    val = self.get_identifier_callback(expr)
../../../warp_dev/lib/python3.7/site-packages/cairo_lang-0.6.2-py3.7.egg/starkware/cairo/lang/compiler/preprocessor/preprocessor.py:2185: in get_variable
    identifier_definition = self.search_identifier(var.name, var.location)
../../../warp_dev/lib/python3.7/site-packages/cairo_lang-0.6.2-py3.7.egg/starkware/cairo/lang/compiler/preprocessor/preprocessor.py:368: in search_identifier
    raise PreprocessorError(str(exc), location=location)
E   starkware.cairo.lang.compiler.preprocessor.preprocessor_error.PreprocessorError: /home/greg/dev/nethermind/warp/warp/cairo-src/evm/hashing.cairo:14:20: While trying to retrieve the implicit argument 'bitwise_ptr' in:
E       let (memval) = array_create_from_memory(offset, size)
E                      ^************************************^
E   /home/greg/dev/nethermind/warp/warp/cairo-src/evm/array.cairo:16:53: Unknown identifier 'bitwise_ptr'.
E           memory_dict : DictAccess*, range_check_ptr, bitwise_ptr : BitwiseBuiltin*}(
E                                                       ^***************************^
------------------------------------------------------------------------------------------------------------------- Captured stderr call -------------------------------------------------------------------------------------------------------------------
Warning: SPDX license identifier not provided in source file. Before publishing, consider adding a comment containing "SPDX-License-Identifier: <SPDX-License>" to each source file. Use "SPDX-License-Identifier: UNLICENSED" for non-open-source code. Please see https://spdx.org for more information.
--> tests/semantic/solidity/test/libsolidity/semanticTests/builtinFunctions/keccak256_multiple_arguments_with_string_literals_marked.sol

Warning: Function state mutability can be restricted to pure
 --> tests/semantic/solidity/test/libsolidity/semanticTests/builtinFunctions/keccak256_multiple_arguments_with_string_literals_marked.sol:3:5:
  |
3 |     function foo() public returns (bytes32 d) {
  |     ^ (Relevant source part starts here and spans across multiple lines).

Warning: Function state mutability can be restricted to pure
 --> tests/semantic/solidity/test/libsolidity/semanticTests/builtinFunctions/keccak256_multiple_arguments_with_string_literals_marked.sol:6:5:
  |
6 |     function bar(uint256 a, uint16 b) public returns (bytes32 d) {
  |     ^ (Relevant source part starts here and spans across multiple lines).

Warning: SPDX license identifier not provided in source file. Before publishing, consider adding a comment containing "SPDX-License-Identifier: <SPDX-License>" to each source file. Use "SPDX-License-Identifier: UNLICENSED" for non-open-source code. Please see https://spdx.org for more information.
--> tests/semantic/solidity/test/libsolidity/semanticTests/builtinFunctions/iterated_keccak256_with_bytes_marked.sol

_______________________________________ test_semantics[/home/greg/dev/nethermind/warp/tests/semantic/solidity/test/libsolidity/semanticTests/builtinFunctions/keccak256_multiple_arguments_with_string_literals.sol] _______________________________________
../../../warp_dev/lib/python3.7/site-packages/cairo_lang-0.6.2-py3.7.egg/starkware/cairo/lang/compiler/preprocessor/preprocessor.py:365: in search_identifier
    result = self.identifiers.search(self.accessible_scopes, ScopedName.from_string(name))
../../../warp_dev/lib/python3.7/site-packages/cairo_lang-0.6.2-py3.7.egg/starkware/cairo/lang/compiler/identifier_manager.py:225: in search
    res = self._search(accessible_scopes=accessible_scopes, name=name, get_scope=False)
../../../warp_dev/lib/python3.7/site-packages/cairo_lang-0.6.2-py3.7.egg/starkware/cairo/lang/compiler/identifier_manager.py:217: in _search
    raise MissingIdentifierError(name[:1])
E   starkware.cairo.lang.compiler.identifier_manager.MissingIdentifierError: Unknown identifier 'bitwise_ptr'.

During handling of the above exception, another exception occurred:
tests/semantic/test_semantics.py:135: in test_semantics
    contract_definition = await starknet_compile(cairo_file_path)
tests/semantic/test_semantics.py:71: in starknet_compile
    [contract_file], debug_info=True, cairo_path=[cairo_path]
../../../warp_dev/lib/python3.7/site-packages/cairo_lang-0.6.2-py3.7.egg/starkware/starknet/compiler/compile.py:107: in compile_starknet_files
    cairo_path=cairo_path,
../../../warp_dev/lib/python3.7/site-packages/cairo_lang-0.6.2-py3.7.egg/starkware/starknet/compiler/compile.py:128: in compile_starknet_codes
    code=codes, debug_info=debug_info, pass_manager=pass_manager
../../../warp_dev/lib/python3.7/site-packages/cairo_lang-0.6.2-py3.7.egg/starkware/cairo/lang/compiler/cairo_compile.py:230: in compile_cairo_ex
    codes=codes_with_filenames, pass_manager=pass_manager, main_scope=main_scope
../../../warp_dev/lib/python3.7/site-packages/cairo_lang-0.6.2-py3.7.egg/starkware/cairo/lang/compiler/preprocessor/preprocess_codes.py:24: in preprocess_codes
    pass_manager.run(context)
../../../warp_dev/lib/python3.7/site-packages/cairo_lang-0.6.2-py3.7.egg/starkware/cairo/lang/compiler/preprocessor/pass_manager.py:53: in run
    stage.run(context)
../../../warp_dev/lib/python3.7/site-packages/cairo_lang-0.6.2-py3.7.egg/starkware/cairo/lang/compiler/preprocessor/default_pass_manager.py:89: in run
    preprocessor.visit(module)
../../../warp_dev/lib/python3.7/site-packages/cairo_lang-0.6.2-py3.7.egg/starkware/cairo/lang/compiler/ast/visitor.py:40: in visit
    return getattr(self, f"visit_{type(obj).__name__}", self._visit_default)(obj)
../../../warp_dev/lib/python3.7/site-packages/cairo_lang-0.6.2-py3.7.egg/starkware/cairo/lang/compiler/preprocessor/preprocessor.py:427: in visit_CairoModule
    super().visit_CairoModule(module)
../../../warp_dev/lib/python3.7/site-packages/cairo_lang-0.6.2-py3.7.egg/starkware/cairo/lang/compiler/ast/visitor.py:63: in visit_CairoModule
    cairo_file=CairoFile(code_block=self.visit(module.cairo_file.code_block)),
../../../warp_dev/lib/python3.7/site-packages/cairo_lang-0.6.2-py3.7.egg/starkware/cairo/lang/compiler/ast/visitor.py:40: in visit
    return getattr(self, f"visit_{type(obj).__name__}", self._visit_default)(obj)
../../../warp_dev/lib/python3.7/site-packages/cairo_lang-0.6.2-py3.7.egg/starkware/cairo/lang/compiler/preprocessor/preprocessor.py:415: in visit_CodeBlock
    self.visit_uncommented_code_block([x.code_elm for x in code_block.code_elements])
../../../warp_dev/lib/python3.7/site-packages/cairo_lang-0.6.2-py3.7.egg/starkware/cairo/lang/compiler/preprocessor/preprocessor.py:397: in visit_uncommented_code_block
    self.visit(elm)
../../../warp_dev/lib/python3.7/site-packages/cairo_lang-0.6.2-py3.7.egg/starkware/cairo/lang/compiler/ast/visitor.py:40: in visit
    return getattr(self, f"visit_{type(obj).__name__}", self._visit_default)(obj)
../../../warp_dev/lib/python3.7/site-packages/cairo_lang-0.6.2-py3.7.egg/starkware/starknet/compiler/starknet_preprocessor.py:172: in visit_CodeElementFunction
    super().visit_CodeElementFunction(elm)
../../../warp_dev/lib/python3.7/site-packages/cairo_lang-0.6.2-py3.7.egg/starkware/cairo/lang/compiler/preprocessor/preprocessor.py:615: in visit_CodeElementFunction
    code_block=elm.code_block, location=elm.identifier.location
../../../warp_dev/lib/python3.7/site-packages/cairo_lang-0.6.2-py3.7.egg/starkware/cairo/lang/compiler/preprocessor/preprocessor.py:671: in visit_function_body_with_retries
    self.visit_uncommented_code_block(code_elements)
../../../warp_dev/lib/python3.7/site-packages/cairo_lang-0.6.2-py3.7.egg/starkware/cairo/lang/compiler/preprocessor/preprocessor.py:397: in visit_uncommented_code_block
    self.visit(elm)
../../../warp_dev/lib/python3.7/site-packages/cairo_lang-0.6.2-py3.7.egg/starkware/cairo/lang/compiler/ast/visitor.py:40: in visit
    return getattr(self, f"visit_{type(obj).__name__}", self._visit_default)(obj)
../../../warp_dev/lib/python3.7/site-packages/cairo_lang-0.6.2-py3.7.egg/starkware/cairo/lang/compiler/preprocessor/preprocessor.py:1757: in visit_CodeElementUnpackBinding
    self.visit(CodeElementFuncCall(func_call=elm.rvalue))
../../../warp_dev/lib/python3.7/site-packages/cairo_lang-0.6.2-py3.7.egg/starkware/cairo/lang/compiler/ast/visitor.py:40: in visit
    return getattr(self, f"visit_{type(obj).__name__}", self._visit_default)(obj)
../../../warp_dev/lib/python3.7/site-packages/cairo_lang-0.6.2-py3.7.egg/starkware/cairo/lang/compiler/preprocessor/preprocessor.py:1616: in visit_CodeElementFuncCall
    location=elm.func_call.location,
../../../warp_dev/lib/python3.7/site-packages/cairo_lang-0.6.2-py3.7.egg/starkware/cairo/lang/compiler/preprocessor/preprocessor.py:1391: in push_arguments
    location=location,
../../../warp_dev/lib/python3.7/site-packages/cairo_lang-0.6.2-py3.7.egg/starkware/cairo/lang/compiler/preprocessor/preprocessor.py:1314: in process_implicit_arguments
    felt_expr_list = self.simplify_expr_to_felt_expr_list(expr, member_def.cairo_type)
../../../warp_dev/lib/python3.7/site-packages/cairo_lang-0.6.2-py3.7.egg/starkware/cairo/lang/compiler/preprocessor/preprocessor.py:2083: in simplify_expr_to_felt_expr_list
    expr, expr_type = self.simplify_expr(expr)
../../../warp_dev/lib/python3.7/site-packages/cairo_lang-0.6.2-py3.7.egg/starkware/cairo/lang/compiler/preprocessor/preprocessor.py:2054: in simplify_expr
    resolve_type_callback=self.resolve_type,
../../../warp_dev/lib/python3.7/site-packages/cairo_lang-0.6.2-py3.7.egg/starkware/cairo/lang/compiler/substitute_identifiers.py:113: in substitute_identifiers
    ).visit(expr)
../../../warp_dev/lib/python3.7/site-packages/cairo_lang-0.6.2-py3.7.egg/starkware/cairo/lang/compiler/expression_transformer.py:47: in visit
    return getattr(self, funcname)(expr)
../../../warp_dev/lib/python3.7/site-packages/cairo_lang-0.6.2-py3.7.egg/starkware/cairo/lang/compiler/substitute_identifiers.py:38: in visit_ExprIdentifier
    val = self.get_identifier_callback(expr)
../../../warp_dev/lib/python3.7/site-packages/cairo_lang-0.6.2-py3.7.egg/starkware/cairo/lang/compiler/preprocessor/preprocessor.py:2185: in get_variable
    identifier_definition = self.search_identifier(var.name, var.location)
../../../warp_dev/lib/python3.7/site-packages/cairo_lang-0.6.2-py3.7.egg/starkware/cairo/lang/compiler/preprocessor/preprocessor.py:368: in search_identifier
    raise PreprocessorError(str(exc), location=location)
E   starkware.cairo.lang.compiler.preprocessor.preprocessor_error.PreprocessorError: /home/greg/dev/nethermind/warp/warp/cairo-src/evm/hashing.cairo:14:20: While trying to retrieve the implicit argument 'bitwise_ptr' in:
E       let (memval) = array_create_from_memory(offset, size)
E                      ^************************************^
E   /home/greg/dev/nethermind/warp/warp/cairo-src/evm/array.cairo:16:53: Unknown identifier 'bitwise_ptr'.
E           memory_dict : DictAccess*, range_check_ptr, bitwise_ptr : BitwiseBuiltin*}(
E                                                       ^***************************^
----------------------------------------------------------------------------------------------------------------- Captured stderr teardown -----------------------------------------------------------------------------------------------------------------
Warning: SPDX license identifier not provided in source file. Before publishing, consider adding a comment containing "SPDX-License-Identifier: <SPDX-License>" to each source file. Use "SPDX-License-Identifier: UNLICENSED" for non-open-source code. Please see https://spdx.org for more information.
--> tests/semantic/solidity/test/libsolidity/semanticTests/builtinFunctions/keccak256_with_bytes_marked.sol

_________________________________________________ test_semantics[/home/greg/dev/nethermind/warp/tests/semantic/solidity/test/libsolidity/semanticTests/builtinFunctions/iterated_keccak256_with_bytes.sol] _________________________________________________
../../../warp_dev/lib/python3.7/site-packages/cairo_lang-0.6.2-py3.7.egg/starkware/cairo/lang/compiler/preprocessor/preprocessor.py:365: in search_identifier
    result = self.identifiers.search(self.accessible_scopes, ScopedName.from_string(name))
../../../warp_dev/lib/python3.7/site-packages/cairo_lang-0.6.2-py3.7.egg/starkware/cairo/lang/compiler/identifier_manager.py:225: in search
    res = self._search(accessible_scopes=accessible_scopes, name=name, get_scope=False)
../../../warp_dev/lib/python3.7/site-packages/cairo_lang-0.6.2-py3.7.egg/starkware/cairo/lang/compiler/identifier_manager.py:217: in _search
    raise MissingIdentifierError(name[:1])
E   starkware.cairo.lang.compiler.identifier_manager.MissingIdentifierError: Unknown identifier 'bitwise_ptr'.

During handling of the above exception, another exception occurred:
tests/semantic/test_semantics.py:135: in test_semantics
    contract_definition = await starknet_compile(cairo_file_path)
tests/semantic/test_semantics.py:71: in starknet_compile
    [contract_file], debug_info=True, cairo_path=[cairo_path]
../../../warp_dev/lib/python3.7/site-packages/cairo_lang-0.6.2-py3.7.egg/starkware/starknet/compiler/compile.py:107: in compile_starknet_files
    cairo_path=cairo_path,
../../../warp_dev/lib/python3.7/site-packages/cairo_lang-0.6.2-py3.7.egg/starkware/starknet/compiler/compile.py:128: in compile_starknet_codes
    code=codes, debug_info=debug_info, pass_manager=pass_manager
../../../warp_dev/lib/python3.7/site-packages/cairo_lang-0.6.2-py3.7.egg/starkware/cairo/lang/compiler/cairo_compile.py:230: in compile_cairo_ex
    codes=codes_with_filenames, pass_manager=pass_manager, main_scope=main_scope
../../../warp_dev/lib/python3.7/site-packages/cairo_lang-0.6.2-py3.7.egg/starkware/cairo/lang/compiler/preprocessor/preprocess_codes.py:24: in preprocess_codes
    pass_manager.run(context)
../../../warp_dev/lib/python3.7/site-packages/cairo_lang-0.6.2-py3.7.egg/starkware/cairo/lang/compiler/preprocessor/pass_manager.py:53: in run
    stage.run(context)
../../../warp_dev/lib/python3.7/site-packages/cairo_lang-0.6.2-py3.7.egg/starkware/cairo/lang/compiler/preprocessor/default_pass_manager.py:89: in run
    preprocessor.visit(module)
../../../warp_dev/lib/python3.7/site-packages/cairo_lang-0.6.2-py3.7.egg/starkware/cairo/lang/compiler/ast/visitor.py:40: in visit
    return getattr(self, f"visit_{type(obj).__name__}", self._visit_default)(obj)
../../../warp_dev/lib/python3.7/site-packages/cairo_lang-0.6.2-py3.7.egg/starkware/cairo/lang/compiler/preprocessor/preprocessor.py:427: in visit_CairoModule
    super().visit_CairoModule(module)
../../../warp_dev/lib/python3.7/site-packages/cairo_lang-0.6.2-py3.7.egg/starkware/cairo/lang/compiler/ast/visitor.py:63: in visit_CairoModule
    cairo_file=CairoFile(code_block=self.visit(module.cairo_file.code_block)),
../../../warp_dev/lib/python3.7/site-packages/cairo_lang-0.6.2-py3.7.egg/starkware/cairo/lang/compiler/ast/visitor.py:40: in visit
    return getattr(self, f"visit_{type(obj).__name__}", self._visit_default)(obj)
../../../warp_dev/lib/python3.7/site-packages/cairo_lang-0.6.2-py3.7.egg/starkware/cairo/lang/compiler/preprocessor/preprocessor.py:415: in visit_CodeBlock
    self.visit_uncommented_code_block([x.code_elm for x in code_block.code_elements])
../../../warp_dev/lib/python3.7/site-packages/cairo_lang-0.6.2-py3.7.egg/starkware/cairo/lang/compiler/preprocessor/preprocessor.py:397: in visit_uncommented_code_block
    self.visit(elm)
../../../warp_dev/lib/python3.7/site-packages/cairo_lang-0.6.2-py3.7.egg/starkware/cairo/lang/compiler/ast/visitor.py:40: in visit
    return getattr(self, f"visit_{type(obj).__name__}", self._visit_default)(obj)
../../../warp_dev/lib/python3.7/site-packages/cairo_lang-0.6.2-py3.7.egg/starkware/starknet/compiler/starknet_preprocessor.py:172: in visit_CodeElementFunction
    super().visit_CodeElementFunction(elm)
../../../warp_dev/lib/python3.7/site-packages/cairo_lang-0.6.2-py3.7.egg/starkware/cairo/lang/compiler/preprocessor/preprocessor.py:615: in visit_CodeElementFunction
    code_block=elm.code_block, location=elm.identifier.location
../../../warp_dev/lib/python3.7/site-packages/cairo_lang-0.6.2-py3.7.egg/starkware/cairo/lang/compiler/preprocessor/preprocessor.py:671: in visit_function_body_with_retries
    self.visit_uncommented_code_block(code_elements)
../../../warp_dev/lib/python3.7/site-packages/cairo_lang-0.6.2-py3.7.egg/starkware/cairo/lang/compiler/preprocessor/preprocessor.py:397: in visit_uncommented_code_block
    self.visit(elm)
../../../warp_dev/lib/python3.7/site-packages/cairo_lang-0.6.2-py3.7.egg/starkware/cairo/lang/compiler/ast/visitor.py:40: in visit
    return getattr(self, f"visit_{type(obj).__name__}", self._visit_default)(obj)
../../../warp_dev/lib/python3.7/site-packages/cairo_lang-0.6.2-py3.7.egg/starkware/cairo/lang/compiler/preprocessor/preprocessor.py:1757: in visit_CodeElementUnpackBinding
    self.visit(CodeElementFuncCall(func_call=elm.rvalue))
../../../warp_dev/lib/python3.7/site-packages/cairo_lang-0.6.2-py3.7.egg/starkware/cairo/lang/compiler/ast/visitor.py:40: in visit
    return getattr(self, f"visit_{type(obj).__name__}", self._visit_default)(obj)
../../../warp_dev/lib/python3.7/site-packages/cairo_lang-0.6.2-py3.7.egg/starkware/cairo/lang/compiler/preprocessor/preprocessor.py:1616: in visit_CodeElementFuncCall
    location=elm.func_call.location,
../../../warp_dev/lib/python3.7/site-packages/cairo_lang-0.6.2-py3.7.egg/starkware/cairo/lang/compiler/preprocessor/preprocessor.py:1391: in push_arguments
    location=location,
../../../warp_dev/lib/python3.7/site-packages/cairo_lang-0.6.2-py3.7.egg/starkware/cairo/lang/compiler/preprocessor/preprocessor.py:1314: in process_implicit_arguments
    felt_expr_list = self.simplify_expr_to_felt_expr_list(expr, member_def.cairo_type)
../../../warp_dev/lib/python3.7/site-packages/cairo_lang-0.6.2-py3.7.egg/starkware/cairo/lang/compiler/preprocessor/preprocessor.py:2083: in simplify_expr_to_felt_expr_list
    expr, expr_type = self.simplify_expr(expr)
../../../warp_dev/lib/python3.7/site-packages/cairo_lang-0.6.2-py3.7.egg/starkware/cairo/lang/compiler/preprocessor/preprocessor.py:2054: in simplify_expr
    resolve_type_callback=self.resolve_type,
../../../warp_dev/lib/python3.7/site-packages/cairo_lang-0.6.2-py3.7.egg/starkware/cairo/lang/compiler/substitute_identifiers.py:113: in substitute_identifiers
    ).visit(expr)
../../../warp_dev/lib/python3.7/site-packages/cairo_lang-0.6.2-py3.7.egg/starkware/cairo/lang/compiler/expression_transformer.py:47: in visit
    return getattr(self, funcname)(expr)
../../../warp_dev/lib/python3.7/site-packages/cairo_lang-0.6.2-py3.7.egg/starkware/cairo/lang/compiler/substitute_identifiers.py:38: in visit_ExprIdentifier
    val = self.get_identifier_callback(expr)
../../../warp_dev/lib/python3.7/site-packages/cairo_lang-0.6.2-py3.7.egg/starkware/cairo/lang/compiler/preprocessor/preprocessor.py:2185: in get_variable
    identifier_definition = self.search_identifier(var.name, var.location)
../../../warp_dev/lib/python3.7/site-packages/cairo_lang-0.6.2-py3.7.egg/starkware/cairo/lang/compiler/preprocessor/preprocessor.py:368: in search_identifier
    raise PreprocessorError(str(exc), location=location)
E   starkware.cairo.lang.compiler.preprocessor.preprocessor_error.PreprocessorError: /home/greg/dev/nethermind/warp/warp/cairo-src/evm/hashing.cairo:14:20: While trying to retrieve the implicit argument 'bitwise_ptr' in:
E       let (memval) = array_create_from_memory(offset, size)
E                      ^************************************^
E   /home/greg/dev/nethermind/warp/warp/cairo-src/evm/array.cairo:16:53: Unknown identifier 'bitwise_ptr'.
E           memory_dict : DictAccess*, range_check_ptr, bitwise_ptr : BitwiseBuiltin*}(
E                                                       ^***************************^
----------------------------------------------------------------------------------------------------------------- Captured stderr teardown -----------------------------------------------------------------------------------------------------------------
Warning: SPDX license identifier not provided in source file. Before publishing, consider adding a comment containing "SPDX-License-Identifier: <SPDX-License>" to each source file. Use "SPDX-License-Identifier: UNLICENSED" for non-open-source code. Please see https://spdx.org for more information.
--> tests/semantic/solidity/test/libsolidity/semanticTests/builtinFunctions/sha256_empty_marked.sol

Warning: Function state mutability can be restricted to pure
 --> tests/semantic/solidity/test/libsolidity/semanticTests/builtinFunctions/sha256_empty_marked.sol:3:5:
  |
3 |     function f() public returns (bytes32) {
  |     ^ (Relevant source part starts here and spans across multiple lines).

_________________________________________________________ test_semantics[/home/greg/dev/nethermind/warp/tests/semantic/solidity/test/libsolidity/semanticTests/externalContracts/ramanujan_pi.sol] _________________________________________________________
tests/semantic/test_semantics.py:126: in test_semantics
    contract_file, get_last_contract(contract_file)
../../../warp_dev/lib/python3.7/site-packages/sol_warp-0.2.12-py3.7.egg/yul/main.py:49: in transpile_from_solidity
    output = get_for_contract(sol_src_path_modified, main_contract, ["abi"])
../../../warp_dev/lib/python3.7/site-packages/sol_warp-0.2.12-py3.7.egg/yul/utils.py:136: in get_for_contract
    get_source_version(sol_source)
../../../warp_dev/lib/python3.7/site-packages/sol_warp-0.2.12-py3.7.egg/yul/utils.py:146: in get_source_version
    with open(sol_source) as f:
E   FileNotFoundError: [Errno 2] No such file or directory: '/home/greg/dev/nethermind/warp/tests/semantic/solidity/test/libsolidity/semanticTests/externalContracts/ramanujan_pi_marked.sol'
_______________________________________________________ test_semantics[/home/greg/dev/nethermind/warp/tests/semantic/solidity/test/libsolidity/semanticTests/externalContracts/prbmath_unsigned.sol] _______________________________________________________
tests/semantic/test_semantics.py:126: in test_semantics
    contract_file, get_last_contract(contract_file)
../../../warp_dev/lib/python3.7/site-packages/sol_warp-0.2.12-py3.7.egg/yul/main.py:49: in transpile_from_solidity
    output = get_for_contract(sol_src_path_modified, main_contract, ["abi"])
../../../warp_dev/lib/python3.7/site-packages/sol_warp-0.2.12-py3.7.egg/yul/utils.py:136: in get_for_contract
    get_source_version(sol_source)
../../../warp_dev/lib/python3.7/site-packages/sol_warp-0.2.12-py3.7.egg/yul/utils.py:146: in get_source_version
    with open(sol_source) as f:
E   FileNotFoundError: [Errno 2] No such file or directory: '/home/greg/dev/nethermind/warp/tests/semantic/solidity/test/libsolidity/semanticTests/externalContracts/prbmath_unsigned_marked.sol'
------------------------------------------------------------------------------------------------------------------- Captured stderr call -------------------------------------------------------------------------------------------------------------------
Warning: SPDX license identifier not provided in source file. Before publishing, consider adding a comment containing "SPDX-License-Identifier: <SPDX-License>" to each source file. Use "SPDX-License-Identifier: UNLICENSED" for non-open-source code. Please see https://spdx.org for more information.
--> tests/semantic/solidity/test/libsolidity/semanticTests/builtinFunctions/msg_sig_marked.sol

Warning: Unused function parameter. Remove or comment out the variable name to silence this warning.
 --> tests/semantic/solidity/test/libsolidity/semanticTests/builtinFunctions/msg_sig_marked.sol:3:18:
  |
3 |     function foo(uint256 a) public returns (bytes4 value) {
  |                  ^^^^^^^^^

Warning: Function state mutability can be restricted to pure
 --> tests/semantic/solidity/test/libsolidity/semanticTests/builtinFunctions/msg_sig_marked.sol:3:5:
  |
3 |     function foo(uint256 a) public returns (bytes4 value) {
  |     ^ (Relevant source part starts here and spans across multiple lines).

________________________________________________________ test_semantics[/home/greg/dev/nethermind/warp/tests/semantic/solidity/test/libsolidity/semanticTests/externalContracts/prbmath_signed.sol] ________________________________________________________
tests/semantic/test_semantics.py:126: in test_semantics
    contract_file, get_last_contract(contract_file)
../../../warp_dev/lib/python3.7/site-packages/sol_warp-0.2.12-py3.7.egg/yul/main.py:49: in transpile_from_solidity
    output = get_for_contract(sol_src_path_modified, main_contract, ["abi"])
../../../warp_dev/lib/python3.7/site-packages/sol_warp-0.2.12-py3.7.egg/yul/utils.py:136: in get_for_contract
    get_source_version(sol_source)
../../../warp_dev/lib/python3.7/site-packages/sol_warp-0.2.12-py3.7.egg/yul/utils.py:146: in get_source_version
    with open(sol_source) as f:
E   FileNotFoundError: [Errno 2] No such file or directory: '/home/greg/dev/nethermind/warp/tests/semantic/solidity/test/libsolidity/semanticTests/externalContracts/prbmath_signed_marked.sol'
___________________________________________________________ test_semantics[/home/greg/dev/nethermind/warp/tests/semantic/solidity/test/libsolidity/semanticTests/externalContracts/strings.sol] ____________________________________________________________
tests/semantic/test_semantics.py:126: in test_semantics
    contract_file, get_last_contract(contract_file)
../../../warp_dev/lib/python3.7/site-packages/sol_warp-0.2.12-py3.7.egg/yul/main.py:49: in transpile_from_solidity
    output = get_for_contract(sol_src_path_modified, main_contract, ["abi"])
../../../warp_dev/lib/python3.7/site-packages/sol_warp-0.2.12-py3.7.egg/yul/utils.py:136: in get_for_contract
    get_source_version(sol_source)
../../../warp_dev/lib/python3.7/site-packages/sol_warp-0.2.12-py3.7.egg/yul/utils.py:146: in get_source_version
    with open(sol_source) as f:
E   FileNotFoundError: [Errno 2] No such file or directory: '/home/greg/dev/nethermind/warp/tests/semantic/solidity/test/libsolidity/semanticTests/externalContracts/strings_marked.sol'
------------------------------------------------------------------------------------------------------------------- Captured stdout call -------------------------------------------------------------------------------------------------------------------
{'callData': '0xf9fbd554000000000000000000000000000000000000000000000000000000000000002000000000000000000000000000000000000000000000000000000000000000036465660000000000000000000000000000000000000000000000000000000000', 'expectations': '0x000000000000000000000000000000000000000000000000000000000000004000000000000000000000000000000000000000000000000000000000000000800000000000000000000000000000000000000000000000000000000000000003646566000000000000000000000000000000000000000000000000000000000000000000000000000000000000000000000000000000000000000000000000036465660000000000000000000000000000000000000000000000000000000000', 'failure': False, 'signature': 'test(string)'}
__________________________________________ test_semantics[/home/greg/dev/nethermind/warp/tests/semantic/solidity/test/libsolidity/semanticTests/libraries/internal_library_function_bound_to_storage_string.sol] ___________________________________________
../../../warp_dev/lib/python3.7/site-packages/cairo_lang-0.6.2-py3.7.egg/starkware/starknet/business_logic/internal_transaction.py:539: in _run
    verify_secure=True,
../../../warp_dev/lib/python3.7/site-packages/cairo_lang-0.6.2-py3.7.egg/starkware/cairo/common/cairo_function_runner.py:199: in run_from_entrypoint
    self.run_until_pc(addr=end, run_resources=run_resources)
../../../warp_dev/lib/python3.7/site-packages/cairo_lang-0.6.2-py3.7.egg/starkware/cairo/lang/vm/cairo_runner.py:284: in run_until_pc
    self.vm_step()
../../../warp_dev/lib/python3.7/site-packages/cairo_lang-0.6.2-py3.7.egg/starkware/cairo/lang/vm/cairo_runner.py:298: in vm_step
    self.vm.step()
../../../warp_dev/lib/python3.7/site-packages/cairo_lang-0.6.2-py3.7.egg/starkware/cairo/lang/vm/virtual_machine_base.py:255: in step
    self.run_instruction(instruction)
../../../warp_dev/lib/python3.7/site-packages/cairo_lang-0.6.2-py3.7.egg/starkware/cairo/lang/vm/vm_core.py:422: in run_instruction
    raise self.as_vm_exception(exc) from None
E   starkware.cairo.lang.vm.vm_exceptions.VmException: /home/greg/dev/nethermind/warp/tests/semantic/solidity/test/libsolidity/semanticTests/libraries/internal_library_function_bound_to_storage_string.cairo.temp:105:9: Error at pc=0:2324:
E   An ASSERT_EQ instruction failed: 1 != 0.
E           assert 0 = 1
E           ^**********^
E   Cairo traceback (most recent call last):
E   /home/greg/dev/nethermind/warp/tests/semantic/solidity/test/libsolidity/semanticTests/libraries/internal_library_function_bound_to_storage_string.cairo.temp:52:6: (pc=0:2188)
E   func __main{
E        ^****^
E   /home/greg/dev/nethermind/warp/tests/semantic/solidity/test/libsolidity/semanticTests/libraries/internal_library_function_bound_to_storage_string.cairo.temp:66:9: (pc=0:2127)
E           __main_meat()
E           ^***********^
E   /home/greg/dev/nethermind/warp/tests/semantic/solidity/test/libsolidity/semanticTests/libraries/internal_library_function_bound_to_storage_string.cairo.temp:726:5: (pc=0:4588)
E       __warp_if_9(__warp_subexpr_0)
E       ^***************************^
E   /home/greg/dev/nethermind/warp/tests/semantic/solidity/test/libsolidity/semanticTests/libraries/internal_library_function_bound_to_storage_string.cairo.temp:710:9: (pc=0:4542)
E           __warp_block_13()
E           ^***************^
E   /home/greg/dev/nethermind/warp/tests/semantic/solidity/test/libsolidity/semanticTests/libraries/internal_library_function_bound_to_storage_string.cairo.temp:700:5: (pc=0:4517)
E       __warp_if_10(__warp_subexpr_0)
E       ^****************************^
E   /home/greg/dev/nethermind/warp/tests/semantic/solidity/test/libsolidity/semanticTests/libraries/internal_library_function_bound_to_storage_string.cairo.temp:685:9: (pc=0:4472)
E           __warp_block_14()
E           ^***************^
E   /home/greg/dev/nethermind/warp/tests/semantic/solidity/test/libsolidity/semanticTests/libraries/internal_library_function_bound_to_storage_string.cairo.temp:671:58: (pc=0:4393)
E       let (ret__warp_mangled : Uint256, ret_1 : Uint256) = fun_test(__warp_subexpr_14, length)
E                                                            ^*********************************^
E   /home/greg/dev/nethermind/warp/tests/semantic/solidity/test/libsolidity/semanticTests/libraries/internal_library_function_bound_to_storage_string.cairo.temp:538:26: (pc=0:3851)
E       let (_2 : Uint256) = copy_array_from_storage_to_memory_string()
E                            ^****************************************^
E   /home/greg/dev/nethermind/warp/tests/semantic/solidity/test/libsolidity/semanticTests/libraries/internal_library_function_bound_to_storage_string.cairo.temp:376:30: (pc=0:3251)
E       let (length : Uint256) = extract_byte_array_length(slotValue)
E                                ^**********************************^

During handling of the above exception, another exception occurred:
tests/semantic/test_semantics.py:161: in test_semantics
    res = await invoke_method_evm_calldata(starknet, contract_address, argument)
../../../warp_dev/lib/python3.7/site-packages/sol_warp-0.2.12-py3.7.egg/yul/starknet_utils.py:30: in invoke_method_evm_calldata
    caller_address=0,
../../../warp_dev/lib/python3.7/site-packages/cairo_lang-0.6.2-py3.7.egg/starkware/starknet/testing/state.py:153: in invoke_raw
    state=state_copy, general_config=self.general_config
../../../warp_dev/lib/python3.7/site-packages/cairo_lang-0.6.2-py3.7.egg/starkware/starknet/business_logic/internal_transaction_interface.py:213: in apply_state_updates
    state=state_to_update, general_config=general_config
../../../warp_dev/lib/python3.7/site-packages/cairo_lang-0.6.2-py3.7.egg/starkware/starknet/business_logic/internal_transaction.py:405: in _apply_specific_state_updates
    func=_synchronous_apply_specific_state_updates,
/usr/lib/python3.7/concurrent/futures/thread.py:57: in run
    result = self.fn(*self.args, **self.kwargs)
../../../warp_dev/lib/python3.7/site-packages/cairo_lang-0.6.2-py3.7.egg/starkware/starknet/business_logic/internal_transaction.py:433: in _synchronous_apply_specific_state_updates
    run_resources=run_resources,
../../../warp_dev/lib/python3.7/site-packages/cairo_lang-0.6.2-py3.7.egg/starkware/starknet/business_logic/internal_transaction.py:559: in _run
    raise StarkException(code=code, message=str(exception))
E   starkware.starkware_utils.error_handling.StarkException: (500, {'code': <StarknetErrorCode.TRANSACTION_FAILED: 28>, 'message': '/home/greg/dev/nethermind/warp/tests/semantic/solidity/test/libsolidity/semanticTests/libraries/internal_library_function_bound_to_storage_string.cairo.temp:105:9: Error at pc=0:2324:\nAn ASSERT_EQ instruction failed: 1 != 0.\n        assert 0 = 1\n        ^**********^\nCairo traceback (most recent call last):\n/home/greg/dev/nethermind/warp/tests/semantic/solidity/test/libsolidity/semanticTests/libraries/internal_library_function_bound_to_storage_string.cairo.temp:52:6: (pc=0:2188)\nfunc __main{\n     ^****^\n/home/greg/dev/nethermind/warp/tests/semantic/solidity/test/libsolidity/semanticTests/libraries/internal_library_function_bound_to_storage_string.cairo.temp:66:9: (pc=0:2127)\n        __main_meat()\n        ^***********^\n/home/greg/dev/nethermind/warp/tests/semantic/solidity/test/libsolidity/semanticTests/libraries/internal_library_function_bound_to_storage_string.cairo.temp:726:5: (pc=0:4588)\n    __warp_if_9(__warp_subexpr_0)\n    ^***************************^\n/home/greg/dev/nethermind/warp/tests/semantic/solidity/test/libsolidity/semanticTests/libraries/internal_library_function_bound_to_storage_string.cairo.temp:710:9: (pc=0:4542)\n        __warp_block_13()\n        ^***************^\n/home/greg/dev/nethermind/warp/tests/semantic/solidity/test/libsolidity/semanticTests/libraries/internal_library_function_bound_to_storage_string.cairo.temp:700:5: (pc=0:4517)\n    __warp_if_10(__warp_subexpr_0)\n    ^****************************^\n/home/greg/dev/nethermind/warp/tests/semantic/solidity/test/libsolidity/semanticTests/libraries/internal_library_function_bound_to_storage_string.cairo.temp:685:9: (pc=0:4472)\n        __warp_block_14()\n        ^***************^\n/home/greg/dev/nethermind/warp/tests/semantic/solidity/test/libsolidity/semanticTests/libraries/internal_library_function_bound_to_storage_string.cairo.temp:671:58: (pc=0:4393)\n    let (ret__warp_mangled : Uint256, ret_1 : Uint256) = fun_test(__warp_subexpr_14, length)\n                                                         ^*********************************^\n/home/greg/dev/nethermind/warp/tests/semantic/solidity/test/libsolidity/semanticTests/libraries/internal_library_function_bound_to_storage_string.cairo.temp:538:26: (pc=0:3851)\n    let (_2 : Uint256) = copy_array_from_storage_to_memory_string()\n                         ^****************************************^\n/home/greg/dev/nethermind/warp/tests/semantic/solidity/test/libsolidity/semanticTests/libraries/internal_library_function_bound_to_storage_string.cairo.temp:376:30: (pc=0:3251)\n    let (length : Uint256) = extract_byte_array_length(slotValue)\n                             ^**********************************^'})
_____________________________________________________ test_semantics[/home/greg/dev/nethermind/warp/tests/semantic/solidity/test/libsolidity/semanticTests/structs/packed_storage_structs_delete.sol] ______________________________________________________
tests/semantic/test_semantics.py:123: in test_semantics
    constructor_args, contract_expectations = get_expectations(contract_file)
tests/semantic/test_semantics.py:102: in get_expectations
    expectations = test_calldata[contract_path]
E   KeyError: './scripts/../test/libsolidity/semanticTests/structs/packed_storage_structs_delete.sol'
_____________________________________________________ test_semantics[/home/greg/dev/nethermind/warp/tests/semantic/solidity/test/libsolidity/semanticTests/builtinFunctions/keccak256_with_bytes.sol] ______________________________________________________
../../../warp_dev/lib/python3.7/site-packages/cairo_lang-0.6.2-py3.7.egg/starkware/cairo/lang/compiler/preprocessor/preprocessor.py:365: in search_identifier
    result = self.identifiers.search(self.accessible_scopes, ScopedName.from_string(name))
../../../warp_dev/lib/python3.7/site-packages/cairo_lang-0.6.2-py3.7.egg/starkware/cairo/lang/compiler/identifier_manager.py:225: in search
    res = self._search(accessible_scopes=accessible_scopes, name=name, get_scope=False)
../../../warp_dev/lib/python3.7/site-packages/cairo_lang-0.6.2-py3.7.egg/starkware/cairo/lang/compiler/identifier_manager.py:217: in _search
    raise MissingIdentifierError(name[:1])
E   starkware.cairo.lang.compiler.identifier_manager.MissingIdentifierError: Unknown identifier 'bitwise_ptr'.

During handling of the above exception, another exception occurred:
tests/semantic/test_semantics.py:135: in test_semantics
    contract_definition = await starknet_compile(cairo_file_path)
tests/semantic/test_semantics.py:71: in starknet_compile
    [contract_file], debug_info=True, cairo_path=[cairo_path]
../../../warp_dev/lib/python3.7/site-packages/cairo_lang-0.6.2-py3.7.egg/starkware/starknet/compiler/compile.py:107: in compile_starknet_files
    cairo_path=cairo_path,
../../../warp_dev/lib/python3.7/site-packages/cairo_lang-0.6.2-py3.7.egg/starkware/starknet/compiler/compile.py:128: in compile_starknet_codes
    code=codes, debug_info=debug_info, pass_manager=pass_manager
../../../warp_dev/lib/python3.7/site-packages/cairo_lang-0.6.2-py3.7.egg/starkware/cairo/lang/compiler/cairo_compile.py:230: in compile_cairo_ex
    codes=codes_with_filenames, pass_manager=pass_manager, main_scope=main_scope
../../../warp_dev/lib/python3.7/site-packages/cairo_lang-0.6.2-py3.7.egg/starkware/cairo/lang/compiler/preprocessor/preprocess_codes.py:24: in preprocess_codes
    pass_manager.run(context)
../../../warp_dev/lib/python3.7/site-packages/cairo_lang-0.6.2-py3.7.egg/starkware/cairo/lang/compiler/preprocessor/pass_manager.py:53: in run
    stage.run(context)
../../../warp_dev/lib/python3.7/site-packages/cairo_lang-0.6.2-py3.7.egg/starkware/cairo/lang/compiler/preprocessor/default_pass_manager.py:89: in run
    preprocessor.visit(module)
../../../warp_dev/lib/python3.7/site-packages/cairo_lang-0.6.2-py3.7.egg/starkware/cairo/lang/compiler/ast/visitor.py:40: in visit
    return getattr(self, f"visit_{type(obj).__name__}", self._visit_default)(obj)
../../../warp_dev/lib/python3.7/site-packages/cairo_lang-0.6.2-py3.7.egg/starkware/cairo/lang/compiler/preprocessor/preprocessor.py:427: in visit_CairoModule
    super().visit_CairoModule(module)
../../../warp_dev/lib/python3.7/site-packages/cairo_lang-0.6.2-py3.7.egg/starkware/cairo/lang/compiler/ast/visitor.py:63: in visit_CairoModule
    cairo_file=CairoFile(code_block=self.visit(module.cairo_file.code_block)),
../../../warp_dev/lib/python3.7/site-packages/cairo_lang-0.6.2-py3.7.egg/starkware/cairo/lang/compiler/ast/visitor.py:40: in visit
    return getattr(self, f"visit_{type(obj).__name__}", self._visit_default)(obj)
../../../warp_dev/lib/python3.7/site-packages/cairo_lang-0.6.2-py3.7.egg/starkware/cairo/lang/compiler/preprocessor/preprocessor.py:415: in visit_CodeBlock
    self.visit_uncommented_code_block([x.code_elm for x in code_block.code_elements])
../../../warp_dev/lib/python3.7/site-packages/cairo_lang-0.6.2-py3.7.egg/starkware/cairo/lang/compiler/preprocessor/preprocessor.py:397: in visit_uncommented_code_block
    self.visit(elm)
../../../warp_dev/lib/python3.7/site-packages/cairo_lang-0.6.2-py3.7.egg/starkware/cairo/lang/compiler/ast/visitor.py:40: in visit
    return getattr(self, f"visit_{type(obj).__name__}", self._visit_default)(obj)
../../../warp_dev/lib/python3.7/site-packages/cairo_lang-0.6.2-py3.7.egg/starkware/starknet/compiler/starknet_preprocessor.py:172: in visit_CodeElementFunction
    super().visit_CodeElementFunction(elm)
../../../warp_dev/lib/python3.7/site-packages/cairo_lang-0.6.2-py3.7.egg/starkware/cairo/lang/compiler/preprocessor/preprocessor.py:615: in visit_CodeElementFunction
    code_block=elm.code_block, location=elm.identifier.location
../../../warp_dev/lib/python3.7/site-packages/cairo_lang-0.6.2-py3.7.egg/starkware/cairo/lang/compiler/preprocessor/preprocessor.py:671: in visit_function_body_with_retries
    self.visit_uncommented_code_block(code_elements)
../../../warp_dev/lib/python3.7/site-packages/cairo_lang-0.6.2-py3.7.egg/starkware/cairo/lang/compiler/preprocessor/preprocessor.py:397: in visit_uncommented_code_block
    self.visit(elm)
../../../warp_dev/lib/python3.7/site-packages/cairo_lang-0.6.2-py3.7.egg/starkware/cairo/lang/compiler/ast/visitor.py:40: in visit
    return getattr(self, f"visit_{type(obj).__name__}", self._visit_default)(obj)
../../../warp_dev/lib/python3.7/site-packages/cairo_lang-0.6.2-py3.7.egg/starkware/cairo/lang/compiler/preprocessor/preprocessor.py:1757: in visit_CodeElementUnpackBinding
    self.visit(CodeElementFuncCall(func_call=elm.rvalue))
../../../warp_dev/lib/python3.7/site-packages/cairo_lang-0.6.2-py3.7.egg/starkware/cairo/lang/compiler/ast/visitor.py:40: in visit
    return getattr(self, f"visit_{type(obj).__name__}", self._visit_default)(obj)
../../../warp_dev/lib/python3.7/site-packages/cairo_lang-0.6.2-py3.7.egg/starkware/cairo/lang/compiler/preprocessor/preprocessor.py:1616: in visit_CodeElementFuncCall
    location=elm.func_call.location,
../../../warp_dev/lib/python3.7/site-packages/cairo_lang-0.6.2-py3.7.egg/starkware/cairo/lang/compiler/preprocessor/preprocessor.py:1391: in push_arguments
    location=location,
../../../warp_dev/lib/python3.7/site-packages/cairo_lang-0.6.2-py3.7.egg/starkware/cairo/lang/compiler/preprocessor/preprocessor.py:1314: in process_implicit_arguments
    felt_expr_list = self.simplify_expr_to_felt_expr_list(expr, member_def.cairo_type)
../../../warp_dev/lib/python3.7/site-packages/cairo_lang-0.6.2-py3.7.egg/starkware/cairo/lang/compiler/preprocessor/preprocessor.py:2083: in simplify_expr_to_felt_expr_list
    expr, expr_type = self.simplify_expr(expr)
../../../warp_dev/lib/python3.7/site-packages/cairo_lang-0.6.2-py3.7.egg/starkware/cairo/lang/compiler/preprocessor/preprocessor.py:2054: in simplify_expr
    resolve_type_callback=self.resolve_type,
../../../warp_dev/lib/python3.7/site-packages/cairo_lang-0.6.2-py3.7.egg/starkware/cairo/lang/compiler/substitute_identifiers.py:113: in substitute_identifiers
    ).visit(expr)
../../../warp_dev/lib/python3.7/site-packages/cairo_lang-0.6.2-py3.7.egg/starkware/cairo/lang/compiler/expression_transformer.py:47: in visit
    return getattr(self, funcname)(expr)
../../../warp_dev/lib/python3.7/site-packages/cairo_lang-0.6.2-py3.7.egg/starkware/cairo/lang/compiler/substitute_identifiers.py:38: in visit_ExprIdentifier
    val = self.get_identifier_callback(expr)
../../../warp_dev/lib/python3.7/site-packages/cairo_lang-0.6.2-py3.7.egg/starkware/cairo/lang/compiler/preprocessor/preprocessor.py:2185: in get_variable
    identifier_definition = self.search_identifier(var.name, var.location)
../../../warp_dev/lib/python3.7/site-packages/cairo_lang-0.6.2-py3.7.egg/starkware/cairo/lang/compiler/preprocessor/preprocessor.py:368: in search_identifier
    raise PreprocessorError(str(exc), location=location)
E   starkware.cairo.lang.compiler.preprocessor.preprocessor_error.PreprocessorError: /home/greg/dev/nethermind/warp/warp/cairo-src/evm/hashing.cairo:14:20: While trying to retrieve the implicit argument 'bitwise_ptr' in:
E       let (memval) = array_create_from_memory(offset, size)
E                      ^************************************^
E   /home/greg/dev/nethermind/warp/warp/cairo-src/evm/array.cairo:16:53: Unknown identifier 'bitwise_ptr'.
E           memory_dict : DictAccess*, range_check_ptr, bitwise_ptr : BitwiseBuiltin*}(
E                                                       ^***************************^
------------------------------------------------------------------------------------------------------------------- Captured stdout call -------------------------------------------------------------------------------------------------------------------
{'callData': '0x26121ff0', 'expectations': '0x4e487b710000000000000000000000000000000000000000000000000000000000000001', 'failure': True, 'signature': 'f()'}
{'callData': '0xd48092f70000000000000000000000000000000000000000000000000000000000000000', 'expectations': '0x4e487b710000000000000000000000000000000000000000000000000000000000000001', 'failure': True, 'signature': 'g(bool)'}
{'callData': '0xd48092f70000000000000000000000000000000000000000000000000000000000000001', 'expectations': '0x0000000000000000000000000000000000000000000000000000000000000001', 'failure': False, 'signature': 'g(bool)'}
{'callData': '0x05a0581e0000000000000000000000000000000000000000000000000000000000000000', 'expectations': '0x', 'failure': True, 'signature': 'h(bool)'}
{'callData': '0x05a0581e0000000000000000000000000000000000000000000000000000000000000001', 'expectations': '0x0000000000000000000000000000000000000000000000000000000000000001', 'failure': False, 'signature': 'h(bool)'}
------------------------------------------------------------------------------------------------------------------- Captured stderr call -------------------------------------------------------------------------------------------------------------------
Warning: SPDX license identifier not provided in source file. Before publishing, consider adding a comment containing "SPDX-License-Identifier: <SPDX-License>" to each source file. Use "SPDX-License-Identifier: UNLICENSED" for non-open-source code. Please see https://spdx.org for more information.
--> tests/semantic/solidity/test/libsolidity/semanticTests/structs/struct_storage_to_memory_marked.sol

Warning: Function state mutability can be restricted to view
  --> tests/semantic/solidity/test/libsolidity/semanticTests/structs/struct_storage_to_memory_marked.sol:15:5:
   |
15 |     function f() external returns (uint32, uint128, uint256) {
   |     ^ (Relevant source part starts here and spans across multiple lines).

____________________________________________________________ test_semantics[/home/greg/dev/nethermind/warp/tests/semantic/solidity/test/libsolidity/semanticTests/externalContracts/snark.sol] _____________________________________________________________
tests/semantic/test_semantics.py:126: in test_semantics
    contract_file, get_last_contract(contract_file)
../../../warp_dev/lib/python3.7/site-packages/sol_warp-0.2.12-py3.7.egg/yul/main.py:55: in transpile_from_solidity
    cairo_code = transpile_from_yul(yul_ast)
../../../warp_dev/lib/python3.7/site-packages/sol_warp-0.2.12-py3.7.egg/yul/main.py:75: in transpile_from_yul
    yul_ast = RevertNormalizer(builtins).map(yul_ast)
../../../warp_dev/lib/python3.7/site-packages/sol_warp-0.2.12-py3.7.egg/yul/RevertNormalizer.py:41: in map
    return self.visit(node)
../../../warp_dev/lib/python3.7/site-packages/sol_warp-0.2.12-py3.7.egg/yul/AstVisitor.py:59: in visit
    return method(node, *args, **kwargs)
../../../warp_dev/lib/python3.7/site-packages/sol_warp-0.2.12-py3.7.egg/yul/AstVisitor.py:43: in new_method
    res = method(node, *args, **kwargs)
../../../warp_dev/lib/python3.7/site-packages/sol_warp-0.2.12-py3.7.egg/yul/RevertNormalizer.py:71: in visit_block
    new_stmt = self.visit(stmt)
../../../warp_dev/lib/python3.7/site-packages/sol_warp-0.2.12-py3.7.egg/yul/AstVisitor.py:59: in visit
    return method(node, *args, **kwargs)
../../../warp_dev/lib/python3.7/site-packages/sol_warp-0.2.12-py3.7.egg/yul/AstVisitor.py:43: in new_method
    res = method(node, *args, **kwargs)
../../../warp_dev/lib/python3.7/site-packages/sol_warp-0.2.12-py3.7.egg/yul/RevertNormalizer.py:89: in visit_function_definition
    body = self.visit(node.body)
../../../warp_dev/lib/python3.7/site-packages/sol_warp-0.2.12-py3.7.egg/yul/AstVisitor.py:59: in visit
    return method(node, *args, **kwargs)
../../../warp_dev/lib/python3.7/site-packages/sol_warp-0.2.12-py3.7.egg/yul/AstVisitor.py:43: in new_method
    res = method(node, *args, **kwargs)
../../../warp_dev/lib/python3.7/site-packages/sol_warp-0.2.12-py3.7.egg/yul/RevertNormalizer.py:71: in visit_block
    new_stmt = self.visit(stmt)
../../../warp_dev/lib/python3.7/site-packages/sol_warp-0.2.12-py3.7.egg/yul/AstVisitor.py:59: in visit
    return method(node, *args, **kwargs)
../../../warp_dev/lib/python3.7/site-packages/sol_warp-0.2.12-py3.7.egg/yul/AstVisitor.py:43: in new_method
    res = method(node, *args, **kwargs)
../../../warp_dev/lib/python3.7/site-packages/sol_warp-0.2.12-py3.7.egg/yul/RevertNormalizer.py:71: in visit_block
    new_stmt = self.visit(stmt)
../../../warp_dev/lib/python3.7/site-packages/sol_warp-0.2.12-py3.7.egg/yul/AstVisitor.py:59: in visit
    return method(node, *args, **kwargs)
../../../warp_dev/lib/python3.7/site-packages/sol_warp-0.2.12-py3.7.egg/yul/AstVisitor.py:43: in new_method
    res = method(node, *args, **kwargs)
../../../warp_dev/lib/python3.7/site-packages/sol_warp-0.2.12-py3.7.egg/yul/RevertNormalizer.py:71: in visit_block
    new_stmt = self.visit(stmt)
../../../warp_dev/lib/python3.7/site-packages/sol_warp-0.2.12-py3.7.egg/yul/AstVisitor.py:59: in visit
    return method(node, *args, **kwargs)
../../../warp_dev/lib/python3.7/site-packages/sol_warp-0.2.12-py3.7.egg/yul/AstVisitor.py:43: in new_method
    res = method(node, *args, **kwargs)
../../../warp_dev/lib/python3.7/site-packages/sol_warp-0.2.12-py3.7.egg/yul/RevertNormalizer.py:105: in visit_if
    else_body = self.visit(node.else_body) if node.else_body else None
../../../warp_dev/lib/python3.7/site-packages/sol_warp-0.2.12-py3.7.egg/yul/AstVisitor.py:59: in visit
    return method(node, *args, **kwargs)
../../../warp_dev/lib/python3.7/site-packages/sol_warp-0.2.12-py3.7.egg/yul/AstVisitor.py:43: in new_method
    res = method(node, *args, **kwargs)
../../../warp_dev/lib/python3.7/site-packages/sol_warp-0.2.12-py3.7.egg/yul/RevertNormalizer.py:71: in visit_block
    new_stmt = self.visit(stmt)
../../../warp_dev/lib/python3.7/site-packages/sol_warp-0.2.12-py3.7.egg/yul/AstVisitor.py:59: in visit
    return method(node, *args, **kwargs)
../../../warp_dev/lib/python3.7/site-packages/sol_warp-0.2.12-py3.7.egg/yul/AstVisitor.py:43: in new_method
    res = method(node, *args, **kwargs)
../../../warp_dev/lib/python3.7/site-packages/sol_warp-0.2.12-py3.7.egg/yul/AstMapper.py:33: in visit_expression_statement
    return ast.ExpressionStatement(self.visit(node.expression))
../../../warp_dev/lib/python3.7/site-packages/sol_warp-0.2.12-py3.7.egg/yul/AstVisitor.py:59: in visit
    return method(node, *args, **kwargs)
../../../warp_dev/lib/python3.7/site-packages/sol_warp-0.2.12-py3.7.egg/yul/AstVisitor.py:43: in new_method
    res = method(node, *args, **kwargs)
../../../warp_dev/lib/python3.7/site-packages/sol_warp-0.2.12-py3.7.egg/yul/RevertNormalizer.py:54: in visit_function_call
    self.terminates_execution = self._is_function_terminating(name)
../../../warp_dev/lib/python3.7/site-packages/sol_warp-0.2.12-py3.7.egg/yul/RevertNormalizer.py:129: in _is_function_terminating
    return handler.is_terminating()
E   AttributeError: 'Log1' object has no attribute 'is_terminating'
------------------------------------------------------------------------------------------------------------------- Captured stderr call -------------------------------------------------------------------------------------------------------------------
Warning: SPDX license identifier not provided in source file. Before publishing, consider adding a comment containing "SPDX-License-Identifier: <SPDX-License>" to each source file. Use "SPDX-License-Identifier: UNLICENSED" for non-open-source code. Please see https://spdx.org for more information.
--> tests/semantic/solidity/test/libsolidity/semanticTests/structs/recursive_structs_marked.sol

______________________________________________________ test_semantics[/home/greg/dev/nethermind/warp/tests/semantic/solidity/test/libsolidity/semanticTests/structs/using_for_function_on_struct.sol] ______________________________________________________
tests/semantic/test_semantics.py:123: in test_semantics
    constructor_args, contract_expectations = get_expectations(contract_file)
tests/semantic/test_semantics.py:102: in get_expectations
    expectations = test_calldata[contract_path]
E   KeyError: './scripts/../test/libsolidity/semanticTests/structs/using_for_function_on_struct.sol'
___________________________________________________________ test_semantics[/home/greg/dev/nethermind/warp/tests/semantic/solidity/test/libsolidity/semanticTests/reverts/revert_return_area.sol] ___________________________________________________________
../../../warp_dev/lib/python3.7/site-packages/cairo_lang-0.6.2-py3.7.egg/starkware/starknet/business_logic/internal_transaction.py:539: in _run
    verify_secure=True,
../../../warp_dev/lib/python3.7/site-packages/cairo_lang-0.6.2-py3.7.egg/starkware/cairo/common/cairo_function_runner.py:199: in run_from_entrypoint
    self.run_until_pc(addr=end, run_resources=run_resources)
../../../warp_dev/lib/python3.7/site-packages/cairo_lang-0.6.2-py3.7.egg/starkware/cairo/lang/vm/cairo_runner.py:284: in run_until_pc
    self.vm_step()
../../../warp_dev/lib/python3.7/site-packages/cairo_lang-0.6.2-py3.7.egg/starkware/cairo/lang/vm/cairo_runner.py:298: in vm_step
    self.vm.step()
../../../warp_dev/lib/python3.7/site-packages/cairo_lang-0.6.2-py3.7.egg/starkware/cairo/lang/vm/virtual_machine_base.py:255: in step
    self.run_instruction(instruction)
../../../warp_dev/lib/python3.7/site-packages/cairo_lang-0.6.2-py3.7.egg/starkware/cairo/lang/vm/vm_core.py:416: in run_instruction
    raise self.as_vm_exception(exc) from None
E   starkware.cairo.lang.vm.vm_exceptions.VmException: /home/greg/dev/nethermind/warp/warp/cairo-src/evm/calls.cairo:62:23: Error at pc=0:1606:
E   Unknown value for memory cell at address 14:0.
E       assert array[0] = initial[0] / 256 ** 12
E                         ^********^
E   Cairo traceback (most recent call last):
E   /home/greg/dev/nethermind/warp/tests/semantic/solidity/test/libsolidity/semanticTests/reverts/revert_return_area.cairo.temp:35:6: (pc=0:1980)
E   func __main{bitwise_ptr : BitwiseBuiltin*, range_check_ptr, syscall_ptr : felt*}(
E        ^****^
E   /home/greg/dev/nethermind/warp/tests/semantic/solidity/test/libsolidity/semanticTests/reverts/revert_return_area.cairo.temp:48:9: (pc=0:1922)
E           __main_meat()
E           ^***********^
E   /home/greg/dev/nethermind/warp/tests/semantic/solidity/test/libsolidity/semanticTests/reverts/revert_return_area.cairo.temp:143:5: (pc=0:2317)
E       __warp_if_0(__warp_subexpr_0)
E       ^***************************^
E   /home/greg/dev/nethermind/warp/tests/semantic/solidity/test/libsolidity/semanticTests/reverts/revert_return_area.cairo.temp:128:9: (pc=0:2272)
E           __warp_block_0()
E           ^**************^
E   /home/greg/dev/nethermind/warp/tests/semantic/solidity/test/libsolidity/semanticTests/reverts/revert_return_area.cairo.temp:118:5: (pc=0:2249)
E       __warp_if_1(__warp_subexpr_0)
E       ^***************************^
E   /home/greg/dev/nethermind/warp/tests/semantic/solidity/test/libsolidity/semanticTests/reverts/revert_return_area.cairo.temp:104:9: (pc=0:2205)
E           __warp_block_1()
E           ^**************^
E   /home/greg/dev/nethermind/warp/tests/semantic/solidity/test/libsolidity/semanticTests/reverts/revert_return_area.cairo.temp:81:29: (pc=0:2106)
E       let (var_s : Uint256) = warp_call(
E                               ^********^
E   /home/greg/dev/nethermind/warp/warp/cairo-src/evm/yul_api.cairo:42:21: (pc=0:1784)
E       let (success) = general_call(
E                       ^***********^
E   /home/greg/dev/nethermind/warp/warp/cairo-src/evm/calls.cairo:77:5: (pc=0:1648)
E       calldata_copy_from_memory(in_offset, in_size, cairo_calldata + 2)
E       ^***************************************************************^

During handling of the above exception, another exception occurred:
tests/semantic/test_semantics.py:161: in test_semantics
    res = await invoke_method_evm_calldata(starknet, contract_address, argument)
../../../warp_dev/lib/python3.7/site-packages/sol_warp-0.2.12-py3.7.egg/yul/starknet_utils.py:30: in invoke_method_evm_calldata
    caller_address=0,
../../../warp_dev/lib/python3.7/site-packages/cairo_lang-0.6.2-py3.7.egg/starkware/starknet/testing/state.py:153: in invoke_raw
    state=state_copy, general_config=self.general_config
../../../warp_dev/lib/python3.7/site-packages/cairo_lang-0.6.2-py3.7.egg/starkware/starknet/business_logic/internal_transaction_interface.py:213: in apply_state_updates
    state=state_to_update, general_config=general_config
../../../warp_dev/lib/python3.7/site-packages/cairo_lang-0.6.2-py3.7.egg/starkware/starknet/business_logic/internal_transaction.py:405: in _apply_specific_state_updates
    func=_synchronous_apply_specific_state_updates,
/usr/lib/python3.7/concurrent/futures/thread.py:57: in run
    result = self.fn(*self.args, **self.kwargs)
../../../warp_dev/lib/python3.7/site-packages/cairo_lang-0.6.2-py3.7.egg/starkware/starknet/business_logic/internal_transaction.py:433: in _synchronous_apply_specific_state_updates
    run_resources=run_resources,
../../../warp_dev/lib/python3.7/site-packages/cairo_lang-0.6.2-py3.7.egg/starkware/starknet/business_logic/internal_transaction.py:559: in _run
    raise StarkException(code=code, message=str(exception))
E   starkware.starkware_utils.error_handling.StarkException: (500, {'code': <StarknetErrorCode.TRANSACTION_FAILED: 28>, 'message': '/home/greg/dev/nethermind/warp/warp/cairo-src/evm/calls.cairo:62:23: Error at pc=0:1606:\nUnknown value for memory cell at address 14:0.\n    assert array[0] = initial[0] / 256 ** 12\n                      ^********^\nCairo traceback (most recent call last):\n/home/greg/dev/nethermind/warp/tests/semantic/solidity/test/libsolidity/semanticTests/reverts/revert_return_area.cairo.temp:35:6: (pc=0:1980)\nfunc __main{bitwise_ptr : BitwiseBuiltin*, range_check_ptr, syscall_ptr : felt*}(\n     ^****^\n/home/greg/dev/nethermind/warp/tests/semantic/solidity/test/libsolidity/semanticTests/reverts/revert_return_area.cairo.temp:48:9: (pc=0:1922)\n        __main_meat()\n        ^***********^\n/home/greg/dev/nethermind/warp/tests/semantic/solidity/test/libsolidity/semanticTests/reverts/revert_return_area.cairo.temp:143:5: (pc=0:2317)\n    __warp_if_0(__warp_subexpr_0)\n    ^***************************^\n/home/greg/dev/nethermind/warp/tests/semantic/solidity/test/libsolidity/semanticTests/reverts/revert_return_area.cairo.temp:128:9: (pc=0:2272)\n        __warp_block_0()\n        ^**************^\n/home/greg/dev/nethermind/warp/tests/semantic/solidity/test/libsolidity/semanticTests/reverts/revert_return_area.cairo.temp:118:5: (pc=0:2249)\n    __warp_if_1(__warp_subexpr_0)\n    ^***************************^\n/home/greg/dev/nethermind/warp/tests/semantic/solidity/test/libsolidity/semanticTests/reverts/revert_return_area.cairo.temp:104:9: (pc=0:2205)\n        __warp_block_1()\n        ^**************^\n/home/greg/dev/nethermind/warp/tests/semantic/solidity/test/libsolidity/semanticTests/reverts/revert_return_area.cairo.temp:81:29: (pc=0:2106)\n    let (var_s : Uint256) = warp_call(\n                            ^********^\n/home/greg/dev/nethermind/warp/warp/cairo-src/evm/yul_api.cairo:42:21: (pc=0:1784)\n    let (success) = general_call(\n                    ^***********^\n/home/greg/dev/nethermind/warp/warp/cairo-src/evm/calls.cairo:77:5: (pc=0:1648)\n    calldata_copy_from_memory(in_offset, in_size, cairo_calldata + 2)\n    ^***************************************************************^'})
------------------------------------------------------------------------------------------------------------------- Captured stdout call -------------------------------------------------------------------------------------------------------------------
{'callData': '0x26121ff0', 'expectations': '0x000000000000000000000000000000000000000000000000000000000000000008c379a000000000000000000000000000000000000000000000000000000000', 'failure': False, 'signature': 'f()'}
------------------------------------------------------------------------------------------------------------------- Captured stderr call -------------------------------------------------------------------------------------------------------------------
Warning: SPDX license identifier not provided in source file. Before publishing, consider adding a comment containing "SPDX-License-Identifier: <SPDX-License>" to each source file. Use "SPDX-License-Identifier: UNLICENSED" for non-open-source code. Please see https://spdx.org for more information.
--> tests/semantic/solidity/test/libsolidity/semanticTests/structs/struct_copy_marked.sol

Warning: This declaration shadows an existing declaration.
  --> tests/semantic/solidity/test/libsolidity/semanticTests/structs/struct_copy_marked.sol:26:51:
   |
26 |         returns (uint256 a, uint256 x, uint256 y, uint256 c)
   |                                                   ^^^^^^^^^
Note: The shadowed declaration is here:
 --> tests/semantic/solidity/test/libsolidity/semanticTests/structs/struct_copy_marked.sol:2:1:
  |
2 | contract c {
  | ^ (Relevant source part starts here and spans across multiple lines).

Warning: Function state mutability can be restricted to view
  --> tests/semantic/solidity/test/libsolidity/semanticTests/structs/struct_copy_marked.sol:24:5:
   |
24 |     function retrieve(uint256 k)
   |     ^ (Relevant source part starts here and spans across multiple lines).

_________________________________________________________ test_semantics[/home/greg/dev/nethermind/warp/tests/semantic/solidity/test/libsolidity/semanticTests/builtinFunctions/sha256_empty.sol] __________________________________________________________
../../../warp_dev/lib/python3.7/site-packages/cairo_lang-0.6.2-py3.7.egg/starkware/starknet/business_logic/internal_transaction.py:539: in _run
    verify_secure=True,
../../../warp_dev/lib/python3.7/site-packages/cairo_lang-0.6.2-py3.7.egg/starkware/cairo/common/cairo_function_runner.py:199: in run_from_entrypoint
    self.run_until_pc(addr=end, run_resources=run_resources)
../../../warp_dev/lib/python3.7/site-packages/cairo_lang-0.6.2-py3.7.egg/starkware/cairo/lang/vm/cairo_runner.py:284: in run_until_pc
    self.vm_step()
../../../warp_dev/lib/python3.7/site-packages/cairo_lang-0.6.2-py3.7.egg/starkware/cairo/lang/vm/cairo_runner.py:298: in vm_step
    self.vm.step()
../../../warp_dev/lib/python3.7/site-packages/cairo_lang-0.6.2-py3.7.egg/starkware/cairo/lang/vm/virtual_machine_base.py:255: in step
    self.run_instruction(instruction)
../../../warp_dev/lib/python3.7/site-packages/cairo_lang-0.6.2-py3.7.egg/starkware/cairo/lang/vm/vm_core.py:416: in run_instruction
    raise self.as_vm_exception(exc) from None
E   starkware.cairo.lang.vm.vm_exceptions.VmException: /home/greg/dev/nethermind/warp/warp/cairo-src/evm/calls.cairo:62:23: Error at pc=0:1591:
E   Unknown value for memory cell at address 14:0.
E       assert array[0] = initial[0] / 256 ** 12
E                         ^********^
E   Cairo traceback (most recent call last):
E   /home/greg/dev/nethermind/warp/tests/semantic/solidity/test/libsolidity/semanticTests/builtinFunctions/sha256_empty.cairo.temp:39:6: (pc=0:1982)
E   func __main{bitwise_ptr : BitwiseBuiltin*, range_check_ptr, syscall_ptr : felt*}(
E        ^****^
E   /home/greg/dev/nethermind/warp/tests/semantic/solidity/test/libsolidity/semanticTests/builtinFunctions/sha256_empty.cairo.temp:52:9: (pc=0:1924)
E           __main_meat()
E           ^***********^
E   /home/greg/dev/nethermind/warp/tests/semantic/solidity/test/libsolidity/semanticTests/builtinFunctions/sha256_empty.cairo.temp:148:5: (pc=0:2295)
E       __warp_if_0(__warp_subexpr_0)
E       ^***************************^
E   /home/greg/dev/nethermind/warp/tests/semantic/solidity/test/libsolidity/semanticTests/builtinFunctions/sha256_empty.cairo.temp:133:9: (pc=0:2250)
E           __warp_block_0()
E           ^**************^
E   /home/greg/dev/nethermind/warp/tests/semantic/solidity/test/libsolidity/semanticTests/builtinFunctions/sha256_empty.cairo.temp:123:5: (pc=0:2227)
E       __warp_if_1(__warp_subexpr_0)
E       ^***************************^
E   /home/greg/dev/nethermind/warp/tests/semantic/solidity/test/libsolidity/semanticTests/builtinFunctions/sha256_empty.cairo.temp:109:9: (pc=0:2183)
E           __warp_block_1()
E           ^**************^
E   /home/greg/dev/nethermind/warp/tests/semantic/solidity/test/libsolidity/semanticTests/builtinFunctions/sha256_empty.cairo.temp:84:40: (pc=0:2088)
E       let (__warp_subexpr_4 : Uint256) = staticcall(
E                                          ^*********^
E   /home/greg/dev/nethermind/warp/warp/cairo-src/evm/yul_api.cairo:52:12: (pc=0:1783)
E       return warp_call(gas, address, Uint256(0, 0), in_offset, in_size, out_offset, out_size)
E              ^******************************************************************************^
E   /home/greg/dev/nethermind/warp/warp/cairo-src/evm/yul_api.cairo:42:21: (pc=0:1757)
E       let (success) = general_call(
E                       ^***********^
E   /home/greg/dev/nethermind/warp/warp/cairo-src/evm/calls.cairo:77:5: (pc=0:1633)
E       calldata_copy_from_memory(in_offset, in_size, cairo_calldata + 2)
E       ^***************************************************************^

During handling of the above exception, another exception occurred:
tests/semantic/test_semantics.py:161: in test_semantics
    res = await invoke_method_evm_calldata(starknet, contract_address, argument)
../../../warp_dev/lib/python3.7/site-packages/sol_warp-0.2.12-py3.7.egg/yul/starknet_utils.py:30: in invoke_method_evm_calldata
    caller_address=0,
../../../warp_dev/lib/python3.7/site-packages/cairo_lang-0.6.2-py3.7.egg/starkware/starknet/testing/state.py:153: in invoke_raw
    state=state_copy, general_config=self.general_config
../../../warp_dev/lib/python3.7/site-packages/cairo_lang-0.6.2-py3.7.egg/starkware/starknet/business_logic/internal_transaction_interface.py:213: in apply_state_updates
    state=state_to_update, general_config=general_config
../../../warp_dev/lib/python3.7/site-packages/cairo_lang-0.6.2-py3.7.egg/starkware/starknet/business_logic/internal_transaction.py:405: in _apply_specific_state_updates
    func=_synchronous_apply_specific_state_updates,
/usr/lib/python3.7/concurrent/futures/thread.py:57: in run
    result = self.fn(*self.args, **self.kwargs)
../../../warp_dev/lib/python3.7/site-packages/cairo_lang-0.6.2-py3.7.egg/starkware/starknet/business_logic/internal_transaction.py:433: in _synchronous_apply_specific_state_updates
    run_resources=run_resources,
../../../warp_dev/lib/python3.7/site-packages/cairo_lang-0.6.2-py3.7.egg/starkware/starknet/business_logic/internal_transaction.py:559: in _run
    raise StarkException(code=code, message=str(exception))
E   starkware.starkware_utils.error_handling.StarkException: (500, {'code': <StarknetErrorCode.TRANSACTION_FAILED: 28>, 'message': '/home/greg/dev/nethermind/warp/warp/cairo-src/evm/calls.cairo:62:23: Error at pc=0:1591:\nUnknown value for memory cell at address 14:0.\n    assert array[0] = initial[0] / 256 ** 12\n                      ^********^\nCairo traceback (most recent call last):\n/home/greg/dev/nethermind/warp/tests/semantic/solidity/test/libsolidity/semanticTests/builtinFunctions/sha256_empty.cairo.temp:39:6: (pc=0:1982)\nfunc __main{bitwise_ptr : BitwiseBuiltin*, range_check_ptr, syscall_ptr : felt*}(\n     ^****^\n/home/greg/dev/nethermind/warp/tests/semantic/solidity/test/libsolidity/semanticTests/builtinFunctions/sha256_empty.cairo.temp:52:9: (pc=0:1924)\n        __main_meat()\n        ^***********^\n/home/greg/dev/nethermind/warp/tests/semantic/solidity/test/libsolidity/semanticTests/builtinFunctions/sha256_empty.cairo.temp:148:5: (pc=0:2295)\n    __warp_if_0(__warp_subexpr_0)\n    ^***************************^\n/home/greg/dev/nethermind/warp/tests/semantic/solidity/test/libsolidity/semanticTests/builtinFunctions/sha256_empty.cairo.temp:133:9: (pc=0:2250)\n        __warp_block_0()\n        ^**************^\n/home/greg/dev/nethermind/warp/tests/semantic/solidity/test/libsolidity/semanticTests/builtinFunctions/sha256_empty.cairo.temp:123:5: (pc=0:2227)\n    __warp_if_1(__warp_subexpr_0)\n    ^***************************^\n/home/greg/dev/nethermind/warp/tests/semantic/solidity/test/libsolidity/semanticTests/builtinFunctions/sha256_empty.cairo.temp:109:9: (pc=0:2183)\n        __warp_block_1()\n        ^**************^\n/home/greg/dev/nethermind/warp/tests/semantic/solidity/test/libsolidity/semanticTests/builtinFunctions/sha256_empty.cairo.temp:84:40: (pc=0:2088)\n    let (__warp_subexpr_4 : Uint256) = staticcall(\n                                       ^*********^\n/home/greg/dev/nethermind/warp/warp/cairo-src/evm/yul_api.cairo:52:12: (pc=0:1783)\n    return warp_call(gas, address, Uint256(0, 0), in_offset, in_size, out_offset, out_size)\n           ^******************************************************************************^\n/home/greg/dev/nethermind/warp/warp/cairo-src/evm/yul_api.cairo:42:21: (pc=0:1757)\n    let (success) = general_call(\n                    ^***********^\n/home/greg/dev/nethermind/warp/warp/cairo-src/evm/calls.cairo:77:5: (pc=0:1633)\n    calldata_copy_from_memory(in_offset, in_size, cairo_calldata + 2)\n    ^***************************************************************^'})
------------------------------------------------------------------------------------------------------------------- Captured stdout call -------------------------------------------------------------------------------------------------------------------
{'callData': '0x26121ff0', 'expectations': '0xe3b0c44298fc1c149afbf4c8996fb92427ae41e4649b934ca495991b7852b855', 'failure': False, 'signature': 'f()'}
------------------------------------------------------------------------------------------------------------------- Captured stderr call -------------------------------------------------------------------------------------------------------------------
Warning: SPDX license identifier not provided in source file. Before publishing, consider adding a comment containing "SPDX-License-Identifier: <SPDX-License>" to each source file. Use "SPDX-License-Identifier: UNLICENSED" for non-open-source code. Please see https://spdx.org for more information.
--> tests/semantic/solidity/test/libsolidity/semanticTests/structs/memory_structs_read_write_marked.sol

Warning: Function state mutability can be restricted to pure
  --> tests/semantic/solidity/test/libsolidity/semanticTests/structs/memory_structs_read_write_marked.sol:10:5:
   |
10 |     function testInit()
   |     ^ (Relevant source part starts here and spans across multiple lines).

Warning: Function state mutability can be restricted to pure
  --> tests/semantic/solidity/test/libsolidity/semanticTests/structs/memory_structs_read_write_marked.sol:35:5:
   |
35 |     function testAssign()
   |     ^ (Relevant source part starts here and spans across multiple lines).

----------------------------------------------------------------------------------------------------------------- Captured stdout teardown -----------------------------------------------------------------------------------------------------------------
{'callData': '0x26121ff0', 'expectations': '0x9c1185a5c5e9fc54612808977ee8f548b2258d31000000000000000000000000', 'failure': False, 'signature': 'f()'}
________________________________________________________ test_semantics[/home/greg/dev/nethermind/warp/tests/semantic/solidity/test/libsolidity/semanticTests/builtinFunctions/ripemd160_empty.sol] ________________________________________________________
../../../warp_dev/lib/python3.7/site-packages/cairo_lang-0.6.2-py3.7.egg/starkware/starknet/business_logic/internal_transaction.py:539: in _run
    verify_secure=True,
../../../warp_dev/lib/python3.7/site-packages/cairo_lang-0.6.2-py3.7.egg/starkware/cairo/common/cairo_function_runner.py:199: in run_from_entrypoint
    self.run_until_pc(addr=end, run_resources=run_resources)
../../../warp_dev/lib/python3.7/site-packages/cairo_lang-0.6.2-py3.7.egg/starkware/cairo/lang/vm/cairo_runner.py:284: in run_until_pc
    self.vm_step()
../../../warp_dev/lib/python3.7/site-packages/cairo_lang-0.6.2-py3.7.egg/starkware/cairo/lang/vm/cairo_runner.py:298: in vm_step
    self.vm.step()
../../../warp_dev/lib/python3.7/site-packages/cairo_lang-0.6.2-py3.7.egg/starkware/cairo/lang/vm/virtual_machine_base.py:255: in step
    self.run_instruction(instruction)
../../../warp_dev/lib/python3.7/site-packages/cairo_lang-0.6.2-py3.7.egg/starkware/cairo/lang/vm/vm_core.py:416: in run_instruction
    raise self.as_vm_exception(exc) from None
E   starkware.cairo.lang.vm.vm_exceptions.VmException: /home/greg/dev/nethermind/warp/warp/cairo-src/evm/calls.cairo:62:23: Error at pc=0:1828:
E   Unknown value for memory cell at address 14:0.
E       assert array[0] = initial[0] / 256 ** 12
E                         ^********^
E   Cairo traceback (most recent call last):
E   /home/greg/dev/nethermind/warp/tests/semantic/solidity/test/libsolidity/semanticTests/builtinFunctions/ripemd160_empty.cairo.temp:39:6: (pc=0:2219)
E   func __main{bitwise_ptr : BitwiseBuiltin*, range_check_ptr, syscall_ptr : felt*}(
E        ^****^
E   /home/greg/dev/nethermind/warp/tests/semantic/solidity/test/libsolidity/semanticTests/builtinFunctions/ripemd160_empty.cairo.temp:52:9: (pc=0:2161)
E           __main_meat()
E           ^***********^
E   /home/greg/dev/nethermind/warp/tests/semantic/solidity/test/libsolidity/semanticTests/builtinFunctions/ripemd160_empty.cairo.temp:152:5: (pc=0:2554)
E       __warp_if_0(__warp_subexpr_0)
E       ^***************************^
E   /home/greg/dev/nethermind/warp/tests/semantic/solidity/test/libsolidity/semanticTests/builtinFunctions/ripemd160_empty.cairo.temp:137:9: (pc=0:2509)
E           __warp_block_0()
E           ^**************^
E   /home/greg/dev/nethermind/warp/tests/semantic/solidity/test/libsolidity/semanticTests/builtinFunctions/ripemd160_empty.cairo.temp:127:5: (pc=0:2486)
E       __warp_if_1(__warp_subexpr_0)
E       ^***************************^
E   /home/greg/dev/nethermind/warp/tests/semantic/solidity/test/libsolidity/semanticTests/builtinFunctions/ripemd160_empty.cairo.temp:113:9: (pc=0:2442)
E           __warp_block_1()
E           ^**************^
E   /home/greg/dev/nethermind/warp/tests/semantic/solidity/test/libsolidity/semanticTests/builtinFunctions/ripemd160_empty.cairo.temp:84:40: (pc=0:2325)
E       let (__warp_subexpr_4 : Uint256) = staticcall(
E                                          ^*********^
E   /home/greg/dev/nethermind/warp/warp/cairo-src/evm/yul_api.cairo:52:12: (pc=0:2020)
E       return warp_call(gas, address, Uint256(0, 0), in_offset, in_size, out_offset, out_size)
E              ^******************************************************************************^
E   /home/greg/dev/nethermind/warp/warp/cairo-src/evm/yul_api.cairo:42:21: (pc=0:1994)
E       let (success) = general_call(
E                       ^***********^
E   /home/greg/dev/nethermind/warp/warp/cairo-src/evm/calls.cairo:77:5: (pc=0:1870)
E       calldata_copy_from_memory(in_offset, in_size, cairo_calldata + 2)
E       ^***************************************************************^

During handling of the above exception, another exception occurred:
tests/semantic/test_semantics.py:161: in test_semantics
    res = await invoke_method_evm_calldata(starknet, contract_address, argument)
../../../warp_dev/lib/python3.7/site-packages/sol_warp-0.2.12-py3.7.egg/yul/starknet_utils.py:30: in invoke_method_evm_calldata
    caller_address=0,
../../../warp_dev/lib/python3.7/site-packages/cairo_lang-0.6.2-py3.7.egg/starkware/starknet/testing/state.py:153: in invoke_raw
    state=state_copy, general_config=self.general_config
../../../warp_dev/lib/python3.7/site-packages/cairo_lang-0.6.2-py3.7.egg/starkware/starknet/business_logic/internal_transaction_interface.py:213: in apply_state_updates
    state=state_to_update, general_config=general_config
../../../warp_dev/lib/python3.7/site-packages/cairo_lang-0.6.2-py3.7.egg/starkware/starknet/business_logic/internal_transaction.py:405: in _apply_specific_state_updates
    func=_synchronous_apply_specific_state_updates,
/usr/lib/python3.7/concurrent/futures/thread.py:57: in run
    result = self.fn(*self.args, **self.kwargs)
../../../warp_dev/lib/python3.7/site-packages/cairo_lang-0.6.2-py3.7.egg/starkware/starknet/business_logic/internal_transaction.py:433: in _synchronous_apply_specific_state_updates
    run_resources=run_resources,
../../../warp_dev/lib/python3.7/site-packages/cairo_lang-0.6.2-py3.7.egg/starkware/starknet/business_logic/internal_transaction.py:559: in _run
    raise StarkException(code=code, message=str(exception))
E   starkware.starkware_utils.error_handling.StarkException: (500, {'code': <StarknetErrorCode.TRANSACTION_FAILED: 28>, 'message': '/home/greg/dev/nethermind/warp/warp/cairo-src/evm/calls.cairo:62:23: Error at pc=0:1828:\nUnknown value for memory cell at address 14:0.\n    assert array[0] = initial[0] / 256 ** 12\n                      ^********^\nCairo traceback (most recent call last):\n/home/greg/dev/nethermind/warp/tests/semantic/solidity/test/libsolidity/semanticTests/builtinFunctions/ripemd160_empty.cairo.temp:39:6: (pc=0:2219)\nfunc __main{bitwise_ptr : BitwiseBuiltin*, range_check_ptr, syscall_ptr : felt*}(\n     ^****^\n/home/greg/dev/nethermind/warp/tests/semantic/solidity/test/libsolidity/semanticTests/builtinFunctions/ripemd160_empty.cairo.temp:52:9: (pc=0:2161)\n        __main_meat()\n        ^***********^\n/home/greg/dev/nethermind/warp/tests/semantic/solidity/test/libsolidity/semanticTests/builtinFunctions/ripemd160_empty.cairo.temp:152:5: (pc=0:2554)\n    __warp_if_0(__warp_subexpr_0)\n    ^***************************^\n/home/greg/dev/nethermind/warp/tests/semantic/solidity/test/libsolidity/semanticTests/builtinFunctions/ripemd160_empty.cairo.temp:137:9: (pc=0:2509)\n        __warp_block_0()\n        ^**************^\n/home/greg/dev/nethermind/warp/tests/semantic/solidity/test/libsolidity/semanticTests/builtinFunctions/ripemd160_empty.cairo.temp:127:5: (pc=0:2486)\n    __warp_if_1(__warp_subexpr_0)\n    ^***************************^\n/home/greg/dev/nethermind/warp/tests/semantic/solidity/test/libsolidity/semanticTests/builtinFunctions/ripemd160_empty.cairo.temp:113:9: (pc=0:2442)\n        __warp_block_1()\n        ^**************^\n/home/greg/dev/nethermind/warp/tests/semantic/solidity/test/libsolidity/semanticTests/builtinFunctions/ripemd160_empty.cairo.temp:84:40: (pc=0:2325)\n    let (__warp_subexpr_4 : Uint256) = staticcall(\n                                       ^*********^\n/home/greg/dev/nethermind/warp/warp/cairo-src/evm/yul_api.cairo:52:12: (pc=0:2020)\n    return warp_call(gas, address, Uint256(0, 0), in_offset, in_size, out_offset, out_size)\n           ^******************************************************************************^\n/home/greg/dev/nethermind/warp/warp/cairo-src/evm/yul_api.cairo:42:21: (pc=0:1994)\n    let (success) = general_call(\n                    ^***********^\n/home/greg/dev/nethermind/warp/warp/cairo-src/evm/calls.cairo:77:5: (pc=0:1870)\n    calldata_copy_from_memory(in_offset, in_size, cairo_calldata + 2)\n    ^***************************************************************^'})
_________________________________________________________________ test_semantics[/home/greg/dev/nethermind/warp/tests/semantic/solidity/test/libsolidity/semanticTests/structs/event.sol] __________________________________________________________________
tests/semantic/test_semantics.py:126: in test_semantics
    contract_file, get_last_contract(contract_file)
../../../warp_dev/lib/python3.7/site-packages/sol_warp-0.2.12-py3.7.egg/yul/main.py:55: in transpile_from_solidity
    cairo_code = transpile_from_yul(yul_ast)
../../../warp_dev/lib/python3.7/site-packages/sol_warp-0.2.12-py3.7.egg/yul/main.py:86: in transpile_from_yul
    return parse_file(cairo_visitor.translate(yul_ast)).format()
../../../warp_dev/lib/python3.7/site-packages/cairo_lang-0.6.2-py3.7.egg/starkware/cairo/lang/compiler/parser.py:239: in parse_file
    return parse(filename, code, "cairo_file", CairoFile, parser_context=parser_context)
../../../warp_dev/lib/python3.7/site-packages/cairo_lang-0.6.2-py3.7.egg/starkware/cairo/lang/compiler/parser.py:205: in parse
    raise wrap_lark_error(err, input_file) from None
E   starkware.cairo.lang.compiler.parser_transformer.ParserError: <string>:152:136: Unexpected token Token('MINUS', '-'). Expected one of: "(", "[", "cast", NONDET, identifier, integer, integer, register, short string.
E   let (__warp_subexpr_4 : Uint256) = linkersymbol(Uint256(low='olidity/test/libsolidity/semanticTests/structs/event_marked.sol:L' * 256**-49, high='tests/semantic/s' * 256**0))
E                                                                                                                                          ^
------------------------------------------------------------------------------------------------------------------- Captured stderr call -------------------------------------------------------------------------------------------------------------------
Warning: SPDX license identifier not provided in source file. Before publishing, consider adding a comment containing "SPDX-License-Identifier: <SPDX-License>" to each source file. Use "SPDX-License-Identifier: UNLICENSED" for non-open-source code. Please see https://spdx.org for more information.
--> tests/semantic/solidity/test/libsolidity/semanticTests/structs/struct_storage_to_memory_function_ptr_marked.sol

Warning: Function state mutability can be restricted to view
  --> tests/semantic/solidity/test/libsolidity/semanticTests/structs/struct_storage_to_memory_function_ptr_marked.sol:20:5:
   |
20 |     function g() internal returns (uint32) {
   |     ^ (Relevant source part starts here and spans across multiple lines).

Warning: SPDX license identifier not provided in source file. Before publishing, consider adding a comment containing "SPDX-License-Identifier: <SPDX-License>" to each source file. Use "SPDX-License-Identifier: UNLICENSED" for non-open-source code. Please see https://spdx.org for more information.
--> tests/semantic/solidity/test/libsolidity/semanticTests/structs/event_marked.sol

________________________________________________________ test_semantics[/home/greg/dev/nethermind/warp/tests/semantic/solidity/test/libsolidity/semanticTests/structs/struct_storage_to_memory.sol] ________________________________________________________
FAILURE: /home/greg/dev/nethermind/warp/tests/semantic/solidity/test/libsolidity/semanticTests/structs/struct_storage_to_memory.cairo.temp
assert '0x0000000000...0000000000022' == '0x0000000000...0000000000022'
  - 0x000000000000000000000000000000000000000000000000000000000000002a00000000000000000000000000000000000000000000000000000000000000170000000000000000000000000000000000000000000000000000000000000022
  ?                                                           ^^^^^^^^                                ^^^^^^^^^^^^^^^^^^^^^^^^^^^^^^^^
  + 0x00000000000000000000000000000000000000000000000000000000ffffffd600000000000000000000000000000000ffffffffffffffffffffffffffffffe80000000000000000000000000000000000000000000000000000000000000022
  ?                                                   ...
  
  ...Full output truncated (1 line hidden), use '-vv' to show
tests/semantic/test_semantics.py:173 in test_semantics() -> check.equal(final_res, expected_result, cairo_file_path)
------------------------------------------------------------
Failed Checks: 1
------------------------------------------------------------------------------------------------------------------- Captured stdout call -------------------------------------------------------------------------------------------------------------------
{'callData': '0x26121ff0', 'expectations': '0x000000000000000000000000000000000000000000000000000000000000002a00000000000000000000000000000000000000000000000000000000000000170000000000000000000000000000000000000000000000000000000000000022', 'failure': False, 'signature': 'f()'}
------------------------------------------------------------------------------------------------------------------- Captured stderr call -------------------------------------------------------------------------------------------------------------------
Warning: SPDX license identifier not provided in source file. Before publishing, consider adding a comment containing "SPDX-License-Identifier: <SPDX-License>" to each source file. Use "SPDX-License-Identifier: UNLICENSED" for non-open-source code. Please see https://spdx.org for more information.
--> tests/semantic/solidity/test/libsolidity/semanticTests/structs/array_of_recursive_struct_marked.sol

Warning: SPDX license identifier not provided in source file. Before publishing, consider adding a comment containing "SPDX-License-Identifier: <SPDX-License>" to each source file. Use "SPDX-License-Identifier: UNLICENSED" for non-open-source code. Please see https://spdx.org for more information.
--> tests/semantic/solidity/test/libsolidity/semanticTests/structs/struct_delete_storage_nested_small_marked.sol

Warning: SPDX license identifier not provided in source file. Before publishing, consider adding a comment containing "SPDX-License-Identifier: <SPDX-License>" to each source file. Use "SPDX-License-Identifier: UNLICENSED" for non-open-source code. Please see https://spdx.org for more information.
--> tests/semantic/solidity/test/libsolidity/semanticTests/structs/struct_containing_bytes_copy_and_delete_marked.sol

Warning: Function state mutability can be restricted to view
  --> tests/semantic/solidity/test/libsolidity/semanticTests/structs/struct_containing_bytes_copy_and_delete_marked.sol:20:5:
   |
20 |     function test(uint256 i) public returns (bytes1) {
   |     ^ (Relevant source part starts here and spans across multiple lines).

_____________________________________________________ test_semantics[/home/greg/dev/nethermind/warp/tests/semantic/solidity/test/libsolidity/semanticTests/abiEncoderV1/abi_encode_calldata_slice.sol] _____________________________________________________
../../../warp_dev/lib/python3.7/site-packages/cairo_lang-0.6.2-py3.7.egg/starkware/starknet/business_logic/internal_transaction.py:539: in _run
    verify_secure=True,
../../../warp_dev/lib/python3.7/site-packages/cairo_lang-0.6.2-py3.7.egg/starkware/cairo/common/cairo_function_runner.py:199: in run_from_entrypoint
    self.run_until_pc(addr=end, run_resources=run_resources)
../../../warp_dev/lib/python3.7/site-packages/cairo_lang-0.6.2-py3.7.egg/starkware/cairo/lang/vm/cairo_runner.py:289: in run_until_pc
    ResourcesError("Error: End of program was not reached"), self.vm.run_context.pc
E   starkware.cairo.lang.vm.vm_exceptions.VmException: /home/greg/dev/nethermind/warp/tests/semantic/solidity/test/libsolidity/semanticTests/abiEncoderV1/abi_encode_calldata_slice.cairo.temp:404:5: Error at pc=0:3804:
E   Error: End of program was not reached
E       if __warp_subexpr_0.low + __warp_subexpr_0.high != 0:
E       ^^

During handling of the above exception, another exception occurred:
tests/semantic/test_semantics.py:161: in test_semantics
    res = await invoke_method_evm_calldata(starknet, contract_address, argument)
../../../warp_dev/lib/python3.7/site-packages/sol_warp-0.2.12-py3.7.egg/yul/starknet_utils.py:30: in invoke_method_evm_calldata
    caller_address=0,
../../../warp_dev/lib/python3.7/site-packages/cairo_lang-0.6.2-py3.7.egg/starkware/starknet/testing/state.py:153: in invoke_raw
    state=state_copy, general_config=self.general_config
../../../warp_dev/lib/python3.7/site-packages/cairo_lang-0.6.2-py3.7.egg/starkware/starknet/business_logic/internal_transaction_interface.py:213: in apply_state_updates
    state=state_to_update, general_config=general_config
../../../warp_dev/lib/python3.7/site-packages/cairo_lang-0.6.2-py3.7.egg/starkware/starknet/business_logic/internal_transaction.py:405: in _apply_specific_state_updates
    func=_synchronous_apply_specific_state_updates,
/usr/lib/python3.7/concurrent/futures/thread.py:57: in run
    result = self.fn(*self.args, **self.kwargs)
../../../warp_dev/lib/python3.7/site-packages/cairo_lang-0.6.2-py3.7.egg/starkware/starknet/business_logic/internal_transaction.py:433: in _synchronous_apply_specific_state_updates
    run_resources=run_resources,
../../../warp_dev/lib/python3.7/site-packages/cairo_lang-0.6.2-py3.7.egg/starkware/starknet/business_logic/internal_transaction.py:559: in _run
    raise StarkException(code=code, message=str(exception))
E   starkware.starkware_utils.error_handling.StarkException: (500, {'code': <StarknetErrorCode.OUT_OF_RESOURCES: 26>, 'message': '/home/greg/dev/nethermind/warp/tests/semantic/solidity/test/libsolidity/semanticTests/abiEncoderV1/abi_encode_calldata_slice.cairo.temp:404:5: Error at pc=0:3804:\nError: End of program was not reached\n    if __warp_subexpr_0.low + __warp_subexpr_0.high != 0:\n    ^^'})
------------------------------------------------------------------------------------------------------------------- Captured stdout call -------------------------------------------------------------------------------------------------------------------
{'callData': '0x26121ff0', 'expectations': '0x000000000000000000000000000000000000000000000000000000000000002a00000000000000000000000000000000000000000000000000000000000000170000000000000000000000000000000000000000000000000000000000000022000000000000000000000000000000000000000000000000000000000000002a000000000000000000000000000000000000000000000000000000000000002a', 'failure': False, 'signature': 'f()'}
------------------------------------------------------------------------------------------------------------------- Captured stderr call -------------------------------------------------------------------------------------------------------------------
Warning: SPDX license identifier not provided in source file. Before publishing, consider adding a comment containing "SPDX-License-Identifier: <SPDX-License>" to each source file. Use "SPDX-License-Identifier: UNLICENSED" for non-open-source code. Please see https://spdx.org for more information.
--> tests/semantic/solidity/test/libsolidity/semanticTests/structs/struct_delete_storage_with_array_marked.sol

_________________________________________________ test_semantics[/home/greg/dev/nethermind/warp/tests/semantic/solidity/test/libsolidity/semanticTests/structs/struct_memory_to_storage_function_ptr.sol] __________________________________________________
../../../warp_dev/lib/python3.7/site-packages/cairo_lang-0.6.2-py3.7.egg/starkware/starknet/business_logic/internal_transaction.py:539: in _run
    verify_secure=True,
../../../warp_dev/lib/python3.7/site-packages/cairo_lang-0.6.2-py3.7.egg/starkware/cairo/common/cairo_function_runner.py:199: in run_from_entrypoint
    self.run_until_pc(addr=end, run_resources=run_resources)
../../../warp_dev/lib/python3.7/site-packages/cairo_lang-0.6.2-py3.7.egg/starkware/cairo/lang/vm/cairo_runner.py:284: in run_until_pc
    self.vm_step()
../../../warp_dev/lib/python3.7/site-packages/cairo_lang-0.6.2-py3.7.egg/starkware/cairo/lang/vm/cairo_runner.py:298: in vm_step
    self.vm.step()
../../../warp_dev/lib/python3.7/site-packages/cairo_lang-0.6.2-py3.7.egg/starkware/cairo/lang/vm/virtual_machine_base.py:255: in step
    self.run_instruction(instruction)
../../../warp_dev/lib/python3.7/site-packages/cairo_lang-0.6.2-py3.7.egg/starkware/cairo/lang/vm/vm_core.py:422: in run_instruction
    raise self.as_vm_exception(exc) from None
E   starkware.cairo.lang.vm.vm_exceptions.VmException: /home/greg/dev/nethermind/warp/tests/semantic/solidity/test/libsolidity/semanticTests/structs/struct_memory_to_storage_function_ptr.cairo.temp:183:9: Error at pc=0:2659:
E   An ASSERT_EQ instruction failed: 1 != 0.
E           assert 0 = 1
E           ^**********^
E   Cairo traceback (most recent call last):
E   /home/greg/dev/nethermind/warp/tests/semantic/solidity/test/libsolidity/semanticTests/structs/struct_memory_to_storage_function_ptr.cairo.temp:51:6: (pc=0:2101)
E   func __main{
E        ^****^
E   /home/greg/dev/nethermind/warp/tests/semantic/solidity/test/libsolidity/semanticTests/structs/struct_memory_to_storage_function_ptr.cairo.temp:65:9: (pc=0:2040)
E           __main_meat()
E           ^***********^
E   /home/greg/dev/nethermind/warp/tests/semantic/solidity/test/libsolidity/semanticTests/structs/struct_memory_to_storage_function_ptr.cairo.temp:326:5: (pc=0:3314)
E       __warp_if_0(__warp_subexpr_0)
E       ^***************************^
E   /home/greg/dev/nethermind/warp/tests/semantic/solidity/test/libsolidity/semanticTests/structs/struct_memory_to_storage_function_ptr.cairo.temp:310:9: (pc=0:3268)
E           __warp_block_3()
E           ^**************^
E   /home/greg/dev/nethermind/warp/tests/semantic/solidity/test/libsolidity/semanticTests/structs/struct_memory_to_storage_function_ptr.cairo.temp:300:5: (pc=0:3243)
E       __warp_if_1(__warp_subexpr_0)
E       ^***************************^
E   /home/greg/dev/nethermind/warp/tests/semantic/solidity/test/libsolidity/semanticTests/structs/struct_memory_to_storage_function_ptr.cairo.temp:285:9: (pc=0:3198)
E           __warp_block_4()
E           ^**************^
E   /home/greg/dev/nethermind/warp/tests/semantic/solidity/test/libsolidity/semanticTests/structs/struct_memory_to_storage_function_ptr.cairo.temp:262:28: (pc=0:3049)
E       let (expr : Uint256) = dispatch_internal_in_out(__warp_subexpr_6)
E                              ^****************************************^
E   /home/greg/dev/nethermind/warp/tests/semantic/solidity/test/libsolidity/semanticTests/structs/struct_memory_to_storage_function_ptr.cairo.temp:202:27: (pc=0:2695)
E       let (out : Uint256) = __warp_block_0(fun, out)
E                             ^**********************^
E   /home/greg/dev/nethermind/warp/tests/semantic/solidity/test/libsolidity/semanticTests/structs/struct_memory_to_storage_function_ptr.cairo.temp:193:27: (pc=0:2680)
E       let (out : Uint256) = __warp_block_1(match_var, out)
E                             ^****************************^

During handling of the above exception, another exception occurred:
tests/semantic/test_semantics.py:161: in test_semantics
    res = await invoke_method_evm_calldata(starknet, contract_address, argument)
../../../warp_dev/lib/python3.7/site-packages/sol_warp-0.2.12-py3.7.egg/yul/starknet_utils.py:30: in invoke_method_evm_calldata
    caller_address=0,
../../../warp_dev/lib/python3.7/site-packages/cairo_lang-0.6.2-py3.7.egg/starkware/starknet/testing/state.py:153: in invoke_raw
    state=state_copy, general_config=self.general_config
../../../warp_dev/lib/python3.7/site-packages/cairo_lang-0.6.2-py3.7.egg/starkware/starknet/business_logic/internal_transaction_interface.py:213: in apply_state_updates
    state=state_to_update, general_config=general_config
../../../warp_dev/lib/python3.7/site-packages/cairo_lang-0.6.2-py3.7.egg/starkware/starknet/business_logic/internal_transaction.py:405: in _apply_specific_state_updates
    func=_synchronous_apply_specific_state_updates,
/usr/lib/python3.7/concurrent/futures/thread.py:57: in run
    result = self.fn(*self.args, **self.kwargs)
../../../warp_dev/lib/python3.7/site-packages/cairo_lang-0.6.2-py3.7.egg/starkware/starknet/business_logic/internal_transaction.py:433: in _synchronous_apply_specific_state_updates
    run_resources=run_resources,
../../../warp_dev/lib/python3.7/site-packages/cairo_lang-0.6.2-py3.7.egg/starkware/starknet/business_logic/internal_transaction.py:559: in _run
    raise StarkException(code=code, message=str(exception))
E   starkware.starkware_utils.error_handling.StarkException: (500, {'code': <StarknetErrorCode.TRANSACTION_FAILED: 28>, 'message': '/home/greg/dev/nethermind/warp/tests/semantic/solidity/test/libsolidity/semanticTests/structs/struct_memory_to_storage_function_ptr.cairo.temp:183:9: Error at pc=0:2659:\nAn ASSERT_EQ instruction failed: 1 != 0.\n        assert 0 = 1\n        ^**********^\nCairo traceback (most recent call last):\n/home/greg/dev/nethermind/warp/tests/semantic/solidity/test/libsolidity/semanticTests/structs/struct_memory_to_storage_function_ptr.cairo.temp:51:6: (pc=0:2101)\nfunc __main{\n     ^****^\n/home/greg/dev/nethermind/warp/tests/semantic/solidity/test/libsolidity/semanticTests/structs/struct_memory_to_storage_function_ptr.cairo.temp:65:9: (pc=0:2040)\n        __main_meat()\n        ^***********^\n/home/greg/dev/nethermind/warp/tests/semantic/solidity/test/libsolidity/semanticTests/structs/struct_memory_to_storage_function_ptr.cairo.temp:326:5: (pc=0:3314)\n    __warp_if_0(__warp_subexpr_0)\n    ^***************************^\n/home/greg/dev/nethermind/warp/tests/semantic/solidity/test/libsolidity/semanticTests/structs/struct_memory_to_storage_function_ptr.cairo.temp:310:9: (pc=0:3268)\n        __warp_block_3()\n        ^**************^\n/home/greg/dev/nethermind/warp/tests/semantic/solidity/test/libsolidity/semanticTests/structs/struct_memory_to_storage_function_ptr.cairo.temp:300:5: (pc=0:3243)\n    __warp_if_1(__warp_subexpr_0)\n    ^***************************^\n/home/greg/dev/nethermind/warp/tests/semantic/solidity/test/libsolidity/semanticTests/structs/struct_memory_to_storage_function_ptr.cairo.temp:285:9: (pc=0:3198)\n        __warp_block_4()\n        ^**************^\n/home/greg/dev/nethermind/warp/tests/semantic/solidity/test/libsolidity/semanticTests/structs/struct_memory_to_storage_function_ptr.cairo.temp:262:28: (pc=0:3049)\n    let (expr : Uint256) = dispatch_internal_in_out(__warp_subexpr_6)\n                           ^****************************************^\n/home/greg/dev/nethermind/warp/tests/semantic/solidity/test/libsolidity/semanticTests/structs/struct_memory_to_storage_function_ptr.cairo.temp:202:27: (pc=0:2695)\n    let (out : Uint256) = __warp_block_0(fun, out)\n                          ^**********************^\n/home/greg/dev/nethermind/warp/tests/semantic/solidity/test/libsolidity/semanticTests/structs/struct_memory_to_storage_function_ptr.cairo.temp:193:27: (pc=0:2680)\n    let (out : Uint256) = __warp_block_1(match_var, out)\n                          ^****************************^'})
___________________________________________________________ test_semantics[/home/greg/dev/nethermind/warp/tests/semantic/solidity/test/libsolidity/semanticTests/structs/struct_referencing.sol] ___________________________________________________________
tests/semantic/test_semantics.py:123: in test_semantics
    constructor_args, contract_expectations = get_expectations(contract_file)
tests/semantic/test_semantics.py:102: in get_expectations
    expectations = test_calldata[contract_path]
E   KeyError: './scripts/../test/libsolidity/semanticTests/structs/struct_referencing.sol'
______________________________________________________ test_semantics[/home/greg/dev/nethermind/warp/tests/semantic/solidity/test/libsolidity/semanticTests/structs/multislot_struct_allocation.sol] _______________________________________________________
../../../warp_dev/lib/python3.7/site-packages/cairo_lang-0.6.2-py3.7.egg/starkware/starknet/business_logic/internal_transaction.py:539: in _run
    verify_secure=True,
../../../warp_dev/lib/python3.7/site-packages/cairo_lang-0.6.2-py3.7.egg/starkware/cairo/common/cairo_function_runner.py:199: in run_from_entrypoint
    self.run_until_pc(addr=end, run_resources=run_resources)
../../../warp_dev/lib/python3.7/site-packages/cairo_lang-0.6.2-py3.7.egg/starkware/cairo/lang/vm/cairo_runner.py:284: in run_until_pc
    self.vm_step()
../../../warp_dev/lib/python3.7/site-packages/cairo_lang-0.6.2-py3.7.egg/starkware/cairo/lang/vm/cairo_runner.py:298: in vm_step
    self.vm.step()
../../../warp_dev/lib/python3.7/site-packages/cairo_lang-0.6.2-py3.7.egg/starkware/cairo/lang/vm/virtual_machine_base.py:241: in step
    self.exec_hint(hint.compiled, exec_locals, hint_index=hint_index)
../../../warp_dev/lib/python3.7/site-packages/cairo_lang-0.6.2-py3.7.egg/starkware/cairo/lang/vm/virtual_machine_base.py:281: in exec_hint
    ) from None
E   starkware.cairo.lang.vm.vm_exceptions.VmException: /home/greg/warp_dev/lib/python3.7/site-packages/cairo_lang-0.6.2-py3.7.egg/starkware/starknet/common/syscalls.cairo:50:5: Error at pc=0:148:
E   Got an exception while executing a hint.
E       %{ syscall_handler.call_contract(segments=segments, syscall_ptr=ids.syscall_ptr) %}
E       ^*********************************************************************************^
E   Cairo traceback (most recent call last):
E   /home/greg/dev/nethermind/warp/tests/semantic/solidity/test/libsolidity/semanticTests/structs/multislot_struct_allocation.cairo.temp:43:6: (pc=0:2276)
E   func __main{bitwise_ptr : BitwiseBuiltin*, range_check_ptr, syscall_ptr : felt*}(
E        ^****^
E   /home/greg/dev/nethermind/warp/tests/semantic/solidity/test/libsolidity/semanticTests/structs/multislot_struct_allocation.cairo.temp:56:9: (pc=0:2218)
E           __main_meat()
E           ^***********^
E   /home/greg/dev/nethermind/warp/tests/semantic/solidity/test/libsolidity/semanticTests/structs/multislot_struct_allocation.cairo.temp:364:5: (pc=0:3360)
E       __warp_if_0(__warp_subexpr_0)
E       ^***************************^
E   /home/greg/dev/nethermind/warp/tests/semantic/solidity/test/libsolidity/semanticTests/structs/multislot_struct_allocation.cairo.temp:349:9: (pc=0:3315)
E           __warp_block_0()
E           ^**************^
E   /home/greg/dev/nethermind/warp/tests/semantic/solidity/test/libsolidity/semanticTests/structs/multislot_struct_allocation.cairo.temp:339:5: (pc=0:3292)
E       __warp_block_1()
E       ^**************^
E   /home/greg/dev/nethermind/warp/tests/semantic/solidity/test/libsolidity/semanticTests/structs/multislot_struct_allocation.cairo.temp:331:5: (pc=0:3280)
E       __warp_block_2(match_var)
E       ^***********************^
E   /home/greg/dev/nethermind/warp/tests/semantic/solidity/test/libsolidity/semanticTests/structs/multislot_struct_allocation.cairo.temp:321:5: (pc=0:3246)
E       __warp_if_1(__warp_subexpr_0, match_var)
E       ^**************************************^
E   /home/greg/dev/nethermind/warp/tests/semantic/solidity/test/libsolidity/semanticTests/structs/multislot_struct_allocation.cairo.temp:308:9: (pc=0:3221)
E           __warp_block_3()
E           ^**************^
E   /home/greg/dev/nethermind/warp/tests/semantic/solidity/test/libsolidity/semanticTests/structs/multislot_struct_allocation.cairo.temp:245:26: (pc=0:3003)
E       let (_3 : Uint256) = warp_call(
E                            ^********^
E   /home/greg/dev/nethermind/warp/warp/cairo-src/evm/yul_api.cairo:42:21: (pc=0:2070)
E       let (success) = general_call(
E                       ^***********^
E   /home/greg/dev/nethermind/warp/warp/cairo-src/evm/calls.cairo:84:5: (pc=0:1946)
E       call abs call_function
E       ^********************^
E   
E   Error in the called contract (0xaf7774c8d7124c4f63fd5ac69afc21b74139b2ff):
E   Contract with address 1001737346940317557461257188743104773499297313535 is not deployed.

During handling of the above exception, another exception occurred:
tests/semantic/test_semantics.py:161: in test_semantics
    res = await invoke_method_evm_calldata(starknet, contract_address, argument)
../../../warp_dev/lib/python3.7/site-packages/sol_warp-0.2.12-py3.7.egg/yul/starknet_utils.py:30: in invoke_method_evm_calldata
    caller_address=0,
../../../warp_dev/lib/python3.7/site-packages/cairo_lang-0.6.2-py3.7.egg/starkware/starknet/testing/state.py:153: in invoke_raw
    state=state_copy, general_config=self.general_config
../../../warp_dev/lib/python3.7/site-packages/cairo_lang-0.6.2-py3.7.egg/starkware/starknet/business_logic/internal_transaction_interface.py:213: in apply_state_updates
    state=state_to_update, general_config=general_config
../../../warp_dev/lib/python3.7/site-packages/cairo_lang-0.6.2-py3.7.egg/starkware/starknet/business_logic/internal_transaction.py:405: in _apply_specific_state_updates
    func=_synchronous_apply_specific_state_updates,
/usr/lib/python3.7/concurrent/futures/thread.py:57: in run
    result = self.fn(*self.args, **self.kwargs)
../../../warp_dev/lib/python3.7/site-packages/cairo_lang-0.6.2-py3.7.egg/starkware/starknet/business_logic/internal_transaction.py:433: in _synchronous_apply_specific_state_updates
    run_resources=run_resources,
../../../warp_dev/lib/python3.7/site-packages/cairo_lang-0.6.2-py3.7.egg/starkware/starknet/business_logic/internal_transaction.py:559: in _run
    raise StarkException(code=code, message=str(exception))
E   starkware.starkware_utils.error_handling.StarkException: (500, {'code': <StarknetErrorCode.UNINITIALIZED_CONTRACT: 32>, 'message': '/home/greg/warp_dev/lib/python3.7/site-packages/cairo_lang-0.6.2-py3.7.egg/starkware/starknet/common/syscalls.cairo:50:5: Error at pc=0:148:\nGot an exception while executing a hint.\n    %{ syscall_handler.call_contract(segments=segments, syscall_ptr=ids.syscall_ptr) %}\n    ^*********************************************************************************^\nCairo traceback (most recent call last):\n/home/greg/dev/nethermind/warp/tests/semantic/solidity/test/libsolidity/semanticTests/structs/multislot_struct_allocation.cairo.temp:43:6: (pc=0:2276)\nfunc __main{bitwise_ptr : BitwiseBuiltin*, range_check_ptr, syscall_ptr : felt*}(\n     ^****^\n/home/greg/dev/nethermind/warp/tests/semantic/solidity/test/libsolidity/semanticTests/structs/multislot_struct_allocation.cairo.temp:56:9: (pc=0:2218)\n        __main_meat()\n        ^***********^\n/home/greg/dev/nethermind/warp/tests/semantic/solidity/test/libsolidity/semanticTests/structs/multislot_struct_allocation.cairo.temp:364:5: (pc=0:3360)\n    __warp_if_0(__warp_subexpr_0)\n    ^***************************^\n/home/greg/dev/nethermind/warp/tests/semantic/solidity/test/libsolidity/semanticTests/structs/multislot_struct_allocation.cairo.temp:349:9: (pc=0:3315)\n        __warp_block_0()\n        ^**************^\n/home/greg/dev/nethermind/warp/tests/semantic/solidity/test/libsolidity/semanticTests/structs/multislot_struct_allocation.cairo.temp:339:5: (pc=0:3292)\n    __warp_block_1()\n    ^**************^\n/home/greg/dev/nethermind/warp/tests/semantic/solidity/test/libsolidity/semanticTests/structs/multislot_struct_allocation.cairo.temp:331:5: (pc=0:3280)\n    __warp_block_2(match_var)\n    ^***********************^\n/home/greg/dev/nethermind/warp/tests/semantic/solidity/test/libsolidity/semanticTests/structs/multislot_struct_allocation.cairo.temp:321:5: (pc=0:3246)\n    __warp_if_1(__warp_subexpr_0, match_var)\n    ^**************************************^\n/home/greg/dev/nethermind/warp/tests/semantic/solidity/test/libsolidity/semanticTests/structs/multislot_struct_allocation.cairo.temp:308:9: (pc=0:3221)\n        __warp_block_3()\n        ^**************^\n/home/greg/dev/nethermind/warp/tests/semantic/solidity/test/libsolidity/semanticTests/structs/multislot_struct_allocation.cairo.temp:245:26: (pc=0:3003)\n    let (_3 : Uint256) = warp_call(\n                         ^********^\n/home/greg/dev/nethermind/warp/warp/cairo-src/evm/yul_api.cairo:42:21: (pc=0:2070)\n    let (success) = general_call(\n                    ^***********^\n/home/greg/dev/nethermind/warp/warp/cairo-src/evm/calls.cairo:84:5: (pc=0:1946)\n    call abs call_function\n    ^********************^\n\nError in the called contract (0xaf7774c8d7124c4f63fd5ac69afc21b74139b2ff):\nContract with address 1001737346940317557461257188743104773499297313535 is not deployed.'})
------------------------------------------------------------------------------------------------------------------- Captured stdout call -------------------------------------------------------------------------------------------------------------------
{'callData': '0xfc6946890000000000000000000000000000000000000000000000000000000000000001', 'expectations': '0x0000000000000000000000000000000000000000000000000000000000000002', 'failure': False, 'signature': 'getTopMapping(uint256)'}
{'callData': '0xe2943ff70000000000000000000000000000000000000000000000000000000000000000', 'expectations': '0x0000000000000000000000000000000000000000000000000000000000000001', 'failure': False, 'signature': 'getNestedMapping(uint256)'}
{'callData': '0x26121ff0', 'expectations': '0x0000000000000000000000000000000000000000000000000000000000000002', 'failure': False, 'signature': 'f()'}
{'callData': '0xe2943ff70000000000000000000000000000000000000000000000000000000000000001', 'expectations': '0x0000000000000000000000000000000000000000000000000000000000000000', 'failure': False, 'signature': 'getNestedMapping(uint256)'}
------------------------------------------------------------------------------------------------------------------- Captured stderr call -------------------------------------------------------------------------------------------------------------------
Warning: SPDX license identifier not provided in source file. Before publishing, consider adding a comment containing "SPDX-License-Identifier: <SPDX-License>" to each source file. Use "SPDX-License-Identifier: UNLICENSED" for non-open-source code. Please see https://spdx.org for more information.
--> tests/semantic/solidity/test/libsolidity/semanticTests/structs/struct_constructor_nested_marked.sol

Warning: Function state mutability can be restricted to view
  --> tests/semantic/solidity/test/libsolidity/semanticTests/structs/struct_constructor_nested_marked.sol:18:5:
   |
18 |     function get()
   |     ^ (Relevant source part starts here and spans across multiple lines).

________________________________________________________ test_semantics[/home/greg/dev/nethermind/warp/tests/semantic/solidity/test/libsolidity/semanticTests/structs/struct_memory_to_storage.sol] ________________________________________________________
FAILURE: /home/greg/dev/nethermind/warp/tests/semantic/solidity/test/libsolidity/semanticTests/structs/struct_memory_to_storage.cairo.temp
assert '0x0000000000...0000000000022' == '0x0000000000...0000000000022'
  - 0x000000000000000000000000000000000000000000000000000000000000002a00000000000000000000000000000000000000000000000000000000000000170000000000000000000000000000000000000000000000000000000000000022
  ?                                                                                                   ^^^^^^^^^^^^^^^^^^^^^^^^^^^^^^^^
  + 0x000000000000000000000000000000000000000000000000000000000000002a00000000000000000000000000000000ffffffffffffffffffffffffffffffe80000000000000000000000000000000000000000000000000000000000000022
  ?                                                   ...
  
  ...Full output truncated (1 line hidden), use '-vv' to show
tests/semantic/test_semantics.py:173 in test_semantics() -> check.equal(final_res, expected_result, cairo_file_path)
------------------------------------------------------------
Failed Checks: 1
------------------------------------------------------------------------------------------------------------------- Captured stdout call -------------------------------------------------------------------------------------------------------------------
{'callData': '0x26121ff0', 'expectations': '0x000000000000000000000000000000000000000000000000000000000000002a00000000000000000000000000000000000000000000000000000000000000170000000000000000000000000000000000000000000000000000000000000022', 'failure': False, 'signature': 'f()'}
------------------------------------------------------------------------------------------------------------------- Captured stderr call -------------------------------------------------------------------------------------------------------------------
Warning: SPDX license identifier not provided in source file. Before publishing, consider adding a comment containing "SPDX-License-Identifier: <SPDX-License>" to each source file. Use "SPDX-License-Identifier: UNLICENSED" for non-open-source code. Please see https://spdx.org for more information.
--> tests/semantic/solidity/test/libsolidity/semanticTests/structs/struct_delete_storage_marked.sol

Warning: SPDX license identifier not provided in source file. Before publishing, consider adding a comment containing "SPDX-License-Identifier: <SPDX-License>" to each source file. Use "SPDX-License-Identifier: UNLICENSED" for non-open-source code. Please see https://spdx.org for more information.
--> tests/semantic/solidity/test/libsolidity/semanticTests/structs/struct_storage_to_mapping_marked.sol

____________________________________________________________ test_semantics[/home/greg/dev/nethermind/warp/tests/semantic/solidity/test/libsolidity/semanticTests/structs/struct_reference.sol] ____________________________________________________________
FAILURE: /home/greg/dev/nethermind/warp/tests/semantic/solidity/test/libsolidity/semanticTests/structs/struct_reference.cairo.temp
assert '0x0000000000...0000000000000' == '0x0000000000...0000000000001'
  - 0x0000000000000000000000000000000000000000000000000000000000000001
  ?                                                                  ^
  + 0x0000000000000000000000000000000000000000000000000000000000000000
  ?                                                                  ^
tests/semantic/test_semantics.py:173 in test_semantics() -> check.equal(final_res, expected_result, cairo_file_path)
------------------------------------------------------------
Failed Checks: 1
________________________________________________________________ test_semantics[/home/greg/dev/nethermind/warp/tests/semantic/solidity/test/libsolidity/semanticTests/structs/structs.sol] _________________________________________________________________
FAILURE: /home/greg/dev/nethermind/warp/tests/semantic/solidity/test/libsolidity/semanticTests/structs/structs.cairo.temp
assert '0x0000000000...0000000000000' == '0x0000000000...0000000000001'
  - 0x0000000000000000000000000000000000000000000000000000000000000001
  ?                                                                  ^
  + 0x0000000000000000000000000000000000000000000000000000000000000000
  ?                                                                  ^
tests/semantic/test_semantics.py:173 in test_semantics() -> check.equal(final_res, expected_result, cairo_file_path)
------------------------------------------------------------
Failed Checks: 1
------------------------------------------------------------------------------------------------------------------- Captured stdout call -------------------------------------------------------------------------------------------------------------------
{'callData': '0x919840ad', 'expectations': '0x0000000000000000000000000000000000000000000000000000000000000001', 'failure': False, 'signature': 'check()'}
------------------------------------------------------------------------------------------------------------------- Captured stderr call -------------------------------------------------------------------------------------------------------------------
Warning: SPDX license identifier not provided in source file. Before publishing, consider adding a comment containing "SPDX-License-Identifier: <SPDX-License>" to each source file. Use "SPDX-License-Identifier: UNLICENSED" for non-open-source code. Please see https://spdx.org for more information.
--> tests/semantic/solidity/test/libsolidity/semanticTests/structs/simple_struct_allocation_marked.sol

Warning: Function state mutability can be restricted to pure
 --> tests/semantic/solidity/test/libsolidity/semanticTests/structs/simple_struct_allocation_marked.sol:6:3:
  |
6 |   function f() external returns (uint) {
  |   ^ (Relevant source part starts here and spans across multiple lines).

Warning: SPDX license identifier not provided in source file. Before publishing, consider adding a comment containing "SPDX-License-Identifier: <SPDX-License>" to each source file. Use "SPDX-License-Identifier: UNLICENSED" for non-open-source code. Please see https://spdx.org for more information.
--> tests/semantic/solidity/test/libsolidity/semanticTests/structs/memory_structs_nested_marked.sol

Warning: Function state mutability can be restricted to pure
  --> tests/semantic/solidity/test/libsolidity/semanticTests/structs/memory_structs_nested_marked.sol:22:5:
   |
22 |     function extract(X memory s, uint256 which) internal returns (uint256 x) {
   |     ^ (Relevant source part starts here and spans across multiple lines).

Warning: Function state mutability can be restricted to pure
  --> tests/semantic/solidity/test/libsolidity/semanticTests/structs/memory_structs_nested_marked.sol:28:5:
   |
28 |     function combine(uint8 a, uint8 x, uint16 y, uint256 z)
   |     ^ (Relevant source part starts here and spans across multiple lines).

Warning: SPDX license identifier not provided in source file. Before publishing, consider adding a comment containing "SPDX-License-Identifier: <SPDX-License>" to each source file. Use "SPDX-License-Identifier: UNLICENSED" for non-open-source code. Please see https://spdx.org for more information.
--> tests/semantic/solidity/test/libsolidity/semanticTests/structs/nested_struct_allocation_marked.sol

Warning: Function state mutability can be restricted to pure
  --> tests/semantic/solidity/test/libsolidity/semanticTests/structs/nested_struct_allocation_marked.sol:10:3:
   |
10 |   function f() external returns (uint) {
   |   ^ (Relevant source part starts here and spans across multiple lines).

_________________________________________________ test_semantics[/home/greg/dev/nethermind/warp/tests/semantic/solidity/test/libsolidity/semanticTests/structs/struct_storage_to_memory_function_ptr.sol] __________________________________________________
../../../warp_dev/lib/python3.7/site-packages/cairo_lang-0.6.2-py3.7.egg/starkware/starknet/business_logic/internal_transaction.py:539: in _run
    verify_secure=True,
../../../warp_dev/lib/python3.7/site-packages/cairo_lang-0.6.2-py3.7.egg/starkware/cairo/common/cairo_function_runner.py:199: in run_from_entrypoint
    self.run_until_pc(addr=end, run_resources=run_resources)
../../../warp_dev/lib/python3.7/site-packages/cairo_lang-0.6.2-py3.7.egg/starkware/cairo/lang/vm/cairo_runner.py:284: in run_until_pc
    self.vm_step()
../../../warp_dev/lib/python3.7/site-packages/cairo_lang-0.6.2-py3.7.egg/starkware/cairo/lang/vm/cairo_runner.py:298: in vm_step
    self.vm.step()
../../../warp_dev/lib/python3.7/site-packages/cairo_lang-0.6.2-py3.7.egg/starkware/cairo/lang/vm/virtual_machine_base.py:255: in step
    self.run_instruction(instruction)
../../../warp_dev/lib/python3.7/site-packages/cairo_lang-0.6.2-py3.7.egg/starkware/cairo/lang/vm/vm_core.py:422: in run_instruction
    raise self.as_vm_exception(exc) from None
E   starkware.cairo.lang.vm.vm_exceptions.VmException: /home/greg/dev/nethermind/warp/tests/semantic/solidity/test/libsolidity/semanticTests/structs/struct_storage_to_memory_function_ptr.cairo.temp:236:9: Error at pc=0:2927:
E   An ASSERT_EQ instruction failed: 1 != 0.
E           assert 0 = 1
E           ^**********^
E   Cairo traceback (most recent call last):
E   /home/greg/dev/nethermind/warp/tests/semantic/solidity/test/libsolidity/semanticTests/structs/struct_storage_to_memory_function_ptr.cairo.temp:53:6: (pc=0:2115)
E   func __main{
E        ^****^
E   /home/greg/dev/nethermind/warp/tests/semantic/solidity/test/libsolidity/semanticTests/structs/struct_storage_to_memory_function_ptr.cairo.temp:67:9: (pc=0:2054)
E           __main_meat()
E           ^***********^
E   /home/greg/dev/nethermind/warp/tests/semantic/solidity/test/libsolidity/semanticTests/structs/struct_storage_to_memory_function_ptr.cairo.temp:381:5: (pc=0:3618)
E       __warp_if_0(__warp_subexpr_0)
E       ^***************************^
E   /home/greg/dev/nethermind/warp/tests/semantic/solidity/test/libsolidity/semanticTests/structs/struct_storage_to_memory_function_ptr.cairo.temp:365:9: (pc=0:3572)
E           __warp_block_3()
E           ^**************^
E   /home/greg/dev/nethermind/warp/tests/semantic/solidity/test/libsolidity/semanticTests/structs/struct_storage_to_memory_function_ptr.cairo.temp:355:5: (pc=0:3547)
E       __warp_if_1(__warp_subexpr_0)
E       ^***************************^
E   /home/greg/dev/nethermind/warp/tests/semantic/solidity/test/libsolidity/semanticTests/structs/struct_storage_to_memory_function_ptr.cairo.temp:340:9: (pc=0:3502)
E           __warp_block_4()
E           ^**************^
E   /home/greg/dev/nethermind/warp/tests/semantic/solidity/test/libsolidity/semanticTests/structs/struct_storage_to_memory_function_ptr.cairo.temp:324:28: (pc=0:3410)
E       let (expr : Uint256) = dispatch_internal_in_out(__warp_subexpr_11)
E                              ^*****************************************^
E   /home/greg/dev/nethermind/warp/tests/semantic/solidity/test/libsolidity/semanticTests/structs/struct_storage_to_memory_function_ptr.cairo.temp:255:27: (pc=0:2963)
E       let (out : Uint256) = __warp_block_0(fun, out)
E                             ^**********************^
E   /home/greg/dev/nethermind/warp/tests/semantic/solidity/test/libsolidity/semanticTests/structs/struct_storage_to_memory_function_ptr.cairo.temp:246:27: (pc=0:2948)
E       let (out : Uint256) = __warp_block_1(match_var, out)
E                             ^****************************^

During handling of the above exception, another exception occurred:
tests/semantic/test_semantics.py:161: in test_semantics
    res = await invoke_method_evm_calldata(starknet, contract_address, argument)
../../../warp_dev/lib/python3.7/site-packages/sol_warp-0.2.12-py3.7.egg/yul/starknet_utils.py:30: in invoke_method_evm_calldata
    caller_address=0,
../../../warp_dev/lib/python3.7/site-packages/cairo_lang-0.6.2-py3.7.egg/starkware/starknet/testing/state.py:153: in invoke_raw
    state=state_copy, general_config=self.general_config
../../../warp_dev/lib/python3.7/site-packages/cairo_lang-0.6.2-py3.7.egg/starkware/starknet/business_logic/internal_transaction_interface.py:213: in apply_state_updates
    state=state_to_update, general_config=general_config
../../../warp_dev/lib/python3.7/site-packages/cairo_lang-0.6.2-py3.7.egg/starkware/starknet/business_logic/internal_transaction.py:405: in _apply_specific_state_updates
    func=_synchronous_apply_specific_state_updates,
/usr/lib/python3.7/concurrent/futures/thread.py:57: in run
    result = self.fn(*self.args, **self.kwargs)
../../../warp_dev/lib/python3.7/site-packages/cairo_lang-0.6.2-py3.7.egg/starkware/starknet/business_logic/internal_transaction.py:433: in _synchronous_apply_specific_state_updates
    run_resources=run_resources,
../../../warp_dev/lib/python3.7/site-packages/cairo_lang-0.6.2-py3.7.egg/starkware/starknet/business_logic/internal_transaction.py:559: in _run
    raise StarkException(code=code, message=str(exception))
E   starkware.starkware_utils.error_handling.StarkException: (500, {'code': <StarknetErrorCode.TRANSACTION_FAILED: 28>, 'message': '/home/greg/dev/nethermind/warp/tests/semantic/solidity/test/libsolidity/semanticTests/structs/struct_storage_to_memory_function_ptr.cairo.temp:236:9: Error at pc=0:2927:\nAn ASSERT_EQ instruction failed: 1 != 0.\n        assert 0 = 1\n        ^**********^\nCairo traceback (most recent call last):\n/home/greg/dev/nethermind/warp/tests/semantic/solidity/test/libsolidity/semanticTests/structs/struct_storage_to_memory_function_ptr.cairo.temp:53:6: (pc=0:2115)\nfunc __main{\n     ^****^\n/home/greg/dev/nethermind/warp/tests/semantic/solidity/test/libsolidity/semanticTests/structs/struct_storage_to_memory_function_ptr.cairo.temp:67:9: (pc=0:2054)\n        __main_meat()\n        ^***********^\n/home/greg/dev/nethermind/warp/tests/semantic/solidity/test/libsolidity/semanticTests/structs/struct_storage_to_memory_function_ptr.cairo.temp:381:5: (pc=0:3618)\n    __warp_if_0(__warp_subexpr_0)\n    ^***************************^\n/home/greg/dev/nethermind/warp/tests/semantic/solidity/test/libsolidity/semanticTests/structs/struct_storage_to_memory_function_ptr.cairo.temp:365:9: (pc=0:3572)\n        __warp_block_3()\n        ^**************^\n/home/greg/dev/nethermind/warp/tests/semantic/solidity/test/libsolidity/semanticTests/structs/struct_storage_to_memory_function_ptr.cairo.temp:355:5: (pc=0:3547)\n    __warp_if_1(__warp_subexpr_0)\n    ^***************************^\n/home/greg/dev/nethermind/warp/tests/semantic/solidity/test/libsolidity/semanticTests/structs/struct_storage_to_memory_function_ptr.cairo.temp:340:9: (pc=0:3502)\n        __warp_block_4()\n        ^**************^\n/home/greg/dev/nethermind/warp/tests/semantic/solidity/test/libsolidity/semanticTests/structs/struct_storage_to_memory_function_ptr.cairo.temp:324:28: (pc=0:3410)\n    let (expr : Uint256) = dispatch_internal_in_out(__warp_subexpr_11)\n                           ^*****************************************^\n/home/greg/dev/nethermind/warp/tests/semantic/solidity/test/libsolidity/semanticTests/structs/struct_storage_to_memory_function_ptr.cairo.temp:255:27: (pc=0:2963)\n    let (out : Uint256) = __warp_block_0(fun, out)\n                          ^**********************^\n/home/greg/dev/nethermind/warp/tests/semantic/solidity/test/libsolidity/semanticTests/structs/struct_storage_to_memory_function_ptr.cairo.temp:246:27: (pc=0:2948)\n    let (out : Uint256) = __warp_block_1(match_var, out)\n                          ^****************************^'})
_____________________________________________________ test_semantics[/home/greg/dev/nethermind/warp/tests/semantic/solidity/test/libsolidity/semanticTests/structs/struct_storage_push_zero_value.sol] _____________________________________________________
../../../warp_dev/lib/python3.7/site-packages/cairo_lang-0.6.2-py3.7.egg/starkware/starknet/business_logic/internal_transaction.py:539: in _run
    verify_secure=True,
../../../warp_dev/lib/python3.7/site-packages/cairo_lang-0.6.2-py3.7.egg/starkware/cairo/common/cairo_function_runner.py:199: in run_from_entrypoint
    self.run_until_pc(addr=end, run_resources=run_resources)
../../../warp_dev/lib/python3.7/site-packages/cairo_lang-0.6.2-py3.7.egg/starkware/cairo/lang/vm/cairo_runner.py:284: in run_until_pc
    self.vm_step()
../../../warp_dev/lib/python3.7/site-packages/cairo_lang-0.6.2-py3.7.egg/starkware/cairo/lang/vm/cairo_runner.py:298: in vm_step
    self.vm.step()
../../../warp_dev/lib/python3.7/site-packages/cairo_lang-0.6.2-py3.7.egg/starkware/cairo/lang/vm/virtual_machine_base.py:255: in step
    self.run_instruction(instruction)
../../../warp_dev/lib/python3.7/site-packages/cairo_lang-0.6.2-py3.7.egg/starkware/cairo/lang/vm/vm_core.py:422: in run_instruction
    raise self.as_vm_exception(exc) from None
E   starkware.cairo.lang.vm.vm_exceptions.VmException: /home/greg/dev/nethermind/warp/tests/semantic/solidity/test/libsolidity/semanticTests/structs/struct_storage_push_zero_value.cairo.temp:146:9: Error at pc=0:2554:
E   An ASSERT_EQ instruction failed: 1 != 0.
E           assert 0 = 1
E           ^**********^
E   Cairo traceback (most recent call last):
E   /home/greg/dev/nethermind/warp/tests/semantic/solidity/test/libsolidity/semanticTests/structs/struct_storage_push_zero_value.cairo.temp:54:6: (pc=0:2203)
E   func __main{
E        ^****^
E   /home/greg/dev/nethermind/warp/tests/semantic/solidity/test/libsolidity/semanticTests/structs/struct_storage_push_zero_value.cairo.temp:68:9: (pc=0:2142)
E           __main_meat()
E           ^***********^
E   /home/greg/dev/nethermind/warp/tests/semantic/solidity/test/libsolidity/semanticTests/structs/struct_storage_push_zero_value.cairo.temp:327:5: (pc=0:3268)
E       __warp_if_0(__warp_subexpr_0)
E       ^***************************^
E   /home/greg/dev/nethermind/warp/tests/semantic/solidity/test/libsolidity/semanticTests/structs/struct_storage_push_zero_value.cairo.temp:311:9: (pc=0:3222)
E           __warp_block_0()
E           ^**************^
E   /home/greg/dev/nethermind/warp/tests/semantic/solidity/test/libsolidity/semanticTests/structs/struct_storage_push_zero_value.cairo.temp:301:5: (pc=0:3197)
E       __warp_if_1(__warp_subexpr_0)
E       ^***************************^
E   /home/greg/dev/nethermind/warp/tests/semantic/solidity/test/libsolidity/semanticTests/structs/struct_storage_push_zero_value.cairo.temp:286:9: (pc=0:3152)
E           __warp_block_1()
E           ^**************^
E   /home/greg/dev/nethermind/warp/tests/semantic/solidity/test/libsolidity/semanticTests/structs/struct_storage_push_zero_value.cairo.temp:269:5: (pc=0:3057)
E       assert_helper(__warp_subexpr_33)
E       ^******************************^

During handling of the above exception, another exception occurred:
tests/semantic/test_semantics.py:161: in test_semantics
    res = await invoke_method_evm_calldata(starknet, contract_address, argument)
../../../warp_dev/lib/python3.7/site-packages/sol_warp-0.2.12-py3.7.egg/yul/starknet_utils.py:30: in invoke_method_evm_calldata
    caller_address=0,
../../../warp_dev/lib/python3.7/site-packages/cairo_lang-0.6.2-py3.7.egg/starkware/starknet/testing/state.py:153: in invoke_raw
    state=state_copy, general_config=self.general_config
../../../warp_dev/lib/python3.7/site-packages/cairo_lang-0.6.2-py3.7.egg/starkware/starknet/business_logic/internal_transaction_interface.py:213: in apply_state_updates
    state=state_to_update, general_config=general_config
../../../warp_dev/lib/python3.7/site-packages/cairo_lang-0.6.2-py3.7.egg/starkware/starknet/business_logic/internal_transaction.py:405: in _apply_specific_state_updates
    func=_synchronous_apply_specific_state_updates,
/usr/lib/python3.7/concurrent/futures/thread.py:57: in run
    result = self.fn(*self.args, **self.kwargs)
../../../warp_dev/lib/python3.7/site-packages/cairo_lang-0.6.2-py3.7.egg/starkware/starknet/business_logic/internal_transaction.py:433: in _synchronous_apply_specific_state_updates
    run_resources=run_resources,
../../../warp_dev/lib/python3.7/site-packages/cairo_lang-0.6.2-py3.7.egg/starkware/starknet/business_logic/internal_transaction.py:559: in _run
    raise StarkException(code=code, message=str(exception))
E   starkware.starkware_utils.error_handling.StarkException: (500, {'code': <StarknetErrorCode.TRANSACTION_FAILED: 28>, 'message': '/home/greg/dev/nethermind/warp/tests/semantic/solidity/test/libsolidity/semanticTests/structs/struct_storage_push_zero_value.cairo.temp:146:9: Error at pc=0:2554:\nAn ASSERT_EQ instruction failed: 1 != 0.\n        assert 0 = 1\n        ^**********^\nCairo traceback (most recent call last):\n/home/greg/dev/nethermind/warp/tests/semantic/solidity/test/libsolidity/semanticTests/structs/struct_storage_push_zero_value.cairo.temp:54:6: (pc=0:2203)\nfunc __main{\n     ^****^\n/home/greg/dev/nethermind/warp/tests/semantic/solidity/test/libsolidity/semanticTests/structs/struct_storage_push_zero_value.cairo.temp:68:9: (pc=0:2142)\n        __main_meat()\n        ^***********^\n/home/greg/dev/nethermind/warp/tests/semantic/solidity/test/libsolidity/semanticTests/structs/struct_storage_push_zero_value.cairo.temp:327:5: (pc=0:3268)\n    __warp_if_0(__warp_subexpr_0)\n    ^***************************^\n/home/greg/dev/nethermind/warp/tests/semantic/solidity/test/libsolidity/semanticTests/structs/struct_storage_push_zero_value.cairo.temp:311:9: (pc=0:3222)\n        __warp_block_0()\n        ^**************^\n/home/greg/dev/nethermind/warp/tests/semantic/solidity/test/libsolidity/semanticTests/structs/struct_storage_push_zero_value.cairo.temp:301:5: (pc=0:3197)\n    __warp_if_1(__warp_subexpr_0)\n    ^***************************^\n/home/greg/dev/nethermind/warp/tests/semantic/solidity/test/libsolidity/semanticTests/structs/struct_storage_push_zero_value.cairo.temp:286:9: (pc=0:3152)\n        __warp_block_1()\n        ^**************^\n/home/greg/dev/nethermind/warp/tests/semantic/solidity/test/libsolidity/semanticTests/structs/struct_storage_push_zero_value.cairo.temp:269:5: (pc=0:3057)\n    assert_helper(__warp_subexpr_33)\n    ^******************************^'})
------------------------------------------------------------------------------------------------------------------- Captured stdout call -------------------------------------------------------------------------------------------------------------------
{'callData': '0xf4eaeb4e', 'expectations': '0x0000000000000000000000000000000000000000000000000000000000000001000000000000000000000000000000000000000000000000000000000000000200000000000000000000000000000000000000000000000000000000000000030000000000000000000000000000000000000000000000000000000000000004', 'failure': False, 'signature': 'testAssign()'}
------------------------------------------------------------------------------------------------------------------- Captured stderr call -------------------------------------------------------------------------------------------------------------------
Warning: SPDX license identifier not provided in source file. Before publishing, consider adding a comment containing "SPDX-License-Identifier: <SPDX-License>" to each source file. Use "SPDX-License-Identifier: UNLICENSED" for non-open-source code. Please see https://spdx.org for more information.
--> tests/semantic/solidity/test/libsolidity/semanticTests/structs/calldata/calldata_struct_with_array_to_memory_marked.sol

_______________________________________________________ test_semantics[/home/greg/dev/nethermind/warp/tests/semantic/solidity/test/libsolidity/semanticTests/structs/memory_structs_read_write.sol] ________________________________________________________
FAILURE: /home/greg/dev/nethermind/warp/tests/semantic/solidity/test/libsolidity/semanticTests/structs/memory_structs_read_write.cairo.temp
assert '0x0000000000...00000000000fc' == '0x0000000000...0000000000004'
  - 0x0000000000000000000000000000000000000000000000000000000000000001000000000000000000000000000000000000000000000000000000000000000200000000000000000000000000000000000000000000000000000000000000030000000000000000000000000000000000000000000000000000000000000004
  + 0x00000000000000000000000000000000000000000000000000000000000000ff000000000000000000000000000000000000000000000000000000000000fffe000000000000000000000000000000000000000000000000000000000000000300000000000000000000000000000000000000000000000000000000000000fc
tests/semantic/test_semantics.py:173 in test_semantics() -> check.equal(final_res, expected_result, cairo_file_path)
------------------------------------------------------------
Failed Checks: 1
_________________________________________________________ test_semantics[/home/greg/dev/nethermind/warp/tests/semantic/solidity/test/libsolidity/semanticTests/structs/struct_delete_storage.sol] __________________________________________________________
../../../warp_dev/lib/python3.7/site-packages/cairo_lang-0.6.2-py3.7.egg/starkware/starknet/business_logic/internal_transaction.py:539: in _run
    verify_secure=True,
../../../warp_dev/lib/python3.7/site-packages/cairo_lang-0.6.2-py3.7.egg/starkware/cairo/common/cairo_function_runner.py:199: in run_from_entrypoint
    self.run_until_pc(addr=end, run_resources=run_resources)
../../../warp_dev/lib/python3.7/site-packages/cairo_lang-0.6.2-py3.7.egg/starkware/cairo/lang/vm/cairo_runner.py:284: in run_until_pc
    self.vm_step()
../../../warp_dev/lib/python3.7/site-packages/cairo_lang-0.6.2-py3.7.egg/starkware/cairo/lang/vm/cairo_runner.py:298: in vm_step
    self.vm.step()
../../../warp_dev/lib/python3.7/site-packages/cairo_lang-0.6.2-py3.7.egg/starkware/cairo/lang/vm/virtual_machine_base.py:255: in step
    self.run_instruction(instruction)
../../../warp_dev/lib/python3.7/site-packages/cairo_lang-0.6.2-py3.7.egg/starkware/cairo/lang/vm/vm_core.py:422: in run_instruction
    raise self.as_vm_exception(exc) from None
E   starkware.cairo.lang.vm.vm_exceptions.VmException: /home/greg/dev/nethermind/warp/tests/semantic/solidity/test/libsolidity/semanticTests/structs/struct_delete_storage.cairo.temp:120:9: Error at pc=0:2099:
E   An ASSERT_EQ instruction failed: 1 != 0.
E           assert 0 = 1
E           ^**********^
E   Cairo traceback (most recent call last):
E   /home/greg/dev/nethermind/warp/tests/semantic/solidity/test/libsolidity/semanticTests/structs/struct_delete_storage.cairo.temp:53:6: (pc=0:1883)
E   func __main{
E        ^****^
E   /home/greg/dev/nethermind/warp/tests/semantic/solidity/test/libsolidity/semanticTests/structs/struct_delete_storage.cairo.temp:67:9: (pc=0:1822)
E           __main_meat()
E           ^***********^
E   /home/greg/dev/nethermind/warp/tests/semantic/solidity/test/libsolidity/semanticTests/structs/struct_delete_storage.cairo.temp:231:5: (pc=0:2529)
E       __warp_if_0(__warp_subexpr_0)
E       ^***************************^
E   /home/greg/dev/nethermind/warp/tests/semantic/solidity/test/libsolidity/semanticTests/structs/struct_delete_storage.cairo.temp:215:9: (pc=0:2483)
E           __warp_block_0()
E           ^**************^
E   /home/greg/dev/nethermind/warp/tests/semantic/solidity/test/libsolidity/semanticTests/structs/struct_delete_storage.cairo.temp:205:5: (pc=0:2458)
E       __warp_if_1(__warp_subexpr_0)
E       ^***************************^
E   /home/greg/dev/nethermind/warp/tests/semantic/solidity/test/libsolidity/semanticTests/structs/struct_delete_storage.cairo.temp:190:9: (pc=0:2413)
E           __warp_block_1()
E           ^**************^
E   /home/greg/dev/nethermind/warp/tests/semantic/solidity/test/libsolidity/semanticTests/structs/struct_delete_storage.cairo.temp:173:5: (pc=0:2318)
E       assert_helper(__warp_subexpr_13)
E       ^******************************^

During handling of the above exception, another exception occurred:
tests/semantic/test_semantics.py:161: in test_semantics
    res = await invoke_method_evm_calldata(starknet, contract_address, argument)
../../../warp_dev/lib/python3.7/site-packages/sol_warp-0.2.12-py3.7.egg/yul/starknet_utils.py:30: in invoke_method_evm_calldata
    caller_address=0,
../../../warp_dev/lib/python3.7/site-packages/cairo_lang-0.6.2-py3.7.egg/starkware/starknet/testing/state.py:153: in invoke_raw
    state=state_copy, general_config=self.general_config
../../../warp_dev/lib/python3.7/site-packages/cairo_lang-0.6.2-py3.7.egg/starkware/starknet/business_logic/internal_transaction_interface.py:213: in apply_state_updates
    state=state_to_update, general_config=general_config
../../../warp_dev/lib/python3.7/site-packages/cairo_lang-0.6.2-py3.7.egg/starkware/starknet/business_logic/internal_transaction.py:405: in _apply_specific_state_updates
    func=_synchronous_apply_specific_state_updates,
/usr/lib/python3.7/concurrent/futures/thread.py:57: in run
    result = self.fn(*self.args, **self.kwargs)
../../../warp_dev/lib/python3.7/site-packages/cairo_lang-0.6.2-py3.7.egg/starkware/starknet/business_logic/internal_transaction.py:433: in _synchronous_apply_specific_state_updates
    run_resources=run_resources,
../../../warp_dev/lib/python3.7/site-packages/cairo_lang-0.6.2-py3.7.egg/starkware/starknet/business_logic/internal_transaction.py:559: in _run
    raise StarkException(code=code, message=str(exception))
E   starkware.starkware_utils.error_handling.StarkException: (500, {'code': <StarknetErrorCode.TRANSACTION_FAILED: 28>, 'message': '/home/greg/dev/nethermind/warp/tests/semantic/solidity/test/libsolidity/semanticTests/structs/struct_delete_storage.cairo.temp:120:9: Error at pc=0:2099:\nAn ASSERT_EQ instruction failed: 1 != 0.\n        assert 0 = 1\n        ^**********^\nCairo traceback (most recent call last):\n/home/greg/dev/nethermind/warp/tests/semantic/solidity/test/libsolidity/semanticTests/structs/struct_delete_storage.cairo.temp:53:6: (pc=0:1883)\nfunc __main{\n     ^****^\n/home/greg/dev/nethermind/warp/tests/semantic/solidity/test/libsolidity/semanticTests/structs/struct_delete_storage.cairo.temp:67:9: (pc=0:1822)\n        __main_meat()\n        ^***********^\n/home/greg/dev/nethermind/warp/tests/semantic/solidity/test/libsolidity/semanticTests/structs/struct_delete_storage.cairo.temp:231:5: (pc=0:2529)\n    __warp_if_0(__warp_subexpr_0)\n    ^***************************^\n/home/greg/dev/nethermind/warp/tests/semantic/solidity/test/libsolidity/semanticTests/structs/struct_delete_storage.cairo.temp:215:9: (pc=0:2483)\n        __warp_block_0()\n        ^**************^\n/home/greg/dev/nethermind/warp/tests/semantic/solidity/test/libsolidity/semanticTests/structs/struct_delete_storage.cairo.temp:205:5: (pc=0:2458)\n    __warp_if_1(__warp_subexpr_0)\n    ^***************************^\n/home/greg/dev/nethermind/warp/tests/semantic/solidity/test/libsolidity/semanticTests/structs/struct_delete_storage.cairo.temp:190:9: (pc=0:2413)\n        __warp_block_1()\n        ^**************^\n/home/greg/dev/nethermind/warp/tests/semantic/solidity/test/libsolidity/semanticTests/structs/struct_delete_storage.cairo.temp:173:5: (pc=0:2318)\n    assert_helper(__warp_subexpr_13)\n    ^******************************^'})
------------------------------------------------------------------------------------------------------------------- Captured stdout call -------------------------------------------------------------------------------------------------------------------
{'callData': '0x26121ff0', 'expectations': '0x', 'failure': False, 'signature': 'f()'}
------------------------------------------------------------------------------------------------------------------- Captured stderr call -------------------------------------------------------------------------------------------------------------------
Warning: SPDX license identifier not provided in source file. Before publishing, consider adding a comment containing "SPDX-License-Identifier: <SPDX-License>" to each source file. Use "SPDX-License-Identifier: UNLICENSED" for non-open-source code. Please see https://spdx.org for more information.
--> tests/semantic/solidity/test/libsolidity/semanticTests/structs/calldata/calldata_struct_with_nested_array_to_storage_marked.sol

Warning: SPDX license identifier not provided in source file. Before publishing, consider adding a comment containing "SPDX-License-Identifier: <SPDX-License>" to each source file. Use "SPDX-License-Identifier: UNLICENSED" for non-open-source code. Please see https://spdx.org for more information.
--> tests/semantic/solidity/test/libsolidity/semanticTests/structs/calldata/calldata_struct_struct_member_marked.sol

Warning: SPDX license identifier not provided in source file. Before publishing, consider adding a comment containing "SPDX-License-Identifier: <SPDX-License>" to each source file. Use "SPDX-License-Identifier: UNLICENSED" for non-open-source code. Please see https://spdx.org for more information.
--> tests/semantic/solidity/test/libsolidity/semanticTests/structs/calldata/calldata_struct_as_memory_argument_marked.sol

Warning: Function state mutability can be restricted to pure
 --> tests/semantic/solidity/test/libsolidity/semanticTests/structs/calldata/calldata_struct_as_memory_argument_marked.sol:9:5:
  |
9 |     function g(uint32 p1, S memory s) internal returns(uint32, uint128, uint256, uint256, uint32) {
  |     ^ (Relevant source part starts here and spans across multiple lines).

__________________________________________ test_semantics[/home/greg/dev/nethermind/warp/tests/semantic/solidity/test/libsolidity/semanticTests/structs/calldata/calldata_struct_as_argument_of_lib_function.sol] __________________________________________
tests/semantic/test_semantics.py:126: in test_semantics
    contract_file, get_last_contract(contract_file)
../../../warp_dev/lib/python3.7/site-packages/sol_warp-0.2.12-py3.7.egg/yul/main.py:55: in transpile_from_solidity
    cairo_code = transpile_from_yul(yul_ast)
../../../warp_dev/lib/python3.7/site-packages/sol_warp-0.2.12-py3.7.egg/yul/main.py:86: in transpile_from_yul
    return parse_file(cairo_visitor.translate(yul_ast)).format()
../../../warp_dev/lib/python3.7/site-packages/cairo_lang-0.6.2-py3.7.egg/starkware/cairo/lang/compiler/parser.py:239: in parse_file
    return parse(filename, code, "cairo_file", CairoFile, parser_context=parser_context)
../../../warp_dev/lib/python3.7/site-packages/cairo_lang-0.6.2-py3.7.egg/starkware/cairo/lang/compiler/parser.py:205: in parse
    raise wrap_lark_error(err, input_file) from None
E   starkware.cairo.lang.compiler.parser_transformer.ParserError: <string>:374:184: Unexpected token Token('MINUS', '-'). Expected one of: "(", "[", "cast", NONDET, identifier, integer, integer, register, short string.
E   let (__warp_subexpr_26 : Uint256) = linkersymbol(Uint256(low='olidity/test/libsolidity/semanticTests/structs/calldata/calldata_struct_as_argument_of_lib_function_marked.sol:L' * 256**-96, high='tests/semantic/s' * 256**0))
E                                                                                                                                                                                          ^
------------------------------------------------------------------------------------------------------------------- Captured stderr call -------------------------------------------------------------------------------------------------------------------
Warning: SPDX license identifier not provided in source file. Before publishing, consider adding a comment containing "SPDX-License-Identifier: <SPDX-License>" to each source file. Use "SPDX-License-Identifier: UNLICENSED" for non-open-source code. Please see https://spdx.org for more information.
--> tests/semantic/solidity/test/libsolidity/semanticTests/structs/calldata/calldata_struct_as_argument_of_lib_function_marked.sol

Warning: Function state mutability can be restricted to pure
  --> tests/semantic/solidity/test/libsolidity/semanticTests/structs/calldata/calldata_struct_as_argument_of_lib_function_marked.sol:13:5:
   |
13 |     function f(S1 memory m, uint32 p) external returns(uint32, uint128, uint256, uint256, uint32) {
   |     ^ (Relevant source part starts here and spans across multiple lines).

Warning: SPDX license identifier not provided in source file. Before publishing, consider adding a comment containing "SPDX-License-Identifier: <SPDX-License>" to each source file. Use "SPDX-License-Identifier: UNLICENSED" for non-open-source code. Please see https://spdx.org for more information.
--> tests/semantic/solidity/test/libsolidity/semanticTests/structs/calldata/calldata_struct_struct_member_dynamic_marked.sol

____________________________________________________ test_semantics[/home/greg/dev/nethermind/warp/tests/semantic/solidity/test/libsolidity/semanticTests/structs/struct_delete_storage_with_array.sol] ____________________________________________________
../../../warp_dev/lib/python3.7/site-packages/cairo_lang-0.6.2-py3.7.egg/starkware/starknet/business_logic/internal_transaction.py:539: in _run
    verify_secure=True,
../../../warp_dev/lib/python3.7/site-packages/cairo_lang-0.6.2-py3.7.egg/starkware/cairo/common/cairo_function_runner.py:199: in run_from_entrypoint
    self.run_until_pc(addr=end, run_resources=run_resources)
../../../warp_dev/lib/python3.7/site-packages/cairo_lang-0.6.2-py3.7.egg/starkware/cairo/lang/vm/cairo_runner.py:284: in run_until_pc
    self.vm_step()
../../../warp_dev/lib/python3.7/site-packages/cairo_lang-0.6.2-py3.7.egg/starkware/cairo/lang/vm/cairo_runner.py:298: in vm_step
    self.vm.step()
../../../warp_dev/lib/python3.7/site-packages/cairo_lang-0.6.2-py3.7.egg/starkware/cairo/lang/vm/virtual_machine_base.py:255: in step
    self.run_instruction(instruction)
../../../warp_dev/lib/python3.7/site-packages/cairo_lang-0.6.2-py3.7.egg/starkware/cairo/lang/vm/vm_core.py:422: in run_instruction
    raise self.as_vm_exception(exc) from None
E   starkware.cairo.lang.vm.vm_exceptions.VmException: /home/greg/dev/nethermind/warp/tests/semantic/solidity/test/libsolidity/semanticTests/structs/struct_delete_storage_with_array.cairo.temp:196:9: Error at pc=0:2713:
E   An ASSERT_EQ instruction failed: 1 != 0.
E           assert 0 = 1
E           ^**********^
E   Cairo traceback (most recent call last):
E   /home/greg/dev/nethermind/warp/tests/semantic/solidity/test/libsolidity/semanticTests/structs/struct_delete_storage_with_array.cairo.temp:54:6: (pc=0:2192)
E   func __main{
E        ^****^
E   /home/greg/dev/nethermind/warp/tests/semantic/solidity/test/libsolidity/semanticTests/structs/struct_delete_storage_with_array.cairo.temp:68:9: (pc=0:2131)
E           __main_meat()
E           ^***********^
E   /home/greg/dev/nethermind/warp/tests/semantic/solidity/test/libsolidity/semanticTests/structs/struct_delete_storage_with_array.cairo.temp:544:5: (pc=0:4048)
E       __warp_if_1(__warp_subexpr_0)
E       ^***************************^
E   /home/greg/dev/nethermind/warp/tests/semantic/solidity/test/libsolidity/semanticTests/structs/struct_delete_storage_with_array.cairo.temp:528:9: (pc=0:4002)
E           __warp_block_1()
E           ^**************^
E   /home/greg/dev/nethermind/warp/tests/semantic/solidity/test/libsolidity/semanticTests/structs/struct_delete_storage_with_array.cairo.temp:518:5: (pc=0:3977)
E       __warp_block_2()
E       ^**************^
E   /home/greg/dev/nethermind/warp/tests/semantic/solidity/test/libsolidity/semanticTests/structs/struct_delete_storage_with_array.cairo.temp:509:5: (pc=0:3964)
E       __warp_block_3(match_var)
E       ^***********************^
E   /home/greg/dev/nethermind/warp/tests/semantic/solidity/test/libsolidity/semanticTests/structs/struct_delete_storage_with_array.cairo.temp:498:5: (pc=0:3929)
E       __warp_if_2(__warp_subexpr_0, match_var)
E       ^**************************************^
E   /home/greg/dev/nethermind/warp/tests/semantic/solidity/test/libsolidity/semanticTests/structs/struct_delete_storage_with_array.cairo.temp:484:9: (pc=0:3903)
E           __warp_block_4()
E           ^**************^
E   /home/greg/dev/nethermind/warp/tests/semantic/solidity/test/libsolidity/semanticTests/structs/struct_delete_storage_with_array.cairo.temp:431:5: (pc=0:3701)
E       assert_helper(__warp_subexpr_14)
E       ^******************************^

During handling of the above exception, another exception occurred:
tests/semantic/test_semantics.py:161: in test_semantics
    res = await invoke_method_evm_calldata(starknet, contract_address, argument)
../../../warp_dev/lib/python3.7/site-packages/sol_warp-0.2.12-py3.7.egg/yul/starknet_utils.py:30: in invoke_method_evm_calldata
    caller_address=0,
../../../warp_dev/lib/python3.7/site-packages/cairo_lang-0.6.2-py3.7.egg/starkware/starknet/testing/state.py:153: in invoke_raw
    state=state_copy, general_config=self.general_config
../../../warp_dev/lib/python3.7/site-packages/cairo_lang-0.6.2-py3.7.egg/starkware/starknet/business_logic/internal_transaction_interface.py:213: in apply_state_updates
    state=state_to_update, general_config=general_config
../../../warp_dev/lib/python3.7/site-packages/cairo_lang-0.6.2-py3.7.egg/starkware/starknet/business_logic/internal_transaction.py:405: in _apply_specific_state_updates
    func=_synchronous_apply_specific_state_updates,
/usr/lib/python3.7/concurrent/futures/thread.py:57: in run
    result = self.fn(*self.args, **self.kwargs)
../../../warp_dev/lib/python3.7/site-packages/cairo_lang-0.6.2-py3.7.egg/starkware/starknet/business_logic/internal_transaction.py:433: in _synchronous_apply_specific_state_updates
    run_resources=run_resources,
../../../warp_dev/lib/python3.7/site-packages/cairo_lang-0.6.2-py3.7.egg/starkware/starknet/business_logic/internal_transaction.py:559: in _run
    raise StarkException(code=code, message=str(exception))
E   starkware.starkware_utils.error_handling.StarkException: (500, {'code': <StarknetErrorCode.TRANSACTION_FAILED: 28>, 'message': '/home/greg/dev/nethermind/warp/tests/semantic/solidity/test/libsolidity/semanticTests/structs/struct_delete_storage_with_array.cairo.temp:196:9: Error at pc=0:2713:\nAn ASSERT_EQ instruction failed: 1 != 0.\n        assert 0 = 1\n        ^**********^\nCairo traceback (most recent call last):\n/home/greg/dev/nethermind/warp/tests/semantic/solidity/test/libsolidity/semanticTests/structs/struct_delete_storage_with_array.cairo.temp:54:6: (pc=0:2192)\nfunc __main{\n     ^****^\n/home/greg/dev/nethermind/warp/tests/semantic/solidity/test/libsolidity/semanticTests/structs/struct_delete_storage_with_array.cairo.temp:68:9: (pc=0:2131)\n        __main_meat()\n        ^***********^\n/home/greg/dev/nethermind/warp/tests/semantic/solidity/test/libsolidity/semanticTests/structs/struct_delete_storage_with_array.cairo.temp:544:5: (pc=0:4048)\n    __warp_if_1(__warp_subexpr_0)\n    ^***************************^\n/home/greg/dev/nethermind/warp/tests/semantic/solidity/test/libsolidity/semanticTests/structs/struct_delete_storage_with_array.cairo.temp:528:9: (pc=0:4002)\n        __warp_block_1()\n        ^**************^\n/home/greg/dev/nethermind/warp/tests/semantic/solidity/test/libsolidity/semanticTests/structs/struct_delete_storage_with_array.cairo.temp:518:5: (pc=0:3977)\n    __warp_block_2()\n    ^**************^\n/home/greg/dev/nethermind/warp/tests/semantic/solidity/test/libsolidity/semanticTests/structs/struct_delete_storage_with_array.cairo.temp:509:5: (pc=0:3964)\n    __warp_block_3(match_var)\n    ^***********************^\n/home/greg/dev/nethermind/warp/tests/semantic/solidity/test/libsolidity/semanticTests/structs/struct_delete_storage_with_array.cairo.temp:498:5: (pc=0:3929)\n    __warp_if_2(__warp_subexpr_0, match_var)\n    ^**************************************^\n/home/greg/dev/nethermind/warp/tests/semantic/solidity/test/libsolidity/semanticTests/structs/struct_delete_storage_with_array.cairo.temp:484:9: (pc=0:3903)\n        __warp_block_4()\n        ^**************^\n/home/greg/dev/nethermind/warp/tests/semantic/solidity/test/libsolidity/semanticTests/structs/struct_delete_storage_with_array.cairo.temp:431:5: (pc=0:3701)\n    assert_helper(__warp_subexpr_14)\n    ^******************************^'})
------------------------------------------------------------------------------------------------------------------- Captured stdout call -------------------------------------------------------------------------------------------------------------------
{'callData': '0x26121ff0', 'expectations': '0x', 'failure': False, 'signature': 'f()'}
------------------------------------------------------------------------------------------------------------------- Captured stderr call -------------------------------------------------------------------------------------------------------------------
Warning: SPDX license identifier not provided in source file. Before publishing, consider adding a comment containing "SPDX-License-Identifier: <SPDX-License>" to each source file. Use "SPDX-License-Identifier: UNLICENSED" for non-open-source code. Please see https://spdx.org for more information.
--> tests/semantic/solidity/test/libsolidity/semanticTests/structs/calldata/calldata_struct_with_nested_array_to_memory_marked.sol

Warning: Function state mutability can be restricted to pure
 --> tests/semantic/solidity/test/libsolidity/semanticTests/structs/calldata/calldata_struct_with_nested_array_to_memory_marked.sol:9:5:
  |
9 |     function f(uint32 p1, S calldata c) external returns(uint32, uint128, uint256, uint256, uint32) {
  |     ^ (Relevant source part starts here and spans across multiple lines).

___________________________________________________ test_semantics[/home/greg/dev/nethermind/warp/tests/semantic/solidity/test/libsolidity/semanticTests/structs/calldata/calldata_struct_to_memory.sol] ___________________________________________________
FAILURE: /home/greg/dev/nethermind/warp/tests/semantic/solidity/test/libsolidity/semanticTests/structs/calldata/calldata_struct_to_memory.cairo.temp
assert '0x0000000000...0000000000000' == '0x0000000000...0000000000000'
  - 0x000000000000000000000000000000000000000000000000000000000000002a00000000000000000000000000000000000000000000000000000000000000176200000000000000000000000000000000000000000000000000000000000000
  ?                                                                                                                                   --
  + 0x000000000000000000000000000000000000000000000000000000000000002a00000000000000000000000000000000000000000000000000000000000000170000000000000000000000000000000000000000000000000000000000000000
  ?                                                 ...
  
  ...Full output truncated (1 line hidden), use '-vv' to show
tests/semantic/test_semantics.py:173 in test_semantics() -> check.equal(final_res, expected_result, cairo_file_path)
------------------------------------------------------------
Failed Checks: 1
------------------------------------------------------------------------------------------------------------------- Captured stdout call -------------------------------------------------------------------------------------------------------------------
{'callData': '0x443e52f4000000000000000000000000000000000000000000000000000000000000000c0000000000000000000000000000000000000000000000000000000000000060000000000000000000000000000000000000000000000000000000000000000d000000000000000000000000000000000000000000000000000000000000002131323334353637383930313233343536373839303132333435363738393031323300000000000000000000000000000000000000000000000000000000000000', 'expectations': '0x0000000000000000000000000000000000000000000000000000000000000001', 'failure': False, 'signature': 'set(uint256,bytes,uint256)'}
{'callData': '0xf8f13325000000000000000000000000000000000000000000000000000000000000002a00000000000000000000000000000000000000000000000000000000000000176162000000000000000000000000000000000000000000000000000000000000', 'expectations': '0x000000000000000000000000000000000000000000000000000000000000002a00000000000000000000000000000000000000000000000000000000000000176200000000000000000000000000000000000000000000000000000000000000', 'failure': False, 'signature': 'f((uint256,uint256,bytes2))'}
------------------------------------------------------------------------------------------------------------------- Captured stderr call -------------------------------------------------------------------------------------------------------------------
Warning: SPDX license identifier not provided in source file. Before publishing, consider adding a comment containing "SPDX-License-Identifier: <SPDX-License>" to each source file. Use "SPDX-License-Identifier: UNLICENSED" for non-open-source code. Please see https://spdx.org for more information.
--> tests/semantic/solidity/test/libsolidity/semanticTests/structs/calldata/dynamic_nested_marked.sol

__________________________________________________ test_semantics[/home/greg/dev/nethermind/warp/tests/semantic/solidity/test/libsolidity/semanticTests/structs/calldata/calldata_struct_to_storage.sol] ___________________________________________________
FAILURE: /home/greg/dev/nethermind/warp/tests/semantic/solidity/test/libsolidity/semanticTests/structs/calldata/calldata_struct_to_storage.cairo.temp
assert '0x0000000000...0000000000000' == '0x0000000000...0000000000000'
  - 0x000000000000000000000000000000000000000000000000000000000000002a00000000000000000000000000000000000000000000000000000000000000176200000000000000000000000000000000000000000000000000000000000000
  ?                                                                                                                                   --
  + 0x000000000000000000000000000000000000000000000000000000000000002a00000000000000000000000000000000000000000000000000000000000000170000000000000000000000000000000000000000000000000000000000000000
  ?                                                 ...
  
  ...Full output truncated (1 line hidden), use '-vv' to show
tests/semantic/test_semantics.py:173 in test_semantics() -> check.equal(final_res, expected_result, cairo_file_path)
------------------------------------------------------------
Failed Checks: 1
_______________________________________________________ test_semantics[/home/greg/dev/nethermind/warp/tests/semantic/solidity/test/libsolidity/semanticTests/structs/memory_structs_nested_load.sol] _______________________________________________________
FAILURE: /home/greg/dev/nethermind/warp/tests/semantic/solidity/test/libsolidity/semanticTests/structs/memory_structs_nested_load.cairo.temp
assert '0x0000000000...00000000000fa' == '0x0000000000...0000000000006'
  - 0x000000000000000000000000000000000000000000000000000000000000000100000000000000000000000000000000000000000000000000000000000000020000000000000000000000000000000000000000000000000000000000000003000000000000000000000000000000000000000000000000000000000000000400000000000000000000000000000000000000000000000000000000000000050000000000000000000000000000000000000000000000000000000000000006
  + 0x00000000000000000000000000000000000000000000000000000000000000ff00000000000000000000000000000000000000000000000000000000000000fe00000000000000000000000000000000000000000000000000000000...
  
  ...Full output truncated (1 line hidden), use '-vv' to show
tests/semantic/test_semantics.py:173 in test_semantics() -> check.equal(final_res, expected_result, cairo_file_path)
FAILURE: /home/greg/dev/nethermind/warp/tests/semantic/solidity/test/libsolidity/semanticTests/structs/memory_structs_nested_load.cairo.temp
assert '0x0000000000...00000000000fa' == '0x0000000000...0000000000006'
  - 0x000000000000000000000000000000000000000000000000000000000000000100000000000000000000000000000000000000000000000000000000000000020000000000000000000000000000000000000000000000000000000000000003000000000000000000000000000000000000000000000000000000000000000400000000000000000000000000000000000000000000000000000000000000050000000000000000000000000000000000000000000000000000000000000006
  + 0x00000000000000000000000000000000000000000000000000000000000000ff00000000000000000000000000000000000000000000000000000000000000fe00000000000000000000000000000000000000000000000000000000...
  
  ...Full output truncated (1 line hidden), use '-vv' to show
tests/semantic/test_semantics.py:173 in test_semantics() -> check.equal(final_res, expected_result, cairo_file_path)
------------------------------------------------------------
Failed Checks: 2
____________________________________________ test_semantics[/home/greg/dev/nethermind/warp/tests/semantic/solidity/test/libsolidity/semanticTests/uninitializedFunctionPointer/invalidStoredInConstructor.sol] _____________________________________________
tests/semantic/test_semantics.py:126: in test_semantics
    contract_file, get_last_contract(contract_file)
../../../warp_dev/lib/python3.7/site-packages/sol_warp-0.2.12-py3.7.egg/yul/main.py:53: in transpile_from_solidity
    codes = json.loads(result.stdout)
/usr/lib/python3.7/json/__init__.py:348: in loads
    return _default_decoder.decode(s)
/usr/lib/python3.7/json/decoder.py:337: in decode
    obj, end = self.raw_decode(s, idx=_w(s, 0).end())
/usr/lib/python3.7/json/decoder.py:355: in raw_decode
    raise JSONDecodeError("Expecting value", s, err.value) from None
E   json.decoder.JSONDecodeError: Expecting value: line 1 column 1 (char 0)
------------------------------------------------------------------------------------------------------------------- Captured stderr call -------------------------------------------------------------------------------------------------------------------
Warning: SPDX license identifier not provided in source file. Before publishing, consider adding a comment containing "SPDX-License-Identifier: <SPDX-License>" to each source file. Use "SPDX-License-Identifier: UNLICENSED" for non-open-source code. Please see https://spdx.org for more information.
--> tests/semantic/solidity/test/libsolidity/semanticTests/uninitializedFunctionPointer/storeInConstructor_marked.sol

Warning: Unnamed return variable can remain unassigned. Add an explicit return with value to all non-reverting code paths or name the variable.
 --> tests/semantic/solidity/test/libsolidity/semanticTests/uninitializedFunctionPointer/storeInConstructor_marked.sol:9:32:
  |
9 |   function f() public returns (uint) {
  |                                ^^^^

Warning: SPDX license identifier not provided in source file. Before publishing, consider adding a comment containing "SPDX-License-Identifier: <SPDX-License>" to each source file. Use "SPDX-License-Identifier: UNLICENSED" for non-open-source code. Please see https://spdx.org for more information.
--> tests/semantic/solidity/test/libsolidity/semanticTests/uninitializedFunctionPointer/invalidStoredInConstructor_marked.sol

_______________________________________________ test_semantics[/home/greg/dev/nethermind/warp/tests/semantic/solidity/test/libsolidity/semanticTests/uninitializedFunctionPointer/invalidInConstructor.sol] ________________________________________________
tests/semantic/test_semantics.py:126: in test_semantics
    contract_file, get_last_contract(contract_file)
../../../warp_dev/lib/python3.7/site-packages/sol_warp-0.2.12-py3.7.egg/yul/main.py:53: in transpile_from_solidity
    codes = json.loads(result.stdout)
/usr/lib/python3.7/json/__init__.py:348: in loads
    return _default_decoder.decode(s)
/usr/lib/python3.7/json/decoder.py:337: in decode
    obj, end = self.raw_decode(s, idx=_w(s, 0).end())
/usr/lib/python3.7/json/decoder.py:355: in raw_decode
    raise JSONDecodeError("Expecting value", s, err.value) from None
E   json.decoder.JSONDecodeError: Expecting value: line 1 column 1 (char 0)
------------------------------------------------------------------------------------------------------------------- Captured stdout call -------------------------------------------------------------------------------------------------------------------
{'callData': '0x90e2e55e0000000000000000000000000000000000000000000000000000000000000020000000000000000000000000000000000000000000000000000000000000002a0000000000000000000000000000000000000000000000000000000000000060000000000000000000000000000000000000000000000000000000000000001700000000000000000000000000000000000000000000000000000000000000026162000000000000000000000000000000000000000000000000000000000000', 'expectations': '0x000000000000000000000000000000000000000000000000000000000000002a610000000000000000000000000000000000000000000000000000000000000062000000000000000000000000000000000000000000000000000000000000000000000000000000000000000000000000000000000000000000000000000017', 'failure': False, 'signature': 'f((uint256,bytes,uint256))'}
------------------------------------------------------------------------------------------------------------------- Captured stderr call -------------------------------------------------------------------------------------------------------------------
Warning: SPDX license identifier not provided in source file. Before publishing, consider adding a comment containing "SPDX-License-Identifier: <SPDX-License>" to each source file. Use "SPDX-License-Identifier: UNLICENSED" for non-open-source code. Please see https://spdx.org for more information.
--> tests/semantic/solidity/test/libsolidity/semanticTests/uninitializedFunctionPointer/store2_marked.sol

Warning: Unused local variable.
 --> tests/semantic/solidity/test/libsolidity/semanticTests/uninitializedFunctionPointer/store2_marked.sol:7:5:
  |
7 |     uint _y1;
  |     ^^^^^^^^

Warning: Unused local variable.
 --> tests/semantic/solidity/test/libsolidity/semanticTests/uninitializedFunctionPointer/store2_marked.sol:8:5:
  |
8 |     uint _y2;
  |     ^^^^^^^^

Warning: Unused local variable.
 --> tests/semantic/solidity/test/libsolidity/semanticTests/uninitializedFunctionPointer/store2_marked.sol:9:5:
  |
9 |     uint _y3;
  |     ^^^^^^^^

Warning: Unused local variable.
  --> tests/semantic/solidity/test/libsolidity/semanticTests/uninitializedFunctionPointer/store2_marked.sol:10:5:
   |
10 |     uint _y4;
   |     ^^^^^^^^

Warning: Unused local variable.
  --> tests/semantic/solidity/test/libsolidity/semanticTests/uninitializedFunctionPointer/store2_marked.sol:11:5:
   |
11 |     uint _y5;
   |     ^^^^^^^^

Warning: Unused local variable.
  --> tests/semantic/solidity/test/libsolidity/semanticTests/uninitializedFunctionPointer/store2_marked.sol:12:5:
   |
12 |     uint _y6;
   |     ^^^^^^^^

Warning: Unused local variable.
  --> tests/semantic/solidity/test/libsolidity/semanticTests/uninitializedFunctionPointer/store2_marked.sol:13:5:
   |
13 |     uint _y7;
   |     ^^^^^^^^

Warning: Unused local variable.
  --> tests/semantic/solidity/test/libsolidity/semanticTests/uninitializedFunctionPointer/store2_marked.sol:14:5:
   |
14 |     uint _y8;
   |     ^^^^^^^^

Warning: Unused local variable.
  --> tests/semantic/solidity/test/libsolidity/semanticTests/uninitializedFunctionPointer/store2_marked.sol:15:5:
   |
15 |     uint _y9;
   |     ^^^^^^^^

Warning: Unused local variable.
  --> tests/semantic/solidity/test/libsolidity/semanticTests/uninitializedFunctionPointer/store2_marked.sol:16:5:
   |
16 |     uint _y10;
   |     ^^^^^^^^^

Warning: Unused local variable.
  --> tests/semantic/solidity/test/libsolidity/semanticTests/uninitializedFunctionPointer/store2_marked.sol:17:5:
   |
17 |     uint _y11;
   |     ^^^^^^^^^

Warning: Unused local variable.
  --> tests/semantic/solidity/test/libsolidity/semanticTests/uninitializedFunctionPointer/store2_marked.sol:18:5:
   |
18 |     uint _y12;
   |     ^^^^^^^^^

Warning: Unused local variable.
  --> tests/semantic/solidity/test/libsolidity/semanticTests/uninitializedFunctionPointer/store2_marked.sol:19:5:
   |
19 |     uint _y13;
   |     ^^^^^^^^^

Warning: Unused local variable.
  --> tests/semantic/solidity/test/libsolidity/semanticTests/uninitializedFunctionPointer/store2_marked.sol:20:5:
   |
20 |     uint _y14;
   |     ^^^^^^^^^

Warning: SPDX license identifier not provided in source file. Before publishing, consider adding a comment containing "SPDX-License-Identifier: <SPDX-License>" to each source file. Use "SPDX-License-Identifier: UNLICENSED" for non-open-source code. Please see https://spdx.org for more information.
--> tests/semantic/solidity/test/libsolidity/semanticTests/uninitializedFunctionPointer/invalidInConstructor_marked.sol

__________________________________________________________ test_semantics[/home/greg/dev/nethermind/warp/tests/semantic/solidity/test/libsolidity/semanticTests/salted_create/salted_create.sol] ___________________________________________________________
tests/semantic/test_semantics.py:126: in test_semantics
    contract_file, get_last_contract(contract_file)
../../../warp_dev/lib/python3.7/site-packages/sol_warp-0.2.12-py3.7.egg/yul/main.py:53: in transpile_from_solidity
    codes = json.loads(result.stdout)
/usr/lib/python3.7/json/__init__.py:348: in loads
    return _default_decoder.decode(s)
/usr/lib/python3.7/json/decoder.py:337: in decode
    obj, end = self.raw_decode(s, idx=_w(s, 0).end())
/usr/lib/python3.7/json/decoder.py:355: in raw_decode
    raise JSONDecodeError("Expecting value", s, err.value) from None
E   json.decoder.JSONDecodeError: Expecting value: line 1 column 1 (char 0)
------------------------------------------------------------------------------------------------------------------- Captured stderr call -------------------------------------------------------------------------------------------------------------------
Warning: SPDX license identifier not provided in source file. Before publishing, consider adding a comment containing "SPDX-License-Identifier: <SPDX-License>" to each source file. Use "SPDX-License-Identifier: UNLICENSED" for non-open-source code. Please see https://spdx.org for more information.
--> tests/semantic/solidity/test/libsolidity/semanticTests/uninitializedFunctionPointer/uninitialized_internal_storage_function_via_yul_marked.sol

Warning: Function state mutability can be restricted to view
 --> tests/semantic/solidity/test/libsolidity/semanticTests/uninitializedFunctionPointer/uninitialized_internal_storage_function_via_yul_marked.sol:4:2:
  |
4 |     function f() public returns (bool) {
  |     ^ (Relevant source part starts here and spans across multiple lines).

Warning: SPDX license identifier not provided in source file. Before publishing, consider adding a comment containing "SPDX-License-Identifier: <SPDX-License>" to each source file. Use "SPDX-License-Identifier: UNLICENSED" for non-open-source code. Please see https://spdx.org for more information.
--> tests/semantic/solidity/test/libsolidity/semanticTests/salted_create/salted_create_marked.sol

Warning: Unused local variable.
  --> tests/semantic/solidity/test/libsolidity/semanticTests/salted_create/salted_create_marked.sol:12:9:
   |
12 |         B x = new B{salt: "xyz"}();
   |         ^^^

______________________________________________________ test_semantics[/home/greg/dev/nethermind/warp/tests/semantic/solidity/test/libsolidity/semanticTests/structs/calldata/dynamically_encoded.sol] ______________________________________________________
../../../warp_dev/lib/python3.7/site-packages/cairo_lang-0.6.2-py3.7.egg/starkware/starknet/business_logic/internal_transaction.py:539: in _run
    verify_secure=True,
../../../warp_dev/lib/python3.7/site-packages/cairo_lang-0.6.2-py3.7.egg/starkware/cairo/common/cairo_function_runner.py:199: in run_from_entrypoint
    self.run_until_pc(addr=end, run_resources=run_resources)
../../../warp_dev/lib/python3.7/site-packages/cairo_lang-0.6.2-py3.7.egg/starkware/cairo/lang/vm/cairo_runner.py:284: in run_until_pc
    self.vm_step()
../../../warp_dev/lib/python3.7/site-packages/cairo_lang-0.6.2-py3.7.egg/starkware/cairo/lang/vm/cairo_runner.py:298: in vm_step
    self.vm.step()
../../../warp_dev/lib/python3.7/site-packages/cairo_lang-0.6.2-py3.7.egg/starkware/cairo/lang/vm/virtual_machine_base.py:255: in step
    self.run_instruction(instruction)
../../../warp_dev/lib/python3.7/site-packages/cairo_lang-0.6.2-py3.7.egg/starkware/cairo/lang/vm/vm_core.py:422: in run_instruction
    raise self.as_vm_exception(exc) from None
E   starkware.cairo.lang.vm.vm_exceptions.VmException: /home/greg/dev/nethermind/warp/tests/semantic/solidity/test/libsolidity/semanticTests/structs/calldata/dynamically_encoded.cairo.temp:95:9: Error at pc=0:2121:
E   An ASSERT_EQ instruction failed: 1 != 0.
E           assert 0 = 1
E           ^**********^
E   Cairo traceback (most recent call last):
E   /home/greg/dev/nethermind/warp/tests/semantic/solidity/test/libsolidity/semanticTests/structs/calldata/dynamically_encoded.cairo.temp:35:6: (pc=0:1936)
E   func __main{bitwise_ptr : BitwiseBuiltin*, range_check_ptr}(
E        ^****^
E   /home/greg/dev/nethermind/warp/tests/semantic/solidity/test/libsolidity/semanticTests/structs/calldata/dynamically_encoded.cairo.temp:48:9: (pc=0:1881)
E           __main_meat()
E           ^***********^
E   /home/greg/dev/nethermind/warp/tests/semantic/solidity/test/libsolidity/semanticTests/structs/calldata/dynamically_encoded.cairo.temp:231:5: (pc=0:2587)
E       __warp_if_0(__warp_subexpr_0)
E       ^***************************^
E   /home/greg/dev/nethermind/warp/tests/semantic/solidity/test/libsolidity/semanticTests/structs/calldata/dynamically_encoded.cairo.temp:216:9: (pc=0:2543)
E           __warp_block_0()
E           ^**************^
E   /home/greg/dev/nethermind/warp/tests/semantic/solidity/test/libsolidity/semanticTests/structs/calldata/dynamically_encoded.cairo.temp:207:5: (pc=0:2522)
E       __warp_if_1(__warp_subexpr_0)
E       ^***************************^
E   /home/greg/dev/nethermind/warp/tests/semantic/solidity/test/libsolidity/semanticTests/structs/calldata/dynamically_encoded.cairo.temp:193:9: (pc=0:2479)
E           __warp_block_1()
E           ^**************^
E   /home/greg/dev/nethermind/warp/tests/semantic/solidity/test/libsolidity/semanticTests/structs/calldata/dynamically_encoded.cairo.temp:169:34: (pc=0:2364)
E           expr_length : Uint256) = access_calldata_tail_array_uint256_dyn_calldata(_3, _3)
E                                    ^*****************************************************^

During handling of the above exception, another exception occurred:
tests/semantic/test_semantics.py:161: in test_semantics
    res = await invoke_method_evm_calldata(starknet, contract_address, argument)
../../../warp_dev/lib/python3.7/site-packages/sol_warp-0.2.12-py3.7.egg/yul/starknet_utils.py:30: in invoke_method_evm_calldata
    caller_address=0,
../../../warp_dev/lib/python3.7/site-packages/cairo_lang-0.6.2-py3.7.egg/starkware/starknet/testing/state.py:153: in invoke_raw
    state=state_copy, general_config=self.general_config
../../../warp_dev/lib/python3.7/site-packages/cairo_lang-0.6.2-py3.7.egg/starkware/starknet/business_logic/internal_transaction_interface.py:213: in apply_state_updates
    state=state_to_update, general_config=general_config
../../../warp_dev/lib/python3.7/site-packages/cairo_lang-0.6.2-py3.7.egg/starkware/starknet/business_logic/internal_transaction.py:405: in _apply_specific_state_updates
    func=_synchronous_apply_specific_state_updates,
/usr/lib/python3.7/concurrent/futures/thread.py:57: in run
    result = self.fn(*self.args, **self.kwargs)
../../../warp_dev/lib/python3.7/site-packages/cairo_lang-0.6.2-py3.7.egg/starkware/starknet/business_logic/internal_transaction.py:433: in _synchronous_apply_specific_state_updates
    run_resources=run_resources,
../../../warp_dev/lib/python3.7/site-packages/cairo_lang-0.6.2-py3.7.egg/starkware/starknet/business_logic/internal_transaction.py:559: in _run
    raise StarkException(code=code, message=str(exception))
E   starkware.starkware_utils.error_handling.StarkException: (500, {'code': <StarknetErrorCode.TRANSACTION_FAILED: 28>, 'message': '/home/greg/dev/nethermind/warp/tests/semantic/solidity/test/libsolidity/semanticTests/structs/calldata/dynamically_encoded.cairo.temp:95:9: Error at pc=0:2121:\nAn ASSERT_EQ instruction failed: 1 != 0.\n        assert 0 = 1\n        ^**********^\nCairo traceback (most recent call last):\n/home/greg/dev/nethermind/warp/tests/semantic/solidity/test/libsolidity/semanticTests/structs/calldata/dynamically_encoded.cairo.temp:35:6: (pc=0:1936)\nfunc __main{bitwise_ptr : BitwiseBuiltin*, range_check_ptr}(\n     ^****^\n/home/greg/dev/nethermind/warp/tests/semantic/solidity/test/libsolidity/semanticTests/structs/calldata/dynamically_encoded.cairo.temp:48:9: (pc=0:1881)\n        __main_meat()\n        ^***********^\n/home/greg/dev/nethermind/warp/tests/semantic/solidity/test/libsolidity/semanticTests/structs/calldata/dynamically_encoded.cairo.temp:231:5: (pc=0:2587)\n    __warp_if_0(__warp_subexpr_0)\n    ^***************************^\n/home/greg/dev/nethermind/warp/tests/semantic/solidity/test/libsolidity/semanticTests/structs/calldata/dynamically_encoded.cairo.temp:216:9: (pc=0:2543)\n        __warp_block_0()\n        ^**************^\n/home/greg/dev/nethermind/warp/tests/semantic/solidity/test/libsolidity/semanticTests/structs/calldata/dynamically_encoded.cairo.temp:207:5: (pc=0:2522)\n    __warp_if_1(__warp_subexpr_0)\n    ^***************************^\n/home/greg/dev/nethermind/warp/tests/semantic/solidity/test/libsolidity/semanticTests/structs/calldata/dynamically_encoded.cairo.temp:193:9: (pc=0:2479)\n        __warp_block_1()\n        ^**************^\n/home/greg/dev/nethermind/warp/tests/semantic/solidity/test/libsolidity/semanticTests/structs/calldata/dynamically_encoded.cairo.temp:169:34: (pc=0:2364)\n        expr_length : Uint256) = access_calldata_tail_array_uint256_dyn_calldata(_3, _3)\n                                 ^*****************************************************^'})
------------------------------------------------------------------------------------------------------------------- Captured stdout call -------------------------------------------------------------------------------------------------------------------
{'callData': '0x59862edc000000000000000000000000000000000000000000000000000000000000002000000000000000000000000000000000000000000000000000000000000000200000000000000000000000000000000000000000000000000000000000000002000000000000000000000000000000000000000000000000000000000000002a0000000000000000000000000000000000000000000000000000000000000017', 'expectations': '0x0000000000000000000000000000000000000000000000000000000000000002000000000000000000000000000000000000000000000000000000000000002a0000000000000000000000000000000000000000000000000000000000000017', 'failure': False, 'signature': 'f((uint256[]))'}
------------------------------------------------------------------------------------------------------------------- Captured stderr call -------------------------------------------------------------------------------------------------------------------
Warning: SPDX license identifier not provided in source file. Before publishing, consider adding a comment containing "SPDX-License-Identifier: <SPDX-License>" to each source file. Use "SPDX-License-Identifier: UNLICENSED" for non-open-source code. Please see https://spdx.org for more information.
--> tests/semantic/solidity/test/libsolidity/semanticTests/specialFunctions/abi_encode_with_signature_from_string_marked.sol

_______________________________________________ test_semantics[/home/greg/dev/nethermind/warp/tests/semantic/solidity/test/libsolidity/semanticTests/literals/hex_string_with_non_printable_characters.sol] ________________________________________________
tests/semantic/test_semantics.py:126: in test_semantics
    contract_file, get_last_contract(contract_file)
../../../warp_dev/lib/python3.7/site-packages/sol_warp-0.2.12-py3.7.egg/yul/main.py:54: in transpile_from_solidity
    yul_ast = parse_to_normalized_ast(codes)
../../../warp_dev/lib/python3.7/site-packages/sol_warp-0.2.12-py3.7.egg/yul/parse_object.py:12: in parse_to_normalized_ast
    runtime_code = parse_node(codes["runtimeCode"])
../../../warp_dev/lib/python3.7/site-packages/sol_warp-0.2.12-py3.7.egg/yul/parse.py:38: in parse_node
    return parser(yul_ast)
../../../warp_dev/lib/python3.7/site-packages/sol_warp-0.2.12-py3.7.egg/yul/parse.py:125: in parse_block
    statements = [parse_statement(x) for x in yul_ast["statements"]]
../../../warp_dev/lib/python3.7/site-packages/sol_warp-0.2.12-py3.7.egg/yul/parse.py:125: in <listcomp>
    statements = [parse_statement(x) for x in yul_ast["statements"]]
../../../warp_dev/lib/python3.7/site-packages/sol_warp-0.2.12-py3.7.egg/yul/parse.py:51: in parse_statement
    node = parse_node(yul_ast)
../../../warp_dev/lib/python3.7/site-packages/sol_warp-0.2.12-py3.7.egg/yul/parse.py:38: in parse_node
    return parser(yul_ast)
../../../warp_dev/lib/python3.7/site-packages/sol_warp-0.2.12-py3.7.egg/yul/parse.py:125: in parse_block
    statements = [parse_statement(x) for x in yul_ast["statements"]]
../../../warp_dev/lib/python3.7/site-packages/sol_warp-0.2.12-py3.7.egg/yul/parse.py:125: in <listcomp>
    statements = [parse_statement(x) for x in yul_ast["statements"]]
../../../warp_dev/lib/python3.7/site-packages/sol_warp-0.2.12-py3.7.egg/yul/parse.py:51: in parse_statement
    node = parse_node(yul_ast)
../../../warp_dev/lib/python3.7/site-packages/sol_warp-0.2.12-py3.7.egg/yul/parse.py:38: in parse_node
    return parser(yul_ast)
../../../warp_dev/lib/python3.7/site-packages/sol_warp-0.2.12-py3.7.egg/yul/parse.py:141: in parse_if
    body = parse_block(yul_ast["body"])
../../../warp_dev/lib/python3.7/site-packages/sol_warp-0.2.12-py3.7.egg/yul/parse.py:27: in inner
    return parser(yul_ast)
../../../warp_dev/lib/python3.7/site-packages/sol_warp-0.2.12-py3.7.egg/yul/parse.py:125: in parse_block
    statements = [parse_statement(x) for x in yul_ast["statements"]]
../../../warp_dev/lib/python3.7/site-packages/sol_warp-0.2.12-py3.7.egg/yul/parse.py:125: in <listcomp>
    statements = [parse_statement(x) for x in yul_ast["statements"]]
../../../warp_dev/lib/python3.7/site-packages/sol_warp-0.2.12-py3.7.egg/yul/parse.py:51: in parse_statement
    node = parse_node(yul_ast)
../../../warp_dev/lib/python3.7/site-packages/sol_warp-0.2.12-py3.7.egg/yul/parse.py:38: in parse_node
    return parser(yul_ast)
../../../warp_dev/lib/python3.7/site-packages/sol_warp-0.2.12-py3.7.egg/yul/parse.py:141: in parse_if
    body = parse_block(yul_ast["body"])
../../../warp_dev/lib/python3.7/site-packages/sol_warp-0.2.12-py3.7.egg/yul/parse.py:27: in inner
    return parser(yul_ast)
../../../warp_dev/lib/python3.7/site-packages/sol_warp-0.2.12-py3.7.egg/yul/parse.py:125: in parse_block
    statements = [parse_statement(x) for x in yul_ast["statements"]]
../../../warp_dev/lib/python3.7/site-packages/sol_warp-0.2.12-py3.7.egg/yul/parse.py:125: in <listcomp>
    statements = [parse_statement(x) for x in yul_ast["statements"]]
../../../warp_dev/lib/python3.7/site-packages/sol_warp-0.2.12-py3.7.egg/yul/parse.py:51: in parse_statement
    node = parse_node(yul_ast)
../../../warp_dev/lib/python3.7/site-packages/sol_warp-0.2.12-py3.7.egg/yul/parse.py:38: in parse_node
    return parser(yul_ast)
../../../warp_dev/lib/python3.7/site-packages/sol_warp-0.2.12-py3.7.egg/yul/parse.py:113: in parse_expression_statement
    return ast.ExpressionStatement(parse_expression(yul_ast["expression"]))
../../../warp_dev/lib/python3.7/site-packages/sol_warp-0.2.12-py3.7.egg/yul/parse.py:47: in parse_expression
    return parse_function_call(yul_ast)
../../../warp_dev/lib/python3.7/site-packages/sol_warp-0.2.12-py3.7.egg/yul/parse.py:27: in inner
    return parser(yul_ast)
../../../warp_dev/lib/python3.7/site-packages/sol_warp-0.2.12-py3.7.egg/yul/parse.py:107: in parse_function_call
    args = [parse_expression(x) for x in yul_ast["arguments"]]
../../../warp_dev/lib/python3.7/site-packages/sol_warp-0.2.12-py3.7.egg/yul/parse.py:107: in <listcomp>
    args = [parse_expression(x) for x in yul_ast["arguments"]]
../../../warp_dev/lib/python3.7/site-packages/sol_warp-0.2.12-py3.7.egg/yul/parse.py:45: in parse_expression
    return parse_literal(yul_ast)
../../../warp_dev/lib/python3.7/site-packages/sol_warp-0.2.12-py3.7.egg/yul/parse.py:27: in inner
    return parser(yul_ast)
../../../warp_dev/lib/python3.7/site-packages/sol_warp-0.2.12-py3.7.egg/yul/parse.py:81: in parse_literal
    parsed_string = literal_eval(f"'{yul_string}'")
/usr/lib/python3.7/ast.py:46: in literal_eval
    node_or_string = parse(node_or_string, mode='eval')
/usr/lib/python3.7/ast.py:35: in parse
    return compile(source, filename, mode, PyCF_ONLY_AST)
E   ValueError: source code string cannot contain null bytes
------------------------------------------------------------------------------------------------------------------- Captured stderr call -------------------------------------------------------------------------------------------------------------------
Warning: SPDX license identifier not provided in source file. Before publishing, consider adding a comment containing "SPDX-License-Identifier: <SPDX-License>" to each source file. Use "SPDX-License-Identifier: UNLICENSED" for non-open-source code. Please see https://spdx.org for more information.
--> tests/semantic/solidity/test/libsolidity/semanticTests/literals/hex_string_with_non_printable_characters_marked.sol

_____________________________________________ test_semantics[/home/greg/dev/nethermind/warp/tests/semantic/solidity/test/libsolidity/semanticTests/specialFunctions/abi_encode_with_signature_from_string.sol] _____________________________________________
../../../warp_dev/lib/python3.7/site-packages/cairo_lang-0.6.2-py3.7.egg/starkware/cairo/lang/compiler/preprocessor/preprocessor.py:365: in search_identifier
    result = self.identifiers.search(self.accessible_scopes, ScopedName.from_string(name))
../../../warp_dev/lib/python3.7/site-packages/cairo_lang-0.6.2-py3.7.egg/starkware/cairo/lang/compiler/identifier_manager.py:225: in search
    res = self._search(accessible_scopes=accessible_scopes, name=name, get_scope=False)
../../../warp_dev/lib/python3.7/site-packages/cairo_lang-0.6.2-py3.7.egg/starkware/cairo/lang/compiler/identifier_manager.py:217: in _search
    raise MissingIdentifierError(name[:1])
E   starkware.cairo.lang.compiler.identifier_manager.MissingIdentifierError: Unknown identifier 'bitwise_ptr'.

During handling of the above exception, another exception occurred:
tests/semantic/test_semantics.py:135: in test_semantics
    contract_definition = await starknet_compile(cairo_file_path)
tests/semantic/test_semantics.py:71: in starknet_compile
    [contract_file], debug_info=True, cairo_path=[cairo_path]
../../../warp_dev/lib/python3.7/site-packages/cairo_lang-0.6.2-py3.7.egg/starkware/starknet/compiler/compile.py:107: in compile_starknet_files
    cairo_path=cairo_path,
../../../warp_dev/lib/python3.7/site-packages/cairo_lang-0.6.2-py3.7.egg/starkware/starknet/compiler/compile.py:128: in compile_starknet_codes
    code=codes, debug_info=debug_info, pass_manager=pass_manager
../../../warp_dev/lib/python3.7/site-packages/cairo_lang-0.6.2-py3.7.egg/starkware/cairo/lang/compiler/cairo_compile.py:230: in compile_cairo_ex
    codes=codes_with_filenames, pass_manager=pass_manager, main_scope=main_scope
../../../warp_dev/lib/python3.7/site-packages/cairo_lang-0.6.2-py3.7.egg/starkware/cairo/lang/compiler/preprocessor/preprocess_codes.py:24: in preprocess_codes
    pass_manager.run(context)
../../../warp_dev/lib/python3.7/site-packages/cairo_lang-0.6.2-py3.7.egg/starkware/cairo/lang/compiler/preprocessor/pass_manager.py:53: in run
    stage.run(context)
../../../warp_dev/lib/python3.7/site-packages/cairo_lang-0.6.2-py3.7.egg/starkware/cairo/lang/compiler/preprocessor/default_pass_manager.py:89: in run
    preprocessor.visit(module)
../../../warp_dev/lib/python3.7/site-packages/cairo_lang-0.6.2-py3.7.egg/starkware/cairo/lang/compiler/ast/visitor.py:40: in visit
    return getattr(self, f"visit_{type(obj).__name__}", self._visit_default)(obj)
../../../warp_dev/lib/python3.7/site-packages/cairo_lang-0.6.2-py3.7.egg/starkware/cairo/lang/compiler/preprocessor/preprocessor.py:427: in visit_CairoModule
    super().visit_CairoModule(module)
../../../warp_dev/lib/python3.7/site-packages/cairo_lang-0.6.2-py3.7.egg/starkware/cairo/lang/compiler/ast/visitor.py:63: in visit_CairoModule
    cairo_file=CairoFile(code_block=self.visit(module.cairo_file.code_block)),
../../../warp_dev/lib/python3.7/site-packages/cairo_lang-0.6.2-py3.7.egg/starkware/cairo/lang/compiler/ast/visitor.py:40: in visit
    return getattr(self, f"visit_{type(obj).__name__}", self._visit_default)(obj)
../../../warp_dev/lib/python3.7/site-packages/cairo_lang-0.6.2-py3.7.egg/starkware/cairo/lang/compiler/preprocessor/preprocessor.py:415: in visit_CodeBlock
    self.visit_uncommented_code_block([x.code_elm for x in code_block.code_elements])
../../../warp_dev/lib/python3.7/site-packages/cairo_lang-0.6.2-py3.7.egg/starkware/cairo/lang/compiler/preprocessor/preprocessor.py:397: in visit_uncommented_code_block
    self.visit(elm)
../../../warp_dev/lib/python3.7/site-packages/cairo_lang-0.6.2-py3.7.egg/starkware/cairo/lang/compiler/ast/visitor.py:40: in visit
    return getattr(self, f"visit_{type(obj).__name__}", self._visit_default)(obj)
../../../warp_dev/lib/python3.7/site-packages/cairo_lang-0.6.2-py3.7.egg/starkware/starknet/compiler/starknet_preprocessor.py:172: in visit_CodeElementFunction
    super().visit_CodeElementFunction(elm)
../../../warp_dev/lib/python3.7/site-packages/cairo_lang-0.6.2-py3.7.egg/starkware/cairo/lang/compiler/preprocessor/preprocessor.py:615: in visit_CodeElementFunction
    code_block=elm.code_block, location=elm.identifier.location
../../../warp_dev/lib/python3.7/site-packages/cairo_lang-0.6.2-py3.7.egg/starkware/cairo/lang/compiler/preprocessor/preprocessor.py:671: in visit_function_body_with_retries
    self.visit_uncommented_code_block(code_elements)
../../../warp_dev/lib/python3.7/site-packages/cairo_lang-0.6.2-py3.7.egg/starkware/cairo/lang/compiler/preprocessor/preprocessor.py:397: in visit_uncommented_code_block
    self.visit(elm)
../../../warp_dev/lib/python3.7/site-packages/cairo_lang-0.6.2-py3.7.egg/starkware/cairo/lang/compiler/ast/visitor.py:40: in visit
    return getattr(self, f"visit_{type(obj).__name__}", self._visit_default)(obj)
../../../warp_dev/lib/python3.7/site-packages/cairo_lang-0.6.2-py3.7.egg/starkware/cairo/lang/compiler/preprocessor/preprocessor.py:1757: in visit_CodeElementUnpackBinding
    self.visit(CodeElementFuncCall(func_call=elm.rvalue))
../../../warp_dev/lib/python3.7/site-packages/cairo_lang-0.6.2-py3.7.egg/starkware/cairo/lang/compiler/ast/visitor.py:40: in visit
    return getattr(self, f"visit_{type(obj).__name__}", self._visit_default)(obj)
../../../warp_dev/lib/python3.7/site-packages/cairo_lang-0.6.2-py3.7.egg/starkware/cairo/lang/compiler/preprocessor/preprocessor.py:1616: in visit_CodeElementFuncCall
    location=elm.func_call.location,
../../../warp_dev/lib/python3.7/site-packages/cairo_lang-0.6.2-py3.7.egg/starkware/cairo/lang/compiler/preprocessor/preprocessor.py:1391: in push_arguments
    location=location,
../../../warp_dev/lib/python3.7/site-packages/cairo_lang-0.6.2-py3.7.egg/starkware/cairo/lang/compiler/preprocessor/preprocessor.py:1314: in process_implicit_arguments
    felt_expr_list = self.simplify_expr_to_felt_expr_list(expr, member_def.cairo_type)
../../../warp_dev/lib/python3.7/site-packages/cairo_lang-0.6.2-py3.7.egg/starkware/cairo/lang/compiler/preprocessor/preprocessor.py:2083: in simplify_expr_to_felt_expr_list
    expr, expr_type = self.simplify_expr(expr)
../../../warp_dev/lib/python3.7/site-packages/cairo_lang-0.6.2-py3.7.egg/starkware/cairo/lang/compiler/preprocessor/preprocessor.py:2054: in simplify_expr
    resolve_type_callback=self.resolve_type,
../../../warp_dev/lib/python3.7/site-packages/cairo_lang-0.6.2-py3.7.egg/starkware/cairo/lang/compiler/substitute_identifiers.py:113: in substitute_identifiers
    ).visit(expr)
../../../warp_dev/lib/python3.7/site-packages/cairo_lang-0.6.2-py3.7.egg/starkware/cairo/lang/compiler/expression_transformer.py:47: in visit
    return getattr(self, funcname)(expr)
../../../warp_dev/lib/python3.7/site-packages/cairo_lang-0.6.2-py3.7.egg/starkware/cairo/lang/compiler/substitute_identifiers.py:38: in visit_ExprIdentifier
    val = self.get_identifier_callback(expr)
../../../warp_dev/lib/python3.7/site-packages/cairo_lang-0.6.2-py3.7.egg/starkware/cairo/lang/compiler/preprocessor/preprocessor.py:2185: in get_variable
    identifier_definition = self.search_identifier(var.name, var.location)
../../../warp_dev/lib/python3.7/site-packages/cairo_lang-0.6.2-py3.7.egg/starkware/cairo/lang/compiler/preprocessor/preprocessor.py:368: in search_identifier
    raise PreprocessorError(str(exc), location=location)
E   starkware.cairo.lang.compiler.preprocessor.preprocessor_error.PreprocessorError: /home/greg/dev/nethermind/warp/warp/cairo-src/evm/hashing.cairo:14:20: While trying to retrieve the implicit argument 'bitwise_ptr' in:
E       let (memval) = array_create_from_memory(offset, size)
E                      ^************************************^
E   /home/greg/dev/nethermind/warp/warp/cairo-src/evm/array.cairo:16:53: Unknown identifier 'bitwise_ptr'.
E           memory_dict : DictAccess*, range_check_ptr, bitwise_ptr : BitwiseBuiltin*}(
E                                                       ^***************************^
----------------------------------------------------------------------------------------------------------------- Captured stdout teardown -----------------------------------------------------------------------------------------------------------------
Warning string literal f\\ was parsed as f\
----------------------------------------------------------------------------------------------------------------- Captured stderr teardown -----------------------------------------------------------------------------------------------------------------
Warning: SPDX license identifier not provided in source file. Before publishing, consider adding a comment containing "SPDX-License-Identifier: <SPDX-License>" to each source file. Use "SPDX-License-Identifier: UNLICENSED" for non-open-source code. Please see https://spdx.org for more information.
--> tests/semantic/solidity/test/libsolidity/semanticTests/literals/escape_marked.sol

______________________________________________________ test_semantics[/home/greg/dev/nethermind/warp/tests/semantic/solidity/test/libsolidity/semanticTests/specialFunctions/keccak256_optimized.sol] ______________________________________________________
../../../warp_dev/lib/python3.7/site-packages/cairo_lang-0.6.2-py3.7.egg/starkware/cairo/lang/compiler/preprocessor/preprocessor.py:365: in search_identifier
    result = self.identifiers.search(self.accessible_scopes, ScopedName.from_string(name))
../../../warp_dev/lib/python3.7/site-packages/cairo_lang-0.6.2-py3.7.egg/starkware/cairo/lang/compiler/identifier_manager.py:225: in search
    res = self._search(accessible_scopes=accessible_scopes, name=name, get_scope=False)
../../../warp_dev/lib/python3.7/site-packages/cairo_lang-0.6.2-py3.7.egg/starkware/cairo/lang/compiler/identifier_manager.py:217: in _search
    raise MissingIdentifierError(name[:1])
E   starkware.cairo.lang.compiler.identifier_manager.MissingIdentifierError: Unknown identifier 'bitwise_ptr'.

During handling of the above exception, another exception occurred:
tests/semantic/test_semantics.py:135: in test_semantics
    contract_definition = await starknet_compile(cairo_file_path)
tests/semantic/test_semantics.py:71: in starknet_compile
    [contract_file], debug_info=True, cairo_path=[cairo_path]
../../../warp_dev/lib/python3.7/site-packages/cairo_lang-0.6.2-py3.7.egg/starkware/starknet/compiler/compile.py:107: in compile_starknet_files
    cairo_path=cairo_path,
../../../warp_dev/lib/python3.7/site-packages/cairo_lang-0.6.2-py3.7.egg/starkware/starknet/compiler/compile.py:128: in compile_starknet_codes
    code=codes, debug_info=debug_info, pass_manager=pass_manager
../../../warp_dev/lib/python3.7/site-packages/cairo_lang-0.6.2-py3.7.egg/starkware/cairo/lang/compiler/cairo_compile.py:230: in compile_cairo_ex
    codes=codes_with_filenames, pass_manager=pass_manager, main_scope=main_scope
../../../warp_dev/lib/python3.7/site-packages/cairo_lang-0.6.2-py3.7.egg/starkware/cairo/lang/compiler/preprocessor/preprocess_codes.py:24: in preprocess_codes
    pass_manager.run(context)
../../../warp_dev/lib/python3.7/site-packages/cairo_lang-0.6.2-py3.7.egg/starkware/cairo/lang/compiler/preprocessor/pass_manager.py:53: in run
    stage.run(context)
../../../warp_dev/lib/python3.7/site-packages/cairo_lang-0.6.2-py3.7.egg/starkware/cairo/lang/compiler/preprocessor/default_pass_manager.py:89: in run
    preprocessor.visit(module)
../../../warp_dev/lib/python3.7/site-packages/cairo_lang-0.6.2-py3.7.egg/starkware/cairo/lang/compiler/ast/visitor.py:40: in visit
    return getattr(self, f"visit_{type(obj).__name__}", self._visit_default)(obj)
../../../warp_dev/lib/python3.7/site-packages/cairo_lang-0.6.2-py3.7.egg/starkware/cairo/lang/compiler/preprocessor/preprocessor.py:427: in visit_CairoModule
    super().visit_CairoModule(module)
../../../warp_dev/lib/python3.7/site-packages/cairo_lang-0.6.2-py3.7.egg/starkware/cairo/lang/compiler/ast/visitor.py:63: in visit_CairoModule
    cairo_file=CairoFile(code_block=self.visit(module.cairo_file.code_block)),
../../../warp_dev/lib/python3.7/site-packages/cairo_lang-0.6.2-py3.7.egg/starkware/cairo/lang/compiler/ast/visitor.py:40: in visit
    return getattr(self, f"visit_{type(obj).__name__}", self._visit_default)(obj)
../../../warp_dev/lib/python3.7/site-packages/cairo_lang-0.6.2-py3.7.egg/starkware/cairo/lang/compiler/preprocessor/preprocessor.py:415: in visit_CodeBlock
    self.visit_uncommented_code_block([x.code_elm for x in code_block.code_elements])
../../../warp_dev/lib/python3.7/site-packages/cairo_lang-0.6.2-py3.7.egg/starkware/cairo/lang/compiler/preprocessor/preprocessor.py:397: in visit_uncommented_code_block
    self.visit(elm)
../../../warp_dev/lib/python3.7/site-packages/cairo_lang-0.6.2-py3.7.egg/starkware/cairo/lang/compiler/ast/visitor.py:40: in visit
    return getattr(self, f"visit_{type(obj).__name__}", self._visit_default)(obj)
../../../warp_dev/lib/python3.7/site-packages/cairo_lang-0.6.2-py3.7.egg/starkware/starknet/compiler/starknet_preprocessor.py:172: in visit_CodeElementFunction
    super().visit_CodeElementFunction(elm)
../../../warp_dev/lib/python3.7/site-packages/cairo_lang-0.6.2-py3.7.egg/starkware/cairo/lang/compiler/preprocessor/preprocessor.py:615: in visit_CodeElementFunction
    code_block=elm.code_block, location=elm.identifier.location
../../../warp_dev/lib/python3.7/site-packages/cairo_lang-0.6.2-py3.7.egg/starkware/cairo/lang/compiler/preprocessor/preprocessor.py:671: in visit_function_body_with_retries
    self.visit_uncommented_code_block(code_elements)
../../../warp_dev/lib/python3.7/site-packages/cairo_lang-0.6.2-py3.7.egg/starkware/cairo/lang/compiler/preprocessor/preprocessor.py:397: in visit_uncommented_code_block
    self.visit(elm)
../../../warp_dev/lib/python3.7/site-packages/cairo_lang-0.6.2-py3.7.egg/starkware/cairo/lang/compiler/ast/visitor.py:40: in visit
    return getattr(self, f"visit_{type(obj).__name__}", self._visit_default)(obj)
../../../warp_dev/lib/python3.7/site-packages/cairo_lang-0.6.2-py3.7.egg/starkware/cairo/lang/compiler/preprocessor/preprocessor.py:1757: in visit_CodeElementUnpackBinding
    self.visit(CodeElementFuncCall(func_call=elm.rvalue))
../../../warp_dev/lib/python3.7/site-packages/cairo_lang-0.6.2-py3.7.egg/starkware/cairo/lang/compiler/ast/visitor.py:40: in visit
    return getattr(self, f"visit_{type(obj).__name__}", self._visit_default)(obj)
../../../warp_dev/lib/python3.7/site-packages/cairo_lang-0.6.2-py3.7.egg/starkware/cairo/lang/compiler/preprocessor/preprocessor.py:1616: in visit_CodeElementFuncCall
    location=elm.func_call.location,
../../../warp_dev/lib/python3.7/site-packages/cairo_lang-0.6.2-py3.7.egg/starkware/cairo/lang/compiler/preprocessor/preprocessor.py:1391: in push_arguments
    location=location,
../../../warp_dev/lib/python3.7/site-packages/cairo_lang-0.6.2-py3.7.egg/starkware/cairo/lang/compiler/preprocessor/preprocessor.py:1314: in process_implicit_arguments
    felt_expr_list = self.simplify_expr_to_felt_expr_list(expr, member_def.cairo_type)
../../../warp_dev/lib/python3.7/site-packages/cairo_lang-0.6.2-py3.7.egg/starkware/cairo/lang/compiler/preprocessor/preprocessor.py:2083: in simplify_expr_to_felt_expr_list
    expr, expr_type = self.simplify_expr(expr)
../../../warp_dev/lib/python3.7/site-packages/cairo_lang-0.6.2-py3.7.egg/starkware/cairo/lang/compiler/preprocessor/preprocessor.py:2054: in simplify_expr
    resolve_type_callback=self.resolve_type,
../../../warp_dev/lib/python3.7/site-packages/cairo_lang-0.6.2-py3.7.egg/starkware/cairo/lang/compiler/substitute_identifiers.py:113: in substitute_identifiers
    ).visit(expr)
../../../warp_dev/lib/python3.7/site-packages/cairo_lang-0.6.2-py3.7.egg/starkware/cairo/lang/compiler/expression_transformer.py:47: in visit
    return getattr(self, funcname)(expr)
../../../warp_dev/lib/python3.7/site-packages/cairo_lang-0.6.2-py3.7.egg/starkware/cairo/lang/compiler/substitute_identifiers.py:38: in visit_ExprIdentifier
    val = self.get_identifier_callback(expr)
../../../warp_dev/lib/python3.7/site-packages/cairo_lang-0.6.2-py3.7.egg/starkware/cairo/lang/compiler/preprocessor/preprocessor.py:2185: in get_variable
    identifier_definition = self.search_identifier(var.name, var.location)
../../../warp_dev/lib/python3.7/site-packages/cairo_lang-0.6.2-py3.7.egg/starkware/cairo/lang/compiler/preprocessor/preprocessor.py:368: in search_identifier
    raise PreprocessorError(str(exc), location=location)
E   starkware.cairo.lang.compiler.preprocessor.preprocessor_error.PreprocessorError: /home/greg/dev/nethermind/warp/warp/cairo-src/evm/hashing.cairo:14:20: While trying to retrieve the implicit argument 'bitwise_ptr' in:
E       let (memval) = array_create_from_memory(offset, size)
E                      ^************************************^
E   /home/greg/dev/nethermind/warp/warp/cairo-src/evm/array.cairo:16:53: Unknown identifier 'bitwise_ptr'.
E           memory_dict : DictAccess*, range_check_ptr, bitwise_ptr : BitwiseBuiltin*}(
E                                                       ^***************************^
------------------------------------------------------------------------------------------------------------------- Captured stderr call -------------------------------------------------------------------------------------------------------------------
Warning: SPDX license identifier not provided in source file. Before publishing, consider adding a comment containing "SPDX-License-Identifier: <SPDX-License>" to each source file. Use "SPDX-License-Identifier: UNLICENSED" for non-open-source code. Please see https://spdx.org for more information.
--> tests/semantic/solidity/test/libsolidity/semanticTests/literals/hex_string_with_underscore_marked.sol

__________________________________________________________________ test_semantics[/home/greg/dev/nethermind/warp/tests/semantic/solidity/test/libsolidity/semanticTests/enums/minmax.sol] __________________________________________________________________
tests/semantic/test_semantics.py:126: in test_semantics
    contract_file, get_last_contract(contract_file)
../../../warp_dev/lib/python3.7/site-packages/sol_warp-0.2.12-py3.7.egg/yul/main.py:47: in transpile_from_solidity
    raise e
../../../warp_dev/lib/python3.7/site-packages/sol_warp-0.2.12-py3.7.egg/yul/main.py:43: in transpile_from_solidity
    capture_output=True,
/usr/lib/python3.7/subprocess.py:512: in run
    output=stdout, stderr=stderr)
E   subprocess.CalledProcessError: Command '['kudu', '--yul-json-ast', '/home/greg/dev/nethermind/warp/tests/semantic/solidity/test/libsolidity/semanticTests/enums/minmax.sol', 'test']' returned non-zero exit status 245.
------------------------------------------------------------------------------------------------------------------- Captured stdout call -------------------------------------------------------------------------------------------------------------------
{'callData': '0x4470267a0000000000000000000000000000000000000000000000000000000000000020000000000000000000000000000000000000000000000000000000000000002a00000000000000000000000000000000000000000000000000000000000000600000000000000000000000000000000000000000000000000000000000000017000000000000000000000000000000000000000000000000000000000000000200000000000000000000000000000000000000000000000000000000000000010000000000000000000000000000000000000000000000000000000000000002', 'expectations': '0x000000000000000000000000000000000000000000000000000000000000002a000000000000000000000000000000000000000000000000000000000000000100000000000000000000000000000000000000000000000000000000000000020000000000000000000000000000000000000000000000000000000000000017', 'failure': False, 'signature': 'f((uint32,uint256[],uint64))'}
------------------------------------------------------------------------------------------------------------------- Captured stderr call -------------------------------------------------------------------------------------------------------------------

_____________________________________________ test_semantics[/home/greg/dev/nethermind/warp/tests/semantic/solidity/test/libsolidity/semanticTests/structs/calldata/calldata_struct_array_member_dynamic.sol] ______________________________________________
../../../warp_dev/lib/python3.7/site-packages/cairo_lang-0.6.2-py3.7.egg/starkware/starknet/business_logic/internal_transaction.py:539: in _run
    verify_secure=True,
../../../warp_dev/lib/python3.7/site-packages/cairo_lang-0.6.2-py3.7.egg/starkware/cairo/common/cairo_function_runner.py:199: in run_from_entrypoint
    self.run_until_pc(addr=end, run_resources=run_resources)
../../../warp_dev/lib/python3.7/site-packages/cairo_lang-0.6.2-py3.7.egg/starkware/cairo/lang/vm/cairo_runner.py:284: in run_until_pc
    self.vm_step()
../../../warp_dev/lib/python3.7/site-packages/cairo_lang-0.6.2-py3.7.egg/starkware/cairo/lang/vm/cairo_runner.py:298: in vm_step
    self.vm.step()
../../../warp_dev/lib/python3.7/site-packages/cairo_lang-0.6.2-py3.7.egg/starkware/cairo/lang/vm/virtual_machine_base.py:255: in step
    self.run_instruction(instruction)
../../../warp_dev/lib/python3.7/site-packages/cairo_lang-0.6.2-py3.7.egg/starkware/cairo/lang/vm/vm_core.py:422: in run_instruction
    raise self.as_vm_exception(exc) from None
E   starkware.cairo.lang.vm.vm_exceptions.VmException: /home/greg/dev/nethermind/warp/tests/semantic/solidity/test/libsolidity/semanticTests/structs/calldata/calldata_struct_array_member_dynamic.cairo.temp:95:9: Error at pc=0:2136:
E   An ASSERT_EQ instruction failed: 1 != 0.
E           assert 0 = 1
E           ^**********^
E   Cairo traceback (most recent call last):
E   /home/greg/dev/nethermind/warp/tests/semantic/solidity/test/libsolidity/semanticTests/structs/calldata/calldata_struct_array_member_dynamic.cairo.temp:35:6: (pc=0:1951)
E   func __main{bitwise_ptr : BitwiseBuiltin*, range_check_ptr}(
E        ^****^
E   /home/greg/dev/nethermind/warp/tests/semantic/solidity/test/libsolidity/semanticTests/structs/calldata/calldata_struct_array_member_dynamic.cairo.temp:48:9: (pc=0:1896)
E           __main_meat()
E           ^***********^
E   /home/greg/dev/nethermind/warp/tests/semantic/solidity/test/libsolidity/semanticTests/structs/calldata/calldata_struct_array_member_dynamic.cairo.temp:254:5: (pc=0:2735)
E       __warp_if_0(__warp_subexpr_0)
E       ^***************************^
E   /home/greg/dev/nethermind/warp/tests/semantic/solidity/test/libsolidity/semanticTests/structs/calldata/calldata_struct_array_member_dynamic.cairo.temp:239:9: (pc=0:2691)
E           __warp_block_0()
E           ^**************^
E   /home/greg/dev/nethermind/warp/tests/semantic/solidity/test/libsolidity/semanticTests/structs/calldata/calldata_struct_array_member_dynamic.cairo.temp:230:5: (pc=0:2670)
E       __warp_if_1(__warp_subexpr_0)
E       ^***************************^
E   /home/greg/dev/nethermind/warp/tests/semantic/solidity/test/libsolidity/semanticTests/structs/calldata/calldata_struct_array_member_dynamic.cairo.temp:216:9: (pc=0:2627)
E           __warp_block_1()
E           ^**************^
E   /home/greg/dev/nethermind/warp/tests/semantic/solidity/test/libsolidity/semanticTests/structs/calldata/calldata_struct_array_member_dynamic.cairo.temp:185:34: (pc=0:2472)
E           expr_length : Uint256) = access_calldata_tail_array_uint256_dyn_calldata(_4, _5)
E                                    ^*****************************************************^

During handling of the above exception, another exception occurred:
tests/semantic/test_semantics.py:161: in test_semantics
    res = await invoke_method_evm_calldata(starknet, contract_address, argument)
../../../warp_dev/lib/python3.7/site-packages/sol_warp-0.2.12-py3.7.egg/yul/starknet_utils.py:30: in invoke_method_evm_calldata
    caller_address=0,
../../../warp_dev/lib/python3.7/site-packages/cairo_lang-0.6.2-py3.7.egg/starkware/starknet/testing/state.py:153: in invoke_raw
    state=state_copy, general_config=self.general_config
../../../warp_dev/lib/python3.7/site-packages/cairo_lang-0.6.2-py3.7.egg/starkware/starknet/business_logic/internal_transaction_interface.py:213: in apply_state_updates
    state=state_to_update, general_config=general_config
../../../warp_dev/lib/python3.7/site-packages/cairo_lang-0.6.2-py3.7.egg/starkware/starknet/business_logic/internal_transaction.py:405: in _apply_specific_state_updates
    func=_synchronous_apply_specific_state_updates,
/usr/lib/python3.7/concurrent/futures/thread.py:57: in run
    result = self.fn(*self.args, **self.kwargs)
../../../warp_dev/lib/python3.7/site-packages/cairo_lang-0.6.2-py3.7.egg/starkware/starknet/business_logic/internal_transaction.py:433: in _synchronous_apply_specific_state_updates
    run_resources=run_resources,
../../../warp_dev/lib/python3.7/site-packages/cairo_lang-0.6.2-py3.7.egg/starkware/starknet/business_logic/internal_transaction.py:559: in _run
    raise StarkException(code=code, message=str(exception))
E   starkware.starkware_utils.error_handling.StarkException: (500, {'code': <StarknetErrorCode.TRANSACTION_FAILED: 28>, 'message': '/home/greg/dev/nethermind/warp/tests/semantic/solidity/test/libsolidity/semanticTests/structs/calldata/calldata_struct_array_member_dynamic.cairo.temp:95:9: Error at pc=0:2136:\nAn ASSERT_EQ instruction failed: 1 != 0.\n        assert 0 = 1\n        ^**********^\nCairo traceback (most recent call last):\n/home/greg/dev/nethermind/warp/tests/semantic/solidity/test/libsolidity/semanticTests/structs/calldata/calldata_struct_array_member_dynamic.cairo.temp:35:6: (pc=0:1951)\nfunc __main{bitwise_ptr : BitwiseBuiltin*, range_check_ptr}(\n     ^****^\n/home/greg/dev/nethermind/warp/tests/semantic/solidity/test/libsolidity/semanticTests/structs/calldata/calldata_struct_array_member_dynamic.cairo.temp:48:9: (pc=0:1896)\n        __main_meat()\n        ^***********^\n/home/greg/dev/nethermind/warp/tests/semantic/solidity/test/libsolidity/semanticTests/structs/calldata/calldata_struct_array_member_dynamic.cairo.temp:254:5: (pc=0:2735)\n    __warp_if_0(__warp_subexpr_0)\n    ^***************************^\n/home/greg/dev/nethermind/warp/tests/semantic/solidity/test/libsolidity/semanticTests/structs/calldata/calldata_struct_array_member_dynamic.cairo.temp:239:9: (pc=0:2691)\n        __warp_block_0()\n        ^**************^\n/home/greg/dev/nethermind/warp/tests/semantic/solidity/test/libsolidity/semanticTests/structs/calldata/calldata_struct_array_member_dynamic.cairo.temp:230:5: (pc=0:2670)\n    __warp_if_1(__warp_subexpr_0)\n    ^***************************^\n/home/greg/dev/nethermind/warp/tests/semantic/solidity/test/libsolidity/semanticTests/structs/calldata/calldata_struct_array_member_dynamic.cairo.temp:216:9: (pc=0:2627)\n        __warp_block_1()\n        ^**************^\n/home/greg/dev/nethermind/warp/tests/semantic/solidity/test/libsolidity/semanticTests/structs/calldata/calldata_struct_array_member_dynamic.cairo.temp:185:34: (pc=0:2472)\n        expr_length : Uint256) = access_calldata_tail_array_uint256_dyn_calldata(_4, _5)\n                                 ^*****************************************************^'})
_____________________________________________________________ test_semantics[/home/greg/dev/nethermind/warp/tests/semantic/solidity/test/libsolidity/semanticTests/enums/enum_referencing.sol] _____________________________________________________________
tests/semantic/test_semantics.py:123: in test_semantics
    constructor_args, contract_expectations = get_expectations(contract_file)
tests/semantic/test_semantics.py:102: in get_expectations
    expectations = test_calldata[contract_path]
E   KeyError: './scripts/../test/libsolidity/semanticTests/enums/enum_referencing.sol'
________________________________________________________ test_semantics[/home/greg/dev/nethermind/warp/tests/semantic/solidity/test/libsolidity/semanticTests/structs/calldata/dynamic_nested.sol] _________________________________________________________
../../../warp_dev/lib/python3.7/site-packages/cairo_lang-0.6.2-py3.7.egg/starkware/starknet/business_logic/internal_transaction.py:539: in _run
    verify_secure=True,
../../../warp_dev/lib/python3.7/site-packages/cairo_lang-0.6.2-py3.7.egg/starkware/cairo/common/cairo_function_runner.py:199: in run_from_entrypoint
    self.run_until_pc(addr=end, run_resources=run_resources)
../../../warp_dev/lib/python3.7/site-packages/cairo_lang-0.6.2-py3.7.egg/starkware/cairo/lang/vm/cairo_runner.py:284: in run_until_pc
    self.vm_step()
../../../warp_dev/lib/python3.7/site-packages/cairo_lang-0.6.2-py3.7.egg/starkware/cairo/lang/vm/cairo_runner.py:298: in vm_step
    self.vm.step()
../../../warp_dev/lib/python3.7/site-packages/cairo_lang-0.6.2-py3.7.egg/starkware/cairo/lang/vm/virtual_machine_base.py:255: in step
    self.run_instruction(instruction)
../../../warp_dev/lib/python3.7/site-packages/cairo_lang-0.6.2-py3.7.egg/starkware/cairo/lang/vm/vm_core.py:422: in run_instruction
    raise self.as_vm_exception(exc) from None
E   starkware.cairo.lang.vm.vm_exceptions.VmException: /home/greg/dev/nethermind/warp/tests/semantic/solidity/test/libsolidity/semanticTests/structs/calldata/dynamic_nested.cairo.temp:95:9: Error at pc=0:2121:
E   An ASSERT_EQ instruction failed: 1 != 0.
E           assert 0 = 1
E           ^**********^
E   Cairo traceback (most recent call last):
E   /home/greg/dev/nethermind/warp/tests/semantic/solidity/test/libsolidity/semanticTests/structs/calldata/dynamic_nested.cairo.temp:35:6: (pc=0:1936)
E   func __main{bitwise_ptr : BitwiseBuiltin*, range_check_ptr}(
E        ^****^
E   /home/greg/dev/nethermind/warp/tests/semantic/solidity/test/libsolidity/semanticTests/structs/calldata/dynamic_nested.cairo.temp:48:9: (pc=0:1881)
E           __main_meat()
E           ^***********^
E   /home/greg/dev/nethermind/warp/tests/semantic/solidity/test/libsolidity/semanticTests/structs/calldata/dynamic_nested.cairo.temp:238:5: (pc=0:2628)
E       __warp_if_0(__warp_subexpr_0)
E       ^***************************^
E   /home/greg/dev/nethermind/warp/tests/semantic/solidity/test/libsolidity/semanticTests/structs/calldata/dynamic_nested.cairo.temp:223:9: (pc=0:2584)
E           __warp_block_0()
E           ^**************^
E   /home/greg/dev/nethermind/warp/tests/semantic/solidity/test/libsolidity/semanticTests/structs/calldata/dynamic_nested.cairo.temp:214:5: (pc=0:2563)
E       __warp_if_1(__warp_subexpr_0)
E       ^***************************^
E   /home/greg/dev/nethermind/warp/tests/semantic/solidity/test/libsolidity/semanticTests/structs/calldata/dynamic_nested.cairo.temp:200:9: (pc=0:2520)
E           __warp_block_1()
E           ^**************^
E   /home/greg/dev/nethermind/warp/tests/semantic/solidity/test/libsolidity/semanticTests/structs/calldata/dynamic_nested.cairo.temp:172:34: (pc=0:2393)
E           expr_length : Uint256) = access_calldata_tail_array_struct_S2_calldata_dyn_calldata(_3, _4)
E                                    ^****************************************************************^

During handling of the above exception, another exception occurred:
tests/semantic/test_semantics.py:161: in test_semantics
    res = await invoke_method_evm_calldata(starknet, contract_address, argument)
../../../warp_dev/lib/python3.7/site-packages/sol_warp-0.2.12-py3.7.egg/yul/starknet_utils.py:30: in invoke_method_evm_calldata
    caller_address=0,
../../../warp_dev/lib/python3.7/site-packages/cairo_lang-0.6.2-py3.7.egg/starkware/starknet/testing/state.py:153: in invoke_raw
    state=state_copy, general_config=self.general_config
../../../warp_dev/lib/python3.7/site-packages/cairo_lang-0.6.2-py3.7.egg/starkware/starknet/business_logic/internal_transaction_interface.py:213: in apply_state_updates
    state=state_to_update, general_config=general_config
../../../warp_dev/lib/python3.7/site-packages/cairo_lang-0.6.2-py3.7.egg/starkware/starknet/business_logic/internal_transaction.py:405: in _apply_specific_state_updates
    func=_synchronous_apply_specific_state_updates,
/usr/lib/python3.7/concurrent/futures/thread.py:57: in run
    result = self.fn(*self.args, **self.kwargs)
../../../warp_dev/lib/python3.7/site-packages/cairo_lang-0.6.2-py3.7.egg/starkware/starknet/business_logic/internal_transaction.py:433: in _synchronous_apply_specific_state_updates
    run_resources=run_resources,
../../../warp_dev/lib/python3.7/site-packages/cairo_lang-0.6.2-py3.7.egg/starkware/starknet/business_logic/internal_transaction.py:559: in _run
    raise StarkException(code=code, message=str(exception))
E   starkware.starkware_utils.error_handling.StarkException: (500, {'code': <StarknetErrorCode.TRANSACTION_FAILED: 28>, 'message': '/home/greg/dev/nethermind/warp/tests/semantic/solidity/test/libsolidity/semanticTests/structs/calldata/dynamic_nested.cairo.temp:95:9: Error at pc=0:2121:\nAn ASSERT_EQ instruction failed: 1 != 0.\n        assert 0 = 1\n        ^**********^\nCairo traceback (most recent call last):\n/home/greg/dev/nethermind/warp/tests/semantic/solidity/test/libsolidity/semanticTests/structs/calldata/dynamic_nested.cairo.temp:35:6: (pc=0:1936)\nfunc __main{bitwise_ptr : BitwiseBuiltin*, range_check_ptr}(\n     ^****^\n/home/greg/dev/nethermind/warp/tests/semantic/solidity/test/libsolidity/semanticTests/structs/calldata/dynamic_nested.cairo.temp:48:9: (pc=0:1881)\n        __main_meat()\n        ^***********^\n/home/greg/dev/nethermind/warp/tests/semantic/solidity/test/libsolidity/semanticTests/structs/calldata/dynamic_nested.cairo.temp:238:5: (pc=0:2628)\n    __warp_if_0(__warp_subexpr_0)\n    ^***************************^\n/home/greg/dev/nethermind/warp/tests/semantic/solidity/test/libsolidity/semanticTests/structs/calldata/dynamic_nested.cairo.temp:223:9: (pc=0:2584)\n        __warp_block_0()\n        ^**************^\n/home/greg/dev/nethermind/warp/tests/semantic/solidity/test/libsolidity/semanticTests/structs/calldata/dynamic_nested.cairo.temp:214:5: (pc=0:2563)\n    __warp_if_1(__warp_subexpr_0)\n    ^***************************^\n/home/greg/dev/nethermind/warp/tests/semantic/solidity/test/libsolidity/semanticTests/structs/calldata/dynamic_nested.cairo.temp:200:9: (pc=0:2520)\n        __warp_block_1()\n        ^**************^\n/home/greg/dev/nethermind/warp/tests/semantic/solidity/test/libsolidity/semanticTests/structs/calldata/dynamic_nested.cairo.temp:172:34: (pc=0:2393)\n        expr_length : Uint256) = access_calldata_tail_array_struct_S2_calldata_dyn_calldata(_3, _4)\n                                 ^****************************************************************^'})
------------------------------------------------------------------------------------------------------------------- Captured stdout call -------------------------------------------------------------------------------------------------------------------
{'callData': '0xe2179b8e', 'expectations': '0x0000000000000000000000000000000000000000000000000000000000000002', 'failure': False, 'signature': 'g()'}
{'callData': '0xcc93a45800000000000000000000000000000000000000000000000000000000000000200000000000000000000000000000000000000000000000000000000000000011000000000000000000000000000000000000000000000000000000000000004000000000000000000000000000000000000000000000000000000000000000020000000000000000000000000000000000000000000000000000000000000017000000000000000000000000000000000000000000000000000000000000002a', 'expectations': '0x000000000000000000000000000000000000000000000000000000000000000200000000000000000000000000000000000000000000000000000000000000110000000000000000000000000000000000000000000000000000000000000017000000000000000000000000000000000000000000000000000000000000002a', 'failure': False, 'signature': 'f((uint256,(uint256)[]))'}
{'callData': '0x26121ff0', 'expectations': '0x0000000000000000000000000000000000000000000000000000000000000002', 'failure': False, 'signature': 'f()'}
{'callData': '0x394b834100000000000000000000000000000000000000000000000000000000000000370000000000000000000000000000000000000000000000000000000000000040000000000000000000000000000000000000000000000000000000000000004d0000000000000000000000000000000000000000000000000000000000000060000000000000000000000000000000000000000000000000000000000000005800000000000000000000000000000000000000000000000000000000000000400000000000000000000000000000000000000000000000000000000000000040000000000000000000000000000000000000000000000000000000000000000200000000000000000000000000000000000000000000000000000000000000010000000000000000000000000000000000000000000000000000000000000002', 'expectations': '0x0000000000000000000000000000000000000000000000000000000000000037000000000000000000000000000000000000000000000000000000000000004d000000000000000000000000000000000000000000000000000000000000000100000000000000000000000000000000000000000000000000000000000000020000000000000000000000000000000000000000000000000000000000000058', 'failure': False, 'signature': 'f(uint32,(uint128,uint256[][2],uint32))'}
------------------------------------------------------------------------------------------------------------------- Captured stderr call -------------------------------------------------------------------------------------------------------------------
Warning: SPDX license identifier not provided in source file. Before publishing, consider adding a comment containing "SPDX-License-Identifier: <SPDX-License>" to each source file. Use "SPDX-License-Identifier: UNLICENSED" for non-open-source code. Please see https://spdx.org for more information.
--> tests/semantic/solidity/test/libsolidity/semanticTests/enums/using_inherited_enum_excplicitly_marked.sol

Warning: Function state mutability can be restricted to pure
 --> tests/semantic/solidity/test/libsolidity/semanticTests/enums/using_inherited_enum_excplicitly_marked.sol:6:5:
  |
6 |     function answer() public returns (base.Choice _ret) {
  |     ^ (Relevant source part starts here and spans across multiple lines).

----------------------------------------------------------------------------------------------------------------- Captured stderr teardown -----------------------------------------------------------------------------------------------------------------
Warning: SPDX license identifier not provided in source file. Before publishing, consider adding a comment containing "SPDX-License-Identifier: <SPDX-License>" to each source file. Use "SPDX-License-Identifier: UNLICENSED" for non-open-source code. Please see https://spdx.org for more information.
--> tests/semantic/solidity/test/libsolidity/semanticTests/enums/enum_with_256_members_marked.sol

Warning: Function state mutability can be restricted to pure
  --> tests/semantic/solidity/test/libsolidity/semanticTests/enums/enum_with_256_members_marked.sol:32:5:
   |
32 |     function getMinMax() public returns (E, E) {
   |     ^ (Relevant source part starts here and spans across multiple lines).

Warning: Function state mutability can be restricted to pure
  --> tests/semantic/solidity/test/libsolidity/semanticTests/enums/enum_with_256_members_marked.sol:35:5:
   |
35 |     function intToEnum(uint8 _i) public returns (E) {
   |     ^ (Relevant source part starts here and spans across multiple lines).

Warning: Function state mutability can be restricted to pure
  --> tests/semantic/solidity/test/libsolidity/semanticTests/enums/enum_with_256_members_marked.sol:38:5:
   |
38 |     function enumToInt(E _e) public returns (uint8) {
   |     ^ (Relevant source part starts here and spans across multiple lines).

Warning: Function state mutability can be restricted to pure
  --> tests/semantic/solidity/test/libsolidity/semanticTests/enums/enum_with_256_members_marked.sol:41:5:
   |
41 |     function decodeEnum(bytes memory data) public returns (E) {
   |     ^ (Relevant source part starts here and spans across multiple lines).

___________________________________________________________ test_semantics[/home/greg/dev/nethermind/warp/tests/semantic/solidity/test/libsolidity/semanticTests/enums/invalid_enum_logged.sol] ____________________________________________________________
tests/semantic/test_semantics.py:123: in test_semantics
    constructor_args, contract_expectations = get_expectations(contract_file)
tests/semantic/test_semantics.py:102: in get_expectations
    expectations = test_calldata[contract_path]
E   KeyError: './scripts/../test/libsolidity/semanticTests/enums/invalid_enum_logged.sol'
_________________________________________ test_semantics[/home/greg/dev/nethermind/warp/tests/semantic/solidity/test/libsolidity/semanticTests/structs/calldata/calldata_struct_with_nested_array_to_storage.sol] __________________________________________
../../../warp_dev/lib/python3.7/site-packages/cairo_lang-0.6.2-py3.7.egg/starkware/starknet/business_logic/internal_transaction.py:539: in _run
    verify_secure=True,
../../../warp_dev/lib/python3.7/site-packages/cairo_lang-0.6.2-py3.7.egg/starkware/cairo/common/cairo_function_runner.py:199: in run_from_entrypoint
    self.run_until_pc(addr=end, run_resources=run_resources)
../../../warp_dev/lib/python3.7/site-packages/cairo_lang-0.6.2-py3.7.egg/starkware/cairo/lang/vm/cairo_runner.py:284: in run_until_pc
    self.vm_step()
../../../warp_dev/lib/python3.7/site-packages/cairo_lang-0.6.2-py3.7.egg/starkware/cairo/lang/vm/cairo_runner.py:298: in vm_step
    self.vm.step()
../../../warp_dev/lib/python3.7/site-packages/cairo_lang-0.6.2-py3.7.egg/starkware/cairo/lang/vm/virtual_machine_base.py:255: in step
    self.run_instruction(instruction)
../../../warp_dev/lib/python3.7/site-packages/cairo_lang-0.6.2-py3.7.egg/starkware/cairo/lang/vm/vm_core.py:422: in run_instruction
    raise self.as_vm_exception(exc) from None
E   starkware.cairo.lang.vm.vm_exceptions.VmException: /home/greg/dev/nethermind/warp/tests/semantic/solidity/test/libsolidity/semanticTests/structs/calldata/calldata_struct_with_nested_array_to_storage.cairo.temp:146:9: Error at pc=0:2486:
E   An ASSERT_EQ instruction failed: 1 != 0.
E           assert 0 = 1
E           ^**********^
E   Cairo traceback (most recent call last):
E   /home/greg/dev/nethermind/warp/tests/semantic/solidity/test/libsolidity/semanticTests/structs/calldata/calldata_struct_with_nested_array_to_storage.cairo.temp:52:6: (pc=0:2202)
E   func __main{
E        ^****^
E   /home/greg/dev/nethermind/warp/tests/semantic/solidity/test/libsolidity/semanticTests/structs/calldata/calldata_struct_with_nested_array_to_storage.cairo.temp:66:9: (pc=0:2141)
E           __main_meat()
E           ^***********^
E   /home/greg/dev/nethermind/warp/tests/semantic/solidity/test/libsolidity/semanticTests/structs/calldata/calldata_struct_with_nested_array_to_storage.cairo.temp:588:5: (pc=0:4258)
E       __warp_if_1(__warp_subexpr_0)
E       ^***************************^
E   /home/greg/dev/nethermind/warp/tests/semantic/solidity/test/libsolidity/semanticTests/structs/calldata/calldata_struct_with_nested_array_to_storage.cairo.temp:572:9: (pc=0:4212)
E           __warp_block_1()
E           ^**************^
E   /home/greg/dev/nethermind/warp/tests/semantic/solidity/test/libsolidity/semanticTests/structs/calldata/calldata_struct_with_nested_array_to_storage.cairo.temp:562:5: (pc=0:4187)
E       __warp_if_2(__warp_subexpr_0)
E       ^***************************^
E   /home/greg/dev/nethermind/warp/tests/semantic/solidity/test/libsolidity/semanticTests/structs/calldata/calldata_struct_with_nested_array_to_storage.cairo.temp:547:9: (pc=0:4142)
E           __warp_block_2()
E           ^**************^
E   /home/greg/dev/nethermind/warp/tests/semantic/solidity/test/libsolidity/semanticTests/structs/calldata/calldata_struct_with_nested_array_to_storage.cairo.temp:494:68: (pc=0:3802)
E       let (elementSlot_1 : Uint256, i : Uint256, srcPtr : Uint256) = __warp_loop_0(
E                                                                      ^************^
E   /home/greg/dev/nethermind/warp/tests/semantic/solidity/test/libsolidity/semanticTests/structs/calldata/calldata_struct_with_nested_array_to_storage.cairo.temp:283:68: (pc=0:3006)
E       let (elementSlot_1 : Uint256, i : Uint256, srcPtr : Uint256) = __warp_loop_body_0(
E                                                                      ^*****************^
E   /home/greg/dev/nethermind/warp/tests/semantic/solidity/test/libsolidity/semanticTests/structs/calldata/calldata_struct_with_nested_array_to_storage.cairo.temp:262:37: (pc=0:2903)
E           elementValue_1 : Uint256) = access_calldata_tail_array_uint256_dyn_calldata(
E                                       ^**********************************************^

During handling of the above exception, another exception occurred:
tests/semantic/test_semantics.py:161: in test_semantics
    res = await invoke_method_evm_calldata(starknet, contract_address, argument)
../../../warp_dev/lib/python3.7/site-packages/sol_warp-0.2.12-py3.7.egg/yul/starknet_utils.py:30: in invoke_method_evm_calldata
    caller_address=0,
../../../warp_dev/lib/python3.7/site-packages/cairo_lang-0.6.2-py3.7.egg/starkware/starknet/testing/state.py:153: in invoke_raw
    state=state_copy, general_config=self.general_config
../../../warp_dev/lib/python3.7/site-packages/cairo_lang-0.6.2-py3.7.egg/starkware/starknet/business_logic/internal_transaction_interface.py:213: in apply_state_updates
    state=state_to_update, general_config=general_config
../../../warp_dev/lib/python3.7/site-packages/cairo_lang-0.6.2-py3.7.egg/starkware/starknet/business_logic/internal_transaction.py:405: in _apply_specific_state_updates
    func=_synchronous_apply_specific_state_updates,
/usr/lib/python3.7/concurrent/futures/thread.py:57: in run
    result = self.fn(*self.args, **self.kwargs)
../../../warp_dev/lib/python3.7/site-packages/cairo_lang-0.6.2-py3.7.egg/starkware/starknet/business_logic/internal_transaction.py:433: in _synchronous_apply_specific_state_updates
    run_resources=run_resources,
../../../warp_dev/lib/python3.7/site-packages/cairo_lang-0.6.2-py3.7.egg/starkware/starknet/business_logic/internal_transaction.py:559: in _run
    raise StarkException(code=code, message=str(exception))
E   starkware.starkware_utils.error_handling.StarkException: (500, {'code': <StarknetErrorCode.TRANSACTION_FAILED: 28>, 'message': '/home/greg/dev/nethermind/warp/tests/semantic/solidity/test/libsolidity/semanticTests/structs/calldata/calldata_struct_with_nested_array_to_storage.cairo.temp:146:9: Error at pc=0:2486:\nAn ASSERT_EQ instruction failed: 1 != 0.\n        assert 0 = 1\n        ^**********^\nCairo traceback (most recent call last):\n/home/greg/dev/nethermind/warp/tests/semantic/solidity/test/libsolidity/semanticTests/structs/calldata/calldata_struct_with_nested_array_to_storage.cairo.temp:52:6: (pc=0:2202)\nfunc __main{\n     ^****^\n/home/greg/dev/nethermind/warp/tests/semantic/solidity/test/libsolidity/semanticTests/structs/calldata/calldata_struct_with_nested_array_to_storage.cairo.temp:66:9: (pc=0:2141)\n        __main_meat()\n        ^***********^\n/home/greg/dev/nethermind/warp/tests/semantic/solidity/test/libsolidity/semanticTests/structs/calldata/calldata_struct_with_nested_array_to_storage.cairo.temp:588:5: (pc=0:4258)\n    __warp_if_1(__warp_subexpr_0)\n    ^***************************^\n/home/greg/dev/nethermind/warp/tests/semantic/solidity/test/libsolidity/semanticTests/structs/calldata/calldata_struct_with_nested_array_to_storage.cairo.temp:572:9: (pc=0:4212)\n        __warp_block_1()\n        ^**************^\n/home/greg/dev/nethermind/warp/tests/semantic/solidity/test/libsolidity/semanticTests/structs/calldata/calldata_struct_with_nested_array_to_storage.cairo.temp:562:5: (pc=0:4187)\n    __warp_if_2(__warp_subexpr_0)\n    ^***************************^\n/home/greg/dev/nethermind/warp/tests/semantic/solidity/test/libsolidity/semanticTests/structs/calldata/calldata_struct_with_nested_array_to_storage.cairo.temp:547:9: (pc=0:4142)\n        __warp_block_2()\n        ^**************^\n/home/greg/dev/nethermind/warp/tests/semantic/solidity/test/libsolidity/semanticTests/structs/calldata/calldata_struct_with_nested_array_to_storage.cairo.temp:494:68: (pc=0:3802)\n    let (elementSlot_1 : Uint256, i : Uint256, srcPtr : Uint256) = __warp_loop_0(\n                                                                   ^************^\n/home/greg/dev/nethermind/warp/tests/semantic/solidity/test/libsolidity/semanticTests/structs/calldata/calldata_struct_with_nested_array_to_storage.cairo.temp:283:68: (pc=0:3006)\n    let (elementSlot_1 : Uint256, i : Uint256, srcPtr : Uint256) = __warp_loop_body_0(\n                                                                   ^*****************^\n/home/greg/dev/nethermind/warp/tests/semantic/solidity/test/libsolidity/semanticTests/structs/calldata/calldata_struct_with_nested_array_to_storage.cairo.temp:262:37: (pc=0:2903)\n        elementValue_1 : Uint256) = access_calldata_tail_array_uint256_dyn_calldata(\n                                    ^**********************************************^'})
------------------------------------------------------------------------------------------------------------------- Captured stderr call -------------------------------------------------------------------------------------------------------------------
Warning: SPDX license identifier not provided in source file. Before publishing, consider adding a comment containing "SPDX-License-Identifier: <SPDX-License>" to each source file. Use "SPDX-License-Identifier: UNLICENSED" for non-open-source code. Please see https://spdx.org for more information.
--> tests/semantic/solidity/test/libsolidity/semanticTests/enums/using_enums_marked.sol

Warning: Function state mutability can be restricted to view
 --> tests/semantic/solidity/test/libsolidity/semanticTests/enums/using_enums_marked.sol:7:5:
  |
7 |     function getChoice() public returns (uint256 d) {
  |     ^ (Relevant source part starts here and spans across multiple lines).

________________________________________________________ test_semantics[/home/greg/dev/nethermind/warp/tests/semantic/solidity/test/libsolidity/semanticTests/externalSource/source_remapping.sol] _________________________________________________________
tests/semantic/test_semantics.py:126: in test_semantics
    contract_file, get_last_contract(contract_file)
../../../warp_dev/lib/python3.7/site-packages/sol_warp-0.2.12-py3.7.egg/yul/main.py:49: in transpile_from_solidity
    output = get_for_contract(sol_src_path_modified, main_contract, ["abi"])
../../../warp_dev/lib/python3.7/site-packages/sol_warp-0.2.12-py3.7.egg/yul/utils.py:136: in get_for_contract
    get_source_version(sol_source)
../../../warp_dev/lib/python3.7/site-packages/sol_warp-0.2.12-py3.7.egg/yul/utils.py:146: in get_source_version
    with open(sol_source) as f:
E   FileNotFoundError: [Errno 2] No such file or directory: '/home/greg/dev/nethermind/warp/tests/semantic/solidity/test/libsolidity/semanticTests/externalSource/source_remapping_marked.sol'
------------------------------------------------------------------------------------------------------------------- Captured stderr call -------------------------------------------------------------------------------------------------------------------
Warning: SPDX license identifier not provided in source file. Before publishing, consider adding a comment containing "SPDX-License-Identifier: <SPDX-License>" to each source file. Use "SPDX-License-Identifier: UNLICENSED" for non-open-source code. Please see https://spdx.org for more information.
--> tests/semantic/solidity/test/libsolidity/semanticTests/enums/using_contract_enums_with_explicit_contract_name_marked.sol

Warning: Function state mutability can be restricted to pure
 --> tests/semantic/solidity/test/libsolidity/semanticTests/enums/using_contract_enums_with_explicit_contract_name_marked.sol:4:5:
  |
4 |     function answer() public returns (test.Choice _ret) {
  |     ^ (Relevant source part starts here and spans across multiple lines).

Warning: SPDX license identifier not provided in source file. Before publishing, consider adding a comment containing "SPDX-License-Identifier: <SPDX-License>" to each source file. Use "SPDX-License-Identifier: UNLICENSED" for non-open-source code. Please see https://spdx.org for more information.
--> tests/semantic/solidity/test/libsolidity/semanticTests/enums/using_inherited_enum_marked.sol

Warning: Function state mutability can be restricted to pure
 --> tests/semantic/solidity/test/libsolidity/semanticTests/enums/using_inherited_enum_marked.sol:6:5:
  |
6 |     function answer() public returns (Choice _ret) {
  |     ^ (Relevant source part starts here and spans across multiple lines).

_________________________________________________ test_semantics[/home/greg/dev/nethermind/warp/tests/semantic/solidity/test/libsolidity/semanticTests/externalSource/source_name_starting_with_dots.sol] __________________________________________________
tests/semantic/test_semantics.py:126: in test_semantics
    contract_file, get_last_contract(contract_file)
../../../warp_dev/lib/python3.7/site-packages/sol_warp-0.2.12-py3.7.egg/yul/main.py:49: in transpile_from_solidity
    output = get_for_contract(sol_src_path_modified, main_contract, ["abi"])
../../../warp_dev/lib/python3.7/site-packages/sol_warp-0.2.12-py3.7.egg/yul/utils.py:136: in get_for_contract
    get_source_version(sol_source)
../../../warp_dev/lib/python3.7/site-packages/sol_warp-0.2.12-py3.7.egg/yul/utils.py:146: in get_source_version
    with open(sol_source) as f:
E   FileNotFoundError: [Errno 2] No such file or directory: '/home/greg/dev/nethermind/warp/tests/semantic/solidity/test/libsolidity/semanticTests/externalSource/source_name_starting_with_dots_marked.sol'
------------------------------------------------------------------------------------------------------------------- Captured stdout call -------------------------------------------------------------------------------------------------------------------
{'callData': '0xb8c9d365', 'expectations': '0x0000000000000000000000000000000000000000000000000000000000000002', 'failure': False, 'signature': 'h()'}
________________________________________________________ test_semantics[/home/greg/dev/nethermind/warp/tests/semantic/solidity/test/libsolidity/semanticTests/externalSource/relative_imports.sol] _________________________________________________________
tests/semantic/test_semantics.py:126: in test_semantics
    contract_file, get_last_contract(contract_file)
../../../warp_dev/lib/python3.7/site-packages/sol_warp-0.2.12-py3.7.egg/yul/main.py:49: in transpile_from_solidity
    output = get_for_contract(sol_src_path_modified, main_contract, ["abi"])
../../../warp_dev/lib/python3.7/site-packages/sol_warp-0.2.12-py3.7.egg/yul/utils.py:136: in get_for_contract
    get_source_version(sol_source)
../../../warp_dev/lib/python3.7/site-packages/sol_warp-0.2.12-py3.7.egg/yul/utils.py:146: in get_source_version
    with open(sol_source) as f:
E   FileNotFoundError: [Errno 2] No such file or directory: '/home/greg/dev/nethermind/warp/tests/semantic/solidity/test/libsolidity/semanticTests/externalSource/relative_imports_marked.sol'
------------------------------------------------------------------------------------------------------------------- Captured stdout call -------------------------------------------------------------------------------------------------------------------
{'callData': '0xd46300fd', 'expectations': '0x0000000000000000000000000000000000000000000000000000000000000002', 'failure': False, 'signature': 'getA()'}
__________________________________________________________ test_semantics[/home/greg/dev/nethermind/warp/tests/semantic/solidity/test/libsolidity/semanticTests/externalSource/source_import.sol] __________________________________________________________
tests/semantic/test_semantics.py:126: in test_semantics
    contract_file, get_last_contract(contract_file)
../../../warp_dev/lib/python3.7/site-packages/sol_warp-0.2.12-py3.7.egg/yul/main.py:49: in transpile_from_solidity
    output = get_for_contract(sol_src_path_modified, main_contract, ["abi"])
../../../warp_dev/lib/python3.7/site-packages/sol_warp-0.2.12-py3.7.egg/yul/utils.py:136: in get_for_contract
    get_source_version(sol_source)
../../../warp_dev/lib/python3.7/site-packages/sol_warp-0.2.12-py3.7.egg/yul/utils.py:146: in get_source_version
    with open(sol_source) as f:
E   FileNotFoundError: [Errno 2] No such file or directory: '/home/greg/dev/nethermind/warp/tests/semantic/solidity/test/libsolidity/semanticTests/externalSource/source_import_marked.sol'
______________________________________________________ test_semantics[/home/greg/dev/nethermind/warp/tests/semantic/solidity/test/libsolidity/semanticTests/externalSource/source_import_subdir.sol] _______________________________________________________
tests/semantic/test_semantics.py:126: in test_semantics
    contract_file, get_last_contract(contract_file)
../../../warp_dev/lib/python3.7/site-packages/sol_warp-0.2.12-py3.7.egg/yul/main.py:49: in transpile_from_solidity
    output = get_for_contract(sol_src_path_modified, main_contract, ["abi"])
../../../warp_dev/lib/python3.7/site-packages/sol_warp-0.2.12-py3.7.egg/yul/utils.py:136: in get_for_contract
    get_source_version(sol_source)
../../../warp_dev/lib/python3.7/site-packages/sol_warp-0.2.12-py3.7.egg/yul/utils.py:146: in get_source_version
    with open(sol_source) as f:
E   FileNotFoundError: [Errno 2] No such file or directory: '/home/greg/dev/nethermind/warp/tests/semantic/solidity/test/libsolidity/semanticTests/externalSource/source_import_subdir_marked.sol'
____________________________________________________ test_semantics[/home/greg/dev/nethermind/warp/tests/semantic/solidity/test/libsolidity/semanticTests/externalSource/multiple_external_source.sol] _____________________________________________________
tests/semantic/test_semantics.py:126: in test_semantics
    contract_file, get_last_contract(contract_file)
../../../warp_dev/lib/python3.7/site-packages/sol_warp-0.2.12-py3.7.egg/yul/main.py:49: in transpile_from_solidity
    output = get_for_contract(sol_src_path_modified, main_contract, ["abi"])
../../../warp_dev/lib/python3.7/site-packages/sol_warp-0.2.12-py3.7.egg/yul/utils.py:136: in get_for_contract
    get_source_version(sol_source)
../../../warp_dev/lib/python3.7/site-packages/sol_warp-0.2.12-py3.7.egg/yul/utils.py:146: in get_source_version
    with open(sol_source) as f:
E   FileNotFoundError: [Errno 2] No such file or directory: '/home/greg/dev/nethermind/warp/tests/semantic/solidity/test/libsolidity/semanticTests/externalSource/multiple_external_source_marked.sol'
______________________________________________________ test_semantics[/home/greg/dev/nethermind/warp/tests/semantic/solidity/test/libsolidity/semanticTests/externalSource/multiple_equals_signs.sol] ______________________________________________________
tests/semantic/test_semantics.py:126: in test_semantics
    contract_file, get_last_contract(contract_file)
../../../warp_dev/lib/python3.7/site-packages/sol_warp-0.2.12-py3.7.egg/yul/main.py:49: in transpile_from_solidity
    output = get_for_contract(sol_src_path_modified, main_contract, ["abi"])
../../../warp_dev/lib/python3.7/site-packages/sol_warp-0.2.12-py3.7.egg/yul/utils.py:136: in get_for_contract
    get_source_version(sol_source)
../../../warp_dev/lib/python3.7/site-packages/sol_warp-0.2.12-py3.7.egg/yul/utils.py:146: in get_source_version
    with open(sol_source) as f:
E   FileNotFoundError: [Errno 2] No such file or directory: '/home/greg/dev/nethermind/warp/tests/semantic/solidity/test/libsolidity/semanticTests/externalSource/multiple_equals_signs_marked.sol'
_____________________________________________________________ test_semantics[/home/greg/dev/nethermind/warp/tests/semantic/solidity/test/libsolidity/semanticTests/externalSource/source.sol] ______________________________________________________________
tests/semantic/test_semantics.py:126: in test_semantics
    contract_file, get_last_contract(contract_file)
../../../warp_dev/lib/python3.7/site-packages/sol_warp-0.2.12-py3.7.egg/yul/main.py:49: in transpile_from_solidity
    output = get_for_contract(sol_src_path_modified, main_contract, ["abi"])
../../../warp_dev/lib/python3.7/site-packages/sol_warp-0.2.12-py3.7.egg/yul/utils.py:136: in get_for_contract
    get_source_version(sol_source)
../../../warp_dev/lib/python3.7/site-packages/sol_warp-0.2.12-py3.7.egg/yul/utils.py:146: in get_source_version
    with open(sol_source) as f:
E   FileNotFoundError: [Errno 2] No such file or directory: '/home/greg/dev/nethermind/warp/tests/semantic/solidity/test/libsolidity/semanticTests/externalSource/source_marked.sol'
___________________________________________________________ test_semantics[/home/greg/dev/nethermind/warp/tests/semantic/solidity/test/libsolidity/semanticTests/externalSource/multisource.sol] ___________________________________________________________
tests/semantic/test_semantics.py:126: in test_semantics
    contract_file, get_last_contract(contract_file)
../../../warp_dev/lib/python3.7/site-packages/sol_warp-0.2.12-py3.7.egg/yul/main.py:49: in transpile_from_solidity
    output = get_for_contract(sol_src_path_modified, main_contract, ["abi"])
../../../warp_dev/lib/python3.7/site-packages/sol_warp-0.2.12-py3.7.egg/yul/utils.py:136: in get_for_contract
    get_source_version(sol_source)
../../../warp_dev/lib/python3.7/site-packages/sol_warp-0.2.12-py3.7.egg/yul/utils.py:146: in get_source_version
    with open(sol_source) as f:
E   FileNotFoundError: [Errno 2] No such file or directory: '/home/greg/dev/nethermind/warp/tests/semantic/solidity/test/libsolidity/semanticTests/externalSource/multisource_marked.sol'
______________________________________________________ test_semantics[/home/greg/dev/nethermind/warp/tests/semantic/solidity/test/libsolidity/semanticTests/externalSource/non_normalized_paths.sol] _______________________________________________________
tests/semantic/test_semantics.py:126: in test_semantics
    contract_file, get_last_contract(contract_file)
../../../warp_dev/lib/python3.7/site-packages/sol_warp-0.2.12-py3.7.egg/yul/main.py:49: in transpile_from_solidity
    output = get_for_contract(sol_src_path_modified, main_contract, ["abi"])
../../../warp_dev/lib/python3.7/site-packages/sol_warp-0.2.12-py3.7.egg/yul/utils.py:136: in get_for_contract
    get_source_version(sol_source)
../../../warp_dev/lib/python3.7/site-packages/sol_warp-0.2.12-py3.7.egg/yul/utils.py:146: in get_source_version
    with open(sol_source) as f:
E   FileNotFoundError: [Errno 2] No such file or directory: '/home/greg/dev/nethermind/warp/tests/semantic/solidity/test/libsolidity/semanticTests/externalSource/non_normalized_paths_marked.sol'
_____________________________________________________ test_semantics[/home/greg/dev/nethermind/warp/tests/semantic/solidity/test/libsolidity/semanticTests/functionCall/bound_function_to_string.sol] ______________________________________________________
tests/semantic/test_semantics.py:123: in test_semantics
    constructor_args, contract_expectations = get_expectations(contract_file)
tests/semantic/test_semantics.py:102: in get_expectations
    expectations = test_calldata[contract_path]
E   KeyError: './scripts/../test/libsolidity/semanticTests/functionCall/bound_function_to_string.sol'
____________________________________________________ test_semantics[/home/greg/dev/nethermind/warp/tests/semantic/solidity/test/libsolidity/semanticTests/functionCall/bound_function_in_function.sol] _____________________________________________________
tests/semantic/test_semantics.py:123: in test_semantics
    constructor_args, contract_expectations = get_expectations(contract_file)
tests/semantic/test_semantics.py:102: in get_expectations
    expectations = test_calldata[contract_path]
E   KeyError: './scripts/../test/libsolidity/semanticTests/functionCall/bound_function_in_function.sol'
________________________________________________________________ test_semantics[/home/greg/dev/nethermind/warp/tests/semantic/solidity/test/libsolidity/semanticTests/literals/escape.sol] _________________________________________________________________
FAILURE: /home/greg/dev/nethermind/warp/tests/semantic/solidity/test/libsolidity/semanticTests/literals/escape.cairo.temp
assert '0x0000000000...0000000000000' == '0x0000000000...0000000000000'
  - 0x00000000000000000000000000000000000000000000000000000000000000025c000000000000000000000000000000000000000000000000000000000000005c00000000000000000000000000000000000000000000000000000000000000
  ?                                                                                                                                   --
  + 0x00000000000000000000000000000000000000000000000000000000000000025c000000000000000000000000000000000000000000000000000000000000000000000000000000000000000000000000000000000000000000000000000000
  ?                                                 ...
  
  ...Full output truncated (1 line hidden), use '-vv' to show
tests/semantic/test_semantics.py:173 in test_semantics() -> check.equal(final_res, expected_result, cairo_file_path)
------------------------------------------------------------
Failed Checks: 1
------------------------------------------------------------------------------------------------------------------- Captured stdout call -------------------------------------------------------------------------------------------------------------------
{'callData': '0x305ea3640000000000000000000000000000000000000000000000000000000000000040000000000000000000000000000000000000000000000000000000000000002c000000000000000000000000000000000000000000000000000000000000000b000000000000000000000000000000000000000000000000000000000000004000000000000000000000000000000000000000000000000000000000000000160000000000000000000000000000000000000000000000000000000000000060000000000000000000000000000000000000000000000000000000000000002100000000000000000000000000000000000000000000000000000000000000400000000000000000000000000000000000000000000000000000000000000040000000000000000000000000000000000000000000000000000000000000000200000000000000000000000000000000000000000000000000000000000000010000000000000000000000000000000000000000000000000000000000000002', 'expectations': '0x000000000000000000000000000000000000000000000000000000000000002c0000000000000000000000000000000000000000000000000000000000000016000000000000000000000000000000000000000000000000000000000000000100000000000000000000000000000000000000000000000000000000000000020000000000000000000000000000000000000000000000000000000000000021', 'failure': False, 'signature': 'f((uint128,(uint128,uint256[][2],uint32)),uint32)'}
{'callData': '0x26121ff0', 'expectations': '0x00000000000000000000000000000000000000000000000000000000000000025c000000000000000000000000000000000000000000000000000000000000005c00000000000000000000000000000000000000000000000000000000000000', 'failure': False, 'signature': 'f()'}
------------------------------------------------------------------------------------------------------------------- Captured stderr call -------------------------------------------------------------------------------------------------------------------
Warning: SPDX license identifier not provided in source file. Before publishing, consider adding a comment containing "SPDX-License-Identifier: <SPDX-License>" to each source file. Use "SPDX-License-Identifier: UNLICENSED" for non-open-source code. Please see https://spdx.org for more information.
--> tests/semantic/solidity/test/libsolidity/semanticTests/functionCall/delegatecall_return_value_marked.sol

Warning: SPDX license identifier not provided in source file. Before publishing, consider adding a comment containing "SPDX-License-Identifier: <SPDX-License>" to each source file. Use "SPDX-License-Identifier: UNLICENSED" for non-open-source code. Please see https://spdx.org for more information.
--> tests/semantic/solidity/test/libsolidity/semanticTests/functionCall/call_internal_function_with_multislot_arguments_via_pointer_marked.sol

Warning: Unused function parameter. Remove or comment out the variable name to silence this warning.
 --> tests/semantic/solidity/test/libsolidity/semanticTests/functionCall/call_internal_function_with_multislot_arguments_via_pointer_marked.sol:5:9:
  |
5 |         function() external returns (uint) b
  |         ^^^^^^^^^^^^^^^^^^^^^^^^^^^^^^^^^^^^

Warning: Function state mutability can be restricted to pure
 --> tests/semantic/solidity/test/libsolidity/semanticTests/functionCall/call_internal_function_with_multislot_arguments_via_pointer_marked.sol:3:5:
  |
3 |     function m(
  |     ^ (Relevant source part starts here and spans across multiple lines).

Warning: Function state mutability can be restricted to pure
 --> tests/semantic/solidity/test/libsolidity/semanticTests/functionCall/call_internal_function_with_multislot_arguments_via_pointer_marked.sol:9:5:
  |
9 |     function s(uint a, uint b) internal returns (uint) {
  |     ^ (Relevant source part starts here and spans across multiple lines).

Warning: Function state mutability can be restricted to pure
  --> tests/semantic/solidity/test/libsolidity/semanticTests/functionCall/call_internal_function_with_multislot_arguments_via_pointer_marked.sol:12:5:
   |
12 |     function foo() external returns (uint) {
   |     ^ (Relevant source part starts here and spans across multiple lines).

____________________________________________________ test_semantics[/home/greg/dev/nethermind/warp/tests/semantic/solidity/test/libsolidity/semanticTests/structs/calldata/calldata_nested_structs.sol] ____________________________________________________
../../../warp_dev/lib/python3.7/site-packages/cairo_lang-0.6.2-py3.7.egg/starkware/starknet/business_logic/internal_transaction.py:539: in _run
    verify_secure=True,
../../../warp_dev/lib/python3.7/site-packages/cairo_lang-0.6.2-py3.7.egg/starkware/cairo/common/cairo_function_runner.py:199: in run_from_entrypoint
    self.run_until_pc(addr=end, run_resources=run_resources)
../../../warp_dev/lib/python3.7/site-packages/cairo_lang-0.6.2-py3.7.egg/starkware/cairo/lang/vm/cairo_runner.py:284: in run_until_pc
    self.vm_step()
../../../warp_dev/lib/python3.7/site-packages/cairo_lang-0.6.2-py3.7.egg/starkware/cairo/lang/vm/cairo_runner.py:298: in vm_step
    self.vm.step()
../../../warp_dev/lib/python3.7/site-packages/cairo_lang-0.6.2-py3.7.egg/starkware/cairo/lang/vm/virtual_machine_base.py:255: in step
    self.run_instruction(instruction)
../../../warp_dev/lib/python3.7/site-packages/cairo_lang-0.6.2-py3.7.egg/starkware/cairo/lang/vm/vm_core.py:422: in run_instruction
    raise self.as_vm_exception(exc) from None
E   starkware.cairo.lang.vm.vm_exceptions.VmException: /home/greg/dev/nethermind/warp/tests/semantic/solidity/test/libsolidity/semanticTests/structs/calldata/calldata_nested_structs.cairo.temp:643:9: Error at pc=0:4301:
E   An ASSERT_EQ instruction failed: 1 != 0.
E           assert 0 = 1
E           ^**********^
E   Cairo traceback (most recent call last):
E   /home/greg/dev/nethermind/warp/tests/semantic/solidity/test/libsolidity/semanticTests/structs/calldata/calldata_nested_structs.cairo.temp:35:6: (pc=0:1951)
E   func __main{bitwise_ptr : BitwiseBuiltin*, range_check_ptr}(
E        ^****^
E   /home/greg/dev/nethermind/warp/tests/semantic/solidity/test/libsolidity/semanticTests/structs/calldata/calldata_nested_structs.cairo.temp:48:9: (pc=0:1896)
E           __main_meat()
E           ^***********^
E   /home/greg/dev/nethermind/warp/tests/semantic/solidity/test/libsolidity/semanticTests/structs/calldata/calldata_nested_structs.cairo.temp:1169:5: (pc=0:6596)
E       __warp_if_0(__warp_subexpr_0)
E       ^***************************^
E   /home/greg/dev/nethermind/warp/tests/semantic/solidity/test/libsolidity/semanticTests/structs/calldata/calldata_nested_structs.cairo.temp:1154:9: (pc=0:6552)
E           __warp_block_0()
E           ^**************^
E   /home/greg/dev/nethermind/warp/tests/semantic/solidity/test/libsolidity/semanticTests/structs/calldata/calldata_nested_structs.cairo.temp:1145:5: (pc=0:6531)
E       __warp_block_1(match_var)
E       ^***********************^
E   /home/greg/dev/nethermind/warp/tests/semantic/solidity/test/libsolidity/semanticTests/structs/calldata/calldata_nested_structs.cairo.temp:1135:5: (pc=0:6498)
E       __warp_if_1(__warp_subexpr_0, match_var)
E       ^**************************************^
E   /home/greg/dev/nethermind/warp/tests/semantic/solidity/test/libsolidity/semanticTests/structs/calldata/calldata_nested_structs.cairo.temp:1125:9: (pc=0:6465)
E           __warp_block_3(match_var)
E           ^***********************^
E   /home/greg/dev/nethermind/warp/tests/semantic/solidity/test/libsolidity/semanticTests/structs/calldata/calldata_nested_structs.cairo.temp:1112:5: (pc=0:6449)
E       __warp_if_2(__warp_subexpr_0, match_var)
E       ^**************************************^
E   /home/greg/dev/nethermind/warp/tests/semantic/solidity/test/libsolidity/semanticTests/structs/calldata/calldata_nested_structs.cairo.temp:1099:9: (pc=0:6425)
E           __warp_block_4()
E           ^**************^
E   /home/greg/dev/nethermind/warp/tests/semantic/solidity/test/libsolidity/semanticTests/structs/calldata/calldata_nested_structs.cairo.temp:1047:28: (pc=0:6214)
E           ret_4 : Uint256) = fun_f(param_2, param_3)
E                              ^*********************^
E   /home/greg/dev/nethermind/warp/tests/semantic/solidity/test/libsolidity/semanticTests/structs/calldata/calldata_nested_structs.cairo.temp:681:37: (pc=0:4448)
E           expr_73_length : Uint256) = calldata_array_index_access_uint256_dyn_calldata_calldata(
E                                       ^********************************************************^

During handling of the above exception, another exception occurred:
tests/semantic/test_semantics.py:161: in test_semantics
    res = await invoke_method_evm_calldata(starknet, contract_address, argument)
../../../warp_dev/lib/python3.7/site-packages/sol_warp-0.2.12-py3.7.egg/yul/starknet_utils.py:30: in invoke_method_evm_calldata
    caller_address=0,
../../../warp_dev/lib/python3.7/site-packages/cairo_lang-0.6.2-py3.7.egg/starkware/starknet/testing/state.py:153: in invoke_raw
    state=state_copy, general_config=self.general_config
../../../warp_dev/lib/python3.7/site-packages/cairo_lang-0.6.2-py3.7.egg/starkware/starknet/business_logic/internal_transaction_interface.py:213: in apply_state_updates
    state=state_to_update, general_config=general_config
../../../warp_dev/lib/python3.7/site-packages/cairo_lang-0.6.2-py3.7.egg/starkware/starknet/business_logic/internal_transaction.py:405: in _apply_specific_state_updates
    func=_synchronous_apply_specific_state_updates,
/usr/lib/python3.7/concurrent/futures/thread.py:57: in run
    result = self.fn(*self.args, **self.kwargs)
../../../warp_dev/lib/python3.7/site-packages/cairo_lang-0.6.2-py3.7.egg/starkware/starknet/business_logic/internal_transaction.py:433: in _synchronous_apply_specific_state_updates
    run_resources=run_resources,
../../../warp_dev/lib/python3.7/site-packages/cairo_lang-0.6.2-py3.7.egg/starkware/starknet/business_logic/internal_transaction.py:559: in _run
    raise StarkException(code=code, message=str(exception))
E   starkware.starkware_utils.error_handling.StarkException: (500, {'code': <StarknetErrorCode.TRANSACTION_FAILED: 28>, 'message': '/home/greg/dev/nethermind/warp/tests/semantic/solidity/test/libsolidity/semanticTests/structs/calldata/calldata_nested_structs.cairo.temp:643:9: Error at pc=0:4301:\nAn ASSERT_EQ instruction failed: 1 != 0.\n        assert 0 = 1\n        ^**********^\nCairo traceback (most recent call last):\n/home/greg/dev/nethermind/warp/tests/semantic/solidity/test/libsolidity/semanticTests/structs/calldata/calldata_nested_structs.cairo.temp:35:6: (pc=0:1951)\nfunc __main{bitwise_ptr : BitwiseBuiltin*, range_check_ptr}(\n     ^****^\n/home/greg/dev/nethermind/warp/tests/semantic/solidity/test/libsolidity/semanticTests/structs/calldata/calldata_nested_structs.cairo.temp:48:9: (pc=0:1896)\n        __main_meat()\n        ^***********^\n/home/greg/dev/nethermind/warp/tests/semantic/solidity/test/libsolidity/semanticTests/structs/calldata/calldata_nested_structs.cairo.temp:1169:5: (pc=0:6596)\n    __warp_if_0(__warp_subexpr_0)\n    ^***************************^\n/home/greg/dev/nethermind/warp/tests/semantic/solidity/test/libsolidity/semanticTests/structs/calldata/calldata_nested_structs.cairo.temp:1154:9: (pc=0:6552)\n        __warp_block_0()\n        ^**************^\n/home/greg/dev/nethermind/warp/tests/semantic/solidity/test/libsolidity/semanticTests/structs/calldata/calldata_nested_structs.cairo.temp:1145:5: (pc=0:6531)\n    __warp_block_1(match_var)\n    ^***********************^\n/home/greg/dev/nethermind/warp/tests/semantic/solidity/test/libsolidity/semanticTests/structs/calldata/calldata_nested_structs.cairo.temp:1135:5: (pc=0:6498)\n    __warp_if_1(__warp_subexpr_0, match_var)\n    ^**************************************^\n/home/greg/dev/nethermind/warp/tests/semantic/solidity/test/libsolidity/semanticTests/structs/calldata/calldata_nested_structs.cairo.temp:1125:9: (pc=0:6465)\n        __warp_block_3(match_var)\n        ^***********************^\n/home/greg/dev/nethermind/warp/tests/semantic/solidity/test/libsolidity/semanticTests/structs/calldata/calldata_nested_structs.cairo.temp:1112:5: (pc=0:6449)\n    __warp_if_2(__warp_subexpr_0, match_var)\n    ^**************************************^\n/home/greg/dev/nethermind/warp/tests/semantic/solidity/test/libsolidity/semanticTests/structs/calldata/calldata_nested_structs.cairo.temp:1099:9: (pc=0:6425)\n        __warp_block_4()\n        ^**************^\n/home/greg/dev/nethermind/warp/tests/semantic/solidity/test/libsolidity/semanticTests/structs/calldata/calldata_nested_structs.cairo.temp:1047:28: (pc=0:6214)\n        ret_4 : Uint256) = fun_f(param_2, param_3)\n                           ^*********************^\n/home/greg/dev/nethermind/warp/tests/semantic/solidity/test/libsolidity/semanticTests/structs/calldata/calldata_nested_structs.cairo.temp:681:37: (pc=0:4448)\n        expr_73_length : Uint256) = calldata_array_index_access_uint256_dyn_calldata_calldata(\n                                    ^********************************************************^'})
------------------------------------------------------------------------------------------------------------------- Captured stderr call -------------------------------------------------------------------------------------------------------------------
Warning: SPDX license identifier not provided in source file. Before publishing, consider adding a comment containing "SPDX-License-Identifier: <SPDX-License>" to each source file. Use "SPDX-License-Identifier: UNLICENSED" for non-open-source code. Please see https://spdx.org for more information.
--> tests/semantic/solidity/test/libsolidity/semanticTests/functionCall/transaction_status_marked.sol

Warning: Function state mutability can be restricted to pure
 --> tests/semantic/solidity/test/libsolidity/semanticTests/functionCall/transaction_status_marked.sol:4:2:
  |
4 |     function g() public { revert(); }
  |     ^^^^^^^^^^^^^^^^^^^^^^^^^^^^^^^^^

Warning: Function state mutability can be restricted to pure
 --> tests/semantic/solidity/test/libsolidity/semanticTests/functionCall/transaction_status_marked.sol:5:2:
  |
5 |     function h() public { assert(false); }
  |     ^^^^^^^^^^^^^^^^^^^^^^^^^^^^^^^^^^^^^^

___________________________________________________ test_semantics[/home/greg/dev/nethermind/warp/tests/semantic/solidity/test/libsolidity/semanticTests/functionCall/precompile_extcodesize_check.sol] ____________________________________________________
tests/semantic/test_semantics.py:123: in test_semantics
    constructor_args, contract_expectations = get_expectations(contract_file)
tests/semantic/test_semantics.py:102: in get_expectations
    expectations = test_calldata[contract_path]
E   KeyError: './scripts/../test/libsolidity/semanticTests/functionCall/precompile_extcodesize_check.sol'
____________________________________________________ test_semantics[/home/greg/dev/nethermind/warp/tests/semantic/solidity/test/libsolidity/semanticTests/functionCall/file_level_call_via_module.sol] _____________________________________________________
tests/semantic/test_semantics.py:126: in test_semantics
    contract_file, get_last_contract(contract_file)
../../../warp_dev/lib/python3.7/site-packages/sol_warp-0.2.12-py3.7.egg/yul/main.py:49: in transpile_from_solidity
    output = get_for_contract(sol_src_path_modified, main_contract, ["abi"])
../../../warp_dev/lib/python3.7/site-packages/sol_warp-0.2.12-py3.7.egg/yul/utils.py:136: in get_for_contract
    get_source_version(sol_source)
../../../warp_dev/lib/python3.7/site-packages/sol_warp-0.2.12-py3.7.egg/yul/utils.py:146: in get_source_version
    with open(sol_source) as f:
E   FileNotFoundError: [Errno 2] No such file or directory: '/home/greg/dev/nethermind/warp/tests/semantic/solidity/test/libsolidity/semanticTests/functionCall/file_level_call_via_module_marked.sol'
__________________________________________ test_semantics[/home/greg/dev/nethermind/warp/tests/semantic/solidity/test/libsolidity/semanticTests/structs/calldata/calldata_struct_with_nested_array_to_memory.sol] __________________________________________
../../../warp_dev/lib/python3.7/site-packages/cairo_lang-0.6.2-py3.7.egg/starkware/starknet/business_logic/internal_transaction.py:539: in _run
    verify_secure=True,
../../../warp_dev/lib/python3.7/site-packages/cairo_lang-0.6.2-py3.7.egg/starkware/cairo/common/cairo_function_runner.py:199: in run_from_entrypoint
    self.run_until_pc(addr=end, run_resources=run_resources)
../../../warp_dev/lib/python3.7/site-packages/cairo_lang-0.6.2-py3.7.egg/starkware/cairo/lang/vm/cairo_runner.py:284: in run_until_pc
    self.vm_step()
../../../warp_dev/lib/python3.7/site-packages/cairo_lang-0.6.2-py3.7.egg/starkware/cairo/lang/vm/cairo_runner.py:298: in vm_step
    self.vm.step()
../../../warp_dev/lib/python3.7/site-packages/cairo_lang-0.6.2-py3.7.egg/starkware/cairo/lang/vm/virtual_machine_base.py:255: in step
    self.run_instruction(instruction)
../../../warp_dev/lib/python3.7/site-packages/cairo_lang-0.6.2-py3.7.egg/starkware/cairo/lang/vm/vm_core.py:422: in run_instruction
    raise self.as_vm_exception(exc) from None
E   starkware.cairo.lang.vm.vm_exceptions.VmException: /home/greg/dev/nethermind/warp/tests/semantic/solidity/test/libsolidity/semanticTests/structs/calldata/calldata_struct_with_nested_array_to_memory.cairo.temp:367:9: Error at pc=0:3248:
E   An ASSERT_EQ instruction failed: 1 != 0.
E           assert 0 = 1
E           ^**********^
E   Cairo traceback (most recent call last):
E   /home/greg/dev/nethermind/warp/tests/semantic/solidity/test/libsolidity/semanticTests/structs/calldata/calldata_struct_with_nested_array_to_memory.cairo.temp:35:6: (pc=0:1951)
E   func __main{bitwise_ptr : BitwiseBuiltin*, range_check_ptr}(
E        ^****^
E   /home/greg/dev/nethermind/warp/tests/semantic/solidity/test/libsolidity/semanticTests/structs/calldata/calldata_struct_with_nested_array_to_memory.cairo.temp:48:9: (pc=0:1896)
E           __main_meat()
E           ^***********^
E   /home/greg/dev/nethermind/warp/tests/semantic/solidity/test/libsolidity/semanticTests/structs/calldata/calldata_struct_with_nested_array_to_memory.cairo.temp:744:5: (pc=0:4708)
E       __warp_if_0(__warp_subexpr_0)
E       ^***************************^
E   /home/greg/dev/nethermind/warp/tests/semantic/solidity/test/libsolidity/semanticTests/structs/calldata/calldata_struct_with_nested_array_to_memory.cairo.temp:729:9: (pc=0:4664)
E           __warp_block_0()
E           ^**************^
E   /home/greg/dev/nethermind/warp/tests/semantic/solidity/test/libsolidity/semanticTests/structs/calldata/calldata_struct_with_nested_array_to_memory.cairo.temp:720:5: (pc=0:4643)
E       __warp_if_1(__warp_subexpr_0)
E       ^***************************^
E   /home/greg/dev/nethermind/warp/tests/semantic/solidity/test/libsolidity/semanticTests/structs/calldata/calldata_struct_with_nested_array_to_memory.cairo.temp:706:9: (pc=0:4600)
E           __warp_block_1()
E           ^**************^
E   /home/greg/dev/nethermind/warp/tests/semantic/solidity/test/libsolidity/semanticTests/structs/calldata/calldata_struct_with_nested_array_to_memory.cairo.temp:692:28: (pc=0:4517)
E           ret_4 : Uint256) = fun_f(value, __warp_subexpr_11)
E                              ^*****************************^
E   /home/greg/dev/nethermind/warp/tests/semantic/solidity/test/libsolidity/semanticTests/structs/calldata/calldata_struct_with_nested_array_to_memory.cairo.temp:549:37: (pc=0:3801)
E           expr_45_length : Uint256) = calldata_array_index_access_array_uint256_dyn_calldata_calldata(
E                                       ^**************************************************************^

During handling of the above exception, another exception occurred:
tests/semantic/test_semantics.py:161: in test_semantics
    res = await invoke_method_evm_calldata(starknet, contract_address, argument)
../../../warp_dev/lib/python3.7/site-packages/sol_warp-0.2.12-py3.7.egg/yul/starknet_utils.py:30: in invoke_method_evm_calldata
    caller_address=0,
../../../warp_dev/lib/python3.7/site-packages/cairo_lang-0.6.2-py3.7.egg/starkware/starknet/testing/state.py:153: in invoke_raw
    state=state_copy, general_config=self.general_config
../../../warp_dev/lib/python3.7/site-packages/cairo_lang-0.6.2-py3.7.egg/starkware/starknet/business_logic/internal_transaction_interface.py:213: in apply_state_updates
    state=state_to_update, general_config=general_config
../../../warp_dev/lib/python3.7/site-packages/cairo_lang-0.6.2-py3.7.egg/starkware/starknet/business_logic/internal_transaction.py:405: in _apply_specific_state_updates
    func=_synchronous_apply_specific_state_updates,
/usr/lib/python3.7/concurrent/futures/thread.py:57: in run
    result = self.fn(*self.args, **self.kwargs)
../../../warp_dev/lib/python3.7/site-packages/cairo_lang-0.6.2-py3.7.egg/starkware/starknet/business_logic/internal_transaction.py:433: in _synchronous_apply_specific_state_updates
    run_resources=run_resources,
../../../warp_dev/lib/python3.7/site-packages/cairo_lang-0.6.2-py3.7.egg/starkware/starknet/business_logic/internal_transaction.py:559: in _run
    raise StarkException(code=code, message=str(exception))
E   starkware.starkware_utils.error_handling.StarkException: (500, {'code': <StarknetErrorCode.TRANSACTION_FAILED: 28>, 'message': '/home/greg/dev/nethermind/warp/tests/semantic/solidity/test/libsolidity/semanticTests/structs/calldata/calldata_struct_with_nested_array_to_memory.cairo.temp:367:9: Error at pc=0:3248:\nAn ASSERT_EQ instruction failed: 1 != 0.\n        assert 0 = 1\n        ^**********^\nCairo traceback (most recent call last):\n/home/greg/dev/nethermind/warp/tests/semantic/solidity/test/libsolidity/semanticTests/structs/calldata/calldata_struct_with_nested_array_to_memory.cairo.temp:35:6: (pc=0:1951)\nfunc __main{bitwise_ptr : BitwiseBuiltin*, range_check_ptr}(\n     ^****^\n/home/greg/dev/nethermind/warp/tests/semantic/solidity/test/libsolidity/semanticTests/structs/calldata/calldata_struct_with_nested_array_to_memory.cairo.temp:48:9: (pc=0:1896)\n        __main_meat()\n        ^***********^\n/home/greg/dev/nethermind/warp/tests/semantic/solidity/test/libsolidity/semanticTests/structs/calldata/calldata_struct_with_nested_array_to_memory.cairo.temp:744:5: (pc=0:4708)\n    __warp_if_0(__warp_subexpr_0)\n    ^***************************^\n/home/greg/dev/nethermind/warp/tests/semantic/solidity/test/libsolidity/semanticTests/structs/calldata/calldata_struct_with_nested_array_to_memory.cairo.temp:729:9: (pc=0:4664)\n        __warp_block_0()\n        ^**************^\n/home/greg/dev/nethermind/warp/tests/semantic/solidity/test/libsolidity/semanticTests/structs/calldata/calldata_struct_with_nested_array_to_memory.cairo.temp:720:5: (pc=0:4643)\n    __warp_if_1(__warp_subexpr_0)\n    ^***************************^\n/home/greg/dev/nethermind/warp/tests/semantic/solidity/test/libsolidity/semanticTests/structs/calldata/calldata_struct_with_nested_array_to_memory.cairo.temp:706:9: (pc=0:4600)\n        __warp_block_1()\n        ^**************^\n/home/greg/dev/nethermind/warp/tests/semantic/solidity/test/libsolidity/semanticTests/structs/calldata/calldata_struct_with_nested_array_to_memory.cairo.temp:692:28: (pc=0:4517)\n        ret_4 : Uint256) = fun_f(value, __warp_subexpr_11)\n                           ^*****************************^\n/home/greg/dev/nethermind/warp/tests/semantic/solidity/test/libsolidity/semanticTests/structs/calldata/calldata_struct_with_nested_array_to_memory.cairo.temp:549:37: (pc=0:3801)\n        expr_45_length : Uint256) = calldata_array_index_access_array_uint256_dyn_calldata_calldata(\n                                    ^**************************************************************^'})
------------------------------------------------------------------------------------------------------------------- Captured stdout call -------------------------------------------------------------------------------------------------------------------
{'callData': '0x394b834100000000000000000000000000000000000000000000000000000000000000370000000000000000000000000000000000000000000000000000000000000040000000000000000000000000000000000000000000000000000000000000004d0000000000000000000000000000000000000000000000000000000000000060000000000000000000000000000000000000000000000000000000000000005800000000000000000000000000000000000000000000000000000000000000400000000000000000000000000000000000000000000000000000000000000040000000000000000000000000000000000000000000000000000000000000000200000000000000000000000000000000000000000000000000000000000000010000000000000000000000000000000000000000000000000000000000000002', 'expectations': '0x0000000000000000000000000000000000000000000000000000000000000037000000000000000000000000000000000000000000000000000000000000004e000000000000000000000000000000000000000000000000000000000000000100000000000000000000000000000000000000000000000000000000000000020000000000000000000000000000000000000000000000000000000000000058', 'failure': False, 'signature': 'f(uint32,(uint128,uint256[][2],uint32))'}
------------------------------------------------------------------------------------------------------------------- Captured stderr call -------------------------------------------------------------------------------------------------------------------
Warning: SPDX license identifier not provided in source file. Before publishing, consider adding a comment containing "SPDX-License-Identifier: <SPDX-License>" to each source file. Use "SPDX-License-Identifier: UNLICENSED" for non-open-source code. Please see https://spdx.org for more information.
--> tests/semantic/solidity/test/libsolidity/semanticTests/functionCall/calling_uninitialized_function_in_detail_marked.sol

_______________________________________________________ test_semantics[/home/greg/dev/nethermind/warp/tests/semantic/solidity/test/libsolidity/semanticTests/functionCall/bound_function_in_var.sol] _______________________________________________________
tests/semantic/test_semantics.py:123: in test_semantics
    constructor_args, contract_expectations = get_expectations(contract_file)
tests/semantic/test_semantics.py:102: in get_expectations
    expectations = test_calldata[contract_path]
E   KeyError: './scripts/../test/libsolidity/semanticTests/functionCall/bound_function_in_var.sol'
________________________________________________ test_semantics[/home/greg/dev/nethermind/warp/tests/semantic/solidity/test/libsolidity/semanticTests/functionCall/external_call_at_construction_time.sol] _________________________________________________
tests/semantic/test_semantics.py:123: in test_semantics
    constructor_args, contract_expectations = get_expectations(contract_file)
tests/semantic/test_semantics.py:102: in get_expectations
    expectations = test_calldata[contract_path]
E   KeyError: './scripts/../test/libsolidity/semanticTests/functionCall/external_call_at_construction_time.sol'
__________________________________________________ test_semantics[/home/greg/dev/nethermind/warp/tests/semantic/solidity/test/libsolidity/semanticTests/functionCall/creation_function_call_no_args.sol] ___________________________________________________
tests/semantic/test_semantics.py:126: in test_semantics
    contract_file, get_last_contract(contract_file)
../../../warp_dev/lib/python3.7/site-packages/sol_warp-0.2.12-py3.7.egg/yul/main.py:53: in transpile_from_solidity
    codes = json.loads(result.stdout)
/usr/lib/python3.7/json/__init__.py:348: in loads
    return _default_decoder.decode(s)
/usr/lib/python3.7/json/decoder.py:337: in decode
    obj, end = self.raw_decode(s, idx=_w(s, 0).end())
/usr/lib/python3.7/json/decoder.py:355: in raw_decode
    raise JSONDecodeError("Expecting value", s, err.value) from None
E   json.decoder.JSONDecodeError: Expecting value: line 1 column 1 (char 0)
------------------------------------------------------------------------------------------------------------------- Captured stderr call -------------------------------------------------------------------------------------------------------------------
Warning: SPDX license identifier not provided in source file. Before publishing, consider adding a comment containing "SPDX-License-Identifier: <SPDX-License>" to each source file. Use "SPDX-License-Identifier: UNLICENSED" for non-open-source code. Please see https://spdx.org for more information.
--> tests/semantic/solidity/test/libsolidity/semanticTests/functionCall/disordered_named_args_marked.sol

Warning: This declaration shadows an existing declaration.
 --> tests/semantic/solidity/test/libsolidity/semanticTests/functionCall/disordered_named_args_marked.sol:3:16:
  |
3 |     function a(uint a, uint b, uint c) public returns (uint r) { r = a * 100 + b * 10 + c * 1; }
  |                ^^^^^^
Note: The shadowed declaration is here:
 --> tests/semantic/solidity/test/libsolidity/semanticTests/functionCall/disordered_named_args_marked.sol:3:5:
  |
3 |     function a(uint a, uint b, uint c) public returns (uint r) { r = a * 100 + b * 10 + c * 1; }
  |     ^^^^^^^^^^^^^^^^^^^^^^^^^^^^^^^^^^^^^^^^^^^^^^^^^^^^^^^^^^^^^^^^^^^^^^^^^^^^^^^^^^^^^^^^^^^^

Warning: This declaration shadows an existing declaration.
 --> tests/semantic/solidity/test/libsolidity/semanticTests/functionCall/disordered_named_args_marked.sol:3:24:
  |
3 |     function a(uint a, uint b, uint c) public returns (uint r) { r = a * 100 + b * 10 + c * 1; }
  |                        ^^^^^^
Note: The shadowed declaration is here:
 --> tests/semantic/solidity/test/libsolidity/semanticTests/functionCall/disordered_named_args_marked.sol:4:5:
  |
4 |     function b() public returns (uint r) { r = a({c: 3, a: 1, b: 2}); }
  |     ^^^^^^^^^^^^^^^^^^^^^^^^^^^^^^^^^^^^^^^^^^^^^^^^^^^^^^^^^^^^^^^^^^^

Warning: Function state mutability can be restricted to pure
 --> tests/semantic/solidity/test/libsolidity/semanticTests/functionCall/disordered_named_args_marked.sol:3:5:
  |
3 |     function a(uint a, uint b, uint c) public returns (uint r) { r = a * 100 + b * 10 + c * 1; }
  |     ^^^^^^^^^^^^^^^^^^^^^^^^^^^^^^^^^^^^^^^^^^^^^^^^^^^^^^^^^^^^^^^^^^^^^^^^^^^^^^^^^^^^^^^^^^^^

Warning: SPDX license identifier not provided in source file. Before publishing, consider adding a comment containing "SPDX-License-Identifier: <SPDX-License>" to each source file. Use "SPDX-License-Identifier: UNLICENSED" for non-open-source code. Please see https://spdx.org for more information.
--> tests/semantic/solidity/test/libsolidity/semanticTests/functionCall/creation_function_call_no_args_marked.sol

_______________________________________________________________ test_semantics[/home/greg/dev/nethermind/warp/tests/semantic/solidity/test/libsolidity/semanticTests/enums/using_enums.sol] ________________________________________________________________
../../../warp_dev/lib/python3.7/site-packages/cairo_lang-0.6.2-py3.7.egg/starkware/starknet/business_logic/internal_transaction.py:539: in _run
    verify_secure=True,
../../../warp_dev/lib/python3.7/site-packages/cairo_lang-0.6.2-py3.7.egg/starkware/cairo/common/cairo_function_runner.py:199: in run_from_entrypoint
    self.run_until_pc(addr=end, run_resources=run_resources)
../../../warp_dev/lib/python3.7/site-packages/cairo_lang-0.6.2-py3.7.egg/starkware/cairo/lang/vm/cairo_runner.py:284: in run_until_pc
    self.vm_step()
../../../warp_dev/lib/python3.7/site-packages/cairo_lang-0.6.2-py3.7.egg/starkware/cairo/lang/vm/cairo_runner.py:298: in vm_step
    self.vm.step()
../../../warp_dev/lib/python3.7/site-packages/cairo_lang-0.6.2-py3.7.egg/starkware/cairo/lang/vm/virtual_machine_base.py:255: in step
    self.run_instruction(instruction)
../../../warp_dev/lib/python3.7/site-packages/cairo_lang-0.6.2-py3.7.egg/starkware/cairo/lang/vm/vm_core.py:422: in run_instruction
    raise self.as_vm_exception(exc) from None
E   starkware.cairo.lang.vm.vm_exceptions.VmException: /home/greg/dev/nethermind/warp/tests/semantic/solidity/test/libsolidity/semanticTests/enums/using_enums.cairo.temp:111:9: Error at pc=0:1933:
E   An ASSERT_EQ instruction failed: 1 != 0.
E           assert 0 = 1
E           ^**********^
E   Cairo traceback (most recent call last):
E   /home/greg/dev/nethermind/warp/tests/semantic/solidity/test/libsolidity/semanticTests/enums/using_enums.cairo.temp:53:6: (pc=0:1766)
E   func __main{
E        ^****^
E   /home/greg/dev/nethermind/warp/tests/semantic/solidity/test/libsolidity/semanticTests/enums/using_enums.cairo.temp:67:9: (pc=0:1705)
E           __main_meat()
E           ^***********^
E   /home/greg/dev/nethermind/warp/tests/semantic/solidity/test/libsolidity/semanticTests/enums/using_enums.cairo.temp:166:5: (pc=0:2110)
E       __warp_if_0(__warp_subexpr_0)
E       ^***************************^
E   /home/greg/dev/nethermind/warp/tests/semantic/solidity/test/libsolidity/semanticTests/enums/using_enums.cairo.temp:150:9: (pc=0:2064)
E           __warp_block_0()
E           ^**************^
E   /home/greg/dev/nethermind/warp/tests/semantic/solidity/test/libsolidity/semanticTests/enums/using_enums.cairo.temp:140:5: (pc=0:2039)
E       __warp_if_1(__warp_subexpr_0)
E       ^***************************^
E   /home/greg/dev/nethermind/warp/tests/semantic/solidity/test/libsolidity/semanticTests/enums/using_enums.cairo.temp:125:9: (pc=0:1994)
E           __warp_block_1()
E           ^**************^

During handling of the above exception, another exception occurred:
tests/semantic/test_semantics.py:161: in test_semantics
    res = await invoke_method_evm_calldata(starknet, contract_address, argument)
../../../warp_dev/lib/python3.7/site-packages/sol_warp-0.2.12-py3.7.egg/yul/starknet_utils.py:30: in invoke_method_evm_calldata
    caller_address=0,
../../../warp_dev/lib/python3.7/site-packages/cairo_lang-0.6.2-py3.7.egg/starkware/starknet/testing/state.py:153: in invoke_raw
    state=state_copy, general_config=self.general_config
../../../warp_dev/lib/python3.7/site-packages/cairo_lang-0.6.2-py3.7.egg/starkware/starknet/business_logic/internal_transaction_interface.py:213: in apply_state_updates
    state=state_to_update, general_config=general_config
../../../warp_dev/lib/python3.7/site-packages/cairo_lang-0.6.2-py3.7.egg/starkware/starknet/business_logic/internal_transaction.py:405: in _apply_specific_state_updates
    func=_synchronous_apply_specific_state_updates,
/usr/lib/python3.7/concurrent/futures/thread.py:57: in run
    result = self.fn(*self.args, **self.kwargs)
../../../warp_dev/lib/python3.7/site-packages/cairo_lang-0.6.2-py3.7.egg/starkware/starknet/business_logic/internal_transaction.py:433: in _synchronous_apply_specific_state_updates
    run_resources=run_resources,
../../../warp_dev/lib/python3.7/site-packages/cairo_lang-0.6.2-py3.7.egg/starkware/starknet/business_logic/internal_transaction.py:559: in _run
    raise StarkException(code=code, message=str(exception))
E   starkware.starkware_utils.error_handling.StarkException: (500, {'code': <StarknetErrorCode.TRANSACTION_FAILED: 28>, 'message': '/home/greg/dev/nethermind/warp/tests/semantic/solidity/test/libsolidity/semanticTests/enums/using_enums.cairo.temp:111:9: Error at pc=0:1933:\nAn ASSERT_EQ instruction failed: 1 != 0.\n        assert 0 = 1\n        ^**********^\nCairo traceback (most recent call last):\n/home/greg/dev/nethermind/warp/tests/semantic/solidity/test/libsolidity/semanticTests/enums/using_enums.cairo.temp:53:6: (pc=0:1766)\nfunc __main{\n     ^****^\n/home/greg/dev/nethermind/warp/tests/semantic/solidity/test/libsolidity/semanticTests/enums/using_enums.cairo.temp:67:9: (pc=0:1705)\n        __main_meat()\n        ^***********^\n/home/greg/dev/nethermind/warp/tests/semantic/solidity/test/libsolidity/semanticTests/enums/using_enums.cairo.temp:166:5: (pc=0:2110)\n    __warp_if_0(__warp_subexpr_0)\n    ^***************************^\n/home/greg/dev/nethermind/warp/tests/semantic/solidity/test/libsolidity/semanticTests/enums/using_enums.cairo.temp:150:9: (pc=0:2064)\n        __warp_block_0()\n        ^**************^\n/home/greg/dev/nethermind/warp/tests/semantic/solidity/test/libsolidity/semanticTests/enums/using_enums.cairo.temp:140:5: (pc=0:2039)\n    __warp_if_1(__warp_subexpr_0)\n    ^***************************^\n/home/greg/dev/nethermind/warp/tests/semantic/solidity/test/libsolidity/semanticTests/enums/using_enums.cairo.temp:125:9: (pc=0:1994)\n        __warp_block_1()\n        ^**************^'})
------------------------------------------------------------------------------------------------------------------- Captured stdout call -------------------------------------------------------------------------------------------------------------------
{'callData': '0x67cb61b6', 'expectations': '0x0000000000000000000000000000000000000000000000000000000000000002', 'failure': False, 'signature': 'getChoice()'}
------------------------------------------------------------------------------------------------------------------- Captured stderr call -------------------------------------------------------------------------------------------------------------------
Warning: SPDX license identifier not provided in source file. Before publishing, consider adding a comment containing "SPDX-License-Identifier: <SPDX-License>" to each source file. Use "SPDX-License-Identifier: UNLICENSED" for non-open-source code. Please see https://spdx.org for more information.
--> tests/semantic/solidity/test/libsolidity/semanticTests/functionCall/mapping_internal_argument_marked.sol

Warning: Function state mutability can be restricted to view
  --> tests/semantic/solidity/test/libsolidity/semanticTests/functionCall/mapping_internal_argument_marked.sol:14:5:
   |
14 |     function get(uint8 key) public returns (uint8, uint8) {
   |     ^ (Relevant source part starts here and spans across multiple lines).

_________________________________________________ test_semantics[/home/greg/dev/nethermind/warp/tests/semantic/solidity/test/libsolidity/semanticTests/functionCall/creation_function_call_with_salt.sol] __________________________________________________
tests/semantic/test_semantics.py:126: in test_semantics
    contract_file, get_last_contract(contract_file)
../../../warp_dev/lib/python3.7/site-packages/sol_warp-0.2.12-py3.7.egg/yul/main.py:53: in transpile_from_solidity
    codes = json.loads(result.stdout)
/usr/lib/python3.7/json/__init__.py:348: in loads
    return _default_decoder.decode(s)
/usr/lib/python3.7/json/decoder.py:337: in decode
    obj, end = self.raw_decode(s, idx=_w(s, 0).end())
/usr/lib/python3.7/json/decoder.py:355: in raw_decode
    raise JSONDecodeError("Expecting value", s, err.value) from None
E   json.decoder.JSONDecodeError: Expecting value: line 1 column 1 (char 0)
------------------------------------------------------------------------------------------------------------------- Captured stderr call -------------------------------------------------------------------------------------------------------------------
Warning: SPDX license identifier not provided in source file. Before publishing, consider adding a comment containing "SPDX-License-Identifier: <SPDX-License>" to each source file. Use "SPDX-License-Identifier: UNLICENSED" for non-open-source code. Please see https://spdx.org for more information.
--> tests/semantic/solidity/test/libsolidity/semanticTests/functionCall/creation_function_call_with_salt_marked.sol

Warning: Function state mutability can be restricted to view
  --> tests/semantic/solidity/test/libsolidity/semanticTests/functionCall/creation_function_call_with_salt_marked.sol:13:5:
   |
13 |     function f() public returns (uint r) {
   |     ^ (Relevant source part starts here and spans across multiple lines).

_________________________________________________ test_semantics[/home/greg/dev/nethermind/warp/tests/semantic/solidity/test/libsolidity/semanticTests/functionCall/creation_function_call_with_args.sol] __________________________________________________
tests/semantic/test_semantics.py:126: in test_semantics
    contract_file, get_last_contract(contract_file)
../../../warp_dev/lib/python3.7/site-packages/sol_warp-0.2.12-py3.7.egg/yul/main.py:53: in transpile_from_solidity
    codes = json.loads(result.stdout)
/usr/lib/python3.7/json/__init__.py:348: in loads
    return _default_decoder.decode(s)
/usr/lib/python3.7/json/decoder.py:337: in decode
    obj, end = self.raw_decode(s, idx=_w(s, 0).end())
/usr/lib/python3.7/json/decoder.py:355: in raw_decode
    raise JSONDecodeError("Expecting value", s, err.value) from None
E   json.decoder.JSONDecodeError: Expecting value: line 1 column 1 (char 0)
------------------------------------------------------------------------------------------------------------------- Captured stdout call -------------------------------------------------------------------------------------------------------------------
{'callData': '0xa538d287', 'expectations': '0x000000000000000000000000000000000000000000000000000000000000000000000000000000000000000000000000000000000000000000000000000000ff', 'failure': False, 'signature': 'getMinMax()'}
------------------------------------------------------------------------------------------------------------------- Captured stderr call -------------------------------------------------------------------------------------------------------------------
Warning: SPDX license identifier not provided in source file. Before publishing, consider adding a comment containing "SPDX-License-Identifier: <SPDX-License>" to each source file. Use "SPDX-License-Identifier: UNLICENSED" for non-open-source code. Please see https://spdx.org for more information.
--> tests/semantic/solidity/test/libsolidity/semanticTests/functionCall/creation_function_call_with_args_marked.sol

Warning: Function state mutability can be restricted to view
  --> tests/semantic/solidity/test/libsolidity/semanticTests/functionCall/creation_function_call_with_args_marked.sol:13:5:
   |
13 |     function f() public returns (uint r) {
   |     ^ (Relevant source part starts here and spans across multiple lines).

_____________________________________________ test_semantics[/home/greg/dev/nethermind/warp/tests/semantic/solidity/test/libsolidity/semanticTests/functionCall/calling_uninitialized_function_in_detail.sol] ______________________________________________
tests/semantic/test_semantics.py:159: in test_semantics
    await invoke_method_evm_calldata(starknet, contract_address, argument)
E   Failed: DID NOT RAISE <class 'Exception'>
------------------------------------------------------------------------------------------------------------------- Captured stdout call -------------------------------------------------------------------------------------------------------------------
{'callData': '0x7bc5bbbf0000000000000000000000000000000000000000000000000000000000000020000000000000000000000000000000000000000000000000000000000000000300000000000000000000000000000000000000000000000000000000000003e800000000000000000000000000000000000000000000000000000000000000010000000000000000000000000000000000000000000000000000000000000002', 'expectations': '0x0000000000000000000000000000000000000000000000000000000000000003', 'failure': False, 'signature': 'f(uint256[])'}
{'callData': '0x92d0d153', 'expectations': '0x4e487b710000000000000000000000000000000000000000000000000000000000000051', 'failure': True, 'signature': 't()'}
{'callData': '0x7bc5bbbf00000000000000000000000000000000000000000000000000000000000000200000000000000000000000000000000000000000000000000000000000000003000000000000000000000000000000000000000000000000000000000000006400000000000000000000000000000000000000000000000000000000000001f4000000000000000000000000000000000000000000000000000000000000012c', 'expectations': '0x0000000000000000000000000000000000000000000000000000000000000258', 'failure': False, 'signature': 'f(uint256[])'}
------------------------------------------------------------------------------------------------------------------- Captured stderr call -------------------------------------------------------------------------------------------------------------------
Warning: SPDX license identifier not provided in source file. Before publishing, consider adding a comment containing "SPDX-License-Identifier: <SPDX-License>" to each source file. Use "SPDX-License-Identifier: UNLICENSED" for non-open-source code. Please see https://spdx.org for more information.
--> tests/semantic/solidity/test/libsolidity/semanticTests/functionCall/calling_other_functions_marked.sol

Warning: Function state mutability can be restricted to pure
 --> tests/semantic/solidity/test/libsolidity/semanticTests/functionCall/calling_other_functions_marked.sol:9:5:
  |
9 |     function evenStep(uint x) public returns(uint y) {
  |     ^ (Relevant source part starts here and spans across multiple lines).

Warning: Function state mutability can be restricted to pure
  --> tests/semantic/solidity/test/libsolidity/semanticTests/functionCall/calling_other_functions_marked.sol:12:5:
   |
12 |     function oddStep(uint x) public returns(uint y) {
   |     ^ (Relevant source part starts here and spans across multiple lines).

___________________________________________ test_semantics[/home/greg/dev/nethermind/warp/tests/semantic/solidity/test/libsolidity/semanticTests/functionCall/calling_uninitialized_function_through_array.sol] ____________________________________________
tests/semantic/test_semantics.py:159: in test_semantics
    await invoke_method_evm_calldata(starknet, contract_address, argument)
E   Failed: DID NOT RAISE <class 'Exception'>
------------------------------------------------------------------------------------------------------------------- Captured stdout call -------------------------------------------------------------------------------------------------------------------
{'callData': '0x92d0d153', 'expectations': '0x4e487b710000000000000000000000000000000000000000000000000000000000000051', 'failure': True, 'signature': 't()'}
------------------------------------------------------------------------------------------------------------------- Captured stderr call -------------------------------------------------------------------------------------------------------------------
Warning: SPDX license identifier not provided in source file. Before publishing, consider adding a comment containing "SPDX-License-Identifier: <SPDX-License>" to each source file. Use "SPDX-License-Identifier: UNLICENSED" for non-open-source code. Please see https://spdx.org for more information.
--> tests/semantic/solidity/test/libsolidity/semanticTests/functionCall/named_args_marked.sol

Warning: This declaration shadows an existing declaration.
 --> tests/semantic/solidity/test/libsolidity/semanticTests/functionCall/named_args_marked.sol:3:16:
  |
3 |     function a(uint a, uint b, uint c) public returns (uint r) { r = a * 100 + b * 10 + c * 1; }
  |                ^^^^^^
Note: The shadowed declaration is here:
 --> tests/semantic/solidity/test/libsolidity/semanticTests/functionCall/named_args_marked.sol:3:5:
  |
3 |     function a(uint a, uint b, uint c) public returns (uint r) { r = a * 100 + b * 10 + c * 1; }
  |     ^^^^^^^^^^^^^^^^^^^^^^^^^^^^^^^^^^^^^^^^^^^^^^^^^^^^^^^^^^^^^^^^^^^^^^^^^^^^^^^^^^^^^^^^^^^^

Warning: This declaration shadows an existing declaration.
 --> tests/semantic/solidity/test/libsolidity/semanticTests/functionCall/named_args_marked.sol:3:24:
  |
3 |     function a(uint a, uint b, uint c) public returns (uint r) { r = a * 100 + b * 10 + c * 1; }
  |                        ^^^^^^
Note: The shadowed declaration is here:
 --> tests/semantic/solidity/test/libsolidity/semanticTests/functionCall/named_args_marked.sol:4:5:
  |
4 |     function b() public returns (uint r) { r = a({a: 1, b: 2, c: 3}); }
  |     ^^^^^^^^^^^^^^^^^^^^^^^^^^^^^^^^^^^^^^^^^^^^^^^^^^^^^^^^^^^^^^^^^^^

Warning: This declaration shadows an existing declaration.
 --> tests/semantic/solidity/test/libsolidity/semanticTests/functionCall/named_args_marked.sol:3:32:
  |
3 |     function a(uint a, uint b, uint c) public returns (uint r) { r = a * 100 + b * 10 + c * 1; }
  |                                ^^^^^^
Note: The shadowed declaration is here:
 --> tests/semantic/solidity/test/libsolidity/semanticTests/functionCall/named_args_marked.sol:5:5:
  |
5 |     function c() public returns (uint r) { r = a({b: 2, c: 3, a: 1}); }
  |     ^^^^^^^^^^^^^^^^^^^^^^^^^^^^^^^^^^^^^^^^^^^^^^^^^^^^^^^^^^^^^^^^^^^

Warning: Function state mutability can be restricted to pure
 --> tests/semantic/solidity/test/libsolidity/semanticTests/functionCall/named_args_marked.sol:3:5:
  |
3 |     function a(uint a, uint b, uint c) public returns (uint r) { r = a * 100 + b * 10 + c * 1; }
  |     ^^^^^^^^^^^^^^^^^^^^^^^^^^^^^^^^^^^^^^^^^^^^^^^^^^^^^^^^^^^^^^^^^^^^^^^^^^^^^^^^^^^^^^^^^^^^

Warning: SPDX license identifier not provided in source file. Before publishing, consider adding a comment containing "SPDX-License-Identifier: <SPDX-License>" to each source file. Use "SPDX-License-Identifier: UNLICENSED" for non-open-source code. Please see https://spdx.org for more information.
--> tests/semantic/solidity/test/libsolidity/semanticTests/functionCall/calling_uninitialized_function_marked.sol

_________________________________________________________ test_semantics[/home/greg/dev/nethermind/warp/tests/semantic/solidity/test/libsolidity/semanticTests/functionCall/member_accessors.sol] __________________________________________________________
FAILURE: /home/greg/dev/nethermind/warp/tests/semantic/solidity/test/libsolidity/semanticTests/functionCall/member_accessors.cairo.temp
assert '0xbc9a939691...0000000000000' == '0x43656c696e...0000000000000'
  - 0x43656c696e610000000000000000000000000000000000000000000000000000
  ?   ^ ^^^^  ---
  + 0xbc9a9396919f0000000000000000000000000000000000000000000000000000
  ?   ^^^^^ ^   ++
tests/semantic/test_semantics.py:173 in test_semantics() -> check.equal(final_res, expected_result, cairo_file_path)
------------------------------------------------------------
Failed Checks: 1
------------------------------------------------------------------------------------------------------------------- Captured stdout call -------------------------------------------------------------------------------------------------------------------
{'callData': '0x73d4a13a', 'expectations': '0x0000000000000000000000000000000000000000000000000000000000000008', 'failure': False, 'signature': 'data()'}
{'callData': '0x06fdde03', 'expectations': '0x43656c696e610000000000000000000000000000000000000000000000000000', 'failure': False, 'signature': 'name()'}
{'callData': '0x236fa0d3', 'expectations': '0xa91eddf639b0b768929589c1a9fd21dcb0107199bdd82e55c5348018a1572f52', 'failure': False, 'signature': 'a_hash()'}
{'callData': '0xd2407f6b', 'expectations': '0x0000000000000000000000000000000000000000000000000000000000001337', 'failure': False, 'signature': 'an_address()'}
{'callData': '0xc921267e', 'expectations': '0x', 'failure': True, 'signature': 'super_secret_data()'}
------------------------------------------------------------------------------------------------------------------- Captured stderr call -------------------------------------------------------------------------------------------------------------------
Warning: SPDX license identifier not provided in source file. Before publishing, consider adding a comment containing "SPDX-License-Identifier: <SPDX-License>" to each source file. Use "SPDX-License-Identifier: UNLICENSED" for non-open-source code. Please see https://spdx.org for more information.
--> tests/semantic/solidity/test/libsolidity/semanticTests/functionCall/multiple_return_values_marked.sol

Warning: Unused function parameter. Remove or comment out the variable name to silence this warning.
 --> tests/semantic/solidity/test/libsolidity/semanticTests/functionCall/multiple_return_values_marked.sol:3:69:
  |
3 |     function run(bool x1, uint x2) public returns(uint y1, bool y2, uint y3) {
  |                                                                     ^^^^^^^

Warning: Function state mutability can be restricted to pure
 --> tests/semantic/solidity/test/libsolidity/semanticTests/functionCall/multiple_return_values_marked.sol:3:5:
  |
3 |     function run(bool x1, uint x2) public returns(uint y1, bool y2, uint y3) {
  |     ^ (Relevant source part starts here and spans across multiple lines).

Warning: SPDX license identifier not provided in source file. Before publishing, consider adding a comment containing "SPDX-License-Identifier: <SPDX-License>" to each source file. Use "SPDX-License-Identifier: UNLICENSED" for non-open-source code. Please see https://spdx.org for more information.
--> tests/semantic/solidity/test/libsolidity/semanticTests/functionCall/inheritance/base_base_overload_marked.sol

________________________________________________ test_semantics[/home/greg/dev/nethermind/warp/tests/semantic/solidity/test/libsolidity/semanticTests/functionCall/calling_nonexisting_contract_throws.sol] ________________________________________________
../../../warp_dev/lib/python3.7/site-packages/cairo_lang-0.6.2-py3.7.egg/starkware/starknet/business_logic/internal_transaction.py:539: in _run
    verify_secure=True,
../../../warp_dev/lib/python3.7/site-packages/cairo_lang-0.6.2-py3.7.egg/starkware/cairo/common/cairo_function_runner.py:199: in run_from_entrypoint
    self.run_until_pc(addr=end, run_resources=run_resources)
../../../warp_dev/lib/python3.7/site-packages/cairo_lang-0.6.2-py3.7.egg/starkware/cairo/lang/vm/cairo_runner.py:284: in run_until_pc
    self.vm_step()
../../../warp_dev/lib/python3.7/site-packages/cairo_lang-0.6.2-py3.7.egg/starkware/cairo/lang/vm/cairo_runner.py:298: in vm_step
    self.vm.step()
../../../warp_dev/lib/python3.7/site-packages/cairo_lang-0.6.2-py3.7.egg/starkware/cairo/lang/vm/virtual_machine_base.py:255: in step
    self.run_instruction(instruction)
../../../warp_dev/lib/python3.7/site-packages/cairo_lang-0.6.2-py3.7.egg/starkware/cairo/lang/vm/vm_core.py:416: in run_instruction
    raise self.as_vm_exception(exc) from None
E   starkware.cairo.lang.vm.vm_exceptions.VmException: /home/greg/dev/nethermind/warp/warp/cairo-src/evm/calls.cairo:62:23: Error at pc=0:1745:
E   Unknown value for memory cell at address 14:0.
E       assert array[0] = initial[0] / 256 ** 12
E                         ^********^
E   Cairo traceback (most recent call last):
E   /home/greg/dev/nethermind/warp/tests/semantic/solidity/test/libsolidity/semanticTests/functionCall/calling_nonexisting_contract_throws.cairo.temp:60:6: (pc=0:2211)
E   func __main{
E        ^****^
E   /home/greg/dev/nethermind/warp/tests/semantic/solidity/test/libsolidity/semanticTests/functionCall/calling_nonexisting_contract_throws.cairo.temp:74:9: (pc=0:2150)
E           __main_meat()
E           ^***********^
E   /home/greg/dev/nethermind/warp/tests/semantic/solidity/test/libsolidity/semanticTests/functionCall/calling_nonexisting_contract_throws.cairo.temp:507:5: (pc=0:3609)
E       __warp_if_2(__warp_subexpr_0)
E       ^***************************^
E   /home/greg/dev/nethermind/warp/tests/semantic/solidity/test/libsolidity/semanticTests/functionCall/calling_nonexisting_contract_throws.cairo.temp:491:9: (pc=0:3563)
E           __warp_block_4()
E           ^**************^
E   /home/greg/dev/nethermind/warp/tests/semantic/solidity/test/libsolidity/semanticTests/functionCall/calling_nonexisting_contract_throws.cairo.temp:481:5: (pc=0:3538)
E       __warp_block_5()
E       ^**************^
E   /home/greg/dev/nethermind/warp/tests/semantic/solidity/test/libsolidity/semanticTests/functionCall/calling_nonexisting_contract_throws.cairo.temp:472:5: (pc=0:3525)
E       __warp_block_6(match_var)
E       ^***********************^
E   /home/greg/dev/nethermind/warp/tests/semantic/solidity/test/libsolidity/semanticTests/functionCall/calling_nonexisting_contract_throws.cairo.temp:461:5: (pc=0:3490)
E       __warp_if_3(__warp_subexpr_0, match_var)
E       ^**************************************^
E   /home/greg/dev/nethermind/warp/tests/semantic/solidity/test/libsolidity/semanticTests/functionCall/calling_nonexisting_contract_throws.cairo.temp:450:9: (pc=0:3453)
E           __warp_block_9(match_var)
E           ^***********************^
E   /home/greg/dev/nethermind/warp/tests/semantic/solidity/test/libsolidity/semanticTests/functionCall/calling_nonexisting_contract_throws.cairo.temp:437:5: (pc=0:3435)
E       __warp_if_5(__warp_subexpr_0, match_var)
E       ^**************************************^
E   /home/greg/dev/nethermind/warp/tests/semantic/solidity/test/libsolidity/semanticTests/functionCall/calling_nonexisting_contract_throws.cairo.temp:423:9: (pc=0:3409)
E           __warp_block_10()
E           ^***************^
E   /home/greg/dev/nethermind/warp/tests/semantic/solidity/test/libsolidity/semanticTests/functionCall/calling_nonexisting_contract_throws.cairo.temp:371:41: (pc=0:3209)
E       let (ret__warp_mangled : Uint256) = fun_h()
E                                           ^*****^
E   /home/greg/dev/nethermind/warp/tests/semantic/solidity/test/libsolidity/semanticTests/functionCall/calling_nonexisting_contract_throws.cairo.temp:218:40: (pc=0:2727)
E       let (__warp_subexpr_0 : Uint256) = warp_call(
E                                          ^********^
E   /home/greg/dev/nethermind/warp/warp/cairo-src/evm/yul_api.cairo:42:21: (pc=0:1911)
E       let (success) = general_call(
E                       ^***********^
E   /home/greg/dev/nethermind/warp/warp/cairo-src/evm/calls.cairo:77:5: (pc=0:1787)
E       calldata_copy_from_memory(in_offset, in_size, cairo_calldata + 2)
E       ^***************************************************************^

During handling of the above exception, another exception occurred:
tests/semantic/test_semantics.py:161: in test_semantics
    res = await invoke_method_evm_calldata(starknet, contract_address, argument)
../../../warp_dev/lib/python3.7/site-packages/sol_warp-0.2.12-py3.7.egg/yul/starknet_utils.py:30: in invoke_method_evm_calldata
    caller_address=0,
../../../warp_dev/lib/python3.7/site-packages/cairo_lang-0.6.2-py3.7.egg/starkware/starknet/testing/state.py:153: in invoke_raw
    state=state_copy, general_config=self.general_config
../../../warp_dev/lib/python3.7/site-packages/cairo_lang-0.6.2-py3.7.egg/starkware/starknet/business_logic/internal_transaction_interface.py:213: in apply_state_updates
    state=state_to_update, general_config=general_config
../../../warp_dev/lib/python3.7/site-packages/cairo_lang-0.6.2-py3.7.egg/starkware/starknet/business_logic/internal_transaction.py:405: in _apply_specific_state_updates
    func=_synchronous_apply_specific_state_updates,
/usr/lib/python3.7/concurrent/futures/thread.py:57: in run
    result = self.fn(*self.args, **self.kwargs)
../../../warp_dev/lib/python3.7/site-packages/cairo_lang-0.6.2-py3.7.egg/starkware/starknet/business_logic/internal_transaction.py:433: in _synchronous_apply_specific_state_updates
    run_resources=run_resources,
../../../warp_dev/lib/python3.7/site-packages/cairo_lang-0.6.2-py3.7.egg/starkware/starknet/business_logic/internal_transaction.py:559: in _run
    raise StarkException(code=code, message=str(exception))
E   starkware.starkware_utils.error_handling.StarkException: (500, {'code': <StarknetErrorCode.TRANSACTION_FAILED: 28>, 'message': '/home/greg/dev/nethermind/warp/warp/cairo-src/evm/calls.cairo:62:23: Error at pc=0:1745:\nUnknown value for memory cell at address 14:0.\n    assert array[0] = initial[0] / 256 ** 12\n                      ^********^\nCairo traceback (most recent call last):\n/home/greg/dev/nethermind/warp/tests/semantic/solidity/test/libsolidity/semanticTests/functionCall/calling_nonexisting_contract_throws.cairo.temp:60:6: (pc=0:2211)\nfunc __main{\n     ^****^\n/home/greg/dev/nethermind/warp/tests/semantic/solidity/test/libsolidity/semanticTests/functionCall/calling_nonexisting_contract_throws.cairo.temp:74:9: (pc=0:2150)\n        __main_meat()\n        ^***********^\n/home/greg/dev/nethermind/warp/tests/semantic/solidity/test/libsolidity/semanticTests/functionCall/calling_nonexisting_contract_throws.cairo.temp:507:5: (pc=0:3609)\n    __warp_if_2(__warp_subexpr_0)\n    ^***************************^\n/home/greg/dev/nethermind/warp/tests/semantic/solidity/test/libsolidity/semanticTests/functionCall/calling_nonexisting_contract_throws.cairo.temp:491:9: (pc=0:3563)\n        __warp_block_4()\n        ^**************^\n/home/greg/dev/nethermind/warp/tests/semantic/solidity/test/libsolidity/semanticTests/functionCall/calling_nonexisting_contract_throws.cairo.temp:481:5: (pc=0:3538)\n    __warp_block_5()\n    ^**************^\n/home/greg/dev/nethermind/warp/tests/semantic/solidity/test/libsolidity/semanticTests/functionCall/calling_nonexisting_contract_throws.cairo.temp:472:5: (pc=0:3525)\n    __warp_block_6(match_var)\n    ^***********************^\n/home/greg/dev/nethermind/warp/tests/semantic/solidity/test/libsolidity/semanticTests/functionCall/calling_nonexisting_contract_throws.cairo.temp:461:5: (pc=0:3490)\n    __warp_if_3(__warp_subexpr_0, match_var)\n    ^**************************************^\n/home/greg/dev/nethermind/warp/tests/semantic/solidity/test/libsolidity/semanticTests/functionCall/calling_nonexisting_contract_throws.cairo.temp:450:9: (pc=0:3453)\n        __warp_block_9(match_var)\n        ^***********************^\n/home/greg/dev/nethermind/warp/tests/semantic/solidity/test/libsolidity/semanticTests/functionCall/calling_nonexisting_contract_throws.cairo.temp:437:5: (pc=0:3435)\n    __warp_if_5(__warp_subexpr_0, match_var)\n    ^**************************************^\n/home/greg/dev/nethermind/warp/tests/semantic/solidity/test/libsolidity/semanticTests/functionCall/calling_nonexisting_contract_throws.cairo.temp:423:9: (pc=0:3409)\n        __warp_block_10()\n        ^***************^\n/home/greg/dev/nethermind/warp/tests/semantic/solidity/test/libsolidity/semanticTests/functionCall/calling_nonexisting_contract_throws.cairo.temp:371:41: (pc=0:3209)\n    let (ret__warp_mangled : Uint256) = fun_h()\n                                        ^*****^\n/home/greg/dev/nethermind/warp/tests/semantic/solidity/test/libsolidity/semanticTests/functionCall/calling_nonexisting_contract_throws.cairo.temp:218:40: (pc=0:2727)\n    let (__warp_subexpr_0 : Uint256) = warp_call(\n                                       ^********^\n/home/greg/dev/nethermind/warp/warp/cairo-src/evm/yul_api.cairo:42:21: (pc=0:1911)\n    let (success) = general_call(\n                    ^***********^\n/home/greg/dev/nethermind/warp/warp/cairo-src/evm/calls.cairo:77:5: (pc=0:1787)\n    calldata_copy_from_memory(in_offset, in_size, cairo_calldata + 2)\n    ^***************************************************************^'})
------------------------------------------------------------------------------------------------------------------- Captured stdout call -------------------------------------------------------------------------------------------------------------------
{'callData': '0x60fe47b10000000000000000000000000000000000000000000000000000000000000001', 'expectations': '0x', 'failure': False, 'signature': 'set(uint256)'}
{'callData': '0x6d4ce63c', 'expectations': '0x0000000000000000000000000000000000000000000000000000000000000001', 'failure': False, 'signature': 'get()'}
{'callData': '0x26121ff0', 'expectations': '0x', 'failure': True, 'signature': 'f()'}
{'callData': '0xe2179b8e', 'expectations': '0x', 'failure': True, 'signature': 'g()'}
{'callData': '0xb8c9d365', 'expectations': '0x0000000000000000000000000000000000000000000000000000000000000007', 'failure': False, 'signature': 'h()'}
{'callData': '0x62bcaaee', 'expectations': '0x0000000000000000000000000000000000000000000000000000000000000000000000000000000000000000000000000000000000000000000000000000004000000000000000000000000000000000000000000000000000000000000000244e487b71000000000000000000000000000000000000000000000000000000000000000100000000000000000000000000000000000000000000000000000000', 'failure': False, 'signature': 'assert0_delegated()'}
------------------------------------------------------------------------------------------------------------------- Captured stderr call -------------------------------------------------------------------------------------------------------------------
Warning: SPDX license identifier not provided in source file. Before publishing, consider adding a comment containing "SPDX-License-Identifier: <SPDX-License>" to each source file. Use "SPDX-License-Identifier: UNLICENSED" for non-open-source code. Please see https://spdx.org for more information.
--> tests/semantic/solidity/test/libsolidity/semanticTests/functionCall/inheritance/base_overload_marked.sol

_____________________________________________________ test_semantics[/home/greg/dev/nethermind/warp/tests/semantic/solidity/test/libsolidity/semanticTests/functionCall/delegatecall_return_value.sol] _____________________________________________________
../../../warp_dev/lib/python3.7/site-packages/cairo_lang-0.6.2-py3.7.egg/starkware/starknet/business_logic/internal_transaction.py:539: in _run
    verify_secure=True,
../../../warp_dev/lib/python3.7/site-packages/cairo_lang-0.6.2-py3.7.egg/starkware/cairo/common/cairo_function_runner.py:199: in run_from_entrypoint
    self.run_until_pc(addr=end, run_resources=run_resources)
../../../warp_dev/lib/python3.7/site-packages/cairo_lang-0.6.2-py3.7.egg/starkware/cairo/lang/vm/cairo_runner.py:284: in run_until_pc
    self.vm_step()
../../../warp_dev/lib/python3.7/site-packages/cairo_lang-0.6.2-py3.7.egg/starkware/cairo/lang/vm/cairo_runner.py:298: in vm_step
    self.vm.step()
../../../warp_dev/lib/python3.7/site-packages/cairo_lang-0.6.2-py3.7.egg/starkware/cairo/lang/vm/virtual_machine_base.py:241: in step
    self.exec_hint(hint.compiled, exec_locals, hint_index=hint_index)
../../../warp_dev/lib/python3.7/site-packages/cairo_lang-0.6.2-py3.7.egg/starkware/cairo/lang/vm/virtual_machine_base.py:281: in exec_hint
    ) from None
E   starkware.cairo.lang.vm.vm_exceptions.VmException: /home/greg/warp_dev/lib/python3.7/site-packages/cairo_lang-0.6.2-py3.7.egg/starkware/starknet/common/syscalls.cairo:67:5: Error at pc=0:207:
E   Got an exception while executing a hint.
E       %{ syscall_handler.delegate_call(segments=segments, syscall_ptr=ids.syscall_ptr) %}
E       ^*********************************************************************************^
E   Cairo traceback (most recent call last):
E   /home/greg/dev/nethermind/warp/tests/semantic/solidity/test/libsolidity/semanticTests/functionCall/delegatecall_return_value.cairo.temp:59:6: (pc=0:2229)
E   func __main{
E        ^****^
E   /home/greg/dev/nethermind/warp/tests/semantic/solidity/test/libsolidity/semanticTests/functionCall/delegatecall_return_value.cairo.temp:73:9: (pc=0:2168)
E           __main_meat()
E           ^***********^
E   /home/greg/dev/nethermind/warp/tests/semantic/solidity/test/libsolidity/semanticTests/functionCall/delegatecall_return_value.cairo.temp:575:5: (pc=0:3950)
E       __warp_if_2(__warp_subexpr_0)
E       ^***************************^
E   /home/greg/dev/nethermind/warp/tests/semantic/solidity/test/libsolidity/semanticTests/functionCall/delegatecall_return_value.cairo.temp:559:9: (pc=0:3904)
E           __warp_block_4()
E           ^**************^
E   /home/greg/dev/nethermind/warp/tests/semantic/solidity/test/libsolidity/semanticTests/functionCall/delegatecall_return_value.cairo.temp:549:5: (pc=0:3879)
E       __warp_block_5(match_var)
E       ^***********************^
E   /home/greg/dev/nethermind/warp/tests/semantic/solidity/test/libsolidity/semanticTests/functionCall/delegatecall_return_value.cairo.temp:538:5: (pc=0:3844)
E       __warp_if_3(__warp_subexpr_0, match_var)
E       ^**************************************^
E   /home/greg/dev/nethermind/warp/tests/semantic/solidity/test/libsolidity/semanticTests/functionCall/delegatecall_return_value.cairo.temp:527:9: (pc=0:3800)
E           __warp_block_7(match_var)
E           ^***********************^
E   /home/greg/dev/nethermind/warp/tests/semantic/solidity/test/libsolidity/semanticTests/functionCall/delegatecall_return_value.cairo.temp:514:5: (pc=0:3782)
E       __warp_if_4(__warp_subexpr_0, match_var)
E       ^**************************************^
E   /home/greg/dev/nethermind/warp/tests/semantic/solidity/test/libsolidity/semanticTests/functionCall/delegatecall_return_value.cairo.temp:503:9: (pc=0:3745)
E           __warp_block_9(match_var)
E           ^***********************^
E   /home/greg/dev/nethermind/warp/tests/semantic/solidity/test/libsolidity/semanticTests/functionCall/delegatecall_return_value.cairo.temp:490:5: (pc=0:3727)
E       __warp_if_5(__warp_subexpr_0, match_var)
E       ^**************************************^
E   /home/greg/dev/nethermind/warp/tests/semantic/solidity/test/libsolidity/semanticTests/functionCall/delegatecall_return_value.cairo.temp:476:9: (pc=0:3693)
E           __warp_block_10()
E           ^***************^
E   /home/greg/dev/nethermind/warp/tests/semantic/solidity/test/libsolidity/semanticTests/functionCall/delegatecall_return_value.cairo.temp:387:46: (pc=0:3387)
E       let (ret_2 : Uint256, ret_3 : Uint256) = fun_assert0_delegated()
E                                                ^*********************^
E   /home/greg/dev/nethermind/warp/tests/semantic/solidity/test/libsolidity/semanticTests/functionCall/delegatecall_return_value.cairo.temp:320:38: (pc=0:3154)
E       let (expr_component : Uint256) = delegatecall(
E                                        ^***********^
E   /home/greg/dev/nethermind/warp/warp/cairo-src/evm/yul_api.cairo:62:21: (pc=0:1938)
E       let (success) = general_call(
E                       ^***********^
E   /home/greg/dev/nethermind/warp/warp/cairo-src/evm/calls.cairo:84:5: (pc=0:1814)
E       call abs call_function
E       ^********************^
E   
E   Error in the called contract (0x1fdf20b4df4f33f6f3ab55cd5d129722bfcd82376e8c7d59521fa847784ba71):
E   /home/greg/dev/nethermind/warp/tests/semantic/solidity/test/libsolidity/semanticTests/functionCall/delegatecall_return_value.cairo.temp:347:9: Error at pc=0:3232:
E   An ASSERT_EQ instruction failed: 1 != 0.
E           assert 0 = 1
E           ^**********^
E   Cairo traceback (most recent call last):
E   /home/greg/dev/nethermind/warp/tests/semantic/solidity/test/libsolidity/semanticTests/functionCall/delegatecall_return_value.cairo.temp:59:6: (pc=0:2229)
E   func __main{
E        ^****^
E   /home/greg/dev/nethermind/warp/tests/semantic/solidity/test/libsolidity/semanticTests/functionCall/delegatecall_return_value.cairo.temp:73:9: (pc=0:2168)
E           __main_meat()
E           ^***********^
E   /home/greg/dev/nethermind/warp/tests/semantic/solidity/test/libsolidity/semanticTests/functionCall/delegatecall_return_value.cairo.temp:575:5: (pc=0:3950)
E       __warp_if_2(__warp_subexpr_0)
E       ^***************************^
E   /home/greg/dev/nethermind/warp/tests/semantic/solidity/test/libsolidity/semanticTests/functionCall/delegatecall_return_value.cairo.temp:559:9: (pc=0:3904)
E           __warp_block_4()
E           ^**************^
E   /home/greg/dev/nethermind/warp/tests/semantic/solidity/test/libsolidity/semanticTests/functionCall/delegatecall_return_value.cairo.temp:549:5: (pc=0:3879)
E       __warp_block_5(match_var)
E       ^***********************^
E   /home/greg/dev/nethermind/warp/tests/semantic/solidity/test/libsolidity/semanticTests/functionCall/delegatecall_return_value.cairo.temp:538:5: (pc=0:3844)
E       __warp_if_3(__warp_subexpr_0, match_var)
E       ^**************************************^
E   /home/greg/dev/nethermind/warp/tests/semantic/solidity/test/libsolidity/semanticTests/functionCall/delegatecall_return_value.cairo.temp:527:9: (pc=0:3800)
E           __warp_block_7(match_var)
E           ^***********************^
E   /home/greg/dev/nethermind/warp/tests/semantic/solidity/test/libsolidity/semanticTests/functionCall/delegatecall_return_value.cairo.temp:514:5: (pc=0:3782)
E       __warp_if_4(__warp_subexpr_0, match_var)
E       ^**************************************^
E   /home/greg/dev/nethermind/warp/tests/semantic/solidity/test/libsolidity/semanticTests/functionCall/delegatecall_return_value.cairo.temp:503:9: (pc=0:3745)
E           __warp_block_9(match_var)
E           ^***********************^
E   /home/greg/dev/nethermind/warp/tests/semantic/solidity/test/libsolidity/semanticTests/functionCall/delegatecall_return_value.cairo.temp:490:5: (pc=0:3727)
E       __warp_if_5(__warp_subexpr_0, match_var)
E       ^**************************************^
E   /home/greg/dev/nethermind/warp/tests/semantic/solidity/test/libsolidity/semanticTests/functionCall/delegatecall_return_value.cairo.temp:479:9: (pc=0:3683)
E           __warp_block_11(match_var)
E           ^************************^
E   /home/greg/dev/nethermind/warp/tests/semantic/solidity/test/libsolidity/semanticTests/functionCall/delegatecall_return_value.cairo.temp:466:5: (pc=0:3665)
E       __warp_if_6(__warp_subexpr_0, match_var)
E       ^**************************************^
E   /home/greg/dev/nethermind/warp/tests/semantic/solidity/test/libsolidity/semanticTests/functionCall/delegatecall_return_value.cairo.temp:455:9: (pc=0:3628)
E           __warp_block_13(match_var)
E           ^************************^
E   /home/greg/dev/nethermind/warp/tests/semantic/solidity/test/libsolidity/semanticTests/functionCall/delegatecall_return_value.cairo.temp:442:5: (pc=0:3610)
E       __warp_if_7(__warp_subexpr_0)
E       ^***************************^
E   /home/greg/dev/nethermind/warp/tests/semantic/solidity/test/libsolidity/semanticTests/functionCall/delegatecall_return_value.cairo.temp:429:9: (pc=0:3586)
E           __warp_block_14()
E           ^***************^
E   /home/greg/dev/nethermind/warp/tests/semantic/solidity/test/libsolidity/semanticTests/functionCall/delegatecall_return_value.cairo.temp:417:5: (pc=0:3528)
E       fun_assert0()
E       ^***********^

During handling of the above exception, another exception occurred:
tests/semantic/test_semantics.py:161: in test_semantics
    res = await invoke_method_evm_calldata(starknet, contract_address, argument)
../../../warp_dev/lib/python3.7/site-packages/sol_warp-0.2.12-py3.7.egg/yul/starknet_utils.py:30: in invoke_method_evm_calldata
    caller_address=0,
../../../warp_dev/lib/python3.7/site-packages/cairo_lang-0.6.2-py3.7.egg/starkware/starknet/testing/state.py:153: in invoke_raw
    state=state_copy, general_config=self.general_config
../../../warp_dev/lib/python3.7/site-packages/cairo_lang-0.6.2-py3.7.egg/starkware/starknet/business_logic/internal_transaction_interface.py:213: in apply_state_updates
    state=state_to_update, general_config=general_config
../../../warp_dev/lib/python3.7/site-packages/cairo_lang-0.6.2-py3.7.egg/starkware/starknet/business_logic/internal_transaction.py:405: in _apply_specific_state_updates
    func=_synchronous_apply_specific_state_updates,
/usr/lib/python3.7/concurrent/futures/thread.py:57: in run
    result = self.fn(*self.args, **self.kwargs)
../../../warp_dev/lib/python3.7/site-packages/cairo_lang-0.6.2-py3.7.egg/starkware/starknet/business_logic/internal_transaction.py:433: in _synchronous_apply_specific_state_updates
    run_resources=run_resources,
../../../warp_dev/lib/python3.7/site-packages/cairo_lang-0.6.2-py3.7.egg/starkware/starknet/business_logic/internal_transaction.py:559: in _run
    raise StarkException(code=code, message=str(exception))
E   starkware.starkware_utils.error_handling.StarkException: (500, {'code': <StarknetErrorCode.TRANSACTION_FAILED: 28>, 'message': '/home/greg/warp_dev/lib/python3.7/site-packages/cairo_lang-0.6.2-py3.7.egg/starkware/starknet/common/syscalls.cairo:67:5: Error at pc=0:207:\nGot an exception while executing a hint.\n    %{ syscall_handler.delegate_call(segments=segments, syscall_ptr=ids.syscall_ptr) %}\n    ^*********************************************************************************^\nCairo traceback (most recent call last):\n/home/greg/dev/nethermind/warp/tests/semantic/solidity/test/libsolidity/semanticTests/functionCall/delegatecall_return_value.cairo.temp:59:6: (pc=0:2229)\nfunc __main{\n     ^****^\n/home/greg/dev/nethermind/warp/tests/semantic/solidity/test/libsolidity/semanticTests/functionCall/delegatecall_return_value.cairo.temp:73:9: (pc=0:2168)\n        __main_meat()\n        ^***********^\n/home/greg/dev/nethermind/warp/tests/semantic/solidity/test/libsolidity/semanticTests/functionCall/delegatecall_return_value.cairo.temp:575:5: (pc=0:3950)\n    __warp_if_2(__warp_subexpr_0)\n    ^***************************^\n/home/greg/dev/nethermind/warp/tests/semantic/solidity/test/libsolidity/semanticTests/functionCall/delegatecall_return_value.cairo.temp:559:9: (pc=0:3904)\n        __warp_block_4()\n        ^**************^\n/home/greg/dev/nethermind/warp/tests/semantic/solidity/test/libsolidity/semanticTests/functionCall/delegatecall_return_value.cairo.temp:549:5: (pc=0:3879)\n    __warp_block_5(match_var)\n    ^***********************^\n/home/greg/dev/nethermind/warp/tests/semantic/solidity/test/libsolidity/semanticTests/functionCall/delegatecall_return_value.cairo.temp:538:5: (pc=0:3844)\n    __warp_if_3(__warp_subexpr_0, match_var)\n    ^**************************************^\n/home/greg/dev/nethermind/warp/tests/semantic/solidity/test/libsolidity/semanticTests/functionCall/delegatecall_return_value.cairo.temp:527:9: (pc=0:3800)\n        __warp_block_7(match_var)\n        ^***********************^\n/home/greg/dev/nethermind/warp/tests/semantic/solidity/test/libsolidity/semanticTests/functionCall/delegatecall_return_value.cairo.temp:514:5: (pc=0:3782)\n    __warp_if_4(__warp_subexpr_0, match_var)\n    ^**************************************^\n/home/greg/dev/nethermind/warp/tests/semantic/solidity/test/libsolidity/semanticTests/functionCall/delegatecall_return_value.cairo.temp:503:9: (pc=0:3745)\n        __warp_block_9(match_var)\n        ^***********************^\n/home/greg/dev/nethermind/warp/tests/semantic/solidity/test/libsolidity/semanticTests/functionCall/delegatecall_return_value.cairo.temp:490:5: (pc=0:3727)\n    __warp_if_5(__warp_subexpr_0, match_var)\n    ^**************************************^\n/home/greg/dev/nethermind/warp/tests/semantic/solidity/test/libsolidity/semanticTests/functionCall/delegatecall_return_value.cairo.temp:476:9: (pc=0:3693)\n        __warp_block_10()\n        ^***************^\n/home/greg/dev/nethermind/warp/tests/semantic/solidity/test/libsolidity/semanticTests/functionCall/delegatecall_return_value.cairo.temp:387:46: (pc=0:3387)\n    let (ret_2 : Uint256, ret_3 : Uint256) = fun_assert0_delegated()\n                                             ^*********************^\n/home/greg/dev/nethermind/warp/tests/semantic/solidity/test/libsolidity/semanticTests/functionCall/delegatecall_return_value.cairo.temp:320:38: (pc=0:3154)\n    let (expr_component : Uint256) = delegatecall(\n                                     ^***********^\n/home/greg/dev/nethermind/warp/warp/cairo-src/evm/yul_api.cairo:62:21: (pc=0:1938)\n    let (success) = general_call(\n                    ^***********^\n/home/greg/dev/nethermind/warp/warp/cairo-src/evm/calls.cairo:84:5: (pc=0:1814)\n    call abs call_function\n    ^********************^\n\nError in the called contract (0x1fdf20b4df4f33f6f3ab55cd5d129722bfcd82376e8c7d59521fa847784ba71):\n/home/greg/dev/nethermind/warp/tests/semantic/solidity/test/libsolidity/semanticTests/functionCall/delegatecall_return_value.cairo.temp:347:9: Error at pc=0:3232:\nAn ASSERT_EQ instruction failed: 1 != 0.\n        assert 0 = 1\n        ^**********^\nCairo traceback (most recent call last):\n/home/greg/dev/nethermind/warp/tests/semantic/solidity/test/libsolidity/semanticTests/functionCall/delegatecall_return_value.cairo.temp:59:6: (pc=0:2229)\nfunc __main{\n     ^****^\n/home/greg/dev/nethermind/warp/tests/semantic/solidity/test/libsolidity/semanticTests/functionCall/delegatecall_return_value.cairo.temp:73:9: (pc=0:2168)\n        __main_meat()\n        ^***********^\n/home/greg/dev/nethermind/warp/tests/semantic/solidity/test/libsolidity/semanticTests/functionCall/delegatecall_return_value.cairo.temp:575:5: (pc=0:3950)\n    __warp_if_2(__warp_subexpr_0)\n    ^***************************^\n/home/greg/dev/nethermind/warp/tests/semantic/solidity/test/libsolidity/semanticTests/functionCall/delegatecall_return_value.cairo.temp:559:9: (pc=0:3904)\n        __warp_block_4()\n        ^**************^\n/home/greg/dev/nethermind/warp/tests/semantic/solidity/test/libsolidity/semanticTests/functionCall/delegatecall_return_value.cairo.temp:549:5: (pc=0:3879)\n    __warp_block_5(match_var)\n    ^***********************^\n/home/greg/dev/nethermind/warp/tests/semantic/solidity/test/libsolidity/semanticTests/functionCall/delegatecall_return_value.cairo.temp:538:5: (pc=0:3844)\n    __warp_if_3(__warp_subexpr_0, match_var)\n    ^**************************************^\n/home/greg/dev/nethermind/warp/tests/semantic/solidity/test/libsolidity/semanticTests/functionCall/delegatecall_return_value.cairo.temp:527:9: (pc=0:3800)\n        __warp_block_7(match_var)\n        ^***********************^\n/home/greg/dev/nethermind/warp/tests/semantic/solidity/test/libsolidity/semanticTests/functionCall/delegatecall_return_value.cairo.temp:514:5: (pc=0:3782)\n    __warp_if_4(__warp_subexpr_0, match_var)\n    ^**************************************^\n/home/greg/dev/nethermind/warp/tests/semantic/solidity/test/libsolidity/semanticTests/functionCall/delegatecall_return_value.cairo.temp:503:9: (pc=0:3745)\n        __warp_block_9(match_var)\n        ^***********************^\n/home/greg/dev/nethermind/warp/tests/semantic/solidity/test/libsolidity/semanticTests/functionCall/delegatecall_return_value.cairo.temp:490:5: (pc=0:3727)\n    __warp_if_5(__warp_subexpr_0, match_var)\n    ^**************************************^\n/home/greg/dev/nethermind/warp/tests/semantic/solidity/test/libsolidity/semanticTests/functionCall/delegatecall_return_value.cairo.temp:479:9: (pc=0:3683)\n        __warp_block_11(match_var)\n        ^************************^\n/home/greg/dev/nethermind/warp/tests/semantic/solidity/test/libsolidity/semanticTests/functionCall/delegatecall_return_value.cairo.temp:466:5: (pc=0:3665)\n    __warp_if_6(__warp_subexpr_0, match_var)\n    ^**************************************^\n/home/greg/dev/nethermind/warp/tests/semantic/solidity/test/libsolidity/semanticTests/functionCall/delegatecall_return_value.cairo.temp:455:9: (pc=0:3628)\n        __warp_block_13(match_var)\n        ^************************^\n/home/greg/dev/nethermind/warp/tests/semantic/solidity/test/libsolidity/semanticTests/functionCall/delegatecall_return_value.cairo.temp:442:5: (pc=0:3610)\n    __warp_if_7(__warp_subexpr_0)\n    ^***************************^\n/home/greg/dev/nethermind/warp/tests/semantic/solidity/test/libsolidity/semanticTests/functionCall/delegatecall_return_value.cairo.temp:429:9: (pc=0:3586)\n        __warp_block_14()\n        ^***************^\n/home/greg/dev/nethermind/warp/tests/semantic/solidity/test/libsolidity/semanticTests/functionCall/delegatecall_return_value.cairo.temp:417:5: (pc=0:3528)\n    fun_assert0()\n    ^***********^'})
____________________________________________________ test_semantics[/home/greg/dev/nethermind/warp/tests/semantic/solidity/test/libsolidity/semanticTests/functionCall/bare_call_no_returndatacopy.sol] ____________________________________________________
../../../warp_dev/lib/python3.7/site-packages/cairo_lang-0.6.2-py3.7.egg/starkware/starknet/business_logic/internal_transaction.py:539: in _run
    verify_secure=True,
../../../warp_dev/lib/python3.7/site-packages/cairo_lang-0.6.2-py3.7.egg/starkware/cairo/common/cairo_function_runner.py:199: in run_from_entrypoint
    self.run_until_pc(addr=end, run_resources=run_resources)
../../../warp_dev/lib/python3.7/site-packages/cairo_lang-0.6.2-py3.7.egg/starkware/cairo/lang/vm/cairo_runner.py:284: in run_until_pc
    self.vm_step()
../../../warp_dev/lib/python3.7/site-packages/cairo_lang-0.6.2-py3.7.egg/starkware/cairo/lang/vm/cairo_runner.py:298: in vm_step
    self.vm.step()
../../../warp_dev/lib/python3.7/site-packages/cairo_lang-0.6.2-py3.7.egg/starkware/cairo/lang/vm/virtual_machine_base.py:255: in step
    self.run_instruction(instruction)
../../../warp_dev/lib/python3.7/site-packages/cairo_lang-0.6.2-py3.7.egg/starkware/cairo/lang/vm/vm_core.py:416: in run_instruction
    raise self.as_vm_exception(exc) from None
E   starkware.cairo.lang.vm.vm_exceptions.VmException: /home/greg/dev/nethermind/warp/warp/cairo-src/evm/calls.cairo:62:23: Error at pc=0:1670:
E   Unknown value for memory cell at address 14:0.
E       assert array[0] = initial[0] / 256 ** 12
E                         ^********^
E   Cairo traceback (most recent call last):
E   /home/greg/dev/nethermind/warp/tests/semantic/solidity/test/libsolidity/semanticTests/functionCall/bare_call_no_returndatacopy.cairo.temp:43:6: (pc=0:2042)
E   func __main{bitwise_ptr : BitwiseBuiltin*, range_check_ptr, syscall_ptr : felt*}(
E        ^****^
E   /home/greg/dev/nethermind/warp/tests/semantic/solidity/test/libsolidity/semanticTests/functionCall/bare_call_no_returndatacopy.cairo.temp:56:9: (pc=0:1984)
E           __main_meat()
E           ^***********^
E   /home/greg/dev/nethermind/warp/tests/semantic/solidity/test/libsolidity/semanticTests/functionCall/bare_call_no_returndatacopy.cairo.temp:223:5: (pc=0:2604)
E       __warp_if_0(__warp_subexpr_0)
E       ^***************************^
E   /home/greg/dev/nethermind/warp/tests/semantic/solidity/test/libsolidity/semanticTests/functionCall/bare_call_no_returndatacopy.cairo.temp:208:9: (pc=0:2559)
E           __warp_block_0()
E           ^**************^
E   /home/greg/dev/nethermind/warp/tests/semantic/solidity/test/libsolidity/semanticTests/functionCall/bare_call_no_returndatacopy.cairo.temp:198:5: (pc=0:2536)
E       __warp_if_1(__warp_subexpr_0)
E       ^***************************^
E   /home/greg/dev/nethermind/warp/tests/semantic/solidity/test/libsolidity/semanticTests/functionCall/bare_call_no_returndatacopy.cairo.temp:184:9: (pc=0:2492)
E           __warp_block_1()
E           ^**************^
E   /home/greg/dev/nethermind/warp/tests/semantic/solidity/test/libsolidity/semanticTests/functionCall/bare_call_no_returndatacopy.cairo.temp:162:38: (pc=0:2414)
E       let (expr_component : Uint256) = warp_call(
E                                        ^********^
E   /home/greg/dev/nethermind/warp/warp/cairo-src/evm/yul_api.cairo:42:21: (pc=0:1836)
E       let (success) = general_call(
E                       ^***********^
E   /home/greg/dev/nethermind/warp/warp/cairo-src/evm/calls.cairo:77:5: (pc=0:1712)
E       calldata_copy_from_memory(in_offset, in_size, cairo_calldata + 2)
E       ^***************************************************************^

During handling of the above exception, another exception occurred:
tests/semantic/test_semantics.py:161: in test_semantics
    res = await invoke_method_evm_calldata(starknet, contract_address, argument)
../../../warp_dev/lib/python3.7/site-packages/sol_warp-0.2.12-py3.7.egg/yul/starknet_utils.py:30: in invoke_method_evm_calldata
    caller_address=0,
../../../warp_dev/lib/python3.7/site-packages/cairo_lang-0.6.2-py3.7.egg/starkware/starknet/testing/state.py:153: in invoke_raw
    state=state_copy, general_config=self.general_config
../../../warp_dev/lib/python3.7/site-packages/cairo_lang-0.6.2-py3.7.egg/starkware/starknet/business_logic/internal_transaction_interface.py:213: in apply_state_updates
    state=state_to_update, general_config=general_config
../../../warp_dev/lib/python3.7/site-packages/cairo_lang-0.6.2-py3.7.egg/starkware/starknet/business_logic/internal_transaction.py:405: in _apply_specific_state_updates
    func=_synchronous_apply_specific_state_updates,
/usr/lib/python3.7/concurrent/futures/thread.py:57: in run
    result = self.fn(*self.args, **self.kwargs)
../../../warp_dev/lib/python3.7/site-packages/cairo_lang-0.6.2-py3.7.egg/starkware/starknet/business_logic/internal_transaction.py:433: in _synchronous_apply_specific_state_updates
    run_resources=run_resources,
../../../warp_dev/lib/python3.7/site-packages/cairo_lang-0.6.2-py3.7.egg/starkware/starknet/business_logic/internal_transaction.py:559: in _run
    raise StarkException(code=code, message=str(exception))
E   starkware.starkware_utils.error_handling.StarkException: (500, {'code': <StarknetErrorCode.TRANSACTION_FAILED: 28>, 'message': '/home/greg/dev/nethermind/warp/warp/cairo-src/evm/calls.cairo:62:23: Error at pc=0:1670:\nUnknown value for memory cell at address 14:0.\n    assert array[0] = initial[0] / 256 ** 12\n                      ^********^\nCairo traceback (most recent call last):\n/home/greg/dev/nethermind/warp/tests/semantic/solidity/test/libsolidity/semanticTests/functionCall/bare_call_no_returndatacopy.cairo.temp:43:6: (pc=0:2042)\nfunc __main{bitwise_ptr : BitwiseBuiltin*, range_check_ptr, syscall_ptr : felt*}(\n     ^****^\n/home/greg/dev/nethermind/warp/tests/semantic/solidity/test/libsolidity/semanticTests/functionCall/bare_call_no_returndatacopy.cairo.temp:56:9: (pc=0:1984)\n        __main_meat()\n        ^***********^\n/home/greg/dev/nethermind/warp/tests/semantic/solidity/test/libsolidity/semanticTests/functionCall/bare_call_no_returndatacopy.cairo.temp:223:5: (pc=0:2604)\n    __warp_if_0(__warp_subexpr_0)\n    ^***************************^\n/home/greg/dev/nethermind/warp/tests/semantic/solidity/test/libsolidity/semanticTests/functionCall/bare_call_no_returndatacopy.cairo.temp:208:9: (pc=0:2559)\n        __warp_block_0()\n        ^**************^\n/home/greg/dev/nethermind/warp/tests/semantic/solidity/test/libsolidity/semanticTests/functionCall/bare_call_no_returndatacopy.cairo.temp:198:5: (pc=0:2536)\n    __warp_if_1(__warp_subexpr_0)\n    ^***************************^\n/home/greg/dev/nethermind/warp/tests/semantic/solidity/test/libsolidity/semanticTests/functionCall/bare_call_no_returndatacopy.cairo.temp:184:9: (pc=0:2492)\n        __warp_block_1()\n        ^**************^\n/home/greg/dev/nethermind/warp/tests/semantic/solidity/test/libsolidity/semanticTests/functionCall/bare_call_no_returndatacopy.cairo.temp:162:38: (pc=0:2414)\n    let (expr_component : Uint256) = warp_call(\n                                     ^********^\n/home/greg/dev/nethermind/warp/warp/cairo-src/evm/yul_api.cairo:42:21: (pc=0:1836)\n    let (success) = general_call(\n                    ^***********^\n/home/greg/dev/nethermind/warp/warp/cairo-src/evm/calls.cairo:77:5: (pc=0:1712)\n    calldata_copy_from_memory(in_offset, in_size, cairo_calldata + 2)\n    ^***************************************************************^'})
------------------------------------------------------------------------------------------------------------------- Captured stdout call -------------------------------------------------------------------------------------------------------------------
{'callData': '0x26121ff0', 'expectations': '0x0000000000000000000000000000000000000000000000000000000000000001', 'failure': False, 'signature': 'f()'}
_____________________________________________________ test_semantics[/home/greg/dev/nethermind/warp/tests/semantic/solidity/test/libsolidity/semanticTests/functionCall/mapping_internal_argument.sol] _____________________________________________________
FAILURE: /home/greg/dev/nethermind/warp/tests/semantic/solidity/test/libsolidity/semanticTests/functionCall/mapping_internal_argument.cairo.temp
assert '0x0000000000...00000000000d6' == '0x0000000000...000000000002a'
  - 0x0000000000000000000000000000000000000000000000000000000000000015000000000000000000000000000000000000000000000000000000000000002a
  ?                                                                 ^^                                                              ^^
  + 0x00000000000000000000000000000000000000000000000000000000000000eb00000000000000000000000000000000000000000000000000000000000000d6
  ?                                                                 ^^                                                              ^^
tests/semantic/test_semantics.py:173 in test_semantics() -> check.equal(final_res, expected_result, cairo_file_path)
FAILURE: /home/greg/dev/nethermind/warp/tests/semantic/solidity/test/libsolidity/semanticTests/functionCall/mapping_internal_argument.cairo.temp
assert '0x0000000000...00000000000d6' == '0x0000000000...000000000002a'
  - 0x0000000000000000000000000000000000000000000000000000000000000015000000000000000000000000000000000000000000000000000000000000002a
  ?                                                                 ^^                                                              ^^
  + 0x00000000000000000000000000000000000000000000000000000000000000eb00000000000000000000000000000000000000000000000000000000000000d6
  ?                                                                 ^^                                                              ^^
tests/semantic/test_semantics.py:173 in test_semantics() -> check.equal(final_res, expected_result, cairo_file_path)
FAILURE: /home/greg/dev/nethermind/warp/tests/semantic/solidity/test/libsolidity/semanticTests/functionCall/mapping_internal_argument.cairo.temp
assert '0x0000000000...00000000000f5' == '0x0000000000...000000000000b'
  - 0x000000000000000000000000000000000000000000000000000000000000000a000000000000000000000000000000000000000000000000000000000000000b
  ?                                                                 ^^                                                              ^^
  + 0x00000000000000000000000000000000000000000000000000000000000000f600000000000000000000000000000000000000000000000000000000000000f5
  ?                                                                 ^^                                                              ^^
tests/semantic/test_semantics.py:173 in test_semantics() -> check.equal(final_res, expected_result, cairo_file_path)
------------------------------------------------------------
Failed Checks: 3
------------------------------------------------------------------------------------------------------------------- Captured stdout call -------------------------------------------------------------------------------------------------------------------
{'callData': '0x3cef709800000000000000000000000000000000000000000000000000000000000000010000000000000000000000000000000000000000000000000000000000000015000000000000000000000000000000000000000000000000000000000000002a', 'expectations': '0x00000000000000000000000000000000000000000000000000000000000000000000000000000000000000000000000000000000000000000000000000000000', 'failure': False, 'signature': 'set(uint8,uint8,uint8)'}
{'callData': '0xf72d0b3b0000000000000000000000000000000000000000000000000000000000000001', 'expectations': '0x0000000000000000000000000000000000000000000000000000000000000015000000000000000000000000000000000000000000000000000000000000002a', 'failure': False, 'signature': 'get(uint8)'}
{'callData': '0x3cef70980000000000000000000000000000000000000000000000000000000000000001000000000000000000000000000000000000000000000000000000000000000a000000000000000000000000000000000000000000000000000000000000000b', 'expectations': '0x0000000000000000000000000000000000000000000000000000000000000015000000000000000000000000000000000000000000000000000000000000002a', 'failure': False, 'signature': 'set(uint8,uint8,uint8)'}
{'callData': '0xf72d0b3b0000000000000000000000000000000000000000000000000000000000000001', 'expectations': '0x000000000000000000000000000000000000000000000000000000000000000a000000000000000000000000000000000000000000000000000000000000000b', 'failure': False, 'signature': 'get(uint8)'}
------------------------------------------------------------------------------------------------------------------- Captured stderr call -------------------------------------------------------------------------------------------------------------------
Warning: SPDX license identifier not provided in source file. Before publishing, consider adding a comment containing "SPDX-License-Identifier: <SPDX-License>" to each source file. Use "SPDX-License-Identifier: UNLICENSED" for non-open-source code. Please see https://spdx.org for more information.
--> tests/semantic/solidity/test/libsolidity/semanticTests/functionCall/inheritance/call_base_base_marked.sol

Warning: Function state mutability can be restricted to pure
 --> tests/semantic/solidity/test/libsolidity/semanticTests/functionCall/inheritance/call_base_base_marked.sol:6:2:
  |
6 |     function s(uint n) public returns (uint) {
  |     ^ (Relevant source part starts here and spans across multiple lines).

Warning: SPDX license identifier not provided in source file. Before publishing, consider adding a comment containing "SPDX-License-Identifier: <SPDX-License>" to each source file. Use "SPDX-License-Identifier: UNLICENSED" for non-open-source code. Please see https://spdx.org for more information.
--> tests/semantic/solidity/test/libsolidity/semanticTests/asmForLoop/for_loop_break_marked.sol

Warning: Function state mutability can be restricted to pure
 --> tests/semantic/solidity/test/libsolidity/semanticTests/asmForLoop/for_loop_break_marked.sol:3:5:
  |
3 |     function f() public returns (uint i) {
  |     ^ (Relevant source part starts here and spans across multiple lines).

___________________________________________________________ test_semantics[/home/greg/dev/nethermind/warp/tests/semantic/solidity/test/libsolidity/semanticTests/asmForLoop/for_loop_nested.sol] ___________________________________________________________
tests/semantic/test_semantics.py:126: in test_semantics
    contract_file, get_last_contract(contract_file)
../../../warp_dev/lib/python3.7/site-packages/sol_warp-0.2.12-py3.7.egg/yul/main.py:55: in transpile_from_solidity
    cairo_code = transpile_from_yul(yul_ast)
../../../warp_dev/lib/python3.7/site-packages/sol_warp-0.2.12-py3.7.egg/yul/main.py:80: in transpile_from_yul
    yul_ast = DeadcodeEliminator().map(yul_ast)
../../../warp_dev/lib/python3.7/site-packages/sol_warp-0.2.12-py3.7.egg/yul/DeadcodeEliminator.py:29: in map
    assert not vs, "There should be no uninstantiated variables in the top scope."
E   AssertionError: There should be no uninstantiated variables in the top scope.
------------------------------------------------------------------------------------------------------------------- Captured stderr call -------------------------------------------------------------------------------------------------------------------
Warning: SPDX license identifier not provided in source file. Before publishing, consider adding a comment containing "SPDX-License-Identifier: <SPDX-License>" to each source file. Use "SPDX-License-Identifier: UNLICENSED" for non-open-source code. Please see https://spdx.org for more information.
--> tests/semantic/solidity/test/libsolidity/semanticTests/asmForLoop/for_loop_nested_marked.sol

Warning: Function state mutability can be restricted to pure
 --> tests/semantic/solidity/test/libsolidity/semanticTests/asmForLoop/for_loop_nested_marked.sol:3:5:
  |
3 |     function f(uint x) public returns (uint i) {
  |     ^ (Relevant source part starts here and spans across multiple lines).

______________________________________________________ test_semantics[/home/greg/dev/nethermind/warp/tests/semantic/solidity/test/libsolidity/semanticTests/functionCall/mapping_internal_return.sol] ______________________________________________________
FAILURE: /home/greg/dev/nethermind/warp/tests/semantic/solidity/test/libsolidity/semanticTests/functionCall/mapping_internal_return.cairo.temp
assert '0x0000000000...00000000000eb' == '0x0000000000...0000000000015'
  - 0x0000000000000000000000000000000000000000000000000000000000000000000000000000000000000000000000000000000000000000000000000000002a0000000000000000000000000000000000000000000000000000000000000000000000000000000000000000000000000000000000000000000000000000000000000000000000000000000000000000000000000000000000000000000000540000000000000000000000000000000000000000000000000000000000000015
  + 0x000000000000000000000000000000000000000000000000000000000000000000000000000000000000000000000000000000000000000000000000000000d600000000000000000000000000000000000000000000000000000000...
  
  ...Full output truncated (1 line hidden), use '-vv' to show
tests/semantic/test_semantics.py:173 in test_semantics() -> check.equal(final_res, expected_result, cairo_file_path)
FAILURE: /home/greg/dev/nethermind/warp/tests/semantic/solidity/test/libsolidity/semanticTests/functionCall/mapping_internal_return.cairo.temp
assert '0x0000000000...00000000000ef' == '0x0000000000...0000000000011'
  - 0x0000000000000000000000000000000000000000000000000000000000000000000000000000000000000000000000000000000000000000000000000000002a0000000000000000000000000000000000000000000000000000000000000000000000000000000000000000000000000000000000000000000000000000000000000000000000000000000000000000000000000000000000000000000000540000000000000000000000000000000000000000000000000000000000000011
  + 0x000000000000000000000000000000000000000000000000000000000000000000000000000000000000000000000000000000000000000000000000000000d600000000000000000000000000000000000000000000000000000000...
  
  ...Full output truncated (1 line hidden), use '-vv' to show
tests/semantic/test_semantics.py:173 in test_semantics() -> check.equal(final_res, expected_result, cairo_file_path)
------------------------------------------------------------
Failed Checks: 2
------------------------------------------------------------------------------------------------------------------- Captured stdout call -------------------------------------------------------------------------------------------------------------------
{'callData': '0xe2179b8e', 'expectations': '0x0000000000000000000000000000000000000000000000000000000000000000000000000000000000000000000000000000000000000000000000000000002a0000000000000000000000000000000000000000000000000000000000000000000000000000000000000000000000000000000000000000000000000000000000000000000000000000000000000000000000000000000000000000000000540000000000000000000000000000000000000000000000000000000000000015', 'failure': False, 'signature': 'g()'}
{'callData': '0xb8c9d365', 'expectations': '0x0000000000000000000000000000000000000000000000000000000000000000000000000000000000000000000000000000000000000000000000000000002a0000000000000000000000000000000000000000000000000000000000000000000000000000000000000000000000000000000000000000000000000000000000000000000000000000000000000000000000000000000000000000000000540000000000000000000000000000000000000000000000000000000000000011', 'failure': False, 'signature': 'h()'}
------------------------------------------------------------------------------------------------------------------- Captured stderr call -------------------------------------------------------------------------------------------------------------------
Warning: SPDX license identifier not provided in source file. Before publishing, consider adding a comment containing "SPDX-License-Identifier: <SPDX-License>" to each source file. Use "SPDX-License-Identifier: UNLICENSED" for non-open-source code. Please see https://spdx.org for more information.
--> tests/semantic/solidity/test/libsolidity/semanticTests/asmForLoop/for_loop_continue_marked.sol

Warning: Function state mutability can be restricted to pure
 --> tests/semantic/solidity/test/libsolidity/semanticTests/asmForLoop/for_loop_continue_marked.sol:3:5:
  |
3 |     function f() public returns (uint k) {
  |     ^ (Relevant source part starts here and spans across multiple lines).

________________________________________________________________ test_semantics[/home/greg/dev/nethermind/warp/tests/semantic/solidity/test/libsolidity/semanticTests/smoke/alignment.sol] _________________________________________________________________
tests/semantic/test_semantics.py:126: in test_semantics
    contract_file, get_last_contract(contract_file)
../../../warp_dev/lib/python3.7/site-packages/sol_warp-0.2.12-py3.7.egg/yul/main.py:53: in transpile_from_solidity
    codes = json.loads(result.stdout)
/usr/lib/python3.7/json/__init__.py:348: in loads
    return _default_decoder.decode(s)
/usr/lib/python3.7/json/decoder.py:337: in decode
    obj, end = self.raw_decode(s, idx=_w(s, 0).end())
/usr/lib/python3.7/json/decoder.py:355: in raw_decode
    raise JSONDecodeError("Expecting value", s, err.value) from None
E   json.decoder.JSONDecodeError: Expecting value: line 1 column 1 (char 0)
------------------------------------------------------------------------------------------------------------------- Captured stdout call -------------------------------------------------------------------------------------------------------------------
{'callData': '0x2b0969260000000000000000000000000000000000000000000000000000000000000005', 'expectations': '0x00000000000000000000000000000000000000000000000000000000000001f4', 'failure': False, 'signature': 'call(uint256)'}
------------------------------------------------------------------------------------------------------------------- Captured stderr call -------------------------------------------------------------------------------------------------------------------
Warning: SPDX license identifier not provided in source file. Before publishing, consider adding a comment containing "SPDX-License-Identifier: <SPDX-License>" to each source file. Use "SPDX-License-Identifier: UNLICENSED" for non-open-source code. Please see https://spdx.org for more information.
--> tests/semantic/solidity/test/libsolidity/semanticTests/smoke/alignment_marked.sol

____________________________________________________ test_semantics[/home/greg/dev/nethermind/warp/tests/semantic/solidity/test/libsolidity/semanticTests/constants/same_constants_different_files.sol] ____________________________________________________
tests/semantic/test_semantics.py:126: in test_semantics
    contract_file, get_last_contract(contract_file)
../../../warp_dev/lib/python3.7/site-packages/sol_warp-0.2.12-py3.7.egg/yul/main.py:49: in transpile_from_solidity
    output = get_for_contract(sol_src_path_modified, main_contract, ["abi"])
../../../warp_dev/lib/python3.7/site-packages/sol_warp-0.2.12-py3.7.egg/yul/utils.py:136: in get_for_contract
    get_source_version(sol_source)
../../../warp_dev/lib/python3.7/site-packages/sol_warp-0.2.12-py3.7.egg/yul/utils.py:146: in get_source_version
    with open(sol_source) as f:
E   FileNotFoundError: [Errno 2] No such file or directory: '/home/greg/dev/nethermind/warp/tests/semantic/solidity/test/libsolidity/semanticTests/constants/same_constants_different_files_marked.sol'
_________________________________________________ test_semantics[/home/greg/dev/nethermind/warp/tests/semantic/solidity/test/libsolidity/semanticTests/constants/constants_at_file_level_referencing.sol] __________________________________________________
tests/semantic/test_semantics.py:126: in test_semantics
    contract_file, get_last_contract(contract_file)
../../../warp_dev/lib/python3.7/site-packages/sol_warp-0.2.12-py3.7.egg/yul/main.py:49: in transpile_from_solidity
    output = get_for_contract(sol_src_path_modified, main_contract, ["abi"])
../../../warp_dev/lib/python3.7/site-packages/sol_warp-0.2.12-py3.7.egg/yul/utils.py:136: in get_for_contract
    get_source_version(sol_source)
../../../warp_dev/lib/python3.7/site-packages/sol_warp-0.2.12-py3.7.egg/yul/utils.py:146: in get_source_version
    with open(sol_source) as f:
E   FileNotFoundError: [Errno 2] No such file or directory: '/home/greg/dev/nethermind/warp/tests/semantic/solidity/test/libsolidity/semanticTests/constants/constants_at_file_level_referencing_marked.sol'
----------------------------------------------------------------------------------------------------------------- Captured stderr teardown -----------------------------------------------------------------------------------------------------------------
Warning: SPDX license identifier not provided in source file. Before publishing, consider adding a comment containing "SPDX-License-Identifier: <SPDX-License>" to each source file. Use "SPDX-License-Identifier: UNLICENSED" for non-open-source code. Please see https://spdx.org for more information.
--> tests/semantic/solidity/test/libsolidity/semanticTests/constants/constant_string_marked.sol

Warning: Function state mutability can be restricted to pure
 --> tests/semantic/solidity/test/libsolidity/semanticTests/constants/constant_string_marked.sol:6:5:
  |
6 |     function f() public returns (bytes memory) {
  |     ^ (Relevant source part starts here and spans across multiple lines).

Warning: Function state mutability can be restricted to pure
 --> tests/semantic/solidity/test/libsolidity/semanticTests/constants/constant_string_marked.sol:9:5:
  |
9 |     function g() public returns (bytes memory) {
  |     ^ (Relevant source part starts here and spans across multiple lines).

Warning: Function state mutability can be restricted to pure
  --> tests/semantic/solidity/test/libsolidity/semanticTests/constants/constant_string_marked.sol:12:5:
   |
12 |     function h() public returns (bytes memory) {
   |     ^ (Relevant source part starts here and spans across multiple lines).

__________________________________________________ test_semantics[/home/greg/dev/nethermind/warp/tests/semantic/solidity/test/libsolidity/semanticTests/functionCall/mapping_array_internal_argument.sol] __________________________________________________
FAILURE: /home/greg/dev/nethermind/warp/tests/semantic/solidity/test/libsolidity/semanticTests/functionCall/mapping_array_internal_argument.cairo.temp
assert '0x0000000000...00000000000d5' == '0x0000000000...000000000002b'
  - 0x00000000000000000000000000000000000000000000000000000000000000150000000000000000000000000000000000000000000000000000000000000016000000000000000000000000000000000000000000000000000000000000002a000000000000000000000000000000000000000000000000000000000000002b
  + 0x00000000000000000000000000000000000000000000000000000000000000eb00000000000000000000000000000000000000000000000000000000000000ea00000000000000000000000000000000000000000000000000000000000000d600000000000000000000000000000000000000000000000000000000000000d5
tests/semantic/test_semantics.py:173 in test_semantics() -> check.equal(final_res, expected_result, cairo_file_path)
FAILURE: /home/greg/dev/nethermind/warp/tests/semantic/solidity/test/libsolidity/semanticTests/functionCall/mapping_array_internal_argument.cairo.temp
assert '0x0000000000...00000000000d5' == '0x0000000000...000000000002b'
  - 0x00000000000000000000000000000000000000000000000000000000000000150000000000000000000000000000000000000000000000000000000000000016000000000000000000000000000000000000000000000000000000000000002a000000000000000000000000000000000000000000000000000000000000002b
  + 0x00000000000000000000000000000000000000000000000000000000000000eb00000000000000000000000000000000000000000000000000000000000000ea00000000000000000000000000000000000000000000000000000000000000d600000000000000000000000000000000000000000000000000000000000000d5
tests/semantic/test_semantics.py:173 in test_semantics() -> check.equal(final_res, expected_result, cairo_file_path)
FAILURE: /home/greg/dev/nethermind/warp/tests/semantic/solidity/test/libsolidity/semanticTests/functionCall/mapping_array_internal_argument.cairo.temp
assert '0x0000000000...00000000000e1' == '0x0000000000...000000000001f'
  - 0x000000000000000000000000000000000000000000000000000000000000000a000000000000000000000000000000000000000000000000000000000000001e000000000000000000000000000000000000000000000000000000000000000b000000000000000000000000000000000000000000000000000000000000001f
  + 0x00000000000000000000000000000000000000000000000000000000000000f600000000000000000000000000000000000000000000000000000000000000e200000000000000000000000000000000000000000000000000000000000000f500000000000000000000000000000000000000000000000000000000000000e1
tests/semantic/test_semantics.py:173 in test_semantics() -> check.equal(final_res, expected_result, cairo_file_path)
------------------------------------------------------------
Failed Checks: 3
------------------------------------------------------------------------------------------------------------------- Captured stdout call -------------------------------------------------------------------------------------------------------------------
{'callData': '0x1175c0490000000000000000000000000000000000000000000000000000000000000001000000000000000000000000000000000000000000000000000000000000000a000000000000000000000000000000000000000000000000000000000000001e000000000000000000000000000000000000000000000000000000000000000b000000000000000000000000000000000000000000000000000000000000001f', 'expectations': '0x00000000000000000000000000000000000000000000000000000000000000150000000000000000000000000000000000000000000000000000000000000016000000000000000000000000000000000000000000000000000000000000002a000000000000000000000000000000000000000000000000000000000000002b', 'failure': False, 'signature': 'set(uint8,uint8,uint8,uint8,uint8)'}
{'callData': '0x0c55699c', 'expectations': '0x0000000000000000000000000000000000000000000000000000000000000002', 'failure': False, 'signature': 'x()'}
{'callData': '0xa56dfe4a', 'expectations': '0x0000000000000000000000000000000000000000000000000000000000000000', 'failure': False, 'signature': 'y()'}
{'callData': '0x170c7d9d00000000000000000000000000000000000000000000000000000000000000030000000000000000000000000000000000000000000000000000000000000003', 'expectations': '0x', 'failure': False, 'signature': 'cInit(uint256,uint256)'}
{'callData': '0x0c55699c', 'expectations': '0x0000000000000000000000000000000000000000000000000000000000000003', 'failure': False, 'signature': 'x()'}
{'callData': '0x0c55699c', 'expectations': '0x0000000000000000000000000000000000000000000000000000000000000000', 'failure': False, 'signature': 'x()'}
{'callData': '0xa56dfe4a', 'expectations': '0x0000000000000000000000000000000000000000000000000000000000000003', 'failure': False, 'signature': 'y()'}
{'callData': '0xa56dfe4a', 'expectations': '0x0000000000000000000000000000000000000000000000000000000000000000', 'failure': False, 'signature': 'y()'}
{'callData': '0xe288ccdd0000000000000000000000000000000000000000000000000000000000000004', 'expectations': '0x', 'failure': False, 'signature': 'bInit(uint256)'}
{'callData': '0x9d13d2ae0000000000000000000000000000000000000000000000000000000000000002', 'expectations': '0x', 'failure': False, 'signature': 'cInit(uint256)'}
{'callData': '0xf72d0b3b0000000000000000000000000000000000000000000000000000000000000001', 'expectations': '0x000000000000000000000000000000000000000000000000000000000000000a000000000000000000000000000000000000000000000000000000000000001e000000000000000000000000000000000000000000000000000000000000000b000000000000000000000000000000000000000000000000000000000000001f', 'failure': False, 'signature': 'get(uint8)'}
{'callData': '0x0c55699c', 'expectations': '0x0000000000000000000000000000000000000000000000000000000000000002', 'failure': False, 'signature': 'x()'}
{'callData': '0xa56dfe4a', 'expectations': '0x0000000000000000000000000000000000000000000000000000000000000000', 'failure': False, 'signature': 'y()'}
{'callData': '0x0c55699c', 'expectations': '0x0000000000000000000000000000000000000000000000000000000000000005', 'failure': False, 'signature': 'x()'}
{'callData': '0x170c7d9d00000000000000000000000000000000000000000000000000000000000000030000000000000000000000000000000000000000000000000000000000000003', 'expectations': '0x', 'failure': False, 'signature': 'cInit(uint256,uint256)'}
{'callData': '0x2a726ff70000000000000000000000000000000000000000000000000000000000000009000000000000000000000000000000000000000000000000000000000000000a', 'expectations': '0x', 'failure': False, 'signature': 'bInit(uint256,uint256)'}
------------------------------------------------------------------------------------------------------------------- Captured stderr call -------------------------------------------------------------------------------------------------------------------
Warning: SPDX license identifier not provided in source file. Before publishing, consider adding a comment containing "SPDX-License-Identifier: <SPDX-License>" to each source file. Use "SPDX-License-Identifier: UNLICENSED" for non-open-source code. Please see https://spdx.org for more information.
--> tests/semantic/solidity/test/libsolidity/semanticTests/inlineAssembly/calldata_assign_marked.sol

Warning: Function state mutability can be restricted to pure
 --> tests/semantic/solidity/test/libsolidity/semanticTests/inlineAssembly/calldata_assign_marked.sol:3:5:
  |
3 |     function f(bytes calldata x) public returns (bytes memory) {
  |     ^ (Relevant source part starts here and spans across multiple lines).

_____________________________________________________ test_semantics[/home/greg/dev/nethermind/warp/tests/semantic/solidity/test/libsolidity/semanticTests/inlineAssembly/keccak_yul_optimization.sol] _____________________________________________________
../../../warp_dev/lib/python3.7/site-packages/cairo_lang-0.6.2-py3.7.egg/starkware/cairo/lang/compiler/preprocessor/preprocessor.py:365: in search_identifier
    result = self.identifiers.search(self.accessible_scopes, ScopedName.from_string(name))
../../../warp_dev/lib/python3.7/site-packages/cairo_lang-0.6.2-py3.7.egg/starkware/cairo/lang/compiler/identifier_manager.py:225: in search
    res = self._search(accessible_scopes=accessible_scopes, name=name, get_scope=False)
../../../warp_dev/lib/python3.7/site-packages/cairo_lang-0.6.2-py3.7.egg/starkware/cairo/lang/compiler/identifier_manager.py:217: in _search
    raise MissingIdentifierError(name[:1])
E   starkware.cairo.lang.compiler.identifier_manager.MissingIdentifierError: Unknown identifier 'bitwise_ptr'.

During handling of the above exception, another exception occurred:
tests/semantic/test_semantics.py:135: in test_semantics
    contract_definition = await starknet_compile(cairo_file_path)
tests/semantic/test_semantics.py:71: in starknet_compile
    [contract_file], debug_info=True, cairo_path=[cairo_path]
../../../warp_dev/lib/python3.7/site-packages/cairo_lang-0.6.2-py3.7.egg/starkware/starknet/compiler/compile.py:107: in compile_starknet_files
    cairo_path=cairo_path,
../../../warp_dev/lib/python3.7/site-packages/cairo_lang-0.6.2-py3.7.egg/starkware/starknet/compiler/compile.py:128: in compile_starknet_codes
    code=codes, debug_info=debug_info, pass_manager=pass_manager
../../../warp_dev/lib/python3.7/site-packages/cairo_lang-0.6.2-py3.7.egg/starkware/cairo/lang/compiler/cairo_compile.py:230: in compile_cairo_ex
    codes=codes_with_filenames, pass_manager=pass_manager, main_scope=main_scope
../../../warp_dev/lib/python3.7/site-packages/cairo_lang-0.6.2-py3.7.egg/starkware/cairo/lang/compiler/preprocessor/preprocess_codes.py:24: in preprocess_codes
    pass_manager.run(context)
../../../warp_dev/lib/python3.7/site-packages/cairo_lang-0.6.2-py3.7.egg/starkware/cairo/lang/compiler/preprocessor/pass_manager.py:53: in run
    stage.run(context)
../../../warp_dev/lib/python3.7/site-packages/cairo_lang-0.6.2-py3.7.egg/starkware/cairo/lang/compiler/preprocessor/default_pass_manager.py:89: in run
    preprocessor.visit(module)
../../../warp_dev/lib/python3.7/site-packages/cairo_lang-0.6.2-py3.7.egg/starkware/cairo/lang/compiler/ast/visitor.py:40: in visit
    return getattr(self, f"visit_{type(obj).__name__}", self._visit_default)(obj)
../../../warp_dev/lib/python3.7/site-packages/cairo_lang-0.6.2-py3.7.egg/starkware/cairo/lang/compiler/preprocessor/preprocessor.py:427: in visit_CairoModule
    super().visit_CairoModule(module)
../../../warp_dev/lib/python3.7/site-packages/cairo_lang-0.6.2-py3.7.egg/starkware/cairo/lang/compiler/ast/visitor.py:63: in visit_CairoModule
    cairo_file=CairoFile(code_block=self.visit(module.cairo_file.code_block)),
../../../warp_dev/lib/python3.7/site-packages/cairo_lang-0.6.2-py3.7.egg/starkware/cairo/lang/compiler/ast/visitor.py:40: in visit
    return getattr(self, f"visit_{type(obj).__name__}", self._visit_default)(obj)
../../../warp_dev/lib/python3.7/site-packages/cairo_lang-0.6.2-py3.7.egg/starkware/cairo/lang/compiler/preprocessor/preprocessor.py:415: in visit_CodeBlock
    self.visit_uncommented_code_block([x.code_elm for x in code_block.code_elements])
../../../warp_dev/lib/python3.7/site-packages/cairo_lang-0.6.2-py3.7.egg/starkware/cairo/lang/compiler/preprocessor/preprocessor.py:397: in visit_uncommented_code_block
    self.visit(elm)
../../../warp_dev/lib/python3.7/site-packages/cairo_lang-0.6.2-py3.7.egg/starkware/cairo/lang/compiler/ast/visitor.py:40: in visit
    return getattr(self, f"visit_{type(obj).__name__}", self._visit_default)(obj)
../../../warp_dev/lib/python3.7/site-packages/cairo_lang-0.6.2-py3.7.egg/starkware/starknet/compiler/starknet_preprocessor.py:172: in visit_CodeElementFunction
    super().visit_CodeElementFunction(elm)
../../../warp_dev/lib/python3.7/site-packages/cairo_lang-0.6.2-py3.7.egg/starkware/cairo/lang/compiler/preprocessor/preprocessor.py:615: in visit_CodeElementFunction
    code_block=elm.code_block, location=elm.identifier.location
../../../warp_dev/lib/python3.7/site-packages/cairo_lang-0.6.2-py3.7.egg/starkware/cairo/lang/compiler/preprocessor/preprocessor.py:671: in visit_function_body_with_retries
    self.visit_uncommented_code_block(code_elements)
../../../warp_dev/lib/python3.7/site-packages/cairo_lang-0.6.2-py3.7.egg/starkware/cairo/lang/compiler/preprocessor/preprocessor.py:397: in visit_uncommented_code_block
    self.visit(elm)
../../../warp_dev/lib/python3.7/site-packages/cairo_lang-0.6.2-py3.7.egg/starkware/cairo/lang/compiler/ast/visitor.py:40: in visit
    return getattr(self, f"visit_{type(obj).__name__}", self._visit_default)(obj)
../../../warp_dev/lib/python3.7/site-packages/cairo_lang-0.6.2-py3.7.egg/starkware/cairo/lang/compiler/preprocessor/preprocessor.py:1757: in visit_CodeElementUnpackBinding
    self.visit(CodeElementFuncCall(func_call=elm.rvalue))
../../../warp_dev/lib/python3.7/site-packages/cairo_lang-0.6.2-py3.7.egg/starkware/cairo/lang/compiler/ast/visitor.py:40: in visit
    return getattr(self, f"visit_{type(obj).__name__}", self._visit_default)(obj)
../../../warp_dev/lib/python3.7/site-packages/cairo_lang-0.6.2-py3.7.egg/starkware/cairo/lang/compiler/preprocessor/preprocessor.py:1616: in visit_CodeElementFuncCall
    location=elm.func_call.location,
../../../warp_dev/lib/python3.7/site-packages/cairo_lang-0.6.2-py3.7.egg/starkware/cairo/lang/compiler/preprocessor/preprocessor.py:1391: in push_arguments
    location=location,
../../../warp_dev/lib/python3.7/site-packages/cairo_lang-0.6.2-py3.7.egg/starkware/cairo/lang/compiler/preprocessor/preprocessor.py:1314: in process_implicit_arguments
    felt_expr_list = self.simplify_expr_to_felt_expr_list(expr, member_def.cairo_type)
../../../warp_dev/lib/python3.7/site-packages/cairo_lang-0.6.2-py3.7.egg/starkware/cairo/lang/compiler/preprocessor/preprocessor.py:2083: in simplify_expr_to_felt_expr_list
    expr, expr_type = self.simplify_expr(expr)
../../../warp_dev/lib/python3.7/site-packages/cairo_lang-0.6.2-py3.7.egg/starkware/cairo/lang/compiler/preprocessor/preprocessor.py:2054: in simplify_expr
    resolve_type_callback=self.resolve_type,
../../../warp_dev/lib/python3.7/site-packages/cairo_lang-0.6.2-py3.7.egg/starkware/cairo/lang/compiler/substitute_identifiers.py:113: in substitute_identifiers
    ).visit(expr)
../../../warp_dev/lib/python3.7/site-packages/cairo_lang-0.6.2-py3.7.egg/starkware/cairo/lang/compiler/expression_transformer.py:47: in visit
    return getattr(self, funcname)(expr)
../../../warp_dev/lib/python3.7/site-packages/cairo_lang-0.6.2-py3.7.egg/starkware/cairo/lang/compiler/substitute_identifiers.py:38: in visit_ExprIdentifier
    val = self.get_identifier_callback(expr)
../../../warp_dev/lib/python3.7/site-packages/cairo_lang-0.6.2-py3.7.egg/starkware/cairo/lang/compiler/preprocessor/preprocessor.py:2185: in get_variable
    identifier_definition = self.search_identifier(var.name, var.location)
../../../warp_dev/lib/python3.7/site-packages/cairo_lang-0.6.2-py3.7.egg/starkware/cairo/lang/compiler/preprocessor/preprocessor.py:368: in search_identifier
    raise PreprocessorError(str(exc), location=location)
E   starkware.cairo.lang.compiler.preprocessor.preprocessor_error.PreprocessorError: /home/greg/dev/nethermind/warp/warp/cairo-src/evm/hashing.cairo:14:20: While trying to retrieve the implicit argument 'bitwise_ptr' in:
E       let (memval) = array_create_from_memory(offset, size)
E                      ^************************************^
E   /home/greg/dev/nethermind/warp/warp/cairo-src/evm/array.cairo:16:53: Unknown identifier 'bitwise_ptr'.
E           memory_dict : DictAccess*, range_check_ptr, bitwise_ptr : BitwiseBuiltin*}(
E                                                       ^***************************^
------------------------------------------------------------------------------------------------------------------- Captured stderr call -------------------------------------------------------------------------------------------------------------------
Warning: SPDX license identifier not provided in source file. Before publishing, consider adding a comment containing "SPDX-License-Identifier: <SPDX-License>" to each source file. Use "SPDX-License-Identifier: UNLICENSED" for non-open-source code. Please see https://spdx.org for more information.
--> tests/semantic/solidity/test/libsolidity/semanticTests/inlineAssembly/inline_assembly_memory_access_marked.sol

Warning: Function state mutability can be restricted to pure
 --> tests/semantic/solidity/test/libsolidity/semanticTests/inlineAssembly/inline_assembly_memory_access_marked.sol:3:5:
  |
3 |     function test() public returns (bytes memory) {
  |     ^ (Relevant source part starts here and spans across multiple lines).

______________________________________________________ test_semantics[/home/greg/dev/nethermind/warp/tests/semantic/solidity/test/libsolidity/semanticTests/inlineAssembly/inline_assembly_for2.sol] _______________________________________________________
tests/semantic/test_semantics.py:126: in test_semantics
    contract_file, get_last_contract(contract_file)
../../../warp_dev/lib/python3.7/site-packages/sol_warp-0.2.12-py3.7.egg/yul/main.py:55: in transpile_from_solidity
    cairo_code = transpile_from_yul(yul_ast)
../../../warp_dev/lib/python3.7/site-packages/sol_warp-0.2.12-py3.7.egg/yul/main.py:80: in transpile_from_yul
    yul_ast = DeadcodeEliminator().map(yul_ast)
../../../warp_dev/lib/python3.7/site-packages/sol_warp-0.2.12-py3.7.egg/yul/DeadcodeEliminator.py:29: in map
    assert not vs, "There should be no uninstantiated variables in the top scope."
E   AssertionError: There should be no uninstantiated variables in the top scope.
------------------------------------------------------------------------------------------------------------------- Captured stdout call -------------------------------------------------------------------------------------------------------------------
{'callData': '0xffae15ba', 'expectations': '0x08c379a0000000000000000000000000000000000000000000000000000000000000002000000000000000000000000000000000000000000000000000000000000000135472616e73616374696f6e206661696c65642e00000000000000000000000000', 'failure': True, 'signature': 'e()'}
------------------------------------------------------------------------------------------------------------------- Captured stderr call -------------------------------------------------------------------------------------------------------------------
Warning: SPDX license identifier not provided in source file. Before publishing, consider adding a comment containing "SPDX-License-Identifier: <SPDX-License>" to each source file. Use "SPDX-License-Identifier: UNLICENSED" for non-open-source code. Please see https://spdx.org for more information.
--> tests/semantic/solidity/test/libsolidity/semanticTests/inlineAssembly/inline_assembly_for2_marked.sol

_______________________________________________ test_semantics[/home/greg/dev/nethermind/warp/tests/semantic/solidity/test/libsolidity/semanticTests/inlineAssembly/external_function_pointer_selector.sol] ________________________________________________
tests/semantic/test_semantics.py:123: in test_semantics
    constructor_args, contract_expectations = get_expectations(contract_file)
tests/semantic/test_semantics.py:102: in get_expectations
    expectations = test_calldata[contract_path]
E   KeyError: './scripts/../test/libsolidity/semanticTests/inlineAssembly/external_function_pointer_selector.sol'
________________________________________________ test_semantics[/home/greg/dev/nethermind/warp/tests/semantic/solidity/test/libsolidity/semanticTests/inlineAssembly/external_function_pointer_address.sol] ________________________________________________
tests/semantic/test_semantics.py:123: in test_semantics
    constructor_args, contract_expectations = get_expectations(contract_file)
tests/semantic/test_semantics.py:102: in get_expectations
    expectations = test_calldata[contract_path]
E   KeyError: './scripts/../test/libsolidity/semanticTests/inlineAssembly/external_function_pointer_address.sol'
_____________________________________________________ test_semantics[/home/greg/dev/nethermind/warp/tests/semantic/solidity/test/libsolidity/semanticTests/inlineAssembly/keccak256_optimization.sol] ______________________________________________________
../../../warp_dev/lib/python3.7/site-packages/cairo_lang-0.6.2-py3.7.egg/starkware/cairo/lang/compiler/preprocessor/preprocessor.py:365: in search_identifier
    result = self.identifiers.search(self.accessible_scopes, ScopedName.from_string(name))
../../../warp_dev/lib/python3.7/site-packages/cairo_lang-0.6.2-py3.7.egg/starkware/cairo/lang/compiler/identifier_manager.py:225: in search
    res = self._search(accessible_scopes=accessible_scopes, name=name, get_scope=False)
../../../warp_dev/lib/python3.7/site-packages/cairo_lang-0.6.2-py3.7.egg/starkware/cairo/lang/compiler/identifier_manager.py:217: in _search
    raise MissingIdentifierError(name[:1])
E   starkware.cairo.lang.compiler.identifier_manager.MissingIdentifierError: Unknown identifier 'bitwise_ptr'.

During handling of the above exception, another exception occurred:
tests/semantic/test_semantics.py:135: in test_semantics
    contract_definition = await starknet_compile(cairo_file_path)
tests/semantic/test_semantics.py:71: in starknet_compile
    [contract_file], debug_info=True, cairo_path=[cairo_path]
../../../warp_dev/lib/python3.7/site-packages/cairo_lang-0.6.2-py3.7.egg/starkware/starknet/compiler/compile.py:107: in compile_starknet_files
    cairo_path=cairo_path,
../../../warp_dev/lib/python3.7/site-packages/cairo_lang-0.6.2-py3.7.egg/starkware/starknet/compiler/compile.py:128: in compile_starknet_codes
    code=codes, debug_info=debug_info, pass_manager=pass_manager
../../../warp_dev/lib/python3.7/site-packages/cairo_lang-0.6.2-py3.7.egg/starkware/cairo/lang/compiler/cairo_compile.py:230: in compile_cairo_ex
    codes=codes_with_filenames, pass_manager=pass_manager, main_scope=main_scope
../../../warp_dev/lib/python3.7/site-packages/cairo_lang-0.6.2-py3.7.egg/starkware/cairo/lang/compiler/preprocessor/preprocess_codes.py:24: in preprocess_codes
    pass_manager.run(context)
../../../warp_dev/lib/python3.7/site-packages/cairo_lang-0.6.2-py3.7.egg/starkware/cairo/lang/compiler/preprocessor/pass_manager.py:53: in run
    stage.run(context)
../../../warp_dev/lib/python3.7/site-packages/cairo_lang-0.6.2-py3.7.egg/starkware/cairo/lang/compiler/preprocessor/default_pass_manager.py:89: in run
    preprocessor.visit(module)
../../../warp_dev/lib/python3.7/site-packages/cairo_lang-0.6.2-py3.7.egg/starkware/cairo/lang/compiler/ast/visitor.py:40: in visit
    return getattr(self, f"visit_{type(obj).__name__}", self._visit_default)(obj)
../../../warp_dev/lib/python3.7/site-packages/cairo_lang-0.6.2-py3.7.egg/starkware/cairo/lang/compiler/preprocessor/preprocessor.py:427: in visit_CairoModule
    super().visit_CairoModule(module)
../../../warp_dev/lib/python3.7/site-packages/cairo_lang-0.6.2-py3.7.egg/starkware/cairo/lang/compiler/ast/visitor.py:63: in visit_CairoModule
    cairo_file=CairoFile(code_block=self.visit(module.cairo_file.code_block)),
../../../warp_dev/lib/python3.7/site-packages/cairo_lang-0.6.2-py3.7.egg/starkware/cairo/lang/compiler/ast/visitor.py:40: in visit
    return getattr(self, f"visit_{type(obj).__name__}", self._visit_default)(obj)
../../../warp_dev/lib/python3.7/site-packages/cairo_lang-0.6.2-py3.7.egg/starkware/cairo/lang/compiler/preprocessor/preprocessor.py:415: in visit_CodeBlock
    self.visit_uncommented_code_block([x.code_elm for x in code_block.code_elements])
../../../warp_dev/lib/python3.7/site-packages/cairo_lang-0.6.2-py3.7.egg/starkware/cairo/lang/compiler/preprocessor/preprocessor.py:397: in visit_uncommented_code_block
    self.visit(elm)
../../../warp_dev/lib/python3.7/site-packages/cairo_lang-0.6.2-py3.7.egg/starkware/cairo/lang/compiler/ast/visitor.py:40: in visit
    return getattr(self, f"visit_{type(obj).__name__}", self._visit_default)(obj)
../../../warp_dev/lib/python3.7/site-packages/cairo_lang-0.6.2-py3.7.egg/starkware/starknet/compiler/starknet_preprocessor.py:172: in visit_CodeElementFunction
    super().visit_CodeElementFunction(elm)
../../../warp_dev/lib/python3.7/site-packages/cairo_lang-0.6.2-py3.7.egg/starkware/cairo/lang/compiler/preprocessor/preprocessor.py:615: in visit_CodeElementFunction
    code_block=elm.code_block, location=elm.identifier.location
../../../warp_dev/lib/python3.7/site-packages/cairo_lang-0.6.2-py3.7.egg/starkware/cairo/lang/compiler/preprocessor/preprocessor.py:671: in visit_function_body_with_retries
    self.visit_uncommented_code_block(code_elements)
../../../warp_dev/lib/python3.7/site-packages/cairo_lang-0.6.2-py3.7.egg/starkware/cairo/lang/compiler/preprocessor/preprocessor.py:397: in visit_uncommented_code_block
    self.visit(elm)
../../../warp_dev/lib/python3.7/site-packages/cairo_lang-0.6.2-py3.7.egg/starkware/cairo/lang/compiler/ast/visitor.py:40: in visit
    return getattr(self, f"visit_{type(obj).__name__}", self._visit_default)(obj)
../../../warp_dev/lib/python3.7/site-packages/cairo_lang-0.6.2-py3.7.egg/starkware/cairo/lang/compiler/preprocessor/preprocessor.py:1757: in visit_CodeElementUnpackBinding
    self.visit(CodeElementFuncCall(func_call=elm.rvalue))
../../../warp_dev/lib/python3.7/site-packages/cairo_lang-0.6.2-py3.7.egg/starkware/cairo/lang/compiler/ast/visitor.py:40: in visit
    return getattr(self, f"visit_{type(obj).__name__}", self._visit_default)(obj)
../../../warp_dev/lib/python3.7/site-packages/cairo_lang-0.6.2-py3.7.egg/starkware/cairo/lang/compiler/preprocessor/preprocessor.py:1616: in visit_CodeElementFuncCall
    location=elm.func_call.location,
../../../warp_dev/lib/python3.7/site-packages/cairo_lang-0.6.2-py3.7.egg/starkware/cairo/lang/compiler/preprocessor/preprocessor.py:1391: in push_arguments
    location=location,
../../../warp_dev/lib/python3.7/site-packages/cairo_lang-0.6.2-py3.7.egg/starkware/cairo/lang/compiler/preprocessor/preprocessor.py:1314: in process_implicit_arguments
    felt_expr_list = self.simplify_expr_to_felt_expr_list(expr, member_def.cairo_type)
../../../warp_dev/lib/python3.7/site-packages/cairo_lang-0.6.2-py3.7.egg/starkware/cairo/lang/compiler/preprocessor/preprocessor.py:2083: in simplify_expr_to_felt_expr_list
    expr, expr_type = self.simplify_expr(expr)
../../../warp_dev/lib/python3.7/site-packages/cairo_lang-0.6.2-py3.7.egg/starkware/cairo/lang/compiler/preprocessor/preprocessor.py:2054: in simplify_expr
    resolve_type_callback=self.resolve_type,
../../../warp_dev/lib/python3.7/site-packages/cairo_lang-0.6.2-py3.7.egg/starkware/cairo/lang/compiler/substitute_identifiers.py:113: in substitute_identifiers
    ).visit(expr)
../../../warp_dev/lib/python3.7/site-packages/cairo_lang-0.6.2-py3.7.egg/starkware/cairo/lang/compiler/expression_transformer.py:47: in visit
    return getattr(self, funcname)(expr)
../../../warp_dev/lib/python3.7/site-packages/cairo_lang-0.6.2-py3.7.egg/starkware/cairo/lang/compiler/substitute_identifiers.py:38: in visit_ExprIdentifier
    val = self.get_identifier_callback(expr)
../../../warp_dev/lib/python3.7/site-packages/cairo_lang-0.6.2-py3.7.egg/starkware/cairo/lang/compiler/preprocessor/preprocessor.py:2185: in get_variable
    identifier_definition = self.search_identifier(var.name, var.location)
../../../warp_dev/lib/python3.7/site-packages/cairo_lang-0.6.2-py3.7.egg/starkware/cairo/lang/compiler/preprocessor/preprocessor.py:368: in search_identifier
    raise PreprocessorError(str(exc), location=location)
E   starkware.cairo.lang.compiler.preprocessor.preprocessor_error.PreprocessorError: /home/greg/dev/nethermind/warp/warp/cairo-src/evm/hashing.cairo:14:20: While trying to retrieve the implicit argument 'bitwise_ptr' in:
E       let (memval) = array_create_from_memory(offset, size)
E                      ^************************************^
E   /home/greg/dev/nethermind/warp/warp/cairo-src/evm/array.cairo:16:53: Unknown identifier 'bitwise_ptr'.
E           memory_dict : DictAccess*, range_check_ptr, bitwise_ptr : BitwiseBuiltin*}(
E                                                       ^***************************^
------------------------------------------------------------------------------------------------------------------- Captured stderr call -------------------------------------------------------------------------------------------------------------------
Warning: SPDX license identifier not provided in source file. Before publishing, consider adding a comment containing "SPDX-License-Identifier: <SPDX-License>" to each source file. Use "SPDX-License-Identifier: UNLICENSED" for non-open-source code. Please see https://spdx.org for more information.
--> tests/semantic/solidity/test/libsolidity/semanticTests/inlineAssembly/inlineasm_empty_let_marked.sol

Warning: SPDX license identifier not provided in source file. Before publishing, consider adding a comment containing "SPDX-License-Identifier: <SPDX-License>" to each source file. Use "SPDX-License-Identifier: UNLICENSED" for non-open-source code. Please see https://spdx.org for more information.
--> tests/semantic/solidity/test/libsolidity/semanticTests/inlineAssembly/inline_assembly_storage_access_local_var_marked.sol

Warning: SPDX license identifier not provided in source file. Before publishing, consider adding a comment containing "SPDX-License-Identifier: <SPDX-License>" to each source file. Use "SPDX-License-Identifier: UNLICENSED" for non-open-source code. Please see https://spdx.org for more information.
--> tests/semantic/solidity/test/libsolidity/semanticTests/inlineAssembly/keccak256_optimizer_bug_different_memory_location_marked.sol

Warning: Function state mutability can be restricted to pure
 --> tests/semantic/solidity/test/libsolidity/semanticTests/inlineAssembly/keccak256_optimizer_bug_different_memory_location_marked.sol:3:5:
  |
3 |     function f() public view returns (bool ret) {
  |     ^ (Relevant source part starts here and spans across multiple lines).

----------------------------------------------------------------------------------------------------------------- Captured stdout teardown -----------------------------------------------------------------------------------------------------------------
{'callData': '0xa9ab4a1f00000000000000000000000000000000000000000000000000000000000000010000000000000000000000000000000000000000000000000000000000000001000000000000000000000000000000000000000000000000000000000000000100000000000000000000000000000000000000000000000000000000000000010000000000000000000000000000000000000000000000000000000000000001', 'expectations': '0x0000000000000000000000000000000000000000000000000000000000000005', 'failure': False, 'signature': 'f(uint256,uint256,uint256,uint256,uint256)'}
___________________________________________________________ test_semantics[/home/greg/dev/nethermind/warp/tests/semantic/solidity/test/libsolidity/semanticTests/inlineAssembly/slot_access.sol] ___________________________________________________________
../../../warp_dev/lib/python3.7/site-packages/cairo_lang-0.6.2-py3.7.egg/starkware/cairo/lang/compiler/preprocessor/preprocessor.py:365: in search_identifier
    result = self.identifiers.search(self.accessible_scopes, ScopedName.from_string(name))
../../../warp_dev/lib/python3.7/site-packages/cairo_lang-0.6.2-py3.7.egg/starkware/cairo/lang/compiler/identifier_manager.py:225: in search
    res = self._search(accessible_scopes=accessible_scopes, name=name, get_scope=False)
../../../warp_dev/lib/python3.7/site-packages/cairo_lang-0.6.2-py3.7.egg/starkware/cairo/lang/compiler/identifier_manager.py:217: in _search
    raise MissingIdentifierError(name[:1])
E   starkware.cairo.lang.compiler.identifier_manager.MissingIdentifierError: Unknown identifier 'bitwise_ptr'.

During handling of the above exception, another exception occurred:
tests/semantic/test_semantics.py:135: in test_semantics
    contract_definition = await starknet_compile(cairo_file_path)
tests/semantic/test_semantics.py:71: in starknet_compile
    [contract_file], debug_info=True, cairo_path=[cairo_path]
../../../warp_dev/lib/python3.7/site-packages/cairo_lang-0.6.2-py3.7.egg/starkware/starknet/compiler/compile.py:107: in compile_starknet_files
    cairo_path=cairo_path,
../../../warp_dev/lib/python3.7/site-packages/cairo_lang-0.6.2-py3.7.egg/starkware/starknet/compiler/compile.py:128: in compile_starknet_codes
    code=codes, debug_info=debug_info, pass_manager=pass_manager
../../../warp_dev/lib/python3.7/site-packages/cairo_lang-0.6.2-py3.7.egg/starkware/cairo/lang/compiler/cairo_compile.py:230: in compile_cairo_ex
    codes=codes_with_filenames, pass_manager=pass_manager, main_scope=main_scope
../../../warp_dev/lib/python3.7/site-packages/cairo_lang-0.6.2-py3.7.egg/starkware/cairo/lang/compiler/preprocessor/preprocess_codes.py:24: in preprocess_codes
    pass_manager.run(context)
../../../warp_dev/lib/python3.7/site-packages/cairo_lang-0.6.2-py3.7.egg/starkware/cairo/lang/compiler/preprocessor/pass_manager.py:53: in run
    stage.run(context)
../../../warp_dev/lib/python3.7/site-packages/cairo_lang-0.6.2-py3.7.egg/starkware/cairo/lang/compiler/preprocessor/default_pass_manager.py:89: in run
    preprocessor.visit(module)
../../../warp_dev/lib/python3.7/site-packages/cairo_lang-0.6.2-py3.7.egg/starkware/cairo/lang/compiler/ast/visitor.py:40: in visit
    return getattr(self, f"visit_{type(obj).__name__}", self._visit_default)(obj)
../../../warp_dev/lib/python3.7/site-packages/cairo_lang-0.6.2-py3.7.egg/starkware/cairo/lang/compiler/preprocessor/preprocessor.py:427: in visit_CairoModule
    super().visit_CairoModule(module)
../../../warp_dev/lib/python3.7/site-packages/cairo_lang-0.6.2-py3.7.egg/starkware/cairo/lang/compiler/ast/visitor.py:63: in visit_CairoModule
    cairo_file=CairoFile(code_block=self.visit(module.cairo_file.code_block)),
../../../warp_dev/lib/python3.7/site-packages/cairo_lang-0.6.2-py3.7.egg/starkware/cairo/lang/compiler/ast/visitor.py:40: in visit
    return getattr(self, f"visit_{type(obj).__name__}", self._visit_default)(obj)
../../../warp_dev/lib/python3.7/site-packages/cairo_lang-0.6.2-py3.7.egg/starkware/cairo/lang/compiler/preprocessor/preprocessor.py:415: in visit_CodeBlock
    self.visit_uncommented_code_block([x.code_elm for x in code_block.code_elements])
../../../warp_dev/lib/python3.7/site-packages/cairo_lang-0.6.2-py3.7.egg/starkware/cairo/lang/compiler/preprocessor/preprocessor.py:397: in visit_uncommented_code_block
    self.visit(elm)
../../../warp_dev/lib/python3.7/site-packages/cairo_lang-0.6.2-py3.7.egg/starkware/cairo/lang/compiler/ast/visitor.py:40: in visit
    return getattr(self, f"visit_{type(obj).__name__}", self._visit_default)(obj)
../../../warp_dev/lib/python3.7/site-packages/cairo_lang-0.6.2-py3.7.egg/starkware/starknet/compiler/starknet_preprocessor.py:172: in visit_CodeElementFunction
    super().visit_CodeElementFunction(elm)
../../../warp_dev/lib/python3.7/site-packages/cairo_lang-0.6.2-py3.7.egg/starkware/cairo/lang/compiler/preprocessor/preprocessor.py:615: in visit_CodeElementFunction
    code_block=elm.code_block, location=elm.identifier.location
../../../warp_dev/lib/python3.7/site-packages/cairo_lang-0.6.2-py3.7.egg/starkware/cairo/lang/compiler/preprocessor/preprocessor.py:671: in visit_function_body_with_retries
    self.visit_uncommented_code_block(code_elements)
../../../warp_dev/lib/python3.7/site-packages/cairo_lang-0.6.2-py3.7.egg/starkware/cairo/lang/compiler/preprocessor/preprocessor.py:397: in visit_uncommented_code_block
    self.visit(elm)
../../../warp_dev/lib/python3.7/site-packages/cairo_lang-0.6.2-py3.7.egg/starkware/cairo/lang/compiler/ast/visitor.py:40: in visit
    return getattr(self, f"visit_{type(obj).__name__}", self._visit_default)(obj)
../../../warp_dev/lib/python3.7/site-packages/cairo_lang-0.6.2-py3.7.egg/starkware/cairo/lang/compiler/preprocessor/preprocessor.py:1757: in visit_CodeElementUnpackBinding
    self.visit(CodeElementFuncCall(func_call=elm.rvalue))
../../../warp_dev/lib/python3.7/site-packages/cairo_lang-0.6.2-py3.7.egg/starkware/cairo/lang/compiler/ast/visitor.py:40: in visit
    return getattr(self, f"visit_{type(obj).__name__}", self._visit_default)(obj)
../../../warp_dev/lib/python3.7/site-packages/cairo_lang-0.6.2-py3.7.egg/starkware/cairo/lang/compiler/preprocessor/preprocessor.py:1616: in visit_CodeElementFuncCall
    location=elm.func_call.location,
../../../warp_dev/lib/python3.7/site-packages/cairo_lang-0.6.2-py3.7.egg/starkware/cairo/lang/compiler/preprocessor/preprocessor.py:1391: in push_arguments
    location=location,
../../../warp_dev/lib/python3.7/site-packages/cairo_lang-0.6.2-py3.7.egg/starkware/cairo/lang/compiler/preprocessor/preprocessor.py:1314: in process_implicit_arguments
    felt_expr_list = self.simplify_expr_to_felt_expr_list(expr, member_def.cairo_type)
../../../warp_dev/lib/python3.7/site-packages/cairo_lang-0.6.2-py3.7.egg/starkware/cairo/lang/compiler/preprocessor/preprocessor.py:2083: in simplify_expr_to_felt_expr_list
    expr, expr_type = self.simplify_expr(expr)
../../../warp_dev/lib/python3.7/site-packages/cairo_lang-0.6.2-py3.7.egg/starkware/cairo/lang/compiler/preprocessor/preprocessor.py:2054: in simplify_expr
    resolve_type_callback=self.resolve_type,
../../../warp_dev/lib/python3.7/site-packages/cairo_lang-0.6.2-py3.7.egg/starkware/cairo/lang/compiler/substitute_identifiers.py:113: in substitute_identifiers
    ).visit(expr)
../../../warp_dev/lib/python3.7/site-packages/cairo_lang-0.6.2-py3.7.egg/starkware/cairo/lang/compiler/expression_transformer.py:47: in visit
    return getattr(self, funcname)(expr)
../../../warp_dev/lib/python3.7/site-packages/cairo_lang-0.6.2-py3.7.egg/starkware/cairo/lang/compiler/substitute_identifiers.py:38: in visit_ExprIdentifier
    val = self.get_identifier_callback(expr)
../../../warp_dev/lib/python3.7/site-packages/cairo_lang-0.6.2-py3.7.egg/starkware/cairo/lang/compiler/preprocessor/preprocessor.py:2185: in get_variable
    identifier_definition = self.search_identifier(var.name, var.location)
../../../warp_dev/lib/python3.7/site-packages/cairo_lang-0.6.2-py3.7.egg/starkware/cairo/lang/compiler/preprocessor/preprocessor.py:368: in search_identifier
    raise PreprocessorError(str(exc), location=location)
E   starkware.cairo.lang.compiler.preprocessor.preprocessor_error.PreprocessorError: /home/greg/dev/nethermind/warp/warp/cairo-src/evm/hashing.cairo:14:20: While trying to retrieve the implicit argument 'bitwise_ptr' in:
E       let (memval) = array_create_from_memory(offset, size)
E                      ^************************************^
E   /home/greg/dev/nethermind/warp/warp/cairo-src/evm/array.cairo:16:53: Unknown identifier 'bitwise_ptr'.
E           memory_dict : DictAccess*, range_check_ptr, bitwise_ptr : BitwiseBuiltin*}(
E                                                       ^***************************^
------------------------------------------------------------------------------------------------------------------- Captured stdout call -------------------------------------------------------------------------------------------------------------------
{'callData': '0xa9ab4a1f00000000000000000000000000000000000000000000000000000000000000010000000000000000000000000000000000000000000000000000000000000001000000000000000000000000000000000000000000000000000000000000000100000000000000000000000000000000000000000000000000000000000000010000000000000000000000000000000000000000000000000000000000000001', 'expectations': '0x0000000000000000000000000000000000000000000000000000000000000005', 'failure': False, 'signature': 'f(uint256,uint256,uint256,uint256,uint256)'}
----------------------------------------------------------------------------------------------------------------- Captured stdout teardown -----------------------------------------------------------------------------------------------------------------
{'callData': '0x26121ff0', 'expectations': '0xe2179b8e00000000000000000000000000000000000000000000000000000000', 'failure': False, 'signature': 'f()'}
________________________________________ test_semantics[/home/greg/dev/nethermind/warp/tests/semantic/solidity/test/libsolidity/semanticTests/inlineAssembly/keccak256_optimizer_bug_different_memory_location.sol] ________________________________________
../../../warp_dev/lib/python3.7/site-packages/cairo_lang-0.6.2-py3.7.egg/starkware/cairo/lang/compiler/preprocessor/preprocessor.py:365: in search_identifier
    result = self.identifiers.search(self.accessible_scopes, ScopedName.from_string(name))
../../../warp_dev/lib/python3.7/site-packages/cairo_lang-0.6.2-py3.7.egg/starkware/cairo/lang/compiler/identifier_manager.py:225: in search
    res = self._search(accessible_scopes=accessible_scopes, name=name, get_scope=False)
../../../warp_dev/lib/python3.7/site-packages/cairo_lang-0.6.2-py3.7.egg/starkware/cairo/lang/compiler/identifier_manager.py:217: in _search
    raise MissingIdentifierError(name[:1])
E   starkware.cairo.lang.compiler.identifier_manager.MissingIdentifierError: Unknown identifier 'bitwise_ptr'.

During handling of the above exception, another exception occurred:
tests/semantic/test_semantics.py:135: in test_semantics
    contract_definition = await starknet_compile(cairo_file_path)
tests/semantic/test_semantics.py:71: in starknet_compile
    [contract_file], debug_info=True, cairo_path=[cairo_path]
../../../warp_dev/lib/python3.7/site-packages/cairo_lang-0.6.2-py3.7.egg/starkware/starknet/compiler/compile.py:107: in compile_starknet_files
    cairo_path=cairo_path,
../../../warp_dev/lib/python3.7/site-packages/cairo_lang-0.6.2-py3.7.egg/starkware/starknet/compiler/compile.py:128: in compile_starknet_codes
    code=codes, debug_info=debug_info, pass_manager=pass_manager
../../../warp_dev/lib/python3.7/site-packages/cairo_lang-0.6.2-py3.7.egg/starkware/cairo/lang/compiler/cairo_compile.py:230: in compile_cairo_ex
    codes=codes_with_filenames, pass_manager=pass_manager, main_scope=main_scope
../../../warp_dev/lib/python3.7/site-packages/cairo_lang-0.6.2-py3.7.egg/starkware/cairo/lang/compiler/preprocessor/preprocess_codes.py:24: in preprocess_codes
    pass_manager.run(context)
../../../warp_dev/lib/python3.7/site-packages/cairo_lang-0.6.2-py3.7.egg/starkware/cairo/lang/compiler/preprocessor/pass_manager.py:53: in run
    stage.run(context)
../../../warp_dev/lib/python3.7/site-packages/cairo_lang-0.6.2-py3.7.egg/starkware/cairo/lang/compiler/preprocessor/default_pass_manager.py:89: in run
    preprocessor.visit(module)
../../../warp_dev/lib/python3.7/site-packages/cairo_lang-0.6.2-py3.7.egg/starkware/cairo/lang/compiler/ast/visitor.py:40: in visit
    return getattr(self, f"visit_{type(obj).__name__}", self._visit_default)(obj)
../../../warp_dev/lib/python3.7/site-packages/cairo_lang-0.6.2-py3.7.egg/starkware/cairo/lang/compiler/preprocessor/preprocessor.py:427: in visit_CairoModule
    super().visit_CairoModule(module)
../../../warp_dev/lib/python3.7/site-packages/cairo_lang-0.6.2-py3.7.egg/starkware/cairo/lang/compiler/ast/visitor.py:63: in visit_CairoModule
    cairo_file=CairoFile(code_block=self.visit(module.cairo_file.code_block)),
../../../warp_dev/lib/python3.7/site-packages/cairo_lang-0.6.2-py3.7.egg/starkware/cairo/lang/compiler/ast/visitor.py:40: in visit
    return getattr(self, f"visit_{type(obj).__name__}", self._visit_default)(obj)
../../../warp_dev/lib/python3.7/site-packages/cairo_lang-0.6.2-py3.7.egg/starkware/cairo/lang/compiler/preprocessor/preprocessor.py:415: in visit_CodeBlock
    self.visit_uncommented_code_block([x.code_elm for x in code_block.code_elements])
../../../warp_dev/lib/python3.7/site-packages/cairo_lang-0.6.2-py3.7.egg/starkware/cairo/lang/compiler/preprocessor/preprocessor.py:397: in visit_uncommented_code_block
    self.visit(elm)
../../../warp_dev/lib/python3.7/site-packages/cairo_lang-0.6.2-py3.7.egg/starkware/cairo/lang/compiler/ast/visitor.py:40: in visit
    return getattr(self, f"visit_{type(obj).__name__}", self._visit_default)(obj)
../../../warp_dev/lib/python3.7/site-packages/cairo_lang-0.6.2-py3.7.egg/starkware/starknet/compiler/starknet_preprocessor.py:172: in visit_CodeElementFunction
    super().visit_CodeElementFunction(elm)
../../../warp_dev/lib/python3.7/site-packages/cairo_lang-0.6.2-py3.7.egg/starkware/cairo/lang/compiler/preprocessor/preprocessor.py:615: in visit_CodeElementFunction
    code_block=elm.code_block, location=elm.identifier.location
../../../warp_dev/lib/python3.7/site-packages/cairo_lang-0.6.2-py3.7.egg/starkware/cairo/lang/compiler/preprocessor/preprocessor.py:671: in visit_function_body_with_retries
    self.visit_uncommented_code_block(code_elements)
../../../warp_dev/lib/python3.7/site-packages/cairo_lang-0.6.2-py3.7.egg/starkware/cairo/lang/compiler/preprocessor/preprocessor.py:397: in visit_uncommented_code_block
    self.visit(elm)
../../../warp_dev/lib/python3.7/site-packages/cairo_lang-0.6.2-py3.7.egg/starkware/cairo/lang/compiler/ast/visitor.py:40: in visit
    return getattr(self, f"visit_{type(obj).__name__}", self._visit_default)(obj)
../../../warp_dev/lib/python3.7/site-packages/cairo_lang-0.6.2-py3.7.egg/starkware/cairo/lang/compiler/preprocessor/preprocessor.py:1757: in visit_CodeElementUnpackBinding
    self.visit(CodeElementFuncCall(func_call=elm.rvalue))
../../../warp_dev/lib/python3.7/site-packages/cairo_lang-0.6.2-py3.7.egg/starkware/cairo/lang/compiler/ast/visitor.py:40: in visit
    return getattr(self, f"visit_{type(obj).__name__}", self._visit_default)(obj)
../../../warp_dev/lib/python3.7/site-packages/cairo_lang-0.6.2-py3.7.egg/starkware/cairo/lang/compiler/preprocessor/preprocessor.py:1616: in visit_CodeElementFuncCall
    location=elm.func_call.location,
../../../warp_dev/lib/python3.7/site-packages/cairo_lang-0.6.2-py3.7.egg/starkware/cairo/lang/compiler/preprocessor/preprocessor.py:1391: in push_arguments
    location=location,
../../../warp_dev/lib/python3.7/site-packages/cairo_lang-0.6.2-py3.7.egg/starkware/cairo/lang/compiler/preprocessor/preprocessor.py:1314: in process_implicit_arguments
    felt_expr_list = self.simplify_expr_to_felt_expr_list(expr, member_def.cairo_type)
../../../warp_dev/lib/python3.7/site-packages/cairo_lang-0.6.2-py3.7.egg/starkware/cairo/lang/compiler/preprocessor/preprocessor.py:2083: in simplify_expr_to_felt_expr_list
    expr, expr_type = self.simplify_expr(expr)
../../../warp_dev/lib/python3.7/site-packages/cairo_lang-0.6.2-py3.7.egg/starkware/cairo/lang/compiler/preprocessor/preprocessor.py:2054: in simplify_expr
    resolve_type_callback=self.resolve_type,
../../../warp_dev/lib/python3.7/site-packages/cairo_lang-0.6.2-py3.7.egg/starkware/cairo/lang/compiler/substitute_identifiers.py:113: in substitute_identifiers
    ).visit(expr)
../../../warp_dev/lib/python3.7/site-packages/cairo_lang-0.6.2-py3.7.egg/starkware/cairo/lang/compiler/expression_transformer.py:47: in visit
    return getattr(self, funcname)(expr)
../../../warp_dev/lib/python3.7/site-packages/cairo_lang-0.6.2-py3.7.egg/starkware/cairo/lang/compiler/substitute_identifiers.py:38: in visit_ExprIdentifier
    val = self.get_identifier_callback(expr)
../../../warp_dev/lib/python3.7/site-packages/cairo_lang-0.6.2-py3.7.egg/starkware/cairo/lang/compiler/preprocessor/preprocessor.py:2185: in get_variable
    identifier_definition = self.search_identifier(var.name, var.location)
../../../warp_dev/lib/python3.7/site-packages/cairo_lang-0.6.2-py3.7.egg/starkware/cairo/lang/compiler/preprocessor/preprocessor.py:368: in search_identifier
    raise PreprocessorError(str(exc), location=location)
E   starkware.cairo.lang.compiler.preprocessor.preprocessor_error.PreprocessorError: /home/greg/dev/nethermind/warp/warp/cairo-src/evm/hashing.cairo:14:20: While trying to retrieve the implicit argument 'bitwise_ptr' in:
E       let (memval) = array_create_from_memory(offset, size)
E                      ^************************************^
E   /home/greg/dev/nethermind/warp/warp/cairo-src/evm/array.cairo:16:53: Unknown identifier 'bitwise_ptr'.
E           memory_dict : DictAccess*, range_check_ptr, bitwise_ptr : BitwiseBuiltin*}(
E                                                       ^***************************^
------------------------------------------------------------------------------------------------------------------- Captured stderr call -------------------------------------------------------------------------------------------------------------------
Warning: SPDX license identifier not provided in source file. Before publishing, consider adding a comment containing "SPDX-License-Identifier: <SPDX-License>" to each source file. Use "SPDX-License-Identifier: UNLICENSED" for non-open-source code. Please see https://spdx.org for more information.
--> tests/semantic/solidity/test/libsolidity/semanticTests/inlineAssembly/inline_assembly_function_call_marked.sol

Warning: Function state mutability can be restricted to pure
 --> tests/semantic/solidity/test/libsolidity/semanticTests/inlineAssembly/inline_assembly_function_call_marked.sol:3:5:
  |
3 |     function f() public {
  |     ^ (Relevant source part starts here and spans across multiple lines).

__________________________________________ test_semantics[/home/greg/dev/nethermind/warp/tests/semantic/solidity/test/libsolidity/semanticTests/inlineAssembly/external_function_pointer_selector_assignment.sol] __________________________________________
tests/semantic/test_semantics.py:123: in test_semantics
    constructor_args, contract_expectations = get_expectations(contract_file)
tests/semantic/test_semantics.py:102: in get_expectations
    expectations = test_calldata[contract_path]
E   KeyError: './scripts/../test/libsolidity/semanticTests/inlineAssembly/external_function_pointer_selector_assignment.sol'
_______________________________________________________ test_semantics[/home/greg/dev/nethermind/warp/tests/semantic/solidity/test/libsolidity/semanticTests/inlineAssembly/function_name_clash.sol] _______________________________________________________
tests/semantic/test_semantics.py:123: in test_semantics
    constructor_args, contract_expectations = get_expectations(contract_file)
tests/semantic/test_semantics.py:102: in get_expectations
    expectations = test_calldata[contract_path]
E   KeyError: './scripts/../test/libsolidity/semanticTests/inlineAssembly/function_name_clash.sol'
________________________________________________________ test_semantics[/home/greg/dev/nethermind/warp/tests/semantic/solidity/test/libsolidity/semanticTests/constants/consteval_array_length.sol] ________________________________________________________
tests/semantic/test_semantics.py:161: in test_semantics
    res = await invoke_method_evm_calldata(starknet, contract_address, argument)
../../../warp_dev/lib/python3.7/site-packages/sol_warp-0.2.12-py3.7.egg/yul/starknet_utils.py:30: in invoke_method_evm_calldata
    caller_address=0,
../../../warp_dev/lib/python3.7/site-packages/cairo_lang-0.6.2-py3.7.egg/starkware/starknet/testing/state.py:129: in invoke_raw
    assert isinstance(contract_address, int)
E   AssertionError
------------------------------------------------------------------------------------------------------------------- Captured stdout call -------------------------------------------------------------------------------------------------------------------
{'callData': '0x92d0d153', 'expectations': '0x00000000000000000000000000000000000000000000000000000000000000200000000000000000000000000000000000000000000000000000000000000017000000000000000000000000000000000000000000000000000000000000002a00000000000000000000000000000000000000000000000000000000000000600000000000000000000000000000000000000000000000000000000000000003616e790000000000000000000000000000000000000000000000000000000000', 'failure': False, 'signature': 't()'}
{'callData': '0x26121ff0', 'expectations': '0x000000000000000000000000000000000000000000000000000000000000000a000000000000000000000000000000000000000000000000000000000000000a', 'failure': False, 'signature': 'f()'}
__________________________________________________ test_semantics[/home/greg/dev/nethermind/warp/tests/semantic/solidity/test/libsolidity/semanticTests/inlineAssembly/keccak256_optimizer_cache_bug.sol] __________________________________________________
../../../warp_dev/lib/python3.7/site-packages/cairo_lang-0.6.2-py3.7.egg/starkware/cairo/lang/compiler/preprocessor/preprocessor.py:365: in search_identifier
    result = self.identifiers.search(self.accessible_scopes, ScopedName.from_string(name))
../../../warp_dev/lib/python3.7/site-packages/cairo_lang-0.6.2-py3.7.egg/starkware/cairo/lang/compiler/identifier_manager.py:225: in search
    res = self._search(accessible_scopes=accessible_scopes, name=name, get_scope=False)
../../../warp_dev/lib/python3.7/site-packages/cairo_lang-0.6.2-py3.7.egg/starkware/cairo/lang/compiler/identifier_manager.py:217: in _search
    raise MissingIdentifierError(name[:1])
E   starkware.cairo.lang.compiler.identifier_manager.MissingIdentifierError: Unknown identifier 'bitwise_ptr'.

During handling of the above exception, another exception occurred:
tests/semantic/test_semantics.py:135: in test_semantics
    contract_definition = await starknet_compile(cairo_file_path)
tests/semantic/test_semantics.py:71: in starknet_compile
    [contract_file], debug_info=True, cairo_path=[cairo_path]
../../../warp_dev/lib/python3.7/site-packages/cairo_lang-0.6.2-py3.7.egg/starkware/starknet/compiler/compile.py:107: in compile_starknet_files
    cairo_path=cairo_path,
../../../warp_dev/lib/python3.7/site-packages/cairo_lang-0.6.2-py3.7.egg/starkware/starknet/compiler/compile.py:128: in compile_starknet_codes
    code=codes, debug_info=debug_info, pass_manager=pass_manager
../../../warp_dev/lib/python3.7/site-packages/cairo_lang-0.6.2-py3.7.egg/starkware/cairo/lang/compiler/cairo_compile.py:230: in compile_cairo_ex
    codes=codes_with_filenames, pass_manager=pass_manager, main_scope=main_scope
../../../warp_dev/lib/python3.7/site-packages/cairo_lang-0.6.2-py3.7.egg/starkware/cairo/lang/compiler/preprocessor/preprocess_codes.py:24: in preprocess_codes
    pass_manager.run(context)
../../../warp_dev/lib/python3.7/site-packages/cairo_lang-0.6.2-py3.7.egg/starkware/cairo/lang/compiler/preprocessor/pass_manager.py:53: in run
    stage.run(context)
../../../warp_dev/lib/python3.7/site-packages/cairo_lang-0.6.2-py3.7.egg/starkware/cairo/lang/compiler/preprocessor/default_pass_manager.py:89: in run
    preprocessor.visit(module)
../../../warp_dev/lib/python3.7/site-packages/cairo_lang-0.6.2-py3.7.egg/starkware/cairo/lang/compiler/ast/visitor.py:40: in visit
    return getattr(self, f"visit_{type(obj).__name__}", self._visit_default)(obj)
../../../warp_dev/lib/python3.7/site-packages/cairo_lang-0.6.2-py3.7.egg/starkware/cairo/lang/compiler/preprocessor/preprocessor.py:427: in visit_CairoModule
    super().visit_CairoModule(module)
../../../warp_dev/lib/python3.7/site-packages/cairo_lang-0.6.2-py3.7.egg/starkware/cairo/lang/compiler/ast/visitor.py:63: in visit_CairoModule
    cairo_file=CairoFile(code_block=self.visit(module.cairo_file.code_block)),
../../../warp_dev/lib/python3.7/site-packages/cairo_lang-0.6.2-py3.7.egg/starkware/cairo/lang/compiler/ast/visitor.py:40: in visit
    return getattr(self, f"visit_{type(obj).__name__}", self._visit_default)(obj)
../../../warp_dev/lib/python3.7/site-packages/cairo_lang-0.6.2-py3.7.egg/starkware/cairo/lang/compiler/preprocessor/preprocessor.py:415: in visit_CodeBlock
    self.visit_uncommented_code_block([x.code_elm for x in code_block.code_elements])
../../../warp_dev/lib/python3.7/site-packages/cairo_lang-0.6.2-py3.7.egg/starkware/cairo/lang/compiler/preprocessor/preprocessor.py:397: in visit_uncommented_code_block
    self.visit(elm)
../../../warp_dev/lib/python3.7/site-packages/cairo_lang-0.6.2-py3.7.egg/starkware/cairo/lang/compiler/ast/visitor.py:40: in visit
    return getattr(self, f"visit_{type(obj).__name__}", self._visit_default)(obj)
../../../warp_dev/lib/python3.7/site-packages/cairo_lang-0.6.2-py3.7.egg/starkware/starknet/compiler/starknet_preprocessor.py:172: in visit_CodeElementFunction
    super().visit_CodeElementFunction(elm)
../../../warp_dev/lib/python3.7/site-packages/cairo_lang-0.6.2-py3.7.egg/starkware/cairo/lang/compiler/preprocessor/preprocessor.py:615: in visit_CodeElementFunction
    code_block=elm.code_block, location=elm.identifier.location
../../../warp_dev/lib/python3.7/site-packages/cairo_lang-0.6.2-py3.7.egg/starkware/cairo/lang/compiler/preprocessor/preprocessor.py:671: in visit_function_body_with_retries
    self.visit_uncommented_code_block(code_elements)
../../../warp_dev/lib/python3.7/site-packages/cairo_lang-0.6.2-py3.7.egg/starkware/cairo/lang/compiler/preprocessor/preprocessor.py:397: in visit_uncommented_code_block
    self.visit(elm)
../../../warp_dev/lib/python3.7/site-packages/cairo_lang-0.6.2-py3.7.egg/starkware/cairo/lang/compiler/ast/visitor.py:40: in visit
    return getattr(self, f"visit_{type(obj).__name__}", self._visit_default)(obj)
../../../warp_dev/lib/python3.7/site-packages/cairo_lang-0.6.2-py3.7.egg/starkware/cairo/lang/compiler/preprocessor/preprocessor.py:1757: in visit_CodeElementUnpackBinding
    self.visit(CodeElementFuncCall(func_call=elm.rvalue))
../../../warp_dev/lib/python3.7/site-packages/cairo_lang-0.6.2-py3.7.egg/starkware/cairo/lang/compiler/ast/visitor.py:40: in visit
    return getattr(self, f"visit_{type(obj).__name__}", self._visit_default)(obj)
../../../warp_dev/lib/python3.7/site-packages/cairo_lang-0.6.2-py3.7.egg/starkware/cairo/lang/compiler/preprocessor/preprocessor.py:1616: in visit_CodeElementFuncCall
    location=elm.func_call.location,
../../../warp_dev/lib/python3.7/site-packages/cairo_lang-0.6.2-py3.7.egg/starkware/cairo/lang/compiler/preprocessor/preprocessor.py:1391: in push_arguments
    location=location,
../../../warp_dev/lib/python3.7/site-packages/cairo_lang-0.6.2-py3.7.egg/starkware/cairo/lang/compiler/preprocessor/preprocessor.py:1314: in process_implicit_arguments
    felt_expr_list = self.simplify_expr_to_felt_expr_list(expr, member_def.cairo_type)
../../../warp_dev/lib/python3.7/site-packages/cairo_lang-0.6.2-py3.7.egg/starkware/cairo/lang/compiler/preprocessor/preprocessor.py:2083: in simplify_expr_to_felt_expr_list
    expr, expr_type = self.simplify_expr(expr)
../../../warp_dev/lib/python3.7/site-packages/cairo_lang-0.6.2-py3.7.egg/starkware/cairo/lang/compiler/preprocessor/preprocessor.py:2054: in simplify_expr
    resolve_type_callback=self.resolve_type,
../../../warp_dev/lib/python3.7/site-packages/cairo_lang-0.6.2-py3.7.egg/starkware/cairo/lang/compiler/substitute_identifiers.py:113: in substitute_identifiers
    ).visit(expr)
../../../warp_dev/lib/python3.7/site-packages/cairo_lang-0.6.2-py3.7.egg/starkware/cairo/lang/compiler/expression_transformer.py:47: in visit
    return getattr(self, funcname)(expr)
../../../warp_dev/lib/python3.7/site-packages/cairo_lang-0.6.2-py3.7.egg/starkware/cairo/lang/compiler/substitute_identifiers.py:38: in visit_ExprIdentifier
    val = self.get_identifier_callback(expr)
../../../warp_dev/lib/python3.7/site-packages/cairo_lang-0.6.2-py3.7.egg/starkware/cairo/lang/compiler/preprocessor/preprocessor.py:2185: in get_variable
    identifier_definition = self.search_identifier(var.name, var.location)
../../../warp_dev/lib/python3.7/site-packages/cairo_lang-0.6.2-py3.7.egg/starkware/cairo/lang/compiler/preprocessor/preprocessor.py:368: in search_identifier
    raise PreprocessorError(str(exc), location=location)
E   starkware.cairo.lang.compiler.preprocessor.preprocessor_error.PreprocessorError: /home/greg/dev/nethermind/warp/warp/cairo-src/evm/hashing.cairo:14:20: While trying to retrieve the implicit argument 'bitwise_ptr' in:
E       let (memval) = array_create_from_memory(offset, size)
E                      ^************************************^
E   /home/greg/dev/nethermind/warp/warp/cairo-src/evm/array.cairo:16:53: Unknown identifier 'bitwise_ptr'.
E           memory_dict : DictAccess*, range_check_ptr, bitwise_ptr : BitwiseBuiltin*}(
E                                                       ^***************************^
------------------------------------------------------------------------------------------------------------------- Captured stdout call -------------------------------------------------------------------------------------------------------------------
{'callData': '0x86b714e2', 'expectations': '0x0000000000000000000000000000000000000000000000000000000000000017000000000000000000000000000000000000000000000000000000000000002a', 'failure': False, 'signature': 's()'}
------------------------------------------------------------------------------------------------------------------- Captured stderr call -------------------------------------------------------------------------------------------------------------------
Warning: SPDX license identifier not provided in source file. Before publishing, consider adding a comment containing "SPDX-License-Identifier: <SPDX-License>" to each source file. Use "SPDX-License-Identifier: UNLICENSED" for non-open-source code. Please see https://spdx.org for more information.
--> tests/semantic/solidity/test/libsolidity/semanticTests/inlineAssembly/keccak256_optimizer_cache_bug_marked.sol

Warning: SPDX license identifier not provided in source file. Before publishing, consider adding a comment containing "SPDX-License-Identifier: <SPDX-License>" to each source file. Use "SPDX-License-Identifier: UNLICENSED" for non-open-source code. Please see https://spdx.org for more information.
--> tests/semantic/solidity/test/libsolidity/semanticTests/inlineAssembly/inline_assembly_storage_access_via_pointer_marked.sol

Warning: SPDX license identifier not provided in source file. Before publishing, consider adding a comment containing "SPDX-License-Identifier: <SPDX-License>" to each source file. Use "SPDX-License-Identifier: UNLICENSED" for non-open-source code. Please see https://spdx.org for more information.
--> tests/semantic/solidity/test/libsolidity/semanticTests/inlineAssembly/inline_assembly_embedded_function_call_marked.sol

Warning: Function state mutability can be restricted to pure
 --> tests/semantic/solidity/test/libsolidity/semanticTests/inlineAssembly/inline_assembly_embedded_function_call_marked.sol:3:5:
  |
3 |     function f() public {
  |     ^ (Relevant source part starts here and spans across multiple lines).

Warning: SPDX license identifier not provided in source file. Before publishing, consider adding a comment containing "SPDX-License-Identifier: <SPDX-License>" to each source file. Use "SPDX-License-Identifier: UNLICENSED" for non-open-source code. Please see https://spdx.org for more information.
--> tests/semantic/solidity/test/libsolidity/semanticTests/inlineAssembly/calldata_offset_read_marked.sol

Warning: Function state mutability can be restricted to pure
 --> tests/semantic/solidity/test/libsolidity/semanticTests/inlineAssembly/calldata_offset_read_marked.sol:3:5:
  |
3 |     function f(bytes calldata x) public returns (uint r) {
  |     ^ (Relevant source part starts here and spans across multiple lines).

Warning: Function state mutability can be restricted to pure
 --> tests/semantic/solidity/test/libsolidity/semanticTests/inlineAssembly/calldata_offset_read_marked.sol:6:5:
  |
6 |     function f(uint, bytes calldata x, uint) public returns (uint r, uint v) {
  |     ^ (Relevant source part starts here and spans across multiple lines).

_________________________________________________ test_semantics[/home/greg/dev/nethermind/warp/tests/semantic/solidity/test/libsolidity/semanticTests/inlineAssembly/keccak_optimization_bug_string.sol] __________________________________________________
../../../warp_dev/lib/python3.7/site-packages/cairo_lang-0.6.2-py3.7.egg/starkware/cairo/lang/compiler/preprocessor/preprocessor.py:365: in search_identifier
    result = self.identifiers.search(self.accessible_scopes, ScopedName.from_string(name))
../../../warp_dev/lib/python3.7/site-packages/cairo_lang-0.6.2-py3.7.egg/starkware/cairo/lang/compiler/identifier_manager.py:225: in search
    res = self._search(accessible_scopes=accessible_scopes, name=name, get_scope=False)
../../../warp_dev/lib/python3.7/site-packages/cairo_lang-0.6.2-py3.7.egg/starkware/cairo/lang/compiler/identifier_manager.py:217: in _search
    raise MissingIdentifierError(name[:1])
E   starkware.cairo.lang.compiler.identifier_manager.MissingIdentifierError: Unknown identifier 'bitwise_ptr'.

During handling of the above exception, another exception occurred:
tests/semantic/test_semantics.py:135: in test_semantics
    contract_definition = await starknet_compile(cairo_file_path)
tests/semantic/test_semantics.py:71: in starknet_compile
    [contract_file], debug_info=True, cairo_path=[cairo_path]
../../../warp_dev/lib/python3.7/site-packages/cairo_lang-0.6.2-py3.7.egg/starkware/starknet/compiler/compile.py:107: in compile_starknet_files
    cairo_path=cairo_path,
../../../warp_dev/lib/python3.7/site-packages/cairo_lang-0.6.2-py3.7.egg/starkware/starknet/compiler/compile.py:128: in compile_starknet_codes
    code=codes, debug_info=debug_info, pass_manager=pass_manager
../../../warp_dev/lib/python3.7/site-packages/cairo_lang-0.6.2-py3.7.egg/starkware/cairo/lang/compiler/cairo_compile.py:230: in compile_cairo_ex
    codes=codes_with_filenames, pass_manager=pass_manager, main_scope=main_scope
../../../warp_dev/lib/python3.7/site-packages/cairo_lang-0.6.2-py3.7.egg/starkware/cairo/lang/compiler/preprocessor/preprocess_codes.py:24: in preprocess_codes
    pass_manager.run(context)
../../../warp_dev/lib/python3.7/site-packages/cairo_lang-0.6.2-py3.7.egg/starkware/cairo/lang/compiler/preprocessor/pass_manager.py:53: in run
    stage.run(context)
../../../warp_dev/lib/python3.7/site-packages/cairo_lang-0.6.2-py3.7.egg/starkware/cairo/lang/compiler/preprocessor/default_pass_manager.py:89: in run
    preprocessor.visit(module)
../../../warp_dev/lib/python3.7/site-packages/cairo_lang-0.6.2-py3.7.egg/starkware/cairo/lang/compiler/ast/visitor.py:40: in visit
    return getattr(self, f"visit_{type(obj).__name__}", self._visit_default)(obj)
../../../warp_dev/lib/python3.7/site-packages/cairo_lang-0.6.2-py3.7.egg/starkware/cairo/lang/compiler/preprocessor/preprocessor.py:427: in visit_CairoModule
    super().visit_CairoModule(module)
../../../warp_dev/lib/python3.7/site-packages/cairo_lang-0.6.2-py3.7.egg/starkware/cairo/lang/compiler/ast/visitor.py:63: in visit_CairoModule
    cairo_file=CairoFile(code_block=self.visit(module.cairo_file.code_block)),
../../../warp_dev/lib/python3.7/site-packages/cairo_lang-0.6.2-py3.7.egg/starkware/cairo/lang/compiler/ast/visitor.py:40: in visit
    return getattr(self, f"visit_{type(obj).__name__}", self._visit_default)(obj)
../../../warp_dev/lib/python3.7/site-packages/cairo_lang-0.6.2-py3.7.egg/starkware/cairo/lang/compiler/preprocessor/preprocessor.py:415: in visit_CodeBlock
    self.visit_uncommented_code_block([x.code_elm for x in code_block.code_elements])
../../../warp_dev/lib/python3.7/site-packages/cairo_lang-0.6.2-py3.7.egg/starkware/cairo/lang/compiler/preprocessor/preprocessor.py:397: in visit_uncommented_code_block
    self.visit(elm)
../../../warp_dev/lib/python3.7/site-packages/cairo_lang-0.6.2-py3.7.egg/starkware/cairo/lang/compiler/ast/visitor.py:40: in visit
    return getattr(self, f"visit_{type(obj).__name__}", self._visit_default)(obj)
../../../warp_dev/lib/python3.7/site-packages/cairo_lang-0.6.2-py3.7.egg/starkware/starknet/compiler/starknet_preprocessor.py:172: in visit_CodeElementFunction
    super().visit_CodeElementFunction(elm)
../../../warp_dev/lib/python3.7/site-packages/cairo_lang-0.6.2-py3.7.egg/starkware/cairo/lang/compiler/preprocessor/preprocessor.py:615: in visit_CodeElementFunction
    code_block=elm.code_block, location=elm.identifier.location
../../../warp_dev/lib/python3.7/site-packages/cairo_lang-0.6.2-py3.7.egg/starkware/cairo/lang/compiler/preprocessor/preprocessor.py:671: in visit_function_body_with_retries
    self.visit_uncommented_code_block(code_elements)
../../../warp_dev/lib/python3.7/site-packages/cairo_lang-0.6.2-py3.7.egg/starkware/cairo/lang/compiler/preprocessor/preprocessor.py:397: in visit_uncommented_code_block
    self.visit(elm)
../../../warp_dev/lib/python3.7/site-packages/cairo_lang-0.6.2-py3.7.egg/starkware/cairo/lang/compiler/ast/visitor.py:40: in visit
    return getattr(self, f"visit_{type(obj).__name__}", self._visit_default)(obj)
../../../warp_dev/lib/python3.7/site-packages/cairo_lang-0.6.2-py3.7.egg/starkware/cairo/lang/compiler/preprocessor/preprocessor.py:1757: in visit_CodeElementUnpackBinding
    self.visit(CodeElementFuncCall(func_call=elm.rvalue))
../../../warp_dev/lib/python3.7/site-packages/cairo_lang-0.6.2-py3.7.egg/starkware/cairo/lang/compiler/ast/visitor.py:40: in visit
    return getattr(self, f"visit_{type(obj).__name__}", self._visit_default)(obj)
../../../warp_dev/lib/python3.7/site-packages/cairo_lang-0.6.2-py3.7.egg/starkware/cairo/lang/compiler/preprocessor/preprocessor.py:1616: in visit_CodeElementFuncCall
    location=elm.func_call.location,
../../../warp_dev/lib/python3.7/site-packages/cairo_lang-0.6.2-py3.7.egg/starkware/cairo/lang/compiler/preprocessor/preprocessor.py:1391: in push_arguments
    location=location,
../../../warp_dev/lib/python3.7/site-packages/cairo_lang-0.6.2-py3.7.egg/starkware/cairo/lang/compiler/preprocessor/preprocessor.py:1314: in process_implicit_arguments
    felt_expr_list = self.simplify_expr_to_felt_expr_list(expr, member_def.cairo_type)
../../../warp_dev/lib/python3.7/site-packages/cairo_lang-0.6.2-py3.7.egg/starkware/cairo/lang/compiler/preprocessor/preprocessor.py:2083: in simplify_expr_to_felt_expr_list
    expr, expr_type = self.simplify_expr(expr)
../../../warp_dev/lib/python3.7/site-packages/cairo_lang-0.6.2-py3.7.egg/starkware/cairo/lang/compiler/preprocessor/preprocessor.py:2054: in simplify_expr
    resolve_type_callback=self.resolve_type,
../../../warp_dev/lib/python3.7/site-packages/cairo_lang-0.6.2-py3.7.egg/starkware/cairo/lang/compiler/substitute_identifiers.py:113: in substitute_identifiers
    ).visit(expr)
../../../warp_dev/lib/python3.7/site-packages/cairo_lang-0.6.2-py3.7.egg/starkware/cairo/lang/compiler/expression_transformer.py:47: in visit
    return getattr(self, funcname)(expr)
../../../warp_dev/lib/python3.7/site-packages/cairo_lang-0.6.2-py3.7.egg/starkware/cairo/lang/compiler/substitute_identifiers.py:38: in visit_ExprIdentifier
    val = self.get_identifier_callback(expr)
../../../warp_dev/lib/python3.7/site-packages/cairo_lang-0.6.2-py3.7.egg/starkware/cairo/lang/compiler/preprocessor/preprocessor.py:2185: in get_variable
    identifier_definition = self.search_identifier(var.name, var.location)
../../../warp_dev/lib/python3.7/site-packages/cairo_lang-0.6.2-py3.7.egg/starkware/cairo/lang/compiler/preprocessor/preprocessor.py:368: in search_identifier
    raise PreprocessorError(str(exc), location=location)
E   starkware.cairo.lang.compiler.preprocessor.preprocessor_error.PreprocessorError: /home/greg/dev/nethermind/warp/warp/cairo-src/evm/hashing.cairo:14:20: While trying to retrieve the implicit argument 'bitwise_ptr' in:
E       let (memval) = array_create_from_memory(offset, size)
E                      ^************************************^
E   /home/greg/dev/nethermind/warp/warp/cairo-src/evm/array.cairo:16:53: Unknown identifier 'bitwise_ptr'.
E           memory_dict : DictAccess*, range_check_ptr, bitwise_ptr : BitwiseBuiltin*}(
E                                                       ^***************************^
------------------------------------------------------------------------------------------------------------------- Captured stderr call -------------------------------------------------------------------------------------------------------------------
Warning: SPDX license identifier not provided in source file. Before publishing, consider adding a comment containing "SPDX-License-Identifier: <SPDX-License>" to each source file. Use "SPDX-License-Identifier: UNLICENSED" for non-open-source code. Please see https://spdx.org for more information.
--> tests/semantic/solidity/test/libsolidity/semanticTests/inlineAssembly/constant_access_referencing_marked.sol

Warning: SPDX license identifier not provided in source file. Before publishing, consider adding a comment containing "SPDX-License-Identifier: <SPDX-License>" to each source file. Use "SPDX-License-Identifier: UNLICENSED" for non-open-source code. Please see https://spdx.org for more information.
--> tests/semantic/solidity/test/libsolidity/semanticTests/inlineAssembly/keccak_optimization_bug_string_marked.sol

Warning: Function state mutability can be restricted to pure
 --> tests/semantic/solidity/test/libsolidity/semanticTests/inlineAssembly/keccak_optimization_bug_string_marked.sol:3:5:
  |
3 |     function f(string memory s) public returns (bool ret) {
  |     ^ (Relevant source part starts here and spans across multiple lines).

Warning: SPDX license identifier not provided in source file. Before publishing, consider adding a comment containing "SPDX-License-Identifier: <SPDX-License>" to each source file. Use "SPDX-License-Identifier: UNLICENSED" for non-open-source code. Please see https://spdx.org for more information.
--> tests/semantic/solidity/test/libsolidity/semanticTests/inlineAssembly/calldata_struct_assign_marked.sol

----------------------------------------------------------------------------------------------------------------- Captured stdout teardown -----------------------------------------------------------------------------------------------------------------
{'callData': '0x26121ff0', 'expectations': '0x000000000000000000000000000000000000000000000000000000000000002000000000000000000000000000000000000000000000000000000000000000030301020000000000000000000000000000000000000000000000000000000000', 'failure': False, 'signature': 'f()'}
__________________________________________ test_semantics[/home/greg/dev/nethermind/warp/tests/semantic/solidity/test/libsolidity/semanticTests/inlineAssembly/external_function_pointer_address_assignment.sol] ___________________________________________
tests/semantic/test_semantics.py:123: in test_semantics
    constructor_args, contract_expectations = get_expectations(contract_file)
tests/semantic/test_semantics.py:102: in get_expectations
    expectations = test_calldata[contract_path]
E   KeyError: './scripts/../test/libsolidity/semanticTests/inlineAssembly/external_function_pointer_address_assignment.sol'
_____________________________________________________________ test_semantics[/home/greg/dev/nethermind/warp/tests/semantic/solidity/test/libsolidity/semanticTests/inlineAssembly/chainid.sol] _____________________________________________________________
../../../warp_dev/lib/python3.7/site-packages/cairo_lang-0.6.2-py3.7.egg/starkware/cairo/lang/compiler/preprocessor/dependency_graph.py:48: in add_identifier
    accessible_scopes=self.accessible_scopes, name=name
../../../warp_dev/lib/python3.7/site-packages/cairo_lang-0.6.2-py3.7.egg/starkware/cairo/lang/compiler/identifier_manager.py:225: in search
    res = self._search(accessible_scopes=accessible_scopes, name=name, get_scope=False)
../../../warp_dev/lib/python3.7/site-packages/cairo_lang-0.6.2-py3.7.egg/starkware/cairo/lang/compiler/identifier_manager.py:217: in _search
    raise MissingIdentifierError(name[:1])
E   starkware.cairo.lang.compiler.identifier_manager.MissingIdentifierError: Unknown identifier 'chainid'.

During handling of the above exception, another exception occurred:
tests/semantic/test_semantics.py:135: in test_semantics
    contract_definition = await starknet_compile(cairo_file_path)
tests/semantic/test_semantics.py:71: in starknet_compile
    [contract_file], debug_info=True, cairo_path=[cairo_path]
../../../warp_dev/lib/python3.7/site-packages/cairo_lang-0.6.2-py3.7.egg/starkware/starknet/compiler/compile.py:107: in compile_starknet_files
    cairo_path=cairo_path,
../../../warp_dev/lib/python3.7/site-packages/cairo_lang-0.6.2-py3.7.egg/starkware/starknet/compiler/compile.py:128: in compile_starknet_codes
    code=codes, debug_info=debug_info, pass_manager=pass_manager
../../../warp_dev/lib/python3.7/site-packages/cairo_lang-0.6.2-py3.7.egg/starkware/cairo/lang/compiler/cairo_compile.py:230: in compile_cairo_ex
    codes=codes_with_filenames, pass_manager=pass_manager, main_scope=main_scope
../../../warp_dev/lib/python3.7/site-packages/cairo_lang-0.6.2-py3.7.egg/starkware/cairo/lang/compiler/preprocessor/preprocess_codes.py:24: in preprocess_codes
    pass_manager.run(context)
../../../warp_dev/lib/python3.7/site-packages/cairo_lang-0.6.2-py3.7.egg/starkware/cairo/lang/compiler/preprocessor/pass_manager.py:53: in run
    stage.run(context)
../../../warp_dev/lib/python3.7/site-packages/cairo_lang-0.6.2-py3.7.egg/starkware/cairo/lang/compiler/preprocessor/dependency_graph.py:181: in run
    scopes_to_compile={context.main_scope} | self.additional_scopes_to_compile,
../../../warp_dev/lib/python3.7/site-packages/cairo_lang-0.6.2-py3.7.egg/starkware/cairo/lang/compiler/preprocessor/dependency_graph.py:166: in get_functions_to_compile
    dependency_graph.visit(module)
../../../warp_dev/lib/python3.7/site-packages/cairo_lang-0.6.2-py3.7.egg/starkware/cairo/lang/compiler/ast/visitor.py:40: in visit
    return getattr(self, f"visit_{type(obj).__name__}", self._visit_default)(obj)
../../../warp_dev/lib/python3.7/site-packages/cairo_lang-0.6.2-py3.7.egg/starkware/cairo/lang/compiler/ast/visitor.py:63: in visit_CairoModule
    cairo_file=CairoFile(code_block=self.visit(module.cairo_file.code_block)),
../../../warp_dev/lib/python3.7/site-packages/cairo_lang-0.6.2-py3.7.egg/starkware/cairo/lang/compiler/ast/visitor.py:40: in visit
    return getattr(self, f"visit_{type(obj).__name__}", self._visit_default)(obj)
../../../warp_dev/lib/python3.7/site-packages/cairo_lang-0.6.2-py3.7.egg/starkware/cairo/lang/compiler/ast/visitor.py:82: in visit_CodeBlock
    for commented_code_elm in elm.code_elements
../../../warp_dev/lib/python3.7/site-packages/cairo_lang-0.6.2-py3.7.egg/starkware/cairo/lang/compiler/ast/visitor.py:82: in <listcomp>
    for commented_code_elm in elm.code_elements
../../../warp_dev/lib/python3.7/site-packages/cairo_lang-0.6.2-py3.7.egg/starkware/cairo/lang/compiler/ast/visitor.py:40: in visit
    return getattr(self, f"visit_{type(obj).__name__}", self._visit_default)(obj)
../../../warp_dev/lib/python3.7/site-packages/cairo_lang-0.6.2-py3.7.egg/starkware/cairo/lang/compiler/preprocessor/dependency_graph.py:76: in visit_CodeElementFunction
    super().visit_CodeElementFunction(elm)
../../../warp_dev/lib/python3.7/site-packages/cairo_lang-0.6.2-py3.7.egg/starkware/cairo/lang/compiler/ast/visitor.py:54: in visit_CodeElementFunction
    code_block=self.visit(elm.code_block),
../../../warp_dev/lib/python3.7/site-packages/cairo_lang-0.6.2-py3.7.egg/starkware/cairo/lang/compiler/ast/visitor.py:40: in visit
    return getattr(self, f"visit_{type(obj).__name__}", self._visit_default)(obj)
../../../warp_dev/lib/python3.7/site-packages/cairo_lang-0.6.2-py3.7.egg/starkware/cairo/lang/compiler/ast/visitor.py:82: in visit_CodeBlock
    for commented_code_elm in elm.code_elements
../../../warp_dev/lib/python3.7/site-packages/cairo_lang-0.6.2-py3.7.egg/starkware/cairo/lang/compiler/ast/visitor.py:82: in <listcomp>
    for commented_code_elm in elm.code_elements
../../../warp_dev/lib/python3.7/site-packages/cairo_lang-0.6.2-py3.7.egg/starkware/cairo/lang/compiler/ast/visitor.py:40: in visit
    return getattr(self, f"visit_{type(obj).__name__}", self._visit_default)(obj)
../../../warp_dev/lib/python3.7/site-packages/cairo_lang-0.6.2-py3.7.egg/starkware/cairo/lang/compiler/preprocessor/dependency_graph.py:36: in _visit_default
    self.visit(child)
../../../warp_dev/lib/python3.7/site-packages/cairo_lang-0.6.2-py3.7.egg/starkware/cairo/lang/compiler/ast/visitor.py:40: in visit
    return getattr(self, f"visit_{type(obj).__name__}", self._visit_default)(obj)
../../../warp_dev/lib/python3.7/site-packages/cairo_lang-0.6.2-py3.7.egg/starkware/cairo/lang/compiler/preprocessor/dependency_graph.py:36: in _visit_default
    self.visit(child)
../../../warp_dev/lib/python3.7/site-packages/cairo_lang-0.6.2-py3.7.egg/starkware/cairo/lang/compiler/ast/visitor.py:40: in visit
    return getattr(self, f"visit_{type(obj).__name__}", self._visit_default)(obj)
../../../warp_dev/lib/python3.7/site-packages/cairo_lang-0.6.2-py3.7.egg/starkware/cairo/lang/compiler/preprocessor/dependency_graph.py:87: in visit_ExprIdentifier
    self.add_identifier(ScopedName.from_string(expr.name), location=expr.location)
../../../warp_dev/lib/python3.7/site-packages/cairo_lang-0.6.2-py3.7.egg/starkware/cairo/lang/compiler/preprocessor/dependency_graph.py:56: in add_identifier
    raise PreprocessorError(str(e), location=location)
E   starkware.cairo.lang.compiler.preprocessor.preprocessor_error.PreprocessorError: /home/greg/dev/nethermind/warp/tests/semantic/solidity/test/libsolidity/semanticTests/inlineAssembly/chainid.cairo.temp:81:40: Unknown identifier 'chainid'.
E       let (__warp_subexpr_3 : Uint256) = chainid()
E                                          ^*****^
_______________________________________________________ test_semantics[/home/greg/dev/nethermind/warp/tests/semantic/solidity/test/libsolidity/semanticTests/inlineAssembly/keccak256_assembly.sol] ________________________________________________________
../../../warp_dev/lib/python3.7/site-packages/cairo_lang-0.6.2-py3.7.egg/starkware/cairo/lang/compiler/preprocessor/preprocessor.py:365: in search_identifier
    result = self.identifiers.search(self.accessible_scopes, ScopedName.from_string(name))
../../../warp_dev/lib/python3.7/site-packages/cairo_lang-0.6.2-py3.7.egg/starkware/cairo/lang/compiler/identifier_manager.py:225: in search
    res = self._search(accessible_scopes=accessible_scopes, name=name, get_scope=False)
../../../warp_dev/lib/python3.7/site-packages/cairo_lang-0.6.2-py3.7.egg/starkware/cairo/lang/compiler/identifier_manager.py:217: in _search
    raise MissingIdentifierError(name[:1])
E   starkware.cairo.lang.compiler.identifier_manager.MissingIdentifierError: Unknown identifier 'bitwise_ptr'.

During handling of the above exception, another exception occurred:
tests/semantic/test_semantics.py:135: in test_semantics
    contract_definition = await starknet_compile(cairo_file_path)
tests/semantic/test_semantics.py:71: in starknet_compile
    [contract_file], debug_info=True, cairo_path=[cairo_path]
../../../warp_dev/lib/python3.7/site-packages/cairo_lang-0.6.2-py3.7.egg/starkware/starknet/compiler/compile.py:107: in compile_starknet_files
    cairo_path=cairo_path,
../../../warp_dev/lib/python3.7/site-packages/cairo_lang-0.6.2-py3.7.egg/starkware/starknet/compiler/compile.py:128: in compile_starknet_codes
    code=codes, debug_info=debug_info, pass_manager=pass_manager
../../../warp_dev/lib/python3.7/site-packages/cairo_lang-0.6.2-py3.7.egg/starkware/cairo/lang/compiler/cairo_compile.py:230: in compile_cairo_ex
    codes=codes_with_filenames, pass_manager=pass_manager, main_scope=main_scope
../../../warp_dev/lib/python3.7/site-packages/cairo_lang-0.6.2-py3.7.egg/starkware/cairo/lang/compiler/preprocessor/preprocess_codes.py:24: in preprocess_codes
    pass_manager.run(context)
../../../warp_dev/lib/python3.7/site-packages/cairo_lang-0.6.2-py3.7.egg/starkware/cairo/lang/compiler/preprocessor/pass_manager.py:53: in run
    stage.run(context)
../../../warp_dev/lib/python3.7/site-packages/cairo_lang-0.6.2-py3.7.egg/starkware/cairo/lang/compiler/preprocessor/default_pass_manager.py:89: in run
    preprocessor.visit(module)
../../../warp_dev/lib/python3.7/site-packages/cairo_lang-0.6.2-py3.7.egg/starkware/cairo/lang/compiler/ast/visitor.py:40: in visit
    return getattr(self, f"visit_{type(obj).__name__}", self._visit_default)(obj)
../../../warp_dev/lib/python3.7/site-packages/cairo_lang-0.6.2-py3.7.egg/starkware/cairo/lang/compiler/preprocessor/preprocessor.py:427: in visit_CairoModule
    super().visit_CairoModule(module)
../../../warp_dev/lib/python3.7/site-packages/cairo_lang-0.6.2-py3.7.egg/starkware/cairo/lang/compiler/ast/visitor.py:63: in visit_CairoModule
    cairo_file=CairoFile(code_block=self.visit(module.cairo_file.code_block)),
../../../warp_dev/lib/python3.7/site-packages/cairo_lang-0.6.2-py3.7.egg/starkware/cairo/lang/compiler/ast/visitor.py:40: in visit
    return getattr(self, f"visit_{type(obj).__name__}", self._visit_default)(obj)
../../../warp_dev/lib/python3.7/site-packages/cairo_lang-0.6.2-py3.7.egg/starkware/cairo/lang/compiler/preprocessor/preprocessor.py:415: in visit_CodeBlock
    self.visit_uncommented_code_block([x.code_elm for x in code_block.code_elements])
../../../warp_dev/lib/python3.7/site-packages/cairo_lang-0.6.2-py3.7.egg/starkware/cairo/lang/compiler/preprocessor/preprocessor.py:397: in visit_uncommented_code_block
    self.visit(elm)
../../../warp_dev/lib/python3.7/site-packages/cairo_lang-0.6.2-py3.7.egg/starkware/cairo/lang/compiler/ast/visitor.py:40: in visit
    return getattr(self, f"visit_{type(obj).__name__}", self._visit_default)(obj)
../../../warp_dev/lib/python3.7/site-packages/cairo_lang-0.6.2-py3.7.egg/starkware/starknet/compiler/starknet_preprocessor.py:172: in visit_CodeElementFunction
    super().visit_CodeElementFunction(elm)
../../../warp_dev/lib/python3.7/site-packages/cairo_lang-0.6.2-py3.7.egg/starkware/cairo/lang/compiler/preprocessor/preprocessor.py:615: in visit_CodeElementFunction
    code_block=elm.code_block, location=elm.identifier.location
../../../warp_dev/lib/python3.7/site-packages/cairo_lang-0.6.2-py3.7.egg/starkware/cairo/lang/compiler/preprocessor/preprocessor.py:671: in visit_function_body_with_retries
    self.visit_uncommented_code_block(code_elements)
../../../warp_dev/lib/python3.7/site-packages/cairo_lang-0.6.2-py3.7.egg/starkware/cairo/lang/compiler/preprocessor/preprocessor.py:397: in visit_uncommented_code_block
    self.visit(elm)
../../../warp_dev/lib/python3.7/site-packages/cairo_lang-0.6.2-py3.7.egg/starkware/cairo/lang/compiler/ast/visitor.py:40: in visit
    return getattr(self, f"visit_{type(obj).__name__}", self._visit_default)(obj)
../../../warp_dev/lib/python3.7/site-packages/cairo_lang-0.6.2-py3.7.egg/starkware/cairo/lang/compiler/preprocessor/preprocessor.py:1757: in visit_CodeElementUnpackBinding
    self.visit(CodeElementFuncCall(func_call=elm.rvalue))
../../../warp_dev/lib/python3.7/site-packages/cairo_lang-0.6.2-py3.7.egg/starkware/cairo/lang/compiler/ast/visitor.py:40: in visit
    return getattr(self, f"visit_{type(obj).__name__}", self._visit_default)(obj)
../../../warp_dev/lib/python3.7/site-packages/cairo_lang-0.6.2-py3.7.egg/starkware/cairo/lang/compiler/preprocessor/preprocessor.py:1616: in visit_CodeElementFuncCall
    location=elm.func_call.location,
../../../warp_dev/lib/python3.7/site-packages/cairo_lang-0.6.2-py3.7.egg/starkware/cairo/lang/compiler/preprocessor/preprocessor.py:1391: in push_arguments
    location=location,
../../../warp_dev/lib/python3.7/site-packages/cairo_lang-0.6.2-py3.7.egg/starkware/cairo/lang/compiler/preprocessor/preprocessor.py:1314: in process_implicit_arguments
    felt_expr_list = self.simplify_expr_to_felt_expr_list(expr, member_def.cairo_type)
../../../warp_dev/lib/python3.7/site-packages/cairo_lang-0.6.2-py3.7.egg/starkware/cairo/lang/compiler/preprocessor/preprocessor.py:2083: in simplify_expr_to_felt_expr_list
    expr, expr_type = self.simplify_expr(expr)
../../../warp_dev/lib/python3.7/site-packages/cairo_lang-0.6.2-py3.7.egg/starkware/cairo/lang/compiler/preprocessor/preprocessor.py:2054: in simplify_expr
    resolve_type_callback=self.resolve_type,
../../../warp_dev/lib/python3.7/site-packages/cairo_lang-0.6.2-py3.7.egg/starkware/cairo/lang/compiler/substitute_identifiers.py:113: in substitute_identifiers
    ).visit(expr)
../../../warp_dev/lib/python3.7/site-packages/cairo_lang-0.6.2-py3.7.egg/starkware/cairo/lang/compiler/expression_transformer.py:47: in visit
    return getattr(self, funcname)(expr)
../../../warp_dev/lib/python3.7/site-packages/cairo_lang-0.6.2-py3.7.egg/starkware/cairo/lang/compiler/substitute_identifiers.py:38: in visit_ExprIdentifier
    val = self.get_identifier_callback(expr)
../../../warp_dev/lib/python3.7/site-packages/cairo_lang-0.6.2-py3.7.egg/starkware/cairo/lang/compiler/preprocessor/preprocessor.py:2185: in get_variable
    identifier_definition = self.search_identifier(var.name, var.location)
../../../warp_dev/lib/python3.7/site-packages/cairo_lang-0.6.2-py3.7.egg/starkware/cairo/lang/compiler/preprocessor/preprocessor.py:368: in search_identifier
    raise PreprocessorError(str(exc), location=location)
E   starkware.cairo.lang.compiler.preprocessor.preprocessor_error.PreprocessorError: /home/greg/dev/nethermind/warp/warp/cairo-src/evm/hashing.cairo:14:20: While trying to retrieve the implicit argument 'bitwise_ptr' in:
E       let (memval) = array_create_from_memory(offset, size)
E                      ^************************************^
E   /home/greg/dev/nethermind/warp/warp/cairo-src/evm/array.cairo:16:53: Unknown identifier 'bitwise_ptr'.
E           memory_dict : DictAccess*, range_check_ptr, bitwise_ptr : BitwiseBuiltin*}(
E                                                       ^***************************^
------------------------------------------------------------------------------------------------------------------- Captured stdout call -------------------------------------------------------------------------------------------------------------------
{'callData': '0xe2179b8e', 'expectations': '0x00000000000000000000000000000000000000000000000000000000000000070000000000000000000000000000000000000000000000000000000000000003', 'failure': False, 'signature': 'g()'}
------------------------------------------------------------------------------------------------------------------- Captured stderr call -------------------------------------------------------------------------------------------------------------------
Warning: SPDX license identifier not provided in source file. Before publishing, consider adding a comment containing "SPDX-License-Identifier: <SPDX-License>" to each source file. Use "SPDX-License-Identifier: UNLICENSED" for non-open-source code. Please see https://spdx.org for more information.
--> tests/semantic/solidity/test/libsolidity/semanticTests/inlineAssembly/inline_assembly_if_marked.sol

Warning: Function state mutability can be restricted to pure
 --> tests/semantic/solidity/test/libsolidity/semanticTests/inlineAssembly/inline_assembly_if_marked.sol:3:5:
  |
3 |     function f(uint256 a) public returns (uint256 b) {
  |     ^ (Relevant source part starts here and spans across multiple lines).

Warning: SPDX license identifier not provided in source file. Before publishing, consider adding a comment containing "SPDX-License-Identifier: <SPDX-License>" to each source file. Use "SPDX-License-Identifier: UNLICENSED" for non-open-source code. Please see https://spdx.org for more information.
--> tests/semantic/solidity/test/libsolidity/semanticTests/inlineAssembly/keccak256_assembly_marked.sol

__________________________________________________________ test_semantics[/home/greg/dev/nethermind/warp/tests/semantic/solidity/test/libsolidity/semanticTests/multiSource/circular_import.sol] ___________________________________________________________
tests/semantic/test_semantics.py:126: in test_semantics
    contract_file, get_last_contract(contract_file)
../../../warp_dev/lib/python3.7/site-packages/sol_warp-0.2.12-py3.7.egg/yul/main.py:49: in transpile_from_solidity
    output = get_for_contract(sol_src_path_modified, main_contract, ["abi"])
../../../warp_dev/lib/python3.7/site-packages/sol_warp-0.2.12-py3.7.egg/yul/utils.py:136: in get_for_contract
    get_source_version(sol_source)
../../../warp_dev/lib/python3.7/site-packages/sol_warp-0.2.12-py3.7.egg/yul/utils.py:146: in get_source_version
    with open(sol_source) as f:
E   FileNotFoundError: [Errno 2] No such file or directory: '/home/greg/dev/nethermind/warp/tests/semantic/solidity/test/libsolidity/semanticTests/multiSource/circular_import_marked.sol'
__________________________________________ test_semantics[/home/greg/dev/nethermind/warp/tests/semantic/solidity/test/libsolidity/semanticTests/multiSource/free_function_resolution_override_virtual_super.sol] ___________________________________________
tests/semantic/test_semantics.py:126: in test_semantics
    contract_file, get_last_contract(contract_file)
../../../warp_dev/lib/python3.7/site-packages/sol_warp-0.2.12-py3.7.egg/yul/main.py:49: in transpile_from_solidity
    output = get_for_contract(sol_src_path_modified, main_contract, ["abi"])
../../../warp_dev/lib/python3.7/site-packages/sol_warp-0.2.12-py3.7.egg/yul/utils.py:136: in get_for_contract
    get_source_version(sol_source)
../../../warp_dev/lib/python3.7/site-packages/sol_warp-0.2.12-py3.7.egg/yul/utils.py:146: in get_source_version
    with open(sol_source) as f:
E   FileNotFoundError: [Errno 2] No such file or directory: '/home/greg/dev/nethermind/warp/tests/semantic/solidity/test/libsolidity/semanticTests/multiSource/free_function_resolution_override_virtual_super_marked.sol'
------------------------------------------------------------------------------------------------------------------- Captured stdout call -------------------------------------------------------------------------------------------------------------------
{'callData': '0xb3de648b0000000000000000000000000000000000000000000000000000000000000000', 'expectations': '0x0000000000000000000000000000000000000000000000000000000000000002', 'failure': False, 'signature': 'f(uint256)'}
------------------------------------------------------------------------------------------------------------------- Captured stderr call -------------------------------------------------------------------------------------------------------------------
Warning: SPDX license identifier not provided in source file. Before publishing, consider adding a comment containing "SPDX-License-Identifier: <SPDX-License>" to each source file. Use "SPDX-License-Identifier: UNLICENSED" for non-open-source code. Please see https://spdx.org for more information.
--> tests/semantic/solidity/test/libsolidity/semanticTests/inlineAssembly/calldata_struct_assign_and_return_marked.sol

________________________________________________________ test_semantics[/home/greg/dev/nethermind/warp/tests/semantic/solidity/test/libsolidity/semanticTests/multiSource/circular_reimport_2.sol] _________________________________________________________
tests/semantic/test_semantics.py:126: in test_semantics
    contract_file, get_last_contract(contract_file)
../../../warp_dev/lib/python3.7/site-packages/sol_warp-0.2.12-py3.7.egg/yul/main.py:49: in transpile_from_solidity
    output = get_for_contract(sol_src_path_modified, main_contract, ["abi"])
../../../warp_dev/lib/python3.7/site-packages/sol_warp-0.2.12-py3.7.egg/yul/utils.py:136: in get_for_contract
    get_source_version(sol_source)
../../../warp_dev/lib/python3.7/site-packages/sol_warp-0.2.12-py3.7.egg/yul/utils.py:146: in get_source_version
    with open(sol_source) as f:
E   FileNotFoundError: [Errno 2] No such file or directory: '/home/greg/dev/nethermind/warp/tests/semantic/solidity/test/libsolidity/semanticTests/multiSource/circular_reimport_2_marked.sol'
------------------------------------------------------------------------------------------------------------------- Captured stdout call -------------------------------------------------------------------------------------------------------------------
{'callData': '0xb3de648b0000000000000000000000000000000000000000000000000000000000000001', 'expectations': '0x0000000000000000000000000000000000000000000000000000000000000008', 'failure': False, 'signature': 'f(uint256)'}
{'callData': '0xb3de648b0000000000000000000000000000000000000000000000000000000000000002', 'expectations': '0x0000000000000000000000000000000000000000000000000000000000000009', 'failure': False, 'signature': 'f(uint256)'}
________________________________________ test_semantics[/home/greg/dev/nethermind/warp/tests/semantic/solidity/test/libsolidity/semanticTests/multiSource/free_function_resolution_override_virtual_transitive.sol] ________________________________________
tests/semantic/test_semantics.py:126: in test_semantics
    contract_file, get_last_contract(contract_file)
../../../warp_dev/lib/python3.7/site-packages/sol_warp-0.2.12-py3.7.egg/yul/main.py:49: in transpile_from_solidity
    output = get_for_contract(sol_src_path_modified, main_contract, ["abi"])
../../../warp_dev/lib/python3.7/site-packages/sol_warp-0.2.12-py3.7.egg/yul/utils.py:136: in get_for_contract
    get_source_version(sol_source)
../../../warp_dev/lib/python3.7/site-packages/sol_warp-0.2.12-py3.7.egg/yul/utils.py:146: in get_source_version
    with open(sol_source) as f:
E   FileNotFoundError: [Errno 2] No such file or directory: '/home/greg/dev/nethermind/warp/tests/semantic/solidity/test/libsolidity/semanticTests/multiSource/free_function_resolution_override_virtual_transitive_marked.sol'
__________________________________________________ test_semantics[/home/greg/dev/nethermind/warp/tests/semantic/solidity/test/libsolidity/semanticTests/multiSource/free_function_transitive_import.sol] ___________________________________________________
tests/semantic/test_semantics.py:126: in test_semantics
    contract_file, get_last_contract(contract_file)
../../../warp_dev/lib/python3.7/site-packages/sol_warp-0.2.12-py3.7.egg/yul/main.py:49: in transpile_from_solidity
    output = get_for_contract(sol_src_path_modified, main_contract, ["abi"])
../../../warp_dev/lib/python3.7/site-packages/sol_warp-0.2.12-py3.7.egg/yul/utils.py:136: in get_for_contract
    get_source_version(sol_source)
../../../warp_dev/lib/python3.7/site-packages/sol_warp-0.2.12-py3.7.egg/yul/utils.py:146: in get_source_version
    with open(sol_source) as f:
E   FileNotFoundError: [Errno 2] No such file or directory: '/home/greg/dev/nethermind/warp/tests/semantic/solidity/test/libsolidity/semanticTests/multiSource/free_function_transitive_import_marked.sol'
_____________________________________________________ test_semantics[/home/greg/dev/nethermind/warp/tests/semantic/solidity/test/libsolidity/semanticTests/multiSource/reimport_imported_function.sol] _____________________________________________________
tests/semantic/test_semantics.py:126: in test_semantics
    contract_file, get_last_contract(contract_file)
../../../warp_dev/lib/python3.7/site-packages/sol_warp-0.2.12-py3.7.egg/yul/main.py:49: in transpile_from_solidity
    output = get_for_contract(sol_src_path_modified, main_contract, ["abi"])
../../../warp_dev/lib/python3.7/site-packages/sol_warp-0.2.12-py3.7.egg/yul/utils.py:136: in get_for_contract
    get_source_version(sol_source)
../../../warp_dev/lib/python3.7/site-packages/sol_warp-0.2.12-py3.7.egg/yul/utils.py:146: in get_source_version
    with open(sol_source) as f:
E   FileNotFoundError: [Errno 2] No such file or directory: '/home/greg/dev/nethermind/warp/tests/semantic/solidity/test/libsolidity/semanticTests/multiSource/reimport_imported_function_marked.sol'
_________________________________________________________ test_semantics[/home/greg/dev/nethermind/warp/tests/semantic/solidity/test/libsolidity/semanticTests/multiSource/circular_import_2.sol] __________________________________________________________
tests/semantic/test_semantics.py:126: in test_semantics
    contract_file, get_last_contract(contract_file)
../../../warp_dev/lib/python3.7/site-packages/sol_warp-0.2.12-py3.7.egg/yul/main.py:49: in transpile_from_solidity
    output = get_for_contract(sol_src_path_modified, main_contract, ["abi"])
../../../warp_dev/lib/python3.7/site-packages/sol_warp-0.2.12-py3.7.egg/yul/utils.py:136: in get_for_contract
    get_source_version(sol_source)
../../../warp_dev/lib/python3.7/site-packages/sol_warp-0.2.12-py3.7.egg/yul/utils.py:146: in get_source_version
    with open(sol_source) as f:
E   FileNotFoundError: [Errno 2] No such file or directory: '/home/greg/dev/nethermind/warp/tests/semantic/solidity/test/libsolidity/semanticTests/multiSource/circular_import_2_marked.sol'
__________________________________________________ test_semantics[/home/greg/dev/nethermind/warp/tests/semantic/solidity/test/libsolidity/semanticTests/multiSource/imported_free_function_via_alias.sol] __________________________________________________
tests/semantic/test_semantics.py:126: in test_semantics
    contract_file, get_last_contract(contract_file)
../../../warp_dev/lib/python3.7/site-packages/sol_warp-0.2.12-py3.7.egg/yul/main.py:49: in transpile_from_solidity
    output = get_for_contract(sol_src_path_modified, main_contract, ["abi"])
../../../warp_dev/lib/python3.7/site-packages/sol_warp-0.2.12-py3.7.egg/yul/utils.py:136: in get_for_contract
    get_source_version(sol_source)
../../../warp_dev/lib/python3.7/site-packages/sol_warp-0.2.12-py3.7.egg/yul/utils.py:146: in get_source_version
    with open(sol_source) as f:
E   FileNotFoundError: [Errno 2] No such file or directory: '/home/greg/dev/nethermind/warp/tests/semantic/solidity/test/libsolidity/semanticTests/multiSource/imported_free_function_via_alias_marked.sol'
------------------------------------------------------------------------------------------------------------------- Captured stdout call -------------------------------------------------------------------------------------------------------------------
{'callData': '0x26121ff0', 'expectations': '0x00000000000000000000000000000000000000000000000000000000000000076162636465660000000000000000000000000000000000000000000000000000', 'failure': False, 'signature': 'f()'}
_______________________________________________ test_semantics[/home/greg/dev/nethermind/warp/tests/semantic/solidity/test/libsolidity/semanticTests/multiSource/free_function_resolution_base_contract.sol] _______________________________________________
tests/semantic/test_semantics.py:126: in test_semantics
    contract_file, get_last_contract(contract_file)
../../../warp_dev/lib/python3.7/site-packages/sol_warp-0.2.12-py3.7.egg/yul/main.py:49: in transpile_from_solidity
    output = get_for_contract(sol_src_path_modified, main_contract, ["abi"])
../../../warp_dev/lib/python3.7/site-packages/sol_warp-0.2.12-py3.7.egg/yul/utils.py:136: in get_for_contract
    get_source_version(sol_source)
../../../warp_dev/lib/python3.7/site-packages/sol_warp-0.2.12-py3.7.egg/yul/utils.py:146: in get_source_version
    with open(sol_source) as f:
E   FileNotFoundError: [Errno 2] No such file or directory: '/home/greg/dev/nethermind/warp/tests/semantic/solidity/test/libsolidity/semanticTests/multiSource/free_function_resolution_base_contract_marked.sol'
_________________________________________________________ test_semantics[/home/greg/dev/nethermind/warp/tests/semantic/solidity/test/libsolidity/semanticTests/multiSource/circular_reimport.sol] __________________________________________________________
tests/semantic/test_semantics.py:126: in test_semantics
    contract_file, get_last_contract(contract_file)
../../../warp_dev/lib/python3.7/site-packages/sol_warp-0.2.12-py3.7.egg/yul/main.py:49: in transpile_from_solidity
    output = get_for_contract(sol_src_path_modified, main_contract, ["abi"])
../../../warp_dev/lib/python3.7/site-packages/sol_warp-0.2.12-py3.7.egg/yul/utils.py:136: in get_for_contract
    get_source_version(sol_source)
../../../warp_dev/lib/python3.7/site-packages/sol_warp-0.2.12-py3.7.egg/yul/utils.py:146: in get_source_version
    with open(sol_source) as f:
E   FileNotFoundError: [Errno 2] No such file or directory: '/home/greg/dev/nethermind/warp/tests/semantic/solidity/test/libsolidity/semanticTests/multiSource/circular_reimport_marked.sol'
____________________________________________ test_semantics[/home/greg/dev/nethermind/warp/tests/semantic/solidity/test/libsolidity/semanticTests/multiSource/imported_free_function_via_alias_direct_call.sol] ____________________________________________
tests/semantic/test_semantics.py:126: in test_semantics
    contract_file, get_last_contract(contract_file)
../../../warp_dev/lib/python3.7/site-packages/sol_warp-0.2.12-py3.7.egg/yul/main.py:49: in transpile_from_solidity
    output = get_for_contract(sol_src_path_modified, main_contract, ["abi"])
../../../warp_dev/lib/python3.7/site-packages/sol_warp-0.2.12-py3.7.egg/yul/utils.py:136: in get_for_contract
    get_source_version(sol_source)
../../../warp_dev/lib/python3.7/site-packages/sol_warp-0.2.12-py3.7.egg/yul/utils.py:146: in get_source_version
    with open(sol_source) as f:
E   FileNotFoundError: [Errno 2] No such file or directory: '/home/greg/dev/nethermind/warp/tests/semantic/solidity/test/libsolidity/semanticTests/multiSource/imported_free_function_via_alias_direct_call_marked.sol'
_______________________________________________________________ test_semantics[/home/greg/dev/nethermind/warp/tests/semantic/solidity/test/libsolidity/semanticTests/multiSource/import.sol] _______________________________________________________________
tests/semantic/test_semantics.py:126: in test_semantics
    contract_file, get_last_contract(contract_file)
../../../warp_dev/lib/python3.7/site-packages/sol_warp-0.2.12-py3.7.egg/yul/main.py:49: in transpile_from_solidity
    output = get_for_contract(sol_src_path_modified, main_contract, ["abi"])
../../../warp_dev/lib/python3.7/site-packages/sol_warp-0.2.12-py3.7.egg/yul/utils.py:136: in get_for_contract
    get_source_version(sol_source)
../../../warp_dev/lib/python3.7/site-packages/sol_warp-0.2.12-py3.7.egg/yul/utils.py:146: in get_source_version
    with open(sol_source) as f:
E   FileNotFoundError: [Errno 2] No such file or directory: '/home/greg/dev/nethermind/warp/tests/semantic/solidity/test/libsolidity/semanticTests/multiSource/import_marked.sol'
___________________________________________________ test_semantics[/home/greg/dev/nethermind/warp/tests/semantic/solidity/test/libsolidity/semanticTests/multiSource/free_different_interger_types.sol] ____________________________________________________
tests/semantic/test_semantics.py:126: in test_semantics
    contract_file, get_last_contract(contract_file)
../../../warp_dev/lib/python3.7/site-packages/sol_warp-0.2.12-py3.7.egg/yul/main.py:49: in transpile_from_solidity
    output = get_for_contract(sol_src_path_modified, main_contract, ["abi"])
../../../warp_dev/lib/python3.7/site-packages/sol_warp-0.2.12-py3.7.egg/yul/utils.py:136: in get_for_contract
    get_source_version(sol_source)
../../../warp_dev/lib/python3.7/site-packages/sol_warp-0.2.12-py3.7.egg/yul/utils.py:146: in get_source_version
    with open(sol_source) as f:
E   FileNotFoundError: [Errno 2] No such file or directory: '/home/greg/dev/nethermind/warp/tests/semantic/solidity/test/libsolidity/semanticTests/multiSource/free_different_interger_types_marked.sol'
------------------------------------------------------------------------------------------------------------------- Captured stdout call -------------------------------------------------------------------------------------------------------------------
{'callData': '0x26121ff0', 'expectations': '0x0000000000000000000000000000000000000000000000000000000000000001', 'failure': False, 'signature': 'f()'}
_____________________________________________ test_semantics[/home/greg/dev/nethermind/warp/tests/semantic/solidity/test/libsolidity/semanticTests/multiSource/free_function_resolution_override_virtual.sol] ______________________________________________
tests/semantic/test_semantics.py:126: in test_semantics
    contract_file, get_last_contract(contract_file)
../../../warp_dev/lib/python3.7/site-packages/sol_warp-0.2.12-py3.7.egg/yul/main.py:49: in transpile_from_solidity
    output = get_for_contract(sol_src_path_modified, main_contract, ["abi"])
../../../warp_dev/lib/python3.7/site-packages/sol_warp-0.2.12-py3.7.egg/yul/utils.py:136: in get_for_contract
    get_source_version(sol_source)
../../../warp_dev/lib/python3.7/site-packages/sol_warp-0.2.12-py3.7.egg/yul/utils.py:146: in get_source_version
    with open(sol_source) as f:
E   FileNotFoundError: [Errno 2] No such file or directory: '/home/greg/dev/nethermind/warp/tests/semantic/solidity/test/libsolidity/semanticTests/multiSource/free_function_resolution_override_virtual_marked.sol'
------------------------------------------------------------------------------------------------------------------- Captured stdout call -------------------------------------------------------------------------------------------------------------------
{'callData': '0xe2179b8e', 'expectations': '0x', 'failure': True, 'signature': 'g()'}
______________________________________________________________ test_semantics[/home/greg/dev/nethermind/warp/tests/semantic/solidity/test/libsolidity/semanticTests/getters/value_types.sol] _______________________________________________________________
tests/semantic/test_semantics.py:126: in test_semantics
    contract_file, get_last_contract(contract_file)
../../../warp_dev/lib/python3.7/site-packages/sol_warp-0.2.12-py3.7.egg/yul/main.py:49: in transpile_from_solidity
    output = get_for_contract(sol_src_path_modified, main_contract, ["abi"])
../../../warp_dev/lib/python3.7/site-packages/sol_warp-0.2.12-py3.7.egg/yul/utils.py:136: in get_for_contract
    get_source_version(sol_source)
../../../warp_dev/lib/python3.7/site-packages/sol_warp-0.2.12-py3.7.egg/yul/utils.py:146: in get_source_version
    with open(sol_source) as f:
E   FileNotFoundError: [Errno 2] No such file or directory: '/home/greg/dev/nethermind/warp/tests/semantic/solidity/test/libsolidity/semanticTests/getters/value_types_marked.sol'
------------------------------------------------------------------------------------------------------------------- Captured stdout call -------------------------------------------------------------------------------------------------------------------
{'callData': '0x8bcdb1ca000000000000000000000000000000000000000000000000000000000000000000000000000000000000000000000000000000000000000000000000000000000000000000000000000000000000000000000000000000000000000000000000', 'expectations': '0x00000000000000000000000000000000000000000000000000000000000000080000000000000000000000000000000000000000000000000000000000000014', 'failure': False, 'signature': 'f(uint256,bytes,uint256)'}
__________________________________________________________ test_semantics[/home/greg/dev/nethermind/warp/tests/semantic/solidity/test/libsolidity/semanticTests/asmForLoop/for_loop_continue.sol] __________________________________________________________
../../../warp_dev/lib/python3.7/site-packages/cairo_lang-0.6.2-py3.7.egg/starkware/starknet/business_logic/internal_transaction.py:539: in _run
    verify_secure=True,
../../../warp_dev/lib/python3.7/site-packages/cairo_lang-0.6.2-py3.7.egg/starkware/cairo/common/cairo_function_runner.py:199: in run_from_entrypoint
    self.run_until_pc(addr=end, run_resources=run_resources)
../../../warp_dev/lib/python3.7/site-packages/cairo_lang-0.6.2-py3.7.egg/starkware/cairo/lang/vm/cairo_runner.py:289: in run_until_pc
    ResourcesError("Error: End of program was not reached"), self.vm.run_context.pc
E   starkware.cairo.lang.vm.vm_exceptions.VmException: /home/greg/warp_dev/lib/python3.7/site-packages/cairo_lang-0.6.2-py3.7.egg/starkware/cairo/common/math_cmp.cairo:38:5: Error at pc=0:316:
E   Error: End of program was not reached
E       return is_nn(b - a)
E       ^*****************^

During handling of the above exception, another exception occurred:
tests/semantic/test_semantics.py:161: in test_semantics
    res = await invoke_method_evm_calldata(starknet, contract_address, argument)
../../../warp_dev/lib/python3.7/site-packages/sol_warp-0.2.12-py3.7.egg/yul/starknet_utils.py:30: in invoke_method_evm_calldata
    caller_address=0,
../../../warp_dev/lib/python3.7/site-packages/cairo_lang-0.6.2-py3.7.egg/starkware/starknet/testing/state.py:153: in invoke_raw
    state=state_copy, general_config=self.general_config
../../../warp_dev/lib/python3.7/site-packages/cairo_lang-0.6.2-py3.7.egg/starkware/starknet/business_logic/internal_transaction_interface.py:213: in apply_state_updates
    state=state_to_update, general_config=general_config
../../../warp_dev/lib/python3.7/site-packages/cairo_lang-0.6.2-py3.7.egg/starkware/starknet/business_logic/internal_transaction.py:405: in _apply_specific_state_updates
    func=_synchronous_apply_specific_state_updates,
/usr/lib/python3.7/concurrent/futures/thread.py:57: in run
    result = self.fn(*self.args, **self.kwargs)
../../../warp_dev/lib/python3.7/site-packages/cairo_lang-0.6.2-py3.7.egg/starkware/starknet/business_logic/internal_transaction.py:433: in _synchronous_apply_specific_state_updates
    run_resources=run_resources,
../../../warp_dev/lib/python3.7/site-packages/cairo_lang-0.6.2-py3.7.egg/starkware/starknet/business_logic/internal_transaction.py:559: in _run
    raise StarkException(code=code, message=str(exception))
E   starkware.starkware_utils.error_handling.StarkException: (500, {'code': <StarknetErrorCode.OUT_OF_RESOURCES: 26>, 'message': '/home/greg/warp_dev/lib/python3.7/site-packages/cairo_lang-0.6.2-py3.7.egg/starkware/cairo/common/math_cmp.cairo:38:5: Error at pc=0:316:\nError: End of program was not reached\n    return is_nn(b - a)\n    ^*****************^'})
------------------------------------------------------------------------------------------------------------------- Captured stderr call -------------------------------------------------------------------------------------------------------------------
Warning: SPDX license identifier not provided in source file. Before publishing, consider adding a comment containing "SPDX-License-Identifier: <SPDX-License>" to each source file. Use "SPDX-License-Identifier: UNLICENSED" for non-open-source code. Please see https://spdx.org for more information.
--> tests/semantic/solidity/test/libsolidity/semanticTests/getters/mapping_of_string_marked.sol

Warning: SPDX license identifier not provided in source file. Before publishing, consider adding a comment containing "SPDX-License-Identifier: <SPDX-License>" to each source file. Use "SPDX-License-Identifier: UNLICENSED" for non-open-source code. Please see https://spdx.org for more information.
--> tests/semantic/solidity/test/libsolidity/semanticTests/getters/mapping_marked.sol

Warning: SPDX license identifier not provided in source file. Before publishing, consider adding a comment containing "SPDX-License-Identifier: <SPDX-License>" to each source file. Use "SPDX-License-Identifier: UNLICENSED" for non-open-source code. Please see https://spdx.org for more information.
--> tests/semantic/solidity/test/libsolidity/semanticTests/getters/array_mapping_struct_marked.sol

___________________________________________________________ test_semantics[/home/greg/dev/nethermind/warp/tests/semantic/solidity/test/libsolidity/semanticTests/getters/mapping_of_string.sol] ____________________________________________________________
../../../warp_dev/lib/python3.7/site-packages/cairo_lang-0.6.2-py3.7.egg/starkware/cairo/lang/compiler/preprocessor/preprocessor.py:365: in search_identifier
    result = self.identifiers.search(self.accessible_scopes, ScopedName.from_string(name))
../../../warp_dev/lib/python3.7/site-packages/cairo_lang-0.6.2-py3.7.egg/starkware/cairo/lang/compiler/identifier_manager.py:225: in search
    res = self._search(accessible_scopes=accessible_scopes, name=name, get_scope=False)
../../../warp_dev/lib/python3.7/site-packages/cairo_lang-0.6.2-py3.7.egg/starkware/cairo/lang/compiler/identifier_manager.py:217: in _search
    raise MissingIdentifierError(name[:1])
E   starkware.cairo.lang.compiler.identifier_manager.MissingIdentifierError: Unknown identifier 'bitwise_ptr'.

During handling of the above exception, another exception occurred:
tests/semantic/test_semantics.py:135: in test_semantics
    contract_definition = await starknet_compile(cairo_file_path)
tests/semantic/test_semantics.py:71: in starknet_compile
    [contract_file], debug_info=True, cairo_path=[cairo_path]
../../../warp_dev/lib/python3.7/site-packages/cairo_lang-0.6.2-py3.7.egg/starkware/starknet/compiler/compile.py:107: in compile_starknet_files
    cairo_path=cairo_path,
../../../warp_dev/lib/python3.7/site-packages/cairo_lang-0.6.2-py3.7.egg/starkware/starknet/compiler/compile.py:128: in compile_starknet_codes
    code=codes, debug_info=debug_info, pass_manager=pass_manager
../../../warp_dev/lib/python3.7/site-packages/cairo_lang-0.6.2-py3.7.egg/starkware/cairo/lang/compiler/cairo_compile.py:230: in compile_cairo_ex
    codes=codes_with_filenames, pass_manager=pass_manager, main_scope=main_scope
../../../warp_dev/lib/python3.7/site-packages/cairo_lang-0.6.2-py3.7.egg/starkware/cairo/lang/compiler/preprocessor/preprocess_codes.py:24: in preprocess_codes
    pass_manager.run(context)
../../../warp_dev/lib/python3.7/site-packages/cairo_lang-0.6.2-py3.7.egg/starkware/cairo/lang/compiler/preprocessor/pass_manager.py:53: in run
    stage.run(context)
../../../warp_dev/lib/python3.7/site-packages/cairo_lang-0.6.2-py3.7.egg/starkware/cairo/lang/compiler/preprocessor/default_pass_manager.py:89: in run
    preprocessor.visit(module)
../../../warp_dev/lib/python3.7/site-packages/cairo_lang-0.6.2-py3.7.egg/starkware/cairo/lang/compiler/ast/visitor.py:40: in visit
    return getattr(self, f"visit_{type(obj).__name__}", self._visit_default)(obj)
../../../warp_dev/lib/python3.7/site-packages/cairo_lang-0.6.2-py3.7.egg/starkware/cairo/lang/compiler/preprocessor/preprocessor.py:427: in visit_CairoModule
    super().visit_CairoModule(module)
../../../warp_dev/lib/python3.7/site-packages/cairo_lang-0.6.2-py3.7.egg/starkware/cairo/lang/compiler/ast/visitor.py:63: in visit_CairoModule
    cairo_file=CairoFile(code_block=self.visit(module.cairo_file.code_block)),
../../../warp_dev/lib/python3.7/site-packages/cairo_lang-0.6.2-py3.7.egg/starkware/cairo/lang/compiler/ast/visitor.py:40: in visit
    return getattr(self, f"visit_{type(obj).__name__}", self._visit_default)(obj)
../../../warp_dev/lib/python3.7/site-packages/cairo_lang-0.6.2-py3.7.egg/starkware/cairo/lang/compiler/preprocessor/preprocessor.py:415: in visit_CodeBlock
    self.visit_uncommented_code_block([x.code_elm for x in code_block.code_elements])
../../../warp_dev/lib/python3.7/site-packages/cairo_lang-0.6.2-py3.7.egg/starkware/cairo/lang/compiler/preprocessor/preprocessor.py:397: in visit_uncommented_code_block
    self.visit(elm)
../../../warp_dev/lib/python3.7/site-packages/cairo_lang-0.6.2-py3.7.egg/starkware/cairo/lang/compiler/ast/visitor.py:40: in visit
    return getattr(self, f"visit_{type(obj).__name__}", self._visit_default)(obj)
../../../warp_dev/lib/python3.7/site-packages/cairo_lang-0.6.2-py3.7.egg/starkware/starknet/compiler/starknet_preprocessor.py:172: in visit_CodeElementFunction
    super().visit_CodeElementFunction(elm)
../../../warp_dev/lib/python3.7/site-packages/cairo_lang-0.6.2-py3.7.egg/starkware/cairo/lang/compiler/preprocessor/preprocessor.py:615: in visit_CodeElementFunction
    code_block=elm.code_block, location=elm.identifier.location
../../../warp_dev/lib/python3.7/site-packages/cairo_lang-0.6.2-py3.7.egg/starkware/cairo/lang/compiler/preprocessor/preprocessor.py:671: in visit_function_body_with_retries
    self.visit_uncommented_code_block(code_elements)
../../../warp_dev/lib/python3.7/site-packages/cairo_lang-0.6.2-py3.7.egg/starkware/cairo/lang/compiler/preprocessor/preprocessor.py:397: in visit_uncommented_code_block
    self.visit(elm)
../../../warp_dev/lib/python3.7/site-packages/cairo_lang-0.6.2-py3.7.egg/starkware/cairo/lang/compiler/ast/visitor.py:40: in visit
    return getattr(self, f"visit_{type(obj).__name__}", self._visit_default)(obj)
../../../warp_dev/lib/python3.7/site-packages/cairo_lang-0.6.2-py3.7.egg/starkware/cairo/lang/compiler/preprocessor/preprocessor.py:1757: in visit_CodeElementUnpackBinding
    self.visit(CodeElementFuncCall(func_call=elm.rvalue))
../../../warp_dev/lib/python3.7/site-packages/cairo_lang-0.6.2-py3.7.egg/starkware/cairo/lang/compiler/ast/visitor.py:40: in visit
    return getattr(self, f"visit_{type(obj).__name__}", self._visit_default)(obj)
../../../warp_dev/lib/python3.7/site-packages/cairo_lang-0.6.2-py3.7.egg/starkware/cairo/lang/compiler/preprocessor/preprocessor.py:1616: in visit_CodeElementFuncCall
    location=elm.func_call.location,
../../../warp_dev/lib/python3.7/site-packages/cairo_lang-0.6.2-py3.7.egg/starkware/cairo/lang/compiler/preprocessor/preprocessor.py:1391: in push_arguments
    location=location,
../../../warp_dev/lib/python3.7/site-packages/cairo_lang-0.6.2-py3.7.egg/starkware/cairo/lang/compiler/preprocessor/preprocessor.py:1314: in process_implicit_arguments
    felt_expr_list = self.simplify_expr_to_felt_expr_list(expr, member_def.cairo_type)
../../../warp_dev/lib/python3.7/site-packages/cairo_lang-0.6.2-py3.7.egg/starkware/cairo/lang/compiler/preprocessor/preprocessor.py:2083: in simplify_expr_to_felt_expr_list
    expr, expr_type = self.simplify_expr(expr)
../../../warp_dev/lib/python3.7/site-packages/cairo_lang-0.6.2-py3.7.egg/starkware/cairo/lang/compiler/preprocessor/preprocessor.py:2054: in simplify_expr
    resolve_type_callback=self.resolve_type,
../../../warp_dev/lib/python3.7/site-packages/cairo_lang-0.6.2-py3.7.egg/starkware/cairo/lang/compiler/substitute_identifiers.py:113: in substitute_identifiers
    ).visit(expr)
../../../warp_dev/lib/python3.7/site-packages/cairo_lang-0.6.2-py3.7.egg/starkware/cairo/lang/compiler/expression_transformer.py:47: in visit
    return getattr(self, funcname)(expr)
../../../warp_dev/lib/python3.7/site-packages/cairo_lang-0.6.2-py3.7.egg/starkware/cairo/lang/compiler/substitute_identifiers.py:38: in visit_ExprIdentifier
    val = self.get_identifier_callback(expr)
../../../warp_dev/lib/python3.7/site-packages/cairo_lang-0.6.2-py3.7.egg/starkware/cairo/lang/compiler/preprocessor/preprocessor.py:2185: in get_variable
    identifier_definition = self.search_identifier(var.name, var.location)
../../../warp_dev/lib/python3.7/site-packages/cairo_lang-0.6.2-py3.7.egg/starkware/cairo/lang/compiler/preprocessor/preprocessor.py:368: in search_identifier
    raise PreprocessorError(str(exc), location=location)
E   starkware.cairo.lang.compiler.preprocessor.preprocessor_error.PreprocessorError: /home/greg/dev/nethermind/warp/warp/cairo-src/evm/hashing.cairo:14:20: While trying to retrieve the implicit argument 'bitwise_ptr' in:
E       let (memval) = array_create_from_memory(offset, size)
E                      ^************************************^
E   /home/greg/dev/nethermind/warp/warp/cairo-src/evm/array.cairo:16:53: Unknown identifier 'bitwise_ptr'.
E           memory_dict : DictAccess*, range_check_ptr, bitwise_ptr : BitwiseBuiltin*}(
E                                                       ^***************************^
----------------------------------------------------------------------------------------------------------------- Captured stderr teardown -----------------------------------------------------------------------------------------------------------------
Warning: SPDX license identifier not provided in source file. Before publishing, consider adding a comment containing "SPDX-License-Identifier: <SPDX-License>" to each source file. Use "SPDX-License-Identifier: UNLICENSED" for non-open-source code. Please see https://spdx.org for more information.
--> tests/semantic/solidity/test/libsolidity/semanticTests/operators/compound_assign_marked.sol

________________________________________________ test_semantics[/home/greg/dev/nethermind/warp/tests/semantic/solidity/test/libsolidity/semanticTests/inlineAssembly/calldata_struct_assign_and_return.sol] ________________________________________________
../../../warp_dev/lib/python3.7/site-packages/cairo_lang-0.6.2-py3.7.egg/starkware/starknet/business_logic/internal_transaction.py:539: in _run
    verify_secure=True,
../../../warp_dev/lib/python3.7/site-packages/cairo_lang-0.6.2-py3.7.egg/starkware/cairo/common/cairo_function_runner.py:199: in run_from_entrypoint
    self.run_until_pc(addr=end, run_resources=run_resources)
../../../warp_dev/lib/python3.7/site-packages/cairo_lang-0.6.2-py3.7.egg/starkware/cairo/lang/vm/cairo_runner.py:284: in run_until_pc
    self.vm_step()
../../../warp_dev/lib/python3.7/site-packages/cairo_lang-0.6.2-py3.7.egg/starkware/cairo/lang/vm/cairo_runner.py:298: in vm_step
    self.vm.step()
../../../warp_dev/lib/python3.7/site-packages/cairo_lang-0.6.2-py3.7.egg/starkware/cairo/lang/vm/virtual_machine_base.py:255: in step
    self.run_instruction(instruction)
../../../warp_dev/lib/python3.7/site-packages/cairo_lang-0.6.2-py3.7.egg/starkware/cairo/lang/vm/vm_core.py:422: in run_instruction
    raise self.as_vm_exception(exc) from None
E   starkware.cairo.lang.vm.vm_exceptions.VmException: /home/greg/dev/nethermind/warp/tests/semantic/solidity/test/libsolidity/semanticTests/inlineAssembly/calldata_struct_assign_and_return.cairo.temp:86:9: Error at pc=0:2216:
E   An ASSERT_EQ instruction failed: 1 != 0.
E           assert 0 = 1
E           ^**********^
E   Cairo traceback (most recent call last):
E   /home/greg/dev/nethermind/warp/tests/semantic/solidity/test/libsolidity/semanticTests/inlineAssembly/calldata_struct_assign_and_return.cairo.temp:35:6: (pc=0:2118)
E   func __main{bitwise_ptr : BitwiseBuiltin*, range_check_ptr}(
E        ^****^
E   /home/greg/dev/nethermind/warp/tests/semantic/solidity/test/libsolidity/semanticTests/inlineAssembly/calldata_struct_assign_and_return.cairo.temp:48:9: (pc=0:2063)
E           __main_meat()
E           ^***********^
E   /home/greg/dev/nethermind/warp/tests/semantic/solidity/test/libsolidity/semanticTests/inlineAssembly/calldata_struct_assign_and_return.cairo.temp:299:5: (pc=0:2980)
E       __warp_if_0(__warp_subexpr_0)
E       ^***************************^
E   /home/greg/dev/nethermind/warp/tests/semantic/solidity/test/libsolidity/semanticTests/inlineAssembly/calldata_struct_assign_and_return.cairo.temp:284:9: (pc=0:2936)
E           __warp_block_0()
E           ^**************^
E   /home/greg/dev/nethermind/warp/tests/semantic/solidity/test/libsolidity/semanticTests/inlineAssembly/calldata_struct_assign_and_return.cairo.temp:275:5: (pc=0:2915)
E       __warp_block_1(match_var)
E       ^***********************^
E   /home/greg/dev/nethermind/warp/tests/semantic/solidity/test/libsolidity/semanticTests/inlineAssembly/calldata_struct_assign_and_return.cairo.temp:265:5: (pc=0:2882)
E       __warp_if_1(__warp_subexpr_0, match_var)
E       ^**************************************^
E   /home/greg/dev/nethermind/warp/tests/semantic/solidity/test/libsolidity/semanticTests/inlineAssembly/calldata_struct_assign_and_return.cairo.temp:255:9: (pc=0:2849)
E           __warp_block_3(match_var)
E           ^***********************^
E   /home/greg/dev/nethermind/warp/tests/semantic/solidity/test/libsolidity/semanticTests/inlineAssembly/calldata_struct_assign_and_return.cairo.temp:242:5: (pc=0:2833)
E       __warp_if_2(__warp_subexpr_0, match_var)
E       ^**************************************^
E   /home/greg/dev/nethermind/warp/tests/semantic/solidity/test/libsolidity/semanticTests/inlineAssembly/calldata_struct_assign_and_return.cairo.temp:229:9: (pc=0:2809)
E           __warp_block_4()
E           ^**************^
E   /home/greg/dev/nethermind/warp/tests/semantic/solidity/test/libsolidity/semanticTests/inlineAssembly/calldata_struct_assign_and_return.cairo.temp:178:5: (pc=0:2613)
E       validator_revert_int8(value)
E       ^**************************^

During handling of the above exception, another exception occurred:
tests/semantic/test_semantics.py:161: in test_semantics
    res = await invoke_method_evm_calldata(starknet, contract_address, argument)
../../../warp_dev/lib/python3.7/site-packages/sol_warp-0.2.12-py3.7.egg/yul/starknet_utils.py:30: in invoke_method_evm_calldata
    caller_address=0,
../../../warp_dev/lib/python3.7/site-packages/cairo_lang-0.6.2-py3.7.egg/starkware/starknet/testing/state.py:153: in invoke_raw
    state=state_copy, general_config=self.general_config
../../../warp_dev/lib/python3.7/site-packages/cairo_lang-0.6.2-py3.7.egg/starkware/starknet/business_logic/internal_transaction_interface.py:213: in apply_state_updates
    state=state_to_update, general_config=general_config
../../../warp_dev/lib/python3.7/site-packages/cairo_lang-0.6.2-py3.7.egg/starkware/starknet/business_logic/internal_transaction.py:405: in _apply_specific_state_updates
    func=_synchronous_apply_specific_state_updates,
/usr/lib/python3.7/concurrent/futures/thread.py:57: in run
    result = self.fn(*self.args, **self.kwargs)
../../../warp_dev/lib/python3.7/site-packages/cairo_lang-0.6.2-py3.7.egg/starkware/starknet/business_logic/internal_transaction.py:433: in _synchronous_apply_specific_state_updates
    run_resources=run_resources,
../../../warp_dev/lib/python3.7/site-packages/cairo_lang-0.6.2-py3.7.egg/starkware/starknet/business_logic/internal_transaction.py:559: in _run
    raise StarkException(code=code, message=str(exception))
E   starkware.starkware_utils.error_handling.StarkException: (500, {'code': <StarknetErrorCode.TRANSACTION_FAILED: 28>, 'message': '/home/greg/dev/nethermind/warp/tests/semantic/solidity/test/libsolidity/semanticTests/inlineAssembly/calldata_struct_assign_and_return.cairo.temp:86:9: Error at pc=0:2216:\nAn ASSERT_EQ instruction failed: 1 != 0.\n        assert 0 = 1\n        ^**********^\nCairo traceback (most recent call last):\n/home/greg/dev/nethermind/warp/tests/semantic/solidity/test/libsolidity/semanticTests/inlineAssembly/calldata_struct_assign_and_return.cairo.temp:35:6: (pc=0:2118)\nfunc __main{bitwise_ptr : BitwiseBuiltin*, range_check_ptr}(\n     ^****^\n/home/greg/dev/nethermind/warp/tests/semantic/solidity/test/libsolidity/semanticTests/inlineAssembly/calldata_struct_assign_and_return.cairo.temp:48:9: (pc=0:2063)\n        __main_meat()\n        ^***********^\n/home/greg/dev/nethermind/warp/tests/semantic/solidity/test/libsolidity/semanticTests/inlineAssembly/calldata_struct_assign_and_return.cairo.temp:299:5: (pc=0:2980)\n    __warp_if_0(__warp_subexpr_0)\n    ^***************************^\n/home/greg/dev/nethermind/warp/tests/semantic/solidity/test/libsolidity/semanticTests/inlineAssembly/calldata_struct_assign_and_return.cairo.temp:284:9: (pc=0:2936)\n        __warp_block_0()\n        ^**************^\n/home/greg/dev/nethermind/warp/tests/semantic/solidity/test/libsolidity/semanticTests/inlineAssembly/calldata_struct_assign_and_return.cairo.temp:275:5: (pc=0:2915)\n    __warp_block_1(match_var)\n    ^***********************^\n/home/greg/dev/nethermind/warp/tests/semantic/solidity/test/libsolidity/semanticTests/inlineAssembly/calldata_struct_assign_and_return.cairo.temp:265:5: (pc=0:2882)\n    __warp_if_1(__warp_subexpr_0, match_var)\n    ^**************************************^\n/home/greg/dev/nethermind/warp/tests/semantic/solidity/test/libsolidity/semanticTests/inlineAssembly/calldata_struct_assign_and_return.cairo.temp:255:9: (pc=0:2849)\n        __warp_block_3(match_var)\n        ^***********************^\n/home/greg/dev/nethermind/warp/tests/semantic/solidity/test/libsolidity/semanticTests/inlineAssembly/calldata_struct_assign_and_return.cairo.temp:242:5: (pc=0:2833)\n    __warp_if_2(__warp_subexpr_0, match_var)\n    ^**************************************^\n/home/greg/dev/nethermind/warp/tests/semantic/solidity/test/libsolidity/semanticTests/inlineAssembly/calldata_struct_assign_and_return.cairo.temp:229:9: (pc=0:2809)\n        __warp_block_4()\n        ^**************^\n/home/greg/dev/nethermind/warp/tests/semantic/solidity/test/libsolidity/semanticTests/inlineAssembly/calldata_struct_assign_and_return.cairo.temp:178:5: (pc=0:2613)\n    validator_revert_int8(value)\n    ^**************************^'})
------------------------------------------------------------------------------------------------------------------- Captured stdout call -------------------------------------------------------------------------------------------------------------------
{'callData': '0x97842cce00000000000000000000000000000000000000000000000000000000000000010000000000000000000000000000000000000000000000000000000000000002', 'expectations': '0x0000000000000000000000000000000000000000000000000000000000000003', 'failure': False, 'signature': 'x(uint256,uint256)'}
{'callData': '0xe2179b8e0000000000000000000000000000000000000000000000000000000000caffee00000000000000000000000000000000000000000000000000000000000000420000000000000000000000000000000000000000000000000000000000000021', 'expectations': '0x00000000000000000000000000000000000000000000000000000000000000420000000000000000000000000000000000000000000000000000000000000021', 'failure': False, 'signature': 'g()'}
{'callData': '0x97842cce00000000000000000000000000000000000000000000000000000000000000000000000000000000000000000000000000000000000000000000000000000000', 'expectations': '0x0000000000000000000000000000000000000000000000000000000000000000', 'failure': False, 'signature': 'x(uint256,uint256)'}
------------------------------------------------------------------------------------------------------------------- Captured stderr call -------------------------------------------------------------------------------------------------------------------
Warning: SPDX license identifier not provided in source file. Before publishing, consider adding a comment containing "SPDX-License-Identifier: <SPDX-License>" to each source file. Use "SPDX-License-Identifier: UNLICENSED" for non-open-source code. Please see https://spdx.org for more information.
--> tests/semantic/solidity/test/libsolidity/semanticTests/operators/shifts/shifts_marked.sol

Warning: Function state mutability can be restricted to pure
 --> tests/semantic/solidity/test/libsolidity/semanticTests/operators/shifts/shifts_marked.sol:3:5:
  |
3 |     function f(uint x) public returns (uint y) {
  |     ^ (Relevant source part starts here and spans across multiple lines).

___________________________________________________________ test_semantics[/home/greg/dev/nethermind/warp/tests/semantic/solidity/test/libsolidity/semanticTests/getters/mapping_to_struct.sol] ____________________________________________________________
FAILURE: /home/greg/dev/nethermind/warp/tests/semantic/solidity/test/libsolidity/semanticTests/getters/mapping_to_struct.cairo.temp
assert '0x0000000000...0000000000006' == '0x0000000000...0000000000006'
  - 0x0000000000000000000000000000000000000000000000000000000000000003000000000000000000000000000000000000000000000000000000000000000400000000000000000000000000000000000000000000000000000000000000050000000000000000000000000000000000000000000000000000000000000006
  + 0x00000000000000000000000000000000000000000000000000000000000000fd000000000000000000000000000000000000000000000000000000000000fffc00000000000000000000000000000000fffffffffffffffffffffffffffffffb0000000000000000000000000000000000000000000000000000000000000006
tests/semantic/test_semantics.py:173 in test_semantics() -> check.equal(final_res, expected_result, cairo_file_path)
------------------------------------------------------------
Failed Checks: 1
------------------------------------------------------------------------------------------------------------------- Captured stdout call -------------------------------------------------------------------------------------------------------------------
{'callData': '0x97842cce00000000000000000000000000000000000000000000000000000000000000010000000000000000000000000000000000000000000000000000000000000002', 'expectations': '0x0000000000000000000000000000000000000000000000000000000000000003000000000000000000000000000000000000000000000000000000000000000400000000000000000000000000000000000000000000000000000000000000050000000000000000000000000000000000000000000000000000000000000006', 'failure': False, 'signature': 'x(uint256,uint256)'}
{'callData': '0x97842cce00000000000000000000000000000000000000000000000000000000000000000000000000000000000000000000000000000000000000000000000000000000', 'expectations': '0x0000000000000000000000000000000000000000000000000000000000000000000000000000000000000000000000000000000000000000000000000000000000000000000000000000000000000000000000000000000000000000000000000000000000000000000000000000000000000000000000000000000000000000', 'failure': False, 'signature': 'x(uint256,uint256)'}
{'callData': '0x1ea7034100000000000000000000000000000000000000000000000000000000000000660000000000000000000000000000000000000000000000000000000000000000', 'expectations': '0x0000000000000000000000000000000000000000000000000000000000000066', 'failure': False, 'signature': 'f(uint8,uint8)'}
------------------------------------------------------------------------------------------------------------------- Captured stderr call -------------------------------------------------------------------------------------------------------------------
Warning: SPDX license identifier not provided in source file. Before publishing, consider adding a comment containing "SPDX-License-Identifier: <SPDX-License>" to each source file. Use "SPDX-License-Identifier: UNLICENSED" for non-open-source code. Please see https://spdx.org for more information.
--> tests/semantic/solidity/test/libsolidity/semanticTests/operators/shifts/shift_right_marked.sol

Warning: Function state mutability can be restricted to pure
 --> tests/semantic/solidity/test/libsolidity/semanticTests/operators/shifts/shift_right_marked.sol:3:5:
  |
3 |     function f(uint256 a, uint256 b) public returns (uint256) {
  |     ^ (Relevant source part starts here and spans across multiple lines).

Warning: SPDX license identifier not provided in source file. Before publishing, consider adding a comment containing "SPDX-License-Identifier: <SPDX-License>" to each source file. Use "SPDX-License-Identifier: UNLICENSED" for non-open-source code. Please see https://spdx.org for more information.
--> tests/semantic/solidity/test/libsolidity/semanticTests/operators/shifts/shift_constant_right_assignment_marked.sol

Warning: Function state mutability can be restricted to pure
 --> tests/semantic/solidity/test/libsolidity/semanticTests/operators/shifts/shift_constant_right_assignment_marked.sol:3:5:
  |
3 |     function f() public returns (uint256 a) {
  |     ^ (Relevant source part starts here and spans across multiple lines).

_________________________________________________________________ test_semantics[/home/greg/dev/nethermind/warp/tests/semantic/solidity/test/libsolidity/semanticTests/getters/arrays.sol] _________________________________________________________________
FAILURE: /home/greg/dev/nethermind/warp/tests/semantic/solidity/test/libsolidity/semanticTests/getters/arrays.cairo.temp
assert '0x0000000000...00000000000fd' == '0x0000000000...0000000000003'
  - 0x0000000000000000000000000000000000000000000000000000000000000003
  ?                                                                 ^^
  + 0x00000000000000000000000000000000000000000000000000000000000000fd
  ?                                                                 ^^
tests/semantic/test_semantics.py:173 in test_semantics() -> check.equal(final_res, expected_result, cairo_file_path)
FAILURE: /home/greg/dev/nethermind/warp/tests/semantic/solidity/test/libsolidity/semanticTests/getters/arrays.cairo.temp
assert '0x0000000000...00000000000fc' == '0x0000000000...0000000000004'
  - 0x0000000000000000000000000000000000000000000000000000000000000004
  ?                                                                 ^^
  + 0x00000000000000000000000000000000000000000000000000000000000000fc
  ?                                                                 ^^
tests/semantic/test_semantics.py:173 in test_semantics() -> check.equal(final_res, expected_result, cairo_file_path)
------------------------------------------------------------
Failed Checks: 2
------------------------------------------------------------------------------------------------------------------- Captured stdout call -------------------------------------------------------------------------------------------------------------------
{'callData': '0x773d45e000000000000000000000000000000000000000000000000000000000000000000000000000000000000000000000000000000000000000000000000000000000', 'expectations': '0x', 'failure': True, 'signature': 'a(uint256,uint256)'}
{'callData': '0x773d45e000000000000000000000000000000000000000000000000000000000000000010000000000000000000000000000000000000000000000000000000000000000', 'expectations': '0x0000000000000000000000000000000000000000000000000000000000000003', 'failure': False, 'signature': 'a(uint256,uint256)'}
{'callData': '0x711a8854ffffffffffffffffffffffffffffffffffffffffffffffffffffffffffffef560000000000000000000000000000000000000000000000000000000000000000', 'expectations': '0xffffffffffffffffffffffffffffffffffffffffffffffffffffffffffffef56', 'failure': False, 'signature': 'f(int256,uint256)'}
{'callData': '0x773d45e000000000000000000000000000000000000000000000000000000000000000010000000000000000000000000000000000000000000000000000000000000001', 'expectations': '0x0000000000000000000000000000000000000000000000000000000000000004', 'failure': False, 'signature': 'a(uint256,uint256)'}
{'callData': '0x1ea7034100000000000000000000000000000000000000000000000000000000000000660000000000000000000000000000000000000000000000000000000000000000', 'expectations': '0x0000000000000000000000000000000000000000000000000000000000000066', 'failure': False, 'signature': 'f(uint8,uint8)'}
{'callData': '0x711a8854ffffffffffffffffffffffffffffffffffffffffffffffffffffffffffffef560000000000000000000000000000000000000000000000000000000000000001', 'expectations': '0xfffffffffffffffffffffffffffffffffffffffffffffffffffffffffffff7ab', 'failure': False, 'signature': 'f(int256,uint256)'}
{'callData': '0x1ea7034100000000000000000000000000000000000000000000000000000000000000660000000000000000000000000000000000000000000000000000000000000008', 'expectations': '0x0000000000000000000000000000000000000000000000000000000000000000', 'failure': False, 'signature': 'f(uint8,uint8)'}
{'callData': '0x773d45e000000000000000000000000000000000000000000000000000000000000000020000000000000000000000000000000000000000000000000000000000000000', 'expectations': '0x', 'failure': True, 'signature': 'a(uint256,uint256)'}
------------------------------------------------------------------------------------------------------------------- Captured stderr call -------------------------------------------------------------------------------------------------------------------
Warning: SPDX license identifier not provided in source file. Before publishing, consider adding a comment containing "SPDX-License-Identifier: <SPDX-License>" to each source file. Use "SPDX-License-Identifier: UNLICENSED" for non-open-source code. Please see https://spdx.org for more information.
--> tests/semantic/solidity/test/libsolidity/semanticTests/operators/shifts/shift_right_negative_lvalue_signextend_int8_v2_marked.sol

Warning: Function state mutability can be restricted to pure
 --> tests/semantic/solidity/test/libsolidity/semanticTests/operators/shifts/shift_right_negative_lvalue_signextend_int8_v2_marked.sol:4:5:
  |
4 |     function f(int8 a, uint8 b) public returns (int8) {
  |     ^ (Relevant source part starts here and spans across multiple lines).

Warning: SPDX license identifier not provided in source file. Before publishing, consider adding a comment containing "SPDX-License-Identifier: <SPDX-License>" to each source file. Use "SPDX-License-Identifier: UNLICENSED" for non-open-source code. Please see https://spdx.org for more information.
--> tests/semantic/solidity/test/libsolidity/semanticTests/operators/shifts/shift_cleanup_garbled_marked.sol

Warning: Function state mutability can be restricted to pure
 --> tests/semantic/solidity/test/libsolidity/semanticTests/operators/shifts/shift_cleanup_garbled_marked.sol:3:5:
  |
3 |     function f() public returns (uint8 x) {
  |     ^ (Relevant source part starts here and spans across multiple lines).

____________________________________________ test_semantics[/home/greg/dev/nethermind/warp/tests/semantic/solidity/test/libsolidity/semanticTests/operators/shifts/shift_right_negative_lvalue_assignment.sol] _____________________________________________
FAILURE: /home/greg/dev/nethermind/warp/tests/semantic/solidity/test/libsolidity/semanticTests/operators/shifts/shift_right_negative_lvalue_assignment.cairo.temp
assert '0x0000000000...0000000000000' == '0xffffffffff...fffffffffef56'
  - 0xffffffffffffffffffffffffffffffffffffffffffffffffffffffffffffef56
  + 0x0000000000000000000000000000000000000000000000000000000000000000
tests/semantic/test_semantics.py:173 in test_semantics() -> check.equal(final_res, expected_result, cairo_file_path)
FAILURE: /home/greg/dev/nethermind/warp/tests/semantic/solidity/test/libsolidity/semanticTests/operators/shifts/shift_right_negative_lvalue_assignment.cairo.temp
assert '0x0000000000...0000000000000' == '0xffffffffff...ffffffffff7ab'
  - 0xfffffffffffffffffffffffffffffffffffffffffffffffffffffffffffff7ab
  + 0x0000000000000000000000000000000000000000000000000000000000000000
tests/semantic/test_semantics.py:173 in test_semantics() -> check.equal(final_res, expected_result, cairo_file_path)
FAILURE: /home/greg/dev/nethermind/warp/tests/semantic/solidity/test/libsolidity/semanticTests/operators/shifts/shift_right_negative_lvalue_assignment.cairo.temp
assert '0x0000000000...0000000000000' == '0xffffffffff...ffffffffffef5'
  - 0xfffffffffffffffffffffffffffffffffffffffffffffffffffffffffffffef5
  + 0x0000000000000000000000000000000000000000000000000000000000000000
tests/semantic/test_semantics.py:173 in test_semantics() -> check.equal(final_res, expected_result, cairo_file_path)
FAILURE: /home/greg/dev/nethermind/warp/tests/semantic/solidity/test/libsolidity/semanticTests/operators/shifts/shift_right_negative_lvalue_assignment.cairo.temp
assert '0x0000000000...0000000000000' == '0xffffffffff...fffffffffffef'
  - 0xffffffffffffffffffffffffffffffffffffffffffffffffffffffffffffffef
  + 0x0000000000000000000000000000000000000000000000000000000000000000
tests/semantic/test_semantics.py:173 in test_semantics() -> check.equal(final_res, expected_result, cairo_file_path)
FAILURE: /home/greg/dev/nethermind/warp/tests/semantic/solidity/test/libsolidity/semanticTests/operators/shifts/shift_right_negative_lvalue_assignment.cairo.temp
assert '0x0000000000...0000000000000' == '0xffffffffff...fffffffffffff'
  - 0xffffffffffffffffffffffffffffffffffffffffffffffffffffffffffffffff
  + 0x0000000000000000000000000000000000000000000000000000000000000000
tests/semantic/test_semantics.py:173 in test_semantics() -> check.equal(final_res, expected_result, cairo_file_path)
FAILURE: /home/greg/dev/nethermind/warp/tests/semantic/solidity/test/libsolidity/semanticTests/operators/shifts/shift_right_negative_lvalue_assignment.cairo.temp
assert '0x0000000000...0000000000000' == '0xffffffffff...fffffffffffff'
  - 0xffffffffffffffffffffffffffffffffffffffffffffffffffffffffffffffff
  + 0x0000000000000000000000000000000000000000000000000000000000000000
tests/semantic/test_semantics.py:173 in test_semantics() -> check.equal(final_res, expected_result, cairo_file_path)
FAILURE: /home/greg/dev/nethermind/warp/tests/semantic/solidity/test/libsolidity/semanticTests/operators/shifts/shift_right_negative_lvalue_assignment.cairo.temp
assert '0x0000000000...0000000000000' == '0xffffffffff...fffffffffef55'
  - 0xffffffffffffffffffffffffffffffffffffffffffffffffffffffffffffef55
  + 0x0000000000000000000000000000000000000000000000000000000000000000
tests/semantic/test_semantics.py:173 in test_semantics() -> check.equal(final_res, expected_result, cairo_file_path)
FAILURE: /home/greg/dev/nethermind/warp/tests/semantic/solidity/test/libsolidity/semanticTests/operators/shifts/shift_right_negative_lvalue_assignment.cairo.temp
assert '0x0000000000...0000000000000' == '0xffffffffff...ffffffffff7aa'
  - 0xfffffffffffffffffffffffffffffffffffffffffffffffffffffffffffff7aa
  + 0x0000000000000000000000000000000000000000000000000000000000000000
tests/semantic/test_semantics.py:173 in test_semantics() -> check.equal(final_res, expected_result, cairo_file_path)
FAILURE: /home/greg/dev/nethermind/warp/tests/semantic/solidity/test/libsolidity/semanticTests/operators/shifts/shift_right_negative_lvalue_assignment.cairo.temp
assert '0x0000000000...0000000000000' == '0xffffffffff...ffffffffffef5'
  - 0xfffffffffffffffffffffffffffffffffffffffffffffffffffffffffffffef5
  + 0x0000000000000000000000000000000000000000000000000000000000000000
tests/semantic/test_semantics.py:173 in test_semantics() -> check.equal(final_res, expected_result, cairo_file_path)
FAILURE: /home/greg/dev/nethermind/warp/tests/semantic/solidity/test/libsolidity/semanticTests/operators/shifts/shift_right_negative_lvalue_assignment.cairo.temp
assert '0x0000000000...0000000000000' == '0xffffffffff...fffffffffffef'
  - 0xffffffffffffffffffffffffffffffffffffffffffffffffffffffffffffffef
  + 0x0000000000000000000000000000000000000000000000000000000000000000
tests/semantic/test_semantics.py:173 in test_semantics() -> check.equal(final_res, expected_result, cairo_file_path)
FAILURE: /home/greg/dev/nethermind/warp/tests/semantic/solidity/test/libsolidity/semanticTests/operators/shifts/shift_right_negative_lvalue_assignment.cairo.temp
assert '0x0000000000...0000000000000' == '0xffffffffff...fffffffffffff'
  - 0xffffffffffffffffffffffffffffffffffffffffffffffffffffffffffffffff
  + 0x0000000000000000000000000000000000000000000000000000000000000000
tests/semantic/test_semantics.py:173 in test_semantics() -> check.equal(final_res, expected_result, cairo_file_path)
FAILURE: /home/greg/dev/nethermind/warp/tests/semantic/solidity/test/libsolidity/semanticTests/operators/shifts/shift_right_negative_lvalue_assignment.cairo.temp
assert '0x0000000000...0000000000000' == '0xffffffffff...fffffffffffff'
  - 0xffffffffffffffffffffffffffffffffffffffffffffffffffffffffffffffff
  + 0x0000000000000000000000000000000000000000000000000000000000000000
tests/semantic/test_semantics.py:173 in test_semantics() -> check.equal(final_res, expected_result, cairo_file_path)
------------------------------------------------------------
Failed Checks: 12
_______________________________________________ test_semantics[/home/greg/dev/nethermind/warp/tests/semantic/solidity/test/libsolidity/semanticTests/operators/shifts/shift_right_negative_lvalue_int32.sol] _______________________________________________
../../../warp_dev/lib/python3.7/site-packages/cairo_lang-0.6.2-py3.7.egg/starkware/starknet/business_logic/internal_transaction.py:539: in _run
    verify_secure=True,
../../../warp_dev/lib/python3.7/site-packages/cairo_lang-0.6.2-py3.7.egg/starkware/cairo/common/cairo_function_runner.py:199: in run_from_entrypoint
    self.run_until_pc(addr=end, run_resources=run_resources)
../../../warp_dev/lib/python3.7/site-packages/cairo_lang-0.6.2-py3.7.egg/starkware/cairo/lang/vm/cairo_runner.py:284: in run_until_pc
    self.vm_step()
../../../warp_dev/lib/python3.7/site-packages/cairo_lang-0.6.2-py3.7.egg/starkware/cairo/lang/vm/cairo_runner.py:298: in vm_step
    self.vm.step()
../../../warp_dev/lib/python3.7/site-packages/cairo_lang-0.6.2-py3.7.egg/starkware/cairo/lang/vm/virtual_machine_base.py:255: in step
    self.run_instruction(instruction)
../../../warp_dev/lib/python3.7/site-packages/cairo_lang-0.6.2-py3.7.egg/starkware/cairo/lang/vm/vm_core.py:422: in run_instruction
    raise self.as_vm_exception(exc) from None
E   starkware.cairo.lang.vm.vm_exceptions.VmException: /home/greg/dev/nethermind/warp/tests/semantic/solidity/test/libsolidity/semanticTests/operators/shifts/shift_right_negative_lvalue_int32.cairo.temp:109:9: Error at pc=0:2196:
E   An ASSERT_EQ instruction failed: 1 != 0.
E           assert 0 = 1
E           ^**********^
E   Cairo traceback (most recent call last):
E   /home/greg/dev/nethermind/warp/tests/semantic/solidity/test/libsolidity/semanticTests/operators/shifts/shift_right_negative_lvalue_int32.cairo.temp:36:6: (pc=0:2006)
E   func __main{bitwise_ptr : BitwiseBuiltin*, range_check_ptr}(
E        ^****^
E   /home/greg/dev/nethermind/warp/tests/semantic/solidity/test/libsolidity/semanticTests/operators/shifts/shift_right_negative_lvalue_int32.cairo.temp:49:9: (pc=0:1951)
E           __main_meat()
E           ^***********^
E   /home/greg/dev/nethermind/warp/tests/semantic/solidity/test/libsolidity/semanticTests/operators/shifts/shift_right_negative_lvalue_int32.cairo.temp:173:5: (pc=0:2413)
E       __warp_if_0(__warp_subexpr_0)
E       ^***************************^
E   /home/greg/dev/nethermind/warp/tests/semantic/solidity/test/libsolidity/semanticTests/operators/shifts/shift_right_negative_lvalue_int32.cairo.temp:158:9: (pc=0:2369)
E           __warp_block_0()
E           ^**************^
E   /home/greg/dev/nethermind/warp/tests/semantic/solidity/test/libsolidity/semanticTests/operators/shifts/shift_right_negative_lvalue_int32.cairo.temp:149:5: (pc=0:2348)
E       __warp_if_1(__warp_subexpr_0)
E       ^***************************^
E   /home/greg/dev/nethermind/warp/tests/semantic/solidity/test/libsolidity/semanticTests/operators/shifts/shift_right_negative_lvalue_int32.cairo.temp:135:9: (pc=0:2305)
E           __warp_block_1()
E           ^**************^

During handling of the above exception, another exception occurred:
tests/semantic/test_semantics.py:161: in test_semantics
    res = await invoke_method_evm_calldata(starknet, contract_address, argument)
../../../warp_dev/lib/python3.7/site-packages/sol_warp-0.2.12-py3.7.egg/yul/starknet_utils.py:30: in invoke_method_evm_calldata
    caller_address=0,
../../../warp_dev/lib/python3.7/site-packages/cairo_lang-0.6.2-py3.7.egg/starkware/starknet/testing/state.py:153: in invoke_raw
    state=state_copy, general_config=self.general_config
../../../warp_dev/lib/python3.7/site-packages/cairo_lang-0.6.2-py3.7.egg/starkware/starknet/business_logic/internal_transaction_interface.py:213: in apply_state_updates
    state=state_to_update, general_config=general_config
../../../warp_dev/lib/python3.7/site-packages/cairo_lang-0.6.2-py3.7.egg/starkware/starknet/business_logic/internal_transaction.py:405: in _apply_specific_state_updates
    func=_synchronous_apply_specific_state_updates,
/usr/lib/python3.7/concurrent/futures/thread.py:57: in run
    result = self.fn(*self.args, **self.kwargs)
../../../warp_dev/lib/python3.7/site-packages/cairo_lang-0.6.2-py3.7.egg/starkware/starknet/business_logic/internal_transaction.py:433: in _synchronous_apply_specific_state_updates
    run_resources=run_resources,
../../../warp_dev/lib/python3.7/site-packages/cairo_lang-0.6.2-py3.7.egg/starkware/starknet/business_logic/internal_transaction.py:559: in _run
    raise StarkException(code=code, message=str(exception))
E   starkware.starkware_utils.error_handling.StarkException: (500, {'code': <StarknetErrorCode.TRANSACTION_FAILED: 28>, 'message': '/home/greg/dev/nethermind/warp/tests/semantic/solidity/test/libsolidity/semanticTests/operators/shifts/shift_right_negative_lvalue_int32.cairo.temp:109:9: Error at pc=0:2196:\nAn ASSERT_EQ instruction failed: 1 != 0.\n        assert 0 = 1\n        ^**********^\nCairo traceback (most recent call last):\n/home/greg/dev/nethermind/warp/tests/semantic/solidity/test/libsolidity/semanticTests/operators/shifts/shift_right_negative_lvalue_int32.cairo.temp:36:6: (pc=0:2006)\nfunc __main{bitwise_ptr : BitwiseBuiltin*, range_check_ptr}(\n     ^****^\n/home/greg/dev/nethermind/warp/tests/semantic/solidity/test/libsolidity/semanticTests/operators/shifts/shift_right_negative_lvalue_int32.cairo.temp:49:9: (pc=0:1951)\n        __main_meat()\n        ^***********^\n/home/greg/dev/nethermind/warp/tests/semantic/solidity/test/libsolidity/semanticTests/operators/shifts/shift_right_negative_lvalue_int32.cairo.temp:173:5: (pc=0:2413)\n    __warp_if_0(__warp_subexpr_0)\n    ^***************************^\n/home/greg/dev/nethermind/warp/tests/semantic/solidity/test/libsolidity/semanticTests/operators/shifts/shift_right_negative_lvalue_int32.cairo.temp:158:9: (pc=0:2369)\n        __warp_block_0()\n        ^**************^\n/home/greg/dev/nethermind/warp/tests/semantic/solidity/test/libsolidity/semanticTests/operators/shifts/shift_right_negative_lvalue_int32.cairo.temp:149:5: (pc=0:2348)\n    __warp_if_1(__warp_subexpr_0)\n    ^***************************^\n/home/greg/dev/nethermind/warp/tests/semantic/solidity/test/libsolidity/semanticTests/operators/shifts/shift_right_negative_lvalue_int32.cairo.temp:135:9: (pc=0:2305)\n        __warp_block_1()\n        ^**************^'})
------------------------------------------------------------------------------------------------------------------- Captured stdout call -------------------------------------------------------------------------------------------------------------------
{'callData': '0xf2addbbaffffffffffffffffffffffffffffffffffffffffffffffffffffffffffffef560000000000000000000000000000000000000000000000000000000000000000', 'expectations': '0xffffffffffffffffffffffffffffffffffffffffffffffffffffffffffffef56', 'failure': False, 'signature': 'f(int32,uint32)'}
{'callData': '0xbfa7f4c70000000000000000000000000000000000000000000000000000000000000000', 'expectations': '0x0000000000000000000000000000000000000000000000000000000000000000', 'failure': False, 'signature': 'sar_large(uint256)'}
{'callData': '0xbfa7f4c77fffffffffffffffffffffffffffffffffffffffffffffffffffffffffffffff', 'expectations': '0x0000000000000000000000000000000000000000000000000000000000000000', 'failure': False, 'signature': 'sar_large(uint256)'}
___________________________________________ test_semantics[/home/greg/dev/nethermind/warp/tests/semantic/solidity/test/libsolidity/semanticTests/operators/shifts/bitwise_shifting_constantinople_combined.sol] ____________________________________________
FAILURE: /home/greg/dev/nethermind/warp/tests/semantic/solidity/test/libsolidity/semanticTests/operators/shifts/bitwise_shifting_constantinople_combined.cairo.temp
assert '0x0000000000...0000000000000' == '0xffffffffff...fffffffffffff'
  - 0xffffffffffffffffffffffffffffffffffffffffffffffffffffffffffffffff
  + 0x0000000000000000000000000000000000000000000000000000000000000000
tests/semantic/test_semantics.py:173 in test_semantics() -> check.equal(final_res, expected_result, cairo_file_path)
FAILURE: /home/greg/dev/nethermind/warp/tests/semantic/solidity/test/libsolidity/semanticTests/operators/shifts/bitwise_shifting_constantinople_combined.cairo.temp
assert '0x0000000000...0000000000110' == '0x0000000000...0000000000000'
  - 0x0000000000000000000000000000000000000000000000000000000000000000
  ?                                                                 --
  + 0x0000000000000000000000000000000000000000000000000000000000000110
  ?                                                                ++
tests/semantic/test_semantics.py:173 in test_semantics() -> check.equal(final_res, expected_result, cairo_file_path)
FAILURE: /home/greg/dev/nethermind/warp/tests/semantic/solidity/test/libsolidity/semanticTests/operators/shifts/bitwise_shifting_constantinople_combined.cairo.temp
assert '0x0000000000...0000000000000' == '0xffffffffff...fffffffffffff'
  - 0xffffffffffffffffffffffffffffffffffffffffffffffffffffffffffffffff
  + 0x0000000000000000000000000000000000000000000000000000000000000000
tests/semantic/test_semantics.py:173 in test_semantics() -> check.equal(final_res, expected_result, cairo_file_path)
FAILURE: /home/greg/dev/nethermind/warp/tests/semantic/solidity/test/libsolidity/semanticTests/operators/shifts/bitwise_shifting_constantinople_combined.cairo.temp
assert '0x0000000000...0000000000004' == '0x00007fffff...fffffffffffff'
  - 0x00007fffffffffffffffffffffffffffffffffffffffffffffffffffffffffff
  + 0x0000000000000000000000000000000000000000000000000000000000000004
tests/semantic/test_semantics.py:173 in test_semantics() -> check.equal(final_res, expected_result, cairo_file_path)
FAILURE: /home/greg/dev/nethermind/warp/tests/semantic/solidity/test/libsolidity/semanticTests/operators/shifts/bitwise_shifting_constantinople_combined.cairo.temp
assert '0x0000000000...0000000000004' == '0xffffffffff...fffffffffffff'
  - 0xffffffffffffffffffffffffffffffffffffffffffffffffffffffffffffffff
  + 0x0000000000000000000000000000000000000000000000000000000000000004
tests/semantic/test_semantics.py:173 in test_semantics() -> check.equal(final_res, expected_result, cairo_file_path)
FAILURE: /home/greg/dev/nethermind/warp/tests/semantic/solidity/test/libsolidity/semanticTests/operators/shifts/bitwise_shifting_constantinople_combined.cairo.temp
assert '0x0000000000...00000000000d0' == '0x0000000000...0000000000000'
  - 0x0000000000000000000000000000000000000000000000000000000000000000
  ?                                                                  -
  + 0x00000000000000000000000000000000000000000000000000000000000000d0
  ?                                                                 +
tests/semantic/test_semantics.py:173 in test_semantics() -> check.equal(final_res, expected_result, cairo_file_path)
FAILURE: /home/greg/dev/nethermind/warp/tests/semantic/solidity/test/libsolidity/semanticTests/operators/shifts/bitwise_shifting_constantinople_combined.cairo.temp
assert '0x0000000000...00000000000d0' == '0xffffffffff...fffffffffffff'
  - 0xffffffffffffffffffffffffffffffffffffffffffffffffffffffffffffffff
  + 0x00000000000000000000000000000000000000000000000000000000000000d0
tests/semantic/test_semantics.py:173 in test_semantics() -> check.equal(final_res, expected_result, cairo_file_path)
------------------------------------------------------------
Failed Checks: 7
------------------------------------------------------------------------------------------------------------------ Captured stderr setup -------------------------------------------------------------------------------------------------------------------
Warning: SPDX license identifier not provided in source file. Before publishing, consider adding a comment containing "SPDX-License-Identifier: <SPDX-License>" to each source file. Use "SPDX-License-Identifier: UNLICENSED" for non-open-source code. Please see https://spdx.org for more information.
--> tests/semantic/solidity/test/libsolidity/semanticTests/operators/shifts/shift_right_uint8_marked.sol

Warning: Function state mutability can be restricted to pure
 --> tests/semantic/solidity/test/libsolidity/semanticTests/operators/shifts/shift_right_uint8_marked.sol:3:5:
  |
3 |     function f(uint8 a, uint8 b) public returns (uint256) {
  |     ^ (Relevant source part starts here and spans across multiple lines).

------------------------------------------------------------------------------------------------------------------- Captured stdout call -------------------------------------------------------------------------------------------------------------------
{'callData': '0x6ba5c84e7fffffffffffffffffffffffffffffffffffffffffffffffffffffffffffffff', 'expectations': '0x0000000000000000000000000000000000000000000000000000000000000000', 'failure': False, 'signature': 'sar_combined_large(uint256)'}
{'callData': '0x6ba5c84effffffffffffffffffffffffffffffffffffffffffffffffffffffffffffffff', 'expectations': '0xffffffffffffffffffffffffffffffffffffffffffffffffffffffffffffffff', 'failure': False, 'signature': 'sar_combined_large(uint256)'}
{'callData': '0xf0c515f1000000000000000000000000000000000000000000000000000000000000ff990000000000000000000000000000000000000000000000000000000000000000', 'expectations': '0x', 'failure': True, 'signature': 'f(int16,uint16)'}
------------------------------------------------------------------------------------------------------------------- Captured stderr call -------------------------------------------------------------------------------------------------------------------
Warning: SPDX license identifier not provided in source file. Before publishing, consider adding a comment containing "SPDX-License-Identifier: <SPDX-License>" to each source file. Use "SPDX-License-Identifier: UNLICENSED" for non-open-source code. Please see https://spdx.org for more information.
--> tests/semantic/solidity/test/libsolidity/semanticTests/operators/shifts/shift_right_negative_lvalue_int8_marked.sol

Warning: Function state mutability can be restricted to pure
 --> tests/semantic/solidity/test/libsolidity/semanticTests/operators/shifts/shift_right_negative_lvalue_int8_marked.sol:3:5:
  |
3 |     function f(int8 a, uint8 b) public returns (int256) {
  |     ^ (Relevant source part starts here and spans across multiple lines).

__________________________________________________________ test_semantics[/home/greg/dev/nethermind/warp/tests/semantic/solidity/test/libsolidity/semanticTests/exponentiation/literal_base.sol] ___________________________________________________________
../../../warp_dev/lib/python3.7/site-packages/cairo_lang-0.6.2-py3.7.egg/starkware/cairo/lang/compiler/preprocessor/identifier_collector.py:241: in visit_CodeElementImport
    self.identifiers.get_scope(alias_dst)
../../../warp_dev/lib/python3.7/site-packages/cairo_lang-0.6.2-py3.7.egg/starkware/cairo/lang/compiler/identifier_manager.py:170: in get_scope
    return self.root.get_scope(current_identifier)
../../../warp_dev/lib/python3.7/site-packages/cairo_lang-0.6.2-py3.7.egg/starkware/cairo/lang/compiler/identifier_manager.py:334: in get_scope
    return scope.get_scope(non_parsed)
../../../warp_dev/lib/python3.7/site-packages/cairo_lang-0.6.2-py3.7.egg/starkware/cairo/lang/compiler/identifier_manager.py:334: in get_scope
    return scope.get_scope(non_parsed)
../../../warp_dev/lib/python3.7/site-packages/cairo_lang-0.6.2-py3.7.egg/starkware/cairo/lang/compiler/identifier_manager.py:334: in get_scope
    return scope.get_scope(non_parsed)
../../../warp_dev/lib/python3.7/site-packages/cairo_lang-0.6.2-py3.7.egg/starkware/cairo/lang/compiler/identifier_manager.py:334: in get_scope
    return scope.get_scope(non_parsed)
../../../warp_dev/lib/python3.7/site-packages/cairo_lang-0.6.2-py3.7.egg/starkware/cairo/lang/compiler/identifier_manager.py:339: in get_scope
    raise MissingIdentifierError(fullname=fullname)
E   starkware.cairo.lang.compiler.identifier_manager.MissingIdentifierError: Unknown identifier 'starkware.cairo.common.uint256.uint256_exp'.

During handling of the above exception, another exception occurred:
tests/semantic/test_semantics.py:135: in test_semantics
    contract_definition = await starknet_compile(cairo_file_path)
tests/semantic/test_semantics.py:71: in starknet_compile
    [contract_file], debug_info=True, cairo_path=[cairo_path]
../../../warp_dev/lib/python3.7/site-packages/cairo_lang-0.6.2-py3.7.egg/starkware/starknet/compiler/compile.py:107: in compile_starknet_files
    cairo_path=cairo_path,
../../../warp_dev/lib/python3.7/site-packages/cairo_lang-0.6.2-py3.7.egg/starkware/starknet/compiler/compile.py:128: in compile_starknet_codes
    code=codes, debug_info=debug_info, pass_manager=pass_manager
../../../warp_dev/lib/python3.7/site-packages/cairo_lang-0.6.2-py3.7.egg/starkware/cairo/lang/compiler/cairo_compile.py:230: in compile_cairo_ex
    codes=codes_with_filenames, pass_manager=pass_manager, main_scope=main_scope
../../../warp_dev/lib/python3.7/site-packages/cairo_lang-0.6.2-py3.7.egg/starkware/cairo/lang/compiler/preprocessor/preprocess_codes.py:24: in preprocess_codes
    pass_manager.run(context)
../../../warp_dev/lib/python3.7/site-packages/cairo_lang-0.6.2-py3.7.egg/starkware/cairo/lang/compiler/preprocessor/pass_manager.py:53: in run
    stage.run(context)
../../../warp_dev/lib/python3.7/site-packages/cairo_lang-0.6.2-py3.7.egg/starkware/cairo/lang/compiler/preprocessor/pass_manager.py:104: in run
    modified_modules.append(visitor.visit(module))
../../../warp_dev/lib/python3.7/site-packages/cairo_lang-0.6.2-py3.7.egg/starkware/cairo/lang/compiler/preprocessor/identifier_collector.py:117: in visit
    return super().visit(obj)
../../../warp_dev/lib/python3.7/site-packages/cairo_lang-0.6.2-py3.7.egg/starkware/cairo/lang/compiler/ast/visitor.py:40: in visit
    return getattr(self, f"visit_{type(obj).__name__}", self._visit_default)(obj)
../../../warp_dev/lib/python3.7/site-packages/cairo_lang-0.6.2-py3.7.egg/starkware/cairo/lang/compiler/ast/visitor.py:63: in visit_CairoModule
    cairo_file=CairoFile(code_block=self.visit(module.cairo_file.code_block)),
../../../warp_dev/lib/python3.7/site-packages/cairo_lang-0.6.2-py3.7.egg/starkware/cairo/lang/compiler/preprocessor/identifier_collector.py:117: in visit
    return super().visit(obj)
../../../warp_dev/lib/python3.7/site-packages/cairo_lang-0.6.2-py3.7.egg/starkware/cairo/lang/compiler/ast/visitor.py:40: in visit
    return getattr(self, f"visit_{type(obj).__name__}", self._visit_default)(obj)
../../../warp_dev/lib/python3.7/site-packages/cairo_lang-0.6.2-py3.7.egg/starkware/cairo/lang/compiler/preprocessor/identifier_collector.py:231: in visit_CodeBlock
    self.visit(elm.code_elm)
../../../warp_dev/lib/python3.7/site-packages/cairo_lang-0.6.2-py3.7.egg/starkware/cairo/lang/compiler/preprocessor/identifier_collector.py:117: in visit
    return super().visit(obj)
../../../warp_dev/lib/python3.7/site-packages/cairo_lang-0.6.2-py3.7.egg/starkware/cairo/lang/compiler/ast/visitor.py:40: in visit
    return getattr(self, f"visit_{type(obj).__name__}", self._visit_default)(obj)
../../../warp_dev/lib/python3.7/site-packages/cairo_lang-0.6.2-py3.7.egg/starkware/cairo/lang/compiler/preprocessor/identifier_collector.py:246: in visit_CodeElementImport
    location=import_item.orig_identifier.location,
E   starkware.cairo.lang.compiler.preprocessor.preprocessor_error.PreprocessorError: /home/greg/dev/nethermind/warp/tests/semantic/solidity/test/libsolidity/semanticTests/exponentiation/literal_base.cairo.temp:14:53: Cannot import 'uint256_exp' from 'starkware.cairo.common.uint256'.
E   from starkware.cairo.common.uint256 import Uint256, uint256_exp
E                                                       ^*********^
------------------------------------------------------------------------------------------------------------------- Captured stderr call -------------------------------------------------------------------------------------------------------------------
Warning: SPDX license identifier not provided in source file. Before publishing, consider adding a comment containing "SPDX-License-Identifier: <SPDX-License>" to each source file. Use "SPDX-License-Identifier: UNLICENSED" for non-open-source code. Please see https://spdx.org for more information.
--> tests/semantic/solidity/test/libsolidity/semanticTests/exponentiation/small_exp_marked.sol

________________________________________________ test_semantics[/home/greg/dev/nethermind/warp/tests/semantic/solidity/test/libsolidity/semanticTests/operators/shifts/bitwise_shifting_constantinople.sol] ________________________________________________
FAILURE: /home/greg/dev/nethermind/warp/tests/semantic/solidity/test/libsolidity/semanticTests/operators/shifts/bitwise_shifting_constantinople.cairo.temp
assert '0x0000000000...0000000000000' == '0x0000000000...0000000000001'
  - 0x0000000000000000000000000000000000000000000000000000000000000001
  ?                                                                  ^
  + 0x0000000000000000000000000000000000000000000000000000000000000000
  ?                                                                  ^
tests/semantic/test_semantics.py:173 in test_semantics() -> check.equal(final_res, expected_result, cairo_file_path)
FAILURE: /home/greg/dev/nethermind/warp/tests/semantic/solidity/test/libsolidity/semanticTests/operators/shifts/bitwise_shifting_constantinople.cairo.temp
assert '0x0000000000...0000000000000' == '0xffffffffff...fffffffffffff'
  - 0xffffffffffffffffffffffffffffffffffffffffffffffffffffffffffffffff
  + 0x0000000000000000000000000000000000000000000000000000000000000000
tests/semantic/test_semantics.py:173 in test_semantics() -> check.equal(final_res, expected_result, cairo_file_path)
FAILURE: /home/greg/dev/nethermind/warp/tests/semantic/solidity/test/libsolidity/semanticTests/operators/shifts/bitwise_shifting_constantinople.cairo.temp
assert '0x0000000000...0000000000000' == '0xffffffffff...fffffffffffff'
  - 0xffffffffffffffffffffffffffffffffffffffffffffffffffffffffffffffff
  + 0x0000000000000000000000000000000000000000000000000000000000000000
tests/semantic/test_semantics.py:173 in test_semantics() -> check.equal(final_res, expected_result, cairo_file_path)
FAILURE: /home/greg/dev/nethermind/warp/tests/semantic/solidity/test/libsolidity/semanticTests/operators/shifts/bitwise_shifting_constantinople.cairo.temp
assert '0x0000000000...0000000000000' == '0xffffffffff...fffffffffffff'
  - 0xffffffffffffffffffffffffffffffffffffffffffffffffffffffffffffffff
  + 0x0000000000000000000000000000000000000000000000000000000000000000
tests/semantic/test_semantics.py:173 in test_semantics() -> check.equal(final_res, expected_result, cairo_file_path)
------------------------------------------------------------
Failed Checks: 4
------------------------------------------------------------------------------------------------------------------- Captured stdout call -------------------------------------------------------------------------------------------------------------------
{'callData': '0x9da760efffffffffffffffffffffffffffffffffffffffffffffffffffffffffffffffff0000000000000000000000000000000000000000000000000000000000000100', 'expectations': '0x0000000000000000000000000000000000000000000000000000000000000000', 'failure': False, 'signature': 'shl(uint256,uint256)'}
{'callData': '0x75f4479a00000000000000000000000000000000000000000000000000000000000000030000000000000000000000000000000000000000000000000000000000000001', 'expectations': '0x0000000000000000000000000000000000000000000000000000000000000001', 'failure': False, 'signature': 'shr(uint256,uint256)'}
{'callData': '0x75f4479affffffffffffffffffffffffffffffffffffffffffffffffffffffffffffffff0000000000000000000000000000000000000000000000000000000000000001', 'expectations': '0x7fffffffffffffffffffffffffffffffffffffffffffffffffffffffffffffff', 'failure': False, 'signature': 'shr(uint256,uint256)'}
{'callData': '0x75f4479affffffffffffffffffffffffffffffffffffffffffffffffffffffffffffffff00000000000000000000000000000000000000000000000000000000000000ff', 'expectations': '0x0000000000000000000000000000000000000000000000000000000000000001', 'failure': False, 'signature': 'shr(uint256,uint256)'}
{'callData': '0x75f4479affffffffffffffffffffffffffffffffffffffffffffffffffffffffffffffff0000000000000000000000000000000000000000000000000000000000000100', 'expectations': '0x0000000000000000000000000000000000000000000000000000000000000000', 'failure': False, 'signature': 'shr(uint256,uint256)'}
{'callData': '0xbd884ce800000000000000000000000000000000000000000000000000000000000000030000000000000000000000000000000000000000000000000000000000000001', 'expectations': '0x0000000000000000000000000000000000000000000000000000000000000001', 'failure': False, 'signature': 'sar(uint256,uint256)'}
{'callData': '0xbd884ce8ffffffffffffffffffffffffffffffffffffffffffffffffffffffffffffffff0000000000000000000000000000000000000000000000000000000000000001', 'expectations': '0xffffffffffffffffffffffffffffffffffffffffffffffffffffffffffffffff', 'failure': False, 'signature': 'sar(uint256,uint256)'}
{'callData': '0x491daff100000000000000000000000000000000000000000000000000000000000042660000000000000000000000000000000000000000000000000000000000000000', 'expectations': '0x0000000000000000000000000000000000000000000000000000000000004266', 'failure': False, 'signature': 'f(uint32,uint32)'}
{'callData': '0x491daff100000000000000000000000000000000000000000000000000000000000042660000000000000000000000000000000000000000000000000000000000000008', 'expectations': '0x0000000000000000000000000000000000000000000000000000000000426600', 'failure': False, 'signature': 'f(uint32,uint32)'}
{'callData': '0xbd884ce8ffffffffffffffffffffffffffffffffffffffffffffffffffffffffffffffff00000000000000000000000000000000000000000000000000000000000000ff', 'expectations': '0xffffffffffffffffffffffffffffffffffffffffffffffffffffffffffffffff', 'failure': False, 'signature': 'sar(uint256,uint256)'}
{'callData': '0x55549ed200000000000000000000000000000000000000000000000000000000000000000000000000000000000000000000000000000000000000000000000000000003', 'expectations': '0xfffffffffffffffffffffffffffffffffffffffffffffffffffffffffffffffe', 'failure': False, 'signature': 'f(int8,uint8)'}
{'callData': '0xbd884ce8ffffffffffffffffffffffffffffffffffffffffffffffffffffffffffffffff0000000000000000000000000000000000000000000000000000000000000100', 'expectations': '0xffffffffffffffffffffffffffffffffffffffffffffffffffffffffffffffff', 'failure': False, 'signature': 'sar(uint256,uint256)'}
{'callData': '0x491daff100000000000000000000000000000000000000000000000000000000000042660000000000000000000000000000000000000000000000000000000000000010', 'expectations': '0x0000000000000000000000000000000000000000000000000000000042660000', 'failure': False, 'signature': 'f(uint32,uint32)'}
{'callData': '0x55549ed200000000000000000000000000000000000000000000000000000000000000000000000000000000000000000000000000000000000000000000000000000004', 'expectations': '0xffffffffffffffffffffffffffffffffffffffffffffffffffffffffffffffff', 'failure': False, 'signature': 'f(int8,uint8)'}
_________________________________________________ test_semantics[/home/greg/dev/nethermind/warp/tests/semantic/solidity/test/libsolidity/semanticTests/operators/shifts/shift_right_garbled_signed_v2.sol] _________________________________________________
FAILURE: /home/greg/dev/nethermind/warp/tests/semantic/solidity/test/libsolidity/semanticTests/operators/shifts/shift_right_garbled_signed_v2.cairo.temp
assert '0x0000000000...0000000000000' == '0xffffffffff...ffffffffffffe'
  - 0xfffffffffffffffffffffffffffffffffffffffffffffffffffffffffffffffe
  + 0x0000000000000000000000000000000000000000000000000000000000000000
tests/semantic/test_semantics.py:173 in test_semantics() -> check.equal(final_res, expected_result, cairo_file_path)
FAILURE: /home/greg/dev/nethermind/warp/tests/semantic/solidity/test/libsolidity/semanticTests/operators/shifts/shift_right_garbled_signed_v2.cairo.temp
assert '0x0000000000...0000000000000' == '0xffffffffff...fffffffffffff'
  - 0xffffffffffffffffffffffffffffffffffffffffffffffffffffffffffffffff
  + 0x0000000000000000000000000000000000000000000000000000000000000000
tests/semantic/test_semantics.py:173 in test_semantics() -> check.equal(final_res, expected_result, cairo_file_path)
FAILURE: /home/greg/dev/nethermind/warp/tests/semantic/solidity/test/libsolidity/semanticTests/operators/shifts/shift_right_garbled_signed_v2.cairo.temp
assert '0x0000000000...0000000000000' == '0xffffffffff...fffffffffffff'
  - 0xffffffffffffffffffffffffffffffffffffffffffffffffffffffffffffffff
  + 0x0000000000000000000000000000000000000000000000000000000000000000
tests/semantic/test_semantics.py:173 in test_semantics() -> check.equal(final_res, expected_result, cairo_file_path)
FAILURE: /home/greg/dev/nethermind/warp/tests/semantic/solidity/test/libsolidity/semanticTests/operators/shifts/shift_right_garbled_signed_v2.cairo.temp
assert '0x0000000000...0000000000000' == '0xffffffffff...ffffffffffffe'
  - 0xfffffffffffffffffffffffffffffffffffffffffffffffffffffffffffffffe
  + 0x0000000000000000000000000000000000000000000000000000000000000000
tests/semantic/test_semantics.py:173 in test_semantics() -> check.equal(final_res, expected_result, cairo_file_path)
FAILURE: /home/greg/dev/nethermind/warp/tests/semantic/solidity/test/libsolidity/semanticTests/operators/shifts/shift_right_garbled_signed_v2.cairo.temp
assert '0x0000000000...0000000000000' == '0xffffffffff...fffffffffffff'
  - 0xffffffffffffffffffffffffffffffffffffffffffffffffffffffffffffffff
  + 0x0000000000000000000000000000000000000000000000000000000000000000
tests/semantic/test_semantics.py:173 in test_semantics() -> check.equal(final_res, expected_result, cairo_file_path)
FAILURE: /home/greg/dev/nethermind/warp/tests/semantic/solidity/test/libsolidity/semanticTests/operators/shifts/shift_right_garbled_signed_v2.cairo.temp
assert '0x0000000000...0000000000000' == '0xffffffffff...fffffffffffff'
  - 0xffffffffffffffffffffffffffffffffffffffffffffffffffffffffffffffff
  + 0x0000000000000000000000000000000000000000000000000000000000000000
tests/semantic/test_semantics.py:173 in test_semantics() -> check.equal(final_res, expected_result, cairo_file_path)
------------------------------------------------------------
Failed Checks: 6
------------------------------------------------------------------------------------------------------------------- Captured stdout call -------------------------------------------------------------------------------------------------------------------
{'callData': '0x13d1aa2e000000000000000000000000000000000000000000000000000000000000426600000000000000000000000000000000000000000000000000000000000000f0', 'expectations': '0x4266000000000000000000000000000000000000000000000000000000000000', 'failure': False, 'signature': 'f(uint256,uint256)'}
{'callData': '0x8079642a00000000000000000000000000000000000000000000000000000000000000000000000000000000000000000000000000000000000000000000000000001004', 'expectations': '0x', 'failure': True, 'signature': 'g(int8,uint8)'}
{'callData': '0x13d1aa2e00000000000000000000000000000000000000000000000000000000000042660000000000000000000000000000000000000000000000000000000000000100', 'expectations': '0x0000000000000000000000000000000000000000000000000000000000000000', 'failure': False, 'signature': 'f(uint256,uint256)'}
_______________________________________________ test_semantics[/home/greg/dev/nethermind/warp/tests/semantic/solidity/test/libsolidity/semanticTests/operators/shifts/shift_right_negative_lvalue_int16.sol] _______________________________________________
../../../warp_dev/lib/python3.7/site-packages/cairo_lang-0.6.2-py3.7.egg/starkware/starknet/business_logic/internal_transaction.py:539: in _run
    verify_secure=True,
../../../warp_dev/lib/python3.7/site-packages/cairo_lang-0.6.2-py3.7.egg/starkware/cairo/common/cairo_function_runner.py:199: in run_from_entrypoint
    self.run_until_pc(addr=end, run_resources=run_resources)
../../../warp_dev/lib/python3.7/site-packages/cairo_lang-0.6.2-py3.7.egg/starkware/cairo/lang/vm/cairo_runner.py:284: in run_until_pc
    self.vm_step()
../../../warp_dev/lib/python3.7/site-packages/cairo_lang-0.6.2-py3.7.egg/starkware/cairo/lang/vm/cairo_runner.py:298: in vm_step
    self.vm.step()
../../../warp_dev/lib/python3.7/site-packages/cairo_lang-0.6.2-py3.7.egg/starkware/cairo/lang/vm/virtual_machine_base.py:255: in step
    self.run_instruction(instruction)
../../../warp_dev/lib/python3.7/site-packages/cairo_lang-0.6.2-py3.7.egg/starkware/cairo/lang/vm/vm_core.py:422: in run_instruction
    raise self.as_vm_exception(exc) from None
E   starkware.cairo.lang.vm.vm_exceptions.VmException: /home/greg/dev/nethermind/warp/tests/semantic/solidity/test/libsolidity/semanticTests/operators/shifts/shift_right_negative_lvalue_int16.cairo.temp:109:9: Error at pc=0:2196:
E   An ASSERT_EQ instruction failed: 1 != 0.
E           assert 0 = 1
E           ^**********^
E   Cairo traceback (most recent call last):
E   /home/greg/dev/nethermind/warp/tests/semantic/solidity/test/libsolidity/semanticTests/operators/shifts/shift_right_negative_lvalue_int16.cairo.temp:36:6: (pc=0:2006)
E   func __main{bitwise_ptr : BitwiseBuiltin*, range_check_ptr}(
E        ^****^
E   /home/greg/dev/nethermind/warp/tests/semantic/solidity/test/libsolidity/semanticTests/operators/shifts/shift_right_negative_lvalue_int16.cairo.temp:49:9: (pc=0:1951)
E           __main_meat()
E           ^***********^
E   /home/greg/dev/nethermind/warp/tests/semantic/solidity/test/libsolidity/semanticTests/operators/shifts/shift_right_negative_lvalue_int16.cairo.temp:173:5: (pc=0:2413)
E       __warp_if_0(__warp_subexpr_0)
E       ^***************************^
E   /home/greg/dev/nethermind/warp/tests/semantic/solidity/test/libsolidity/semanticTests/operators/shifts/shift_right_negative_lvalue_int16.cairo.temp:158:9: (pc=0:2369)
E           __warp_block_0()
E           ^**************^
E   /home/greg/dev/nethermind/warp/tests/semantic/solidity/test/libsolidity/semanticTests/operators/shifts/shift_right_negative_lvalue_int16.cairo.temp:149:5: (pc=0:2348)
E       __warp_if_1(__warp_subexpr_0)
E       ^***************************^
E   /home/greg/dev/nethermind/warp/tests/semantic/solidity/test/libsolidity/semanticTests/operators/shifts/shift_right_negative_lvalue_int16.cairo.temp:135:9: (pc=0:2305)
E           __warp_block_1()
E           ^**************^

During handling of the above exception, another exception occurred:
tests/semantic/test_semantics.py:161: in test_semantics
    res = await invoke_method_evm_calldata(starknet, contract_address, argument)
../../../warp_dev/lib/python3.7/site-packages/sol_warp-0.2.12-py3.7.egg/yul/starknet_utils.py:30: in invoke_method_evm_calldata
    caller_address=0,
../../../warp_dev/lib/python3.7/site-packages/cairo_lang-0.6.2-py3.7.egg/starkware/starknet/testing/state.py:153: in invoke_raw
    state=state_copy, general_config=self.general_config
../../../warp_dev/lib/python3.7/site-packages/cairo_lang-0.6.2-py3.7.egg/starkware/starknet/business_logic/internal_transaction_interface.py:213: in apply_state_updates
    state=state_to_update, general_config=general_config
../../../warp_dev/lib/python3.7/site-packages/cairo_lang-0.6.2-py3.7.egg/starkware/starknet/business_logic/internal_transaction.py:405: in _apply_specific_state_updates
    func=_synchronous_apply_specific_state_updates,
/usr/lib/python3.7/concurrent/futures/thread.py:57: in run
    result = self.fn(*self.args, **self.kwargs)
../../../warp_dev/lib/python3.7/site-packages/cairo_lang-0.6.2-py3.7.egg/starkware/starknet/business_logic/internal_transaction.py:433: in _synchronous_apply_specific_state_updates
    run_resources=run_resources,
../../../warp_dev/lib/python3.7/site-packages/cairo_lang-0.6.2-py3.7.egg/starkware/starknet/business_logic/internal_transaction.py:559: in _run
    raise StarkException(code=code, message=str(exception))
E   starkware.starkware_utils.error_handling.StarkException: (500, {'code': <StarknetErrorCode.TRANSACTION_FAILED: 28>, 'message': '/home/greg/dev/nethermind/warp/tests/semantic/solidity/test/libsolidity/semanticTests/operators/shifts/shift_right_negative_lvalue_int16.cairo.temp:109:9: Error at pc=0:2196:\nAn ASSERT_EQ instruction failed: 1 != 0.\n        assert 0 = 1\n        ^**********^\nCairo traceback (most recent call last):\n/home/greg/dev/nethermind/warp/tests/semantic/solidity/test/libsolidity/semanticTests/operators/shifts/shift_right_negative_lvalue_int16.cairo.temp:36:6: (pc=0:2006)\nfunc __main{bitwise_ptr : BitwiseBuiltin*, range_check_ptr}(\n     ^****^\n/home/greg/dev/nethermind/warp/tests/semantic/solidity/test/libsolidity/semanticTests/operators/shifts/shift_right_negative_lvalue_int16.cairo.temp:49:9: (pc=0:1951)\n        __main_meat()\n        ^***********^\n/home/greg/dev/nethermind/warp/tests/semantic/solidity/test/libsolidity/semanticTests/operators/shifts/shift_right_negative_lvalue_int16.cairo.temp:173:5: (pc=0:2413)\n    __warp_if_0(__warp_subexpr_0)\n    ^***************************^\n/home/greg/dev/nethermind/warp/tests/semantic/solidity/test/libsolidity/semanticTests/operators/shifts/shift_right_negative_lvalue_int16.cairo.temp:158:9: (pc=0:2369)\n        __warp_block_0()\n        ^**************^\n/home/greg/dev/nethermind/warp/tests/semantic/solidity/test/libsolidity/semanticTests/operators/shifts/shift_right_negative_lvalue_int16.cairo.temp:149:5: (pc=0:2348)\n    __warp_if_1(__warp_subexpr_0)\n    ^***************************^\n/home/greg/dev/nethermind/warp/tests/semantic/solidity/test/libsolidity/semanticTests/operators/shifts/shift_right_negative_lvalue_int16.cairo.temp:135:9: (pc=0:2305)\n        __warp_block_1()\n        ^**************^'})
------------------------------------------------------------------------------------------------------------------- Captured stdout call -------------------------------------------------------------------------------------------------------------------
{'callData': '0xf0c515f1ffffffffffffffffffffffffffffffffffffffffffffffffffffffffffffef560000000000000000000000000000000000000000000000000000000000000000', 'expectations': '0xffffffffffffffffffffffffffffffffffffffffffffffffffffffffffffef56', 'failure': False, 'signature': 'f(int16,uint16)'}
__________________________________________________ test_semantics[/home/greg/dev/nethermind/warp/tests/semantic/solidity/test/libsolidity/semanticTests/operators/shifts/shift_right_negative_lvalue.sol] __________________________________________________
FAILURE: /home/greg/dev/nethermind/warp/tests/semantic/solidity/test/libsolidity/semanticTests/operators/shifts/shift_right_negative_lvalue.cairo.temp
assert '0x0000000000...0000000000000' == '0xffffffffff...fffffffffef56'
  - 0xffffffffffffffffffffffffffffffffffffffffffffffffffffffffffffef56
  + 0x0000000000000000000000000000000000000000000000000000000000000000
tests/semantic/test_semantics.py:173 in test_semantics() -> check.equal(final_res, expected_result, cairo_file_path)
FAILURE: /home/greg/dev/nethermind/warp/tests/semantic/solidity/test/libsolidity/semanticTests/operators/shifts/shift_right_negative_lvalue.cairo.temp
assert '0x0000000000...0000000000000' == '0xffffffffff...ffffffffff7ab'
  - 0xfffffffffffffffffffffffffffffffffffffffffffffffffffffffffffff7ab
  + 0x0000000000000000000000000000000000000000000000000000000000000000
tests/semantic/test_semantics.py:173 in test_semantics() -> check.equal(final_res, expected_result, cairo_file_path)
FAILURE: /home/greg/dev/nethermind/warp/tests/semantic/solidity/test/libsolidity/semanticTests/operators/shifts/shift_right_negative_lvalue.cairo.temp
assert '0x0000000000...0000000000000' == '0xffffffffff...ffffffffffef5'
  - 0xfffffffffffffffffffffffffffffffffffffffffffffffffffffffffffffef5
  + 0x0000000000000000000000000000000000000000000000000000000000000000
tests/semantic/test_semantics.py:173 in test_semantics() -> check.equal(final_res, expected_result, cairo_file_path)
FAILURE: /home/greg/dev/nethermind/warp/tests/semantic/solidity/test/libsolidity/semanticTests/operators/shifts/shift_right_negative_lvalue.cairo.temp
assert '0x0000000000...0000000000000' == '0xffffffffff...fffffffffffef'
  - 0xffffffffffffffffffffffffffffffffffffffffffffffffffffffffffffffef
  + 0x0000000000000000000000000000000000000000000000000000000000000000
tests/semantic/test_semantics.py:173 in test_semantics() -> check.equal(final_res, expected_result, cairo_file_path)
FAILURE: /home/greg/dev/nethermind/warp/tests/semantic/solidity/test/libsolidity/semanticTests/operators/shifts/shift_right_negative_lvalue.cairo.temp
assert '0x0000000000...0000000000000' == '0xffffffffff...fffffffffffff'
  - 0xffffffffffffffffffffffffffffffffffffffffffffffffffffffffffffffff
  + 0x0000000000000000000000000000000000000000000000000000000000000000
tests/semantic/test_semantics.py:173 in test_semantics() -> check.equal(final_res, expected_result, cairo_file_path)
FAILURE: /home/greg/dev/nethermind/warp/tests/semantic/solidity/test/libsolidity/semanticTests/operators/shifts/shift_right_negative_lvalue.cairo.temp
assert '0x0000000000...0000000000000' == '0xffffffffff...fffffffffffff'
  - 0xffffffffffffffffffffffffffffffffffffffffffffffffffffffffffffffff
  + 0x0000000000000000000000000000000000000000000000000000000000000000
tests/semantic/test_semantics.py:173 in test_semantics() -> check.equal(final_res, expected_result, cairo_file_path)
FAILURE: /home/greg/dev/nethermind/warp/tests/semantic/solidity/test/libsolidity/semanticTests/operators/shifts/shift_right_negative_lvalue.cairo.temp
assert '0x0000000000...0000000000000' == '0xffffffffff...fffffffffef55'
  - 0xffffffffffffffffffffffffffffffffffffffffffffffffffffffffffffef55
  + 0x0000000000000000000000000000000000000000000000000000000000000000
tests/semantic/test_semantics.py:173 in test_semantics() -> check.equal(final_res, expected_result, cairo_file_path)
FAILURE: /home/greg/dev/nethermind/warp/tests/semantic/solidity/test/libsolidity/semanticTests/operators/shifts/shift_right_negative_lvalue.cairo.temp
assert '0x0000000000...0000000000000' == '0xffffffffff...ffffffffff7aa'
  - 0xfffffffffffffffffffffffffffffffffffffffffffffffffffffffffffff7aa
  + 0x0000000000000000000000000000000000000000000000000000000000000000
tests/semantic/test_semantics.py:173 in test_semantics() -> check.equal(final_res, expected_result, cairo_file_path)
FAILURE: /home/greg/dev/nethermind/warp/tests/semantic/solidity/test/libsolidity/semanticTests/operators/shifts/shift_right_negative_lvalue.cairo.temp
assert '0x0000000000...0000000000000' == '0xffffffffff...ffffffffffef5'
  - 0xfffffffffffffffffffffffffffffffffffffffffffffffffffffffffffffef5
  + 0x0000000000000000000000000000000000000000000000000000000000000000
tests/semantic/test_semantics.py:173 in test_semantics() -> check.equal(final_res, expected_result, cairo_file_path)
FAILURE: /home/greg/dev/nethermind/warp/tests/semantic/solidity/test/libsolidity/semanticTests/operators/shifts/shift_right_negative_lvalue.cairo.temp
assert '0x0000000000...0000000000000' == '0xffffffffff...fffffffffffef'
  - 0xffffffffffffffffffffffffffffffffffffffffffffffffffffffffffffffef
  + 0x0000000000000000000000000000000000000000000000000000000000000000
tests/semantic/test_semantics.py:173 in test_semantics() -> check.equal(final_res, expected_result, cairo_file_path)
FAILURE: /home/greg/dev/nethermind/warp/tests/semantic/solidity/test/libsolidity/semanticTests/operators/shifts/shift_right_negative_lvalue.cairo.temp
assert '0x0000000000...0000000000000' == '0xffffffffff...fffffffffffff'
  - 0xffffffffffffffffffffffffffffffffffffffffffffffffffffffffffffffff
  + 0x0000000000000000000000000000000000000000000000000000000000000000
tests/semantic/test_semantics.py:173 in test_semantics() -> check.equal(final_res, expected_result, cairo_file_path)
FAILURE: /home/greg/dev/nethermind/warp/tests/semantic/solidity/test/libsolidity/semanticTests/operators/shifts/shift_right_negative_lvalue.cairo.temp
assert '0x0000000000...0000000000000' == '0xffffffffff...fffffffffffff'
  - 0xffffffffffffffffffffffffffffffffffffffffffffffffffffffffffffffff
  + 0x0000000000000000000000000000000000000000000000000000000000000000
tests/semantic/test_semantics.py:173 in test_semantics() -> check.equal(final_res, expected_result, cairo_file_path)
------------------------------------------------------------
Failed Checks: 12
------------------------------------------------------------------------------------------------------------------- Captured stdout call -------------------------------------------------------------------------------------------------------------------
{'callData': '0xc27fc305', 'expectations': '0x0000000000000000000000000000000000000000000000000000000000000001', 'failure': False, 'signature': 'f1()'}
{'callData': '0x711a8854ffffffffffffffffffffffffffffffffffffffffffffffffffffffffffffef550000000000000000000000000000000000000000000000000000000000000008', 'expectations': '0xffffffffffffffffffffffffffffffffffffffffffffffffffffffffffffffef', 'failure': False, 'signature': 'f(int256,uint256)'}
{'callData': '0x711a8854ffffffffffffffffffffffffffffffffffffffffffffffffffffffffffffef550000000000000000000000000000000000000000000000000000000000000010', 'expectations': '0xffffffffffffffffffffffffffffffffffffffffffffffffffffffffffffffff', 'failure': False, 'signature': 'f(int256,uint256)'}
{'callData': '0x711a8854ffffffffffffffffffffffffffffffffffffffffffffffffffffffffffffef550000000000000000000000000000000000000000000000000000000000000011', 'expectations': '0xffffffffffffffffffffffffffffffffffffffffffffffffffffffffffffffff', 'failure': False, 'signature': 'f(int256,uint256)'}
{'callData': '0x9942ec6f', 'expectations': '0x0000000000000000000000000000000000000000000000000000000000000001', 'failure': False, 'signature': 'f2()'}
_______________________________________________ test_semantics[/home/greg/dev/nethermind/warp/tests/semantic/solidity/test/libsolidity/semanticTests/operators/shifts/shift_right_negative_lvalue_int8.sol] ________________________________________________
../../../warp_dev/lib/python3.7/site-packages/cairo_lang-0.6.2-py3.7.egg/starkware/starknet/business_logic/internal_transaction.py:539: in _run
    verify_secure=True,
../../../warp_dev/lib/python3.7/site-packages/cairo_lang-0.6.2-py3.7.egg/starkware/cairo/common/cairo_function_runner.py:199: in run_from_entrypoint
    self.run_until_pc(addr=end, run_resources=run_resources)
../../../warp_dev/lib/python3.7/site-packages/cairo_lang-0.6.2-py3.7.egg/starkware/cairo/lang/vm/cairo_runner.py:284: in run_until_pc
    self.vm_step()
../../../warp_dev/lib/python3.7/site-packages/cairo_lang-0.6.2-py3.7.egg/starkware/cairo/lang/vm/cairo_runner.py:298: in vm_step
    self.vm.step()
../../../warp_dev/lib/python3.7/site-packages/cairo_lang-0.6.2-py3.7.egg/starkware/cairo/lang/vm/virtual_machine_base.py:255: in step
    self.run_instruction(instruction)
../../../warp_dev/lib/python3.7/site-packages/cairo_lang-0.6.2-py3.7.egg/starkware/cairo/lang/vm/vm_core.py:422: in run_instruction
    raise self.as_vm_exception(exc) from None
E   starkware.cairo.lang.vm.vm_exceptions.VmException: /home/greg/dev/nethermind/warp/tests/semantic/solidity/test/libsolidity/semanticTests/operators/shifts/shift_right_negative_lvalue_int8.cairo.temp:85:9: Error at pc=0:2122:
E   An ASSERT_EQ instruction failed: 1 != 0.
E           assert 0 = 1
E           ^**********^
E   Cairo traceback (most recent call last):
E   /home/greg/dev/nethermind/warp/tests/semantic/solidity/test/libsolidity/semanticTests/operators/shifts/shift_right_negative_lvalue_int8.cairo.temp:36:6: (pc=0:2006)
E   func __main{bitwise_ptr : BitwiseBuiltin*, range_check_ptr}(
E        ^****^
E   /home/greg/dev/nethermind/warp/tests/semantic/solidity/test/libsolidity/semanticTests/operators/shifts/shift_right_negative_lvalue_int8.cairo.temp:49:9: (pc=0:1951)
E           __main_meat()
E           ^***********^
E   /home/greg/dev/nethermind/warp/tests/semantic/solidity/test/libsolidity/semanticTests/operators/shifts/shift_right_negative_lvalue_int8.cairo.temp:146:5: (pc=0:2344)
E       __warp_if_0(__warp_subexpr_0)
E       ^***************************^
E   /home/greg/dev/nethermind/warp/tests/semantic/solidity/test/libsolidity/semanticTests/operators/shifts/shift_right_negative_lvalue_int8.cairo.temp:131:9: (pc=0:2300)
E           __warp_block_0()
E           ^**************^
E   /home/greg/dev/nethermind/warp/tests/semantic/solidity/test/libsolidity/semanticTests/operators/shifts/shift_right_negative_lvalue_int8.cairo.temp:122:5: (pc=0:2279)
E       __warp_if_1(__warp_subexpr_0)
E       ^***************************^
E   /home/greg/dev/nethermind/warp/tests/semantic/solidity/test/libsolidity/semanticTests/operators/shifts/shift_right_negative_lvalue_int8.cairo.temp:108:9: (pc=0:2236)
E           __warp_block_1()
E           ^**************^

During handling of the above exception, another exception occurred:
tests/semantic/test_semantics.py:161: in test_semantics
    res = await invoke_method_evm_calldata(starknet, contract_address, argument)
../../../warp_dev/lib/python3.7/site-packages/sol_warp-0.2.12-py3.7.egg/yul/starknet_utils.py:30: in invoke_method_evm_calldata
    caller_address=0,
../../../warp_dev/lib/python3.7/site-packages/cairo_lang-0.6.2-py3.7.egg/starkware/starknet/testing/state.py:153: in invoke_raw
    state=state_copy, general_config=self.general_config
../../../warp_dev/lib/python3.7/site-packages/cairo_lang-0.6.2-py3.7.egg/starkware/starknet/business_logic/internal_transaction_interface.py:213: in apply_state_updates
    state=state_to_update, general_config=general_config
../../../warp_dev/lib/python3.7/site-packages/cairo_lang-0.6.2-py3.7.egg/starkware/starknet/business_logic/internal_transaction.py:405: in _apply_specific_state_updates
    func=_synchronous_apply_specific_state_updates,
/usr/lib/python3.7/concurrent/futures/thread.py:57: in run
    result = self.fn(*self.args, **self.kwargs)
../../../warp_dev/lib/python3.7/site-packages/cairo_lang-0.6.2-py3.7.egg/starkware/starknet/business_logic/internal_transaction.py:433: in _synchronous_apply_specific_state_updates
    run_resources=run_resources,
../../../warp_dev/lib/python3.7/site-packages/cairo_lang-0.6.2-py3.7.egg/starkware/starknet/business_logic/internal_transaction.py:559: in _run
    raise StarkException(code=code, message=str(exception))
E   starkware.starkware_utils.error_handling.StarkException: (500, {'code': <StarknetErrorCode.TRANSACTION_FAILED: 28>, 'message': '/home/greg/dev/nethermind/warp/tests/semantic/solidity/test/libsolidity/semanticTests/operators/shifts/shift_right_negative_lvalue_int8.cairo.temp:85:9: Error at pc=0:2122:\nAn ASSERT_EQ instruction failed: 1 != 0.\n        assert 0 = 1\n        ^**********^\nCairo traceback (most recent call last):\n/home/greg/dev/nethermind/warp/tests/semantic/solidity/test/libsolidity/semanticTests/operators/shifts/shift_right_negative_lvalue_int8.cairo.temp:36:6: (pc=0:2006)\nfunc __main{bitwise_ptr : BitwiseBuiltin*, range_check_ptr}(\n     ^****^\n/home/greg/dev/nethermind/warp/tests/semantic/solidity/test/libsolidity/semanticTests/operators/shifts/shift_right_negative_lvalue_int8.cairo.temp:49:9: (pc=0:1951)\n        __main_meat()\n        ^***********^\n/home/greg/dev/nethermind/warp/tests/semantic/solidity/test/libsolidity/semanticTests/operators/shifts/shift_right_negative_lvalue_int8.cairo.temp:146:5: (pc=0:2344)\n    __warp_if_0(__warp_subexpr_0)\n    ^***************************^\n/home/greg/dev/nethermind/warp/tests/semantic/solidity/test/libsolidity/semanticTests/operators/shifts/shift_right_negative_lvalue_int8.cairo.temp:131:9: (pc=0:2300)\n        __warp_block_0()\n        ^**************^\n/home/greg/dev/nethermind/warp/tests/semantic/solidity/test/libsolidity/semanticTests/operators/shifts/shift_right_negative_lvalue_int8.cairo.temp:122:5: (pc=0:2279)\n    __warp_if_1(__warp_subexpr_0)\n    ^***************************^\n/home/greg/dev/nethermind/warp/tests/semantic/solidity/test/libsolidity/semanticTests/operators/shifts/shift_right_negative_lvalue_int8.cairo.temp:108:9: (pc=0:2236)\n        __warp_block_1()\n        ^**************^'})
------------------------------------------------------------------------------------------------------------------- Captured stdout call -------------------------------------------------------------------------------------------------------------------
{'callData': '0x55549ed2ffffffffffffffffffffffffffffffffffffffffffffffffffffffffffffffbe0000000000000000000000000000000000000000000000000000000000000000', 'expectations': '0xffffffffffffffffffffffffffffffffffffffffffffffffffffffffffffffbe', 'failure': False, 'signature': 'f(int8,uint8)'}
________________________________________________________ test_semantics[/home/greg/dev/nethermind/warp/tests/semantic/solidity/test/libsolidity/semanticTests/operators/shifts/shift_overflow.sol] _________________________________________________________
../../../warp_dev/lib/python3.7/site-packages/cairo_lang-0.6.2-py3.7.egg/starkware/starknet/business_logic/internal_transaction.py:539: in _run
    verify_secure=True,
../../../warp_dev/lib/python3.7/site-packages/cairo_lang-0.6.2-py3.7.egg/starkware/cairo/common/cairo_function_runner.py:199: in run_from_entrypoint
    self.run_until_pc(addr=end, run_resources=run_resources)
../../../warp_dev/lib/python3.7/site-packages/cairo_lang-0.6.2-py3.7.egg/starkware/cairo/lang/vm/cairo_runner.py:284: in run_until_pc
    self.vm_step()
../../../warp_dev/lib/python3.7/site-packages/cairo_lang-0.6.2-py3.7.egg/starkware/cairo/lang/vm/cairo_runner.py:298: in vm_step
    self.vm.step()
../../../warp_dev/lib/python3.7/site-packages/cairo_lang-0.6.2-py3.7.egg/starkware/cairo/lang/vm/virtual_machine_base.py:255: in step
    self.run_instruction(instruction)
../../../warp_dev/lib/python3.7/site-packages/cairo_lang-0.6.2-py3.7.egg/starkware/cairo/lang/vm/vm_core.py:422: in run_instruction
    raise self.as_vm_exception(exc) from None
E   starkware.cairo.lang.vm.vm_exceptions.VmException: /home/greg/dev/nethermind/warp/tests/semantic/solidity/test/libsolidity/semanticTests/operators/shifts/shift_overflow.cairo.temp:156:9: Error at pc=0:2525:
E   An ASSERT_EQ instruction failed: 1 != 0.
E           assert 0 = 1
E           ^**********^
E   Cairo traceback (most recent call last):
E   /home/greg/dev/nethermind/warp/tests/semantic/solidity/test/libsolidity/semanticTests/operators/shifts/shift_overflow.cairo.temp:35:6: (pc=0:2131)
E   func __main{bitwise_ptr : BitwiseBuiltin*, range_check_ptr}(
E        ^****^
E   /home/greg/dev/nethermind/warp/tests/semantic/solidity/test/libsolidity/semanticTests/operators/shifts/shift_overflow.cairo.temp:48:9: (pc=0:2076)
E           __main_meat()
E           ^***********^
E   /home/greg/dev/nethermind/warp/tests/semantic/solidity/test/libsolidity/semanticTests/operators/shifts/shift_overflow.cairo.temp:272:5: (pc=0:2880)
E       __warp_if_0(__warp_subexpr_0)
E       ^***************************^
E   /home/greg/dev/nethermind/warp/tests/semantic/solidity/test/libsolidity/semanticTests/operators/shifts/shift_overflow.cairo.temp:257:9: (pc=0:2836)
E           __warp_block_0()
E           ^**************^
E   /home/greg/dev/nethermind/warp/tests/semantic/solidity/test/libsolidity/semanticTests/operators/shifts/shift_overflow.cairo.temp:248:5: (pc=0:2815)
E       __warp_block_1()
E       ^**************^
E   /home/greg/dev/nethermind/warp/tests/semantic/solidity/test/libsolidity/semanticTests/operators/shifts/shift_overflow.cairo.temp:240:5: (pc=0:2804)
E       __warp_block_2(match_var)
E       ^***********************^
E   /home/greg/dev/nethermind/warp/tests/semantic/solidity/test/libsolidity/semanticTests/operators/shifts/shift_overflow.cairo.temp:230:5: (pc=0:2771)
E       __warp_if_1(__warp_subexpr_0, match_var)
E       ^**************************************^
E   /home/greg/dev/nethermind/warp/tests/semantic/solidity/test/libsolidity/semanticTests/operators/shifts/shift_overflow.cairo.temp:217:9: (pc=0:2747)
E           __warp_block_3()
E           ^**************^

During handling of the above exception, another exception occurred:
tests/semantic/test_semantics.py:161: in test_semantics
    res = await invoke_method_evm_calldata(starknet, contract_address, argument)
../../../warp_dev/lib/python3.7/site-packages/sol_warp-0.2.12-py3.7.egg/yul/starknet_utils.py:30: in invoke_method_evm_calldata
    caller_address=0,
../../../warp_dev/lib/python3.7/site-packages/cairo_lang-0.6.2-py3.7.egg/starkware/starknet/testing/state.py:153: in invoke_raw
    state=state_copy, general_config=self.general_config
../../../warp_dev/lib/python3.7/site-packages/cairo_lang-0.6.2-py3.7.egg/starkware/starknet/business_logic/internal_transaction_interface.py:213: in apply_state_updates
    state=state_to_update, general_config=general_config
../../../warp_dev/lib/python3.7/site-packages/cairo_lang-0.6.2-py3.7.egg/starkware/starknet/business_logic/internal_transaction.py:405: in _apply_specific_state_updates
    func=_synchronous_apply_specific_state_updates,
/usr/lib/python3.7/concurrent/futures/thread.py:57: in run
    result = self.fn(*self.args, **self.kwargs)
../../../warp_dev/lib/python3.7/site-packages/cairo_lang-0.6.2-py3.7.egg/starkware/starknet/business_logic/internal_transaction.py:433: in _synchronous_apply_specific_state_updates
    run_resources=run_resources,
../../../warp_dev/lib/python3.7/site-packages/cairo_lang-0.6.2-py3.7.egg/starkware/starknet/business_logic/internal_transaction.py:559: in _run
    raise StarkException(code=code, message=str(exception))
E   starkware.starkware_utils.error_handling.StarkException: (500, {'code': <StarknetErrorCode.TRANSACTION_FAILED: 28>, 'message': '/home/greg/dev/nethermind/warp/tests/semantic/solidity/test/libsolidity/semanticTests/operators/shifts/shift_overflow.cairo.temp:156:9: Error at pc=0:2525:\nAn ASSERT_EQ instruction failed: 1 != 0.\n        assert 0 = 1\n        ^**********^\nCairo traceback (most recent call last):\n/home/greg/dev/nethermind/warp/tests/semantic/solidity/test/libsolidity/semanticTests/operators/shifts/shift_overflow.cairo.temp:35:6: (pc=0:2131)\nfunc __main{bitwise_ptr : BitwiseBuiltin*, range_check_ptr}(\n     ^****^\n/home/greg/dev/nethermind/warp/tests/semantic/solidity/test/libsolidity/semanticTests/operators/shifts/shift_overflow.cairo.temp:48:9: (pc=0:2076)\n        __main_meat()\n        ^***********^\n/home/greg/dev/nethermind/warp/tests/semantic/solidity/test/libsolidity/semanticTests/operators/shifts/shift_overflow.cairo.temp:272:5: (pc=0:2880)\n    __warp_if_0(__warp_subexpr_0)\n    ^***************************^\n/home/greg/dev/nethermind/warp/tests/semantic/solidity/test/libsolidity/semanticTests/operators/shifts/shift_overflow.cairo.temp:257:9: (pc=0:2836)\n        __warp_block_0()\n        ^**************^\n/home/greg/dev/nethermind/warp/tests/semantic/solidity/test/libsolidity/semanticTests/operators/shifts/shift_overflow.cairo.temp:248:5: (pc=0:2815)\n    __warp_block_1()\n    ^**************^\n/home/greg/dev/nethermind/warp/tests/semantic/solidity/test/libsolidity/semanticTests/operators/shifts/shift_overflow.cairo.temp:240:5: (pc=0:2804)\n    __warp_block_2(match_var)\n    ^***********************^\n/home/greg/dev/nethermind/warp/tests/semantic/solidity/test/libsolidity/semanticTests/operators/shifts/shift_overflow.cairo.temp:230:5: (pc=0:2771)\n    __warp_if_1(__warp_subexpr_0, match_var)\n    ^**************************************^\n/home/greg/dev/nethermind/warp/tests/semantic/solidity/test/libsolidity/semanticTests/operators/shifts/shift_overflow.cairo.temp:217:9: (pc=0:2747)\n        __warp_block_3()\n        ^**************^'})
------------------------------------------------------------------------------------------------------------------- Captured stdout call -------------------------------------------------------------------------------------------------------------------
{'callData': '0xfb678c7500000000000000000000000000000000000000000000000000000000000000ff0000000000000000000000000000000000000000000000000000000000000008', 'expectations': '0x0000000000000000000000000000000000000000000000000000000000000000', 'failure': False, 'signature': 'leftU(uint8,uint8)'}
{'callData': '0xfb678c7500000000000000000000000000000000000000000000000000000000000000ff0000000000000000000000000000000000000000000000000000000000000001', 'expectations': '0x00000000000000000000000000000000000000000000000000000000000000fe', 'failure': False, 'signature': 'leftU(uint8,uint8)'}
{'callData': '0xfb678c7500000000000000000000000000000000000000000000000000000000000000ff0000000000000000000000000000000000000000000000000000000000000000', 'expectations': '0x00000000000000000000000000000000000000000000000000000000000000ff', 'failure': False, 'signature': 'leftU(uint8,uint8)'}
{'callData': '0x7d7445ae00000000000000000000000000000000000000000000000000000000000000010000000000000000000000000000000000000000000000000000000000000007', 'expectations': '0xffffffffffffffffffffffffffffffffffffffffffffffffffffffffffffff80', 'failure': False, 'signature': 'leftS(int8,uint8)'}
___________________________________________________________ test_semantics[/home/greg/dev/nethermind/warp/tests/semantic/solidity/test/libsolidity/semanticTests/exponentiation/signed_base.sol] ___________________________________________________________
FAILURE: /home/greg/dev/nethermind/warp/tests/semantic/solidity/test/libsolidity/semanticTests/exponentiation/signed_base.cairo.temp
assert '0x0000000000...0000000000000' == '0x0000000000...fffffffffffe5'
  - 0x0000000000000000000000000000000000000000000000000000000000000009ffffffffffffffffffffffffffffffffffffffffffffffffffffffffffffffe5
  + 0x00000000000000000000000000000000000000000000000000000000000000030000000000000000000000000000000000000000000000000000000000000000
tests/semantic/test_semantics.py:173 in test_semantics() -> check.equal(final_res, expected_result, cairo_file_path)
------------------------------------------------------------
Failed Checks: 1
------------------------------------------------------------------------------------------------------------------ Captured stdout setup -------------------------------------------------------------------------------------------------------------------
{'callData': '0x31a39c460000000000000000000000000000000000000000000000000000000000000040', 'expectations': '0x3930313233343536373839300000000000000000000000000000000000000000', 'failure': False, 'signature': 'l(uint8)'}
------------------------------------------------------------------------------------------------------------------- Captured stdout call -------------------------------------------------------------------------------------------------------------------
{'callData': '0x26121ff0', 'expectations': '0x0000000000000000000000000000000000000000000000000000000000000009ffffffffffffffffffffffffffffffffffffffffffffffffffffffffffffffe5', 'failure': False, 'signature': 'f()'}
===================================================================================================================== warnings summary =====================================================================================================================
../../../warp_dev/lib/python3.7/site-packages/frozendict-1.2-py3.7.egg/frozendict/__init__.py:16
  /home/greg/warp_dev/lib/python3.7/site-packages/frozendict-1.2-py3.7.egg/frozendict/__init__.py:16: DeprecationWarning: Using or importing the ABCs from 'collections' instead of from 'collections.abc' is deprecated since Python 3.3,and in 3.9 it will stop working

../../../warp_dev/lib/python3.7/site-packages/marshmallow-3.14.1-py3.7.egg/marshmallow/fields.py:469
../../../warp_dev/lib/python3.7/site-packages/marshmallow-3.14.1-py3.7.egg/marshmallow/fields.py:469
../../../warp_dev/lib/python3.7/site-packages/marshmallow-3.14.1-py3.7.egg/marshmallow/fields.py:469
  /home/greg/warp_dev/lib/python3.7/site-packages/marshmallow-3.14.1-py3.7.egg/marshmallow/fields.py:469: RemovedInMarshmallow4Warning: The 'missing' attribute of fields is deprecated. Use 'load_default' instead.
    RemovedInMarshmallow4Warning,

../../../warp_dev/lib/python3.7/site-packages/marshmallow-3.14.1-py3.7.egg/marshmallow/fields.py:184
  /home/greg/warp_dev/lib/python3.7/site-packages/marshmallow-3.14.1-py3.7.egg/marshmallow/fields.py:184: RemovedInMarshmallow4Warning: The 'missing' argument to fields is deprecated. Use 'load_default' instead.
    RemovedInMarshmallow4Warning,

-- Docs: https://docs.pytest.org/en/stable/warnings.html
================================================================================================================= short test summary info ==================================================================================================================